COMET INFO: Experiment is live on comet.com https://www.comet.com/nicco-corto-nicco-corto/audio2pose/2188849ca066449781a0413dc74208a9


 S2P — Speech-to-Pose
   Modalità: ssh
   Device:   cuda
   Dati:     /mnt/diskone-second/DiffPoseTalk/datasets/HDTF_TFHP_Elaborated_Pose

/mnt/diskone-second/ncortini/miniconda3/envs/scantalk/lib/python3.8/site-packages/huggingface_hub/file_download.py:949: FutureWarning: `resume_download` is deprecated and will be removed in version 1.0.0. Downloads always resume when possible. If you want to force a new download, use `force_download=True`.
  warnings.warn(
Some weights of the model checkpoint at facebook/wav2vec2-base-960h were not used when initializing Wav2Vec2Model: ['lm_head.bias', 'lm_head.weight', 'wav2vec2.encoder.pos_conv_embed.conv.weight_g', 'wav2vec2.encoder.pos_conv_embed.conv.weight_v']
- This IS expected if you are initializing Wav2Vec2Model from the checkpoint of a model trained on another task or with another architecture (e.g. initializing a BertForSequenceClassification model from a BertForPreTraining model).
- This IS NOT expected if you are initializing Wav2Vec2Model from the checkpoint of a model that you expect to be exactly identical (initializing a BertForSequenceClassification model from a BertForSequenceClassification model).
Some weights of Wav2Vec2Model were not initialized from the model checkpoint at facebook/wav2vec2-base-960h and are newly initialized: ['wav2vec2.encoder.pos_conv_embed.conv.parametrizations.weight.original1', 'wav2vec2.masked_spec_embed', 'wav2vec2.encoder.pos_conv_embed.conv.parametrizations.weight.original0']
You should probably TRAIN this model on a down-stream task to be able to use it for predictions and inference.
   Parametri: 5,258,243 addestrabili / 99,629,955 totali

Caricamento dati EMOTE in corso...
  Audio: /mnt/diskone-second/DiffPoseTalk/datasets/HDTF_TFHP_Elaborated_Pose/audio
  Pose:  /mnt/diskone-second/DiffPoseTalk/datasets/HDTF_TFHP_Elaborated_Pose/pose
/mnt/diskone-second/ncortini/miniconda3/envs/scantalk/lib/python3.8/site-packages/huggingface_hub/file_download.py:949: FutureWarning: `resume_download` is deprecated and will be removed in version 1.0.0. Downloads always resume when possible. If you want to force a new download, use `force_download=True`.
  warnings.warn(
  Trovati 1113 file audio
Preprocessing audio+pose:   0%|          | 0/1113 [00:00<?, ?it/s]Preprocessing audio+pose:   0%|          | 1/1113 [00:00<18:21,  1.01it/s]Preprocessing audio+pose:   1%|          | 13/1113 [00:01<01:09, 15.84it/s]Preprocessing audio+pose:   2%|▏         | 23/1113 [00:01<00:38, 28.41it/s]Preprocessing audio+pose:   3%|▎         | 34/1113 [00:01<00:25, 42.52it/s]Preprocessing audio+pose:   4%|▍         | 45/1113 [00:01<00:19, 55.20it/s]Preprocessing audio+pose:   5%|▍         | 55/1113 [00:01<00:17, 59.11it/s]Preprocessing audio+pose:   6%|▌         | 69/1113 [00:01<00:13, 76.29it/s]Preprocessing audio+pose:   8%|▊         | 84/1113 [00:01<00:11, 92.33it/s]Preprocessing audio+pose:   9%|▊         | 97/1113 [00:01<00:10, 101.50it/s]Preprocessing audio+pose:  10%|▉         | 110/1113 [00:01<00:09, 107.99it/s]Preprocessing audio+pose:  11%|█         | 123/1113 [00:02<00:09, 107.96it/s]Preprocessing audio+pose:  12%|█▏        | 135/1113 [00:02<00:09, 105.78it/s]Preprocessing audio+pose:  13%|█▎        | 147/1113 [00:02<00:08, 107.67it/s]Preprocessing audio+pose:  14%|█▍        | 159/1113 [00:02<00:08, 107.83it/s]Preprocessing audio+pose:  15%|█▌        | 171/1113 [00:02<00:08, 107.86it/s]Preprocessing audio+pose:  16%|█▋        | 183/1113 [00:02<00:08, 108.29it/s]Preprocessing audio+pose:  18%|█▊        | 195/1113 [00:02<00:08, 108.58it/s]Preprocessing audio+pose:  19%|█▊        | 207/1113 [00:02<00:08, 109.12it/s]Preprocessing audio+pose:  20%|█▉        | 221/1113 [00:02<00:07, 114.59it/s]Preprocessing audio+pose:  21%|██        | 234/1113 [00:03<00:07, 115.11it/s]Preprocessing audio+pose:  22%|██▏       | 246/1113 [00:03<00:07, 115.79it/s]Preprocessing audio+pose:  23%|██▎       | 259/1113 [00:03<00:07, 117.41it/s]Preprocessing audio+pose:  24%|██▍       | 271/1113 [00:03<00:07, 117.71it/s]Preprocessing audio+pose:  26%|██▌       | 284/1113 [00:03<00:06, 118.94it/s]Preprocessing audio+pose:  27%|██▋       | 297/1113 [00:03<00:06, 121.96it/s]Preprocessing audio+pose:  28%|██▊       | 310/1113 [00:03<00:06, 123.27it/s]Preprocessing audio+pose:  29%|██▉       | 323/1113 [00:03<00:06, 121.73it/s]Preprocessing audio+pose:  30%|███       | 336/1113 [00:03<00:06, 121.93it/s]Preprocessing audio+pose:  32%|███▏      | 351/1113 [00:04<00:05, 128.84it/s]Preprocessing audio+pose:  33%|███▎      | 364/1113 [00:04<00:05, 125.59it/s]Preprocessing audio+pose:  34%|███▍      | 378/1113 [00:04<00:05, 129.56it/s]Preprocessing audio+pose:  35%|███▌      | 391/1113 [00:04<00:05, 126.85it/s]Preprocessing audio+pose:  36%|███▋      | 404/1113 [00:04<00:05, 124.66it/s]Preprocessing audio+pose:  37%|███▋      | 417/1113 [00:04<00:05, 126.06it/s]Preprocessing audio+pose:  39%|███▊      | 430/1113 [00:04<00:05, 122.17it/s]Preprocessing audio+pose:  40%|███▉      | 443/1113 [00:04<00:05, 118.60it/s]Preprocessing audio+pose:  41%|████      | 455/1113 [00:04<00:05, 115.71it/s]Preprocessing audio+pose:  42%|████▏     | 467/1113 [00:05<00:05, 116.22it/s]Preprocessing audio+pose:  43%|████▎     | 479/1113 [00:05<00:05, 116.84it/s]Preprocessing audio+pose:  44%|████▍     | 492/1113 [00:05<00:05, 118.19it/s]Preprocessing audio+pose:  45%|████▌     | 505/1113 [00:05<00:05, 120.92it/s]Preprocessing audio+pose:  47%|████▋     | 519/1113 [00:05<00:04, 123.82it/s]Preprocessing audio+pose:  48%|████▊     | 532/1113 [00:05<00:04, 124.35it/s]Preprocessing audio+pose:  49%|████▉     | 546/1113 [00:05<00:04, 127.82it/s]Preprocessing audio+pose:  50%|█████     | 560/1113 [00:05<00:04, 131.30it/s]Preprocessing audio+pose:  52%|█████▏    | 574/1113 [00:05<00:04, 126.07it/s]Preprocessing audio+pose:  53%|█████▎    | 587/1113 [00:05<00:04, 126.58it/s]Preprocessing audio+pose:  54%|█████▍    | 601/1113 [00:06<00:04, 127.72it/s]Preprocessing audio+pose:  55%|█████▌    | 614/1113 [00:06<00:04, 124.27it/s]Preprocessing audio+pose:  56%|█████▋    | 628/1113 [00:06<00:03, 127.32it/s]Preprocessing audio+pose:  58%|█████▊    | 641/1113 [00:06<00:03, 118.41it/s]Preprocessing audio+pose:  59%|█████▊    | 653/1113 [00:06<00:03, 117.67it/s]Preprocessing audio+pose:  60%|█████▉    | 665/1113 [00:06<00:03, 118.08it/s]Preprocessing audio+pose:  61%|██████    | 677/1113 [00:06<00:03, 110.53it/s]Preprocessing audio+pose:  62%|██████▏   | 689/1113 [00:06<00:03, 110.41it/s]Preprocessing audio+pose:  63%|██████▎   | 701/1113 [00:06<00:03, 112.20it/s]Preprocessing audio+pose:  64%|██████▍   | 713/1113 [00:07<00:03, 110.52it/s]Preprocessing audio+pose:  65%|██████▌   | 725/1113 [00:07<00:03, 111.64it/s]Preprocessing audio+pose:  66%|██████▌   | 737/1113 [00:07<00:03, 113.00it/s]Preprocessing audio+pose:  67%|██████▋   | 750/1113 [00:07<00:03, 117.63it/s]Preprocessing audio+pose:  69%|██████▊   | 763/1113 [00:07<00:02, 119.22it/s]Preprocessing audio+pose:  70%|██████▉   | 775/1113 [00:07<00:04, 79.63it/s] Preprocessing audio+pose:  71%|███████   | 785/1113 [00:08<00:06, 54.13it/s]Preprocessing audio+pose:  71%|███████   | 793/1113 [00:08<00:07, 43.91it/s]Preprocessing audio+pose:  72%|███████▏  | 800/1113 [00:08<00:06, 45.18it/s]Preprocessing audio+pose:  72%|███████▏  | 806/1113 [00:08<00:07, 40.07it/s]Preprocessing audio+pose:  73%|███████▎  | 811/1113 [00:08<00:08, 36.22it/s]Preprocessing audio+pose:  73%|███████▎  | 816/1113 [00:09<00:08, 35.78it/s]Preprocessing audio+pose:  74%|███████▎  | 820/1113 [00:09<00:08, 34.28it/s]Preprocessing audio+pose:  74%|███████▍  | 824/1113 [00:09<00:08, 33.27it/s]Preprocessing audio+pose:  74%|███████▍  | 828/1113 [00:09<00:09, 30.35it/s]Preprocessing audio+pose:  75%|███████▍  | 832/1113 [00:09<00:09, 29.69it/s]Preprocessing audio+pose:  75%|███████▌  | 836/1113 [00:09<00:09, 29.16it/s]Preprocessing audio+pose:  75%|███████▌  | 839/1113 [00:09<00:09, 29.11it/s]Preprocessing audio+pose:  76%|███████▌  | 845/1113 [00:10<00:07, 34.95it/s]Preprocessing audio+pose:  76%|███████▋  | 849/1113 [00:10<00:08, 31.49it/s]Preprocessing audio+pose:  77%|███████▋  | 853/1113 [00:10<00:08, 29.47it/s]Preprocessing audio+pose:  77%|███████▋  | 857/1113 [00:10<00:08, 28.93it/s]Preprocessing audio+pose:  78%|███████▊  | 869/1113 [00:10<00:05, 46.16it/s]Preprocessing audio+pose:  79%|███████▊  | 874/1113 [00:10<00:05, 41.75it/s]Preprocessing audio+pose:  79%|███████▉  | 879/1113 [00:10<00:05, 42.36it/s]Preprocessing audio+pose:  79%|███████▉  | 884/1113 [00:11<00:06, 34.71it/s]Preprocessing audio+pose:  80%|███████▉  | 889/1113 [00:11<00:06, 37.01it/s]Preprocessing audio+pose:  80%|████████  | 895/1113 [00:11<00:05, 41.68it/s]Preprocessing audio+pose:  81%|████████  | 900/1113 [00:11<00:04, 43.45it/s]Preprocessing audio+pose:  81%|████████▏ | 905/1113 [00:11<00:05, 39.47it/s]Preprocessing audio+pose:  82%|████████▏ | 910/1113 [00:11<00:04, 40.68it/s]Preprocessing audio+pose:  82%|████████▏ | 915/1113 [00:11<00:05, 35.34it/s]Preprocessing audio+pose:  83%|████████▎ | 919/1113 [00:12<00:05, 33.11it/s]Preprocessing audio+pose:  83%|████████▎ | 923/1113 [00:12<00:05, 31.95it/s]Preprocessing audio+pose:  83%|████████▎ | 927/1113 [00:12<00:06, 30.48it/s]Preprocessing audio+pose:  84%|████████▎ | 931/1113 [00:12<00:05, 30.50it/s]Preprocessing audio+pose:  84%|████████▍ | 935/1113 [00:12<00:05, 31.32it/s]Preprocessing audio+pose:  84%|████████▍ | 939/1113 [00:12<00:05, 29.49it/s]Preprocessing audio+pose:  85%|████████▍ | 943/1113 [00:12<00:05, 30.24it/s]Preprocessing audio+pose:  85%|████████▌ | 947/1113 [00:12<00:05, 32.46it/s]Preprocessing audio+pose:  86%|████████▌ | 957/1113 [00:13<00:03, 45.55it/s]Preprocessing audio+pose:  87%|████████▋ | 972/1113 [00:13<00:02, 70.37it/s]Preprocessing audio+pose:  88%|████████▊ | 980/1113 [00:13<00:02, 54.81it/s]Preprocessing audio+pose:  89%|████████▊ | 987/1113 [00:13<00:02, 53.38it/s]Preprocessing audio+pose:  89%|████████▉ | 993/1113 [00:13<00:02, 54.35it/s]Preprocessing audio+pose:  91%|█████████ | 1011/1113 [00:13<00:01, 83.98it/s]Preprocessing audio+pose:  92%|█████████▏| 1021/1113 [00:13<00:01, 70.89it/s]Preprocessing audio+pose:  93%|█████████▎| 1030/1113 [00:14<00:01, 68.94it/s]Preprocessing audio+pose:  93%|█████████▎| 1038/1113 [00:14<00:01, 66.42it/s]Preprocessing audio+pose:  94%|█████████▍| 1046/1113 [00:14<00:01, 65.29it/s]Preprocessing audio+pose:  95%|█████████▍| 1055/1113 [00:14<00:00, 69.06it/s]Preprocessing audio+pose:  96%|█████████▌| 1068/1113 [00:14<00:00, 76.95it/s]Preprocessing audio+pose:  97%|█████████▋| 1081/1113 [00:14<00:00, 89.76it/s]Preprocessing audio+pose:  98%|█████████▊| 1091/1113 [00:14<00:00, 80.14it/s]Preprocessing audio+pose:  99%|█████████▉| 1100/1113 [00:15<00:00, 65.35it/s]Preprocessing audio+pose: 100%|█████████▉| 1109/1113 [00:15<00:00, 69.86it/s]Preprocessing audio+pose: 100%|██████████| 1113/1113 [00:15<00:00, 72.86it/s]

  Trovata cartella splits in /mnt/diskone-second/DiffPoseTalk/datasets/HDTF_TFHP_Elaborated_Pose/splits. Lettura file txt...

Dati caricati Train: 4032, Validation: 503, Test: 614
  Esempio — Audio shape: (320000,), Pose shape: (500, 3)
Salvataggio cache in: /mnt/diskone-second/ncortini/S2P/s2p_cache.pkl

============================================================
Inizio addestramento su cuda
  Epoche max:      200
  Learning rate:   0.0001 (FISSO, no scheduler)
  Early stopping:  200 epoche senza miglioramento
  Hidden dim:      256
  LSTM layers:     3
  Dropout:         0.1
  Vel loss weight: 2.0 (normale)
  Checkpoint ogni: 20 epoche
============================================================

Epoch 1/200 [TRAIN]:   0%|          | 0/4032 [00:00<?, ?it/s]Epoch 1/200 [TRAIN]:   0%|          | 0/4032 [00:01<?, ?it/s, Loss=0.023227, Pos=0.022700, Vel=0.00026363]Epoch 1/200 [TRAIN]:   0%|          | 1/4032 [00:01<1:27:12,  1.30s/it, Loss=0.023227, Pos=0.022700, Vel=0.00026363]Epoch 1/200 [TRAIN]:   0%|          | 1/4032 [00:01<1:27:12,  1.30s/it, Loss=0.018539, Pos=0.018001, Vel=0.00026881]Epoch 1/200 [TRAIN]:   0%|          | 2/4032 [00:01<39:53,  1.68it/s, Loss=0.018539, Pos=0.018001, Vel=0.00026881]  Epoch 1/200 [TRAIN]:   0%|          | 2/4032 [00:01<39:53,  1.68it/s, Loss=0.013699, Pos=0.013151, Vel=0.00027403]Epoch 1/200 [TRAIN]:   0%|          | 2/4032 [00:01<39:53,  1.68it/s, Loss=0.014643, Pos=0.014116, Vel=0.00026328]Epoch 1/200 [TRAIN]:   0%|          | 4/4032 [00:01<18:17,  3.67it/s, Loss=0.014643, Pos=0.014116, Vel=0.00026328]Epoch 1/200 [TRAIN]:   0%|          | 4/4032 [00:01<18:17,  3.67it/s, Loss=0.014259, Pos=0.013717, Vel=0.00027103]Epoch 1/200 [TRAIN]:   0%|          | 4/4032 [00:01<18:17,  3.67it/s, Loss=0.013430, Pos=0.012892, Vel=0.00026903]Epoch 1/200 [TRAIN]:   0%|          | 6/4032 [00:01<12:31,  5.36it/s, Loss=0.013430, Pos=0.012892, Vel=0.00026903]Epoch 1/200 [TRAIN]:   0%|          | 6/4032 [00:01<12:31,  5.36it/s, Loss=0.012135, Pos=0.011607, Vel=0.00026406]Epoch 1/200 [TRAIN]:   0%|          | 6/4032 [00:01<12:31,  5.36it/s, Loss=0.012030, Pos=0.011511, Vel=0.00025947]Epoch 1/200 [TRAIN]:   0%|          | 8/4032 [00:01<09:35,  6.99it/s, Loss=0.012030, Pos=0.011511, Vel=0.00025947]Epoch 1/200 [TRAIN]:   0%|          | 8/4032 [00:01<09:35,  6.99it/s, Loss=0.011158, Pos=0.010650, Vel=0.00025392]Epoch 1/200 [TRAIN]:   0%|          | 8/4032 [00:02<09:35,  6.99it/s, Loss=0.012610, Pos=0.012099, Vel=0.00025549]Epoch 1/200 [TRAIN]:   0%|          | 10/4032 [00:02<08:29,  7.89it/s, Loss=0.012610, Pos=0.012099, Vel=0.00025549]Epoch 1/200 [TRAIN]:   0%|          | 10/4032 [00:02<08:29,  7.89it/s, Loss=0.013676, Pos=0.013174, Vel=0.00025131]Epoch 1/200 [TRAIN]:   0%|          | 10/4032 [00:02<08:29,  7.89it/s, Loss=0.014965, Pos=0.014440, Vel=0.00026213]Epoch 1/200 [TRAIN]:   0%|          | 12/4032 [00:02<08:06,  8.27it/s, Loss=0.014965, Pos=0.014440, Vel=0.00026213]Epoch 1/200 [TRAIN]:   0%|          | 12/4032 [00:02<08:06,  8.27it/s, Loss=0.015890, Pos=0.015346, Vel=0.00027219]Epoch 1/200 [TRAIN]:   0%|          | 12/4032 [00:02<08:06,  8.27it/s, Loss=0.015507, Pos=0.014973, Vel=0.00026691]Epoch 1/200 [TRAIN]:   0%|          | 14/4032 [00:02<07:22,  9.07it/s, Loss=0.015507, Pos=0.014973, Vel=0.00026691]Epoch 1/200 [TRAIN]:   0%|          | 14/4032 [00:02<07:22,  9.07it/s, Loss=0.018149, Pos=0.017626, Vel=0.00026146]Epoch 1/200 [TRAIN]:   0%|          | 14/4032 [00:02<07:22,  9.07it/s, Loss=0.018264, Pos=0.017742, Vel=0.00026129]Epoch 1/200 [TRAIN]:   0%|          | 16/4032 [00:02<07:00,  9.56it/s, Loss=0.018264, Pos=0.017742, Vel=0.00026129]Epoch 1/200 [TRAIN]:   0%|          | 16/4032 [00:02<07:00,  9.56it/s, Loss=0.018359, Pos=0.017842, Vel=0.00025866]Epoch 1/200 [TRAIN]:   0%|          | 16/4032 [00:02<07:00,  9.56it/s, Loss=0.018270, Pos=0.017751, Vel=0.00025961]Epoch 1/200 [TRAIN]:   0%|          | 18/4032 [00:02<07:04,  9.45it/s, Loss=0.018270, Pos=0.017751, Vel=0.00025961]Epoch 1/200 [TRAIN]:   0%|          | 18/4032 [00:03<07:04,  9.45it/s, Loss=0.017498, Pos=0.016987, Vel=0.00025551]Epoch 1/200 [TRAIN]:   0%|          | 18/4032 [00:03<07:04,  9.45it/s, Loss=0.017097, Pos=0.016594, Vel=0.00025143]Epoch 1/200 [TRAIN]:   0%|          | 20/4032 [00:03<07:03,  9.47it/s, Loss=0.017097, Pos=0.016594, Vel=0.00025143]Epoch 1/200 [TRAIN]:   0%|          | 20/4032 [00:03<07:03,  9.47it/s, Loss=0.016432, Pos=0.015938, Vel=0.00024698]Epoch 1/200 [TRAIN]:   1%|          | 21/4032 [00:03<07:15,  9.22it/s, Loss=0.016432, Pos=0.015938, Vel=0.00024698]Epoch 1/200 [TRAIN]:   1%|          | 21/4032 [00:03<07:15,  9.22it/s, Loss=0.015884, Pos=0.015398, Vel=0.00024319]Epoch 1/200 [TRAIN]:   1%|          | 22/4032 [00:03<07:23,  9.03it/s, Loss=0.015884, Pos=0.015398, Vel=0.00024319]Epoch 1/200 [TRAIN]:   1%|          | 22/4032 [00:03<07:23,  9.03it/s, Loss=0.016711, Pos=0.016225, Vel=0.00024262]Epoch 1/200 [TRAIN]:   1%|          | 22/4032 [00:03<07:23,  9.03it/s, Loss=0.017238, Pos=0.016752, Vel=0.00024306]Epoch 1/200 [TRAIN]:   1%|          | 24/4032 [00:03<06:10, 10.82it/s, Loss=0.017238, Pos=0.016752, Vel=0.00024306]Epoch 1/200 [TRAIN]:   1%|          | 24/4032 [00:03<06:10, 10.82it/s, Loss=0.016857, Pos=0.016375, Vel=0.00024108]Epoch 1/200 [TRAIN]:   1%|          | 24/4032 [00:03<06:10, 10.82it/s, Loss=0.016384, Pos=0.015909, Vel=0.00023769]Epoch 1/200 [TRAIN]:   1%|          | 26/4032 [00:03<06:27, 10.34it/s, Loss=0.016384, Pos=0.015909, Vel=0.00023769]Epoch 1/200 [TRAIN]:   1%|          | 26/4032 [00:03<06:27, 10.34it/s, Loss=0.016044, Pos=0.015575, Vel=0.00023464]Epoch 1/200 [TRAIN]:   1%|          | 26/4032 [00:03<06:27, 10.34it/s, Loss=0.015664, Pos=0.015199, Vel=0.00023270]Epoch 1/200 [TRAIN]:   1%|          | 28/4032 [00:03<06:46,  9.85it/s, Loss=0.015664, Pos=0.015199, Vel=0.00023270]Epoch 1/200 [TRAIN]:   1%|          | 28/4032 [00:03<06:46,  9.85it/s, Loss=0.015570, Pos=0.015109, Vel=0.00023042]Epoch 1/200 [TRAIN]:   1%|          | 28/4032 [00:04<06:46,  9.85it/s, Loss=0.015300, Pos=0.014845, Vel=0.00022788]Epoch 1/200 [TRAIN]:   1%|          | 30/4032 [00:04<06:39, 10.02it/s, Loss=0.015300, Pos=0.014845, Vel=0.00022788]Epoch 1/200 [TRAIN]:   1%|          | 30/4032 [00:04<06:39, 10.02it/s, Loss=0.015048, Pos=0.014598, Vel=0.00022521]Epoch 1/200 [TRAIN]:   1%|          | 30/4032 [00:04<06:39, 10.02it/s, Loss=0.014870, Pos=0.014422, Vel=0.00022385]Epoch 1/200 [TRAIN]:   1%|          | 32/4032 [00:04<06:33, 10.17it/s, Loss=0.014870, Pos=0.014422, Vel=0.00022385]Epoch 1/200 [TRAIN]:   1%|          | 32/4032 [00:04<06:33, 10.17it/s, Loss=0.016765, Pos=0.016316, Vel=0.00022486]Epoch 1/200 [TRAIN]:   1%|          | 32/4032 [00:04<06:33, 10.17it/s, Loss=0.016374, Pos=0.015924, Vel=0.00022529]Epoch 1/200 [TRAIN]:   1%|          | 34/4032 [00:04<06:46,  9.83it/s, Loss=0.016374, Pos=0.015924, Vel=0.00022529]Epoch 1/200 [TRAIN]:   1%|          | 34/4032 [00:04<06:46,  9.83it/s, Loss=0.016127, Pos=0.015677, Vel=0.00022500]Epoch 1/200 [TRAIN]:   1%|          | 35/4032 [00:04<06:53,  9.66it/s, Loss=0.016127, Pos=0.015677, Vel=0.00022500]Epoch 1/200 [TRAIN]:   1%|          | 35/4032 [00:04<06:53,  9.66it/s, Loss=0.016462, Pos=0.016012, Vel=0.00022515]Epoch 1/200 [TRAIN]:   1%|          | 36/4032 [00:04<06:57,  9.57it/s, Loss=0.016462, Pos=0.016012, Vel=0.00022515]Epoch 1/200 [TRAIN]:   1%|          | 36/4032 [00:04<06:57,  9.57it/s, Loss=0.016455, Pos=0.016004, Vel=0.00022546]Epoch 1/200 [TRAIN]:   1%|          | 37/4032 [00:04<06:58,  9.55it/s, Loss=0.016455, Pos=0.016004, Vel=0.00022546]Epoch 1/200 [TRAIN]:   1%|          | 37/4032 [00:04<06:58,  9.55it/s, Loss=0.016812, Pos=0.016360, Vel=0.00022631]Epoch 1/200 [TRAIN]:   1%|          | 38/4032 [00:04<06:58,  9.53it/s, Loss=0.016812, Pos=0.016360, Vel=0.00022631]Epoch 1/200 [TRAIN]:   1%|          | 38/4032 [00:05<06:58,  9.53it/s, Loss=0.016454, Pos=0.016005, Vel=0.00022425]Epoch 1/200 [TRAIN]:   1%|          | 39/4032 [00:05<07:02,  9.45it/s, Loss=0.016454, Pos=0.016005, Vel=0.00022425]Epoch 1/200 [TRAIN]:   1%|          | 39/4032 [00:05<07:02,  9.45it/s, Loss=0.016216, Pos=0.015772, Vel=0.00022184]Epoch 1/200 [TRAIN]:   1%|          | 39/4032 [00:05<07:02,  9.45it/s, Loss=0.015962, Pos=0.015522, Vel=0.00022029]Epoch 1/200 [TRAIN]:   1%|          | 41/4032 [00:05<07:00,  9.49it/s, Loss=0.015962, Pos=0.015522, Vel=0.00022029]Epoch 1/200 [TRAIN]:   1%|          | 41/4032 [00:05<07:00,  9.49it/s, Loss=0.015788, Pos=0.015351, Vel=0.00021876]Epoch 1/200 [TRAIN]:   1%|          | 41/4032 [00:05<07:00,  9.49it/s, Loss=0.015649, Pos=0.015215, Vel=0.00021728]Epoch 1/200 [TRAIN]:   1%|          | 43/4032 [00:05<06:55,  9.59it/s, Loss=0.015649, Pos=0.015215, Vel=0.00021728]Epoch 1/200 [TRAIN]:   1%|          | 43/4032 [00:05<06:55,  9.59it/s, Loss=0.015496, Pos=0.015063, Vel=0.00021647]Epoch 1/200 [TRAIN]:   1%|          | 44/4032 [00:05<06:58,  9.52it/s, Loss=0.015496, Pos=0.015063, Vel=0.00021647]Epoch 1/200 [TRAIN]:   1%|          | 44/4032 [00:05<06:58,  9.52it/s, Loss=0.015261, Pos=0.014829, Vel=0.00021613]Epoch 1/200 [TRAIN]:   1%|          | 45/4032 [00:05<07:02,  9.43it/s, Loss=0.015261, Pos=0.014829, Vel=0.00021613]Epoch 1/200 [TRAIN]:   1%|          | 45/4032 [00:05<07:02,  9.43it/s, Loss=0.015144, Pos=0.014712, Vel=0.00021580]Epoch 1/200 [TRAIN]:   1%|          | 46/4032 [00:05<06:58,  9.52it/s, Loss=0.015144, Pos=0.014712, Vel=0.00021580]Epoch 1/200 [TRAIN]:   1%|          | 46/4032 [00:05<06:58,  9.52it/s, Loss=0.015200, Pos=0.014771, Vel=0.00021462]Epoch 1/200 [TRAIN]:   1%|          | 46/4032 [00:05<06:58,  9.52it/s, Loss=0.015120, Pos=0.014693, Vel=0.00021367]Epoch 1/200 [TRAIN]:   1%|          | 48/4032 [00:05<06:58,  9.52it/s, Loss=0.015120, Pos=0.014693, Vel=0.00021367]Epoch 1/200 [TRAIN]:   1%|          | 48/4032 [00:06<06:58,  9.52it/s, Loss=0.014978, Pos=0.014553, Vel=0.00021224]Epoch 1/200 [TRAIN]:   1%|          | 49/4032 [00:06<07:04,  9.38it/s, Loss=0.014978, Pos=0.014553, Vel=0.00021224]Epoch 1/200 [TRAIN]:   1%|          | 49/4032 [00:06<07:04,  9.38it/s, Loss=0.014939, Pos=0.014515, Vel=0.00021226]Epoch 1/200 [TRAIN]:   1%|          | 50/4032 [00:06<07:04,  9.38it/s, Loss=0.014939, Pos=0.014515, Vel=0.00021226]Epoch 1/200 [TRAIN]:   1%|          | 50/4032 [00:06<07:04,  9.38it/s, Loss=0.014992, Pos=0.014564, Vel=0.00021400]Epoch 1/200 [TRAIN]:   1%|▏         | 51/4032 [00:06<07:08,  9.28it/s, Loss=0.014992, Pos=0.014564, Vel=0.00021400]Epoch 1/200 [TRAIN]:   1%|▏         | 51/4032 [00:06<07:08,  9.28it/s, Loss=0.014808, Pos=0.014382, Vel=0.00021269]Epoch 1/200 [TRAIN]:   1%|▏         | 52/4032 [00:06<07:13,  9.18it/s, Loss=0.014808, Pos=0.014382, Vel=0.00021269]Epoch 1/200 [TRAIN]:   1%|▏         | 52/4032 [00:06<07:13,  9.18it/s, Loss=0.014911, Pos=0.014487, Vel=0.00021183]Epoch 1/200 [TRAIN]:   1%|▏         | 53/4032 [00:06<07:06,  9.34it/s, Loss=0.014911, Pos=0.014487, Vel=0.00021183]Epoch 1/200 [TRAIN]:   1%|▏         | 53/4032 [00:06<07:06,  9.34it/s, Loss=0.014764, Pos=0.014343, Vel=0.00021066]Epoch 1/200 [TRAIN]:   1%|▏         | 53/4032 [00:06<07:06,  9.34it/s, Loss=0.014667, Pos=0.014246, Vel=0.00021080]Epoch 1/200 [TRAIN]:   1%|▏         | 55/4032 [00:06<06:23, 10.37it/s, Loss=0.014667, Pos=0.014246, Vel=0.00021080]Epoch 1/200 [TRAIN]:   1%|▏         | 55/4032 [00:06<06:23, 10.37it/s, Loss=0.014590, Pos=0.014170, Vel=0.00021010]Epoch 1/200 [TRAIN]:   1%|▏         | 55/4032 [00:06<06:23, 10.37it/s, Loss=0.014766, Pos=0.014348, Vel=0.00020935]Epoch 1/200 [TRAIN]:   1%|▏         | 57/4032 [00:06<06:39,  9.95it/s, Loss=0.014766, Pos=0.014348, Vel=0.00020935]Epoch 1/200 [TRAIN]:   1%|▏         | 57/4032 [00:07<06:39,  9.95it/s, Loss=0.014689, Pos=0.014272, Vel=0.00020848]Epoch 1/200 [TRAIN]:   1%|▏         | 58/4032 [00:07<06:49,  9.70it/s, Loss=0.014689, Pos=0.014272, Vel=0.00020848]Epoch 1/200 [TRAIN]:   1%|▏         | 58/4032 [00:07<06:49,  9.70it/s, Loss=0.014596, Pos=0.014180, Vel=0.00020769]Epoch 1/200 [TRAIN]:   1%|▏         | 59/4032 [00:07<06:51,  9.65it/s, Loss=0.014596, Pos=0.014180, Vel=0.00020769]Epoch 1/200 [TRAIN]:   1%|▏         | 59/4032 [00:07<06:51,  9.65it/s, Loss=0.014452, Pos=0.014038, Vel=0.00020670]Epoch 1/200 [TRAIN]:   1%|▏         | 59/4032 [00:07<06:51,  9.65it/s, Loss=0.014254, Pos=0.013843, Vel=0.00020547]Epoch 1/200 [TRAIN]:   2%|▏         | 61/4032 [00:07<06:37,  9.99it/s, Loss=0.014254, Pos=0.013843, Vel=0.00020547]Epoch 1/200 [TRAIN]:   2%|▏         | 61/4032 [00:07<06:37,  9.99it/s, Loss=0.014281, Pos=0.013872, Vel=0.00020475]Epoch 1/200 [TRAIN]:   2%|▏         | 62/4032 [00:07<06:39,  9.94it/s, Loss=0.014281, Pos=0.013872, Vel=0.00020475]Epoch 1/200 [TRAIN]:   2%|▏         | 62/4032 [00:07<06:39,  9.94it/s, Loss=0.014140, Pos=0.013732, Vel=0.00020389]Epoch 1/200 [TRAIN]:   2%|▏         | 63/4032 [00:07<06:40,  9.92it/s, Loss=0.014140, Pos=0.013732, Vel=0.00020389]Epoch 1/200 [TRAIN]:   2%|▏         | 63/4032 [00:07<06:40,  9.92it/s, Loss=0.013978, Pos=0.013571, Vel=0.00020347]Epoch 1/200 [TRAIN]:   2%|▏         | 64/4032 [00:07<06:48,  9.72it/s, Loss=0.013978, Pos=0.013571, Vel=0.00020347]Epoch 1/200 [TRAIN]:   2%|▏         | 64/4032 [00:07<06:48,  9.72it/s, Loss=0.013985, Pos=0.013579, Vel=0.00020308]Epoch 1/200 [TRAIN]:   2%|▏         | 65/4032 [00:07<06:45,  9.77it/s, Loss=0.013985, Pos=0.013579, Vel=0.00020308]Epoch 1/200 [TRAIN]:   2%|▏         | 65/4032 [00:07<06:45,  9.77it/s, Loss=0.013861, Pos=0.013456, Vel=0.00020239]Epoch 1/200 [TRAIN]:   2%|▏         | 66/4032 [00:07<06:52,  9.62it/s, Loss=0.013861, Pos=0.013456, Vel=0.00020239]Epoch 1/200 [TRAIN]:   2%|▏         | 66/4032 [00:07<06:52,  9.62it/s, Loss=0.013753, Pos=0.013347, Vel=0.00020296]Epoch 1/200 [TRAIN]:   2%|▏         | 66/4032 [00:08<06:52,  9.62it/s, Loss=0.013821, Pos=0.013416, Vel=0.00020248]Epoch 1/200 [TRAIN]:   2%|▏         | 68/4032 [00:08<06:54,  9.55it/s, Loss=0.013821, Pos=0.013416, Vel=0.00020248]Epoch 1/200 [TRAIN]:   2%|▏         | 68/4032 [00:08<06:54,  9.55it/s, Loss=0.013735, Pos=0.013329, Vel=0.00020324]Epoch 1/200 [TRAIN]:   2%|▏         | 68/4032 [00:08<06:54,  9.55it/s, Loss=0.013626, Pos=0.013222, Vel=0.00020224]Epoch 1/200 [TRAIN]:   2%|▏         | 70/4032 [00:08<06:55,  9.53it/s, Loss=0.013626, Pos=0.013222, Vel=0.00020224]Epoch 1/200 [TRAIN]:   2%|▏         | 70/4032 [00:08<06:55,  9.53it/s, Loss=0.013608, Pos=0.013202, Vel=0.00020293]Epoch 1/200 [TRAIN]:   2%|▏         | 71/4032 [00:08<06:54,  9.57it/s, Loss=0.013608, Pos=0.013202, Vel=0.00020293]Epoch 1/200 [TRAIN]:   2%|▏         | 71/4032 [00:08<06:54,  9.57it/s, Loss=0.013606, Pos=0.013201, Vel=0.00020281]Epoch 1/200 [TRAIN]:   2%|▏         | 72/4032 [00:08<07:05,  9.31it/s, Loss=0.013606, Pos=0.013201, Vel=0.00020281]Epoch 1/200 [TRAIN]:   2%|▏         | 72/4032 [00:08<07:05,  9.31it/s, Loss=0.013478, Pos=0.013074, Vel=0.00020222]Epoch 1/200 [TRAIN]:   2%|▏         | 73/4032 [00:08<06:59,  9.45it/s, Loss=0.013478, Pos=0.013074, Vel=0.00020222]Epoch 1/200 [TRAIN]:   2%|▏         | 73/4032 [00:08<06:59,  9.45it/s, Loss=0.013464, Pos=0.013060, Vel=0.00020179]Epoch 1/200 [TRAIN]:   2%|▏         | 74/4032 [00:08<06:55,  9.52it/s, Loss=0.013464, Pos=0.013060, Vel=0.00020179]Epoch 1/200 [TRAIN]:   2%|▏         | 74/4032 [00:08<06:55,  9.52it/s, Loss=0.014084, Pos=0.013683, Vel=0.00020089]Epoch 1/200 [TRAIN]:   2%|▏         | 74/4032 [00:08<06:55,  9.52it/s, Loss=0.014100, Pos=0.013699, Vel=0.00020037]Epoch 1/200 [TRAIN]:   2%|▏         | 76/4032 [00:08<06:32, 10.07it/s, Loss=0.014100, Pos=0.013699, Vel=0.00020037]Epoch 1/200 [TRAIN]:   2%|▏         | 76/4032 [00:08<06:32, 10.07it/s, Loss=0.014029, Pos=0.013629, Vel=0.00020028]Epoch 1/200 [TRAIN]:   2%|▏         | 76/4032 [00:08<06:32, 10.07it/s, Loss=0.013919, Pos=0.013520, Vel=0.00019941]Epoch 1/200 [TRAIN]:   2%|▏         | 78/4032 [00:08<05:40, 11.63it/s, Loss=0.013919, Pos=0.013520, Vel=0.00019941]Epoch 1/200 [TRAIN]:   2%|▏         | 78/4032 [00:09<05:40, 11.63it/s, Loss=0.014229, Pos=0.013830, Vel=0.00019941]Epoch 1/200 [TRAIN]:   2%|▏         | 78/4032 [00:09<05:40, 11.63it/s, Loss=0.014103, Pos=0.013706, Vel=0.00019869]Epoch 1/200 [TRAIN]:   2%|▏         | 80/4032 [00:09<06:13, 10.58it/s, Loss=0.014103, Pos=0.013706, Vel=0.00019869]Epoch 1/200 [TRAIN]:   2%|▏         | 80/4032 [00:09<06:13, 10.58it/s, Loss=0.014007, Pos=0.013611, Vel=0.00019791]Epoch 1/200 [TRAIN]:   2%|▏         | 80/4032 [00:09<06:13, 10.58it/s, Loss=0.013916, Pos=0.013521, Vel=0.00019762]Epoch 1/200 [TRAIN]:   2%|▏         | 82/4032 [00:09<06:29, 10.13it/s, Loss=0.013916, Pos=0.013521, Vel=0.00019762]Epoch 1/200 [TRAIN]:   2%|▏         | 82/4032 [00:09<06:29, 10.13it/s, Loss=0.013781, Pos=0.013387, Vel=0.00019698]Epoch 1/200 [TRAIN]:   2%|▏         | 82/4032 [00:09<06:29, 10.13it/s, Loss=0.013737, Pos=0.013343, Vel=0.00019668]Epoch 1/200 [TRAIN]:   2%|▏         | 84/4032 [00:09<05:52, 11.20it/s, Loss=0.013737, Pos=0.013343, Vel=0.00019668]Epoch 1/200 [TRAIN]:   2%|▏         | 84/4032 [00:09<05:52, 11.20it/s, Loss=0.013616, Pos=0.013224, Vel=0.00019599]Epoch 1/200 [TRAIN]:   2%|▏         | 84/4032 [00:09<05:52, 11.20it/s, Loss=0.013524, Pos=0.013133, Vel=0.00019536]Epoch 1/200 [TRAIN]:   2%|▏         | 86/4032 [00:09<06:15, 10.51it/s, Loss=0.013524, Pos=0.013133, Vel=0.00019536]Epoch 1/200 [TRAIN]:   2%|▏         | 86/4032 [00:09<06:15, 10.51it/s, Loss=0.013550, Pos=0.013160, Vel=0.00019491]Epoch 1/200 [TRAIN]:   2%|▏         | 86/4032 [00:10<06:15, 10.51it/s, Loss=0.013501, Pos=0.013113, Vel=0.00019425]Epoch 1/200 [TRAIN]:   2%|▏         | 88/4032 [00:10<06:35,  9.96it/s, Loss=0.013501, Pos=0.013113, Vel=0.00019425]Epoch 1/200 [TRAIN]:   2%|▏         | 88/4032 [00:10<06:35,  9.96it/s, Loss=0.013536, Pos=0.013149, Vel=0.00019366]Epoch 1/200 [TRAIN]:   2%|▏         | 88/4032 [00:10<06:35,  9.96it/s, Loss=0.013447, Pos=0.013061, Vel=0.00019321]Epoch 1/200 [TRAIN]:   2%|▏         | 90/4032 [00:10<06:14, 10.52it/s, Loss=0.013447, Pos=0.013061, Vel=0.00019321]Epoch 1/200 [TRAIN]:   2%|▏         | 90/4032 [00:10<06:14, 10.52it/s, Loss=0.013353, Pos=0.012968, Vel=0.00019255]Epoch 1/200 [TRAIN]:   2%|▏         | 90/4032 [00:10<06:14, 10.52it/s, Loss=0.013316, Pos=0.012931, Vel=0.00019262]Epoch 1/200 [TRAIN]:   2%|▏         | 92/4032 [00:10<06:33, 10.02it/s, Loss=0.013316, Pos=0.012931, Vel=0.00019262]Epoch 1/200 [TRAIN]:   2%|▏         | 92/4032 [00:10<06:33, 10.02it/s, Loss=0.013190, Pos=0.012807, Vel=0.00019182]Epoch 1/200 [TRAIN]:   2%|▏         | 92/4032 [00:10<06:33, 10.02it/s, Loss=0.013216, Pos=0.012833, Vel=0.00019193]Epoch 1/200 [TRAIN]:   2%|▏         | 94/4032 [00:10<06:42,  9.79it/s, Loss=0.013216, Pos=0.012833, Vel=0.00019193]Epoch 1/200 [TRAIN]:   2%|▏         | 94/4032 [00:10<06:42,  9.79it/s, Loss=0.013335, Pos=0.012952, Vel=0.00019151]Epoch 1/200 [TRAIN]:   2%|▏         | 94/4032 [00:10<06:42,  9.79it/s, Loss=0.013283, Pos=0.012901, Vel=0.00019123]Epoch 1/200 [TRAIN]:   2%|▏         | 96/4032 [00:10<06:05, 10.77it/s, Loss=0.013283, Pos=0.012901, Vel=0.00019123]Epoch 1/200 [TRAIN]:   2%|▏         | 96/4032 [00:10<06:05, 10.77it/s, Loss=0.013185, Pos=0.012804, Vel=0.00019068]Epoch 1/200 [TRAIN]:   2%|▏         | 96/4032 [00:10<06:05, 10.77it/s, Loss=0.013124, Pos=0.012744, Vel=0.00018988]Epoch 1/200 [TRAIN]:   2%|▏         | 98/4032 [00:10<06:23, 10.26it/s, Loss=0.013124, Pos=0.012744, Vel=0.00018988]Epoch 1/200 [TRAIN]:   2%|▏         | 98/4032 [00:11<06:23, 10.26it/s, Loss=0.013159, Pos=0.012779, Vel=0.00019025]Epoch 1/200 [TRAIN]:   2%|▏         | 98/4032 [00:11<06:23, 10.26it/s, Loss=0.013048, Pos=0.012669, Vel=0.00018942]Epoch 1/200 [TRAIN]:   2%|▏         | 100/4032 [00:11<06:02, 10.86it/s, Loss=0.013048, Pos=0.012669, Vel=0.00018942]Epoch 1/200 [TRAIN]:   2%|▏         | 100/4032 [00:11<06:02, 10.86it/s, Loss=0.012968, Pos=0.012591, Vel=0.00018884]Epoch 1/200 [TRAIN]:   2%|▏         | 100/4032 [00:11<06:02, 10.86it/s, Loss=0.012942, Pos=0.012564, Vel=0.00018866]Epoch 1/200 [TRAIN]:   3%|▎         | 102/4032 [00:11<06:19, 10.36it/s, Loss=0.012942, Pos=0.012564, Vel=0.00018866]Epoch 1/200 [TRAIN]:   3%|▎         | 102/4032 [00:11<06:19, 10.36it/s, Loss=0.012946, Pos=0.012569, Vel=0.00018834]Epoch 1/200 [TRAIN]:   3%|▎         | 102/4032 [00:11<06:19, 10.36it/s, Loss=0.012988, Pos=0.012612, Vel=0.00018784]Epoch 1/200 [TRAIN]:   3%|▎         | 104/4032 [00:11<06:18, 10.37it/s, Loss=0.012988, Pos=0.012612, Vel=0.00018784]Epoch 1/200 [TRAIN]:   3%|▎         | 104/4032 [00:11<06:18, 10.37it/s, Loss=0.013137, Pos=0.012762, Vel=0.00018742]Epoch 1/200 [TRAIN]:   3%|▎         | 104/4032 [00:11<06:18, 10.37it/s, Loss=0.013374, Pos=0.013000, Vel=0.00018694]Epoch 1/200 [TRAIN]:   3%|▎         | 106/4032 [00:11<06:28, 10.10it/s, Loss=0.013374, Pos=0.013000, Vel=0.00018694]Epoch 1/200 [TRAIN]:   3%|▎         | 106/4032 [00:11<06:28, 10.10it/s, Loss=0.013302, Pos=0.012929, Vel=0.00018642]Epoch 1/200 [TRAIN]:   3%|▎         | 106/4032 [00:11<06:28, 10.10it/s, Loss=0.013273, Pos=0.012900, Vel=0.00018629]Epoch 1/200 [TRAIN]:   3%|▎         | 108/4032 [00:11<06:35,  9.93it/s, Loss=0.013273, Pos=0.012900, Vel=0.00018629]Epoch 1/200 [TRAIN]:   3%|▎         | 108/4032 [00:12<06:35,  9.93it/s, Loss=0.013246, Pos=0.012875, Vel=0.00018555]Epoch 1/200 [TRAIN]:   3%|▎         | 108/4032 [00:12<06:35,  9.93it/s, Loss=0.013190, Pos=0.012821, Vel=0.00018484]Epoch 1/200 [TRAIN]:   3%|▎         | 110/4032 [00:12<06:19, 10.34it/s, Loss=0.013190, Pos=0.012821, Vel=0.00018484]Epoch 1/200 [TRAIN]:   3%|▎         | 110/4032 [00:12<06:19, 10.34it/s, Loss=0.013132, Pos=0.012763, Vel=0.00018478]Epoch 1/200 [TRAIN]:   3%|▎         | 110/4032 [00:12<06:19, 10.34it/s, Loss=0.013064, Pos=0.012694, Vel=0.00018501]Epoch 1/200 [TRAIN]:   3%|▎         | 112/4032 [00:12<06:30, 10.03it/s, Loss=0.013064, Pos=0.012694, Vel=0.00018501]Epoch 1/200 [TRAIN]:   3%|▎         | 112/4032 [00:12<06:30, 10.03it/s, Loss=0.013056, Pos=0.012686, Vel=0.00018498]Epoch 1/200 [TRAIN]:   3%|▎         | 112/4032 [00:12<06:30, 10.03it/s, Loss=0.012959, Pos=0.012590, Vel=0.00018422]Epoch 1/200 [TRAIN]:   3%|▎         | 114/4032 [00:12<06:31, 10.00it/s, Loss=0.012959, Pos=0.012590, Vel=0.00018422]Epoch 1/200 [TRAIN]:   3%|▎         | 114/4032 [00:12<06:31, 10.00it/s, Loss=0.012934, Pos=0.012567, Vel=0.00018360]Epoch 1/200 [TRAIN]:   3%|▎         | 114/4032 [00:12<06:31, 10.00it/s, Loss=0.013000, Pos=0.012634, Vel=0.00018314]Epoch 1/200 [TRAIN]:   3%|▎         | 116/4032 [00:12<06:40,  9.79it/s, Loss=0.013000, Pos=0.012634, Vel=0.00018314]Epoch 1/200 [TRAIN]:   3%|▎         | 116/4032 [00:12<06:40,  9.79it/s, Loss=0.012959, Pos=0.012593, Vel=0.00018263]Epoch 1/200 [TRAIN]:   3%|▎         | 116/4032 [00:12<06:40,  9.79it/s, Loss=0.012982, Pos=0.012617, Vel=0.00018221]Epoch 1/200 [TRAIN]:   3%|▎         | 118/4032 [00:12<06:17, 10.36it/s, Loss=0.012982, Pos=0.012617, Vel=0.00018221]Epoch 1/200 [TRAIN]:   3%|▎         | 118/4032 [00:13<06:17, 10.36it/s, Loss=0.012906, Pos=0.012543, Vel=0.00018167]Epoch 1/200 [TRAIN]:   3%|▎         | 118/4032 [00:13<06:17, 10.36it/s, Loss=0.012845, Pos=0.012482, Vel=0.00018175]Epoch 1/200 [TRAIN]:   3%|▎         | 120/4032 [00:13<06:28, 10.08it/s, Loss=0.012845, Pos=0.012482, Vel=0.00018175]Epoch 1/200 [TRAIN]:   3%|▎         | 120/4032 [00:13<06:28, 10.08it/s, Loss=0.012865, Pos=0.012502, Vel=0.00018139]Epoch 1/200 [TRAIN]:   3%|▎         | 120/4032 [00:13<06:28, 10.08it/s, Loss=0.012970, Pos=0.012607, Vel=0.00018161]Epoch 1/200 [TRAIN]:   3%|▎         | 122/4032 [00:13<06:29, 10.04it/s, Loss=0.012970, Pos=0.012607, Vel=0.00018161]Epoch 1/200 [TRAIN]:   3%|▎         | 122/4032 [00:13<06:29, 10.04it/s, Loss=0.013063, Pos=0.012700, Vel=0.00018141]Epoch 1/200 [TRAIN]:   3%|▎         | 122/4032 [00:13<06:29, 10.04it/s, Loss=0.013085, Pos=0.012723, Vel=0.00018125]Epoch 1/200 [TRAIN]:   3%|▎         | 124/4032 [00:13<05:56, 10.96it/s, Loss=0.013085, Pos=0.012723, Vel=0.00018125]Epoch 1/200 [TRAIN]:   3%|▎         | 124/4032 [00:13<05:56, 10.96it/s, Loss=0.013341, Pos=0.012979, Vel=0.00018090]Epoch 1/200 [TRAIN]:   3%|▎         | 124/4032 [00:13<05:56, 10.96it/s, Loss=0.013427, Pos=0.013066, Vel=0.00018079]Epoch 1/200 [TRAIN]:   3%|▎         | 126/4032 [00:13<05:38, 11.56it/s, Loss=0.013427, Pos=0.013066, Vel=0.00018079]Epoch 1/200 [TRAIN]:   3%|▎         | 126/4032 [00:13<05:38, 11.56it/s, Loss=0.013361, Pos=0.013000, Vel=0.00018035]Epoch 1/200 [TRAIN]:   3%|▎         | 126/4032 [00:13<05:38, 11.56it/s, Loss=0.013282, Pos=0.012923, Vel=0.00017972]Epoch 1/200 [TRAIN]:   3%|▎         | 128/4032 [00:13<05:56, 10.96it/s, Loss=0.013282, Pos=0.012923, Vel=0.00017972]Epoch 1/200 [TRAIN]:   3%|▎         | 128/4032 [00:13<05:56, 10.96it/s, Loss=0.013273, Pos=0.012912, Vel=0.00018056]Epoch 1/200 [TRAIN]:   3%|▎         | 128/4032 [00:14<05:56, 10.96it/s, Loss=0.013208, Pos=0.012847, Vel=0.00018025]Epoch 1/200 [TRAIN]:   3%|▎         | 130/4032 [00:14<06:03, 10.73it/s, Loss=0.013208, Pos=0.012847, Vel=0.00018025]Epoch 1/200 [TRAIN]:   3%|▎         | 130/4032 [00:14<06:03, 10.73it/s, Loss=0.013164, Pos=0.012804, Vel=0.00017970]Epoch 1/200 [TRAIN]:   3%|▎         | 130/4032 [00:14<06:03, 10.73it/s, Loss=0.013165, Pos=0.012806, Vel=0.00017937]Epoch 1/200 [TRAIN]:   3%|▎         | 132/4032 [00:14<06:01, 10.79it/s, Loss=0.013165, Pos=0.012806, Vel=0.00017937]Epoch 1/200 [TRAIN]:   3%|▎         | 132/4032 [00:14<06:01, 10.79it/s, Loss=0.013120, Pos=0.012762, Vel=0.00017891]Epoch 1/200 [TRAIN]:   3%|▎         | 132/4032 [00:14<06:01, 10.79it/s, Loss=0.013082, Pos=0.012726, Vel=0.00017834]Epoch 1/200 [TRAIN]:   3%|▎         | 134/4032 [00:14<06:11, 10.48it/s, Loss=0.013082, Pos=0.012726, Vel=0.00017834]Epoch 1/200 [TRAIN]:   3%|▎         | 134/4032 [00:14<06:11, 10.48it/s, Loss=0.013128, Pos=0.012772, Vel=0.00017814]Epoch 1/200 [TRAIN]:   3%|▎         | 134/4032 [00:14<06:11, 10.48it/s, Loss=0.013107, Pos=0.012751, Vel=0.00017817]Epoch 1/200 [TRAIN]:   3%|▎         | 136/4032 [00:14<06:25, 10.11it/s, Loss=0.013107, Pos=0.012751, Vel=0.00017817]Epoch 1/200 [TRAIN]:   3%|▎         | 136/4032 [00:14<06:25, 10.11it/s, Loss=0.013193, Pos=0.012837, Vel=0.00017777]Epoch 1/200 [TRAIN]:   3%|▎         | 136/4032 [00:14<06:25, 10.11it/s, Loss=0.013446, Pos=0.013091, Vel=0.00017723]Epoch 1/200 [TRAIN]:   3%|▎         | 138/4032 [00:14<06:31,  9.95it/s, Loss=0.013446, Pos=0.013091, Vel=0.00017723]Epoch 1/200 [TRAIN]:   3%|▎         | 138/4032 [00:14<06:31,  9.95it/s, Loss=0.013477, Pos=0.013123, Vel=0.00017708]Epoch 1/200 [TRAIN]:   3%|▎         | 138/4032 [00:15<06:31,  9.95it/s, Loss=0.013577, Pos=0.013222, Vel=0.00017768]Epoch 1/200 [TRAIN]:   3%|▎         | 140/4032 [00:15<06:38,  9.78it/s, Loss=0.013577, Pos=0.013222, Vel=0.00017768]Epoch 1/200 [TRAIN]:   3%|▎         | 140/4032 [00:15<06:38,  9.78it/s, Loss=0.013533, Pos=0.013179, Vel=0.00017725]Epoch 1/200 [TRAIN]:   3%|▎         | 141/4032 [00:15<06:37,  9.79it/s, Loss=0.013533, Pos=0.013179, Vel=0.00017725]Epoch 1/200 [TRAIN]:   3%|▎         | 141/4032 [00:15<06:37,  9.79it/s, Loss=0.013549, Pos=0.013195, Vel=0.00017677]Epoch 1/200 [TRAIN]:   4%|▎         | 142/4032 [00:15<06:38,  9.76it/s, Loss=0.013549, Pos=0.013195, Vel=0.00017677]Epoch 1/200 [TRAIN]:   4%|▎         | 142/4032 [00:15<06:38,  9.76it/s, Loss=0.013511, Pos=0.013158, Vel=0.00017635]Epoch 1/200 [TRAIN]:   4%|▎         | 143/4032 [00:15<06:41,  9.68it/s, Loss=0.013511, Pos=0.013158, Vel=0.00017635]Epoch 1/200 [TRAIN]:   4%|▎         | 143/4032 [00:15<06:41,  9.68it/s, Loss=0.013488, Pos=0.013136, Vel=0.00017588]Epoch 1/200 [TRAIN]:   4%|▎         | 144/4032 [00:15<06:44,  9.62it/s, Loss=0.013488, Pos=0.013136, Vel=0.00017588]Epoch 1/200 [TRAIN]:   4%|▎         | 144/4032 [00:15<06:44,  9.62it/s, Loss=0.013460, Pos=0.013109, Vel=0.00017554]Epoch 1/200 [TRAIN]:   4%|▎         | 145/4032 [00:15<06:45,  9.58it/s, Loss=0.013460, Pos=0.013109, Vel=0.00017554]Epoch 1/200 [TRAIN]:   4%|▎         | 145/4032 [00:15<06:45,  9.58it/s, Loss=0.013536, Pos=0.013185, Vel=0.00017519]Epoch 1/200 [TRAIN]:   4%|▎         | 146/4032 [00:15<06:44,  9.62it/s, Loss=0.013536, Pos=0.013185, Vel=0.00017519]Epoch 1/200 [TRAIN]:   4%|▎         | 146/4032 [00:15<06:44,  9.62it/s, Loss=0.013501, Pos=0.013152, Vel=0.00017473]Epoch 1/200 [TRAIN]:   4%|▎         | 147/4032 [00:15<06:52,  9.43it/s, Loss=0.013501, Pos=0.013152, Vel=0.00017473]Epoch 1/200 [TRAIN]:   4%|▎         | 147/4032 [00:15<06:52,  9.43it/s, Loss=0.013660, Pos=0.013308, Vel=0.00017579]Epoch 1/200 [TRAIN]:   4%|▎         | 148/4032 [00:15<06:51,  9.43it/s, Loss=0.013660, Pos=0.013308, Vel=0.00017579]Epoch 1/200 [TRAIN]:   4%|▎         | 148/4032 [00:16<06:51,  9.43it/s, Loss=0.013628, Pos=0.013277, Vel=0.00017542]Epoch 1/200 [TRAIN]:   4%|▎         | 149/4032 [00:16<06:50,  9.46it/s, Loss=0.013628, Pos=0.013277, Vel=0.00017542]Epoch 1/200 [TRAIN]:   4%|▎         | 149/4032 [00:16<06:50,  9.46it/s, Loss=0.013649, Pos=0.013298, Vel=0.00017523]Epoch 1/200 [TRAIN]:   4%|▎         | 150/4032 [00:16<06:47,  9.53it/s, Loss=0.013649, Pos=0.013298, Vel=0.00017523]Epoch 1/200 [TRAIN]:   4%|▎         | 150/4032 [00:16<06:47,  9.53it/s, Loss=0.013600, Pos=0.013251, Vel=0.00017473]Epoch 1/200 [TRAIN]:   4%|▎         | 151/4032 [00:16<06:47,  9.52it/s, Loss=0.013600, Pos=0.013251, Vel=0.00017473]Epoch 1/200 [TRAIN]:   4%|▎         | 151/4032 [00:16<06:47,  9.52it/s, Loss=0.013544, Pos=0.013195, Vel=0.00017442]Epoch 1/200 [TRAIN]:   4%|▍         | 152/4032 [00:16<06:47,  9.52it/s, Loss=0.013544, Pos=0.013195, Vel=0.00017442]Epoch 1/200 [TRAIN]:   4%|▍         | 152/4032 [00:16<06:47,  9.52it/s, Loss=0.013478, Pos=0.013130, Vel=0.00017390]Epoch 1/200 [TRAIN]:   4%|▍         | 153/4032 [00:16<06:48,  9.50it/s, Loss=0.013478, Pos=0.013130, Vel=0.00017390]Epoch 1/200 [TRAIN]:   4%|▍         | 153/4032 [00:16<06:48,  9.50it/s, Loss=0.013464, Pos=0.013117, Vel=0.00017351]Epoch 1/200 [TRAIN]:   4%|▍         | 154/4032 [00:16<06:49,  9.48it/s, Loss=0.013464, Pos=0.013117, Vel=0.00017351]Epoch 1/200 [TRAIN]:   4%|▍         | 154/4032 [00:16<06:49,  9.48it/s, Loss=0.013418, Pos=0.013070, Vel=0.00017416]Epoch 1/200 [TRAIN]:   4%|▍         | 154/4032 [00:16<06:49,  9.48it/s, Loss=0.013407, Pos=0.013060, Vel=0.00017375]Epoch 1/200 [TRAIN]:   4%|▍         | 156/4032 [00:16<05:56, 10.88it/s, Loss=0.013407, Pos=0.013060, Vel=0.00017375]Epoch 1/200 [TRAIN]:   4%|▍         | 156/4032 [00:16<05:56, 10.88it/s, Loss=0.013390, Pos=0.013043, Vel=0.00017333]Epoch 1/200 [TRAIN]:   4%|▍         | 156/4032 [00:16<05:56, 10.88it/s, Loss=0.013341, Pos=0.012996, Vel=0.00017290]Epoch 1/200 [TRAIN]:   4%|▍         | 156/4032 [00:16<05:56, 10.88it/s, Loss=0.013281, Pos=0.012936, Vel=0.00017267]Epoch 1/200 [TRAIN]:   4%|▍         | 159/4032 [00:16<04:55, 13.12it/s, Loss=0.013281, Pos=0.012936, Vel=0.00017267]Epoch 1/200 [TRAIN]:   4%|▍         | 159/4032 [00:16<04:55, 13.12it/s, Loss=0.013214, Pos=0.012870, Vel=0.00017237]Epoch 1/200 [TRAIN]:   4%|▍         | 159/4032 [00:17<04:55, 13.12it/s, Loss=0.013212, Pos=0.012867, Vel=0.00017242]Epoch 1/200 [TRAIN]:   4%|▍         | 161/4032 [00:17<05:31, 11.68it/s, Loss=0.013212, Pos=0.012867, Vel=0.00017242]Epoch 1/200 [TRAIN]:   4%|▍         | 161/4032 [00:17<05:31, 11.68it/s, Loss=0.013319, Pos=0.012974, Vel=0.00017227]Epoch 1/200 [TRAIN]:   4%|▍         | 161/4032 [00:17<05:31, 11.68it/s, Loss=0.013254, Pos=0.012910, Vel=0.00017166]Epoch 1/200 [TRAIN]:   4%|▍         | 161/4032 [00:17<05:31, 11.68it/s, Loss=0.013251, Pos=0.012909, Vel=0.00017110]Epoch 1/200 [TRAIN]:   4%|▍         | 164/4032 [00:17<05:05, 12.67it/s, Loss=0.013251, Pos=0.012909, Vel=0.00017110]Epoch 1/200 [TRAIN]:   4%|▍         | 164/4032 [00:17<05:05, 12.67it/s, Loss=0.013225, Pos=0.012884, Vel=0.00017082]Epoch 1/200 [TRAIN]:   4%|▍         | 164/4032 [00:17<05:05, 12.67it/s, Loss=0.013192, Pos=0.012851, Vel=0.00017042]Epoch 1/200 [TRAIN]:   4%|▍         | 166/4032 [00:17<05:31, 11.67it/s, Loss=0.013192, Pos=0.012851, Vel=0.00017042]Epoch 1/200 [TRAIN]:   4%|▍         | 166/4032 [00:17<05:31, 11.67it/s, Loss=0.013331, Pos=0.012986, Vel=0.00017242]Epoch 1/200 [TRAIN]:   4%|▍         | 166/4032 [00:17<05:31, 11.67it/s, Loss=0.013372, Pos=0.013028, Vel=0.00017229]Epoch 1/200 [TRAIN]:   4%|▍         | 168/4032 [00:17<05:33, 11.60it/s, Loss=0.013372, Pos=0.013028, Vel=0.00017229]Epoch 1/200 [TRAIN]:   4%|▍         | 168/4032 [00:17<05:33, 11.60it/s, Loss=0.013346, Pos=0.013003, Vel=0.00017176]Epoch 1/200 [TRAIN]:   4%|▍         | 168/4032 [00:17<05:33, 11.60it/s, Loss=0.013298, Pos=0.012956, Vel=0.00017129]Epoch 1/200 [TRAIN]:   4%|▍         | 170/4032 [00:17<05:50, 11.01it/s, Loss=0.013298, Pos=0.012956, Vel=0.00017129]Epoch 1/200 [TRAIN]:   4%|▍         | 170/4032 [00:17<05:50, 11.01it/s, Loss=0.013300, Pos=0.012958, Vel=0.00017097]Epoch 1/200 [TRAIN]:   4%|▍         | 170/4032 [00:18<05:50, 11.01it/s, Loss=0.013294, Pos=0.012953, Vel=0.00017061]Epoch 1/200 [TRAIN]:   4%|▍         | 172/4032 [00:18<06:04, 10.60it/s, Loss=0.013294, Pos=0.012953, Vel=0.00017061]Epoch 1/200 [TRAIN]:   4%|▍         | 172/4032 [00:18<06:04, 10.60it/s, Loss=0.013280, Pos=0.012940, Vel=0.00017008]Epoch 1/200 [TRAIN]:   4%|▍         | 172/4032 [00:18<06:04, 10.60it/s, Loss=0.013245, Pos=0.012906, Vel=0.00016962]Epoch 1/200 [TRAIN]:   4%|▍         | 174/4032 [00:18<06:17, 10.22it/s, Loss=0.013245, Pos=0.012906, Vel=0.00016962]Epoch 1/200 [TRAIN]:   4%|▍         | 174/4032 [00:18<06:17, 10.22it/s, Loss=0.013324, Pos=0.012985, Vel=0.00016987]Epoch 1/200 [TRAIN]:   4%|▍         | 174/4032 [00:18<06:17, 10.22it/s, Loss=0.013314, Pos=0.012974, Vel=0.00016967]Epoch 1/200 [TRAIN]:   4%|▍         | 176/4032 [00:18<05:58, 10.75it/s, Loss=0.013314, Pos=0.012974, Vel=0.00016967]Epoch 1/200 [TRAIN]:   4%|▍         | 176/4032 [00:18<05:58, 10.75it/s, Loss=0.013245, Pos=0.012907, Vel=0.00016922]Epoch 1/200 [TRAIN]:   4%|▍         | 176/4032 [00:18<05:58, 10.75it/s, Loss=0.013199, Pos=0.012861, Vel=0.00016890]Epoch 1/200 [TRAIN]:   4%|▍         | 178/4032 [00:18<06:20, 10.13it/s, Loss=0.013199, Pos=0.012861, Vel=0.00016890]Epoch 1/200 [TRAIN]:   4%|▍         | 178/4032 [00:18<06:20, 10.13it/s, Loss=0.013156, Pos=0.012819, Vel=0.00016852]Epoch 1/200 [TRAIN]:   4%|▍         | 178/4032 [00:18<06:20, 10.13it/s, Loss=0.013174, Pos=0.012838, Vel=0.00016810]Epoch 1/200 [TRAIN]:   4%|▍         | 180/4032 [00:18<06:27,  9.93it/s, Loss=0.013174, Pos=0.012838, Vel=0.00016810]Epoch 1/200 [TRAIN]:   4%|▍         | 180/4032 [00:18<06:27,  9.93it/s, Loss=0.013173, Pos=0.012837, Vel=0.00016789]Epoch 1/200 [TRAIN]:   4%|▍         | 180/4032 [00:19<06:27,  9.93it/s, Loss=0.013194, Pos=0.012858, Vel=0.00016806]Epoch 1/200 [TRAIN]:   5%|▍         | 182/4032 [00:19<06:36,  9.71it/s, Loss=0.013194, Pos=0.012858, Vel=0.00016806]Epoch 1/200 [TRAIN]:   5%|▍         | 182/4032 [00:19<06:36,  9.71it/s, Loss=0.013156, Pos=0.012821, Vel=0.00016765]Epoch 1/200 [TRAIN]:   5%|▍         | 182/4032 [00:19<06:36,  9.71it/s, Loss=0.013148, Pos=0.012813, Vel=0.00016751]Epoch 1/200 [TRAIN]:   5%|▍         | 184/4032 [00:19<06:33,  9.78it/s, Loss=0.013148, Pos=0.012813, Vel=0.00016751]Epoch 1/200 [TRAIN]:   5%|▍         | 184/4032 [00:19<06:33,  9.78it/s, Loss=0.013169, Pos=0.012834, Vel=0.00016748]Epoch 1/200 [TRAIN]:   5%|▍         | 185/4032 [00:19<06:35,  9.73it/s, Loss=0.013169, Pos=0.012834, Vel=0.00016748]Epoch 1/200 [TRAIN]:   5%|▍         | 185/4032 [00:19<06:35,  9.73it/s, Loss=0.013149, Pos=0.012815, Vel=0.00016719]Epoch 1/200 [TRAIN]:   5%|▍         | 186/4032 [00:19<06:35,  9.73it/s, Loss=0.013149, Pos=0.012815, Vel=0.00016719]Epoch 1/200 [TRAIN]:   5%|▍         | 186/4032 [00:19<06:35,  9.73it/s, Loss=0.013107, Pos=0.012773, Vel=0.00016713]Epoch 1/200 [TRAIN]:   5%|▍         | 187/4032 [00:19<06:45,  9.47it/s, Loss=0.013107, Pos=0.012773, Vel=0.00016713]Epoch 1/200 [TRAIN]:   5%|▍         | 187/4032 [00:19<06:45,  9.47it/s, Loss=0.013054, Pos=0.012721, Vel=0.00016679]Epoch 1/200 [TRAIN]:   5%|▍         | 187/4032 [00:19<06:45,  9.47it/s, Loss=0.013004, Pos=0.012671, Vel=0.00016659]Epoch 1/200 [TRAIN]:   5%|▍         | 189/4032 [00:19<06:37,  9.66it/s, Loss=0.013004, Pos=0.012671, Vel=0.00016659]Epoch 1/200 [TRAIN]:   5%|▍         | 189/4032 [00:19<06:37,  9.66it/s, Loss=0.012982, Pos=0.012648, Vel=0.00016672]Epoch 1/200 [TRAIN]:   5%|▍         | 190/4032 [00:19<06:39,  9.63it/s, Loss=0.012982, Pos=0.012648, Vel=0.00016672]Epoch 1/200 [TRAIN]:   5%|▍         | 190/4032 [00:19<06:39,  9.63it/s, Loss=0.012965, Pos=0.012632, Vel=0.00016652]Epoch 1/200 [TRAIN]:   5%|▍         | 190/4032 [00:20<06:39,  9.63it/s, Loss=0.012924, Pos=0.012592, Vel=0.00016617]Epoch 1/200 [TRAIN]:   5%|▍         | 192/4032 [00:20<06:08, 10.43it/s, Loss=0.012924, Pos=0.012592, Vel=0.00016617]Epoch 1/200 [TRAIN]:   5%|▍         | 192/4032 [00:20<06:08, 10.43it/s, Loss=0.012890, Pos=0.012559, Vel=0.00016590]Epoch 1/200 [TRAIN]:   5%|▍         | 192/4032 [00:20<06:08, 10.43it/s, Loss=0.012926, Pos=0.012594, Vel=0.00016591]Epoch 1/200 [TRAIN]:   5%|▍         | 194/4032 [00:20<06:16, 10.18it/s, Loss=0.012926, Pos=0.012594, Vel=0.00016591]Epoch 1/200 [TRAIN]:   5%|▍         | 194/4032 [00:20<06:16, 10.18it/s, Loss=0.012958, Pos=0.012627, Vel=0.00016568]Epoch 1/200 [TRAIN]:   5%|▍         | 194/4032 [00:20<06:16, 10.18it/s, Loss=0.012950, Pos=0.012620, Vel=0.00016537]Epoch 1/200 [TRAIN]:   5%|▍         | 196/4032 [00:20<06:24,  9.98it/s, Loss=0.012950, Pos=0.012620, Vel=0.00016537]Epoch 1/200 [TRAIN]:   5%|▍         | 196/4032 [00:20<06:24,  9.98it/s, Loss=0.012900, Pos=0.012569, Vel=0.00016516]Epoch 1/200 [TRAIN]:   5%|▍         | 197/4032 [00:20<06:28,  9.87it/s, Loss=0.012900, Pos=0.012569, Vel=0.00016516]Epoch 1/200 [TRAIN]:   5%|▍         | 197/4032 [00:20<06:28,  9.87it/s, Loss=0.012890, Pos=0.012560, Vel=0.00016501]Epoch 1/200 [TRAIN]:   5%|▍         | 197/4032 [00:20<06:28,  9.87it/s, Loss=0.013279, Pos=0.012948, Vel=0.00016511]Epoch 1/200 [TRAIN]:   5%|▍         | 199/4032 [00:20<05:41, 11.21it/s, Loss=0.013279, Pos=0.012948, Vel=0.00016511]Epoch 1/200 [TRAIN]:   5%|▍         | 199/4032 [00:20<05:41, 11.21it/s, Loss=0.013343, Pos=0.013009, Vel=0.00016668]Epoch 1/200 [TRAIN]:   5%|▍         | 199/4032 [00:20<05:41, 11.21it/s, Loss=0.013302, Pos=0.012969, Vel=0.00016649]Epoch 1/200 [TRAIN]:   5%|▍         | 201/4032 [00:20<06:00, 10.63it/s, Loss=0.013302, Pos=0.012969, Vel=0.00016649]Epoch 1/200 [TRAIN]:   5%|▍         | 201/4032 [00:21<06:00, 10.63it/s, Loss=0.013328, Pos=0.012996, Vel=0.00016630]Epoch 1/200 [TRAIN]:   5%|▍         | 201/4032 [00:21<06:00, 10.63it/s, Loss=0.013281, Pos=0.012949, Vel=0.00016604]Epoch 1/200 [TRAIN]:   5%|▌         | 203/4032 [00:21<05:52, 10.85it/s, Loss=0.013281, Pos=0.012949, Vel=0.00016604]Epoch 1/200 [TRAIN]:   5%|▌         | 203/4032 [00:21<05:52, 10.85it/s, Loss=0.013375, Pos=0.013042, Vel=0.00016656]Epoch 1/200 [TRAIN]:   5%|▌         | 203/4032 [00:21<05:52, 10.85it/s, Loss=0.013339, Pos=0.013006, Vel=0.00016618]Epoch 1/200 [TRAIN]:   5%|▌         | 205/4032 [00:21<05:59, 10.63it/s, Loss=0.013339, Pos=0.013006, Vel=0.00016618]Epoch 1/200 [TRAIN]:   5%|▌         | 205/4032 [00:21<05:59, 10.63it/s, Loss=0.013282, Pos=0.012950, Vel=0.00016582]Epoch 1/200 [TRAIN]:   5%|▌         | 205/4032 [00:21<05:59, 10.63it/s, Loss=0.013254, Pos=0.012923, Vel=0.00016556]Epoch 1/200 [TRAIN]:   5%|▌         | 207/4032 [00:21<06:11, 10.29it/s, Loss=0.013254, Pos=0.012923, Vel=0.00016556]Epoch 1/200 [TRAIN]:   5%|▌         | 207/4032 [00:21<06:11, 10.29it/s, Loss=0.013269, Pos=0.012939, Vel=0.00016532]Epoch 1/200 [TRAIN]:   5%|▌         | 207/4032 [00:21<06:11, 10.29it/s, Loss=0.013257, Pos=0.012927, Vel=0.00016498]Epoch 1/200 [TRAIN]:   5%|▌         | 209/4032 [00:21<05:51, 10.89it/s, Loss=0.013257, Pos=0.012927, Vel=0.00016498]Epoch 1/200 [TRAIN]:   5%|▌         | 209/4032 [00:21<05:51, 10.89it/s, Loss=0.013304, Pos=0.012974, Vel=0.00016502]Epoch 1/200 [TRAIN]:   5%|▌         | 209/4032 [00:21<05:51, 10.89it/s, Loss=0.013248, Pos=0.012919, Vel=0.00016463]Epoch 1/200 [TRAIN]:   5%|▌         | 211/4032 [00:21<05:41, 11.20it/s, Loss=0.013248, Pos=0.012919, Vel=0.00016463]Epoch 1/200 [TRAIN]:   5%|▌         | 211/4032 [00:21<05:41, 11.20it/s, Loss=0.013217, Pos=0.012888, Vel=0.00016455]Epoch 1/200 [TRAIN]:   5%|▌         | 211/4032 [00:22<05:41, 11.20it/s, Loss=0.013174, Pos=0.012845, Vel=0.00016427]Epoch 1/200 [TRAIN]:   5%|▌         | 213/4032 [00:22<06:01, 10.56it/s, Loss=0.013174, Pos=0.012845, Vel=0.00016427]Epoch 1/200 [TRAIN]:   5%|▌         | 213/4032 [00:22<06:01, 10.56it/s, Loss=0.013150, Pos=0.012823, Vel=0.00016393]Epoch 1/200 [TRAIN]:   5%|▌         | 213/4032 [00:22<06:01, 10.56it/s, Loss=0.013166, Pos=0.012839, Vel=0.00016360]Epoch 1/200 [TRAIN]:   5%|▌         | 215/4032 [00:22<06:09, 10.33it/s, Loss=0.013166, Pos=0.012839, Vel=0.00016360]Epoch 1/200 [TRAIN]:   5%|▌         | 215/4032 [00:22<06:09, 10.33it/s, Loss=0.013115, Pos=0.012788, Vel=0.00016337]Epoch 1/200 [TRAIN]:   5%|▌         | 215/4032 [00:22<06:09, 10.33it/s, Loss=0.013105, Pos=0.012779, Vel=0.00016313]Epoch 1/200 [TRAIN]:   5%|▌         | 217/4032 [00:22<06:21,  9.99it/s, Loss=0.013105, Pos=0.012779, Vel=0.00016313]Epoch 1/200 [TRAIN]:   5%|▌         | 217/4032 [00:22<06:21,  9.99it/s, Loss=0.013061, Pos=0.012736, Vel=0.00016277]Epoch 1/200 [TRAIN]:   5%|▌         | 217/4032 [00:22<06:21,  9.99it/s, Loss=0.013084, Pos=0.012759, Vel=0.00016265]Epoch 1/200 [TRAIN]:   5%|▌         | 219/4032 [00:22<06:33,  9.68it/s, Loss=0.013084, Pos=0.012759, Vel=0.00016265]Epoch 1/200 [TRAIN]:   5%|▌         | 219/4032 [00:22<06:33,  9.68it/s, Loss=0.013059, Pos=0.012734, Vel=0.00016229]Epoch 1/200 [TRAIN]:   5%|▌         | 220/4032 [00:22<06:36,  9.61it/s, Loss=0.013059, Pos=0.012734, Vel=0.00016229]Epoch 1/200 [TRAIN]:   5%|▌         | 220/4032 [00:22<06:36,  9.61it/s, Loss=0.013010, Pos=0.012686, Vel=0.00016192]Epoch 1/200 [TRAIN]:   5%|▌         | 220/4032 [00:23<06:36,  9.61it/s, Loss=0.012979, Pos=0.012655, Vel=0.00016199]Epoch 1/200 [TRAIN]:   6%|▌         | 222/4032 [00:23<06:17, 10.09it/s, Loss=0.012979, Pos=0.012655, Vel=0.00016199]Epoch 1/200 [TRAIN]:   6%|▌         | 222/4032 [00:23<06:17, 10.09it/s, Loss=0.012948, Pos=0.012625, Vel=0.00016166]Epoch 1/200 [TRAIN]:   6%|▌         | 222/4032 [00:23<06:17, 10.09it/s, Loss=0.012929, Pos=0.012606, Vel=0.00016139]Epoch 1/200 [TRAIN]:   6%|▌         | 224/4032 [00:23<06:12, 10.23it/s, Loss=0.012929, Pos=0.012606, Vel=0.00016139]Epoch 1/200 [TRAIN]:   6%|▌         | 224/4032 [00:23<06:12, 10.23it/s, Loss=0.012921, Pos=0.012598, Vel=0.00016106]Epoch 1/200 [TRAIN]:   6%|▌         | 224/4032 [00:23<06:12, 10.23it/s, Loss=0.012885, Pos=0.012564, Vel=0.00016075]Epoch 1/200 [TRAIN]:   6%|▌         | 226/4032 [00:23<06:20,  9.99it/s, Loss=0.012885, Pos=0.012564, Vel=0.00016075]Epoch 1/200 [TRAIN]:   6%|▌         | 226/4032 [00:23<06:20,  9.99it/s, Loss=0.012957, Pos=0.012635, Vel=0.00016086]Epoch 1/200 [TRAIN]:   6%|▌         | 226/4032 [00:23<06:20,  9.99it/s, Loss=0.012945, Pos=0.012623, Vel=0.00016064]Epoch 1/200 [TRAIN]:   6%|▌         | 228/4032 [00:23<06:28,  9.79it/s, Loss=0.012945, Pos=0.012623, Vel=0.00016064]Epoch 1/200 [TRAIN]:   6%|▌         | 228/4032 [00:23<06:28,  9.79it/s, Loss=0.012909, Pos=0.012588, Vel=0.00016030]Epoch 1/200 [TRAIN]:   6%|▌         | 228/4032 [00:23<06:28,  9.79it/s, Loss=0.012889, Pos=0.012568, Vel=0.00016016]Epoch 1/200 [TRAIN]:   6%|▌         | 230/4032 [00:23<06:21,  9.98it/s, Loss=0.012889, Pos=0.012568, Vel=0.00016016]Epoch 1/200 [TRAIN]:   6%|▌         | 230/4032 [00:23<06:21,  9.98it/s, Loss=0.012863, Pos=0.012544, Vel=0.00015982]Epoch 1/200 [TRAIN]:   6%|▌         | 230/4032 [00:24<06:21,  9.98it/s, Loss=0.012839, Pos=0.012520, Vel=0.00015945]Epoch 1/200 [TRAIN]:   6%|▌         | 232/4032 [00:24<06:28,  9.78it/s, Loss=0.012839, Pos=0.012520, Vel=0.00015945]Epoch 1/200 [TRAIN]:   6%|▌         | 232/4032 [00:24<06:28,  9.78it/s, Loss=0.012856, Pos=0.012536, Vel=0.00015968]Epoch 1/200 [TRAIN]:   6%|▌         | 233/4032 [00:24<06:36,  9.57it/s, Loss=0.012856, Pos=0.012536, Vel=0.00015968]Epoch 1/200 [TRAIN]:   6%|▌         | 233/4032 [00:24<06:36,  9.57it/s, Loss=0.012919, Pos=0.012599, Vel=0.00015972]Epoch 1/200 [TRAIN]:   6%|▌         | 234/4032 [00:24<06:33,  9.65it/s, Loss=0.012919, Pos=0.012599, Vel=0.00015972]Epoch 1/200 [TRAIN]:   6%|▌         | 234/4032 [00:24<06:33,  9.65it/s, Loss=0.012908, Pos=0.012589, Vel=0.00015943]Epoch 1/200 [TRAIN]:   6%|▌         | 235/4032 [00:24<06:42,  9.44it/s, Loss=0.012908, Pos=0.012589, Vel=0.00015943]Epoch 1/200 [TRAIN]:   6%|▌         | 235/4032 [00:24<06:42,  9.44it/s, Loss=0.012870, Pos=0.012552, Vel=0.00015925]Epoch 1/200 [TRAIN]:   6%|▌         | 235/4032 [00:24<06:42,  9.44it/s, Loss=0.012930, Pos=0.012612, Vel=0.00015900]Epoch 1/200 [TRAIN]:   6%|▌         | 237/4032 [00:24<06:33,  9.64it/s, Loss=0.012930, Pos=0.012612, Vel=0.00015900]Epoch 1/200 [TRAIN]:   6%|▌         | 237/4032 [00:24<06:33,  9.64it/s, Loss=0.012948, Pos=0.012631, Vel=0.00015865]Epoch 1/200 [TRAIN]:   6%|▌         | 238/4032 [00:24<06:33,  9.63it/s, Loss=0.012948, Pos=0.012631, Vel=0.00015865]Epoch 1/200 [TRAIN]:   6%|▌         | 238/4032 [00:24<06:33,  9.63it/s, Loss=0.012979, Pos=0.012662, Vel=0.00015852]Epoch 1/200 [TRAIN]:   6%|▌         | 239/4032 [00:24<06:35,  9.59it/s, Loss=0.012979, Pos=0.012662, Vel=0.00015852]Epoch 1/200 [TRAIN]:   6%|▌         | 239/4032 [00:24<06:35,  9.59it/s, Loss=0.012932, Pos=0.012615, Vel=0.00015818]Epoch 1/200 [TRAIN]:   6%|▌         | 240/4032 [00:24<06:36,  9.57it/s, Loss=0.012932, Pos=0.012615, Vel=0.00015818]Epoch 1/200 [TRAIN]:   6%|▌         | 240/4032 [00:24<06:36,  9.57it/s, Loss=0.012917, Pos=0.012601, Vel=0.00015790]Epoch 1/200 [TRAIN]:   6%|▌         | 241/4032 [00:24<06:37,  9.53it/s, Loss=0.012917, Pos=0.012601, Vel=0.00015790]Epoch 1/200 [TRAIN]:   6%|▌         | 241/4032 [00:25<06:37,  9.53it/s, Loss=0.012915, Pos=0.012596, Vel=0.00015957]Epoch 1/200 [TRAIN]:   6%|▌         | 242/4032 [00:25<06:49,  9.26it/s, Loss=0.012915, Pos=0.012596, Vel=0.00015957]Epoch 1/200 [TRAIN]:   6%|▌         | 242/4032 [00:25<06:49,  9.26it/s, Loss=0.012910, Pos=0.012591, Vel=0.00015962]Epoch 1/200 [TRAIN]:   6%|▌         | 242/4032 [00:25<06:49,  9.26it/s, Loss=0.012958, Pos=0.012638, Vel=0.00015960]Epoch 1/200 [TRAIN]:   6%|▌         | 244/4032 [00:25<06:40,  9.47it/s, Loss=0.012958, Pos=0.012638, Vel=0.00015960]Epoch 1/200 [TRAIN]:   6%|▌         | 244/4032 [00:25<06:40,  9.47it/s, Loss=0.012993, Pos=0.012674, Vel=0.00015946]Epoch 1/200 [TRAIN]:   6%|▌         | 244/4032 [00:25<06:40,  9.47it/s, Loss=0.012959, Pos=0.012640, Vel=0.00015923]Epoch 1/200 [TRAIN]:   6%|▌         | 246/4032 [00:25<06:10, 10.21it/s, Loss=0.012959, Pos=0.012640, Vel=0.00015923]Epoch 1/200 [TRAIN]:   6%|▌         | 246/4032 [00:25<06:10, 10.21it/s, Loss=0.012937, Pos=0.012618, Vel=0.00015916]Epoch 1/200 [TRAIN]:   6%|▌         | 246/4032 [00:25<06:10, 10.21it/s, Loss=0.012902, Pos=0.012584, Vel=0.00015882]Epoch 1/200 [TRAIN]:   6%|▌         | 248/4032 [00:25<06:23,  9.86it/s, Loss=0.012902, Pos=0.012584, Vel=0.00015882]Epoch 1/200 [TRAIN]:   6%|▌         | 248/4032 [00:25<06:23,  9.86it/s, Loss=0.012883, Pos=0.012565, Vel=0.00015869]Epoch 1/200 [TRAIN]:   6%|▌         | 248/4032 [00:25<06:23,  9.86it/s, Loss=0.012873, Pos=0.012556, Vel=0.00015837]Epoch 1/200 [TRAIN]:   6%|▌         | 250/4032 [00:25<06:18, 10.00it/s, Loss=0.012873, Pos=0.012556, Vel=0.00015837]Epoch 1/200 [TRAIN]:   6%|▌         | 250/4032 [00:25<06:18, 10.00it/s, Loss=0.012867, Pos=0.012550, Vel=0.00015839]Epoch 1/200 [TRAIN]:   6%|▌         | 250/4032 [00:26<06:18, 10.00it/s, Loss=0.012834, Pos=0.012518, Vel=0.00015810]Epoch 1/200 [TRAIN]:   6%|▋         | 252/4032 [00:26<06:20,  9.92it/s, Loss=0.012834, Pos=0.012518, Vel=0.00015810]Epoch 1/200 [TRAIN]:   6%|▋         | 252/4032 [00:26<06:20,  9.92it/s, Loss=0.012845, Pos=0.012529, Vel=0.00015812]Epoch 1/200 [TRAIN]:   6%|▋         | 253/4032 [00:26<06:27,  9.76it/s, Loss=0.012845, Pos=0.012529, Vel=0.00015812]Epoch 1/200 [TRAIN]:   6%|▋         | 253/4032 [00:26<06:27,  9.76it/s, Loss=0.012839, Pos=0.012523, Vel=0.00015786]Epoch 1/200 [TRAIN]:   6%|▋         | 254/4032 [00:26<06:28,  9.74it/s, Loss=0.012839, Pos=0.012523, Vel=0.00015786]Epoch 1/200 [TRAIN]:   6%|▋         | 254/4032 [00:26<06:28,  9.74it/s, Loss=0.012893, Pos=0.012577, Vel=0.00015826]Epoch 1/200 [TRAIN]:   6%|▋         | 255/4032 [00:26<06:31,  9.66it/s, Loss=0.012893, Pos=0.012577, Vel=0.00015826]Epoch 1/200 [TRAIN]:   6%|▋         | 255/4032 [00:26<06:31,  9.66it/s, Loss=0.012908, Pos=0.012592, Vel=0.00015802]Epoch 1/200 [TRAIN]:   6%|▋         | 256/4032 [00:26<06:35,  9.55it/s, Loss=0.012908, Pos=0.012592, Vel=0.00015802]Epoch 1/200 [TRAIN]:   6%|▋         | 256/4032 [00:26<06:35,  9.55it/s, Loss=0.012895, Pos=0.012579, Vel=0.00015804]Epoch 1/200 [TRAIN]:   6%|▋         | 257/4032 [00:26<06:38,  9.47it/s, Loss=0.012895, Pos=0.012579, Vel=0.00015804]Epoch 1/200 [TRAIN]:   6%|▋         | 257/4032 [00:26<06:38,  9.47it/s, Loss=0.012924, Pos=0.012608, Vel=0.00015790]Epoch 1/200 [TRAIN]:   6%|▋         | 257/4032 [00:26<06:38,  9.47it/s, Loss=0.012944, Pos=0.012629, Vel=0.00015780]Epoch 1/200 [TRAIN]:   6%|▋         | 259/4032 [00:26<06:22,  9.87it/s, Loss=0.012944, Pos=0.012629, Vel=0.00015780]Epoch 1/200 [TRAIN]:   6%|▋         | 259/4032 [00:26<06:22,  9.87it/s, Loss=0.012912, Pos=0.012597, Vel=0.00015754]Epoch 1/200 [TRAIN]:   6%|▋         | 260/4032 [00:26<06:22,  9.86it/s, Loss=0.012912, Pos=0.012597, Vel=0.00015754]Epoch 1/200 [TRAIN]:   6%|▋         | 260/4032 [00:27<06:22,  9.86it/s, Loss=0.012973, Pos=0.012658, Vel=0.00015747]Epoch 1/200 [TRAIN]:   6%|▋         | 261/4032 [00:27<06:28,  9.70it/s, Loss=0.012973, Pos=0.012658, Vel=0.00015747]Epoch 1/200 [TRAIN]:   6%|▋         | 261/4032 [00:27<06:28,  9.70it/s, Loss=0.013044, Pos=0.012729, Vel=0.00015740]Epoch 1/200 [TRAIN]:   6%|▋         | 261/4032 [00:27<06:28,  9.70it/s, Loss=0.013053, Pos=0.012739, Vel=0.00015719]Epoch 1/200 [TRAIN]:   7%|▋         | 263/4032 [00:27<05:56, 10.58it/s, Loss=0.013053, Pos=0.012739, Vel=0.00015719]Epoch 1/200 [TRAIN]:   7%|▋         | 263/4032 [00:27<05:56, 10.58it/s, Loss=0.013027, Pos=0.012713, Vel=0.00015692]Epoch 1/200 [TRAIN]:   7%|▋         | 263/4032 [00:27<05:56, 10.58it/s, Loss=0.012995, Pos=0.012682, Vel=0.00015660]Epoch 1/200 [TRAIN]:   7%|▋         | 265/4032 [00:27<06:18,  9.94it/s, Loss=0.012995, Pos=0.012682, Vel=0.00015660]Epoch 1/200 [TRAIN]:   7%|▋         | 265/4032 [00:27<06:18,  9.94it/s, Loss=0.012970, Pos=0.012657, Vel=0.00015633]Epoch 1/200 [TRAIN]:   7%|▋         | 266/4032 [00:27<06:18,  9.95it/s, Loss=0.012970, Pos=0.012657, Vel=0.00015633]Epoch 1/200 [TRAIN]:   7%|▋         | 266/4032 [00:27<06:18,  9.95it/s, Loss=0.012962, Pos=0.012649, Vel=0.00015610]Epoch 1/200 [TRAIN]:   7%|▋         | 266/4032 [00:27<06:18,  9.95it/s, Loss=0.012965, Pos=0.012653, Vel=0.00015584]Epoch 1/200 [TRAIN]:   7%|▋         | 268/4032 [00:27<06:23,  9.82it/s, Loss=0.012965, Pos=0.012653, Vel=0.00015584]Epoch 1/200 [TRAIN]:   7%|▋         | 268/4032 [00:27<06:23,  9.82it/s, Loss=0.012926, Pos=0.012615, Vel=0.00015565]Epoch 1/200 [TRAIN]:   7%|▋         | 269/4032 [00:27<06:26,  9.73it/s, Loss=0.012926, Pos=0.012615, Vel=0.00015565]Epoch 1/200 [TRAIN]:   7%|▋         | 269/4032 [00:27<06:26,  9.73it/s, Loss=0.012960, Pos=0.012649, Vel=0.00015555]Epoch 1/200 [TRAIN]:   7%|▋         | 269/4032 [00:27<06:26,  9.73it/s, Loss=0.012920, Pos=0.012610, Vel=0.00015523]Epoch 1/200 [TRAIN]:   7%|▋         | 271/4032 [00:27<05:48, 10.79it/s, Loss=0.012920, Pos=0.012610, Vel=0.00015523]Epoch 1/200 [TRAIN]:   7%|▋         | 271/4032 [00:28<05:48, 10.79it/s, Loss=0.012915, Pos=0.012605, Vel=0.00015499]Epoch 1/200 [TRAIN]:   7%|▋         | 271/4032 [00:28<05:48, 10.79it/s, Loss=0.012879, Pos=0.012569, Vel=0.00015470]Epoch 1/200 [TRAIN]:   7%|▋         | 273/4032 [00:28<05:31, 11.33it/s, Loss=0.012879, Pos=0.012569, Vel=0.00015470]Epoch 1/200 [TRAIN]:   7%|▋         | 273/4032 [00:28<05:31, 11.33it/s, Loss=0.012922, Pos=0.012612, Vel=0.00015466]Epoch 1/200 [TRAIN]:   7%|▋         | 273/4032 [00:28<05:31, 11.33it/s, Loss=0.012893, Pos=0.012584, Vel=0.00015455]Epoch 1/200 [TRAIN]:   7%|▋         | 275/4032 [00:28<05:44, 10.91it/s, Loss=0.012893, Pos=0.012584, Vel=0.00015455]Epoch 1/200 [TRAIN]:   7%|▋         | 275/4032 [00:28<05:44, 10.91it/s, Loss=0.012858, Pos=0.012549, Vel=0.00015425]Epoch 1/200 [TRAIN]:   7%|▋         | 275/4032 [00:28<05:44, 10.91it/s, Loss=0.012841, Pos=0.012533, Vel=0.00015400]Epoch 1/200 [TRAIN]:   7%|▋         | 277/4032 [00:28<05:56, 10.53it/s, Loss=0.012841, Pos=0.012533, Vel=0.00015400]Epoch 1/200 [TRAIN]:   7%|▋         | 277/4032 [00:28<05:56, 10.53it/s, Loss=0.012827, Pos=0.012519, Vel=0.00015402]Epoch 1/200 [TRAIN]:   7%|▋         | 277/4032 [00:28<05:56, 10.53it/s, Loss=0.012835, Pos=0.012526, Vel=0.00015433]Epoch 1/200 [TRAIN]:   7%|▋         | 279/4032 [00:28<06:08, 10.20it/s, Loss=0.012835, Pos=0.012526, Vel=0.00015433]Epoch 1/200 [TRAIN]:   7%|▋         | 279/4032 [00:28<06:08, 10.20it/s, Loss=0.012797, Pos=0.012489, Vel=0.00015412]Epoch 1/200 [TRAIN]:   7%|▋         | 279/4032 [00:28<06:08, 10.20it/s, Loss=0.012766, Pos=0.012459, Vel=0.00015388]Epoch 1/200 [TRAIN]:   7%|▋         | 281/4032 [00:28<06:17,  9.94it/s, Loss=0.012766, Pos=0.012459, Vel=0.00015388]Epoch 1/200 [TRAIN]:   7%|▋         | 281/4032 [00:29<06:17,  9.94it/s, Loss=0.012750, Pos=0.012442, Vel=0.00015373]Epoch 1/200 [TRAIN]:   7%|▋         | 281/4032 [00:29<06:17,  9.94it/s, Loss=0.012742, Pos=0.012436, Vel=0.00015345]Epoch 1/200 [TRAIN]:   7%|▋         | 283/4032 [00:29<06:23,  9.77it/s, Loss=0.012742, Pos=0.012436, Vel=0.00015345]Epoch 1/200 [TRAIN]:   7%|▋         | 283/4032 [00:29<06:23,  9.77it/s, Loss=0.012769, Pos=0.012462, Vel=0.00015326]Epoch 1/200 [TRAIN]:   7%|▋         | 284/4032 [00:29<06:27,  9.67it/s, Loss=0.012769, Pos=0.012462, Vel=0.00015326]Epoch 1/200 [TRAIN]:   7%|▋         | 284/4032 [00:29<06:27,  9.67it/s, Loss=0.012739, Pos=0.012433, Vel=0.00015318]Epoch 1/200 [TRAIN]:   7%|▋         | 285/4032 [00:29<06:32,  9.54it/s, Loss=0.012739, Pos=0.012433, Vel=0.00015318]Epoch 1/200 [TRAIN]:   7%|▋         | 285/4032 [00:29<06:32,  9.54it/s, Loss=0.012745, Pos=0.012440, Vel=0.00015296]Epoch 1/200 [TRAIN]:   7%|▋         | 286/4032 [00:29<06:30,  9.60it/s, Loss=0.012745, Pos=0.012440, Vel=0.00015296]Epoch 1/200 [TRAIN]:   7%|▋         | 286/4032 [00:29<06:30,  9.60it/s, Loss=0.012755, Pos=0.012449, Vel=0.00015295]Epoch 1/200 [TRAIN]:   7%|▋         | 287/4032 [00:29<06:31,  9.56it/s, Loss=0.012755, Pos=0.012449, Vel=0.00015295]Epoch 1/200 [TRAIN]:   7%|▋         | 287/4032 [00:29<06:31,  9.56it/s, Loss=0.012748, Pos=0.012442, Vel=0.00015266]Epoch 1/200 [TRAIN]:   7%|▋         | 287/4032 [00:29<06:31,  9.56it/s, Loss=0.012722, Pos=0.012417, Vel=0.00015241]Epoch 1/200 [TRAIN]:   7%|▋         | 289/4032 [00:29<06:15,  9.96it/s, Loss=0.012722, Pos=0.012417, Vel=0.00015241]Epoch 1/200 [TRAIN]:   7%|▋         | 289/4032 [00:29<06:15,  9.96it/s, Loss=0.012703, Pos=0.012398, Vel=0.00015222]Epoch 1/200 [TRAIN]:   7%|▋         | 290/4032 [00:29<06:22,  9.79it/s, Loss=0.012703, Pos=0.012398, Vel=0.00015222]Epoch 1/200 [TRAIN]:   7%|▋         | 290/4032 [00:29<06:22,  9.79it/s, Loss=0.012701, Pos=0.012397, Vel=0.00015198]Epoch 1/200 [TRAIN]:   7%|▋         | 290/4032 [00:30<06:22,  9.79it/s, Loss=0.012686, Pos=0.012382, Vel=0.00015197]Epoch 1/200 [TRAIN]:   7%|▋         | 292/4032 [00:30<05:50, 10.68it/s, Loss=0.012686, Pos=0.012382, Vel=0.00015197]Epoch 1/200 [TRAIN]:   7%|▋         | 292/4032 [00:30<05:50, 10.68it/s, Loss=0.012667, Pos=0.012363, Vel=0.00015175]Epoch 1/200 [TRAIN]:   7%|▋         | 292/4032 [00:30<05:50, 10.68it/s, Loss=0.012631, Pos=0.012328, Vel=0.00015156]Epoch 1/200 [TRAIN]:   7%|▋         | 294/4032 [00:30<06:04, 10.26it/s, Loss=0.012631, Pos=0.012328, Vel=0.00015156]Epoch 1/200 [TRAIN]:   7%|▋         | 294/4032 [00:30<06:04, 10.26it/s, Loss=0.012605, Pos=0.012303, Vel=0.00015134]Epoch 1/200 [TRAIN]:   7%|▋         | 294/4032 [00:30<06:04, 10.26it/s, Loss=0.012635, Pos=0.012333, Vel=0.00015112]Epoch 1/200 [TRAIN]:   7%|▋         | 296/4032 [00:30<06:22,  9.76it/s, Loss=0.012635, Pos=0.012333, Vel=0.00015112]Epoch 1/200 [TRAIN]:   7%|▋         | 296/4032 [00:30<06:22,  9.76it/s, Loss=0.012649, Pos=0.012347, Vel=0.00015090]Epoch 1/200 [TRAIN]:   7%|▋         | 296/4032 [00:30<06:22,  9.76it/s, Loss=0.012654, Pos=0.012352, Vel=0.00015074]Epoch 1/200 [TRAIN]:   7%|▋         | 298/4032 [00:30<05:37, 11.07it/s, Loss=0.012654, Pos=0.012352, Vel=0.00015074]Epoch 1/200 [TRAIN]:   7%|▋         | 298/4032 [00:30<05:37, 11.07it/s, Loss=0.012630, Pos=0.012328, Vel=0.00015072]Epoch 1/200 [TRAIN]:   7%|▋         | 298/4032 [00:30<05:37, 11.07it/s, Loss=0.012604, Pos=0.012303, Vel=0.00015050]Epoch 1/200 [TRAIN]:   7%|▋         | 300/4032 [00:30<05:22, 11.56it/s, Loss=0.012604, Pos=0.012303, Vel=0.00015050]Epoch 1/200 [TRAIN]:   7%|▋         | 300/4032 [00:30<05:22, 11.56it/s, Loss=0.012585, Pos=0.012284, Vel=0.00015031]Epoch 1/200 [TRAIN]:   7%|▋         | 300/4032 [00:30<05:22, 11.56it/s, Loss=0.012620, Pos=0.012320, Vel=0.00015031]Epoch 1/200 [TRAIN]:   7%|▋         | 302/4032 [00:30<05:37, 11.05it/s, Loss=0.012620, Pos=0.012320, Vel=0.00015031]Epoch 1/200 [TRAIN]:   7%|▋         | 302/4032 [00:31<05:37, 11.05it/s, Loss=0.012611, Pos=0.012309, Vel=0.00015056]Epoch 1/200 [TRAIN]:   7%|▋         | 302/4032 [00:31<05:37, 11.05it/s, Loss=0.012587, Pos=0.012287, Vel=0.00015029]Epoch 1/200 [TRAIN]:   8%|▊         | 304/4032 [00:31<05:33, 11.18it/s, Loss=0.012587, Pos=0.012287, Vel=0.00015029]Epoch 1/200 [TRAIN]:   8%|▊         | 304/4032 [00:31<05:33, 11.18it/s, Loss=0.012600, Pos=0.012300, Vel=0.00015006]Epoch 1/200 [TRAIN]:   8%|▊         | 304/4032 [00:31<05:33, 11.18it/s, Loss=0.012579, Pos=0.012279, Vel=0.00014983]Epoch 1/200 [TRAIN]:   8%|▊         | 306/4032 [00:31<05:55, 10.48it/s, Loss=0.012579, Pos=0.012279, Vel=0.00014983]Epoch 1/200 [TRAIN]:   8%|▊         | 306/4032 [00:31<05:55, 10.48it/s, Loss=0.012667, Pos=0.012367, Vel=0.00014972]Epoch 1/200 [TRAIN]:   8%|▊         | 306/4032 [00:31<05:55, 10.48it/s, Loss=0.012643, Pos=0.012344, Vel=0.00014948]Epoch 1/200 [TRAIN]:   8%|▊         | 308/4032 [00:31<06:02, 10.26it/s, Loss=0.012643, Pos=0.012344, Vel=0.00014948]Epoch 1/200 [TRAIN]:   8%|▊         | 308/4032 [00:31<06:02, 10.26it/s, Loss=0.012622, Pos=0.012324, Vel=0.00014927]Epoch 1/200 [TRAIN]:   8%|▊         | 308/4032 [00:31<06:02, 10.26it/s, Loss=0.012613, Pos=0.012314, Vel=0.00014918]Epoch 1/200 [TRAIN]:   8%|▊         | 310/4032 [00:31<06:16,  9.90it/s, Loss=0.012613, Pos=0.012314, Vel=0.00014918]Epoch 1/200 [TRAIN]:   8%|▊         | 310/4032 [00:31<06:16,  9.90it/s, Loss=0.012590, Pos=0.012292, Vel=0.00014919]Epoch 1/200 [TRAIN]:   8%|▊         | 310/4032 [00:31<06:16,  9.90it/s, Loss=0.012596, Pos=0.012298, Vel=0.00014905]Epoch 1/200 [TRAIN]:   8%|▊         | 312/4032 [00:31<05:42, 10.87it/s, Loss=0.012596, Pos=0.012298, Vel=0.00014905]Epoch 1/200 [TRAIN]:   8%|▊         | 312/4032 [00:32<05:42, 10.87it/s, Loss=0.012671, Pos=0.012372, Vel=0.00014978]Epoch 1/200 [TRAIN]:   8%|▊         | 312/4032 [00:32<05:42, 10.87it/s, Loss=0.012659, Pos=0.012360, Vel=0.00014973]Epoch 1/200 [TRAIN]:   8%|▊         | 314/4032 [00:32<05:57, 10.39it/s, Loss=0.012659, Pos=0.012360, Vel=0.00014973]Epoch 1/200 [TRAIN]:   8%|▊         | 314/4032 [00:32<05:57, 10.39it/s, Loss=0.012635, Pos=0.012335, Vel=0.00014951]Epoch 1/200 [TRAIN]:   8%|▊         | 314/4032 [00:32<05:57, 10.39it/s, Loss=0.012608, Pos=0.012309, Vel=0.00014925]Epoch 1/200 [TRAIN]:   8%|▊         | 316/4032 [00:32<06:06, 10.13it/s, Loss=0.012608, Pos=0.012309, Vel=0.00014925]Epoch 1/200 [TRAIN]:   8%|▊         | 316/4032 [00:32<06:06, 10.13it/s, Loss=0.012586, Pos=0.012288, Vel=0.00014905]Epoch 1/200 [TRAIN]:   8%|▊         | 316/4032 [00:32<06:06, 10.13it/s, Loss=0.012849, Pos=0.012550, Vel=0.00014907]Epoch 1/200 [TRAIN]:   8%|▊         | 318/4032 [00:32<06:11,  9.99it/s, Loss=0.012849, Pos=0.012550, Vel=0.00014907]Epoch 1/200 [TRAIN]:   8%|▊         | 318/4032 [00:32<06:11,  9.99it/s, Loss=0.012821, Pos=0.012524, Vel=0.00014888]Epoch 1/200 [TRAIN]:   8%|▊         | 318/4032 [00:32<06:11,  9.99it/s, Loss=0.012806, Pos=0.012509, Vel=0.00014875]Epoch 1/200 [TRAIN]:   8%|▊         | 320/4032 [00:32<06:23,  9.68it/s, Loss=0.012806, Pos=0.012509, Vel=0.00014875]Epoch 1/200 [TRAIN]:   8%|▊         | 320/4032 [00:32<06:23,  9.68it/s, Loss=0.012788, Pos=0.012491, Vel=0.00014850]Epoch 1/200 [TRAIN]:   8%|▊         | 321/4032 [00:32<06:22,  9.71it/s, Loss=0.012788, Pos=0.012491, Vel=0.00014850]Epoch 1/200 [TRAIN]:   8%|▊         | 321/4032 [00:32<06:22,  9.71it/s, Loss=0.012767, Pos=0.012470, Vel=0.00014830]Epoch 1/200 [TRAIN]:   8%|▊         | 322/4032 [00:32<06:25,  9.61it/s, Loss=0.012767, Pos=0.012470, Vel=0.00014830]Epoch 1/200 [TRAIN]:   8%|▊         | 322/4032 [00:33<06:25,  9.61it/s, Loss=0.012749, Pos=0.012452, Vel=0.00014817]Epoch 1/200 [TRAIN]:   8%|▊         | 323/4032 [00:33<06:27,  9.57it/s, Loss=0.012749, Pos=0.012452, Vel=0.00014817]Epoch 1/200 [TRAIN]:   8%|▊         | 323/4032 [00:33<06:27,  9.57it/s, Loss=0.012719, Pos=0.012423, Vel=0.00014806]Epoch 1/200 [TRAIN]:   8%|▊         | 324/4032 [00:33<06:28,  9.54it/s, Loss=0.012719, Pos=0.012423, Vel=0.00014806]Epoch 1/200 [TRAIN]:   8%|▊         | 324/4032 [00:33<06:28,  9.54it/s, Loss=0.012705, Pos=0.012409, Vel=0.00014795]Epoch 1/200 [TRAIN]:   8%|▊         | 325/4032 [00:33<06:29,  9.52it/s, Loss=0.012705, Pos=0.012409, Vel=0.00014795]Epoch 1/200 [TRAIN]:   8%|▊         | 325/4032 [00:33<06:29,  9.52it/s, Loss=0.012720, Pos=0.012425, Vel=0.00014781]Epoch 1/200 [TRAIN]:   8%|▊         | 325/4032 [00:33<06:29,  9.52it/s, Loss=0.012700, Pos=0.012404, Vel=0.00014774]Epoch 1/200 [TRAIN]:   8%|▊         | 327/4032 [00:33<05:59, 10.32it/s, Loss=0.012700, Pos=0.012404, Vel=0.00014774]Epoch 1/200 [TRAIN]:   8%|▊         | 327/4032 [00:33<05:59, 10.32it/s, Loss=0.012673, Pos=0.012378, Vel=0.00014757]Epoch 1/200 [TRAIN]:   8%|▊         | 327/4032 [00:33<05:59, 10.32it/s, Loss=0.012650, Pos=0.012356, Vel=0.00014730]Epoch 1/200 [TRAIN]:   8%|▊         | 329/4032 [00:33<06:06, 10.11it/s, Loss=0.012650, Pos=0.012356, Vel=0.00014730]Epoch 1/200 [TRAIN]:   8%|▊         | 329/4032 [00:33<06:06, 10.11it/s, Loss=0.012644, Pos=0.012349, Vel=0.00014750]Epoch 1/200 [TRAIN]:   8%|▊         | 329/4032 [00:33<06:06, 10.11it/s, Loss=0.012651, Pos=0.012356, Vel=0.00014740]Epoch 1/200 [TRAIN]:   8%|▊         | 331/4032 [00:33<06:13,  9.91it/s, Loss=0.012651, Pos=0.012356, Vel=0.00014740]Epoch 1/200 [TRAIN]:   8%|▊         | 331/4032 [00:33<06:13,  9.91it/s, Loss=0.012626, Pos=0.012332, Vel=0.00014717]Epoch 1/200 [TRAIN]:   8%|▊         | 331/4032 [00:34<06:13,  9.91it/s, Loss=0.012611, Pos=0.012317, Vel=0.00014699]Epoch 1/200 [TRAIN]:   8%|▊         | 333/4032 [00:34<06:02, 10.20it/s, Loss=0.012611, Pos=0.012317, Vel=0.00014699]Epoch 1/200 [TRAIN]:   8%|▊         | 333/4032 [00:34<06:02, 10.20it/s, Loss=0.012578, Pos=0.012285, Vel=0.00014674]Epoch 1/200 [TRAIN]:   8%|▊         | 333/4032 [00:34<06:02, 10.20it/s, Loss=0.012567, Pos=0.012273, Vel=0.00014658]Epoch 1/200 [TRAIN]:   8%|▊         | 335/4032 [00:34<05:46, 10.66it/s, Loss=0.012567, Pos=0.012273, Vel=0.00014658]Epoch 1/200 [TRAIN]:   8%|▊         | 335/4032 [00:34<05:46, 10.66it/s, Loss=0.012567, Pos=0.012275, Vel=0.00014635]Epoch 1/200 [TRAIN]:   8%|▊         | 335/4032 [00:34<05:46, 10.66it/s, Loss=0.012540, Pos=0.012247, Vel=0.00014618]Epoch 1/200 [TRAIN]:   8%|▊         | 337/4032 [00:34<05:58, 10.32it/s, Loss=0.012540, Pos=0.012247, Vel=0.00014618]Epoch 1/200 [TRAIN]:   8%|▊         | 337/4032 [00:34<05:58, 10.32it/s, Loss=0.012596, Pos=0.012303, Vel=0.00014645]Epoch 1/200 [TRAIN]:   8%|▊         | 337/4032 [00:34<05:58, 10.32it/s, Loss=0.012590, Pos=0.012297, Vel=0.00014630]Epoch 1/200 [TRAIN]:   8%|▊         | 339/4032 [00:34<06:00, 10.26it/s, Loss=0.012590, Pos=0.012297, Vel=0.00014630]Epoch 1/200 [TRAIN]:   8%|▊         | 339/4032 [00:34<06:00, 10.26it/s, Loss=0.012580, Pos=0.012288, Vel=0.00014618]Epoch 1/200 [TRAIN]:   8%|▊         | 339/4032 [00:34<06:00, 10.26it/s, Loss=0.012572, Pos=0.012280, Vel=0.00014596]Epoch 1/200 [TRAIN]:   8%|▊         | 341/4032 [00:34<06:07, 10.04it/s, Loss=0.012572, Pos=0.012280, Vel=0.00014596]Epoch 1/200 [TRAIN]:   8%|▊         | 341/4032 [00:34<06:07, 10.04it/s, Loss=0.012545, Pos=0.012253, Vel=0.00014572]Epoch 1/200 [TRAIN]:   8%|▊         | 341/4032 [00:35<06:07, 10.04it/s, Loss=0.012623, Pos=0.012332, Vel=0.00014550]Epoch 1/200 [TRAIN]:   9%|▊         | 343/4032 [00:35<06:10,  9.95it/s, Loss=0.012623, Pos=0.012332, Vel=0.00014550]Epoch 1/200 [TRAIN]:   9%|▊         | 343/4032 [00:35<06:10,  9.95it/s, Loss=0.012592, Pos=0.012301, Vel=0.00014541]Epoch 1/200 [TRAIN]:   9%|▊         | 344/4032 [00:35<06:16,  9.80it/s, Loss=0.012592, Pos=0.012301, Vel=0.00014541]Epoch 1/200 [TRAIN]:   9%|▊         | 344/4032 [00:35<06:16,  9.80it/s, Loss=0.012574, Pos=0.012284, Vel=0.00014525]Epoch 1/200 [TRAIN]:   9%|▊         | 345/4032 [00:35<06:22,  9.63it/s, Loss=0.012574, Pos=0.012284, Vel=0.00014525]Epoch 1/200 [TRAIN]:   9%|▊         | 345/4032 [00:35<06:22,  9.63it/s, Loss=0.012601, Pos=0.012310, Vel=0.00014525]Epoch 1/200 [TRAIN]:   9%|▊         | 345/4032 [00:35<06:22,  9.63it/s, Loss=0.012583, Pos=0.012293, Vel=0.00014509]Epoch 1/200 [TRAIN]:   9%|▊         | 347/4032 [00:35<06:27,  9.52it/s, Loss=0.012583, Pos=0.012293, Vel=0.00014509]Epoch 1/200 [TRAIN]:   9%|▊         | 347/4032 [00:35<06:27,  9.52it/s, Loss=0.012562, Pos=0.012273, Vel=0.00014489]Epoch 1/200 [TRAIN]:   9%|▊         | 347/4032 [00:35<06:27,  9.52it/s, Loss=0.012538, Pos=0.012249, Vel=0.00014467]Epoch 1/200 [TRAIN]:   9%|▊         | 349/4032 [00:35<06:24,  9.59it/s, Loss=0.012538, Pos=0.012249, Vel=0.00014467]Epoch 1/200 [TRAIN]:   9%|▊         | 349/4032 [00:35<06:24,  9.59it/s, Loss=0.012635, Pos=0.012345, Vel=0.00014503]Epoch 1/200 [TRAIN]:   9%|▊         | 350/4032 [00:35<06:29,  9.45it/s, Loss=0.012635, Pos=0.012345, Vel=0.00014503]Epoch 1/200 [TRAIN]:   9%|▊         | 350/4032 [00:35<06:29,  9.45it/s, Loss=0.012619, Pos=0.012330, Vel=0.00014488]Epoch 1/200 [TRAIN]:   9%|▊         | 351/4032 [00:35<06:39,  9.20it/s, Loss=0.012619, Pos=0.012330, Vel=0.00014488]Epoch 1/200 [TRAIN]:   9%|▊         | 351/4032 [00:36<06:39,  9.20it/s, Loss=0.012616, Pos=0.012327, Vel=0.00014477]Epoch 1/200 [TRAIN]:   9%|▊         | 352/4032 [00:36<06:35,  9.30it/s, Loss=0.012616, Pos=0.012327, Vel=0.00014477]Epoch 1/200 [TRAIN]:   9%|▊         | 352/4032 [00:36<06:35,  9.30it/s, Loss=0.012667, Pos=0.012378, Vel=0.00014461]Epoch 1/200 [TRAIN]:   9%|▉         | 353/4032 [00:36<06:39,  9.20it/s, Loss=0.012667, Pos=0.012378, Vel=0.00014461]Epoch 1/200 [TRAIN]:   9%|▉         | 353/4032 [00:36<06:39,  9.20it/s, Loss=0.012643, Pos=0.012355, Vel=0.00014440]Epoch 1/200 [TRAIN]:   9%|▉         | 353/4032 [00:36<06:39,  9.20it/s, Loss=0.012622, Pos=0.012333, Vel=0.00014428]Epoch 1/200 [TRAIN]:   9%|▉         | 355/4032 [00:36<06:24,  9.57it/s, Loss=0.012622, Pos=0.012333, Vel=0.00014428]Epoch 1/200 [TRAIN]:   9%|▉         | 355/4032 [00:36<06:24,  9.57it/s, Loss=0.012667, Pos=0.012379, Vel=0.00014421]Epoch 1/200 [TRAIN]:   9%|▉         | 356/4032 [00:36<06:24,  9.55it/s, Loss=0.012667, Pos=0.012379, Vel=0.00014421]Epoch 1/200 [TRAIN]:   9%|▉         | 356/4032 [00:36<06:24,  9.55it/s, Loss=0.012774, Pos=0.012485, Vel=0.00014418]Epoch 1/200 [TRAIN]:   9%|▉         | 357/4032 [00:36<06:24,  9.57it/s, Loss=0.012774, Pos=0.012485, Vel=0.00014418]Epoch 1/200 [TRAIN]:   9%|▉         | 357/4032 [00:36<06:24,  9.57it/s, Loss=0.012748, Pos=0.012461, Vel=0.00014398]Epoch 1/200 [TRAIN]:   9%|▉         | 357/4032 [00:36<06:24,  9.57it/s, Loss=0.012745, Pos=0.012458, Vel=0.00014391]Epoch 1/200 [TRAIN]:   9%|▉         | 359/4032 [00:36<06:06, 10.01it/s, Loss=0.012745, Pos=0.012458, Vel=0.00014391]Epoch 1/200 [TRAIN]:   9%|▉         | 359/4032 [00:36<06:06, 10.01it/s, Loss=0.012729, Pos=0.012442, Vel=0.00014368]Epoch 1/200 [TRAIN]:   9%|▉         | 359/4032 [00:36<06:06, 10.01it/s, Loss=0.012907, Pos=0.012620, Vel=0.00014349]Epoch 1/200 [TRAIN]:   9%|▉         | 361/4032 [00:36<06:07,  9.99it/s, Loss=0.012907, Pos=0.012620, Vel=0.00014349]Epoch 1/200 [TRAIN]:   9%|▉         | 361/4032 [00:37<06:07,  9.99it/s, Loss=0.012907, Pos=0.012621, Vel=0.00014333]Epoch 1/200 [TRAIN]:   9%|▉         | 362/4032 [00:37<06:11,  9.87it/s, Loss=0.012907, Pos=0.012621, Vel=0.00014333]Epoch 1/200 [TRAIN]:   9%|▉         | 362/4032 [00:37<06:11,  9.87it/s, Loss=0.012889, Pos=0.012603, Vel=0.00014313]Epoch 1/200 [TRAIN]:   9%|▉         | 363/4032 [00:37<06:26,  9.50it/s, Loss=0.012889, Pos=0.012603, Vel=0.00014313]Epoch 1/200 [TRAIN]:   9%|▉         | 363/4032 [00:37<06:26,  9.50it/s, Loss=0.013033, Pos=0.012747, Vel=0.00014298]Epoch 1/200 [TRAIN]:   9%|▉         | 363/4032 [00:37<06:26,  9.50it/s, Loss=0.013006, Pos=0.012720, Vel=0.00014278]Epoch 1/200 [TRAIN]:   9%|▉         | 365/4032 [00:37<05:32, 11.03it/s, Loss=0.013006, Pos=0.012720, Vel=0.00014278]Epoch 1/200 [TRAIN]:   9%|▉         | 365/4032 [00:37<05:32, 11.03it/s, Loss=0.013038, Pos=0.012753, Vel=0.00014262]Epoch 1/200 [TRAIN]:   9%|▉         | 365/4032 [00:37<05:32, 11.03it/s, Loss=0.013009, Pos=0.012724, Vel=0.00014244]Epoch 1/200 [TRAIN]:   9%|▉         | 367/4032 [00:37<05:56, 10.27it/s, Loss=0.013009, Pos=0.012724, Vel=0.00014244]Epoch 1/200 [TRAIN]:   9%|▉         | 367/4032 [00:37<05:56, 10.27it/s, Loss=0.012999, Pos=0.012715, Vel=0.00014228]Epoch 1/200 [TRAIN]:   9%|▉         | 367/4032 [00:37<05:56, 10.27it/s, Loss=0.013008, Pos=0.012723, Vel=0.00014228]Epoch 1/200 [TRAIN]:   9%|▉         | 369/4032 [00:37<06:00, 10.16it/s, Loss=0.013008, Pos=0.012723, Vel=0.00014228]Epoch 1/200 [TRAIN]:   9%|▉         | 369/4032 [00:37<06:00, 10.16it/s, Loss=0.012986, Pos=0.012701, Vel=0.00014219]Epoch 1/200 [TRAIN]:   9%|▉         | 369/4032 [00:37<06:00, 10.16it/s, Loss=0.012967, Pos=0.012683, Vel=0.00014197]Epoch 1/200 [TRAIN]:   9%|▉         | 371/4032 [00:37<06:10,  9.88it/s, Loss=0.012967, Pos=0.012683, Vel=0.00014197]Epoch 1/200 [TRAIN]:   9%|▉         | 371/4032 [00:38<06:10,  9.88it/s, Loss=0.012964, Pos=0.012681, Vel=0.00014196]Epoch 1/200 [TRAIN]:   9%|▉         | 372/4032 [00:38<06:09,  9.90it/s, Loss=0.012964, Pos=0.012681, Vel=0.00014196]Epoch 1/200 [TRAIN]:   9%|▉         | 372/4032 [00:38<06:09,  9.90it/s, Loss=0.012948, Pos=0.012664, Vel=0.00014182]Epoch 1/200 [TRAIN]:   9%|▉         | 373/4032 [00:38<06:13,  9.81it/s, Loss=0.012948, Pos=0.012664, Vel=0.00014182]Epoch 1/200 [TRAIN]:   9%|▉         | 373/4032 [00:38<06:13,  9.81it/s, Loss=0.012919, Pos=0.012636, Vel=0.00014166]Epoch 1/200 [TRAIN]:   9%|▉         | 374/4032 [00:38<06:16,  9.72it/s, Loss=0.012919, Pos=0.012636, Vel=0.00014166]Epoch 1/200 [TRAIN]:   9%|▉         | 374/4032 [00:38<06:16,  9.72it/s, Loss=0.012929, Pos=0.012646, Vel=0.00014152]Epoch 1/200 [TRAIN]:   9%|▉         | 375/4032 [00:38<06:15,  9.75it/s, Loss=0.012929, Pos=0.012646, Vel=0.00014152]Epoch 1/200 [TRAIN]:   9%|▉         | 375/4032 [00:38<06:15,  9.75it/s, Loss=0.012937, Pos=0.012654, Vel=0.00014138]Epoch 1/200 [TRAIN]:   9%|▉         | 376/4032 [00:38<06:25,  9.49it/s, Loss=0.012937, Pos=0.012654, Vel=0.00014138]Epoch 1/200 [TRAIN]:   9%|▉         | 376/4032 [00:38<06:25,  9.49it/s, Loss=0.012925, Pos=0.012643, Vel=0.00014122]Epoch 1/200 [TRAIN]:   9%|▉         | 376/4032 [00:38<06:25,  9.49it/s, Loss=0.012908, Pos=0.012626, Vel=0.00014120]Epoch 1/200 [TRAIN]:   9%|▉         | 378/4032 [00:38<06:11,  9.84it/s, Loss=0.012908, Pos=0.012626, Vel=0.00014120]Epoch 1/200 [TRAIN]:   9%|▉         | 378/4032 [00:38<06:11,  9.84it/s, Loss=0.012901, Pos=0.012619, Vel=0.00014115]Epoch 1/200 [TRAIN]:   9%|▉         | 378/4032 [00:38<06:11,  9.84it/s, Loss=0.012890, Pos=0.012607, Vel=0.00014123]Epoch 1/200 [TRAIN]:   9%|▉         | 380/4032 [00:38<05:41, 10.69it/s, Loss=0.012890, Pos=0.012607, Vel=0.00014123]Epoch 1/200 [TRAIN]:   9%|▉         | 380/4032 [00:38<05:41, 10.69it/s, Loss=0.012872, Pos=0.012590, Vel=0.00014102]Epoch 1/200 [TRAIN]:   9%|▉         | 380/4032 [00:39<05:41, 10.69it/s, Loss=0.012852, Pos=0.012570, Vel=0.00014084]Epoch 1/200 [TRAIN]:   9%|▉         | 382/4032 [00:39<05:52, 10.35it/s, Loss=0.012852, Pos=0.012570, Vel=0.00014084]Epoch 1/200 [TRAIN]:   9%|▉         | 382/4032 [00:39<05:52, 10.35it/s, Loss=0.012970, Pos=0.012688, Vel=0.00014081]Epoch 1/200 [TRAIN]:   9%|▉         | 382/4032 [00:39<05:52, 10.35it/s, Loss=0.012977, Pos=0.012696, Vel=0.00014078]Epoch 1/200 [TRAIN]:  10%|▉         | 384/4032 [00:39<05:28, 11.11it/s, Loss=0.012977, Pos=0.012696, Vel=0.00014078]Epoch 1/200 [TRAIN]:  10%|▉         | 384/4032 [00:39<05:28, 11.11it/s, Loss=0.012976, Pos=0.012695, Vel=0.00014072]Epoch 1/200 [TRAIN]:  10%|▉         | 384/4032 [00:39<05:28, 11.11it/s, Loss=0.012946, Pos=0.012665, Vel=0.00014055]Epoch 1/200 [TRAIN]:  10%|▉         | 386/4032 [00:39<05:46, 10.53it/s, Loss=0.012946, Pos=0.012665, Vel=0.00014055]Epoch 1/200 [TRAIN]:  10%|▉         | 386/4032 [00:39<05:46, 10.53it/s, Loss=0.012931, Pos=0.012650, Vel=0.00014045]Epoch 1/200 [TRAIN]:  10%|▉         | 386/4032 [00:39<05:46, 10.53it/s, Loss=0.012911, Pos=0.012630, Vel=0.00014028]Epoch 1/200 [TRAIN]:  10%|▉         | 388/4032 [00:39<05:58, 10.17it/s, Loss=0.012911, Pos=0.012630, Vel=0.00014028]Epoch 1/200 [TRAIN]:  10%|▉         | 388/4032 [00:39<05:58, 10.17it/s, Loss=0.012957, Pos=0.012677, Vel=0.00014006]Epoch 1/200 [TRAIN]:  10%|▉         | 388/4032 [00:39<05:58, 10.17it/s, Loss=0.012931, Pos=0.012651, Vel=0.00013993]Epoch 1/200 [TRAIN]:  10%|▉         | 390/4032 [00:39<06:08,  9.90it/s, Loss=0.012931, Pos=0.012651, Vel=0.00013993]Epoch 1/200 [TRAIN]:  10%|▉         | 390/4032 [00:39<06:08,  9.90it/s, Loss=0.012926, Pos=0.012647, Vel=0.00013977]Epoch 1/200 [TRAIN]:  10%|▉         | 390/4032 [00:40<06:08,  9.90it/s, Loss=0.012901, Pos=0.012622, Vel=0.00013969]Epoch 1/200 [TRAIN]:  10%|▉         | 392/4032 [00:40<06:06,  9.94it/s, Loss=0.012901, Pos=0.012622, Vel=0.00013969]Epoch 1/200 [TRAIN]:  10%|▉         | 392/4032 [00:40<06:06,  9.94it/s, Loss=0.012886, Pos=0.012607, Vel=0.00013949]Epoch 1/200 [TRAIN]:  10%|▉         | 392/4032 [00:40<06:06,  9.94it/s, Loss=0.012867, Pos=0.012588, Vel=0.00013959]Epoch 1/200 [TRAIN]:  10%|▉         | 394/4032 [00:40<06:13,  9.75it/s, Loss=0.012867, Pos=0.012588, Vel=0.00013959]Epoch 1/200 [TRAIN]:  10%|▉         | 394/4032 [00:40<06:13,  9.75it/s, Loss=0.012842, Pos=0.012563, Vel=0.00013943]Epoch 1/200 [TRAIN]:  10%|▉         | 395/4032 [00:40<06:15,  9.69it/s, Loss=0.012842, Pos=0.012563, Vel=0.00013943]Epoch 1/200 [TRAIN]:  10%|▉         | 395/4032 [00:40<06:15,  9.69it/s, Loss=0.012833, Pos=0.012554, Vel=0.00013934]Epoch 1/200 [TRAIN]:  10%|▉         | 395/4032 [00:40<06:15,  9.69it/s, Loss=0.012842, Pos=0.012564, Vel=0.00013927]Epoch 1/200 [TRAIN]:  10%|▉         | 397/4032 [00:40<06:16,  9.65it/s, Loss=0.012842, Pos=0.012564, Vel=0.00013927]Epoch 1/200 [TRAIN]:  10%|▉         | 397/4032 [00:40<06:16,  9.65it/s, Loss=0.012828, Pos=0.012549, Vel=0.00013913]Epoch 1/200 [TRAIN]:  10%|▉         | 398/4032 [00:40<06:15,  9.67it/s, Loss=0.012828, Pos=0.012549, Vel=0.00013913]Epoch 1/200 [TRAIN]:  10%|▉         | 398/4032 [00:40<06:15,  9.67it/s, Loss=0.012831, Pos=0.012553, Vel=0.00013900]Epoch 1/200 [TRAIN]:  10%|▉         | 398/4032 [00:40<06:15,  9.67it/s, Loss=0.012817, Pos=0.012540, Vel=0.00013889]Epoch 1/200 [TRAIN]:  10%|▉         | 400/4032 [00:40<05:28, 11.07it/s, Loss=0.012817, Pos=0.012540, Vel=0.00013889]Epoch 1/200 [TRAIN]:  10%|▉         | 400/4032 [00:40<05:28, 11.07it/s, Loss=0.012811, Pos=0.012534, Vel=0.00013879]Epoch 1/200 [TRAIN]:  10%|▉         | 400/4032 [00:40<05:28, 11.07it/s, Loss=0.012785, Pos=0.012507, Vel=0.00013877]Epoch 1/200 [TRAIN]:  10%|▉         | 402/4032 [00:40<05:42, 10.60it/s, Loss=0.012785, Pos=0.012507, Vel=0.00013877]Epoch 1/200 [TRAIN]:  10%|▉         | 402/4032 [00:41<05:42, 10.60it/s, Loss=0.012798, Pos=0.012521, Vel=0.00013872]Epoch 1/200 [TRAIN]:  10%|▉         | 402/4032 [00:41<05:42, 10.60it/s, Loss=0.012794, Pos=0.012517, Vel=0.00013857]Epoch 1/200 [TRAIN]:  10%|█         | 404/4032 [00:41<05:30, 10.96it/s, Loss=0.012794, Pos=0.012517, Vel=0.00013857]Epoch 1/200 [TRAIN]:  10%|█         | 404/4032 [00:41<05:30, 10.96it/s, Loss=0.012775, Pos=0.012498, Vel=0.00013842]Epoch 1/200 [TRAIN]:  10%|█         | 404/4032 [00:41<05:30, 10.96it/s, Loss=0.012751, Pos=0.012475, Vel=0.00013830]Epoch 1/200 [TRAIN]:  10%|█         | 406/4032 [00:41<05:41, 10.60it/s, Loss=0.012751, Pos=0.012475, Vel=0.00013830]Epoch 1/200 [TRAIN]:  10%|█         | 406/4032 [00:41<05:41, 10.60it/s, Loss=0.012739, Pos=0.012462, Vel=0.00013829]Epoch 1/200 [TRAIN]:  10%|█         | 406/4032 [00:41<05:41, 10.60it/s, Loss=0.012732, Pos=0.012456, Vel=0.00013811]Epoch 1/200 [TRAIN]:  10%|█         | 408/4032 [00:41<05:51, 10.32it/s, Loss=0.012732, Pos=0.012456, Vel=0.00013811]Epoch 1/200 [TRAIN]:  10%|█         | 408/4032 [00:41<05:51, 10.32it/s, Loss=0.012716, Pos=0.012440, Vel=0.00013799]Epoch 1/200 [TRAIN]:  10%|█         | 408/4032 [00:41<05:51, 10.32it/s, Loss=0.012689, Pos=0.012413, Vel=0.00013789]Epoch 1/200 [TRAIN]:  10%|█         | 410/4032 [00:41<05:54, 10.22it/s, Loss=0.012689, Pos=0.012413, Vel=0.00013789]Epoch 1/200 [TRAIN]:  10%|█         | 410/4032 [00:41<05:54, 10.22it/s, Loss=0.012673, Pos=0.012398, Vel=0.00013772]Epoch 1/200 [TRAIN]:  10%|█         | 410/4032 [00:41<05:54, 10.22it/s, Loss=0.012650, Pos=0.012375, Vel=0.00013753]Epoch 1/200 [TRAIN]:  10%|█         | 412/4032 [00:41<06:01, 10.02it/s, Loss=0.012650, Pos=0.012375, Vel=0.00013753]Epoch 1/200 [TRAIN]:  10%|█         | 412/4032 [00:42<06:01, 10.02it/s, Loss=0.012663, Pos=0.012388, Vel=0.00013753]Epoch 1/200 [TRAIN]:  10%|█         | 412/4032 [00:42<06:01, 10.02it/s, Loss=0.012644, Pos=0.012369, Vel=0.00013740]Epoch 1/200 [TRAIN]:  10%|█         | 414/4032 [00:42<06:07,  9.85it/s, Loss=0.012644, Pos=0.012369, Vel=0.00013740]Epoch 1/200 [TRAIN]:  10%|█         | 414/4032 [00:42<06:07,  9.85it/s, Loss=0.012630, Pos=0.012356, Vel=0.00013726]Epoch 1/200 [TRAIN]:  10%|█         | 415/4032 [00:42<06:12,  9.71it/s, Loss=0.012630, Pos=0.012356, Vel=0.00013726]Epoch 1/200 [TRAIN]:  10%|█         | 415/4032 [00:42<06:12,  9.71it/s, Loss=0.012620, Pos=0.012346, Vel=0.00013711]Epoch 1/200 [TRAIN]:  10%|█         | 416/4032 [00:42<06:20,  9.50it/s, Loss=0.012620, Pos=0.012346, Vel=0.00013711]Epoch 1/200 [TRAIN]:  10%|█         | 416/4032 [00:42<06:20,  9.50it/s, Loss=0.012614, Pos=0.012340, Vel=0.00013702]Epoch 1/200 [TRAIN]:  10%|█         | 417/4032 [00:42<06:22,  9.45it/s, Loss=0.012614, Pos=0.012340, Vel=0.00013702]Epoch 1/200 [TRAIN]:  10%|█         | 417/4032 [00:42<06:22,  9.45it/s, Loss=0.012598, Pos=0.012324, Vel=0.00013687]Epoch 1/200 [TRAIN]:  10%|█         | 417/4032 [00:42<06:22,  9.45it/s, Loss=0.012586, Pos=0.012312, Vel=0.00013688]Epoch 1/200 [TRAIN]:  10%|█         | 419/4032 [00:42<05:35, 10.77it/s, Loss=0.012586, Pos=0.012312, Vel=0.00013688]Epoch 1/200 [TRAIN]:  10%|█         | 419/4032 [00:42<05:35, 10.77it/s, Loss=0.012575, Pos=0.012301, Vel=0.00013709]Epoch 1/200 [TRAIN]:  10%|█         | 419/4032 [00:42<05:35, 10.77it/s, Loss=0.012562, Pos=0.012287, Vel=0.00013711]Epoch 1/200 [TRAIN]:  10%|█         | 421/4032 [00:42<05:24, 11.13it/s, Loss=0.012562, Pos=0.012287, Vel=0.00013711]Epoch 1/200 [TRAIN]:  10%|█         | 421/4032 [00:42<05:24, 11.13it/s, Loss=0.012620, Pos=0.012345, Vel=0.00013737]Epoch 1/200 [TRAIN]:  10%|█         | 421/4032 [00:42<05:24, 11.13it/s, Loss=0.012613, Pos=0.012338, Vel=0.00013766]Epoch 1/200 [TRAIN]:  10%|█         | 423/4032 [00:42<05:07, 11.73it/s, Loss=0.012613, Pos=0.012338, Vel=0.00013766]Epoch 1/200 [TRAIN]:  10%|█         | 423/4032 [00:43<05:07, 11.73it/s, Loss=0.012598, Pos=0.012323, Vel=0.00013750]Epoch 1/200 [TRAIN]:  10%|█         | 423/4032 [00:43<05:07, 11.73it/s, Loss=0.012599, Pos=0.012324, Vel=0.00013757]Epoch 1/200 [TRAIN]:  11%|█         | 425/4032 [00:43<05:35, 10.75it/s, Loss=0.012599, Pos=0.012324, Vel=0.00013757]Epoch 1/200 [TRAIN]:  11%|█         | 425/4032 [00:43<05:35, 10.75it/s, Loss=0.012576, Pos=0.012301, Vel=0.00013745]Epoch 1/200 [TRAIN]:  11%|█         | 425/4032 [00:43<05:35, 10.75it/s, Loss=0.012602, Pos=0.012327, Vel=0.00013737]Epoch 1/200 [TRAIN]:  11%|█         | 427/4032 [00:43<05:49, 10.31it/s, Loss=0.012602, Pos=0.012327, Vel=0.00013737]Epoch 1/200 [TRAIN]:  11%|█         | 427/4032 [00:43<05:49, 10.31it/s, Loss=0.012617, Pos=0.012342, Vel=0.00013732]Epoch 1/200 [TRAIN]:  11%|█         | 427/4032 [00:43<05:49, 10.31it/s, Loss=0.012595, Pos=0.012321, Vel=0.00013718]Epoch 1/200 [TRAIN]:  11%|█         | 429/4032 [00:43<05:35, 10.74it/s, Loss=0.012595, Pos=0.012321, Vel=0.00013718]Epoch 1/200 [TRAIN]:  11%|█         | 429/4032 [00:43<05:35, 10.74it/s, Loss=0.012586, Pos=0.012311, Vel=0.00013713]Epoch 1/200 [TRAIN]:  11%|█         | 429/4032 [00:43<05:35, 10.74it/s, Loss=0.012573, Pos=0.012299, Vel=0.00013699]Epoch 1/200 [TRAIN]:  11%|█         | 431/4032 [00:43<05:48, 10.33it/s, Loss=0.012573, Pos=0.012299, Vel=0.00013699]Epoch 1/200 [TRAIN]:  11%|█         | 431/4032 [00:43<05:48, 10.33it/s, Loss=0.012554, Pos=0.012280, Vel=0.00013695]Epoch 1/200 [TRAIN]:  11%|█         | 431/4032 [00:43<05:48, 10.33it/s, Loss=0.012533, Pos=0.012260, Vel=0.00013688]Epoch 1/200 [TRAIN]:  11%|█         | 433/4032 [00:43<05:58, 10.03it/s, Loss=0.012533, Pos=0.012260, Vel=0.00013688]Epoch 1/200 [TRAIN]:  11%|█         | 433/4032 [00:44<05:58, 10.03it/s, Loss=0.012536, Pos=0.012263, Vel=0.00013686]Epoch 1/200 [TRAIN]:  11%|█         | 433/4032 [00:44<05:58, 10.03it/s, Loss=0.012527, Pos=0.012254, Vel=0.00013675]Epoch 1/200 [TRAIN]:  11%|█         | 435/4032 [00:44<06:04,  9.86it/s, Loss=0.012527, Pos=0.012254, Vel=0.00013675]Epoch 1/200 [TRAIN]:  11%|█         | 435/4032 [00:44<06:04,  9.86it/s, Loss=0.012510, Pos=0.012237, Vel=0.00013667]Epoch 1/200 [TRAIN]:  11%|█         | 435/4032 [00:44<06:04,  9.86it/s, Loss=0.012490, Pos=0.012217, Vel=0.00013663]Epoch 1/200 [TRAIN]:  11%|█         | 437/4032 [00:44<06:04,  9.86it/s, Loss=0.012490, Pos=0.012217, Vel=0.00013663]Epoch 1/200 [TRAIN]:  11%|█         | 437/4032 [00:44<06:04,  9.86it/s, Loss=0.012503, Pos=0.012230, Vel=0.00013666]Epoch 1/200 [TRAIN]:  11%|█         | 438/4032 [00:44<06:18,  9.49it/s, Loss=0.012503, Pos=0.012230, Vel=0.00013666]Epoch 1/200 [TRAIN]:  11%|█         | 438/4032 [00:44<06:18,  9.49it/s, Loss=0.012493, Pos=0.012219, Vel=0.00013676]Epoch 1/200 [TRAIN]:  11%|█         | 439/4032 [00:44<06:15,  9.58it/s, Loss=0.012493, Pos=0.012219, Vel=0.00013676]Epoch 1/200 [TRAIN]:  11%|█         | 439/4032 [00:44<06:15,  9.58it/s, Loss=0.012478, Pos=0.012204, Vel=0.00013668]Epoch 1/200 [TRAIN]:  11%|█         | 439/4032 [00:44<06:15,  9.58it/s, Loss=0.012469, Pos=0.012195, Vel=0.00013668]Epoch 1/200 [TRAIN]:  11%|█         | 441/4032 [00:44<06:11,  9.67it/s, Loss=0.012469, Pos=0.012195, Vel=0.00013668]Epoch 1/200 [TRAIN]:  11%|█         | 441/4032 [00:44<06:11,  9.67it/s, Loss=0.012476, Pos=0.012202, Vel=0.00013656]Epoch 1/200 [TRAIN]:  11%|█         | 441/4032 [00:45<06:11,  9.67it/s, Loss=0.012475, Pos=0.012202, Vel=0.00013650]Epoch 1/200 [TRAIN]:  11%|█         | 443/4032 [00:45<06:13,  9.61it/s, Loss=0.012475, Pos=0.012202, Vel=0.00013650]Epoch 1/200 [TRAIN]:  11%|█         | 443/4032 [00:45<06:13,  9.61it/s, Loss=0.012468, Pos=0.012195, Vel=0.00013641]Epoch 1/200 [TRAIN]:  11%|█         | 444/4032 [00:45<06:11,  9.67it/s, Loss=0.012468, Pos=0.012195, Vel=0.00013641]Epoch 1/200 [TRAIN]:  11%|█         | 444/4032 [00:45<06:11,  9.67it/s, Loss=0.012468, Pos=0.012196, Vel=0.00013636]Epoch 1/200 [TRAIN]:  11%|█         | 445/4032 [00:45<06:08,  9.73it/s, Loss=0.012468, Pos=0.012196, Vel=0.00013636]Epoch 1/200 [TRAIN]:  11%|█         | 445/4032 [00:45<06:08,  9.73it/s, Loss=0.012473, Pos=0.012201, Vel=0.00013621]Epoch 1/200 [TRAIN]:  11%|█         | 445/4032 [00:45<06:08,  9.73it/s, Loss=0.012450, Pos=0.012178, Vel=0.00013607]Epoch 1/200 [TRAIN]:  11%|█         | 447/4032 [00:45<05:35, 10.70it/s, Loss=0.012450, Pos=0.012178, Vel=0.00013607]Epoch 1/200 [TRAIN]:  11%|█         | 447/4032 [00:45<05:35, 10.70it/s, Loss=0.012501, Pos=0.012229, Vel=0.00013593]Epoch 1/200 [TRAIN]:  11%|█         | 447/4032 [00:45<05:35, 10.70it/s, Loss=0.012487, Pos=0.012215, Vel=0.00013586]Epoch 1/200 [TRAIN]:  11%|█         | 449/4032 [00:45<05:50, 10.22it/s, Loss=0.012487, Pos=0.012215, Vel=0.00013586]Epoch 1/200 [TRAIN]:  11%|█         | 449/4032 [00:45<05:50, 10.22it/s, Loss=0.012472, Pos=0.012200, Vel=0.00013582]Epoch 1/200 [TRAIN]:  11%|█         | 449/4032 [00:45<05:50, 10.22it/s, Loss=0.012463, Pos=0.012192, Vel=0.00013566]Epoch 1/200 [TRAIN]:  11%|█         | 451/4032 [00:45<05:59,  9.97it/s, Loss=0.012463, Pos=0.012192, Vel=0.00013566]Epoch 1/200 [TRAIN]:  11%|█         | 451/4032 [00:45<05:59,  9.97it/s, Loss=0.012465, Pos=0.012194, Vel=0.00013554]Epoch 1/200 [TRAIN]:  11%|█         | 451/4032 [00:46<05:59,  9.97it/s, Loss=0.012467, Pos=0.012196, Vel=0.00013545]Epoch 1/200 [TRAIN]:  11%|█         | 453/4032 [00:46<06:07,  9.74it/s, Loss=0.012467, Pos=0.012196, Vel=0.00013545]Epoch 1/200 [TRAIN]:  11%|█         | 453/4032 [00:46<06:07,  9.74it/s, Loss=0.012474, Pos=0.012203, Vel=0.00013535]Epoch 1/200 [TRAIN]:  11%|█▏        | 454/4032 [00:46<06:11,  9.64it/s, Loss=0.012474, Pos=0.012203, Vel=0.00013535]Epoch 1/200 [TRAIN]:  11%|█▏        | 454/4032 [00:46<06:11,  9.64it/s, Loss=0.012458, Pos=0.012187, Vel=0.00013526]Epoch 1/200 [TRAIN]:  11%|█▏        | 455/4032 [00:46<06:12,  9.60it/s, Loss=0.012458, Pos=0.012187, Vel=0.00013526]Epoch 1/200 [TRAIN]:  11%|█▏        | 455/4032 [00:46<06:12,  9.60it/s, Loss=0.012438, Pos=0.012167, Vel=0.00013511]Epoch 1/200 [TRAIN]:  11%|█▏        | 456/4032 [00:46<06:17,  9.48it/s, Loss=0.012438, Pos=0.012167, Vel=0.00013511]Epoch 1/200 [TRAIN]:  11%|█▏        | 456/4032 [00:46<06:17,  9.48it/s, Loss=0.012444, Pos=0.012174, Vel=0.00013507]Epoch 1/200 [TRAIN]:  11%|█▏        | 457/4032 [00:46<06:24,  9.30it/s, Loss=0.012444, Pos=0.012174, Vel=0.00013507]Epoch 1/200 [TRAIN]:  11%|█▏        | 457/4032 [00:46<06:24,  9.30it/s, Loss=0.012430, Pos=0.012160, Vel=0.00013493]Epoch 1/200 [TRAIN]:  11%|█▏        | 457/4032 [00:46<06:24,  9.30it/s, Loss=0.012409, Pos=0.012139, Vel=0.00013487]Epoch 1/200 [TRAIN]:  11%|█▏        | 459/4032 [00:46<06:19,  9.41it/s, Loss=0.012409, Pos=0.012139, Vel=0.00013487]Epoch 1/200 [TRAIN]:  11%|█▏        | 459/4032 [00:46<06:19,  9.41it/s, Loss=0.012441, Pos=0.012171, Vel=0.00013474]Epoch 1/200 [TRAIN]:  11%|█▏        | 459/4032 [00:46<06:19,  9.41it/s, Loss=0.012425, Pos=0.012156, Vel=0.00013460]Epoch 1/200 [TRAIN]:  11%|█▏        | 461/4032 [00:46<06:06,  9.74it/s, Loss=0.012425, Pos=0.012156, Vel=0.00013460]Epoch 1/200 [TRAIN]:  11%|█▏        | 461/4032 [00:47<06:06,  9.74it/s, Loss=0.012426, Pos=0.012157, Vel=0.00013451]Epoch 1/200 [TRAIN]:  11%|█▏        | 462/4032 [00:47<06:20,  9.39it/s, Loss=0.012426, Pos=0.012157, Vel=0.00013451]Epoch 1/200 [TRAIN]:  11%|█▏        | 462/4032 [00:47<06:20,  9.39it/s, Loss=0.012416, Pos=0.012148, Vel=0.00013437]Epoch 1/200 [TRAIN]:  11%|█▏        | 462/4032 [00:47<06:20,  9.39it/s, Loss=0.012399, Pos=0.012131, Vel=0.00013427]Epoch 1/200 [TRAIN]:  12%|█▏        | 464/4032 [00:47<06:23,  9.29it/s, Loss=0.012399, Pos=0.012131, Vel=0.00013427]Epoch 1/200 [TRAIN]:  12%|█▏        | 464/4032 [00:47<06:23,  9.29it/s, Loss=0.012495, Pos=0.012226, Vel=0.00013433]Epoch 1/200 [TRAIN]:  12%|█▏        | 465/4032 [00:47<06:18,  9.43it/s, Loss=0.012495, Pos=0.012226, Vel=0.00013433]Epoch 1/200 [TRAIN]:  12%|█▏        | 465/4032 [00:47<06:18,  9.43it/s, Loss=0.012493, Pos=0.012223, Vel=0.00013452]Epoch 1/200 [TRAIN]:  12%|█▏        | 466/4032 [00:47<06:27,  9.21it/s, Loss=0.012493, Pos=0.012223, Vel=0.00013452]Epoch 1/200 [TRAIN]:  12%|█▏        | 466/4032 [00:47<06:27,  9.21it/s, Loss=0.012616, Pos=0.012346, Vel=0.00013457]Epoch 1/200 [TRAIN]:  12%|█▏        | 466/4032 [00:47<06:27,  9.21it/s, Loss=0.012626, Pos=0.012357, Vel=0.00013450]Epoch 1/200 [TRAIN]:  12%|█▏        | 468/4032 [00:47<05:45, 10.32it/s, Loss=0.012626, Pos=0.012357, Vel=0.00013450]Epoch 1/200 [TRAIN]:  12%|█▏        | 468/4032 [00:47<05:45, 10.32it/s, Loss=0.012614, Pos=0.012345, Vel=0.00013442]Epoch 1/200 [TRAIN]:  12%|█▏        | 468/4032 [00:47<05:45, 10.32it/s, Loss=0.012607, Pos=0.012338, Vel=0.00013439]Epoch 1/200 [TRAIN]:  12%|█▏        | 470/4032 [00:47<05:55, 10.02it/s, Loss=0.012607, Pos=0.012338, Vel=0.00013439]Epoch 1/200 [TRAIN]:  12%|█▏        | 470/4032 [00:47<05:55, 10.02it/s, Loss=0.012602, Pos=0.012333, Vel=0.00013421]Epoch 1/200 [TRAIN]:  12%|█▏        | 470/4032 [00:47<05:55, 10.02it/s, Loss=0.012584, Pos=0.012315, Vel=0.00013411]Epoch 1/200 [TRAIN]:  12%|█▏        | 472/4032 [00:47<05:16, 11.24it/s, Loss=0.012584, Pos=0.012315, Vel=0.00013411]Epoch 1/200 [TRAIN]:  12%|█▏        | 472/4032 [00:48<05:16, 11.24it/s, Loss=0.012589, Pos=0.012321, Vel=0.00013400]Epoch 1/200 [TRAIN]:  12%|█▏        | 472/4032 [00:48<05:16, 11.24it/s, Loss=0.012585, Pos=0.012317, Vel=0.00013394]Epoch 1/200 [TRAIN]:  12%|█▏        | 474/4032 [00:48<05:40, 10.46it/s, Loss=0.012585, Pos=0.012317, Vel=0.00013394]Epoch 1/200 [TRAIN]:  12%|█▏        | 474/4032 [00:48<05:40, 10.46it/s, Loss=0.012597, Pos=0.012329, Vel=0.00013396]Epoch 1/200 [TRAIN]:  12%|█▏        | 474/4032 [00:48<05:40, 10.46it/s, Loss=0.012588, Pos=0.012320, Vel=0.00013398]Epoch 1/200 [TRAIN]:  12%|█▏        | 476/4032 [00:48<05:44, 10.31it/s, Loss=0.012588, Pos=0.012320, Vel=0.00013398]Epoch 1/200 [TRAIN]:  12%|█▏        | 476/4032 [00:48<05:44, 10.31it/s, Loss=0.012569, Pos=0.012301, Vel=0.00013382]Epoch 1/200 [TRAIN]:  12%|█▏        | 476/4032 [00:48<05:44, 10.31it/s, Loss=0.012558, Pos=0.012290, Vel=0.00013377]Epoch 1/200 [TRAIN]:  12%|█▏        | 478/4032 [00:48<05:53, 10.05it/s, Loss=0.012558, Pos=0.012290, Vel=0.00013377]Epoch 1/200 [TRAIN]:  12%|█▏        | 478/4032 [00:48<05:53, 10.05it/s, Loss=0.012578, Pos=0.012310, Vel=0.00013378]Epoch 1/200 [TRAIN]:  12%|█▏        | 478/4032 [00:48<05:53, 10.05it/s, Loss=0.012567, Pos=0.012299, Vel=0.00013361]Epoch 1/200 [TRAIN]:  12%|█▏        | 480/4032 [00:48<05:59,  9.87it/s, Loss=0.012567, Pos=0.012299, Vel=0.00013361]Epoch 1/200 [TRAIN]:  12%|█▏        | 480/4032 [00:48<05:59,  9.87it/s, Loss=0.012546, Pos=0.012279, Vel=0.00013357]Epoch 1/200 [TRAIN]:  12%|█▏        | 481/4032 [00:48<06:08,  9.65it/s, Loss=0.012546, Pos=0.012279, Vel=0.00013357]Epoch 1/200 [TRAIN]:  12%|█▏        | 481/4032 [00:48<06:08,  9.65it/s, Loss=0.012535, Pos=0.012268, Vel=0.00013342]Epoch 1/200 [TRAIN]:  12%|█▏        | 481/4032 [00:49<06:08,  9.65it/s, Loss=0.012520, Pos=0.012254, Vel=0.00013331]Epoch 1/200 [TRAIN]:  12%|█▏        | 483/4032 [00:49<06:08,  9.62it/s, Loss=0.012520, Pos=0.012254, Vel=0.00013331]Epoch 1/200 [TRAIN]:  12%|█▏        | 483/4032 [00:49<06:08,  9.62it/s, Loss=0.012498, Pos=0.012231, Vel=0.00013321]Epoch 1/200 [TRAIN]:  12%|█▏        | 484/4032 [00:49<06:18,  9.37it/s, Loss=0.012498, Pos=0.012231, Vel=0.00013321]Epoch 1/200 [TRAIN]:  12%|█▏        | 484/4032 [00:49<06:18,  9.37it/s, Loss=0.012487, Pos=0.012220, Vel=0.00013316]Epoch 1/200 [TRAIN]:  12%|█▏        | 484/4032 [00:49<06:18,  9.37it/s, Loss=0.012473, Pos=0.012206, Vel=0.00013309]Epoch 1/200 [TRAIN]:  12%|█▏        | 486/4032 [00:49<06:11,  9.54it/s, Loss=0.012473, Pos=0.012206, Vel=0.00013309]Epoch 1/200 [TRAIN]:  12%|█▏        | 486/4032 [00:49<06:11,  9.54it/s, Loss=0.012471, Pos=0.012205, Vel=0.00013326]Epoch 1/200 [TRAIN]:  12%|█▏        | 487/4032 [00:49<06:25,  9.20it/s, Loss=0.012471, Pos=0.012205, Vel=0.00013326]Epoch 1/200 [TRAIN]:  12%|█▏        | 487/4032 [00:49<06:25,  9.20it/s, Loss=0.012457, Pos=0.012191, Vel=0.00013315]Epoch 1/200 [TRAIN]:  12%|█▏        | 488/4032 [00:49<06:18,  9.36it/s, Loss=0.012457, Pos=0.012191, Vel=0.00013315]Epoch 1/200 [TRAIN]:  12%|█▏        | 488/4032 [00:49<06:18,  9.36it/s, Loss=0.012446, Pos=0.012180, Vel=0.00013311]Epoch 1/200 [TRAIN]:  12%|█▏        | 489/4032 [00:49<06:15,  9.43it/s, Loss=0.012446, Pos=0.012180, Vel=0.00013311]Epoch 1/200 [TRAIN]:  12%|█▏        | 489/4032 [00:49<06:15,  9.43it/s, Loss=0.012429, Pos=0.012163, Vel=0.00013302]Epoch 1/200 [TRAIN]:  12%|█▏        | 490/4032 [00:49<06:11,  9.54it/s, Loss=0.012429, Pos=0.012163, Vel=0.00013302]Epoch 1/200 [TRAIN]:  12%|█▏        | 490/4032 [00:49<06:11,  9.54it/s, Loss=0.012417, Pos=0.012151, Vel=0.00013288]Epoch 1/200 [TRAIN]:  12%|█▏        | 491/4032 [00:49<06:11,  9.54it/s, Loss=0.012417, Pos=0.012151, Vel=0.00013288]Epoch 1/200 [TRAIN]:  12%|█▏        | 491/4032 [00:50<06:11,  9.54it/s, Loss=0.012400, Pos=0.012135, Vel=0.00013273]Epoch 1/200 [TRAIN]:  12%|█▏        | 492/4032 [00:50<06:11,  9.52it/s, Loss=0.012400, Pos=0.012135, Vel=0.00013273]Epoch 1/200 [TRAIN]:  12%|█▏        | 492/4032 [00:50<06:11,  9.52it/s, Loss=0.012397, Pos=0.012131, Vel=0.00013274]Epoch 1/200 [TRAIN]:  12%|█▏        | 493/4032 [00:50<06:08,  9.61it/s, Loss=0.012397, Pos=0.012131, Vel=0.00013274]Epoch 1/200 [TRAIN]:  12%|█▏        | 493/4032 [00:50<06:08,  9.61it/s, Loss=0.012377, Pos=0.012112, Vel=0.00013267]Epoch 1/200 [TRAIN]:  12%|█▏        | 494/4032 [00:50<06:22,  9.26it/s, Loss=0.012377, Pos=0.012112, Vel=0.00013267]Epoch 1/200 [TRAIN]:  12%|█▏        | 494/4032 [00:50<06:22,  9.26it/s, Loss=0.012359, Pos=0.012094, Vel=0.00013249]Epoch 1/200 [TRAIN]:  12%|█▏        | 494/4032 [00:50<06:22,  9.26it/s, Loss=0.012376, Pos=0.012111, Vel=0.00013247]Epoch 1/200 [TRAIN]:  12%|█▏        | 496/4032 [00:50<06:07,  9.62it/s, Loss=0.012376, Pos=0.012111, Vel=0.00013247]Epoch 1/200 [TRAIN]:  12%|█▏        | 496/4032 [00:50<06:07,  9.62it/s, Loss=0.012415, Pos=0.012151, Vel=0.00013240]Epoch 1/200 [TRAIN]:  12%|█▏        | 497/4032 [00:50<06:10,  9.54it/s, Loss=0.012415, Pos=0.012151, Vel=0.00013240]Epoch 1/200 [TRAIN]:  12%|█▏        | 497/4032 [00:50<06:10,  9.54it/s, Loss=0.012395, Pos=0.012130, Vel=0.00013226]Epoch 1/200 [TRAIN]:  12%|█▏        | 498/4032 [00:50<06:18,  9.33it/s, Loss=0.012395, Pos=0.012130, Vel=0.00013226]Epoch 1/200 [TRAIN]:  12%|█▏        | 498/4032 [00:50<06:18,  9.33it/s, Loss=0.012377, Pos=0.012113, Vel=0.00013212]Epoch 1/200 [TRAIN]:  12%|█▏        | 499/4032 [00:50<06:24,  9.19it/s, Loss=0.012377, Pos=0.012113, Vel=0.00013212]Epoch 1/200 [TRAIN]:  12%|█▏        | 499/4032 [00:50<06:24,  9.19it/s, Loss=0.012416, Pos=0.012152, Vel=0.00013218]Epoch 1/200 [TRAIN]:  12%|█▏        | 500/4032 [00:50<06:33,  8.97it/s, Loss=0.012416, Pos=0.012152, Vel=0.00013218]Epoch 1/200 [TRAIN]:  12%|█▏        | 500/4032 [00:51<06:33,  8.97it/s, Loss=0.012410, Pos=0.012146, Vel=0.00013207]Epoch 1/200 [TRAIN]:  12%|█▏        | 501/4032 [00:51<06:25,  9.15it/s, Loss=0.012410, Pos=0.012146, Vel=0.00013207]Epoch 1/200 [TRAIN]:  12%|█▏        | 501/4032 [00:51<06:25,  9.15it/s, Loss=0.012396, Pos=0.012132, Vel=0.00013193]Epoch 1/200 [TRAIN]:  12%|█▏        | 502/4032 [00:51<06:21,  9.26it/s, Loss=0.012396, Pos=0.012132, Vel=0.00013193]Epoch 1/200 [TRAIN]:  12%|█▏        | 502/4032 [00:51<06:21,  9.26it/s, Loss=0.012392, Pos=0.012129, Vel=0.00013189]Epoch 1/200 [TRAIN]:  12%|█▏        | 502/4032 [00:51<06:21,  9.26it/s, Loss=0.012373, Pos=0.012110, Vel=0.00013178]Epoch 1/200 [TRAIN]:  12%|█▎        | 504/4032 [00:51<06:17,  9.33it/s, Loss=0.012373, Pos=0.012110, Vel=0.00013178]Epoch 1/200 [TRAIN]:  12%|█▎        | 504/4032 [00:51<06:17,  9.33it/s, Loss=0.012356, Pos=0.012093, Vel=0.00013170]Epoch 1/200 [TRAIN]:  12%|█▎        | 504/4032 [00:51<06:17,  9.33it/s, Loss=0.012350, Pos=0.012086, Vel=0.00013156]Epoch 1/200 [TRAIN]:  13%|█▎        | 506/4032 [00:51<06:02,  9.71it/s, Loss=0.012350, Pos=0.012086, Vel=0.00013156]Epoch 1/200 [TRAIN]:  13%|█▎        | 506/4032 [00:51<06:02,  9.71it/s, Loss=0.012337, Pos=0.012074, Vel=0.00013150]Epoch 1/200 [TRAIN]:  13%|█▎        | 507/4032 [00:51<06:08,  9.57it/s, Loss=0.012337, Pos=0.012074, Vel=0.00013150]Epoch 1/200 [TRAIN]:  13%|█▎        | 507/4032 [00:51<06:08,  9.57it/s, Loss=0.012346, Pos=0.012083, Vel=0.00013143]Epoch 1/200 [TRAIN]:  13%|█▎        | 508/4032 [00:51<06:04,  9.67it/s, Loss=0.012346, Pos=0.012083, Vel=0.00013143]Epoch 1/200 [TRAIN]:  13%|█▎        | 508/4032 [00:51<06:04,  9.67it/s, Loss=0.012330, Pos=0.012067, Vel=0.00013130]Epoch 1/200 [TRAIN]:  13%|█▎        | 509/4032 [00:51<06:11,  9.47it/s, Loss=0.012330, Pos=0.012067, Vel=0.00013130]Epoch 1/200 [TRAIN]:  13%|█▎        | 509/4032 [00:51<06:11,  9.47it/s, Loss=0.012323, Pos=0.012061, Vel=0.00013117]Epoch 1/200 [TRAIN]:  13%|█▎        | 510/4032 [00:51<06:07,  9.59it/s, Loss=0.012323, Pos=0.012061, Vel=0.00013117]Epoch 1/200 [TRAIN]:  13%|█▎        | 510/4032 [00:52<06:07,  9.59it/s, Loss=0.012313, Pos=0.012051, Vel=0.00013105]Epoch 1/200 [TRAIN]:  13%|█▎        | 511/4032 [00:52<06:16,  9.34it/s, Loss=0.012313, Pos=0.012051, Vel=0.00013105]Epoch 1/200 [TRAIN]:  13%|█▎        | 511/4032 [00:52<06:16,  9.34it/s, Loss=0.012305, Pos=0.012044, Vel=0.00013097]Epoch 1/200 [TRAIN]:  13%|█▎        | 511/4032 [00:52<06:16,  9.34it/s, Loss=0.012302, Pos=0.012040, Vel=0.00013089]Epoch 1/200 [TRAIN]:  13%|█▎        | 513/4032 [00:52<05:48, 10.11it/s, Loss=0.012302, Pos=0.012040, Vel=0.00013089]Epoch 1/200 [TRAIN]:  13%|█▎        | 513/4032 [00:52<05:48, 10.11it/s, Loss=0.012297, Pos=0.012036, Vel=0.00013077]Epoch 1/200 [TRAIN]:  13%|█▎        | 513/4032 [00:52<05:48, 10.11it/s, Loss=0.012290, Pos=0.012028, Vel=0.00013071]Epoch 1/200 [TRAIN]:  13%|█▎        | 515/4032 [00:52<05:47, 10.13it/s, Loss=0.012290, Pos=0.012028, Vel=0.00013071]Epoch 1/200 [TRAIN]:  13%|█▎        | 515/4032 [00:52<05:47, 10.13it/s, Loss=0.012288, Pos=0.012026, Vel=0.00013056]Epoch 1/200 [TRAIN]:  13%|█▎        | 515/4032 [00:52<05:47, 10.13it/s, Loss=0.012269, Pos=0.012008, Vel=0.00013048]Epoch 1/200 [TRAIN]:  13%|█▎        | 517/4032 [00:52<05:50, 10.03it/s, Loss=0.012269, Pos=0.012008, Vel=0.00013048]Epoch 1/200 [TRAIN]:  13%|█▎        | 517/4032 [00:52<05:50, 10.03it/s, Loss=0.012274, Pos=0.012013, Vel=0.00013037]Epoch 1/200 [TRAIN]:  13%|█▎        | 517/4032 [00:52<05:50, 10.03it/s, Loss=0.012276, Pos=0.012016, Vel=0.00013023]Epoch 1/200 [TRAIN]:  13%|█▎        | 519/4032 [00:52<05:51, 10.01it/s, Loss=0.012276, Pos=0.012016, Vel=0.00013023]Epoch 1/200 [TRAIN]:  13%|█▎        | 519/4032 [00:52<05:51, 10.01it/s, Loss=0.012369, Pos=0.012108, Vel=0.00013041]Epoch 1/200 [TRAIN]:  13%|█▎        | 520/4032 [00:52<05:58,  9.79it/s, Loss=0.012369, Pos=0.012108, Vel=0.00013041]Epoch 1/200 [TRAIN]:  13%|█▎        | 520/4032 [00:53<05:58,  9.79it/s, Loss=0.012358, Pos=0.012097, Vel=0.00013039]Epoch 1/200 [TRAIN]:  13%|█▎        | 520/4032 [00:53<05:58,  9.79it/s, Loss=0.012361, Pos=0.012100, Vel=0.00013028]Epoch 1/200 [TRAIN]:  13%|█▎        | 522/4032 [00:53<05:58,  9.79it/s, Loss=0.012361, Pos=0.012100, Vel=0.00013028]Epoch 1/200 [TRAIN]:  13%|█▎        | 522/4032 [00:53<05:58,  9.79it/s, Loss=0.012353, Pos=0.012092, Vel=0.00013021]Epoch 1/200 [TRAIN]:  13%|█▎        | 523/4032 [00:53<06:09,  9.49it/s, Loss=0.012353, Pos=0.012092, Vel=0.00013021]Epoch 1/200 [TRAIN]:  13%|█▎        | 523/4032 [00:53<06:09,  9.49it/s, Loss=0.012340, Pos=0.012080, Vel=0.00013011]Epoch 1/200 [TRAIN]:  13%|█▎        | 523/4032 [00:53<06:09,  9.49it/s, Loss=0.012336, Pos=0.012075, Vel=0.00013011]Epoch 1/200 [TRAIN]:  13%|█▎        | 525/4032 [00:53<06:06,  9.56it/s, Loss=0.012336, Pos=0.012075, Vel=0.00013011]Epoch 1/200 [TRAIN]:  13%|█▎        | 525/4032 [00:53<06:06,  9.56it/s, Loss=0.012329, Pos=0.012069, Vel=0.00013000]Epoch 1/200 [TRAIN]:  13%|█▎        | 525/4032 [00:53<06:06,  9.56it/s, Loss=0.012317, Pos=0.012057, Vel=0.00012988]Epoch 1/200 [TRAIN]:  13%|█▎        | 527/4032 [00:53<06:05,  9.60it/s, Loss=0.012317, Pos=0.012057, Vel=0.00012988]Epoch 1/200 [TRAIN]:  13%|█▎        | 527/4032 [00:53<06:05,  9.60it/s, Loss=0.012307, Pos=0.012047, Vel=0.00012988]Epoch 1/200 [TRAIN]:  13%|█▎        | 527/4032 [00:53<06:05,  9.60it/s, Loss=0.012322, Pos=0.012063, Vel=0.00012979]Epoch 1/200 [TRAIN]:  13%|█▎        | 529/4032 [00:53<05:56,  9.82it/s, Loss=0.012322, Pos=0.012063, Vel=0.00012979]Epoch 1/200 [TRAIN]:  13%|█▎        | 529/4032 [00:54<05:56,  9.82it/s, Loss=0.012309, Pos=0.012049, Vel=0.00012964]Epoch 1/200 [TRAIN]:  13%|█▎        | 530/4032 [00:54<05:57,  9.79it/s, Loss=0.012309, Pos=0.012049, Vel=0.00012964]Epoch 1/200 [TRAIN]:  13%|█▎        | 530/4032 [00:54<05:57,  9.79it/s, Loss=0.012308, Pos=0.012049, Vel=0.00012962]Epoch 1/200 [TRAIN]:  13%|█▎        | 531/4032 [00:54<06:03,  9.64it/s, Loss=0.012308, Pos=0.012049, Vel=0.00012962]Epoch 1/200 [TRAIN]:  13%|█▎        | 531/4032 [00:54<06:03,  9.64it/s, Loss=0.012300, Pos=0.012041, Vel=0.00012948]Epoch 1/200 [TRAIN]:  13%|█▎        | 531/4032 [00:54<06:03,  9.64it/s, Loss=0.012283, Pos=0.012024, Vel=0.00012939]Epoch 1/200 [TRAIN]:  13%|█▎        | 533/4032 [00:54<06:03,  9.62it/s, Loss=0.012283, Pos=0.012024, Vel=0.00012939]Epoch 1/200 [TRAIN]:  13%|█▎        | 533/4032 [00:54<06:03,  9.62it/s, Loss=0.012272, Pos=0.012013, Vel=0.00012928]Epoch 1/200 [TRAIN]:  13%|█▎        | 533/4032 [00:54<06:03,  9.62it/s, Loss=0.012259, Pos=0.012001, Vel=0.00012913]Epoch 1/200 [TRAIN]:  13%|█▎        | 535/4032 [00:54<06:04,  9.59it/s, Loss=0.012259, Pos=0.012001, Vel=0.00012913]Epoch 1/200 [TRAIN]:  13%|█▎        | 535/4032 [00:54<06:04,  9.59it/s, Loss=0.012247, Pos=0.011989, Vel=0.00012927]Epoch 1/200 [TRAIN]:  13%|█▎        | 536/4032 [00:54<06:05,  9.57it/s, Loss=0.012247, Pos=0.011989, Vel=0.00012927]Epoch 1/200 [TRAIN]:  13%|█▎        | 536/4032 [00:54<06:05,  9.57it/s, Loss=0.012233, Pos=0.011975, Vel=0.00012918]Epoch 1/200 [TRAIN]:  13%|█▎        | 537/4032 [00:54<06:05,  9.55it/s, Loss=0.012233, Pos=0.011975, Vel=0.00012918]Epoch 1/200 [TRAIN]:  13%|█▎        | 537/4032 [00:54<06:05,  9.55it/s, Loss=0.012243, Pos=0.011985, Vel=0.00012923]Epoch 1/200 [TRAIN]:  13%|█▎        | 538/4032 [00:54<06:22,  9.13it/s, Loss=0.012243, Pos=0.011985, Vel=0.00012923]Epoch 1/200 [TRAIN]:  13%|█▎        | 538/4032 [00:54<06:22,  9.13it/s, Loss=0.012240, Pos=0.011982, Vel=0.00012928]Epoch 1/200 [TRAIN]:  13%|█▎        | 539/4032 [00:54<06:15,  9.31it/s, Loss=0.012240, Pos=0.011982, Vel=0.00012928]Epoch 1/200 [TRAIN]:  13%|█▎        | 539/4032 [00:55<06:15,  9.31it/s, Loss=0.012225, Pos=0.011967, Vel=0.00012914]Epoch 1/200 [TRAIN]:  13%|█▎        | 540/4032 [00:55<06:08,  9.47it/s, Loss=0.012225, Pos=0.011967, Vel=0.00012914]Epoch 1/200 [TRAIN]:  13%|█▎        | 540/4032 [00:55<06:08,  9.47it/s, Loss=0.012225, Pos=0.011966, Vel=0.00012912]Epoch 1/200 [TRAIN]:  13%|█▎        | 541/4032 [00:55<06:19,  9.21it/s, Loss=0.012225, Pos=0.011966, Vel=0.00012912]Epoch 1/200 [TRAIN]:  13%|█▎        | 541/4032 [00:55<06:19,  9.21it/s, Loss=0.012211, Pos=0.011953, Vel=0.00012900]Epoch 1/200 [TRAIN]:  13%|█▎        | 542/4032 [00:55<06:14,  9.31it/s, Loss=0.012211, Pos=0.011953, Vel=0.00012900]Epoch 1/200 [TRAIN]:  13%|█▎        | 542/4032 [00:55<06:14,  9.31it/s, Loss=0.012208, Pos=0.011950, Vel=0.00012891]Epoch 1/200 [TRAIN]:  13%|█▎        | 543/4032 [00:55<06:28,  8.97it/s, Loss=0.012208, Pos=0.011950, Vel=0.00012891]Epoch 1/200 [TRAIN]:  13%|█▎        | 543/4032 [00:55<06:28,  8.97it/s, Loss=0.012192, Pos=0.011934, Vel=0.00012878]Epoch 1/200 [TRAIN]:  13%|█▎        | 543/4032 [00:55<06:28,  8.97it/s, Loss=0.012179, Pos=0.011922, Vel=0.00012867]Epoch 1/200 [TRAIN]:  14%|█▎        | 545/4032 [00:55<06:20,  9.16it/s, Loss=0.012179, Pos=0.011922, Vel=0.00012867]Epoch 1/200 [TRAIN]:  14%|█▎        | 545/4032 [00:55<06:20,  9.16it/s, Loss=0.012171, Pos=0.011914, Vel=0.00012856]Epoch 1/200 [TRAIN]:  14%|█▎        | 545/4032 [00:55<06:20,  9.16it/s, Loss=0.012222, Pos=0.011965, Vel=0.00012848]Epoch 1/200 [TRAIN]:  14%|█▎        | 547/4032 [00:55<06:15,  9.29it/s, Loss=0.012222, Pos=0.011965, Vel=0.00012848]Epoch 1/200 [TRAIN]:  14%|█▎        | 547/4032 [00:55<06:15,  9.29it/s, Loss=0.012235, Pos=0.011978, Vel=0.00012856]Epoch 1/200 [TRAIN]:  14%|█▎        | 547/4032 [00:56<06:15,  9.29it/s, Loss=0.012224, Pos=0.011967, Vel=0.00012860]Epoch 1/200 [TRAIN]:  14%|█▎        | 549/4032 [00:56<06:11,  9.37it/s, Loss=0.012224, Pos=0.011967, Vel=0.00012860]Epoch 1/200 [TRAIN]:  14%|█▎        | 549/4032 [00:56<06:11,  9.37it/s, Loss=0.012209, Pos=0.011952, Vel=0.00012858]Epoch 1/200 [TRAIN]:  14%|█▎        | 549/4032 [00:56<06:11,  9.37it/s, Loss=0.012222, Pos=0.011965, Vel=0.00012858]Epoch 1/200 [TRAIN]:  14%|█▎        | 551/4032 [00:56<05:59,  9.68it/s, Loss=0.012222, Pos=0.011965, Vel=0.00012858]Epoch 1/200 [TRAIN]:  14%|█▎        | 551/4032 [00:56<05:59,  9.68it/s, Loss=0.012232, Pos=0.011975, Vel=0.00012859]Epoch 1/200 [TRAIN]:  14%|█▎        | 552/4032 [00:56<06:07,  9.47it/s, Loss=0.012232, Pos=0.011975, Vel=0.00012859]Epoch 1/200 [TRAIN]:  14%|█▎        | 552/4032 [00:56<06:07,  9.47it/s, Loss=0.012222, Pos=0.011965, Vel=0.00012848]Epoch 1/200 [TRAIN]:  14%|█▎        | 552/4032 [00:56<06:07,  9.47it/s, Loss=0.012217, Pos=0.011960, Vel=0.00012853]Epoch 1/200 [TRAIN]:  14%|█▎        | 554/4032 [00:56<06:02,  9.59it/s, Loss=0.012217, Pos=0.011960, Vel=0.00012853]Epoch 1/200 [TRAIN]:  14%|█▎        | 554/4032 [00:56<06:02,  9.59it/s, Loss=0.012232, Pos=0.011975, Vel=0.00012850]Epoch 1/200 [TRAIN]:  14%|█▍        | 555/4032 [00:56<06:05,  9.50it/s, Loss=0.012232, Pos=0.011975, Vel=0.00012850]Epoch 1/200 [TRAIN]:  14%|█▍        | 555/4032 [00:56<06:05,  9.50it/s, Loss=0.012261, Pos=0.012004, Vel=0.00012859]Epoch 1/200 [TRAIN]:  14%|█▍        | 555/4032 [00:56<06:05,  9.50it/s, Loss=0.012250, Pos=0.011993, Vel=0.00012858]Epoch 1/200 [TRAIN]:  14%|█▍        | 557/4032 [00:56<05:34, 10.39it/s, Loss=0.012250, Pos=0.011993, Vel=0.00012858]Epoch 1/200 [TRAIN]:  14%|█▍        | 557/4032 [00:56<05:34, 10.39it/s, Loss=0.012266, Pos=0.012008, Vel=0.00012863]Epoch 1/200 [TRAIN]:  14%|█▍        | 557/4032 [00:57<05:34, 10.39it/s, Loss=0.012289, Pos=0.012032, Vel=0.00012866]Epoch 1/200 [TRAIN]:  14%|█▍        | 559/4032 [00:57<05:41, 10.16it/s, Loss=0.012289, Pos=0.012032, Vel=0.00012866]Epoch 1/200 [TRAIN]:  14%|█▍        | 559/4032 [00:57<05:41, 10.16it/s, Loss=0.012302, Pos=0.012045, Vel=0.00012856]Epoch 1/200 [TRAIN]:  14%|█▍        | 559/4032 [00:57<05:41, 10.16it/s, Loss=0.012289, Pos=0.012032, Vel=0.00012848]Epoch 1/200 [TRAIN]:  14%|█▍        | 561/4032 [00:57<05:56,  9.73it/s, Loss=0.012289, Pos=0.012032, Vel=0.00012848]Epoch 1/200 [TRAIN]:  14%|█▍        | 561/4032 [00:57<05:56,  9.73it/s, Loss=0.012303, Pos=0.012046, Vel=0.00012853]Epoch 1/200 [TRAIN]:  14%|█▍        | 561/4032 [00:57<05:56,  9.73it/s, Loss=0.012327, Pos=0.012070, Vel=0.00012843]Epoch 1/200 [TRAIN]:  14%|█▍        | 563/4032 [00:57<05:26, 10.61it/s, Loss=0.012327, Pos=0.012070, Vel=0.00012843]Epoch 1/200 [TRAIN]:  14%|█▍        | 563/4032 [00:57<05:26, 10.61it/s, Loss=0.012319, Pos=0.012063, Vel=0.00012835]Epoch 1/200 [TRAIN]:  14%|█▍        | 563/4032 [00:57<05:26, 10.61it/s, Loss=0.012300, Pos=0.012043, Vel=0.00012823]Epoch 1/200 [TRAIN]:  14%|█▍        | 565/4032 [00:57<05:37, 10.27it/s, Loss=0.012300, Pos=0.012043, Vel=0.00012823]Epoch 1/200 [TRAIN]:  14%|█▍        | 565/4032 [00:57<05:37, 10.27it/s, Loss=0.012293, Pos=0.012037, Vel=0.00012811]Epoch 1/200 [TRAIN]:  14%|█▍        | 565/4032 [00:57<05:37, 10.27it/s, Loss=0.012289, Pos=0.012033, Vel=0.00012803]Epoch 1/200 [TRAIN]:  14%|█▍        | 567/4032 [00:57<05:52,  9.83it/s, Loss=0.012289, Pos=0.012033, Vel=0.00012803]Epoch 1/200 [TRAIN]:  14%|█▍        | 567/4032 [00:57<05:52,  9.83it/s, Loss=0.012283, Pos=0.012027, Vel=0.00012793]Epoch 1/200 [TRAIN]:  14%|█▍        | 568/4032 [00:57<05:59,  9.63it/s, Loss=0.012283, Pos=0.012027, Vel=0.00012793]Epoch 1/200 [TRAIN]:  14%|█▍        | 568/4032 [00:58<05:59,  9.63it/s, Loss=0.012278, Pos=0.012022, Vel=0.00012793]Epoch 1/200 [TRAIN]:  14%|█▍        | 569/4032 [00:58<06:03,  9.52it/s, Loss=0.012278, Pos=0.012022, Vel=0.00012793]Epoch 1/200 [TRAIN]:  14%|█▍        | 569/4032 [00:58<06:03,  9.52it/s, Loss=0.012259, Pos=0.012004, Vel=0.00012783]Epoch 1/200 [TRAIN]:  14%|█▍        | 570/4032 [00:58<06:10,  9.34it/s, Loss=0.012259, Pos=0.012004, Vel=0.00012783]Epoch 1/200 [TRAIN]:  14%|█▍        | 570/4032 [00:58<06:10,  9.34it/s, Loss=0.012247, Pos=0.011991, Vel=0.00012768]Epoch 1/200 [TRAIN]:  14%|█▍        | 571/4032 [00:58<06:07,  9.42it/s, Loss=0.012247, Pos=0.011991, Vel=0.00012768]Epoch 1/200 [TRAIN]:  14%|█▍        | 571/4032 [00:58<06:07,  9.42it/s, Loss=0.012241, Pos=0.011986, Vel=0.00012755]Epoch 1/200 [TRAIN]:  14%|█▍        | 572/4032 [00:58<06:18,  9.13it/s, Loss=0.012241, Pos=0.011986, Vel=0.00012755]Epoch 1/200 [TRAIN]:  14%|█▍        | 572/4032 [00:58<06:18,  9.13it/s, Loss=0.012237, Pos=0.011982, Vel=0.00012753]Epoch 1/200 [TRAIN]:  14%|█▍        | 573/4032 [00:58<06:13,  9.26it/s, Loss=0.012237, Pos=0.011982, Vel=0.00012753]Epoch 1/200 [TRAIN]:  14%|█▍        | 573/4032 [00:58<06:13,  9.26it/s, Loss=0.012223, Pos=0.011969, Vel=0.00012740]Epoch 1/200 [TRAIN]:  14%|█▍        | 574/4032 [00:58<06:23,  9.01it/s, Loss=0.012223, Pos=0.011969, Vel=0.00012740]Epoch 1/200 [TRAIN]:  14%|█▍        | 574/4032 [00:58<06:23,  9.01it/s, Loss=0.012211, Pos=0.011956, Vel=0.00012728]Epoch 1/200 [TRAIN]:  14%|█▍        | 574/4032 [00:58<06:23,  9.01it/s, Loss=0.012230, Pos=0.011976, Vel=0.00012722]Epoch 1/200 [TRAIN]:  14%|█▍        | 576/4032 [00:58<05:38, 10.21it/s, Loss=0.012230, Pos=0.011976, Vel=0.00012722]Epoch 1/200 [TRAIN]:  14%|█▍        | 576/4032 [00:58<05:38, 10.21it/s, Loss=0.012235, Pos=0.011981, Vel=0.00012710]Epoch 1/200 [TRAIN]:  14%|█▍        | 577/4032 [00:58<05:41, 10.10it/s, Loss=0.012235, Pos=0.011981, Vel=0.00012710]Epoch 1/200 [TRAIN]:  14%|█▍        | 577/4032 [00:59<05:41, 10.10it/s, Loss=0.012218, Pos=0.011964, Vel=0.00012706]Epoch 1/200 [TRAIN]:  14%|█▍        | 578/4032 [00:59<05:58,  9.65it/s, Loss=0.012218, Pos=0.011964, Vel=0.00012706]Epoch 1/200 [TRAIN]:  14%|█▍        | 578/4032 [00:59<05:58,  9.65it/s, Loss=0.012221, Pos=0.011966, Vel=0.00012718]Epoch 1/200 [TRAIN]:  14%|█▍        | 578/4032 [00:59<05:58,  9.65it/s, Loss=0.012202, Pos=0.011948, Vel=0.00012710]Epoch 1/200 [TRAIN]:  14%|█▍        | 580/4032 [00:59<05:18, 10.84it/s, Loss=0.012202, Pos=0.011948, Vel=0.00012710]Epoch 1/200 [TRAIN]:  14%|█▍        | 580/4032 [00:59<05:18, 10.84it/s, Loss=0.012187, Pos=0.011933, Vel=0.00012699]Epoch 1/200 [TRAIN]:  14%|█▍        | 580/4032 [00:59<05:18, 10.84it/s, Loss=0.012180, Pos=0.011926, Vel=0.00012688]Epoch 1/200 [TRAIN]:  14%|█▍        | 582/4032 [00:59<05:34, 10.30it/s, Loss=0.012180, Pos=0.011926, Vel=0.00012688]Epoch 1/200 [TRAIN]:  14%|█▍        | 582/4032 [00:59<05:34, 10.30it/s, Loss=0.012182, Pos=0.011928, Vel=0.00012689]Epoch 1/200 [TRAIN]:  14%|█▍        | 582/4032 [00:59<05:34, 10.30it/s, Loss=0.012165, Pos=0.011912, Vel=0.00012679]Epoch 1/200 [TRAIN]:  14%|█▍        | 584/4032 [00:59<05:49,  9.87it/s, Loss=0.012165, Pos=0.011912, Vel=0.00012679]Epoch 1/200 [TRAIN]:  14%|█▍        | 584/4032 [00:59<05:49,  9.87it/s, Loss=0.012174, Pos=0.011921, Vel=0.00012682]Epoch 1/200 [TRAIN]:  15%|█▍        | 585/4032 [00:59<05:50,  9.84it/s, Loss=0.012174, Pos=0.011921, Vel=0.00012682]Epoch 1/200 [TRAIN]:  15%|█▍        | 585/4032 [00:59<05:50,  9.84it/s, Loss=0.012160, Pos=0.011907, Vel=0.00012671]Epoch 1/200 [TRAIN]:  15%|█▍        | 585/4032 [00:59<05:50,  9.84it/s, Loss=0.012152, Pos=0.011899, Vel=0.00012661]Epoch 1/200 [TRAIN]:  15%|█▍        | 587/4032 [00:59<05:57,  9.63it/s, Loss=0.012152, Pos=0.011899, Vel=0.00012661]Epoch 1/200 [TRAIN]:  15%|█▍        | 587/4032 [01:00<05:57,  9.63it/s, Loss=0.012134, Pos=0.011881, Vel=0.00012649]Epoch 1/200 [TRAIN]:  15%|█▍        | 588/4032 [01:00<05:57,  9.62it/s, Loss=0.012134, Pos=0.011881, Vel=0.00012649]Epoch 1/200 [TRAIN]:  15%|█▍        | 588/4032 [01:00<05:57,  9.62it/s, Loss=0.012202, Pos=0.011949, Vel=0.00012645]Epoch 1/200 [TRAIN]:  15%|█▍        | 589/4032 [01:00<05:55,  9.68it/s, Loss=0.012202, Pos=0.011949, Vel=0.00012645]Epoch 1/200 [TRAIN]:  15%|█▍        | 589/4032 [01:00<05:55,  9.68it/s, Loss=0.012187, Pos=0.011934, Vel=0.00012637]Epoch 1/200 [TRAIN]:  15%|█▍        | 590/4032 [01:00<05:54,  9.71it/s, Loss=0.012187, Pos=0.011934, Vel=0.00012637]Epoch 1/200 [TRAIN]:  15%|█▍        | 590/4032 [01:00<05:54,  9.71it/s, Loss=0.012170, Pos=0.011918, Vel=0.00012627]Epoch 1/200 [TRAIN]:  15%|█▍        | 590/4032 [01:00<05:54,  9.71it/s, Loss=0.012158, Pos=0.011905, Vel=0.00012617]Epoch 1/200 [TRAIN]:  15%|█▍        | 592/4032 [01:00<05:17, 10.83it/s, Loss=0.012158, Pos=0.011905, Vel=0.00012617]Epoch 1/200 [TRAIN]:  15%|█▍        | 592/4032 [01:00<05:17, 10.83it/s, Loss=0.012204, Pos=0.011952, Vel=0.00012619]Epoch 1/200 [TRAIN]:  15%|█▍        | 592/4032 [01:00<05:17, 10.83it/s, Loss=0.012197, Pos=0.011945, Vel=0.00012613]Epoch 1/200 [TRAIN]:  15%|█▍        | 594/4032 [01:00<05:40, 10.10it/s, Loss=0.012197, Pos=0.011945, Vel=0.00012613]Epoch 1/200 [TRAIN]:  15%|█▍        | 594/4032 [01:00<05:40, 10.10it/s, Loss=0.012196, Pos=0.011944, Vel=0.00012604]Epoch 1/200 [TRAIN]:  15%|█▍        | 594/4032 [01:00<05:40, 10.10it/s, Loss=0.012190, Pos=0.011938, Vel=0.00012593]Epoch 1/200 [TRAIN]:  15%|█▍        | 596/4032 [01:00<05:54,  9.70it/s, Loss=0.012190, Pos=0.011938, Vel=0.00012593]Epoch 1/200 [TRAIN]:  15%|█▍        | 596/4032 [01:00<05:54,  9.70it/s, Loss=0.012196, Pos=0.011944, Vel=0.00012591]Epoch 1/200 [TRAIN]:  15%|█▍        | 597/4032 [01:00<05:53,  9.73it/s, Loss=0.012196, Pos=0.011944, Vel=0.00012591]Epoch 1/200 [TRAIN]:  15%|█▍        | 597/4032 [01:01<05:53,  9.73it/s, Loss=0.012188, Pos=0.011936, Vel=0.00012605]Epoch 1/200 [TRAIN]:  15%|█▍        | 598/4032 [01:01<06:07,  9.34it/s, Loss=0.012188, Pos=0.011936, Vel=0.00012605]Epoch 1/200 [TRAIN]:  15%|█▍        | 598/4032 [01:01<06:07,  9.34it/s, Loss=0.012199, Pos=0.011947, Vel=0.00012599]Epoch 1/200 [TRAIN]:  15%|█▍        | 599/4032 [01:01<06:04,  9.42it/s, Loss=0.012199, Pos=0.011947, Vel=0.00012599]Epoch 1/200 [TRAIN]:  15%|█▍        | 599/4032 [01:01<06:04,  9.42it/s, Loss=0.012198, Pos=0.011946, Vel=0.00012590]Epoch 1/200 [TRAIN]:  15%|█▍        | 600/4032 [01:01<06:08,  9.31it/s, Loss=0.012198, Pos=0.011946, Vel=0.00012590]Epoch 1/200 [TRAIN]:  15%|█▍        | 600/4032 [01:01<06:08,  9.31it/s, Loss=0.012201, Pos=0.011949, Vel=0.00012582]Epoch 1/200 [TRAIN]:  15%|█▍        | 600/4032 [01:01<06:08,  9.31it/s, Loss=0.012207, Pos=0.011955, Vel=0.00012589]Epoch 1/200 [TRAIN]:  15%|█▍        | 602/4032 [01:01<06:04,  9.40it/s, Loss=0.012207, Pos=0.011955, Vel=0.00012589]Epoch 1/200 [TRAIN]:  15%|█▍        | 602/4032 [01:01<06:04,  9.40it/s, Loss=0.012195, Pos=0.011943, Vel=0.00012578]Epoch 1/200 [TRAIN]:  15%|█▍        | 602/4032 [01:01<06:04,  9.40it/s, Loss=0.012185, Pos=0.011933, Vel=0.00012566]Epoch 1/200 [TRAIN]:  15%|█▍        | 604/4032 [01:01<05:42, 10.00it/s, Loss=0.012185, Pos=0.011933, Vel=0.00012566]Epoch 1/200 [TRAIN]:  15%|█▍        | 604/4032 [01:01<05:42, 10.00it/s, Loss=0.012173, Pos=0.011922, Vel=0.00012564]Epoch 1/200 [TRAIN]:  15%|█▍        | 604/4032 [01:01<05:42, 10.00it/s, Loss=0.012163, Pos=0.011912, Vel=0.00012553]Epoch 1/200 [TRAIN]:  15%|█▌        | 606/4032 [01:01<05:38, 10.12it/s, Loss=0.012163, Pos=0.011912, Vel=0.00012553]Epoch 1/200 [TRAIN]:  15%|█▌        | 606/4032 [01:01<05:38, 10.12it/s, Loss=0.012161, Pos=0.011910, Vel=0.00012543]Epoch 1/200 [TRAIN]:  15%|█▌        | 606/4032 [01:01<05:38, 10.12it/s, Loss=0.012152, Pos=0.011901, Vel=0.00012532]Epoch 1/200 [TRAIN]:  15%|█▌        | 608/4032 [01:01<04:57, 11.52it/s, Loss=0.012152, Pos=0.011901, Vel=0.00012532]Epoch 1/200 [TRAIN]:  15%|█▌        | 608/4032 [01:02<04:57, 11.52it/s, Loss=0.012152, Pos=0.011902, Vel=0.00012527]Epoch 1/200 [TRAIN]:  15%|█▌        | 608/4032 [01:02<04:57, 11.52it/s, Loss=0.012144, Pos=0.011893, Vel=0.00012519]Epoch 1/200 [TRAIN]:  15%|█▌        | 610/4032 [01:02<04:52, 11.71it/s, Loss=0.012144, Pos=0.011893, Vel=0.00012519]Epoch 1/200 [TRAIN]:  15%|█▌        | 610/4032 [01:02<04:52, 11.71it/s, Loss=0.012139, Pos=0.011889, Vel=0.00012513]Epoch 1/200 [TRAIN]:  15%|█▌        | 610/4032 [01:02<04:52, 11.71it/s, Loss=0.012123, Pos=0.011873, Vel=0.00012502]Epoch 1/200 [TRAIN]:  15%|█▌        | 612/4032 [01:02<05:11, 10.97it/s, Loss=0.012123, Pos=0.011873, Vel=0.00012502]Epoch 1/200 [TRAIN]:  15%|█▌        | 612/4032 [01:02<05:11, 10.97it/s, Loss=0.012118, Pos=0.011868, Vel=0.00012493]Epoch 1/200 [TRAIN]:  15%|█▌        | 612/4032 [01:02<05:11, 10.97it/s, Loss=0.012100, Pos=0.011850, Vel=0.00012480]Epoch 1/200 [TRAIN]:  15%|█▌        | 614/4032 [01:02<04:53, 11.64it/s, Loss=0.012100, Pos=0.011850, Vel=0.00012480]Epoch 1/200 [TRAIN]:  15%|█▌        | 614/4032 [01:02<04:53, 11.64it/s, Loss=0.012094, Pos=0.011844, Vel=0.00012470]Epoch 1/200 [TRAIN]:  15%|█▌        | 614/4032 [01:02<04:53, 11.64it/s, Loss=0.012082, Pos=0.011833, Vel=0.00012466]Epoch 1/200 [TRAIN]:  15%|█▌        | 616/4032 [01:02<05:19, 10.69it/s, Loss=0.012082, Pos=0.011833, Vel=0.00012466]Epoch 1/200 [TRAIN]:  15%|█▌        | 616/4032 [01:02<05:19, 10.69it/s, Loss=0.012092, Pos=0.011842, Vel=0.00012474]Epoch 1/200 [TRAIN]:  15%|█▌        | 616/4032 [01:02<05:19, 10.69it/s, Loss=0.012086, Pos=0.011837, Vel=0.00012464]Epoch 1/200 [TRAIN]:  15%|█▌        | 618/4032 [01:02<05:35, 10.19it/s, Loss=0.012086, Pos=0.011837, Vel=0.00012464]Epoch 1/200 [TRAIN]:  15%|█▌        | 618/4032 [01:03<05:35, 10.19it/s, Loss=0.012106, Pos=0.011857, Vel=0.00012488]Epoch 1/200 [TRAIN]:  15%|█▌        | 618/4032 [01:03<05:35, 10.19it/s, Loss=0.012099, Pos=0.011849, Vel=0.00012478]Epoch 1/200 [TRAIN]:  15%|█▌        | 620/4032 [01:03<05:37, 10.11it/s, Loss=0.012099, Pos=0.011849, Vel=0.00012478]Epoch 1/200 [TRAIN]:  15%|█▌        | 620/4032 [01:03<05:37, 10.11it/s, Loss=0.012098, Pos=0.011848, Vel=0.00012473]Epoch 1/200 [TRAIN]:  15%|█▌        | 620/4032 [01:03<05:37, 10.11it/s, Loss=0.012087, Pos=0.011838, Vel=0.00012482]Epoch 1/200 [TRAIN]:  15%|█▌        | 622/4032 [01:03<05:42,  9.95it/s, Loss=0.012087, Pos=0.011838, Vel=0.00012482]Epoch 1/200 [TRAIN]:  15%|█▌        | 622/4032 [01:03<05:42,  9.95it/s, Loss=0.012076, Pos=0.011827, Vel=0.00012471]Epoch 1/200 [TRAIN]:  15%|█▌        | 622/4032 [01:03<05:42,  9.95it/s, Loss=0.012064, Pos=0.011814, Vel=0.00012467]Epoch 1/200 [TRAIN]:  15%|█▌        | 624/4032 [01:03<05:21, 10.61it/s, Loss=0.012064, Pos=0.011814, Vel=0.00012467]Epoch 1/200 [TRAIN]:  15%|█▌        | 624/4032 [01:03<05:21, 10.61it/s, Loss=0.012056, Pos=0.011806, Vel=0.00012458]Epoch 1/200 [TRAIN]:  15%|█▌        | 624/4032 [01:03<05:21, 10.61it/s, Loss=0.012047, Pos=0.011798, Vel=0.00012450]Epoch 1/200 [TRAIN]:  16%|█▌        | 626/4032 [01:03<05:36, 10.12it/s, Loss=0.012047, Pos=0.011798, Vel=0.00012450]Epoch 1/200 [TRAIN]:  16%|█▌        | 626/4032 [01:03<05:36, 10.12it/s, Loss=0.012170, Pos=0.011921, Vel=0.00012448]Epoch 1/200 [TRAIN]:  16%|█▌        | 626/4032 [01:03<05:36, 10.12it/s, Loss=0.012154, Pos=0.011905, Vel=0.00012441]Epoch 1/200 [TRAIN]:  16%|█▌        | 628/4032 [01:03<05:41,  9.96it/s, Loss=0.012154, Pos=0.011905, Vel=0.00012441]Epoch 1/200 [TRAIN]:  16%|█▌        | 628/4032 [01:04<05:41,  9.96it/s, Loss=0.012139, Pos=0.011891, Vel=0.00012438]Epoch 1/200 [TRAIN]:  16%|█▌        | 628/4032 [01:04<05:41,  9.96it/s, Loss=0.012124, Pos=0.011876, Vel=0.00012430]Epoch 1/200 [TRAIN]:  16%|█▌        | 630/4032 [01:04<05:41,  9.95it/s, Loss=0.012124, Pos=0.011876, Vel=0.00012430]Epoch 1/200 [TRAIN]:  16%|█▌        | 630/4032 [01:04<05:41,  9.95it/s, Loss=0.012124, Pos=0.011875, Vel=0.00012423]Epoch 1/200 [TRAIN]:  16%|█▌        | 630/4032 [01:04<05:41,  9.95it/s, Loss=0.012107, Pos=0.011859, Vel=0.00012413]Epoch 1/200 [TRAIN]:  16%|█▌        | 632/4032 [01:04<05:48,  9.75it/s, Loss=0.012107, Pos=0.011859, Vel=0.00012413]Epoch 1/200 [TRAIN]:  16%|█▌        | 632/4032 [01:04<05:48,  9.75it/s, Loss=0.012096, Pos=0.011848, Vel=0.00012409]Epoch 1/200 [TRAIN]:  16%|█▌        | 632/4032 [01:04<05:48,  9.75it/s, Loss=0.012082, Pos=0.011834, Vel=0.00012397]Epoch 1/200 [TRAIN]:  16%|█▌        | 634/4032 [01:04<05:33, 10.18it/s, Loss=0.012082, Pos=0.011834, Vel=0.00012397]Epoch 1/200 [TRAIN]:  16%|█▌        | 634/4032 [01:04<05:33, 10.18it/s, Loss=0.012075, Pos=0.011827, Vel=0.00012389]Epoch 1/200 [TRAIN]:  16%|█▌        | 634/4032 [01:04<05:33, 10.18it/s, Loss=0.012097, Pos=0.011849, Vel=0.00012392]Epoch 1/200 [TRAIN]:  16%|█▌        | 636/4032 [01:04<05:38, 10.04it/s, Loss=0.012097, Pos=0.011849, Vel=0.00012392]Epoch 1/200 [TRAIN]:  16%|█▌        | 636/4032 [01:04<05:38, 10.04it/s, Loss=0.012100, Pos=0.011852, Vel=0.00012385]Epoch 1/200 [TRAIN]:  16%|█▌        | 636/4032 [01:04<05:38, 10.04it/s, Loss=0.012107, Pos=0.011859, Vel=0.00012389]Epoch 1/200 [TRAIN]:  16%|█▌        | 638/4032 [01:04<05:37, 10.07it/s, Loss=0.012107, Pos=0.011859, Vel=0.00012389]Epoch 1/200 [TRAIN]:  16%|█▌        | 638/4032 [01:05<05:37, 10.07it/s, Loss=0.012105, Pos=0.011857, Vel=0.00012391]Epoch 1/200 [TRAIN]:  16%|█▌        | 638/4032 [01:05<05:37, 10.07it/s, Loss=0.012095, Pos=0.011847, Vel=0.00012390]Epoch 1/200 [TRAIN]:  16%|█▌        | 640/4032 [01:05<05:40,  9.96it/s, Loss=0.012095, Pos=0.011847, Vel=0.00012390]Epoch 1/200 [TRAIN]:  16%|█▌        | 640/4032 [01:05<05:40,  9.96it/s, Loss=0.012097, Pos=0.011850, Vel=0.00012384]Epoch 1/200 [TRAIN]:  16%|█▌        | 640/4032 [01:05<05:40,  9.96it/s, Loss=0.012091, Pos=0.011844, Vel=0.00012375]Epoch 1/200 [TRAIN]:  16%|█▌        | 642/4032 [01:05<05:28, 10.32it/s, Loss=0.012091, Pos=0.011844, Vel=0.00012375]Epoch 1/200 [TRAIN]:  16%|█▌        | 642/4032 [01:05<05:28, 10.32it/s, Loss=0.012127, Pos=0.011879, Vel=0.00012381]Epoch 1/200 [TRAIN]:  16%|█▌        | 642/4032 [01:05<05:28, 10.32it/s, Loss=0.012122, Pos=0.011874, Vel=0.00012379]Epoch 1/200 [TRAIN]:  16%|█▌        | 644/4032 [01:05<05:13, 10.80it/s, Loss=0.012122, Pos=0.011874, Vel=0.00012379]Epoch 1/200 [TRAIN]:  16%|█▌        | 644/4032 [01:05<05:13, 10.80it/s, Loss=0.012107, Pos=0.011859, Vel=0.00012370]Epoch 1/200 [TRAIN]:  16%|█▌        | 644/4032 [01:05<05:13, 10.80it/s, Loss=0.012113, Pos=0.011866, Vel=0.00012368]Epoch 1/200 [TRAIN]:  16%|█▌        | 646/4032 [01:05<05:17, 10.67it/s, Loss=0.012113, Pos=0.011866, Vel=0.00012368]Epoch 1/200 [TRAIN]:  16%|█▌        | 646/4032 [01:05<05:17, 10.67it/s, Loss=0.012107, Pos=0.011860, Vel=0.00012357]Epoch 1/200 [TRAIN]:  16%|█▌        | 646/4032 [01:05<05:17, 10.67it/s, Loss=0.012103, Pos=0.011856, Vel=0.00012360]Epoch 1/200 [TRAIN]:  16%|█▌        | 648/4032 [01:05<05:22, 10.48it/s, Loss=0.012103, Pos=0.011856, Vel=0.00012360]Epoch 1/200 [TRAIN]:  16%|█▌        | 648/4032 [01:05<05:22, 10.48it/s, Loss=0.012091, Pos=0.011844, Vel=0.00012350]Epoch 1/200 [TRAIN]:  16%|█▌        | 648/4032 [01:06<05:22, 10.48it/s, Loss=0.012091, Pos=0.011844, Vel=0.00012344]Epoch 1/200 [TRAIN]:  16%|█▌        | 650/4032 [01:06<05:27, 10.34it/s, Loss=0.012091, Pos=0.011844, Vel=0.00012344]Epoch 1/200 [TRAIN]:  16%|█▌        | 650/4032 [01:06<05:27, 10.34it/s, Loss=0.012094, Pos=0.011847, Vel=0.00012359]Epoch 1/200 [TRAIN]:  16%|█▌        | 650/4032 [01:06<05:27, 10.34it/s, Loss=0.012093, Pos=0.011846, Vel=0.00012357]Epoch 1/200 [TRAIN]:  16%|█▌        | 652/4032 [01:06<05:31, 10.19it/s, Loss=0.012093, Pos=0.011846, Vel=0.00012357]Epoch 1/200 [TRAIN]:  16%|█▌        | 652/4032 [01:06<05:31, 10.19it/s, Loss=0.012107, Pos=0.011860, Vel=0.00012357]Epoch 1/200 [TRAIN]:  16%|█▌        | 652/4032 [01:06<05:31, 10.19it/s, Loss=0.012093, Pos=0.011846, Vel=0.00012350]Epoch 1/200 [TRAIN]:  16%|█▌        | 654/4032 [01:06<05:34, 10.10it/s, Loss=0.012093, Pos=0.011846, Vel=0.00012350]Epoch 1/200 [TRAIN]:  16%|█▌        | 654/4032 [01:06<05:34, 10.10it/s, Loss=0.012126, Pos=0.011879, Vel=0.00012348]Epoch 1/200 [TRAIN]:  16%|█▌        | 654/4032 [01:06<05:34, 10.10it/s, Loss=0.012148, Pos=0.011901, Vel=0.00012362]Epoch 1/200 [TRAIN]:  16%|█▋        | 656/4032 [01:06<05:36, 10.03it/s, Loss=0.012148, Pos=0.011901, Vel=0.00012362]Epoch 1/200 [TRAIN]:  16%|█▋        | 656/4032 [01:06<05:36, 10.03it/s, Loss=0.012139, Pos=0.011892, Vel=0.00012351]Epoch 1/200 [TRAIN]:  16%|█▋        | 656/4032 [01:06<05:36, 10.03it/s, Loss=0.012144, Pos=0.011897, Vel=0.00012351]Epoch 1/200 [TRAIN]:  16%|█▋        | 658/4032 [01:06<05:46,  9.73it/s, Loss=0.012144, Pos=0.011897, Vel=0.00012351]Epoch 1/200 [TRAIN]:  16%|█▋        | 658/4032 [01:06<05:46,  9.73it/s, Loss=0.012136, Pos=0.011889, Vel=0.00012344]Epoch 1/200 [TRAIN]:  16%|█▋        | 658/4032 [01:07<05:46,  9.73it/s, Loss=0.012192, Pos=0.011945, Vel=0.00012341]Epoch 1/200 [TRAIN]:  16%|█▋        | 660/4032 [01:07<05:40,  9.90it/s, Loss=0.012192, Pos=0.011945, Vel=0.00012341]Epoch 1/200 [TRAIN]:  16%|█▋        | 660/4032 [01:07<05:40,  9.90it/s, Loss=0.012191, Pos=0.011944, Vel=0.00012344]Epoch 1/200 [TRAIN]:  16%|█▋        | 660/4032 [01:07<05:40,  9.90it/s, Loss=0.012180, Pos=0.011934, Vel=0.00012334]Epoch 1/200 [TRAIN]:  16%|█▋        | 662/4032 [01:07<05:34, 10.06it/s, Loss=0.012180, Pos=0.011934, Vel=0.00012334]Epoch 1/200 [TRAIN]:  16%|█▋        | 662/4032 [01:07<05:34, 10.06it/s, Loss=0.012165, Pos=0.011919, Vel=0.00012328]Epoch 1/200 [TRAIN]:  16%|█▋        | 662/4032 [01:07<05:34, 10.06it/s, Loss=0.012164, Pos=0.011918, Vel=0.00012319]Epoch 1/200 [TRAIN]:  16%|█▋        | 664/4032 [01:07<05:44,  9.77it/s, Loss=0.012164, Pos=0.011918, Vel=0.00012319]Epoch 1/200 [TRAIN]:  16%|█▋        | 664/4032 [01:07<05:44,  9.77it/s, Loss=0.012158, Pos=0.011911, Vel=0.00012315]Epoch 1/200 [TRAIN]:  16%|█▋        | 665/4032 [01:07<05:43,  9.81it/s, Loss=0.012158, Pos=0.011911, Vel=0.00012315]Epoch 1/200 [TRAIN]:  16%|█▋        | 665/4032 [01:07<05:43,  9.81it/s, Loss=0.012157, Pos=0.011911, Vel=0.00012305]Epoch 1/200 [TRAIN]:  17%|█▋        | 666/4032 [01:07<05:53,  9.52it/s, Loss=0.012157, Pos=0.011911, Vel=0.00012305]Epoch 1/200 [TRAIN]:  17%|█▋        | 666/4032 [01:07<05:53,  9.52it/s, Loss=0.012151, Pos=0.011905, Vel=0.00012294]Epoch 1/200 [TRAIN]:  17%|█▋        | 667/4032 [01:07<05:51,  9.57it/s, Loss=0.012151, Pos=0.011905, Vel=0.00012294]Epoch 1/200 [TRAIN]:  17%|█▋        | 667/4032 [01:07<05:51,  9.57it/s, Loss=0.012136, Pos=0.011890, Vel=0.00012287]Epoch 1/200 [TRAIN]:  17%|█▋        | 668/4032 [01:07<06:01,  9.30it/s, Loss=0.012136, Pos=0.011890, Vel=0.00012287]Epoch 1/200 [TRAIN]:  17%|█▋        | 668/4032 [01:08<06:01,  9.30it/s, Loss=0.012127, Pos=0.011881, Vel=0.00012285]Epoch 1/200 [TRAIN]:  17%|█▋        | 669/4032 [01:08<05:58,  9.39it/s, Loss=0.012127, Pos=0.011881, Vel=0.00012285]Epoch 1/200 [TRAIN]:  17%|█▋        | 669/4032 [01:08<05:58,  9.39it/s, Loss=0.012126, Pos=0.011880, Vel=0.00012277]Epoch 1/200 [TRAIN]:  17%|█▋        | 670/4032 [01:08<05:52,  9.53it/s, Loss=0.012126, Pos=0.011880, Vel=0.00012277]Epoch 1/200 [TRAIN]:  17%|█▋        | 670/4032 [01:08<05:52,  9.53it/s, Loss=0.012114, Pos=0.011869, Vel=0.00012267]Epoch 1/200 [TRAIN]:  17%|█▋        | 670/4032 [01:08<05:52,  9.53it/s, Loss=0.012225, Pos=0.011980, Vel=0.00012258]Epoch 1/200 [TRAIN]:  17%|█▋        | 672/4032 [01:08<05:43,  9.78it/s, Loss=0.012225, Pos=0.011980, Vel=0.00012258]Epoch 1/200 [TRAIN]:  17%|█▋        | 672/4032 [01:08<05:43,  9.78it/s, Loss=0.012255, Pos=0.012009, Vel=0.00012280]Epoch 1/200 [TRAIN]:  17%|█▋        | 673/4032 [01:08<05:55,  9.45it/s, Loss=0.012255, Pos=0.012009, Vel=0.00012280]Epoch 1/200 [TRAIN]:  17%|█▋        | 673/4032 [01:08<05:55,  9.45it/s, Loss=0.012256, Pos=0.012011, Vel=0.00012280]Epoch 1/200 [TRAIN]:  17%|█▋        | 674/4032 [01:08<05:54,  9.47it/s, Loss=0.012256, Pos=0.012011, Vel=0.00012280]Epoch 1/200 [TRAIN]:  17%|█▋        | 674/4032 [01:08<05:54,  9.47it/s, Loss=0.012247, Pos=0.012001, Vel=0.00012270]Epoch 1/200 [TRAIN]:  17%|█▋        | 675/4032 [01:08<05:57,  9.38it/s, Loss=0.012247, Pos=0.012001, Vel=0.00012270]Epoch 1/200 [TRAIN]:  17%|█▋        | 675/4032 [01:08<05:57,  9.38it/s, Loss=0.012251, Pos=0.012006, Vel=0.00012274]Epoch 1/200 [TRAIN]:  17%|█▋        | 676/4032 [01:08<05:56,  9.42it/s, Loss=0.012251, Pos=0.012006, Vel=0.00012274]Epoch 1/200 [TRAIN]:  17%|█▋        | 676/4032 [01:08<05:56,  9.42it/s, Loss=0.012238, Pos=0.011993, Vel=0.00012269]Epoch 1/200 [TRAIN]:  17%|█▋        | 676/4032 [01:08<05:56,  9.42it/s, Loss=0.012244, Pos=0.011998, Vel=0.00012269]Epoch 1/200 [TRAIN]:  17%|█▋        | 678/4032 [01:08<05:51,  9.55it/s, Loss=0.012244, Pos=0.011998, Vel=0.00012269]Epoch 1/200 [TRAIN]:  17%|█▋        | 678/4032 [01:09<05:51,  9.55it/s, Loss=0.012256, Pos=0.012011, Vel=0.00012266]Epoch 1/200 [TRAIN]:  17%|█▋        | 679/4032 [01:09<05:50,  9.57it/s, Loss=0.012256, Pos=0.012011, Vel=0.00012266]Epoch 1/200 [TRAIN]:  17%|█▋        | 679/4032 [01:09<05:50,  9.57it/s, Loss=0.012253, Pos=0.012008, Vel=0.00012261]Epoch 1/200 [TRAIN]:  17%|█▋        | 680/4032 [01:09<05:53,  9.47it/s, Loss=0.012253, Pos=0.012008, Vel=0.00012261]Epoch 1/200 [TRAIN]:  17%|█▋        | 680/4032 [01:09<05:53,  9.47it/s, Loss=0.012240, Pos=0.011995, Vel=0.00012252]Epoch 1/200 [TRAIN]:  17%|█▋        | 681/4032 [01:09<05:58,  9.36it/s, Loss=0.012240, Pos=0.011995, Vel=0.00012252]Epoch 1/200 [TRAIN]:  17%|█▋        | 681/4032 [01:09<05:58,  9.36it/s, Loss=0.012244, Pos=0.011998, Vel=0.00012255]Epoch 1/200 [TRAIN]:  17%|█▋        | 682/4032 [01:09<06:03,  9.22it/s, Loss=0.012244, Pos=0.011998, Vel=0.00012255]Epoch 1/200 [TRAIN]:  17%|█▋        | 682/4032 [01:09<06:03,  9.22it/s, Loss=0.012285, Pos=0.012040, Vel=0.00012251]Epoch 1/200 [TRAIN]:  17%|█▋        | 683/4032 [01:09<06:06,  9.15it/s, Loss=0.012285, Pos=0.012040, Vel=0.00012251]Epoch 1/200 [TRAIN]:  17%|█▋        | 683/4032 [01:09<06:06,  9.15it/s, Loss=0.012275, Pos=0.012030, Vel=0.00012241]Epoch 1/200 [TRAIN]:  17%|█▋        | 684/4032 [01:09<06:09,  9.05it/s, Loss=0.012275, Pos=0.012030, Vel=0.00012241]Epoch 1/200 [TRAIN]:  17%|█▋        | 684/4032 [01:09<06:09,  9.05it/s, Loss=0.012266, Pos=0.012021, Vel=0.00012236]Epoch 1/200 [TRAIN]:  17%|█▋        | 684/4032 [01:09<06:09,  9.05it/s, Loss=0.012255, Pos=0.012010, Vel=0.00012231]Epoch 1/200 [TRAIN]:  17%|█▋        | 686/4032 [01:09<05:10, 10.78it/s, Loss=0.012255, Pos=0.012010, Vel=0.00012231]Epoch 1/200 [TRAIN]:  17%|█▋        | 686/4032 [01:09<05:10, 10.78it/s, Loss=0.012275, Pos=0.012030, Vel=0.00012227]Epoch 1/200 [TRAIN]:  17%|█▋        | 686/4032 [01:09<05:10, 10.78it/s, Loss=0.012261, Pos=0.012016, Vel=0.00012219]Epoch 1/200 [TRAIN]:  17%|█▋        | 688/4032 [01:09<05:33, 10.02it/s, Loss=0.012261, Pos=0.012016, Vel=0.00012219]Epoch 1/200 [TRAIN]:  17%|█▋        | 688/4032 [01:10<05:33, 10.02it/s, Loss=0.012281, Pos=0.012036, Vel=0.00012223]Epoch 1/200 [TRAIN]:  17%|█▋        | 688/4032 [01:10<05:33, 10.02it/s, Loss=0.012268, Pos=0.012024, Vel=0.00012217]Epoch 1/200 [TRAIN]:  17%|█▋        | 690/4032 [01:10<05:21, 10.40it/s, Loss=0.012268, Pos=0.012024, Vel=0.00012217]Epoch 1/200 [TRAIN]:  17%|█▋        | 690/4032 [01:10<05:21, 10.40it/s, Loss=0.012286, Pos=0.012042, Vel=0.00012210]Epoch 1/200 [TRAIN]:  17%|█▋        | 690/4032 [01:10<05:21, 10.40it/s, Loss=0.012288, Pos=0.012044, Vel=0.00012208]Epoch 1/200 [TRAIN]:  17%|█▋        | 692/4032 [01:10<05:39,  9.83it/s, Loss=0.012288, Pos=0.012044, Vel=0.00012208]Epoch 1/200 [TRAIN]:  17%|█▋        | 692/4032 [01:10<05:39,  9.83it/s, Loss=0.012298, Pos=0.012054, Vel=0.00012221]Epoch 1/200 [TRAIN]:  17%|█▋        | 693/4032 [01:10<05:51,  9.50it/s, Loss=0.012298, Pos=0.012054, Vel=0.00012221]Epoch 1/200 [TRAIN]:  17%|█▋        | 693/4032 [01:10<05:51,  9.50it/s, Loss=0.012316, Pos=0.012071, Vel=0.00012243]Epoch 1/200 [TRAIN]:  17%|█▋        | 693/4032 [01:10<05:51,  9.50it/s, Loss=0.012315, Pos=0.012071, Vel=0.00012233]Epoch 1/200 [TRAIN]:  17%|█▋        | 693/4032 [01:10<05:51,  9.50it/s, Loss=0.012302, Pos=0.012057, Vel=0.00012221]Epoch 1/200 [TRAIN]:  17%|█▋        | 693/4032 [01:10<05:51,  9.50it/s, Loss=0.012307, Pos=0.012062, Vel=0.00012212]Epoch 1/200 [TRAIN]:  17%|█▋        | 697/4032 [01:10<04:17, 12.95it/s, Loss=0.012307, Pos=0.012062, Vel=0.00012212]Epoch 1/200 [TRAIN]:  17%|█▋        | 697/4032 [01:10<04:17, 12.95it/s, Loss=0.012307, Pos=0.012062, Vel=0.00012217]Epoch 1/200 [TRAIN]:  17%|█▋        | 697/4032 [01:10<04:17, 12.95it/s, Loss=0.012312, Pos=0.012068, Vel=0.00012211]Epoch 1/200 [TRAIN]:  17%|█▋        | 699/4032 [01:10<04:48, 11.56it/s, Loss=0.012312, Pos=0.012068, Vel=0.00012211]Epoch 1/200 [TRAIN]:  17%|█▋        | 699/4032 [01:11<04:48, 11.56it/s, Loss=0.012299, Pos=0.012055, Vel=0.00012202]Epoch 1/200 [TRAIN]:  17%|█▋        | 699/4032 [01:11<04:48, 11.56it/s, Loss=0.012305, Pos=0.012061, Vel=0.00012196]Epoch 1/200 [TRAIN]:  17%|█▋        | 701/4032 [01:11<05:06, 10.87it/s, Loss=0.012305, Pos=0.012061, Vel=0.00012196]Epoch 1/200 [TRAIN]:  17%|█▋        | 701/4032 [01:11<05:06, 10.87it/s, Loss=0.012308, Pos=0.012064, Vel=0.00012190]Epoch 1/200 [TRAIN]:  17%|█▋        | 701/4032 [01:11<05:06, 10.87it/s, Loss=0.012324, Pos=0.012080, Vel=0.00012188]Epoch 1/200 [TRAIN]:  17%|█▋        | 703/4032 [01:11<05:23, 10.30it/s, Loss=0.012324, Pos=0.012080, Vel=0.00012188]Epoch 1/200 [TRAIN]:  17%|█▋        | 703/4032 [01:11<05:23, 10.30it/s, Loss=0.012328, Pos=0.012085, Vel=0.00012182]Epoch 1/200 [TRAIN]:  17%|█▋        | 703/4032 [01:11<05:23, 10.30it/s, Loss=0.012320, Pos=0.012076, Vel=0.00012177]Epoch 1/200 [TRAIN]:  17%|█▋        | 705/4032 [01:11<05:34,  9.95it/s, Loss=0.012320, Pos=0.012076, Vel=0.00012177]Epoch 1/200 [TRAIN]:  17%|█▋        | 705/4032 [01:11<05:34,  9.95it/s, Loss=0.012329, Pos=0.012086, Vel=0.00012174]Epoch 1/200 [TRAIN]:  17%|█▋        | 705/4032 [01:11<05:34,  9.95it/s, Loss=0.012327, Pos=0.012083, Vel=0.00012170]Epoch 1/200 [TRAIN]:  18%|█▊        | 707/4032 [01:11<05:43,  9.69it/s, Loss=0.012327, Pos=0.012083, Vel=0.00012170]Epoch 1/200 [TRAIN]:  18%|█▊        | 707/4032 [01:11<05:43,  9.69it/s, Loss=0.012345, Pos=0.012102, Vel=0.00012168]Epoch 1/200 [TRAIN]:  18%|█▊        | 708/4032 [01:11<05:41,  9.73it/s, Loss=0.012345, Pos=0.012102, Vel=0.00012168]Epoch 1/200 [TRAIN]:  18%|█▊        | 708/4032 [01:12<05:41,  9.73it/s, Loss=0.012347, Pos=0.012104, Vel=0.00012178]Epoch 1/200 [TRAIN]:  18%|█▊        | 709/4032 [01:12<05:41,  9.74it/s, Loss=0.012347, Pos=0.012104, Vel=0.00012178]Epoch 1/200 [TRAIN]:  18%|█▊        | 709/4032 [01:12<05:41,  9.74it/s, Loss=0.012337, Pos=0.012094, Vel=0.00012167]Epoch 1/200 [TRAIN]:  18%|█▊        | 710/4032 [01:12<05:45,  9.62it/s, Loss=0.012337, Pos=0.012094, Vel=0.00012167]Epoch 1/200 [TRAIN]:  18%|█▊        | 710/4032 [01:12<05:45,  9.62it/s, Loss=0.012355, Pos=0.012112, Vel=0.00012158]Epoch 1/200 [TRAIN]:  18%|█▊        | 711/4032 [01:12<05:48,  9.54it/s, Loss=0.012355, Pos=0.012112, Vel=0.00012158]Epoch 1/200 [TRAIN]:  18%|█▊        | 711/4032 [01:12<05:48,  9.54it/s, Loss=0.012362, Pos=0.012119, Vel=0.00012162]Epoch 1/200 [TRAIN]:  18%|█▊        | 711/4032 [01:12<05:48,  9.54it/s, Loss=0.012444, Pos=0.012201, Vel=0.00012152]Epoch 1/200 [TRAIN]:  18%|█▊        | 713/4032 [01:12<05:11, 10.64it/s, Loss=0.012444, Pos=0.012201, Vel=0.00012152]Epoch 1/200 [TRAIN]:  18%|█▊        | 713/4032 [01:12<05:11, 10.64it/s, Loss=0.012436, Pos=0.012193, Vel=0.00012149]Epoch 1/200 [TRAIN]:  18%|█▊        | 713/4032 [01:12<05:11, 10.64it/s, Loss=0.012432, Pos=0.012189, Vel=0.00012141]Epoch 1/200 [TRAIN]:  18%|█▊        | 715/4032 [01:12<05:26, 10.14it/s, Loss=0.012432, Pos=0.012189, Vel=0.00012141]Epoch 1/200 [TRAIN]:  18%|█▊        | 715/4032 [01:12<05:26, 10.14it/s, Loss=0.012426, Pos=0.012183, Vel=0.00012138]Epoch 1/200 [TRAIN]:  18%|█▊        | 715/4032 [01:12<05:26, 10.14it/s, Loss=0.012439, Pos=0.012196, Vel=0.00012139]Epoch 1/200 [TRAIN]:  18%|█▊        | 717/4032 [01:12<05:45,  9.59it/s, Loss=0.012439, Pos=0.012196, Vel=0.00012139]Epoch 1/200 [TRAIN]:  18%|█▊        | 717/4032 [01:12<05:45,  9.59it/s, Loss=0.012435, Pos=0.012192, Vel=0.00012130]Epoch 1/200 [TRAIN]:  18%|█▊        | 717/4032 [01:12<05:45,  9.59it/s, Loss=0.012433, Pos=0.012190, Vel=0.00012125]Epoch 1/200 [TRAIN]:  18%|█▊        | 719/4032 [01:12<04:51, 11.36it/s, Loss=0.012433, Pos=0.012190, Vel=0.00012125]Epoch 1/200 [TRAIN]:  18%|█▊        | 719/4032 [01:13<04:51, 11.36it/s, Loss=0.012438, Pos=0.012196, Vel=0.00012119]Epoch 1/200 [TRAIN]:  18%|█▊        | 719/4032 [01:13<04:51, 11.36it/s, Loss=0.012428, Pos=0.012186, Vel=0.00012113]Epoch 1/200 [TRAIN]:  18%|█▊        | 721/4032 [01:13<05:16, 10.48it/s, Loss=0.012428, Pos=0.012186, Vel=0.00012113]Epoch 1/200 [TRAIN]:  18%|█▊        | 721/4032 [01:13<05:16, 10.48it/s, Loss=0.012426, Pos=0.012183, Vel=0.00012106]Epoch 1/200 [TRAIN]:  18%|█▊        | 721/4032 [01:13<05:16, 10.48it/s, Loss=0.012422, Pos=0.012180, Vel=0.00012097]Epoch 1/200 [TRAIN]:  18%|█▊        | 723/4032 [01:13<05:31,  9.97it/s, Loss=0.012422, Pos=0.012180, Vel=0.00012097]Epoch 1/200 [TRAIN]:  18%|█▊        | 723/4032 [01:13<05:31,  9.97it/s, Loss=0.012419, Pos=0.012178, Vel=0.00012092]Epoch 1/200 [TRAIN]:  18%|█▊        | 723/4032 [01:13<05:31,  9.97it/s, Loss=0.012415, Pos=0.012173, Vel=0.00012090]Epoch 1/200 [TRAIN]:  18%|█▊        | 725/4032 [01:13<05:41,  9.67it/s, Loss=0.012415, Pos=0.012173, Vel=0.00012090]Epoch 1/200 [TRAIN]:  18%|█▊        | 725/4032 [01:13<05:41,  9.67it/s, Loss=0.012413, Pos=0.012171, Vel=0.00012082]Epoch 1/200 [TRAIN]:  18%|█▊        | 725/4032 [01:13<05:41,  9.67it/s, Loss=0.012406, Pos=0.012165, Vel=0.00012074]Epoch 1/200 [TRAIN]:  18%|█▊        | 727/4032 [01:13<05:07, 10.73it/s, Loss=0.012406, Pos=0.012165, Vel=0.00012074]Epoch 1/200 [TRAIN]:  18%|█▊        | 727/4032 [01:13<05:07, 10.73it/s, Loss=0.012401, Pos=0.012159, Vel=0.00012066]Epoch 1/200 [TRAIN]:  18%|█▊        | 727/4032 [01:13<05:07, 10.73it/s, Loss=0.012393, Pos=0.012152, Vel=0.00012059]Epoch 1/200 [TRAIN]:  18%|█▊        | 729/4032 [01:13<04:56, 11.13it/s, Loss=0.012393, Pos=0.012152, Vel=0.00012059]Epoch 1/200 [TRAIN]:  18%|█▊        | 729/4032 [01:14<04:56, 11.13it/s, Loss=0.012386, Pos=0.012145, Vel=0.00012054]Epoch 1/200 [TRAIN]:  18%|█▊        | 729/4032 [01:14<04:56, 11.13it/s, Loss=0.012413, Pos=0.012172, Vel=0.00012057]Epoch 1/200 [TRAIN]:  18%|█▊        | 731/4032 [01:14<05:09, 10.65it/s, Loss=0.012413, Pos=0.012172, Vel=0.00012057]Epoch 1/200 [TRAIN]:  18%|█▊        | 731/4032 [01:14<05:09, 10.65it/s, Loss=0.012416, Pos=0.012175, Vel=0.00012048]Epoch 1/200 [TRAIN]:  18%|█▊        | 731/4032 [01:14<05:09, 10.65it/s, Loss=0.012416, Pos=0.012175, Vel=0.00012047]Epoch 1/200 [TRAIN]:  18%|█▊        | 733/4032 [01:14<05:22, 10.22it/s, Loss=0.012416, Pos=0.012175, Vel=0.00012047]Epoch 1/200 [TRAIN]:  18%|█▊        | 733/4032 [01:14<05:22, 10.22it/s, Loss=0.012410, Pos=0.012169, Vel=0.00012044]Epoch 1/200 [TRAIN]:  18%|█▊        | 733/4032 [01:14<05:22, 10.22it/s, Loss=0.012407, Pos=0.012166, Vel=0.00012039]Epoch 1/200 [TRAIN]:  18%|█▊        | 735/4032 [01:14<05:07, 10.72it/s, Loss=0.012407, Pos=0.012166, Vel=0.00012039]Epoch 1/200 [TRAIN]:  18%|█▊        | 735/4032 [01:14<05:07, 10.72it/s, Loss=0.012445, Pos=0.012204, Vel=0.00012037]Epoch 1/200 [TRAIN]:  18%|█▊        | 735/4032 [01:14<05:07, 10.72it/s, Loss=0.012479, Pos=0.012238, Vel=0.00012034]Epoch 1/200 [TRAIN]:  18%|█▊        | 735/4032 [01:14<05:07, 10.72it/s, Loss=0.012467, Pos=0.012226, Vel=0.00012028]Epoch 1/200 [TRAIN]:  18%|█▊        | 738/4032 [01:14<04:33, 12.04it/s, Loss=0.012467, Pos=0.012226, Vel=0.00012028]Epoch 1/200 [TRAIN]:  18%|█▊        | 738/4032 [01:14<04:33, 12.04it/s, Loss=0.012456, Pos=0.012216, Vel=0.00012019]Epoch 1/200 [TRAIN]:  18%|█▊        | 738/4032 [01:14<04:33, 12.04it/s, Loss=0.012445, Pos=0.012205, Vel=0.00012013]Epoch 1/200 [TRAIN]:  18%|█▊        | 740/4032 [01:14<04:22, 12.52it/s, Loss=0.012445, Pos=0.012205, Vel=0.00012013]Epoch 1/200 [TRAIN]:  18%|█▊        | 740/4032 [01:14<04:22, 12.52it/s, Loss=0.012430, Pos=0.012190, Vel=0.00012004]Epoch 1/200 [TRAIN]:  18%|█▊        | 740/4032 [01:15<04:22, 12.52it/s, Loss=0.012476, Pos=0.012236, Vel=0.00012003]Epoch 1/200 [TRAIN]:  18%|█▊        | 742/4032 [01:15<04:26, 12.36it/s, Loss=0.012476, Pos=0.012236, Vel=0.00012003]Epoch 1/200 [TRAIN]:  18%|█▊        | 742/4032 [01:15<04:26, 12.36it/s, Loss=0.012469, Pos=0.012229, Vel=0.00012000]Epoch 1/200 [TRAIN]:  18%|█▊        | 742/4032 [01:15<04:26, 12.36it/s, Loss=0.012476, Pos=0.012237, Vel=0.00011990]Epoch 1/200 [TRAIN]:  18%|█▊        | 744/4032 [01:15<04:51, 11.30it/s, Loss=0.012476, Pos=0.012237, Vel=0.00011990]Epoch 1/200 [TRAIN]:  18%|█▊        | 744/4032 [01:15<04:51, 11.30it/s, Loss=0.012468, Pos=0.012228, Vel=0.00011985]Epoch 1/200 [TRAIN]:  18%|█▊        | 744/4032 [01:15<04:51, 11.30it/s, Loss=0.012476, Pos=0.012236, Vel=0.00011984]Epoch 1/200 [TRAIN]:  19%|█▊        | 746/4032 [01:15<05:03, 10.81it/s, Loss=0.012476, Pos=0.012236, Vel=0.00011984]Epoch 1/200 [TRAIN]:  19%|█▊        | 746/4032 [01:15<05:03, 10.81it/s, Loss=0.012466, Pos=0.012227, Vel=0.00011973]Epoch 1/200 [TRAIN]:  19%|█▊        | 746/4032 [01:15<05:03, 10.81it/s, Loss=0.012478, Pos=0.012239, Vel=0.00011984]Epoch 1/200 [TRAIN]:  19%|█▊        | 748/4032 [01:15<05:15, 10.42it/s, Loss=0.012478, Pos=0.012239, Vel=0.00011984]Epoch 1/200 [TRAIN]:  19%|█▊        | 748/4032 [01:15<05:15, 10.42it/s, Loss=0.012482, Pos=0.012243, Vel=0.00011979]Epoch 1/200 [TRAIN]:  19%|█▊        | 748/4032 [01:15<05:15, 10.42it/s, Loss=0.012470, Pos=0.012230, Vel=0.00011973]Epoch 1/200 [TRAIN]:  19%|█▊        | 750/4032 [01:15<05:07, 10.68it/s, Loss=0.012470, Pos=0.012230, Vel=0.00011973]Epoch 1/200 [TRAIN]:  19%|█▊        | 750/4032 [01:15<05:07, 10.68it/s, Loss=0.012540, Pos=0.012300, Vel=0.00011970]Epoch 1/200 [TRAIN]:  19%|█▊        | 750/4032 [01:16<05:07, 10.68it/s, Loss=0.012528, Pos=0.012288, Vel=0.00011973]Epoch 1/200 [TRAIN]:  19%|█▊        | 752/4032 [01:16<05:07, 10.65it/s, Loss=0.012528, Pos=0.012288, Vel=0.00011973]Epoch 1/200 [TRAIN]:  19%|█▊        | 752/4032 [01:16<05:07, 10.65it/s, Loss=0.012518, Pos=0.012279, Vel=0.00011966]Epoch 1/200 [TRAIN]:  19%|█▊        | 752/4032 [01:16<05:07, 10.65it/s, Loss=0.012513, Pos=0.012274, Vel=0.00011965]Epoch 1/200 [TRAIN]:  19%|█▊        | 754/4032 [01:16<05:19, 10.24it/s, Loss=0.012513, Pos=0.012274, Vel=0.00011965]Epoch 1/200 [TRAIN]:  19%|█▊        | 754/4032 [01:16<05:19, 10.24it/s, Loss=0.012503, Pos=0.012264, Vel=0.00011958]Epoch 1/200 [TRAIN]:  19%|█▊        | 754/4032 [01:16<05:19, 10.24it/s, Loss=0.012501, Pos=0.012262, Vel=0.00011953]Epoch 1/200 [TRAIN]:  19%|█▉        | 756/4032 [01:16<05:26, 10.05it/s, Loss=0.012501, Pos=0.012262, Vel=0.00011953]Epoch 1/200 [TRAIN]:  19%|█▉        | 756/4032 [01:16<05:26, 10.05it/s, Loss=0.012487, Pos=0.012248, Vel=0.00011949]Epoch 1/200 [TRAIN]:  19%|█▉        | 756/4032 [01:16<05:26, 10.05it/s, Loss=0.012568, Pos=0.012329, Vel=0.00011952]Epoch 1/200 [TRAIN]:  19%|█▉        | 758/4032 [01:16<05:03, 10.79it/s, Loss=0.012568, Pos=0.012329, Vel=0.00011952]Epoch 1/200 [TRAIN]:  19%|█▉        | 758/4032 [01:16<05:03, 10.79it/s, Loss=0.012553, Pos=0.012314, Vel=0.00011943]Epoch 1/200 [TRAIN]:  19%|█▉        | 758/4032 [01:16<05:03, 10.79it/s, Loss=0.012554, Pos=0.012316, Vel=0.00011942]Epoch 1/200 [TRAIN]:  19%|█▉        | 760/4032 [01:16<04:38, 11.77it/s, Loss=0.012554, Pos=0.012316, Vel=0.00011942]Epoch 1/200 [TRAIN]:  19%|█▉        | 760/4032 [01:16<04:38, 11.77it/s, Loss=0.012544, Pos=0.012305, Vel=0.00011934]Epoch 1/200 [TRAIN]:  19%|█▉        | 760/4032 [01:16<04:38, 11.77it/s, Loss=0.012586, Pos=0.012347, Vel=0.00011956]Epoch 1/200 [TRAIN]:  19%|█▉        | 762/4032 [01:16<04:37, 11.79it/s, Loss=0.012586, Pos=0.012347, Vel=0.00011956]Epoch 1/200 [TRAIN]:  19%|█▉        | 762/4032 [01:16<04:37, 11.79it/s, Loss=0.012631, Pos=0.012392, Vel=0.00011948]Epoch 1/200 [TRAIN]:  19%|█▉        | 762/4032 [01:17<04:37, 11.79it/s, Loss=0.012618, Pos=0.012380, Vel=0.00011944]Epoch 1/200 [TRAIN]:  19%|█▉        | 764/4032 [01:17<04:59, 10.91it/s, Loss=0.012618, Pos=0.012380, Vel=0.00011944]Epoch 1/200 [TRAIN]:  19%|█▉        | 764/4032 [01:17<04:59, 10.91it/s, Loss=0.012609, Pos=0.012371, Vel=0.00011937]Epoch 1/200 [TRAIN]:  19%|█▉        | 764/4032 [01:17<04:59, 10.91it/s, Loss=0.012599, Pos=0.012360, Vel=0.00011930]Epoch 1/200 [TRAIN]:  19%|█▉        | 766/4032 [01:17<04:35, 11.86it/s, Loss=0.012599, Pos=0.012360, Vel=0.00011930]Epoch 1/200 [TRAIN]:  19%|█▉        | 766/4032 [01:17<04:35, 11.86it/s, Loss=0.012606, Pos=0.012368, Vel=0.00011926]Epoch 1/200 [TRAIN]:  19%|█▉        | 766/4032 [01:17<04:35, 11.86it/s, Loss=0.012603, Pos=0.012365, Vel=0.00011919]Epoch 1/200 [TRAIN]:  19%|█▉        | 768/4032 [01:17<04:55, 11.05it/s, Loss=0.012603, Pos=0.012365, Vel=0.00011919]Epoch 1/200 [TRAIN]:  19%|█▉        | 768/4032 [01:17<04:55, 11.05it/s, Loss=0.012609, Pos=0.012371, Vel=0.00011911]Epoch 1/200 [TRAIN]:  19%|█▉        | 768/4032 [01:17<04:55, 11.05it/s, Loss=0.012595, Pos=0.012357, Vel=0.00011904]Epoch 1/200 [TRAIN]:  19%|█▉        | 770/4032 [01:17<04:47, 11.36it/s, Loss=0.012595, Pos=0.012357, Vel=0.00011904]Epoch 1/200 [TRAIN]:  19%|█▉        | 770/4032 [01:17<04:47, 11.36it/s, Loss=0.012587, Pos=0.012349, Vel=0.00011897]Epoch 1/200 [TRAIN]:  19%|█▉        | 770/4032 [01:17<04:47, 11.36it/s, Loss=0.012603, Pos=0.012365, Vel=0.00011899]Epoch 1/200 [TRAIN]:  19%|█▉        | 772/4032 [01:17<04:43, 11.49it/s, Loss=0.012603, Pos=0.012365, Vel=0.00011899]Epoch 1/200 [TRAIN]:  19%|█▉        | 772/4032 [01:17<04:43, 11.49it/s, Loss=0.012614, Pos=0.012376, Vel=0.00011897]Epoch 1/200 [TRAIN]:  19%|█▉        | 772/4032 [01:17<04:43, 11.49it/s, Loss=0.012610, Pos=0.012372, Vel=0.00011894]Epoch 1/200 [TRAIN]:  19%|█▉        | 774/4032 [01:17<04:26, 12.20it/s, Loss=0.012610, Pos=0.012372, Vel=0.00011894]Epoch 1/200 [TRAIN]:  19%|█▉        | 774/4032 [01:18<04:26, 12.20it/s, Loss=0.012600, Pos=0.012362, Vel=0.00011891]Epoch 1/200 [TRAIN]:  19%|█▉        | 774/4032 [01:18<04:26, 12.20it/s, Loss=0.012601, Pos=0.012363, Vel=0.00011884]Epoch 1/200 [TRAIN]:  19%|█▉        | 776/4032 [01:18<04:29, 12.09it/s, Loss=0.012601, Pos=0.012363, Vel=0.00011884]Epoch 1/200 [TRAIN]:  19%|█▉        | 776/4032 [01:18<04:29, 12.09it/s, Loss=0.012589, Pos=0.012351, Vel=0.00011874]Epoch 1/200 [TRAIN]:  19%|█▉        | 776/4032 [01:18<04:29, 12.09it/s, Loss=0.012580, Pos=0.012342, Vel=0.00011867]Epoch 1/200 [TRAIN]:  19%|█▉        | 778/4032 [01:18<04:54, 11.06it/s, Loss=0.012580, Pos=0.012342, Vel=0.00011867]Epoch 1/200 [TRAIN]:  19%|█▉        | 778/4032 [01:18<04:54, 11.06it/s, Loss=0.012585, Pos=0.012347, Vel=0.00011863]Epoch 1/200 [TRAIN]:  19%|█▉        | 778/4032 [01:18<04:54, 11.06it/s, Loss=0.012596, Pos=0.012359, Vel=0.00011856]Epoch 1/200 [TRAIN]:  19%|█▉        | 780/4032 [01:18<05:10, 10.47it/s, Loss=0.012596, Pos=0.012359, Vel=0.00011856]Epoch 1/200 [TRAIN]:  19%|█▉        | 780/4032 [01:18<05:10, 10.47it/s, Loss=0.012634, Pos=0.012397, Vel=0.00011847]Epoch 1/200 [TRAIN]:  19%|█▉        | 780/4032 [01:18<05:10, 10.47it/s, Loss=0.012640, Pos=0.012404, Vel=0.00011840]Epoch 1/200 [TRAIN]:  19%|█▉        | 782/4032 [01:18<04:52, 11.11it/s, Loss=0.012640, Pos=0.012404, Vel=0.00011840]Epoch 1/200 [TRAIN]:  19%|█▉        | 782/4032 [01:18<04:52, 11.11it/s, Loss=0.012636, Pos=0.012400, Vel=0.00011840]Epoch 1/200 [TRAIN]:  19%|█▉        | 782/4032 [01:18<04:52, 11.11it/s, Loss=0.012637, Pos=0.012400, Vel=0.00011833]Epoch 1/200 [TRAIN]:  19%|█▉        | 784/4032 [01:18<04:48, 11.28it/s, Loss=0.012637, Pos=0.012400, Vel=0.00011833]Epoch 1/200 [TRAIN]:  19%|█▉        | 784/4032 [01:18<04:48, 11.28it/s, Loss=0.012644, Pos=0.012407, Vel=0.00011831]Epoch 1/200 [TRAIN]:  19%|█▉        | 784/4032 [01:19<04:48, 11.28it/s, Loss=0.012638, Pos=0.012402, Vel=0.00011822]Epoch 1/200 [TRAIN]:  19%|█▉        | 786/4032 [01:19<05:06, 10.61it/s, Loss=0.012638, Pos=0.012402, Vel=0.00011822]Epoch 1/200 [TRAIN]:  19%|█▉        | 786/4032 [01:19<05:06, 10.61it/s, Loss=0.012752, Pos=0.012515, Vel=0.00011828]Epoch 1/200 [TRAIN]:  19%|█▉        | 786/4032 [01:19<05:06, 10.61it/s, Loss=0.012744, Pos=0.012508, Vel=0.00011819]Epoch 1/200 [TRAIN]:  20%|█▉        | 788/4032 [01:19<05:17, 10.22it/s, Loss=0.012744, Pos=0.012508, Vel=0.00011819]Epoch 1/200 [TRAIN]:  20%|█▉        | 788/4032 [01:19<05:17, 10.22it/s, Loss=0.012740, Pos=0.012504, Vel=0.00011812]Epoch 1/200 [TRAIN]:  20%|█▉        | 788/4032 [01:19<05:17, 10.22it/s, Loss=0.012728, Pos=0.012492, Vel=0.00011806]Epoch 1/200 [TRAIN]:  20%|█▉        | 790/4032 [01:19<05:27,  9.91it/s, Loss=0.012728, Pos=0.012492, Vel=0.00011806]Epoch 1/200 [TRAIN]:  20%|█▉        | 790/4032 [01:19<05:27,  9.91it/s, Loss=0.012725, Pos=0.012489, Vel=0.00011800]Epoch 1/200 [TRAIN]:  20%|█▉        | 790/4032 [01:19<05:27,  9.91it/s, Loss=0.012770, Pos=0.012535, Vel=0.00011792]Epoch 1/200 [TRAIN]:  20%|█▉        | 792/4032 [01:19<05:32,  9.75it/s, Loss=0.012770, Pos=0.012535, Vel=0.00011792]Epoch 1/200 [TRAIN]:  20%|█▉        | 792/4032 [01:19<05:32,  9.75it/s, Loss=0.012757, Pos=0.012521, Vel=0.00011788]Epoch 1/200 [TRAIN]:  20%|█▉        | 793/4032 [01:19<05:39,  9.53it/s, Loss=0.012757, Pos=0.012521, Vel=0.00011788]Epoch 1/200 [TRAIN]:  20%|█▉        | 793/4032 [01:19<05:39,  9.53it/s, Loss=0.012744, Pos=0.012509, Vel=0.00011781]Epoch 1/200 [TRAIN]:  20%|█▉        | 793/4032 [01:20<05:39,  9.53it/s, Loss=0.012740, Pos=0.012504, Vel=0.00011777]Epoch 1/200 [TRAIN]:  20%|█▉        | 795/4032 [01:20<05:43,  9.42it/s, Loss=0.012740, Pos=0.012504, Vel=0.00011777]Epoch 1/200 [TRAIN]:  20%|█▉        | 795/4032 [01:20<05:43,  9.42it/s, Loss=0.012737, Pos=0.012502, Vel=0.00011771]Epoch 1/200 [TRAIN]:  20%|█▉        | 795/4032 [01:20<05:43,  9.42it/s, Loss=0.012725, Pos=0.012489, Vel=0.00011774]Epoch 1/200 [TRAIN]:  20%|█▉        | 795/4032 [01:20<05:43,  9.42it/s, Loss=0.012738, Pos=0.012503, Vel=0.00011776]Epoch 1/200 [TRAIN]:  20%|█▉        | 798/4032 [01:20<04:34, 11.80it/s, Loss=0.012738, Pos=0.012503, Vel=0.00011776]Epoch 1/200 [TRAIN]:  20%|█▉        | 798/4032 [01:20<04:34, 11.80it/s, Loss=0.012734, Pos=0.012498, Vel=0.00011769]Epoch 1/200 [TRAIN]:  20%|█▉        | 798/4032 [01:20<04:34, 11.80it/s, Loss=0.012724, Pos=0.012489, Vel=0.00011761]Epoch 1/200 [TRAIN]:  20%|█▉        | 800/4032 [01:20<04:52, 11.06it/s, Loss=0.012724, Pos=0.012489, Vel=0.00011761]Epoch 1/200 [TRAIN]:  20%|█▉        | 800/4032 [01:20<04:52, 11.06it/s, Loss=0.012715, Pos=0.012480, Vel=0.00011756]Epoch 1/200 [TRAIN]:  20%|█▉        | 800/4032 [01:20<04:52, 11.06it/s, Loss=0.012710, Pos=0.012475, Vel=0.00011747]Epoch 1/200 [TRAIN]:  20%|█▉        | 802/4032 [01:20<05:04, 10.60it/s, Loss=0.012710, Pos=0.012475, Vel=0.00011747]Epoch 1/200 [TRAIN]:  20%|█▉        | 802/4032 [01:20<05:04, 10.60it/s, Loss=0.012701, Pos=0.012466, Vel=0.00011741]Epoch 1/200 [TRAIN]:  20%|█▉        | 802/4032 [01:20<05:04, 10.60it/s, Loss=0.012694, Pos=0.012459, Vel=0.00011734]Epoch 1/200 [TRAIN]:  20%|█▉        | 804/4032 [01:20<05:17, 10.16it/s, Loss=0.012694, Pos=0.012459, Vel=0.00011734]Epoch 1/200 [TRAIN]:  20%|█▉        | 804/4032 [01:20<05:17, 10.16it/s, Loss=0.012688, Pos=0.012453, Vel=0.00011731]Epoch 1/200 [TRAIN]:  20%|█▉        | 804/4032 [01:21<05:17, 10.16it/s, Loss=0.012681, Pos=0.012447, Vel=0.00011732]Epoch 1/200 [TRAIN]:  20%|█▉        | 806/4032 [01:21<05:24,  9.93it/s, Loss=0.012681, Pos=0.012447, Vel=0.00011732]Epoch 1/200 [TRAIN]:  20%|█▉        | 806/4032 [01:21<05:24,  9.93it/s, Loss=0.012680, Pos=0.012445, Vel=0.00011728]Epoch 1/200 [TRAIN]:  20%|█▉        | 806/4032 [01:21<05:24,  9.93it/s, Loss=0.012684, Pos=0.012449, Vel=0.00011721]Epoch 1/200 [TRAIN]:  20%|██        | 808/4032 [01:21<04:54, 10.93it/s, Loss=0.012684, Pos=0.012449, Vel=0.00011721]Epoch 1/200 [TRAIN]:  20%|██        | 808/4032 [01:21<04:54, 10.93it/s, Loss=0.012674, Pos=0.012440, Vel=0.00011717]Epoch 1/200 [TRAIN]:  20%|██        | 808/4032 [01:21<04:54, 10.93it/s, Loss=0.012668, Pos=0.012434, Vel=0.00011712]Epoch 1/200 [TRAIN]:  20%|██        | 810/4032 [01:21<04:16, 12.59it/s, Loss=0.012668, Pos=0.012434, Vel=0.00011712]Epoch 1/200 [TRAIN]:  20%|██        | 810/4032 [01:21<04:16, 12.59it/s, Loss=0.012673, Pos=0.012439, Vel=0.00011711]Epoch 1/200 [TRAIN]:  20%|██        | 810/4032 [01:21<04:16, 12.59it/s, Loss=0.012666, Pos=0.012432, Vel=0.00011705]Epoch 1/200 [TRAIN]:  20%|██        | 812/4032 [01:21<04:41, 11.43it/s, Loss=0.012666, Pos=0.012432, Vel=0.00011705]Epoch 1/200 [TRAIN]:  20%|██        | 812/4032 [01:21<04:41, 11.43it/s, Loss=0.012687, Pos=0.012452, Vel=0.00011711]Epoch 1/200 [TRAIN]:  20%|██        | 812/4032 [01:21<04:41, 11.43it/s, Loss=0.012687, Pos=0.012453, Vel=0.00011710]Epoch 1/200 [TRAIN]:  20%|██        | 814/4032 [01:21<05:01, 10.68it/s, Loss=0.012687, Pos=0.012453, Vel=0.00011710]Epoch 1/200 [TRAIN]:  20%|██        | 814/4032 [01:21<05:01, 10.68it/s, Loss=0.012680, Pos=0.012445, Vel=0.00011711]Epoch 1/200 [TRAIN]:  20%|██        | 814/4032 [01:21<05:01, 10.68it/s, Loss=0.012671, Pos=0.012437, Vel=0.00011702]Epoch 1/200 [TRAIN]:  20%|██        | 816/4032 [01:21<05:14, 10.22it/s, Loss=0.012671, Pos=0.012437, Vel=0.00011702]Epoch 1/200 [TRAIN]:  20%|██        | 816/4032 [01:22<05:14, 10.22it/s, Loss=0.012673, Pos=0.012439, Vel=0.00011695]Epoch 1/200 [TRAIN]:  20%|██        | 816/4032 [01:22<05:14, 10.22it/s, Loss=0.012664, Pos=0.012431, Vel=0.00011687]Epoch 1/200 [TRAIN]:  20%|██        | 818/4032 [01:22<05:16, 10.14it/s, Loss=0.012664, Pos=0.012431, Vel=0.00011687]Epoch 1/200 [TRAIN]:  20%|██        | 818/4032 [01:22<05:16, 10.14it/s, Loss=0.012668, Pos=0.012434, Vel=0.00011691]Epoch 1/200 [TRAIN]:  20%|██        | 818/4032 [01:22<05:16, 10.14it/s, Loss=0.012657, Pos=0.012423, Vel=0.00011681]Epoch 1/200 [TRAIN]:  20%|██        | 820/4032 [01:22<05:26,  9.83it/s, Loss=0.012657, Pos=0.012423, Vel=0.00011681]Epoch 1/200 [TRAIN]:  20%|██        | 820/4032 [01:22<05:26,  9.83it/s, Loss=0.012651, Pos=0.012417, Vel=0.00011674]Epoch 1/200 [TRAIN]:  20%|██        | 820/4032 [01:22<05:26,  9.83it/s, Loss=0.012657, Pos=0.012424, Vel=0.00011666]Epoch 1/200 [TRAIN]:  20%|██        | 822/4032 [01:22<05:27,  9.81it/s, Loss=0.012657, Pos=0.012424, Vel=0.00011666]Epoch 1/200 [TRAIN]:  20%|██        | 822/4032 [01:22<05:27,  9.81it/s, Loss=0.012644, Pos=0.012410, Vel=0.00011657]Epoch 1/200 [TRAIN]:  20%|██        | 822/4032 [01:22<05:27,  9.81it/s, Loss=0.012659, Pos=0.012426, Vel=0.00011664]Epoch 1/200 [TRAIN]:  20%|██        | 824/4032 [01:22<05:00, 10.68it/s, Loss=0.012659, Pos=0.012426, Vel=0.00011664]Epoch 1/200 [TRAIN]:  20%|██        | 824/4032 [01:22<05:00, 10.68it/s, Loss=0.012647, Pos=0.012413, Vel=0.00011659]Epoch 1/200 [TRAIN]:  20%|██        | 824/4032 [01:22<05:00, 10.68it/s, Loss=0.012655, Pos=0.012422, Vel=0.00011673]Epoch 1/200 [TRAIN]:  20%|██        | 826/4032 [01:22<05:14, 10.19it/s, Loss=0.012655, Pos=0.012422, Vel=0.00011673]Epoch 1/200 [TRAIN]:  20%|██        | 826/4032 [01:23<05:14, 10.19it/s, Loss=0.012670, Pos=0.012436, Vel=0.00011671]Epoch 1/200 [TRAIN]:  20%|██        | 826/4032 [01:23<05:14, 10.19it/s, Loss=0.012696, Pos=0.012463, Vel=0.00011664]Epoch 1/200 [TRAIN]:  21%|██        | 828/4032 [01:23<05:20,  9.99it/s, Loss=0.012696, Pos=0.012463, Vel=0.00011664]Epoch 1/200 [TRAIN]:  21%|██        | 828/4032 [01:23<05:20,  9.99it/s, Loss=0.012686, Pos=0.012453, Vel=0.00011659]Epoch 1/200 [TRAIN]:  21%|██        | 828/4032 [01:23<05:20,  9.99it/s, Loss=0.012673, Pos=0.012440, Vel=0.00011652]Epoch 1/200 [TRAIN]:  21%|██        | 830/4032 [01:23<04:52, 10.94it/s, Loss=0.012673, Pos=0.012440, Vel=0.00011652]Epoch 1/200 [TRAIN]:  21%|██        | 830/4032 [01:23<04:52, 10.94it/s, Loss=0.012664, Pos=0.012431, Vel=0.00011645]Epoch 1/200 [TRAIN]:  21%|██        | 830/4032 [01:23<04:52, 10.94it/s, Loss=0.012656, Pos=0.012423, Vel=0.00011643]Epoch 1/200 [TRAIN]:  21%|██        | 832/4032 [01:23<05:00, 10.65it/s, Loss=0.012656, Pos=0.012423, Vel=0.00011643]Epoch 1/200 [TRAIN]:  21%|██        | 832/4032 [01:23<05:00, 10.65it/s, Loss=0.012646, Pos=0.012413, Vel=0.00011640]Epoch 1/200 [TRAIN]:  21%|██        | 832/4032 [01:23<05:00, 10.65it/s, Loss=0.012633, Pos=0.012401, Vel=0.00011634]Epoch 1/200 [TRAIN]:  21%|██        | 834/4032 [01:23<05:11, 10.26it/s, Loss=0.012633, Pos=0.012401, Vel=0.00011634]Epoch 1/200 [TRAIN]:  21%|██        | 834/4032 [01:23<05:11, 10.26it/s, Loss=0.012628, Pos=0.012395, Vel=0.00011626]Epoch 1/200 [TRAIN]:  21%|██        | 834/4032 [01:23<05:11, 10.26it/s, Loss=0.012619, Pos=0.012387, Vel=0.00011618]Epoch 1/200 [TRAIN]:  21%|██        | 836/4032 [01:23<05:05, 10.45it/s, Loss=0.012619, Pos=0.012387, Vel=0.00011618]Epoch 1/200 [TRAIN]:  21%|██        | 836/4032 [01:23<05:05, 10.45it/s, Loss=0.012615, Pos=0.012382, Vel=0.00011613]Epoch 1/200 [TRAIN]:  21%|██        | 836/4032 [01:24<05:05, 10.45it/s, Loss=0.012603, Pos=0.012371, Vel=0.00011606]Epoch 1/200 [TRAIN]:  21%|██        | 838/4032 [01:24<05:15, 10.14it/s, Loss=0.012603, Pos=0.012371, Vel=0.00011606]Epoch 1/200 [TRAIN]:  21%|██        | 838/4032 [01:24<05:15, 10.14it/s, Loss=0.012597, Pos=0.012365, Vel=0.00011600]Epoch 1/200 [TRAIN]:  21%|██        | 838/4032 [01:24<05:15, 10.14it/s, Loss=0.012586, Pos=0.012354, Vel=0.00011593]Epoch 1/200 [TRAIN]:  21%|██        | 840/4032 [01:24<05:23,  9.88it/s, Loss=0.012586, Pos=0.012354, Vel=0.00011593]Epoch 1/200 [TRAIN]:  21%|██        | 840/4032 [01:24<05:23,  9.88it/s, Loss=0.012588, Pos=0.012356, Vel=0.00011588]Epoch 1/200 [TRAIN]:  21%|██        | 841/4032 [01:24<05:30,  9.66it/s, Loss=0.012588, Pos=0.012356, Vel=0.00011588]Epoch 1/200 [TRAIN]:  21%|██        | 841/4032 [01:24<05:30,  9.66it/s, Loss=0.012582, Pos=0.012350, Vel=0.00011581]Epoch 1/200 [TRAIN]:  21%|██        | 841/4032 [01:24<05:30,  9.66it/s, Loss=0.012572, Pos=0.012341, Vel=0.00011574]Epoch 1/200 [TRAIN]:  21%|██        | 843/4032 [01:24<05:30,  9.64it/s, Loss=0.012572, Pos=0.012341, Vel=0.00011574]Epoch 1/200 [TRAIN]:  21%|██        | 843/4032 [01:24<05:30,  9.64it/s, Loss=0.012595, Pos=0.012364, Vel=0.00011567]Epoch 1/200 [TRAIN]:  21%|██        | 844/4032 [01:24<05:34,  9.54it/s, Loss=0.012595, Pos=0.012364, Vel=0.00011567]Epoch 1/200 [TRAIN]:  21%|██        | 844/4032 [01:24<05:34,  9.54it/s, Loss=0.012597, Pos=0.012366, Vel=0.00011560]Epoch 1/200 [TRAIN]:  21%|██        | 845/4032 [01:24<05:39,  9.39it/s, Loss=0.012597, Pos=0.012366, Vel=0.00011560]Epoch 1/200 [TRAIN]:  21%|██        | 845/4032 [01:24<05:39,  9.39it/s, Loss=0.012588, Pos=0.012357, Vel=0.00011554]Epoch 1/200 [TRAIN]:  21%|██        | 845/4032 [01:24<05:39,  9.39it/s, Loss=0.012587, Pos=0.012356, Vel=0.00011547]Epoch 1/200 [TRAIN]:  21%|██        | 847/4032 [01:24<04:56, 10.73it/s, Loss=0.012587, Pos=0.012356, Vel=0.00011547]Epoch 1/200 [TRAIN]:  21%|██        | 847/4032 [01:25<04:56, 10.73it/s, Loss=0.012577, Pos=0.012346, Vel=0.00011543]Epoch 1/200 [TRAIN]:  21%|██        | 847/4032 [01:25<04:56, 10.73it/s, Loss=0.012572, Pos=0.012341, Vel=0.00011535]Epoch 1/200 [TRAIN]:  21%|██        | 849/4032 [01:25<05:06, 10.37it/s, Loss=0.012572, Pos=0.012341, Vel=0.00011535]Epoch 1/200 [TRAIN]:  21%|██        | 849/4032 [01:25<05:06, 10.37it/s, Loss=0.012566, Pos=0.012336, Vel=0.00011531]Epoch 1/200 [TRAIN]:  21%|██        | 849/4032 [01:25<05:06, 10.37it/s, Loss=0.012560, Pos=0.012330, Vel=0.00011528]Epoch 1/200 [TRAIN]:  21%|██        | 851/4032 [01:25<05:27,  9.72it/s, Loss=0.012560, Pos=0.012330, Vel=0.00011528]Epoch 1/200 [TRAIN]:  21%|██        | 851/4032 [01:25<05:27,  9.72it/s, Loss=0.012555, Pos=0.012325, Vel=0.00011522]Epoch 1/200 [TRAIN]:  21%|██        | 852/4032 [01:25<05:26,  9.75it/s, Loss=0.012555, Pos=0.012325, Vel=0.00011522]Epoch 1/200 [TRAIN]:  21%|██        | 852/4032 [01:25<05:26,  9.75it/s, Loss=0.012549, Pos=0.012319, Vel=0.00011517]Epoch 1/200 [TRAIN]:  21%|██        | 853/4032 [01:25<05:35,  9.47it/s, Loss=0.012549, Pos=0.012319, Vel=0.00011517]Epoch 1/200 [TRAIN]:  21%|██        | 853/4032 [01:25<05:35,  9.47it/s, Loss=0.012538, Pos=0.012308, Vel=0.00011513]Epoch 1/200 [TRAIN]:  21%|██        | 853/4032 [01:25<05:35,  9.47it/s, Loss=0.012531, Pos=0.012301, Vel=0.00011508]Epoch 1/200 [TRAIN]:  21%|██        | 855/4032 [01:25<05:31,  9.60it/s, Loss=0.012531, Pos=0.012301, Vel=0.00011508]Epoch 1/200 [TRAIN]:  21%|██        | 855/4032 [01:25<05:31,  9.60it/s, Loss=0.012525, Pos=0.012295, Vel=0.00011508]Epoch 1/200 [TRAIN]:  21%|██        | 856/4032 [01:25<05:34,  9.49it/s, Loss=0.012525, Pos=0.012295, Vel=0.00011508]Epoch 1/200 [TRAIN]:  21%|██        | 856/4032 [01:26<05:34,  9.49it/s, Loss=0.012536, Pos=0.012306, Vel=0.00011509]Epoch 1/200 [TRAIN]:  21%|██        | 856/4032 [01:26<05:34,  9.49it/s, Loss=0.012530, Pos=0.012300, Vel=0.00011502]Epoch 1/200 [TRAIN]:  21%|██▏       | 858/4032 [01:26<05:29,  9.63it/s, Loss=0.012530, Pos=0.012300, Vel=0.00011502]Epoch 1/200 [TRAIN]:  21%|██▏       | 858/4032 [01:26<05:29,  9.63it/s, Loss=0.012524, Pos=0.012294, Vel=0.00011509]Epoch 1/200 [TRAIN]:  21%|██▏       | 859/4032 [01:26<05:35,  9.46it/s, Loss=0.012524, Pos=0.012294, Vel=0.00011509]Epoch 1/200 [TRAIN]:  21%|██▏       | 859/4032 [01:26<05:35,  9.46it/s, Loss=0.012513, Pos=0.012283, Vel=0.00011503]Epoch 1/200 [TRAIN]:  21%|██▏       | 860/4032 [01:26<05:32,  9.53it/s, Loss=0.012513, Pos=0.012283, Vel=0.00011503]Epoch 1/200 [TRAIN]:  21%|██▏       | 860/4032 [01:26<05:32,  9.53it/s, Loss=0.012503, Pos=0.012273, Vel=0.00011510]Epoch 1/200 [TRAIN]:  21%|██▏       | 861/4032 [01:26<05:38,  9.36it/s, Loss=0.012503, Pos=0.012273, Vel=0.00011510]Epoch 1/200 [TRAIN]:  21%|██▏       | 861/4032 [01:26<05:38,  9.36it/s, Loss=0.012493, Pos=0.012262, Vel=0.00011502]Epoch 1/200 [TRAIN]:  21%|██▏       | 861/4032 [01:26<05:38,  9.36it/s, Loss=0.012492, Pos=0.012263, Vel=0.00011495]Epoch 1/200 [TRAIN]:  21%|██▏       | 863/4032 [01:26<04:53, 10.80it/s, Loss=0.012492, Pos=0.012263, Vel=0.00011495]Epoch 1/200 [TRAIN]:  21%|██▏       | 863/4032 [01:26<04:53, 10.80it/s, Loss=0.012483, Pos=0.012253, Vel=0.00011488]Epoch 1/200 [TRAIN]:  21%|██▏       | 863/4032 [01:26<04:53, 10.80it/s, Loss=0.012474, Pos=0.012245, Vel=0.00011485]Epoch 1/200 [TRAIN]:  21%|██▏       | 865/4032 [01:26<05:09, 10.22it/s, Loss=0.012474, Pos=0.012245, Vel=0.00011485]Epoch 1/200 [TRAIN]:  21%|██▏       | 865/4032 [01:26<05:09, 10.22it/s, Loss=0.012464, Pos=0.012235, Vel=0.00011476]Epoch 1/200 [TRAIN]:  21%|██▏       | 865/4032 [01:27<05:09, 10.22it/s, Loss=0.012454, Pos=0.012224, Vel=0.00011479]Epoch 1/200 [TRAIN]:  22%|██▏       | 867/4032 [01:27<05:00, 10.54it/s, Loss=0.012454, Pos=0.012224, Vel=0.00011479]Epoch 1/200 [TRAIN]:  22%|██▏       | 867/4032 [01:27<05:00, 10.54it/s, Loss=0.012451, Pos=0.012222, Vel=0.00011473]Epoch 1/200 [TRAIN]:  22%|██▏       | 867/4032 [01:27<05:00, 10.54it/s, Loss=0.012456, Pos=0.012226, Vel=0.00011479]Epoch 1/200 [TRAIN]:  22%|██▏       | 869/4032 [01:27<05:07, 10.29it/s, Loss=0.012456, Pos=0.012226, Vel=0.00011479]Epoch 1/200 [TRAIN]:  22%|██▏       | 869/4032 [01:27<05:07, 10.29it/s, Loss=0.012443, Pos=0.012213, Vel=0.00011472]Epoch 1/200 [TRAIN]:  22%|██▏       | 869/4032 [01:27<05:07, 10.29it/s, Loss=0.012444, Pos=0.012214, Vel=0.00011467]Epoch 1/200 [TRAIN]:  22%|██▏       | 871/4032 [01:27<05:18,  9.93it/s, Loss=0.012444, Pos=0.012214, Vel=0.00011467]Epoch 1/200 [TRAIN]:  22%|██▏       | 871/4032 [01:27<05:18,  9.93it/s, Loss=0.012444, Pos=0.012215, Vel=0.00011462]Epoch 1/200 [TRAIN]:  22%|██▏       | 871/4032 [01:27<05:18,  9.93it/s, Loss=0.012435, Pos=0.012206, Vel=0.00011453]Epoch 1/200 [TRAIN]:  22%|██▏       | 873/4032 [01:27<05:20,  9.84it/s, Loss=0.012435, Pos=0.012206, Vel=0.00011453]Epoch 1/200 [TRAIN]:  22%|██▏       | 873/4032 [01:27<05:20,  9.84it/s, Loss=0.012428, Pos=0.012199, Vel=0.00011451]Epoch 1/200 [TRAIN]:  22%|██▏       | 874/4032 [01:27<05:29,  9.58it/s, Loss=0.012428, Pos=0.012199, Vel=0.00011451]Epoch 1/200 [TRAIN]:  22%|██▏       | 874/4032 [01:27<05:29,  9.58it/s, Loss=0.012421, Pos=0.012192, Vel=0.00011443]Epoch 1/200 [TRAIN]:  22%|██▏       | 875/4032 [01:27<05:35,  9.41it/s, Loss=0.012421, Pos=0.012192, Vel=0.00011443]Epoch 1/200 [TRAIN]:  22%|██▏       | 875/4032 [01:27<05:35,  9.41it/s, Loss=0.012422, Pos=0.012193, Vel=0.00011444]Epoch 1/200 [TRAIN]:  22%|██▏       | 875/4032 [01:28<05:35,  9.41it/s, Loss=0.012418, Pos=0.012189, Vel=0.00011442]Epoch 1/200 [TRAIN]:  22%|██▏       | 877/4032 [01:28<05:33,  9.45it/s, Loss=0.012418, Pos=0.012189, Vel=0.00011442]Epoch 1/200 [TRAIN]:  22%|██▏       | 877/4032 [01:28<05:33,  9.45it/s, Loss=0.012407, Pos=0.012178, Vel=0.00011435]Epoch 1/200 [TRAIN]:  22%|██▏       | 877/4032 [01:28<05:33,  9.45it/s, Loss=0.012424, Pos=0.012195, Vel=0.00011431]Epoch 1/200 [TRAIN]:  22%|██▏       | 879/4032 [01:28<05:33,  9.44it/s, Loss=0.012424, Pos=0.012195, Vel=0.00011431]Epoch 1/200 [TRAIN]:  22%|██▏       | 879/4032 [01:28<05:33,  9.44it/s, Loss=0.012434, Pos=0.012206, Vel=0.00011433]Epoch 1/200 [TRAIN]:  22%|██▏       | 879/4032 [01:28<05:33,  9.44it/s, Loss=0.012444, Pos=0.012215, Vel=0.00011450]Epoch 1/200 [TRAIN]:  22%|██▏       | 881/4032 [01:28<04:51, 10.82it/s, Loss=0.012444, Pos=0.012215, Vel=0.00011450]Epoch 1/200 [TRAIN]:  22%|██▏       | 881/4032 [01:28<04:51, 10.82it/s, Loss=0.012456, Pos=0.012227, Vel=0.00011452]Epoch 1/200 [TRAIN]:  22%|██▏       | 881/4032 [01:28<04:51, 10.82it/s, Loss=0.012444, Pos=0.012215, Vel=0.00011446]Epoch 1/200 [TRAIN]:  22%|██▏       | 883/4032 [01:28<05:04, 10.34it/s, Loss=0.012444, Pos=0.012215, Vel=0.00011446]Epoch 1/200 [TRAIN]:  22%|██▏       | 883/4032 [01:28<05:04, 10.34it/s, Loss=0.012436, Pos=0.012207, Vel=0.00011437]Epoch 1/200 [TRAIN]:  22%|██▏       | 883/4032 [01:28<05:04, 10.34it/s, Loss=0.012428, Pos=0.012199, Vel=0.00011432]Epoch 1/200 [TRAIN]:  22%|██▏       | 885/4032 [01:28<05:20,  9.82it/s, Loss=0.012428, Pos=0.012199, Vel=0.00011432]Epoch 1/200 [TRAIN]:  22%|██▏       | 885/4032 [01:28<05:20,  9.82it/s, Loss=0.012424, Pos=0.012196, Vel=0.00011435]Epoch 1/200 [TRAIN]:  22%|██▏       | 885/4032 [01:29<05:20,  9.82it/s, Loss=0.012419, Pos=0.012190, Vel=0.00011432]Epoch 1/200 [TRAIN]:  22%|██▏       | 887/4032 [01:29<05:20,  9.81it/s, Loss=0.012419, Pos=0.012190, Vel=0.00011432]Epoch 1/200 [TRAIN]:  22%|██▏       | 887/4032 [01:29<05:20,  9.81it/s, Loss=0.012416, Pos=0.012187, Vel=0.00011433]Epoch 1/200 [TRAIN]:  22%|██▏       | 887/4032 [01:29<05:20,  9.81it/s, Loss=0.012416, Pos=0.012187, Vel=0.00011434]Epoch 1/200 [TRAIN]:  22%|██▏       | 889/4032 [01:29<05:24,  9.67it/s, Loss=0.012416, Pos=0.012187, Vel=0.00011434]Epoch 1/200 [TRAIN]:  22%|██▏       | 889/4032 [01:29<05:24,  9.67it/s, Loss=0.012418, Pos=0.012189, Vel=0.00011428]Epoch 1/200 [TRAIN]:  22%|██▏       | 889/4032 [01:29<05:24,  9.67it/s, Loss=0.012439, Pos=0.012211, Vel=0.00011421]Epoch 1/200 [TRAIN]:  22%|██▏       | 891/4032 [01:29<04:39, 11.23it/s, Loss=0.012439, Pos=0.012211, Vel=0.00011421]Epoch 1/200 [TRAIN]:  22%|██▏       | 891/4032 [01:29<04:39, 11.23it/s, Loss=0.012440, Pos=0.012212, Vel=0.00011415]Epoch 1/200 [TRAIN]:  22%|██▏       | 891/4032 [01:29<04:39, 11.23it/s, Loss=0.012482, Pos=0.012253, Vel=0.00011434]Epoch 1/200 [TRAIN]:  22%|██▏       | 893/4032 [01:29<04:49, 10.83it/s, Loss=0.012482, Pos=0.012253, Vel=0.00011434]Epoch 1/200 [TRAIN]:  22%|██▏       | 893/4032 [01:29<04:49, 10.83it/s, Loss=0.012486, Pos=0.012257, Vel=0.00011429]Epoch 1/200 [TRAIN]:  22%|██▏       | 893/4032 [01:29<04:49, 10.83it/s, Loss=0.012478, Pos=0.012250, Vel=0.00011421]Epoch 1/200 [TRAIN]:  22%|██▏       | 895/4032 [01:29<04:59, 10.49it/s, Loss=0.012478, Pos=0.012250, Vel=0.00011421]Epoch 1/200 [TRAIN]:  22%|██▏       | 895/4032 [01:29<04:59, 10.49it/s, Loss=0.012483, Pos=0.012255, Vel=0.00011417]Epoch 1/200 [TRAIN]:  22%|██▏       | 895/4032 [01:29<04:59, 10.49it/s, Loss=0.012482, Pos=0.012253, Vel=0.00011413]Epoch 1/200 [TRAIN]:  22%|██▏       | 897/4032 [01:29<05:07, 10.20it/s, Loss=0.012482, Pos=0.012253, Vel=0.00011413]Epoch 1/200 [TRAIN]:  22%|██▏       | 897/4032 [01:30<05:07, 10.20it/s, Loss=0.012588, Pos=0.012360, Vel=0.00011413]Epoch 1/200 [TRAIN]:  22%|██▏       | 897/4032 [01:30<05:07, 10.20it/s, Loss=0.012592, Pos=0.012364, Vel=0.00011418]Epoch 1/200 [TRAIN]:  22%|██▏       | 899/4032 [01:30<04:42, 11.08it/s, Loss=0.012592, Pos=0.012364, Vel=0.00011418]Epoch 1/200 [TRAIN]:  22%|██▏       | 899/4032 [01:30<04:42, 11.08it/s, Loss=0.012581, Pos=0.012353, Vel=0.00011413]Epoch 1/200 [TRAIN]:  22%|██▏       | 899/4032 [01:30<04:42, 11.08it/s, Loss=0.012575, Pos=0.012347, Vel=0.00011413]Epoch 1/200 [TRAIN]:  22%|██▏       | 901/4032 [01:30<04:46, 10.94it/s, Loss=0.012575, Pos=0.012347, Vel=0.00011413]Epoch 1/200 [TRAIN]:  22%|██▏       | 901/4032 [01:30<04:46, 10.94it/s, Loss=0.012569, Pos=0.012341, Vel=0.00011411]Epoch 1/200 [TRAIN]:  22%|██▏       | 901/4032 [01:30<04:46, 10.94it/s, Loss=0.012567, Pos=0.012339, Vel=0.00011404]Epoch 1/200 [TRAIN]:  22%|██▏       | 903/4032 [01:30<04:59, 10.45it/s, Loss=0.012567, Pos=0.012339, Vel=0.00011404]Epoch 1/200 [TRAIN]:  22%|██▏       | 903/4032 [01:30<04:59, 10.45it/s, Loss=0.012555, Pos=0.012327, Vel=0.00011399]Epoch 1/200 [TRAIN]:  22%|██▏       | 903/4032 [01:30<04:59, 10.45it/s, Loss=0.012549, Pos=0.012321, Vel=0.00011398]Epoch 1/200 [TRAIN]:  22%|██▏       | 905/4032 [01:30<05:09, 10.12it/s, Loss=0.012549, Pos=0.012321, Vel=0.00011398]Epoch 1/200 [TRAIN]:  22%|██▏       | 905/4032 [01:30<05:09, 10.12it/s, Loss=0.012549, Pos=0.012321, Vel=0.00011393]Epoch 1/200 [TRAIN]:  22%|██▏       | 905/4032 [01:30<05:09, 10.12it/s, Loss=0.012548, Pos=0.012320, Vel=0.00011388]Epoch 1/200 [TRAIN]:  22%|██▏       | 907/4032 [01:30<04:35, 11.33it/s, Loss=0.012548, Pos=0.012320, Vel=0.00011388]Epoch 1/200 [TRAIN]:  22%|██▏       | 907/4032 [01:30<04:35, 11.33it/s, Loss=0.012603, Pos=0.012375, Vel=0.00011379]Epoch 1/200 [TRAIN]:  22%|██▏       | 907/4032 [01:31<04:35, 11.33it/s, Loss=0.012594, Pos=0.012366, Vel=0.00011373]Epoch 1/200 [TRAIN]:  23%|██▎       | 909/4032 [01:31<04:25, 11.77it/s, Loss=0.012594, Pos=0.012366, Vel=0.00011373]Epoch 1/200 [TRAIN]:  23%|██▎       | 909/4032 [01:31<04:25, 11.77it/s, Loss=0.012584, Pos=0.012356, Vel=0.00011368]Epoch 1/200 [TRAIN]:  23%|██▎       | 909/4032 [01:31<04:25, 11.77it/s, Loss=0.012575, Pos=0.012348, Vel=0.00011367]Epoch 1/200 [TRAIN]:  23%|██▎       | 911/4032 [01:31<04:26, 11.73it/s, Loss=0.012575, Pos=0.012348, Vel=0.00011367]Epoch 1/200 [TRAIN]:  23%|██▎       | 911/4032 [01:31<04:26, 11.73it/s, Loss=0.012568, Pos=0.012340, Vel=0.00011367]Epoch 1/200 [TRAIN]:  23%|██▎       | 911/4032 [01:31<04:26, 11.73it/s, Loss=0.012564, Pos=0.012337, Vel=0.00011365]Epoch 1/200 [TRAIN]:  23%|██▎       | 913/4032 [01:31<04:45, 10.93it/s, Loss=0.012564, Pos=0.012337, Vel=0.00011365]Epoch 1/200 [TRAIN]:  23%|██▎       | 913/4032 [01:31<04:45, 10.93it/s, Loss=0.012564, Pos=0.012336, Vel=0.00011358]Epoch 1/200 [TRAIN]:  23%|██▎       | 913/4032 [01:31<04:45, 10.93it/s, Loss=0.012555, Pos=0.012328, Vel=0.00011359]Epoch 1/200 [TRAIN]:  23%|██▎       | 915/4032 [01:31<04:58, 10.43it/s, Loss=0.012555, Pos=0.012328, Vel=0.00011359]Epoch 1/200 [TRAIN]:  23%|██▎       | 915/4032 [01:31<04:58, 10.43it/s, Loss=0.012553, Pos=0.012326, Vel=0.00011350]Epoch 1/200 [TRAIN]:  23%|██▎       | 915/4032 [01:31<04:58, 10.43it/s, Loss=0.012545, Pos=0.012318, Vel=0.00011343]Epoch 1/200 [TRAIN]:  23%|██▎       | 917/4032 [01:31<04:30, 11.54it/s, Loss=0.012545, Pos=0.012318, Vel=0.00011343]Epoch 1/200 [TRAIN]:  23%|██▎       | 917/4032 [01:31<04:30, 11.54it/s, Loss=0.012533, Pos=0.012306, Vel=0.00011335]Epoch 1/200 [TRAIN]:  23%|██▎       | 917/4032 [01:31<04:30, 11.54it/s, Loss=0.012534, Pos=0.012308, Vel=0.00011328]Epoch 1/200 [TRAIN]:  23%|██▎       | 919/4032 [01:31<04:46, 10.86it/s, Loss=0.012534, Pos=0.012308, Vel=0.00011328]Epoch 1/200 [TRAIN]:  23%|██▎       | 919/4032 [01:32<04:46, 10.86it/s, Loss=0.012534, Pos=0.012307, Vel=0.00011321]Epoch 1/200 [TRAIN]:  23%|██▎       | 919/4032 [01:32<04:46, 10.86it/s, Loss=0.012539, Pos=0.012312, Vel=0.00011319]Epoch 1/200 [TRAIN]:  23%|██▎       | 921/4032 [01:32<05:03, 10.26it/s, Loss=0.012539, Pos=0.012312, Vel=0.00011319]Epoch 1/200 [TRAIN]:  23%|██▎       | 921/4032 [01:32<05:03, 10.26it/s, Loss=0.012537, Pos=0.012311, Vel=0.00011311]Epoch 1/200 [TRAIN]:  23%|██▎       | 921/4032 [01:32<05:03, 10.26it/s, Loss=0.012536, Pos=0.012309, Vel=0.00011317]Epoch 1/200 [TRAIN]:  23%|██▎       | 923/4032 [01:32<05:02, 10.27it/s, Loss=0.012536, Pos=0.012309, Vel=0.00011317]Epoch 1/200 [TRAIN]:  23%|██▎       | 923/4032 [01:32<05:02, 10.27it/s, Loss=0.012528, Pos=0.012302, Vel=0.00011308]Epoch 1/200 [TRAIN]:  23%|██▎       | 923/4032 [01:32<05:02, 10.27it/s, Loss=0.012519, Pos=0.012293, Vel=0.00011299]Epoch 1/200 [TRAIN]:  23%|██▎       | 925/4032 [01:32<05:16,  9.81it/s, Loss=0.012519, Pos=0.012293, Vel=0.00011299]Epoch 1/200 [TRAIN]:  23%|██▎       | 925/4032 [01:32<05:16,  9.81it/s, Loss=0.012530, Pos=0.012305, Vel=0.00011292]Epoch 1/200 [TRAIN]:  23%|██▎       | 925/4032 [01:32<05:16,  9.81it/s, Loss=0.012534, Pos=0.012308, Vel=0.00011287]Epoch 1/200 [TRAIN]:  23%|██▎       | 927/4032 [01:32<05:27,  9.49it/s, Loss=0.012534, Pos=0.012308, Vel=0.00011287]Epoch 1/200 [TRAIN]:  23%|██▎       | 927/4032 [01:32<05:27,  9.49it/s, Loss=0.012526, Pos=0.012300, Vel=0.00011284]Epoch 1/200 [TRAIN]:  23%|██▎       | 927/4032 [01:32<05:27,  9.49it/s, Loss=0.012527, Pos=0.012302, Vel=0.00011279]Epoch 1/200 [TRAIN]:  23%|██▎       | 929/4032 [01:32<05:03, 10.21it/s, Loss=0.012527, Pos=0.012302, Vel=0.00011279]Epoch 1/200 [TRAIN]:  23%|██▎       | 929/4032 [01:33<05:03, 10.21it/s, Loss=0.012579, Pos=0.012353, Vel=0.00011285]Epoch 1/200 [TRAIN]:  23%|██▎       | 929/4032 [01:33<05:03, 10.21it/s, Loss=0.012582, Pos=0.012357, Vel=0.00011280]Epoch 1/200 [TRAIN]:  23%|██▎       | 931/4032 [01:33<05:09, 10.01it/s, Loss=0.012582, Pos=0.012357, Vel=0.00011280]Epoch 1/200 [TRAIN]:  23%|██▎       | 931/4032 [01:33<05:09, 10.01it/s, Loss=0.012573, Pos=0.012348, Vel=0.00011274]Epoch 1/200 [TRAIN]:  23%|██▎       | 931/4032 [01:33<05:09, 10.01it/s, Loss=0.012568, Pos=0.012343, Vel=0.00011270]Epoch 1/200 [TRAIN]:  23%|██▎       | 933/4032 [01:33<05:02, 10.24it/s, Loss=0.012568, Pos=0.012343, Vel=0.00011270]Epoch 1/200 [TRAIN]:  23%|██▎       | 933/4032 [01:33<05:02, 10.24it/s, Loss=0.012575, Pos=0.012350, Vel=0.00011277]Epoch 1/200 [TRAIN]:  23%|██▎       | 933/4032 [01:33<05:02, 10.24it/s, Loss=0.012573, Pos=0.012347, Vel=0.00011277]Epoch 1/200 [TRAIN]:  23%|██▎       | 935/4032 [01:33<05:05, 10.12it/s, Loss=0.012573, Pos=0.012347, Vel=0.00011277]Epoch 1/200 [TRAIN]:  23%|██▎       | 935/4032 [01:33<05:05, 10.12it/s, Loss=0.012569, Pos=0.012344, Vel=0.00011272]Epoch 1/200 [TRAIN]:  23%|██▎       | 935/4032 [01:33<05:05, 10.12it/s, Loss=0.012565, Pos=0.012340, Vel=0.00011269]Epoch 1/200 [TRAIN]:  23%|██▎       | 937/4032 [01:33<05:14,  9.85it/s, Loss=0.012565, Pos=0.012340, Vel=0.00011269]Epoch 1/200 [TRAIN]:  23%|██▎       | 937/4032 [01:33<05:14,  9.85it/s, Loss=0.012557, Pos=0.012332, Vel=0.00011265]Epoch 1/200 [TRAIN]:  23%|██▎       | 937/4032 [01:34<05:14,  9.85it/s, Loss=0.012549, Pos=0.012324, Vel=0.00011266]Epoch 1/200 [TRAIN]:  23%|██▎       | 939/4032 [01:34<05:16,  9.78it/s, Loss=0.012549, Pos=0.012324, Vel=0.00011266]Epoch 1/200 [TRAIN]:  23%|██▎       | 939/4032 [01:34<05:16,  9.78it/s, Loss=0.012556, Pos=0.012331, Vel=0.00011264]Epoch 1/200 [TRAIN]:  23%|██▎       | 939/4032 [01:34<05:16,  9.78it/s, Loss=0.012546, Pos=0.012321, Vel=0.00011259]Epoch 1/200 [TRAIN]:  23%|██▎       | 941/4032 [01:34<05:11,  9.93it/s, Loss=0.012546, Pos=0.012321, Vel=0.00011259]Epoch 1/200 [TRAIN]:  23%|██▎       | 941/4032 [01:34<05:11,  9.93it/s, Loss=0.012559, Pos=0.012334, Vel=0.00011261]Epoch 1/200 [TRAIN]:  23%|██▎       | 941/4032 [01:34<05:11,  9.93it/s, Loss=0.012553, Pos=0.012327, Vel=0.00011254]Epoch 1/200 [TRAIN]:  23%|██▎       | 943/4032 [01:34<05:16,  9.76it/s, Loss=0.012553, Pos=0.012327, Vel=0.00011254]Epoch 1/200 [TRAIN]:  23%|██▎       | 943/4032 [01:34<05:16,  9.76it/s, Loss=0.012549, Pos=0.012324, Vel=0.00011252]Epoch 1/200 [TRAIN]:  23%|██▎       | 944/4032 [01:34<05:15,  9.78it/s, Loss=0.012549, Pos=0.012324, Vel=0.00011252]Epoch 1/200 [TRAIN]:  23%|██▎       | 944/4032 [01:34<05:15,  9.78it/s, Loss=0.012556, Pos=0.012331, Vel=0.00011260]Epoch 1/200 [TRAIN]:  23%|██▎       | 944/4032 [01:34<05:15,  9.78it/s, Loss=0.012555, Pos=0.012330, Vel=0.00011256]Epoch 1/200 [TRAIN]:  23%|██▎       | 946/4032 [01:34<05:19,  9.66it/s, Loss=0.012555, Pos=0.012330, Vel=0.00011256]Epoch 1/200 [TRAIN]:  23%|██▎       | 946/4032 [01:34<05:19,  9.66it/s, Loss=0.012549, Pos=0.012324, Vel=0.00011252]Epoch 1/200 [TRAIN]:  23%|██▎       | 946/4032 [01:34<05:19,  9.66it/s, Loss=0.012549, Pos=0.012324, Vel=0.00011245]Epoch 1/200 [TRAIN]:  24%|██▎       | 948/4032 [01:34<05:01, 10.23it/s, Loss=0.012549, Pos=0.012324, Vel=0.00011245]Epoch 1/200 [TRAIN]:  24%|██▎       | 948/4032 [01:35<05:01, 10.23it/s, Loss=0.012552, Pos=0.012327, Vel=0.00011243]Epoch 1/200 [TRAIN]:  24%|██▎       | 948/4032 [01:35<05:01, 10.23it/s, Loss=0.012564, Pos=0.012339, Vel=0.00011247]Epoch 1/200 [TRAIN]:  24%|██▎       | 950/4032 [01:35<05:01, 10.23it/s, Loss=0.012564, Pos=0.012339, Vel=0.00011247]Epoch 1/200 [TRAIN]:  24%|██▎       | 950/4032 [01:35<05:01, 10.23it/s, Loss=0.012556, Pos=0.012331, Vel=0.00011248]Epoch 1/200 [TRAIN]:  24%|██▎       | 950/4032 [01:35<05:01, 10.23it/s, Loss=0.012552, Pos=0.012327, Vel=0.00011242]Epoch 1/200 [TRAIN]:  24%|██▎       | 952/4032 [01:35<05:12,  9.85it/s, Loss=0.012552, Pos=0.012327, Vel=0.00011242]Epoch 1/200 [TRAIN]:  24%|██▎       | 952/4032 [01:35<05:12,  9.85it/s, Loss=0.012545, Pos=0.012320, Vel=0.00011237]Epoch 1/200 [TRAIN]:  24%|██▎       | 953/4032 [01:35<05:11,  9.87it/s, Loss=0.012545, Pos=0.012320, Vel=0.00011237]Epoch 1/200 [TRAIN]:  24%|██▎       | 953/4032 [01:35<05:11,  9.87it/s, Loss=0.012561, Pos=0.012336, Vel=0.00011233]Epoch 1/200 [TRAIN]:  24%|██▎       | 953/4032 [01:35<05:11,  9.87it/s, Loss=0.012554, Pos=0.012329, Vel=0.00011226]Epoch 1/200 [TRAIN]:  24%|██▎       | 955/4032 [01:35<05:17,  9.69it/s, Loss=0.012554, Pos=0.012329, Vel=0.00011226]Epoch 1/200 [TRAIN]:  24%|██▎       | 955/4032 [01:35<05:17,  9.69it/s, Loss=0.012546, Pos=0.012322, Vel=0.00011233]Epoch 1/200 [TRAIN]:  24%|██▎       | 956/4032 [01:35<05:15,  9.74it/s, Loss=0.012546, Pos=0.012322, Vel=0.00011233]Epoch 1/200 [TRAIN]:  24%|██▎       | 956/4032 [01:35<05:15,  9.74it/s, Loss=0.012539, Pos=0.012314, Vel=0.00011231]Epoch 1/200 [TRAIN]:  24%|██▎       | 956/4032 [01:35<05:15,  9.74it/s, Loss=0.012526, Pos=0.012302, Vel=0.00011223]Epoch 1/200 [TRAIN]:  24%|██▍       | 958/4032 [01:35<05:20,  9.58it/s, Loss=0.012526, Pos=0.012302, Vel=0.00011223]Epoch 1/200 [TRAIN]:  24%|██▍       | 958/4032 [01:36<05:20,  9.58it/s, Loss=0.012528, Pos=0.012303, Vel=0.00011220]Epoch 1/200 [TRAIN]:  24%|██▍       | 958/4032 [01:36<05:20,  9.58it/s, Loss=0.012537, Pos=0.012313, Vel=0.00011218]Epoch 1/200 [TRAIN]:  24%|██▍       | 960/4032 [01:36<05:09,  9.92it/s, Loss=0.012537, Pos=0.012313, Vel=0.00011218]Epoch 1/200 [TRAIN]:  24%|██▍       | 960/4032 [01:36<05:09,  9.92it/s, Loss=0.012564, Pos=0.012339, Vel=0.00011220]Epoch 1/200 [TRAIN]:  24%|██▍       | 961/4032 [01:36<05:19,  9.62it/s, Loss=0.012564, Pos=0.012339, Vel=0.00011220]Epoch 1/200 [TRAIN]:  24%|██▍       | 961/4032 [01:36<05:19,  9.62it/s, Loss=0.012562, Pos=0.012338, Vel=0.00011219]Epoch 1/200 [TRAIN]:  24%|██▍       | 961/4032 [01:36<05:19,  9.62it/s, Loss=0.012566, Pos=0.012341, Vel=0.00011216]Epoch 1/200 [TRAIN]:  24%|██▍       | 963/4032 [01:36<05:22,  9.52it/s, Loss=0.012566, Pos=0.012341, Vel=0.00011216]Epoch 1/200 [TRAIN]:  24%|██▍       | 963/4032 [01:36<05:22,  9.52it/s, Loss=0.012566, Pos=0.012342, Vel=0.00011209]Epoch 1/200 [TRAIN]:  24%|██▍       | 963/4032 [01:36<05:22,  9.52it/s, Loss=0.012556, Pos=0.012331, Vel=0.00011204]Epoch 1/200 [TRAIN]:  24%|██▍       | 965/4032 [01:36<05:24,  9.44it/s, Loss=0.012556, Pos=0.012331, Vel=0.00011204]Epoch 1/200 [TRAIN]:  24%|██▍       | 965/4032 [01:36<05:24,  9.44it/s, Loss=0.012546, Pos=0.012322, Vel=0.00011200]Epoch 1/200 [TRAIN]:  24%|██▍       | 966/4032 [01:36<05:23,  9.49it/s, Loss=0.012546, Pos=0.012322, Vel=0.00011200]Epoch 1/200 [TRAIN]:  24%|██▍       | 966/4032 [01:36<05:23,  9.49it/s, Loss=0.012540, Pos=0.012316, Vel=0.00011193]Epoch 1/200 [TRAIN]:  24%|██▍       | 967/4032 [01:36<05:20,  9.56it/s, Loss=0.012540, Pos=0.012316, Vel=0.00011193]Epoch 1/200 [TRAIN]:  24%|██▍       | 967/4032 [01:36<05:20,  9.56it/s, Loss=0.012563, Pos=0.012339, Vel=0.00011193]Epoch 1/200 [TRAIN]:  24%|██▍       | 967/4032 [01:37<05:20,  9.56it/s, Loss=0.012574, Pos=0.012350, Vel=0.00011190]Epoch 1/200 [TRAIN]:  24%|██▍       | 969/4032 [01:37<04:46, 10.71it/s, Loss=0.012574, Pos=0.012350, Vel=0.00011190]Epoch 1/200 [TRAIN]:  24%|██▍       | 969/4032 [01:37<04:46, 10.71it/s, Loss=0.012605, Pos=0.012381, Vel=0.00011201]Epoch 1/200 [TRAIN]:  24%|██▍       | 969/4032 [01:37<04:46, 10.71it/s, Loss=0.012604, Pos=0.012380, Vel=0.00011195]Epoch 1/200 [TRAIN]:  24%|██▍       | 971/4032 [01:37<05:03, 10.09it/s, Loss=0.012604, Pos=0.012380, Vel=0.00011195]Epoch 1/200 [TRAIN]:  24%|██▍       | 971/4032 [01:37<05:03, 10.09it/s, Loss=0.012597, Pos=0.012373, Vel=0.00011189]Epoch 1/200 [TRAIN]:  24%|██▍       | 971/4032 [01:37<05:03, 10.09it/s, Loss=0.012588, Pos=0.012364, Vel=0.00011182]Epoch 1/200 [TRAIN]:  24%|██▍       | 973/4032 [01:37<05:14,  9.73it/s, Loss=0.012588, Pos=0.012364, Vel=0.00011182]Epoch 1/200 [TRAIN]:  24%|██▍       | 973/4032 [01:37<05:14,  9.73it/s, Loss=0.012580, Pos=0.012356, Vel=0.00011176]Epoch 1/200 [TRAIN]:  24%|██▍       | 973/4032 [01:37<05:14,  9.73it/s, Loss=0.012569, Pos=0.012346, Vel=0.00011176]Epoch 1/200 [TRAIN]:  24%|██▍       | 975/4032 [01:37<05:05,  9.99it/s, Loss=0.012569, Pos=0.012346, Vel=0.00011176]Epoch 1/200 [TRAIN]:  24%|██▍       | 975/4032 [01:37<05:05,  9.99it/s, Loss=0.012582, Pos=0.012358, Vel=0.00011169]Epoch 1/200 [TRAIN]:  24%|██▍       | 975/4032 [01:37<05:05,  9.99it/s, Loss=0.012583, Pos=0.012359, Vel=0.00011177]Epoch 1/200 [TRAIN]:  24%|██▍       | 977/4032 [01:37<05:13,  9.75it/s, Loss=0.012583, Pos=0.012359, Vel=0.00011177]Epoch 1/200 [TRAIN]:  24%|██▍       | 977/4032 [01:37<05:13,  9.75it/s, Loss=0.012584, Pos=0.012360, Vel=0.00011182]Epoch 1/200 [TRAIN]:  24%|██▍       | 978/4032 [01:37<05:16,  9.65it/s, Loss=0.012584, Pos=0.012360, Vel=0.00011182]Epoch 1/200 [TRAIN]:  24%|██▍       | 978/4032 [01:38<05:16,  9.65it/s, Loss=0.012594, Pos=0.012370, Vel=0.00011183]Epoch 1/200 [TRAIN]:  24%|██▍       | 979/4032 [01:38<05:23,  9.45it/s, Loss=0.012594, Pos=0.012370, Vel=0.00011183]Epoch 1/200 [TRAIN]:  24%|██▍       | 979/4032 [01:38<05:23,  9.45it/s, Loss=0.012584, Pos=0.012360, Vel=0.00011179]Epoch 1/200 [TRAIN]:  24%|██▍       | 980/4032 [01:38<05:20,  9.53it/s, Loss=0.012584, Pos=0.012360, Vel=0.00011179]Epoch 1/200 [TRAIN]:  24%|██▍       | 980/4032 [01:38<05:20,  9.53it/s, Loss=0.012575, Pos=0.012352, Vel=0.00011172]Epoch 1/200 [TRAIN]:  24%|██▍       | 981/4032 [01:38<05:32,  9.17it/s, Loss=0.012575, Pos=0.012352, Vel=0.00011172]Epoch 1/200 [TRAIN]:  24%|██▍       | 981/4032 [01:38<05:32,  9.17it/s, Loss=0.012565, Pos=0.012342, Vel=0.00011170]Epoch 1/200 [TRAIN]:  24%|██▍       | 982/4032 [01:38<05:30,  9.24it/s, Loss=0.012565, Pos=0.012342, Vel=0.00011170]Epoch 1/200 [TRAIN]:  24%|██▍       | 982/4032 [01:38<05:30,  9.24it/s, Loss=0.012561, Pos=0.012337, Vel=0.00011166]Epoch 1/200 [TRAIN]:  24%|██▍       | 983/4032 [01:38<05:29,  9.25it/s, Loss=0.012561, Pos=0.012337, Vel=0.00011166]Epoch 1/200 [TRAIN]:  24%|██▍       | 983/4032 [01:38<05:29,  9.25it/s, Loss=0.012560, Pos=0.012337, Vel=0.00011160]Epoch 1/200 [TRAIN]:  24%|██▍       | 984/4032 [01:38<05:27,  9.31it/s, Loss=0.012560, Pos=0.012337, Vel=0.00011160]Epoch 1/200 [TRAIN]:  24%|██▍       | 984/4032 [01:38<05:27,  9.31it/s, Loss=0.012553, Pos=0.012329, Vel=0.00011182]Epoch 1/200 [TRAIN]:  24%|██▍       | 985/4032 [01:38<05:23,  9.41it/s, Loss=0.012553, Pos=0.012329, Vel=0.00011182]Epoch 1/200 [TRAIN]:  24%|██▍       | 985/4032 [01:38<05:23,  9.41it/s, Loss=0.012562, Pos=0.012339, Vel=0.00011178]Epoch 1/200 [TRAIN]:  24%|██▍       | 986/4032 [01:38<05:29,  9.24it/s, Loss=0.012562, Pos=0.012339, Vel=0.00011178]Epoch 1/200 [TRAIN]:  24%|██▍       | 986/4032 [01:38<05:29,  9.24it/s, Loss=0.012554, Pos=0.012330, Vel=0.00011172]Epoch 1/200 [TRAIN]:  24%|██▍       | 987/4032 [01:38<05:40,  8.93it/s, Loss=0.012554, Pos=0.012330, Vel=0.00011172]Epoch 1/200 [TRAIN]:  24%|██▍       | 987/4032 [01:39<05:40,  8.93it/s, Loss=0.012545, Pos=0.012321, Vel=0.00011165]Epoch 1/200 [TRAIN]:  25%|██▍       | 988/4032 [01:39<05:34,  9.10it/s, Loss=0.012545, Pos=0.012321, Vel=0.00011165]Epoch 1/200 [TRAIN]:  25%|██▍       | 988/4032 [01:39<05:34,  9.10it/s, Loss=0.012538, Pos=0.012315, Vel=0.00011160]Epoch 1/200 [TRAIN]:  25%|██▍       | 989/4032 [01:39<05:35,  9.07it/s, Loss=0.012538, Pos=0.012315, Vel=0.00011160]Epoch 1/200 [TRAIN]:  25%|██▍       | 989/4032 [01:39<05:35,  9.07it/s, Loss=0.012532, Pos=0.012309, Vel=0.00011155]Epoch 1/200 [TRAIN]:  25%|██▍       | 990/4032 [01:39<05:34,  9.10it/s, Loss=0.012532, Pos=0.012309, Vel=0.00011155]Epoch 1/200 [TRAIN]:  25%|██▍       | 990/4032 [01:39<05:34,  9.10it/s, Loss=0.012537, Pos=0.012314, Vel=0.00011156]Epoch 1/200 [TRAIN]:  25%|██▍       | 990/4032 [01:39<05:34,  9.10it/s, Loss=0.012536, Pos=0.012312, Vel=0.00011163]Epoch 1/200 [TRAIN]:  25%|██▍       | 992/4032 [01:39<05:30,  9.20it/s, Loss=0.012536, Pos=0.012312, Vel=0.00011163]Epoch 1/200 [TRAIN]:  25%|██▍       | 992/4032 [01:39<05:30,  9.20it/s, Loss=0.012545, Pos=0.012321, Vel=0.00011164]Epoch 1/200 [TRAIN]:  25%|██▍       | 992/4032 [01:39<05:30,  9.20it/s, Loss=0.012547, Pos=0.012324, Vel=0.00011158]Epoch 1/200 [TRAIN]:  25%|██▍       | 994/4032 [01:39<05:27,  9.28it/s, Loss=0.012547, Pos=0.012324, Vel=0.00011158]Epoch 1/200 [TRAIN]:  25%|██▍       | 994/4032 [01:39<05:27,  9.28it/s, Loss=0.012544, Pos=0.012320, Vel=0.00011155]Epoch 1/200 [TRAIN]:  25%|██▍       | 994/4032 [01:39<05:27,  9.28it/s, Loss=0.012536, Pos=0.012313, Vel=0.00011149]Epoch 1/200 [TRAIN]:  25%|██▍       | 996/4032 [01:39<05:23,  9.39it/s, Loss=0.012536, Pos=0.012313, Vel=0.00011149]Epoch 1/200 [TRAIN]:  25%|██▍       | 996/4032 [01:40<05:23,  9.39it/s, Loss=0.012530, Pos=0.012307, Vel=0.00011143]Epoch 1/200 [TRAIN]:  25%|██▍       | 997/4032 [01:40<05:26,  9.29it/s, Loss=0.012530, Pos=0.012307, Vel=0.00011143]Epoch 1/200 [TRAIN]:  25%|██▍       | 997/4032 [01:40<05:26,  9.29it/s, Loss=0.012525, Pos=0.012302, Vel=0.00011140]Epoch 1/200 [TRAIN]:  25%|██▍       | 998/4032 [01:40<05:29,  9.21it/s, Loss=0.012525, Pos=0.012302, Vel=0.00011140]Epoch 1/200 [TRAIN]:  25%|██▍       | 998/4032 [01:40<05:29,  9.21it/s, Loss=0.012527, Pos=0.012304, Vel=0.00011134]Epoch 1/200 [TRAIN]:  25%|██▍       | 998/4032 [01:40<05:29,  9.21it/s, Loss=0.012521, Pos=0.012298, Vel=0.00011128]Epoch 1/200 [TRAIN]:  25%|██▍       | 1000/4032 [01:40<04:51, 10.41it/s, Loss=0.012521, Pos=0.012298, Vel=0.00011128]Epoch 1/200 [TRAIN]:  25%|██▍       | 1000/4032 [01:40<04:51, 10.41it/s, Loss=0.012522, Pos=0.012299, Vel=0.00011123]Epoch 1/200 [TRAIN]:  25%|██▍       | 1000/4032 [01:40<04:51, 10.41it/s, Loss=0.012514, Pos=0.012292, Vel=0.00011120]Epoch 1/200 [TRAIN]:  25%|██▍       | 1002/4032 [01:40<04:52, 10.36it/s, Loss=0.012514, Pos=0.012292, Vel=0.00011120]Epoch 1/200 [TRAIN]:  25%|██▍       | 1002/4032 [01:40<04:52, 10.36it/s, Loss=0.012507, Pos=0.012285, Vel=0.00011114]Epoch 1/200 [TRAIN]:  25%|██▍       | 1002/4032 [01:40<04:52, 10.36it/s, Loss=0.012501, Pos=0.012279, Vel=0.00011109]Epoch 1/200 [TRAIN]:  25%|██▍       | 1004/4032 [01:40<05:11,  9.74it/s, Loss=0.012501, Pos=0.012279, Vel=0.00011109]Epoch 1/200 [TRAIN]:  25%|██▍       | 1004/4032 [01:40<05:11,  9.74it/s, Loss=0.012500, Pos=0.012278, Vel=0.00011103]Epoch 1/200 [TRAIN]:  25%|██▍       | 1005/4032 [01:40<05:22,  9.39it/s, Loss=0.012500, Pos=0.012278, Vel=0.00011103]Epoch 1/200 [TRAIN]:  25%|██▍       | 1005/4032 [01:40<05:22,  9.39it/s, Loss=0.012494, Pos=0.012272, Vel=0.00011102]Epoch 1/200 [TRAIN]:  25%|██▍       | 1005/4032 [01:41<05:22,  9.39it/s, Loss=0.012485, Pos=0.012263, Vel=0.00011094]Epoch 1/200 [TRAIN]:  25%|██▍       | 1007/4032 [01:41<04:43, 10.66it/s, Loss=0.012485, Pos=0.012263, Vel=0.00011094]Epoch 1/200 [TRAIN]:  25%|██▍       | 1007/4032 [01:41<04:43, 10.66it/s, Loss=0.012490, Pos=0.012268, Vel=0.00011092]Epoch 1/200 [TRAIN]:  25%|██▍       | 1007/4032 [01:41<04:43, 10.66it/s, Loss=0.012487, Pos=0.012265, Vel=0.00011087]Epoch 1/200 [TRAIN]:  25%|██▌       | 1009/4032 [01:41<04:18, 11.70it/s, Loss=0.012487, Pos=0.012265, Vel=0.00011087]Epoch 1/200 [TRAIN]:  25%|██▌       | 1009/4032 [01:41<04:18, 11.70it/s, Loss=0.012481, Pos=0.012259, Vel=0.00011081]Epoch 1/200 [TRAIN]:  25%|██▌       | 1009/4032 [01:41<04:18, 11.70it/s, Loss=0.012512, Pos=0.012290, Vel=0.00011099]Epoch 1/200 [TRAIN]:  25%|██▌       | 1011/4032 [01:41<04:38, 10.84it/s, Loss=0.012512, Pos=0.012290, Vel=0.00011099]Epoch 1/200 [TRAIN]:  25%|██▌       | 1011/4032 [01:41<04:38, 10.84it/s, Loss=0.012538, Pos=0.012316, Vel=0.00011097]Epoch 1/200 [TRAIN]:  25%|██▌       | 1011/4032 [01:41<04:38, 10.84it/s, Loss=0.012526, Pos=0.012305, Vel=0.00011092]Epoch 1/200 [TRAIN]:  25%|██▌       | 1013/4032 [01:41<04:50, 10.40it/s, Loss=0.012526, Pos=0.012305, Vel=0.00011092]Epoch 1/200 [TRAIN]:  25%|██▌       | 1013/4032 [01:41<04:50, 10.40it/s, Loss=0.012526, Pos=0.012304, Vel=0.00011087]Epoch 1/200 [TRAIN]:  25%|██▌       | 1013/4032 [01:41<04:50, 10.40it/s, Loss=0.012517, Pos=0.012296, Vel=0.00011081]Epoch 1/200 [TRAIN]:  25%|██▌       | 1015/4032 [01:41<04:58, 10.09it/s, Loss=0.012517, Pos=0.012296, Vel=0.00011081]Epoch 1/200 [TRAIN]:  25%|██▌       | 1015/4032 [01:41<04:58, 10.09it/s, Loss=0.012509, Pos=0.012288, Vel=0.00011075]Epoch 1/200 [TRAIN]:  25%|██▌       | 1015/4032 [01:42<04:58, 10.09it/s, Loss=0.012522, Pos=0.012300, Vel=0.00011082]Epoch 1/200 [TRAIN]:  25%|██▌       | 1017/4032 [01:42<05:06,  9.84it/s, Loss=0.012522, Pos=0.012300, Vel=0.00011082]Epoch 1/200 [TRAIN]:  25%|██▌       | 1017/4032 [01:42<05:06,  9.84it/s, Loss=0.012525, Pos=0.012304, Vel=0.00011086]Epoch 1/200 [TRAIN]:  25%|██▌       | 1017/4032 [01:42<05:06,  9.84it/s, Loss=0.012549, Pos=0.012327, Vel=0.00011087]Epoch 1/200 [TRAIN]:  25%|██▌       | 1019/4032 [01:42<05:17,  9.49it/s, Loss=0.012549, Pos=0.012327, Vel=0.00011087]Epoch 1/200 [TRAIN]:  25%|██▌       | 1019/4032 [01:42<05:17,  9.49it/s, Loss=0.012541, Pos=0.012320, Vel=0.00011081]Epoch 1/200 [TRAIN]:  25%|██▌       | 1019/4032 [01:42<05:17,  9.49it/s, Loss=0.012536, Pos=0.012315, Vel=0.00011077]Epoch 1/200 [TRAIN]:  25%|██▌       | 1021/4032 [01:42<05:11,  9.68it/s, Loss=0.012536, Pos=0.012315, Vel=0.00011077]Epoch 1/200 [TRAIN]:  25%|██▌       | 1021/4032 [01:42<05:11,  9.68it/s, Loss=0.012559, Pos=0.012337, Vel=0.00011104]Epoch 1/200 [TRAIN]:  25%|██▌       | 1022/4032 [01:42<05:17,  9.47it/s, Loss=0.012559, Pos=0.012337, Vel=0.00011104]Epoch 1/200 [TRAIN]:  25%|██▌       | 1022/4032 [01:42<05:17,  9.47it/s, Loss=0.012552, Pos=0.012329, Vel=0.00011108]Epoch 1/200 [TRAIN]:  25%|██▌       | 1023/4032 [01:42<05:14,  9.56it/s, Loss=0.012552, Pos=0.012329, Vel=0.00011108]Epoch 1/200 [TRAIN]:  25%|██▌       | 1023/4032 [01:42<05:14,  9.56it/s, Loss=0.012543, Pos=0.012321, Vel=0.00011110]Epoch 1/200 [TRAIN]:  25%|██▌       | 1023/4032 [01:42<05:14,  9.56it/s, Loss=0.012551, Pos=0.012329, Vel=0.00011112]Epoch 1/200 [TRAIN]:  25%|██▌       | 1025/4032 [01:42<04:37, 10.82it/s, Loss=0.012551, Pos=0.012329, Vel=0.00011112]Epoch 1/200 [TRAIN]:  25%|██▌       | 1025/4032 [01:42<04:37, 10.82it/s, Loss=0.012554, Pos=0.012332, Vel=0.00011113]Epoch 1/200 [TRAIN]:  25%|██▌       | 1025/4032 [01:43<04:37, 10.82it/s, Loss=0.012545, Pos=0.012323, Vel=0.00011107]Epoch 1/200 [TRAIN]:  25%|██▌       | 1027/4032 [01:43<04:51, 10.31it/s, Loss=0.012545, Pos=0.012323, Vel=0.00011107]Epoch 1/200 [TRAIN]:  25%|██▌       | 1027/4032 [01:43<04:51, 10.31it/s, Loss=0.012543, Pos=0.012321, Vel=0.00011106]Epoch 1/200 [TRAIN]:  25%|██▌       | 1027/4032 [01:43<04:51, 10.31it/s, Loss=0.012537, Pos=0.012315, Vel=0.00011100]Epoch 1/200 [TRAIN]:  26%|██▌       | 1029/4032 [01:43<05:09,  9.70it/s, Loss=0.012537, Pos=0.012315, Vel=0.00011100]Epoch 1/200 [TRAIN]:  26%|██▌       | 1029/4032 [01:43<05:09,  9.70it/s, Loss=0.012532, Pos=0.012310, Vel=0.00011095]Epoch 1/200 [TRAIN]:  26%|██▌       | 1029/4032 [01:43<05:09,  9.70it/s, Loss=0.012533, Pos=0.012311, Vel=0.00011090]Epoch 1/200 [TRAIN]:  26%|██▌       | 1029/4032 [01:43<05:09,  9.70it/s, Loss=0.012531, Pos=0.012310, Vel=0.00011090]Epoch 1/200 [TRAIN]:  26%|██▌       | 1032/4032 [01:43<04:25, 11.29it/s, Loss=0.012531, Pos=0.012310, Vel=0.00011090]Epoch 1/200 [TRAIN]:  26%|██▌       | 1032/4032 [01:43<04:25, 11.29it/s, Loss=0.012530, Pos=0.012308, Vel=0.00011090]Epoch 1/200 [TRAIN]:  26%|██▌       | 1032/4032 [01:43<04:25, 11.29it/s, Loss=0.012526, Pos=0.012304, Vel=0.00011093]Epoch 1/200 [TRAIN]:  26%|██▌       | 1034/4032 [01:43<04:42, 10.62it/s, Loss=0.012526, Pos=0.012304, Vel=0.00011093]Epoch 1/200 [TRAIN]:  26%|██▌       | 1034/4032 [01:43<04:42, 10.62it/s, Loss=0.012519, Pos=0.012297, Vel=0.00011094]Epoch 1/200 [TRAIN]:  26%|██▌       | 1034/4032 [01:43<04:42, 10.62it/s, Loss=0.012514, Pos=0.012292, Vel=0.00011089]Epoch 1/200 [TRAIN]:  26%|██▌       | 1036/4032 [01:43<04:50, 10.30it/s, Loss=0.012514, Pos=0.012292, Vel=0.00011089]Epoch 1/200 [TRAIN]:  26%|██▌       | 1036/4032 [01:43<04:50, 10.30it/s, Loss=0.012508, Pos=0.012286, Vel=0.00011082]Epoch 1/200 [TRAIN]:  26%|██▌       | 1036/4032 [01:44<04:50, 10.30it/s, Loss=0.012498, Pos=0.012276, Vel=0.00011076]Epoch 1/200 [TRAIN]:  26%|██▌       | 1038/4032 [01:44<04:27, 11.20it/s, Loss=0.012498, Pos=0.012276, Vel=0.00011076]Epoch 1/200 [TRAIN]:  26%|██▌       | 1038/4032 [01:44<04:27, 11.20it/s, Loss=0.012497, Pos=0.012276, Vel=0.00011073]Epoch 1/200 [TRAIN]:  26%|██▌       | 1038/4032 [01:44<04:27, 11.20it/s, Loss=0.012508, Pos=0.012287, Vel=0.00011067]Epoch 1/200 [TRAIN]:  26%|██▌       | 1040/4032 [01:44<04:46, 10.43it/s, Loss=0.012508, Pos=0.012287, Vel=0.00011067]Epoch 1/200 [TRAIN]:  26%|██▌       | 1040/4032 [01:44<04:46, 10.43it/s, Loss=0.012505, Pos=0.012284, Vel=0.00011064]Epoch 1/200 [TRAIN]:  26%|██▌       | 1040/4032 [01:44<04:46, 10.43it/s, Loss=0.012504, Pos=0.012283, Vel=0.00011061]Epoch 1/200 [TRAIN]:  26%|██▌       | 1042/4032 [01:44<04:54, 10.14it/s, Loss=0.012504, Pos=0.012283, Vel=0.00011061]Epoch 1/200 [TRAIN]:  26%|██▌       | 1042/4032 [01:44<04:54, 10.14it/s, Loss=0.012497, Pos=0.012276, Vel=0.00011055]Epoch 1/200 [TRAIN]:  26%|██▌       | 1042/4032 [01:44<04:54, 10.14it/s, Loss=0.012493, Pos=0.012272, Vel=0.00011052]Epoch 1/200 [TRAIN]:  26%|██▌       | 1044/4032 [01:44<05:02,  9.89it/s, Loss=0.012493, Pos=0.012272, Vel=0.00011052]Epoch 1/200 [TRAIN]:  26%|██▌       | 1044/4032 [01:44<05:02,  9.89it/s, Loss=0.012488, Pos=0.012267, Vel=0.00011050]Epoch 1/200 [TRAIN]:  26%|██▌       | 1044/4032 [01:44<05:02,  9.89it/s, Loss=0.012512, Pos=0.012291, Vel=0.00011048]Epoch 1/200 [TRAIN]:  26%|██▌       | 1046/4032 [01:44<05:02,  9.86it/s, Loss=0.012512, Pos=0.012291, Vel=0.00011048]Epoch 1/200 [TRAIN]:  26%|██▌       | 1046/4032 [01:44<05:02,  9.86it/s, Loss=0.012510, Pos=0.012289, Vel=0.00011047]Epoch 1/200 [TRAIN]:  26%|██▌       | 1047/4032 [01:44<05:07,  9.72it/s, Loss=0.012510, Pos=0.012289, Vel=0.00011047]Epoch 1/200 [TRAIN]:  26%|██▌       | 1047/4032 [01:45<05:07,  9.72it/s, Loss=0.012502, Pos=0.012281, Vel=0.00011039]Epoch 1/200 [TRAIN]:  26%|██▌       | 1048/4032 [01:45<05:08,  9.66it/s, Loss=0.012502, Pos=0.012281, Vel=0.00011039]Epoch 1/200 [TRAIN]:  26%|██▌       | 1048/4032 [01:45<05:08,  9.66it/s, Loss=0.012496, Pos=0.012275, Vel=0.00011036]Epoch 1/200 [TRAIN]:  26%|██▌       | 1048/4032 [01:45<05:08,  9.66it/s, Loss=0.012491, Pos=0.012270, Vel=0.00011037]Epoch 1/200 [TRAIN]:  26%|██▌       | 1050/4032 [01:45<05:09,  9.62it/s, Loss=0.012491, Pos=0.012270, Vel=0.00011037]Epoch 1/200 [TRAIN]:  26%|██▌       | 1050/4032 [01:45<05:09,  9.62it/s, Loss=0.012485, Pos=0.012264, Vel=0.00011042]Epoch 1/200 [TRAIN]:  26%|██▌       | 1050/4032 [01:45<05:09,  9.62it/s, Loss=0.012480, Pos=0.012260, Vel=0.00011040]Epoch 1/200 [TRAIN]:  26%|██▌       | 1052/4032 [01:45<05:11,  9.56it/s, Loss=0.012480, Pos=0.012260, Vel=0.00011040]Epoch 1/200 [TRAIN]:  26%|██▌       | 1052/4032 [01:45<05:11,  9.56it/s, Loss=0.012479, Pos=0.012258, Vel=0.00011034]Epoch 1/200 [TRAIN]:  26%|██▌       | 1052/4032 [01:45<05:11,  9.56it/s, Loss=0.012481, Pos=0.012260, Vel=0.00011029]Epoch 1/200 [TRAIN]:  26%|██▌       | 1054/4032 [01:45<05:15,  9.43it/s, Loss=0.012481, Pos=0.012260, Vel=0.00011029]Epoch 1/200 [TRAIN]:  26%|██▌       | 1054/4032 [01:45<05:15,  9.43it/s, Loss=0.012482, Pos=0.012261, Vel=0.00011024]Epoch 1/200 [TRAIN]:  26%|██▌       | 1055/4032 [01:45<05:23,  9.20it/s, Loss=0.012482, Pos=0.012261, Vel=0.00011024]Epoch 1/200 [TRAIN]:  26%|██▌       | 1055/4032 [01:45<05:23,  9.20it/s, Loss=0.012473, Pos=0.012253, Vel=0.00011018]Epoch 1/200 [TRAIN]:  26%|██▌       | 1056/4032 [01:45<05:18,  9.34it/s, Loss=0.012473, Pos=0.012253, Vel=0.00011018]Epoch 1/200 [TRAIN]:  26%|██▌       | 1056/4032 [01:46<05:18,  9.34it/s, Loss=0.012469, Pos=0.012249, Vel=0.00011014]Epoch 1/200 [TRAIN]:  26%|██▌       | 1057/4032 [01:46<05:22,  9.21it/s, Loss=0.012469, Pos=0.012249, Vel=0.00011014]Epoch 1/200 [TRAIN]:  26%|██▌       | 1057/4032 [01:46<05:22,  9.21it/s, Loss=0.012460, Pos=0.012240, Vel=0.00011006]Epoch 1/200 [TRAIN]:  26%|██▌       | 1057/4032 [01:46<05:22,  9.21it/s, Loss=0.012454, Pos=0.012234, Vel=0.00010999]Epoch 1/200 [TRAIN]:  26%|██▋       | 1059/4032 [01:46<05:22,  9.21it/s, Loss=0.012454, Pos=0.012234, Vel=0.00010999]Epoch 1/200 [TRAIN]:  26%|██▋       | 1059/4032 [01:46<05:22,  9.21it/s, Loss=0.012462, Pos=0.012242, Vel=0.00011000]Epoch 1/200 [TRAIN]:  26%|██▋       | 1060/4032 [01:46<05:22,  9.20it/s, Loss=0.012462, Pos=0.012242, Vel=0.00011000]Epoch 1/200 [TRAIN]:  26%|██▋       | 1060/4032 [01:46<05:22,  9.20it/s, Loss=0.012459, Pos=0.012239, Vel=0.00010994]Epoch 1/200 [TRAIN]:  26%|██▋       | 1061/4032 [01:46<05:25,  9.13it/s, Loss=0.012459, Pos=0.012239, Vel=0.00010994]Epoch 1/200 [TRAIN]:  26%|██▋       | 1061/4032 [01:46<05:25,  9.13it/s, Loss=0.012451, Pos=0.012231, Vel=0.00010989]Epoch 1/200 [TRAIN]:  26%|██▋       | 1062/4032 [01:46<05:21,  9.23it/s, Loss=0.012451, Pos=0.012231, Vel=0.00010989]Epoch 1/200 [TRAIN]:  26%|██▋       | 1062/4032 [01:46<05:21,  9.23it/s, Loss=0.012481, Pos=0.012261, Vel=0.00010986]Epoch 1/200 [TRAIN]:  26%|██▋       | 1063/4032 [01:46<05:23,  9.18it/s, Loss=0.012481, Pos=0.012261, Vel=0.00010986]Epoch 1/200 [TRAIN]:  26%|██▋       | 1063/4032 [01:46<05:23,  9.18it/s, Loss=0.012472, Pos=0.012253, Vel=0.00010983]Epoch 1/200 [TRAIN]:  26%|██▋       | 1064/4032 [01:46<05:16,  9.39it/s, Loss=0.012472, Pos=0.012253, Vel=0.00010983]Epoch 1/200 [TRAIN]:  26%|██▋       | 1064/4032 [01:46<05:16,  9.39it/s, Loss=0.012468, Pos=0.012248, Vel=0.00010986]Epoch 1/200 [TRAIN]:  26%|██▋       | 1065/4032 [01:46<05:17,  9.33it/s, Loss=0.012468, Pos=0.012248, Vel=0.00010986]Epoch 1/200 [TRAIN]:  26%|██▋       | 1065/4032 [01:47<05:17,  9.33it/s, Loss=0.012462, Pos=0.012242, Vel=0.00010979]Epoch 1/200 [TRAIN]:  26%|██▋       | 1066/4032 [01:47<05:20,  9.26it/s, Loss=0.012462, Pos=0.012242, Vel=0.00010979]Epoch 1/200 [TRAIN]:  26%|██▋       | 1066/4032 [01:47<05:20,  9.26it/s, Loss=0.012453, Pos=0.012233, Vel=0.00010973]Epoch 1/200 [TRAIN]:  26%|██▋       | 1066/4032 [01:47<05:20,  9.26it/s, Loss=0.012458, Pos=0.012239, Vel=0.00010978]Epoch 1/200 [TRAIN]:  26%|██▋       | 1068/4032 [01:47<04:38, 10.62it/s, Loss=0.012458, Pos=0.012239, Vel=0.00010978]Epoch 1/200 [TRAIN]:  26%|██▋       | 1068/4032 [01:47<04:38, 10.62it/s, Loss=0.012456, Pos=0.012237, Vel=0.00010972]Epoch 1/200 [TRAIN]:  26%|██▋       | 1068/4032 [01:47<04:38, 10.62it/s, Loss=0.012448, Pos=0.012229, Vel=0.00010965]Epoch 1/200 [TRAIN]:  27%|██▋       | 1070/4032 [01:47<04:56, 10.00it/s, Loss=0.012448, Pos=0.012229, Vel=0.00010965]Epoch 1/200 [TRAIN]:  27%|██▋       | 1070/4032 [01:47<04:56, 10.00it/s, Loss=0.012440, Pos=0.012221, Vel=0.00010961]Epoch 1/200 [TRAIN]:  27%|██▋       | 1070/4032 [01:47<04:56, 10.00it/s, Loss=0.012432, Pos=0.012213, Vel=0.00010958]Epoch 1/200 [TRAIN]:  27%|██▋       | 1072/4032 [01:47<05:03,  9.74it/s, Loss=0.012432, Pos=0.012213, Vel=0.00010958]Epoch 1/200 [TRAIN]:  27%|██▋       | 1072/4032 [01:47<05:03,  9.74it/s, Loss=0.012445, Pos=0.012226, Vel=0.00010966]Epoch 1/200 [TRAIN]:  27%|██▋       | 1073/4032 [01:47<05:13,  9.43it/s, Loss=0.012445, Pos=0.012226, Vel=0.00010966]Epoch 1/200 [TRAIN]:  27%|██▋       | 1073/4032 [01:47<05:13,  9.43it/s, Loss=0.012440, Pos=0.012220, Vel=0.00010961]Epoch 1/200 [TRAIN]:  27%|██▋       | 1074/4032 [01:47<05:10,  9.53it/s, Loss=0.012440, Pos=0.012220, Vel=0.00010961]Epoch 1/200 [TRAIN]:  27%|██▋       | 1074/4032 [01:47<05:10,  9.53it/s, Loss=0.012435, Pos=0.012216, Vel=0.00010959]Epoch 1/200 [TRAIN]:  27%|██▋       | 1074/4032 [01:47<05:10,  9.53it/s, Loss=0.012450, Pos=0.012231, Vel=0.00010966]Epoch 1/200 [TRAIN]:  27%|██▋       | 1076/4032 [01:47<04:29, 10.98it/s, Loss=0.012450, Pos=0.012231, Vel=0.00010966]Epoch 1/200 [TRAIN]:  27%|██▋       | 1076/4032 [01:48<04:29, 10.98it/s, Loss=0.012447, Pos=0.012228, Vel=0.00010966]Epoch 1/200 [TRAIN]:  27%|██▋       | 1076/4032 [01:48<04:29, 10.98it/s, Loss=0.012444, Pos=0.012225, Vel=0.00010961]Epoch 1/200 [TRAIN]:  27%|██▋       | 1078/4032 [01:48<04:49, 10.20it/s, Loss=0.012444, Pos=0.012225, Vel=0.00010961]Epoch 1/200 [TRAIN]:  27%|██▋       | 1078/4032 [01:48<04:49, 10.20it/s, Loss=0.012446, Pos=0.012226, Vel=0.00010962]Epoch 1/200 [TRAIN]:  27%|██▋       | 1078/4032 [01:48<04:49, 10.20it/s, Loss=0.012439, Pos=0.012220, Vel=0.00010956]Epoch 1/200 [TRAIN]:  27%|██▋       | 1080/4032 [01:48<05:03,  9.74it/s, Loss=0.012439, Pos=0.012220, Vel=0.00010956]Epoch 1/200 [TRAIN]:  27%|██▋       | 1080/4032 [01:48<05:03,  9.74it/s, Loss=0.012438, Pos=0.012219, Vel=0.00010950]Epoch 1/200 [TRAIN]:  27%|██▋       | 1081/4032 [01:48<05:13,  9.42it/s, Loss=0.012438, Pos=0.012219, Vel=0.00010950]Epoch 1/200 [TRAIN]:  27%|██▋       | 1081/4032 [01:48<05:13,  9.42it/s, Loss=0.012434, Pos=0.012215, Vel=0.00010943]Epoch 1/200 [TRAIN]:  27%|██▋       | 1081/4032 [01:48<05:13,  9.42it/s, Loss=0.012427, Pos=0.012208, Vel=0.00010943]Epoch 1/200 [TRAIN]:  27%|██▋       | 1083/4032 [01:48<04:56,  9.96it/s, Loss=0.012427, Pos=0.012208, Vel=0.00010943]Epoch 1/200 [TRAIN]:  27%|██▋       | 1083/4032 [01:48<04:56,  9.96it/s, Loss=0.012469, Pos=0.012250, Vel=0.00010939]Epoch 1/200 [TRAIN]:  27%|██▋       | 1084/4032 [01:48<05:03,  9.72it/s, Loss=0.012469, Pos=0.012250, Vel=0.00010939]Epoch 1/200 [TRAIN]:  27%|██▋       | 1084/4032 [01:48<05:03,  9.72it/s, Loss=0.012464, Pos=0.012245, Vel=0.00010937]Epoch 1/200 [TRAIN]:  27%|██▋       | 1084/4032 [01:49<05:03,  9.72it/s, Loss=0.012455, Pos=0.012237, Vel=0.00010931]Epoch 1/200 [TRAIN]:  27%|██▋       | 1086/4032 [01:49<05:09,  9.53it/s, Loss=0.012455, Pos=0.012237, Vel=0.00010931]Epoch 1/200 [TRAIN]:  27%|██▋       | 1086/4032 [01:49<05:09,  9.53it/s, Loss=0.012487, Pos=0.012268, Vel=0.00010941]Epoch 1/200 [TRAIN]:  27%|██▋       | 1086/4032 [01:49<05:09,  9.53it/s, Loss=0.012478, Pos=0.012259, Vel=0.00010936]Epoch 1/200 [TRAIN]:  27%|██▋       | 1088/4032 [01:49<05:10,  9.48it/s, Loss=0.012478, Pos=0.012259, Vel=0.00010936]Epoch 1/200 [TRAIN]:  27%|██▋       | 1088/4032 [01:49<05:10,  9.48it/s, Loss=0.012471, Pos=0.012252, Vel=0.00010935]Epoch 1/200 [TRAIN]:  27%|██▋       | 1088/4032 [01:49<05:10,  9.48it/s, Loss=0.012467, Pos=0.012248, Vel=0.00010929]Epoch 1/200 [TRAIN]:  27%|██▋       | 1090/4032 [01:49<05:09,  9.50it/s, Loss=0.012467, Pos=0.012248, Vel=0.00010929]Epoch 1/200 [TRAIN]:  27%|██▋       | 1090/4032 [01:49<05:09,  9.50it/s, Loss=0.012458, Pos=0.012240, Vel=0.00010922]Epoch 1/200 [TRAIN]:  27%|██▋       | 1091/4032 [01:49<05:16,  9.28it/s, Loss=0.012458, Pos=0.012240, Vel=0.00010922]Epoch 1/200 [TRAIN]:  27%|██▋       | 1091/4032 [01:49<05:16,  9.28it/s, Loss=0.012459, Pos=0.012240, Vel=0.00010919]Epoch 1/200 [TRAIN]:  27%|██▋       | 1091/4032 [01:49<05:16,  9.28it/s, Loss=0.012463, Pos=0.012244, Vel=0.00010923]Epoch 1/200 [TRAIN]:  27%|██▋       | 1093/4032 [01:49<05:16,  9.28it/s, Loss=0.012463, Pos=0.012244, Vel=0.00010923]Epoch 1/200 [TRAIN]:  27%|██▋       | 1093/4032 [01:49<05:16,  9.28it/s, Loss=0.012569, Pos=0.012350, Vel=0.00010923]Epoch 1/200 [TRAIN]:  27%|██▋       | 1094/4032 [01:49<05:12,  9.39it/s, Loss=0.012569, Pos=0.012350, Vel=0.00010923]Epoch 1/200 [TRAIN]:  27%|██▋       | 1094/4032 [01:50<05:12,  9.39it/s, Loss=0.012561, Pos=0.012343, Vel=0.00010917]Epoch 1/200 [TRAIN]:  27%|██▋       | 1095/4032 [01:50<05:17,  9.24it/s, Loss=0.012561, Pos=0.012343, Vel=0.00010917]Epoch 1/200 [TRAIN]:  27%|██▋       | 1095/4032 [01:50<05:17,  9.24it/s, Loss=0.012554, Pos=0.012336, Vel=0.00010914]Epoch 1/200 [TRAIN]:  27%|██▋       | 1096/4032 [01:50<05:12,  9.41it/s, Loss=0.012554, Pos=0.012336, Vel=0.00010914]Epoch 1/200 [TRAIN]:  27%|██▋       | 1096/4032 [01:50<05:12,  9.41it/s, Loss=0.012544, Pos=0.012326, Vel=0.00010912]Epoch 1/200 [TRAIN]:  27%|██▋       | 1097/4032 [01:50<05:20,  9.15it/s, Loss=0.012544, Pos=0.012326, Vel=0.00010912]Epoch 1/200 [TRAIN]:  27%|██▋       | 1097/4032 [01:50<05:20,  9.15it/s, Loss=0.012536, Pos=0.012318, Vel=0.00010907]Epoch 1/200 [TRAIN]:  27%|██▋       | 1098/4032 [01:50<05:19,  9.17it/s, Loss=0.012536, Pos=0.012318, Vel=0.00010907]Epoch 1/200 [TRAIN]:  27%|██▋       | 1098/4032 [01:50<05:19,  9.17it/s, Loss=0.012536, Pos=0.012318, Vel=0.00010903]Epoch 1/200 [TRAIN]:  27%|██▋       | 1098/4032 [01:50<05:19,  9.17it/s, Loss=0.012552, Pos=0.012334, Vel=0.00010898]Epoch 1/200 [TRAIN]:  27%|██▋       | 1100/4032 [01:50<05:08,  9.51it/s, Loss=0.012552, Pos=0.012334, Vel=0.00010898]Epoch 1/200 [TRAIN]:  27%|██▋       | 1100/4032 [01:50<05:08,  9.51it/s, Loss=0.012555, Pos=0.012337, Vel=0.00010893]Epoch 1/200 [TRAIN]:  27%|██▋       | 1101/4032 [01:50<05:13,  9.35it/s, Loss=0.012555, Pos=0.012337, Vel=0.00010893]Epoch 1/200 [TRAIN]:  27%|██▋       | 1101/4032 [01:50<05:13,  9.35it/s, Loss=0.012552, Pos=0.012334, Vel=0.00010889]Epoch 1/200 [TRAIN]:  27%|██▋       | 1102/4032 [01:50<05:09,  9.47it/s, Loss=0.012552, Pos=0.012334, Vel=0.00010889]Epoch 1/200 [TRAIN]:  27%|██▋       | 1102/4032 [01:50<05:09,  9.47it/s, Loss=0.012561, Pos=0.012343, Vel=0.00010889]Epoch 1/200 [TRAIN]:  27%|██▋       | 1102/4032 [01:50<05:09,  9.47it/s, Loss=0.012555, Pos=0.012337, Vel=0.00010884]Epoch 1/200 [TRAIN]:  27%|██▋       | 1104/4032 [01:50<04:12, 11.60it/s, Loss=0.012555, Pos=0.012337, Vel=0.00010884]Epoch 1/200 [TRAIN]:  27%|██▋       | 1104/4032 [01:50<04:12, 11.60it/s, Loss=0.012553, Pos=0.012335, Vel=0.00010879]Epoch 1/200 [TRAIN]:  27%|██▋       | 1104/4032 [01:51<04:12, 11.60it/s, Loss=0.012547, Pos=0.012329, Vel=0.00010877]Epoch 1/200 [TRAIN]:  27%|██▋       | 1106/4032 [01:51<04:29, 10.85it/s, Loss=0.012547, Pos=0.012329, Vel=0.00010877]Epoch 1/200 [TRAIN]:  27%|██▋       | 1106/4032 [01:51<04:29, 10.85it/s, Loss=0.012560, Pos=0.012343, Vel=0.00010881]Epoch 1/200 [TRAIN]:  27%|██▋       | 1106/4032 [01:51<04:29, 10.85it/s, Loss=0.012676, Pos=0.012458, Vel=0.00010890]Epoch 1/200 [TRAIN]:  27%|██▋       | 1108/4032 [01:51<04:42, 10.34it/s, Loss=0.012676, Pos=0.012458, Vel=0.00010890]Epoch 1/200 [TRAIN]:  27%|██▋       | 1108/4032 [01:51<04:42, 10.34it/s, Loss=0.012669, Pos=0.012452, Vel=0.00010886]Epoch 1/200 [TRAIN]:  27%|██▋       | 1108/4032 [01:51<04:42, 10.34it/s, Loss=0.012672, Pos=0.012455, Vel=0.00010883]Epoch 1/200 [TRAIN]:  28%|██▊       | 1110/4032 [01:51<04:54,  9.91it/s, Loss=0.012672, Pos=0.012455, Vel=0.00010883]Epoch 1/200 [TRAIN]:  28%|██▊       | 1110/4032 [01:51<04:54,  9.91it/s, Loss=0.012668, Pos=0.012451, Vel=0.00010880]Epoch 1/200 [TRAIN]:  28%|██▊       | 1110/4032 [01:51<04:54,  9.91it/s, Loss=0.012660, Pos=0.012443, Vel=0.00010874]Epoch 1/200 [TRAIN]:  28%|██▊       | 1112/4032 [01:51<05:00,  9.71it/s, Loss=0.012660, Pos=0.012443, Vel=0.00010874]Epoch 1/200 [TRAIN]:  28%|██▊       | 1112/4032 [01:51<05:00,  9.71it/s, Loss=0.012669, Pos=0.012451, Vel=0.00010878]Epoch 1/200 [TRAIN]:  28%|██▊       | 1113/4032 [01:51<05:04,  9.57it/s, Loss=0.012669, Pos=0.012451, Vel=0.00010878]Epoch 1/200 [TRAIN]:  28%|██▊       | 1113/4032 [01:51<05:04,  9.57it/s, Loss=0.012659, Pos=0.012442, Vel=0.00010873]Epoch 1/200 [TRAIN]:  28%|██▊       | 1114/4032 [01:51<05:15,  9.26it/s, Loss=0.012659, Pos=0.012442, Vel=0.00010873]Epoch 1/200 [TRAIN]:  28%|██▊       | 1114/4032 [01:52<05:15,  9.26it/s, Loss=0.012653, Pos=0.012436, Vel=0.00010882]Epoch 1/200 [TRAIN]:  28%|██▊       | 1115/4032 [01:52<05:10,  9.38it/s, Loss=0.012653, Pos=0.012436, Vel=0.00010882]Epoch 1/200 [TRAIN]:  28%|██▊       | 1115/4032 [01:52<05:10,  9.38it/s, Loss=0.012654, Pos=0.012436, Vel=0.00010884]Epoch 1/200 [TRAIN]:  28%|██▊       | 1116/4032 [01:52<05:19,  9.12it/s, Loss=0.012654, Pos=0.012436, Vel=0.00010884]Epoch 1/200 [TRAIN]:  28%|██▊       | 1116/4032 [01:52<05:19,  9.12it/s, Loss=0.012644, Pos=0.012427, Vel=0.00010880]Epoch 1/200 [TRAIN]:  28%|██▊       | 1116/4032 [01:52<05:19,  9.12it/s, Loss=0.012703, Pos=0.012486, Vel=0.00010881]Epoch 1/200 [TRAIN]:  28%|██▊       | 1118/4032 [01:52<05:10,  9.40it/s, Loss=0.012703, Pos=0.012486, Vel=0.00010881]Epoch 1/200 [TRAIN]:  28%|██▊       | 1118/4032 [01:52<05:10,  9.40it/s, Loss=0.012703, Pos=0.012485, Vel=0.00010879]Epoch 1/200 [TRAIN]:  28%|██▊       | 1118/4032 [01:52<05:10,  9.40it/s, Loss=0.012694, Pos=0.012477, Vel=0.00010876]Epoch 1/200 [TRAIN]:  28%|██▊       | 1120/4032 [01:52<04:40, 10.37it/s, Loss=0.012694, Pos=0.012477, Vel=0.00010876]Epoch 1/200 [TRAIN]:  28%|██▊       | 1120/4032 [01:52<04:40, 10.37it/s, Loss=0.012687, Pos=0.012470, Vel=0.00010871]Epoch 1/200 [TRAIN]:  28%|██▊       | 1120/4032 [01:52<04:40, 10.37it/s, Loss=0.012683, Pos=0.012465, Vel=0.00010868]Epoch 1/200 [TRAIN]:  28%|██▊       | 1122/4032 [01:52<04:49, 10.07it/s, Loss=0.012683, Pos=0.012465, Vel=0.00010868]Epoch 1/200 [TRAIN]:  28%|██▊       | 1122/4032 [01:52<04:49, 10.07it/s, Loss=0.012676, Pos=0.012459, Vel=0.00010865]Epoch 1/200 [TRAIN]:  28%|██▊       | 1122/4032 [01:52<04:49, 10.07it/s, Loss=0.012742, Pos=0.012525, Vel=0.00010868]Epoch 1/200 [TRAIN]:  28%|██▊       | 1124/4032 [01:52<04:52,  9.93it/s, Loss=0.012742, Pos=0.012525, Vel=0.00010868]Epoch 1/200 [TRAIN]:  28%|██▊       | 1124/4032 [01:53<04:52,  9.93it/s, Loss=0.012744, Pos=0.012527, Vel=0.00010865]Epoch 1/200 [TRAIN]:  28%|██▊       | 1125/4032 [01:53<04:52,  9.92it/s, Loss=0.012744, Pos=0.012527, Vel=0.00010865]Epoch 1/200 [TRAIN]:  28%|██▊       | 1125/4032 [01:53<04:52,  9.92it/s, Loss=0.012741, Pos=0.012524, Vel=0.00010866]Epoch 1/200 [TRAIN]:  28%|██▊       | 1125/4032 [01:53<04:52,  9.92it/s, Loss=0.012737, Pos=0.012519, Vel=0.00010862]Epoch 1/200 [TRAIN]:  28%|██▊       | 1127/4032 [01:53<04:22, 11.06it/s, Loss=0.012737, Pos=0.012519, Vel=0.00010862]Epoch 1/200 [TRAIN]:  28%|██▊       | 1127/4032 [01:53<04:22, 11.06it/s, Loss=0.012734, Pos=0.012517, Vel=0.00010859]Epoch 1/200 [TRAIN]:  28%|██▊       | 1127/4032 [01:53<04:22, 11.06it/s, Loss=0.012725, Pos=0.012508, Vel=0.00010853]Epoch 1/200 [TRAIN]:  28%|██▊       | 1129/4032 [01:53<04:38, 10.41it/s, Loss=0.012725, Pos=0.012508, Vel=0.00010853]Epoch 1/200 [TRAIN]:  28%|██▊       | 1129/4032 [01:53<04:38, 10.41it/s, Loss=0.012718, Pos=0.012501, Vel=0.00010846]Epoch 1/200 [TRAIN]:  28%|██▊       | 1129/4032 [01:53<04:38, 10.41it/s, Loss=0.012717, Pos=0.012500, Vel=0.00010841]Epoch 1/200 [TRAIN]:  28%|██▊       | 1131/4032 [01:53<04:56,  9.79it/s, Loss=0.012717, Pos=0.012500, Vel=0.00010841]Epoch 1/200 [TRAIN]:  28%|██▊       | 1131/4032 [01:53<04:56,  9.79it/s, Loss=0.012722, Pos=0.012505, Vel=0.00010841]Epoch 1/200 [TRAIN]:  28%|██▊       | 1131/4032 [01:53<04:56,  9.79it/s, Loss=0.012724, Pos=0.012507, Vel=0.00010838]Epoch 1/200 [TRAIN]:  28%|██▊       | 1133/4032 [01:53<05:02,  9.58it/s, Loss=0.012724, Pos=0.012507, Vel=0.00010838]Epoch 1/200 [TRAIN]:  28%|██▊       | 1133/4032 [01:53<05:02,  9.58it/s, Loss=0.012725, Pos=0.012508, Vel=0.00010839]Epoch 1/200 [TRAIN]:  28%|██▊       | 1134/4032 [01:53<05:02,  9.57it/s, Loss=0.012725, Pos=0.012508, Vel=0.00010839]Epoch 1/200 [TRAIN]:  28%|██▊       | 1134/4032 [01:54<05:02,  9.57it/s, Loss=0.012732, Pos=0.012515, Vel=0.00010837]Epoch 1/200 [TRAIN]:  28%|██▊       | 1135/4032 [01:54<05:09,  9.35it/s, Loss=0.012732, Pos=0.012515, Vel=0.00010837]Epoch 1/200 [TRAIN]:  28%|██▊       | 1135/4032 [01:54<05:09,  9.35it/s, Loss=0.012729, Pos=0.012512, Vel=0.00010833]Epoch 1/200 [TRAIN]:  28%|██▊       | 1135/4032 [01:54<05:09,  9.35it/s, Loss=0.012735, Pos=0.012519, Vel=0.00010831]Epoch 1/200 [TRAIN]:  28%|██▊       | 1137/4032 [01:54<05:12,  9.26it/s, Loss=0.012735, Pos=0.012519, Vel=0.00010831]Epoch 1/200 [TRAIN]:  28%|██▊       | 1137/4032 [01:54<05:12,  9.26it/s, Loss=0.012732, Pos=0.012516, Vel=0.00010829]Epoch 1/200 [TRAIN]:  28%|██▊       | 1138/4032 [01:54<05:09,  9.37it/s, Loss=0.012732, Pos=0.012516, Vel=0.00010829]Epoch 1/200 [TRAIN]:  28%|██▊       | 1138/4032 [01:54<05:09,  9.37it/s, Loss=0.012732, Pos=0.012516, Vel=0.00010829]Epoch 1/200 [TRAIN]:  28%|██▊       | 1138/4032 [01:54<05:09,  9.37it/s, Loss=0.012735, Pos=0.012519, Vel=0.00010827]Epoch 1/200 [TRAIN]:  28%|██▊       | 1140/4032 [01:54<04:52,  9.89it/s, Loss=0.012735, Pos=0.012519, Vel=0.00010827]Epoch 1/200 [TRAIN]:  28%|██▊       | 1140/4032 [01:54<04:52,  9.89it/s, Loss=0.012734, Pos=0.012518, Vel=0.00010828]Epoch 1/200 [TRAIN]:  28%|██▊       | 1141/4032 [01:54<04:52,  9.90it/s, Loss=0.012734, Pos=0.012518, Vel=0.00010828]Epoch 1/200 [TRAIN]:  28%|██▊       | 1141/4032 [01:54<04:52,  9.90it/s, Loss=0.012734, Pos=0.012518, Vel=0.00010823]Epoch 1/200 [TRAIN]:  28%|██▊       | 1142/4032 [01:54<04:57,  9.72it/s, Loss=0.012734, Pos=0.012518, Vel=0.00010823]Epoch 1/200 [TRAIN]:  28%|██▊       | 1142/4032 [01:54<04:57,  9.72it/s, Loss=0.012730, Pos=0.012513, Vel=0.00010823]Epoch 1/200 [TRAIN]:  28%|██▊       | 1143/4032 [01:54<05:10,  9.31it/s, Loss=0.012730, Pos=0.012513, Vel=0.00010823]Epoch 1/200 [TRAIN]:  28%|██▊       | 1143/4032 [01:55<05:10,  9.31it/s, Loss=0.012734, Pos=0.012518, Vel=0.00010821]Epoch 1/200 [TRAIN]:  28%|██▊       | 1143/4032 [01:55<05:10,  9.31it/s, Loss=0.012738, Pos=0.012522, Vel=0.00010820]Epoch 1/200 [TRAIN]:  28%|██▊       | 1145/4032 [01:55<05:10,  9.29it/s, Loss=0.012738, Pos=0.012522, Vel=0.00010820]Epoch 1/200 [TRAIN]:  28%|██▊       | 1145/4032 [01:55<05:10,  9.29it/s, Loss=0.012738, Pos=0.012521, Vel=0.00010825]Epoch 1/200 [TRAIN]:  28%|██▊       | 1146/4032 [01:55<05:11,  9.28it/s, Loss=0.012738, Pos=0.012521, Vel=0.00010825]Epoch 1/200 [TRAIN]:  28%|██▊       | 1146/4032 [01:55<05:11,  9.28it/s, Loss=0.012730, Pos=0.012514, Vel=0.00010819]Epoch 1/200 [TRAIN]:  28%|██▊       | 1147/4032 [01:55<05:07,  9.39it/s, Loss=0.012730, Pos=0.012514, Vel=0.00010819]Epoch 1/200 [TRAIN]:  28%|██▊       | 1147/4032 [01:55<05:07,  9.39it/s, Loss=0.012725, Pos=0.012509, Vel=0.00010814]Epoch 1/200 [TRAIN]:  28%|██▊       | 1148/4032 [01:55<05:15,  9.14it/s, Loss=0.012725, Pos=0.012509, Vel=0.00010814]Epoch 1/200 [TRAIN]:  28%|██▊       | 1148/4032 [01:55<05:15,  9.14it/s, Loss=0.012721, Pos=0.012504, Vel=0.00010809]Epoch 1/200 [TRAIN]:  28%|██▊       | 1148/4032 [01:55<05:15,  9.14it/s, Loss=0.012733, Pos=0.012517, Vel=0.00010809]Epoch 1/200 [TRAIN]:  29%|██▊       | 1150/4032 [01:55<04:22, 10.98it/s, Loss=0.012733, Pos=0.012517, Vel=0.00010809]Epoch 1/200 [TRAIN]:  29%|██▊       | 1150/4032 [01:55<04:22, 10.98it/s, Loss=0.012729, Pos=0.012513, Vel=0.00010812]Epoch 1/200 [TRAIN]:  29%|██▊       | 1150/4032 [01:55<04:22, 10.98it/s, Loss=0.012724, Pos=0.012508, Vel=0.00010807]Epoch 1/200 [TRAIN]:  29%|██▊       | 1152/4032 [01:55<04:39, 10.31it/s, Loss=0.012724, Pos=0.012508, Vel=0.00010807]Epoch 1/200 [TRAIN]:  29%|██▊       | 1152/4032 [01:55<04:39, 10.31it/s, Loss=0.012722, Pos=0.012506, Vel=0.00010803]Epoch 1/200 [TRAIN]:  29%|██▊       | 1152/4032 [01:56<04:39, 10.31it/s, Loss=0.012716, Pos=0.012500, Vel=0.00010800]Epoch 1/200 [TRAIN]:  29%|██▊       | 1154/4032 [01:56<04:48,  9.98it/s, Loss=0.012716, Pos=0.012500, Vel=0.00010800]Epoch 1/200 [TRAIN]:  29%|██▊       | 1154/4032 [01:56<04:48,  9.98it/s, Loss=0.012708, Pos=0.012492, Vel=0.00010796]Epoch 1/200 [TRAIN]:  29%|██▊       | 1154/4032 [01:56<04:48,  9.98it/s, Loss=0.012705, Pos=0.012489, Vel=0.00010791]Epoch 1/200 [TRAIN]:  29%|██▊       | 1156/4032 [01:56<04:54,  9.77it/s, Loss=0.012705, Pos=0.012489, Vel=0.00010791]Epoch 1/200 [TRAIN]:  29%|██▊       | 1156/4032 [01:56<04:54,  9.77it/s, Loss=0.012705, Pos=0.012489, Vel=0.00010786]Epoch 1/200 [TRAIN]:  29%|██▊       | 1157/4032 [01:56<04:56,  9.69it/s, Loss=0.012705, Pos=0.012489, Vel=0.00010786]Epoch 1/200 [TRAIN]:  29%|██▊       | 1157/4032 [01:56<04:56,  9.69it/s, Loss=0.012695, Pos=0.012479, Vel=0.00010781]Epoch 1/200 [TRAIN]:  29%|██▊       | 1158/4032 [01:56<04:59,  9.60it/s, Loss=0.012695, Pos=0.012479, Vel=0.00010781]Epoch 1/200 [TRAIN]:  29%|██▊       | 1158/4032 [01:56<04:59,  9.60it/s, Loss=0.012686, Pos=0.012470, Vel=0.00010777]Epoch 1/200 [TRAIN]:  29%|██▊       | 1159/4032 [01:56<05:02,  9.49it/s, Loss=0.012686, Pos=0.012470, Vel=0.00010777]Epoch 1/200 [TRAIN]:  29%|██▊       | 1159/4032 [01:56<05:02,  9.49it/s, Loss=0.012677, Pos=0.012461, Vel=0.00010772]Epoch 1/200 [TRAIN]:  29%|██▉       | 1160/4032 [01:56<05:09,  9.27it/s, Loss=0.012677, Pos=0.012461, Vel=0.00010772]Epoch 1/200 [TRAIN]:  29%|██▉       | 1160/4032 [01:56<05:09,  9.27it/s, Loss=0.012679, Pos=0.012463, Vel=0.00010770]Epoch 1/200 [TRAIN]:  29%|██▉       | 1160/4032 [01:56<05:09,  9.27it/s, Loss=0.012671, Pos=0.012456, Vel=0.00010764]Epoch 1/200 [TRAIN]:  29%|██▉       | 1162/4032 [01:56<04:55,  9.72it/s, Loss=0.012671, Pos=0.012456, Vel=0.00010764]Epoch 1/200 [TRAIN]:  29%|██▉       | 1162/4032 [01:56<04:55,  9.72it/s, Loss=0.012681, Pos=0.012466, Vel=0.00010765]Epoch 1/200 [TRAIN]:  29%|██▉       | 1163/4032 [01:56<05:02,  9.50it/s, Loss=0.012681, Pos=0.012466, Vel=0.00010765]Epoch 1/200 [TRAIN]:  29%|██▉       | 1163/4032 [01:57<05:02,  9.50it/s, Loss=0.012678, Pos=0.012463, Vel=0.00010760]Epoch 1/200 [TRAIN]:  29%|██▉       | 1164/4032 [01:57<04:59,  9.59it/s, Loss=0.012678, Pos=0.012463, Vel=0.00010760]Epoch 1/200 [TRAIN]:  29%|██▉       | 1164/4032 [01:57<04:59,  9.59it/s, Loss=0.012672, Pos=0.012457, Vel=0.00010755]Epoch 1/200 [TRAIN]:  29%|██▉       | 1165/4032 [01:57<05:02,  9.48it/s, Loss=0.012672, Pos=0.012457, Vel=0.00010755]Epoch 1/200 [TRAIN]:  29%|██▉       | 1165/4032 [01:57<05:02,  9.48it/s, Loss=0.012664, Pos=0.012449, Vel=0.00010754]Epoch 1/200 [TRAIN]:  29%|██▉       | 1166/4032 [01:57<05:03,  9.45it/s, Loss=0.012664, Pos=0.012449, Vel=0.00010754]Epoch 1/200 [TRAIN]:  29%|██▉       | 1166/4032 [01:57<05:03,  9.45it/s, Loss=0.012725, Pos=0.012509, Vel=0.00010754]Epoch 1/200 [TRAIN]:  29%|██▉       | 1166/4032 [01:57<05:03,  9.45it/s, Loss=0.012728, Pos=0.012513, Vel=0.00010751]Epoch 1/200 [TRAIN]:  29%|██▉       | 1168/4032 [01:57<04:07, 11.56it/s, Loss=0.012728, Pos=0.012513, Vel=0.00010751]Epoch 1/200 [TRAIN]:  29%|██▉       | 1168/4032 [01:57<04:07, 11.56it/s, Loss=0.012718, Pos=0.012503, Vel=0.00010745]Epoch 1/200 [TRAIN]:  29%|██▉       | 1168/4032 [01:57<04:07, 11.56it/s, Loss=0.012713, Pos=0.012498, Vel=0.00010740]Epoch 1/200 [TRAIN]:  29%|██▉       | 1170/4032 [01:57<04:37, 10.30it/s, Loss=0.012713, Pos=0.012498, Vel=0.00010740]Epoch 1/200 [TRAIN]:  29%|██▉       | 1170/4032 [01:57<04:37, 10.30it/s, Loss=0.012712, Pos=0.012497, Vel=0.00010748]Epoch 1/200 [TRAIN]:  29%|██▉       | 1170/4032 [01:57<04:37, 10.30it/s, Loss=0.012727, Pos=0.012512, Vel=0.00010751]Epoch 1/200 [TRAIN]:  29%|██▉       | 1172/4032 [01:57<04:59,  9.54it/s, Loss=0.012727, Pos=0.012512, Vel=0.00010751]Epoch 1/200 [TRAIN]:  29%|██▉       | 1172/4032 [01:57<04:59,  9.54it/s, Loss=0.012717, Pos=0.012502, Vel=0.00010746]Epoch 1/200 [TRAIN]:  29%|██▉       | 1173/4032 [01:57<04:57,  9.60it/s, Loss=0.012717, Pos=0.012502, Vel=0.00010746]Epoch 1/200 [TRAIN]:  29%|██▉       | 1173/4032 [01:58<04:57,  9.60it/s, Loss=0.012717, Pos=0.012502, Vel=0.00010741]Epoch 1/200 [TRAIN]:  29%|██▉       | 1174/4032 [01:58<05:02,  9.44it/s, Loss=0.012717, Pos=0.012502, Vel=0.00010741]Epoch 1/200 [TRAIN]:  29%|██▉       | 1174/4032 [01:58<05:02,  9.44it/s, Loss=0.012715, Pos=0.012500, Vel=0.00010737]Epoch 1/200 [TRAIN]:  29%|██▉       | 1175/4032 [01:58<05:06,  9.33it/s, Loss=0.012715, Pos=0.012500, Vel=0.00010737]Epoch 1/200 [TRAIN]:  29%|██▉       | 1175/4032 [01:58<05:06,  9.33it/s, Loss=0.012715, Pos=0.012500, Vel=0.00010738]Epoch 1/200 [TRAIN]:  29%|██▉       | 1176/4032 [01:58<05:09,  9.24it/s, Loss=0.012715, Pos=0.012500, Vel=0.00010738]Epoch 1/200 [TRAIN]:  29%|██▉       | 1176/4032 [01:58<05:09,  9.24it/s, Loss=0.012707, Pos=0.012492, Vel=0.00010733]Epoch 1/200 [TRAIN]:  29%|██▉       | 1177/4032 [01:58<05:13,  9.12it/s, Loss=0.012707, Pos=0.012492, Vel=0.00010733]Epoch 1/200 [TRAIN]:  29%|██▉       | 1177/4032 [01:58<05:13,  9.12it/s, Loss=0.012728, Pos=0.012513, Vel=0.00010728]Epoch 1/200 [TRAIN]:  29%|██▉       | 1178/4032 [01:58<05:21,  8.89it/s, Loss=0.012728, Pos=0.012513, Vel=0.00010728]Epoch 1/200 [TRAIN]:  29%|██▉       | 1178/4032 [01:58<05:21,  8.89it/s, Loss=0.012723, Pos=0.012508, Vel=0.00010725]Epoch 1/200 [TRAIN]:  29%|██▉       | 1178/4032 [01:58<05:21,  8.89it/s, Loss=0.012715, Pos=0.012501, Vel=0.00010719]Epoch 1/200 [TRAIN]:  29%|██▉       | 1180/4032 [01:58<05:10,  9.19it/s, Loss=0.012715, Pos=0.012501, Vel=0.00010719]Epoch 1/200 [TRAIN]:  29%|██▉       | 1180/4032 [01:58<05:10,  9.19it/s, Loss=0.012727, Pos=0.012513, Vel=0.00010722]Epoch 1/200 [TRAIN]:  29%|██▉       | 1181/4032 [01:58<05:10,  9.19it/s, Loss=0.012727, Pos=0.012513, Vel=0.00010722]Epoch 1/200 [TRAIN]:  29%|██▉       | 1181/4032 [01:58<05:10,  9.19it/s, Loss=0.012725, Pos=0.012511, Vel=0.00010717]Epoch 1/200 [TRAIN]:  29%|██▉       | 1182/4032 [01:58<05:06,  9.31it/s, Loss=0.012725, Pos=0.012511, Vel=0.00010717]Epoch 1/200 [TRAIN]:  29%|██▉       | 1182/4032 [01:59<05:06,  9.31it/s, Loss=0.012717, Pos=0.012503, Vel=0.00010721]Epoch 1/200 [TRAIN]:  29%|██▉       | 1183/4032 [01:59<05:07,  9.26it/s, Loss=0.012717, Pos=0.012503, Vel=0.00010721]Epoch 1/200 [TRAIN]:  29%|██▉       | 1183/4032 [01:59<05:07,  9.26it/s, Loss=0.012715, Pos=0.012501, Vel=0.00010718]Epoch 1/200 [TRAIN]:  29%|██▉       | 1184/4032 [01:59<05:04,  9.34it/s, Loss=0.012715, Pos=0.012501, Vel=0.00010718]Epoch 1/200 [TRAIN]:  29%|██▉       | 1184/4032 [01:59<05:04,  9.34it/s, Loss=0.012717, Pos=0.012503, Vel=0.00010713]Epoch 1/200 [TRAIN]:  29%|██▉       | 1185/4032 [01:59<05:10,  9.16it/s, Loss=0.012717, Pos=0.012503, Vel=0.00010713]Epoch 1/200 [TRAIN]:  29%|██▉       | 1185/4032 [01:59<05:10,  9.16it/s, Loss=0.012719, Pos=0.012504, Vel=0.00010712]Epoch 1/200 [TRAIN]:  29%|██▉       | 1185/4032 [01:59<05:10,  9.16it/s, Loss=0.012712, Pos=0.012498, Vel=0.00010706]Epoch 1/200 [TRAIN]:  29%|██▉       | 1187/4032 [01:59<04:14, 11.16it/s, Loss=0.012712, Pos=0.012498, Vel=0.00010706]Epoch 1/200 [TRAIN]:  29%|██▉       | 1187/4032 [01:59<04:14, 11.16it/s, Loss=0.012712, Pos=0.012498, Vel=0.00010717]Epoch 1/200 [TRAIN]:  29%|██▉       | 1187/4032 [01:59<04:14, 11.16it/s, Loss=0.012733, Pos=0.012519, Vel=0.00010716]Epoch 1/200 [TRAIN]:  29%|██▉       | 1189/4032 [01:59<04:39, 10.18it/s, Loss=0.012733, Pos=0.012519, Vel=0.00010716]Epoch 1/200 [TRAIN]:  29%|██▉       | 1189/4032 [01:59<04:39, 10.18it/s, Loss=0.012734, Pos=0.012519, Vel=0.00010715]Epoch 1/200 [TRAIN]:  29%|██▉       | 1189/4032 [01:59<04:39, 10.18it/s, Loss=0.012727, Pos=0.012512, Vel=0.00010716]Epoch 1/200 [TRAIN]:  30%|██▉       | 1191/4032 [01:59<04:49,  9.82it/s, Loss=0.012727, Pos=0.012512, Vel=0.00010716]Epoch 1/200 [TRAIN]:  30%|██▉       | 1191/4032 [01:59<04:49,  9.82it/s, Loss=0.012722, Pos=0.012507, Vel=0.00010730]Epoch 1/200 [TRAIN]:  30%|██▉       | 1191/4032 [02:00<04:49,  9.82it/s, Loss=0.012714, Pos=0.012499, Vel=0.00010726]Epoch 1/200 [TRAIN]:  30%|██▉       | 1193/4032 [02:00<04:37, 10.23it/s, Loss=0.012714, Pos=0.012499, Vel=0.00010726]Epoch 1/200 [TRAIN]:  30%|██▉       | 1193/4032 [02:00<04:37, 10.23it/s, Loss=0.012712, Pos=0.012498, Vel=0.00010724]Epoch 1/200 [TRAIN]:  30%|██▉       | 1193/4032 [02:00<04:37, 10.23it/s, Loss=0.012719, Pos=0.012505, Vel=0.00010719]Epoch 1/200 [TRAIN]:  30%|██▉       | 1195/4032 [02:00<04:25, 10.67it/s, Loss=0.012719, Pos=0.012505, Vel=0.00010719]Epoch 1/200 [TRAIN]:  30%|██▉       | 1195/4032 [02:00<04:25, 10.67it/s, Loss=0.012713, Pos=0.012499, Vel=0.00010715]Epoch 1/200 [TRAIN]:  30%|██▉       | 1195/4032 [02:00<04:25, 10.67it/s, Loss=0.012728, Pos=0.012514, Vel=0.00010719]Epoch 1/200 [TRAIN]:  30%|██▉       | 1197/4032 [02:00<04:47,  9.87it/s, Loss=0.012728, Pos=0.012514, Vel=0.00010719]Epoch 1/200 [TRAIN]:  30%|██▉       | 1197/4032 [02:00<04:47,  9.87it/s, Loss=0.012721, Pos=0.012507, Vel=0.00010718]Epoch 1/200 [TRAIN]:  30%|██▉       | 1197/4032 [02:00<04:47,  9.87it/s, Loss=0.012715, Pos=0.012501, Vel=0.00010713]Epoch 1/200 [TRAIN]:  30%|██▉       | 1199/4032 [02:00<04:46,  9.90it/s, Loss=0.012715, Pos=0.012501, Vel=0.00010713]Epoch 1/200 [TRAIN]:  30%|██▉       | 1199/4032 [02:00<04:46,  9.90it/s, Loss=0.012711, Pos=0.012497, Vel=0.00010708]Epoch 1/200 [TRAIN]:  30%|██▉       | 1199/4032 [02:00<04:46,  9.90it/s, Loss=0.012706, Pos=0.012492, Vel=0.00010702]Epoch 1/200 [TRAIN]:  30%|██▉       | 1201/4032 [02:00<04:59,  9.44it/s, Loss=0.012706, Pos=0.012492, Vel=0.00010702]Epoch 1/200 [TRAIN]:  30%|██▉       | 1201/4032 [02:00<04:59,  9.44it/s, Loss=0.012734, Pos=0.012520, Vel=0.00010702]Epoch 1/200 [TRAIN]:  30%|██▉       | 1201/4032 [02:01<04:59,  9.44it/s, Loss=0.012726, Pos=0.012513, Vel=0.00010696]Epoch 1/200 [TRAIN]:  30%|██▉       | 1203/4032 [02:01<04:53,  9.65it/s, Loss=0.012726, Pos=0.012513, Vel=0.00010696]Epoch 1/200 [TRAIN]:  30%|██▉       | 1203/4032 [02:01<04:53,  9.65it/s, Loss=0.012722, Pos=0.012508, Vel=0.00010696]Epoch 1/200 [TRAIN]:  30%|██▉       | 1204/4032 [02:01<04:52,  9.65it/s, Loss=0.012722, Pos=0.012508, Vel=0.00010696]Epoch 1/200 [TRAIN]:  30%|██▉       | 1204/4032 [02:01<04:52,  9.65it/s, Loss=0.012713, Pos=0.012499, Vel=0.00010695]Epoch 1/200 [TRAIN]:  30%|██▉       | 1205/4032 [02:01<05:01,  9.39it/s, Loss=0.012713, Pos=0.012499, Vel=0.00010695]Epoch 1/200 [TRAIN]:  30%|██▉       | 1205/4032 [02:01<05:01,  9.39it/s, Loss=0.012713, Pos=0.012499, Vel=0.00010690]Epoch 1/200 [TRAIN]:  30%|██▉       | 1205/4032 [02:01<05:01,  9.39it/s, Loss=0.012704, Pos=0.012490, Vel=0.00010684]Epoch 1/200 [TRAIN]:  30%|██▉       | 1207/4032 [02:01<04:17, 10.98it/s, Loss=0.012704, Pos=0.012490, Vel=0.00010684]Epoch 1/200 [TRAIN]:  30%|██▉       | 1207/4032 [02:01<04:17, 10.98it/s, Loss=0.012700, Pos=0.012487, Vel=0.00010679]Epoch 1/200 [TRAIN]:  30%|██▉       | 1207/4032 [02:01<04:17, 10.98it/s, Loss=0.012700, Pos=0.012486, Vel=0.00010674]Epoch 1/200 [TRAIN]:  30%|██▉       | 1209/4032 [02:01<04:33, 10.33it/s, Loss=0.012700, Pos=0.012486, Vel=0.00010674]Epoch 1/200 [TRAIN]:  30%|██▉       | 1209/4032 [02:01<04:33, 10.33it/s, Loss=0.012701, Pos=0.012488, Vel=0.00010673]Epoch 1/200 [TRAIN]:  30%|██▉       | 1209/4032 [02:01<04:33, 10.33it/s, Loss=0.012703, Pos=0.012490, Vel=0.00010667]Epoch 1/200 [TRAIN]:  30%|███       | 1211/4032 [02:01<04:36, 10.19it/s, Loss=0.012703, Pos=0.012490, Vel=0.00010667]Epoch 1/200 [TRAIN]:  30%|███       | 1211/4032 [02:01<04:36, 10.19it/s, Loss=0.012707, Pos=0.012494, Vel=0.00010663]Epoch 1/200 [TRAIN]:  30%|███       | 1211/4032 [02:02<04:36, 10.19it/s, Loss=0.012702, Pos=0.012488, Vel=0.00010658]Epoch 1/200 [TRAIN]:  30%|███       | 1213/4032 [02:02<04:37, 10.15it/s, Loss=0.012702, Pos=0.012488, Vel=0.00010658]Epoch 1/200 [TRAIN]:  30%|███       | 1213/4032 [02:02<04:37, 10.15it/s, Loss=0.012695, Pos=0.012482, Vel=0.00010653]Epoch 1/200 [TRAIN]:  30%|███       | 1213/4032 [02:02<04:37, 10.15it/s, Loss=0.012689, Pos=0.012476, Vel=0.00010649]Epoch 1/200 [TRAIN]:  30%|███       | 1215/4032 [02:02<04:42,  9.98it/s, Loss=0.012689, Pos=0.012476, Vel=0.00010649]Epoch 1/200 [TRAIN]:  30%|███       | 1215/4032 [02:02<04:42,  9.98it/s, Loss=0.012698, Pos=0.012485, Vel=0.00010647]Epoch 1/200 [TRAIN]:  30%|███       | 1215/4032 [02:02<04:42,  9.98it/s, Loss=0.012692, Pos=0.012479, Vel=0.00010643]Epoch 1/200 [TRAIN]:  30%|███       | 1217/4032 [02:02<04:43,  9.95it/s, Loss=0.012692, Pos=0.012479, Vel=0.00010643]Epoch 1/200 [TRAIN]:  30%|███       | 1217/4032 [02:02<04:43,  9.95it/s, Loss=0.012687, Pos=0.012474, Vel=0.00010645]Epoch 1/200 [TRAIN]:  30%|███       | 1217/4032 [02:02<04:43,  9.95it/s, Loss=0.012708, Pos=0.012495, Vel=0.00010648]Epoch 1/200 [TRAIN]:  30%|███       | 1219/4032 [02:02<04:41,  9.98it/s, Loss=0.012708, Pos=0.012495, Vel=0.00010648]Epoch 1/200 [TRAIN]:  30%|███       | 1219/4032 [02:02<04:41,  9.98it/s, Loss=0.012722, Pos=0.012509, Vel=0.00010666]Epoch 1/200 [TRAIN]:  30%|███       | 1219/4032 [02:02<04:41,  9.98it/s, Loss=0.012714, Pos=0.012501, Vel=0.00010663]Epoch 1/200 [TRAIN]:  30%|███       | 1221/4032 [02:02<04:48,  9.76it/s, Loss=0.012714, Pos=0.012501, Vel=0.00010663]Epoch 1/200 [TRAIN]:  30%|███       | 1221/4032 [02:02<04:48,  9.76it/s, Loss=0.012719, Pos=0.012506, Vel=0.00010663]Epoch 1/200 [TRAIN]:  30%|███       | 1222/4032 [02:02<04:47,  9.77it/s, Loss=0.012719, Pos=0.012506, Vel=0.00010663]Epoch 1/200 [TRAIN]:  30%|███       | 1222/4032 [02:03<04:47,  9.77it/s, Loss=0.012715, Pos=0.012502, Vel=0.00010663]Epoch 1/200 [TRAIN]:  30%|███       | 1223/4032 [02:03<04:47,  9.77it/s, Loss=0.012715, Pos=0.012502, Vel=0.00010663]Epoch 1/200 [TRAIN]:  30%|███       | 1223/4032 [02:03<04:47,  9.77it/s, Loss=0.012712, Pos=0.012499, Vel=0.00010657]Epoch 1/200 [TRAIN]:  30%|███       | 1223/4032 [02:03<04:47,  9.77it/s, Loss=0.012705, Pos=0.012492, Vel=0.00010653]Epoch 1/200 [TRAIN]:  30%|███       | 1225/4032 [02:03<04:45,  9.83it/s, Loss=0.012705, Pos=0.012492, Vel=0.00010653]Epoch 1/200 [TRAIN]:  30%|███       | 1225/4032 [02:03<04:45,  9.83it/s, Loss=0.012697, Pos=0.012484, Vel=0.00010649]Epoch 1/200 [TRAIN]:  30%|███       | 1226/4032 [02:03<04:56,  9.47it/s, Loss=0.012697, Pos=0.012484, Vel=0.00010649]Epoch 1/200 [TRAIN]:  30%|███       | 1226/4032 [02:03<04:56,  9.47it/s, Loss=0.012696, Pos=0.012483, Vel=0.00010649]Epoch 1/200 [TRAIN]:  30%|███       | 1227/4032 [02:03<04:53,  9.56it/s, Loss=0.012696, Pos=0.012483, Vel=0.00010649]Epoch 1/200 [TRAIN]:  30%|███       | 1227/4032 [02:03<04:53,  9.56it/s, Loss=0.012701, Pos=0.012488, Vel=0.00010647]Epoch 1/200 [TRAIN]:  30%|███       | 1228/4032 [02:03<04:51,  9.62it/s, Loss=0.012701, Pos=0.012488, Vel=0.00010647]Epoch 1/200 [TRAIN]:  30%|███       | 1228/4032 [02:03<04:51,  9.62it/s, Loss=0.012699, Pos=0.012486, Vel=0.00010644]Epoch 1/200 [TRAIN]:  30%|███       | 1228/4032 [02:03<04:51,  9.62it/s, Loss=0.012695, Pos=0.012482, Vel=0.00010640]Epoch 1/200 [TRAIN]:  31%|███       | 1230/4032 [02:03<04:15, 10.96it/s, Loss=0.012695, Pos=0.012482, Vel=0.00010640]Epoch 1/200 [TRAIN]:  31%|███       | 1230/4032 [02:03<04:15, 10.96it/s, Loss=0.012693, Pos=0.012480, Vel=0.00010635]Epoch 1/200 [TRAIN]:  31%|███       | 1230/4032 [02:03<04:15, 10.96it/s, Loss=0.012693, Pos=0.012481, Vel=0.00010633]Epoch 1/200 [TRAIN]:  31%|███       | 1232/4032 [02:03<04:26, 10.52it/s, Loss=0.012693, Pos=0.012481, Vel=0.00010633]Epoch 1/200 [TRAIN]:  31%|███       | 1232/4032 [02:04<04:26, 10.52it/s, Loss=0.012692, Pos=0.012479, Vel=0.00010628]Epoch 1/200 [TRAIN]:  31%|███       | 1232/4032 [02:04<04:26, 10.52it/s, Loss=0.012690, Pos=0.012477, Vel=0.00010631]Epoch 1/200 [TRAIN]:  31%|███       | 1234/4032 [02:04<04:43,  9.87it/s, Loss=0.012690, Pos=0.012477, Vel=0.00010631]Epoch 1/200 [TRAIN]:  31%|███       | 1234/4032 [02:04<04:43,  9.87it/s, Loss=0.012693, Pos=0.012481, Vel=0.00010625]Epoch 1/200 [TRAIN]:  31%|███       | 1234/4032 [02:04<04:43,  9.87it/s, Loss=0.012685, Pos=0.012473, Vel=0.00010622]Epoch 1/200 [TRAIN]:  31%|███       | 1236/4032 [02:04<04:17, 10.84it/s, Loss=0.012685, Pos=0.012473, Vel=0.00010622]Epoch 1/200 [TRAIN]:  31%|███       | 1236/4032 [02:04<04:17, 10.84it/s, Loss=0.012677, Pos=0.012464, Vel=0.00010618]Epoch 1/200 [TRAIN]:  31%|███       | 1236/4032 [02:04<04:17, 10.84it/s, Loss=0.012729, Pos=0.012517, Vel=0.00010616]Epoch 1/200 [TRAIN]:  31%|███       | 1238/4032 [02:04<04:26, 10.48it/s, Loss=0.012729, Pos=0.012517, Vel=0.00010616]Epoch 1/200 [TRAIN]:  31%|███       | 1238/4032 [02:04<04:26, 10.48it/s, Loss=0.012738, Pos=0.012526, Vel=0.00010621]Epoch 1/200 [TRAIN]:  31%|███       | 1238/4032 [02:04<04:26, 10.48it/s, Loss=0.012731, Pos=0.012518, Vel=0.00010616]Epoch 1/200 [TRAIN]:  31%|███       | 1240/4032 [02:04<04:37, 10.06it/s, Loss=0.012731, Pos=0.012518, Vel=0.00010616]Epoch 1/200 [TRAIN]:  31%|███       | 1240/4032 [02:04<04:37, 10.06it/s, Loss=0.012725, Pos=0.012512, Vel=0.00010612]Epoch 1/200 [TRAIN]:  31%|███       | 1240/4032 [02:04<04:37, 10.06it/s, Loss=0.012718, Pos=0.012506, Vel=0.00010609]Epoch 1/200 [TRAIN]:  31%|███       | 1242/4032 [02:04<04:42,  9.87it/s, Loss=0.012718, Pos=0.012506, Vel=0.00010609]Epoch 1/200 [TRAIN]:  31%|███       | 1242/4032 [02:05<04:42,  9.87it/s, Loss=0.012712, Pos=0.012500, Vel=0.00010605]Epoch 1/200 [TRAIN]:  31%|███       | 1242/4032 [02:05<04:42,  9.87it/s, Loss=0.012706, Pos=0.012494, Vel=0.00010599]Epoch 1/200 [TRAIN]:  31%|███       | 1244/4032 [02:05<04:47,  9.71it/s, Loss=0.012706, Pos=0.012494, Vel=0.00010599]Epoch 1/200 [TRAIN]:  31%|███       | 1244/4032 [02:05<04:47,  9.71it/s, Loss=0.012696, Pos=0.012485, Vel=0.00010595]Epoch 1/200 [TRAIN]:  31%|███       | 1245/4032 [02:05<04:53,  9.49it/s, Loss=0.012696, Pos=0.012485, Vel=0.00010595]Epoch 1/200 [TRAIN]:  31%|███       | 1245/4032 [02:05<04:53,  9.49it/s, Loss=0.012688, Pos=0.012477, Vel=0.00010593]Epoch 1/200 [TRAIN]:  31%|███       | 1245/4032 [02:05<04:53,  9.49it/s, Loss=0.012691, Pos=0.012479, Vel=0.00010590]Epoch 1/200 [TRAIN]:  31%|███       | 1247/4032 [02:05<04:49,  9.61it/s, Loss=0.012691, Pos=0.012479, Vel=0.00010590]Epoch 1/200 [TRAIN]:  31%|███       | 1247/4032 [02:05<04:49,  9.61it/s, Loss=0.012689, Pos=0.012477, Vel=0.00010588]Epoch 1/200 [TRAIN]:  31%|███       | 1248/4032 [02:05<04:53,  9.48it/s, Loss=0.012689, Pos=0.012477, Vel=0.00010588]Epoch 1/200 [TRAIN]:  31%|███       | 1248/4032 [02:05<04:53,  9.48it/s, Loss=0.012689, Pos=0.012478, Vel=0.00010588]Epoch 1/200 [TRAIN]:  31%|███       | 1249/4032 [02:05<04:55,  9.42it/s, Loss=0.012689, Pos=0.012478, Vel=0.00010588]Epoch 1/200 [TRAIN]:  31%|███       | 1249/4032 [02:05<04:55,  9.42it/s, Loss=0.012698, Pos=0.012487, Vel=0.00010585]Epoch 1/200 [TRAIN]:  31%|███       | 1250/4032 [02:05<04:59,  9.30it/s, Loss=0.012698, Pos=0.012487, Vel=0.00010585]Epoch 1/200 [TRAIN]:  31%|███       | 1250/4032 [02:05<04:59,  9.30it/s, Loss=0.012691, Pos=0.012480, Vel=0.00010582]Epoch 1/200 [TRAIN]:  31%|███       | 1251/4032 [02:05<05:03,  9.17it/s, Loss=0.012691, Pos=0.012480, Vel=0.00010582]Epoch 1/200 [TRAIN]:  31%|███       | 1251/4032 [02:06<05:03,  9.17it/s, Loss=0.012683, Pos=0.012472, Vel=0.00010576]Epoch 1/200 [TRAIN]:  31%|███       | 1252/4032 [02:06<05:05,  9.11it/s, Loss=0.012683, Pos=0.012472, Vel=0.00010576]Epoch 1/200 [TRAIN]:  31%|███       | 1252/4032 [02:06<05:05,  9.11it/s, Loss=0.012680, Pos=0.012469, Vel=0.00010570]Epoch 1/200 [TRAIN]:  31%|███       | 1253/4032 [02:06<05:04,  9.13it/s, Loss=0.012680, Pos=0.012469, Vel=0.00010570]Epoch 1/200 [TRAIN]:  31%|███       | 1253/4032 [02:06<05:04,  9.13it/s, Loss=0.012673, Pos=0.012462, Vel=0.00010566]Epoch 1/200 [TRAIN]:  31%|███       | 1254/4032 [02:06<05:05,  9.08it/s, Loss=0.012673, Pos=0.012462, Vel=0.00010566]Epoch 1/200 [TRAIN]:  31%|███       | 1254/4032 [02:06<05:05,  9.08it/s, Loss=0.012668, Pos=0.012457, Vel=0.00010563]Epoch 1/200 [TRAIN]:  31%|███       | 1255/4032 [02:06<05:05,  9.08it/s, Loss=0.012668, Pos=0.012457, Vel=0.00010563]Epoch 1/200 [TRAIN]:  31%|███       | 1255/4032 [02:06<05:05,  9.08it/s, Loss=0.012674, Pos=0.012462, Vel=0.00010565]Epoch 1/200 [TRAIN]:  31%|███       | 1256/4032 [02:06<05:09,  8.96it/s, Loss=0.012674, Pos=0.012462, Vel=0.00010565]Epoch 1/200 [TRAIN]:  31%|███       | 1256/4032 [02:06<05:09,  8.96it/s, Loss=0.012674, Pos=0.012462, Vel=0.00010574]Epoch 1/200 [TRAIN]:  31%|███       | 1257/4032 [02:06<05:04,  9.13it/s, Loss=0.012674, Pos=0.012462, Vel=0.00010574]Epoch 1/200 [TRAIN]:  31%|███       | 1257/4032 [02:06<05:04,  9.13it/s, Loss=0.012675, Pos=0.012464, Vel=0.00010575]Epoch 1/200 [TRAIN]:  31%|███       | 1258/4032 [02:06<05:03,  9.15it/s, Loss=0.012675, Pos=0.012464, Vel=0.00010575]Epoch 1/200 [TRAIN]:  31%|███       | 1258/4032 [02:06<05:03,  9.15it/s, Loss=0.012672, Pos=0.012461, Vel=0.00010570]Epoch 1/200 [TRAIN]:  31%|███       | 1259/4032 [02:06<05:12,  8.88it/s, Loss=0.012672, Pos=0.012461, Vel=0.00010570]Epoch 1/200 [TRAIN]:  31%|███       | 1259/4032 [02:06<05:12,  8.88it/s, Loss=0.012666, Pos=0.012455, Vel=0.00010565]Epoch 1/200 [TRAIN]:  31%|███       | 1259/4032 [02:07<05:12,  8.88it/s, Loss=0.012665, Pos=0.012453, Vel=0.00010561]Epoch 1/200 [TRAIN]:  31%|███▏      | 1261/4032 [02:07<04:39,  9.91it/s, Loss=0.012665, Pos=0.012453, Vel=0.00010561]Epoch 1/200 [TRAIN]:  31%|███▏      | 1261/4032 [02:07<04:39,  9.91it/s, Loss=0.012658, Pos=0.012447, Vel=0.00010561]Epoch 1/200 [TRAIN]:  31%|███▏      | 1262/4032 [02:07<04:55,  9.38it/s, Loss=0.012658, Pos=0.012447, Vel=0.00010561]Epoch 1/200 [TRAIN]:  31%|███▏      | 1262/4032 [02:07<04:55,  9.38it/s, Loss=0.012651, Pos=0.012440, Vel=0.00010561]Epoch 1/200 [TRAIN]:  31%|███▏      | 1263/4032 [02:07<04:52,  9.48it/s, Loss=0.012651, Pos=0.012440, Vel=0.00010561]Epoch 1/200 [TRAIN]:  31%|███▏      | 1263/4032 [02:07<04:52,  9.48it/s, Loss=0.012656, Pos=0.012445, Vel=0.00010563]Epoch 1/200 [TRAIN]:  31%|███▏      | 1264/4032 [02:07<04:58,  9.26it/s, Loss=0.012656, Pos=0.012445, Vel=0.00010563]Epoch 1/200 [TRAIN]:  31%|███▏      | 1264/4032 [02:07<04:58,  9.26it/s, Loss=0.012651, Pos=0.012440, Vel=0.00010561]Epoch 1/200 [TRAIN]:  31%|███▏      | 1265/4032 [02:07<05:04,  9.10it/s, Loss=0.012651, Pos=0.012440, Vel=0.00010561]Epoch 1/200 [TRAIN]:  31%|███▏      | 1265/4032 [02:07<05:04,  9.10it/s, Loss=0.012660, Pos=0.012449, Vel=0.00010560]Epoch 1/200 [TRAIN]:  31%|███▏      | 1266/4032 [02:07<05:13,  8.82it/s, Loss=0.012660, Pos=0.012449, Vel=0.00010560]Epoch 1/200 [TRAIN]:  31%|███▏      | 1266/4032 [02:07<05:13,  8.82it/s, Loss=0.012656, Pos=0.012445, Vel=0.00010556]Epoch 1/200 [TRAIN]:  31%|███▏      | 1267/4032 [02:07<05:04,  9.08it/s, Loss=0.012656, Pos=0.012445, Vel=0.00010556]Epoch 1/200 [TRAIN]:  31%|███▏      | 1267/4032 [02:07<05:04,  9.08it/s, Loss=0.012649, Pos=0.012438, Vel=0.00010552]Epoch 1/200 [TRAIN]:  31%|███▏      | 1268/4032 [02:07<05:07,  8.99it/s, Loss=0.012649, Pos=0.012438, Vel=0.00010552]Epoch 1/200 [TRAIN]:  31%|███▏      | 1268/4032 [02:07<05:07,  8.99it/s, Loss=0.012650, Pos=0.012439, Vel=0.00010548]Epoch 1/200 [TRAIN]:  31%|███▏      | 1268/4032 [02:07<05:07,  8.99it/s, Loss=0.012649, Pos=0.012438, Vel=0.00010549]Epoch 1/200 [TRAIN]:  31%|███▏      | 1270/4032 [02:07<04:22, 10.54it/s, Loss=0.012649, Pos=0.012438, Vel=0.00010549]Epoch 1/200 [TRAIN]:  31%|███▏      | 1270/4032 [02:08<04:22, 10.54it/s, Loss=0.012651, Pos=0.012440, Vel=0.00010549]Epoch 1/200 [TRAIN]:  31%|███▏      | 1270/4032 [02:08<04:22, 10.54it/s, Loss=0.012649, Pos=0.012438, Vel=0.00010546]Epoch 1/200 [TRAIN]:  32%|███▏      | 1272/4032 [02:08<04:37,  9.95it/s, Loss=0.012649, Pos=0.012438, Vel=0.00010546]Epoch 1/200 [TRAIN]:  32%|███▏      | 1272/4032 [02:08<04:37,  9.95it/s, Loss=0.012645, Pos=0.012434, Vel=0.00010541]Epoch 1/200 [TRAIN]:  32%|███▏      | 1273/4032 [02:08<04:37,  9.93it/s, Loss=0.012645, Pos=0.012434, Vel=0.00010541]Epoch 1/200 [TRAIN]:  32%|███▏      | 1273/4032 [02:08<04:37,  9.93it/s, Loss=0.012636, Pos=0.012426, Vel=0.00010535]Epoch 1/200 [TRAIN]:  32%|███▏      | 1274/4032 [02:08<04:51,  9.45it/s, Loss=0.012636, Pos=0.012426, Vel=0.00010535]Epoch 1/200 [TRAIN]:  32%|███▏      | 1274/4032 [02:08<04:51,  9.45it/s, Loss=0.012648, Pos=0.012438, Vel=0.00010535]Epoch 1/200 [TRAIN]:  32%|███▏      | 1274/4032 [02:08<04:51,  9.45it/s, Loss=0.012641, Pos=0.012431, Vel=0.00010533]Epoch 1/200 [TRAIN]:  32%|███▏      | 1276/4032 [02:08<04:31, 10.15it/s, Loss=0.012641, Pos=0.012431, Vel=0.00010533]Epoch 1/200 [TRAIN]:  32%|███▏      | 1276/4032 [02:08<04:31, 10.15it/s, Loss=0.012648, Pos=0.012437, Vel=0.00010529]Epoch 1/200 [TRAIN]:  32%|███▏      | 1277/4032 [02:08<04:32, 10.10it/s, Loss=0.012648, Pos=0.012437, Vel=0.00010529]Epoch 1/200 [TRAIN]:  32%|███▏      | 1277/4032 [02:08<04:32, 10.10it/s, Loss=0.012642, Pos=0.012432, Vel=0.00010523]Epoch 1/200 [TRAIN]:  32%|███▏      | 1278/4032 [02:08<04:40,  9.80it/s, Loss=0.012642, Pos=0.012432, Vel=0.00010523]Epoch 1/200 [TRAIN]:  32%|███▏      | 1278/4032 [02:08<04:40,  9.80it/s, Loss=0.012665, Pos=0.012454, Vel=0.00010519]Epoch 1/200 [TRAIN]:  32%|███▏      | 1279/4032 [02:08<04:49,  9.52it/s, Loss=0.012665, Pos=0.012454, Vel=0.00010519]Epoch 1/200 [TRAIN]:  32%|███▏      | 1279/4032 [02:09<04:49,  9.52it/s, Loss=0.012666, Pos=0.012455, Vel=0.00010526]Epoch 1/200 [TRAIN]:  32%|███▏      | 1280/4032 [02:09<04:51,  9.43it/s, Loss=0.012666, Pos=0.012455, Vel=0.00010526]Epoch 1/200 [TRAIN]:  32%|███▏      | 1280/4032 [02:09<04:51,  9.43it/s, Loss=0.012659, Pos=0.012449, Vel=0.00010523]Epoch 1/200 [TRAIN]:  32%|███▏      | 1281/4032 [02:09<04:58,  9.22it/s, Loss=0.012659, Pos=0.012449, Vel=0.00010523]Epoch 1/200 [TRAIN]:  32%|███▏      | 1281/4032 [02:09<04:58,  9.22it/s, Loss=0.012692, Pos=0.012482, Vel=0.00010541]Epoch 1/200 [TRAIN]:  32%|███▏      | 1282/4032 [02:09<05:01,  9.12it/s, Loss=0.012692, Pos=0.012482, Vel=0.00010541]Epoch 1/200 [TRAIN]:  32%|███▏      | 1282/4032 [02:09<05:01,  9.12it/s, Loss=0.012736, Pos=0.012525, Vel=0.00010539]Epoch 1/200 [TRAIN]:  32%|███▏      | 1283/4032 [02:09<05:04,  9.02it/s, Loss=0.012736, Pos=0.012525, Vel=0.00010539]Epoch 1/200 [TRAIN]:  32%|███▏      | 1283/4032 [02:09<05:04,  9.02it/s, Loss=0.012731, Pos=0.012520, Vel=0.00010534]Epoch 1/200 [TRAIN]:  32%|███▏      | 1284/4032 [02:09<05:05,  9.00it/s, Loss=0.012731, Pos=0.012520, Vel=0.00010534]Epoch 1/200 [TRAIN]:  32%|███▏      | 1284/4032 [02:09<05:05,  9.00it/s, Loss=0.012725, Pos=0.012514, Vel=0.00010530]Epoch 1/200 [TRAIN]:  32%|███▏      | 1285/4032 [02:09<05:03,  9.04it/s, Loss=0.012725, Pos=0.012514, Vel=0.00010530]Epoch 1/200 [TRAIN]:  32%|███▏      | 1285/4032 [02:09<05:03,  9.04it/s, Loss=0.012736, Pos=0.012526, Vel=0.00010531]Epoch 1/200 [TRAIN]:  32%|███▏      | 1286/4032 [02:09<05:00,  9.14it/s, Loss=0.012736, Pos=0.012526, Vel=0.00010531]Epoch 1/200 [TRAIN]:  32%|███▏      | 1286/4032 [02:09<05:00,  9.14it/s, Loss=0.012728, Pos=0.012518, Vel=0.00010526]Epoch 1/200 [TRAIN]:  32%|███▏      | 1286/4032 [02:09<05:00,  9.14it/s, Loss=0.012731, Pos=0.012520, Vel=0.00010525]Epoch 1/200 [TRAIN]:  32%|███▏      | 1288/4032 [02:09<04:21, 10.50it/s, Loss=0.012731, Pos=0.012520, Vel=0.00010525]Epoch 1/200 [TRAIN]:  32%|███▏      | 1288/4032 [02:09<04:21, 10.50it/s, Loss=0.012726, Pos=0.012516, Vel=0.00010521]Epoch 1/200 [TRAIN]:  32%|███▏      | 1288/4032 [02:10<04:21, 10.50it/s, Loss=0.012723, Pos=0.012513, Vel=0.00010519]Epoch 1/200 [TRAIN]:  32%|███▏      | 1290/4032 [02:10<04:27, 10.24it/s, Loss=0.012723, Pos=0.012513, Vel=0.00010519]Epoch 1/200 [TRAIN]:  32%|███▏      | 1290/4032 [02:10<04:27, 10.24it/s, Loss=0.012715, Pos=0.012504, Vel=0.00010515]Epoch 1/200 [TRAIN]:  32%|███▏      | 1290/4032 [02:10<04:27, 10.24it/s, Loss=0.012747, Pos=0.012536, Vel=0.00010514]Epoch 1/200 [TRAIN]:  32%|███▏      | 1292/4032 [02:10<04:34,  9.99it/s, Loss=0.012747, Pos=0.012536, Vel=0.00010514]Epoch 1/200 [TRAIN]:  32%|███▏      | 1292/4032 [02:10<04:34,  9.99it/s, Loss=0.012754, Pos=0.012544, Vel=0.00010510]Epoch 1/200 [TRAIN]:  32%|███▏      | 1293/4032 [02:10<04:41,  9.72it/s, Loss=0.012754, Pos=0.012544, Vel=0.00010510]Epoch 1/200 [TRAIN]:  32%|███▏      | 1293/4032 [02:10<04:41,  9.72it/s, Loss=0.012755, Pos=0.012545, Vel=0.00010505]Epoch 1/200 [TRAIN]:  32%|███▏      | 1294/4032 [02:10<04:44,  9.63it/s, Loss=0.012755, Pos=0.012545, Vel=0.00010505]Epoch 1/200 [TRAIN]:  32%|███▏      | 1294/4032 [02:10<04:44,  9.63it/s, Loss=0.012758, Pos=0.012548, Vel=0.00010504]Epoch 1/200 [TRAIN]:  32%|███▏      | 1295/4032 [02:10<04:54,  9.30it/s, Loss=0.012758, Pos=0.012548, Vel=0.00010504]Epoch 1/200 [TRAIN]:  32%|███▏      | 1295/4032 [02:10<04:54,  9.30it/s, Loss=0.012751, Pos=0.012541, Vel=0.00010500]Epoch 1/200 [TRAIN]:  32%|███▏      | 1296/4032 [02:10<04:50,  9.42it/s, Loss=0.012751, Pos=0.012541, Vel=0.00010500]Epoch 1/200 [TRAIN]:  32%|███▏      | 1296/4032 [02:10<04:50,  9.42it/s, Loss=0.012747, Pos=0.012537, Vel=0.00010496]Epoch 1/200 [TRAIN]:  32%|███▏      | 1297/4032 [02:10<04:56,  9.23it/s, Loss=0.012747, Pos=0.012537, Vel=0.00010496]Epoch 1/200 [TRAIN]:  32%|███▏      | 1297/4032 [02:10<04:56,  9.23it/s, Loss=0.012739, Pos=0.012530, Vel=0.00010495]Epoch 1/200 [TRAIN]:  32%|███▏      | 1298/4032 [02:10<04:58,  9.16it/s, Loss=0.012739, Pos=0.012530, Vel=0.00010495]Epoch 1/200 [TRAIN]:  32%|███▏      | 1298/4032 [02:11<04:58,  9.16it/s, Loss=0.012732, Pos=0.012522, Vel=0.00010491]Epoch 1/200 [TRAIN]:  32%|███▏      | 1299/4032 [02:11<05:02,  9.02it/s, Loss=0.012732, Pos=0.012522, Vel=0.00010491]Epoch 1/200 [TRAIN]:  32%|███▏      | 1299/4032 [02:11<05:02,  9.02it/s, Loss=0.012734, Pos=0.012525, Vel=0.00010489]Epoch 1/200 [TRAIN]:  32%|███▏      | 1300/4032 [02:11<05:03,  9.00it/s, Loss=0.012734, Pos=0.012525, Vel=0.00010489]Epoch 1/200 [TRAIN]:  32%|███▏      | 1300/4032 [02:11<05:03,  9.00it/s, Loss=0.012730, Pos=0.012521, Vel=0.00010483]Epoch 1/200 [TRAIN]:  32%|███▏      | 1300/4032 [02:11<05:03,  9.00it/s, Loss=0.012729, Pos=0.012519, Vel=0.00010485]Epoch 1/200 [TRAIN]:  32%|███▏      | 1302/4032 [02:11<04:51,  9.35it/s, Loss=0.012729, Pos=0.012519, Vel=0.00010485]Epoch 1/200 [TRAIN]:  32%|███▏      | 1302/4032 [02:11<04:51,  9.35it/s, Loss=0.012724, Pos=0.012515, Vel=0.00010484]Epoch 1/200 [TRAIN]:  32%|███▏      | 1303/4032 [02:11<04:54,  9.26it/s, Loss=0.012724, Pos=0.012515, Vel=0.00010484]Epoch 1/200 [TRAIN]:  32%|███▏      | 1303/4032 [02:11<04:54,  9.26it/s, Loss=0.012718, Pos=0.012508, Vel=0.00010479]Epoch 1/200 [TRAIN]:  32%|███▏      | 1304/4032 [02:11<04:57,  9.16it/s, Loss=0.012718, Pos=0.012508, Vel=0.00010479]Epoch 1/200 [TRAIN]:  32%|███▏      | 1304/4032 [02:11<04:57,  9.16it/s, Loss=0.012758, Pos=0.012548, Vel=0.00010479]Epoch 1/200 [TRAIN]:  32%|███▏      | 1305/4032 [02:11<04:59,  9.09it/s, Loss=0.012758, Pos=0.012548, Vel=0.00010479]Epoch 1/200 [TRAIN]:  32%|███▏      | 1305/4032 [02:11<04:59,  9.09it/s, Loss=0.012752, Pos=0.012543, Vel=0.00010475]Epoch 1/200 [TRAIN]:  32%|███▏      | 1306/4032 [02:11<05:01,  9.04it/s, Loss=0.012752, Pos=0.012543, Vel=0.00010475]Epoch 1/200 [TRAIN]:  32%|███▏      | 1306/4032 [02:11<05:01,  9.04it/s, Loss=0.012745, Pos=0.012536, Vel=0.00010470]Epoch 1/200 [TRAIN]:  32%|███▏      | 1307/4032 [02:11<04:57,  9.15it/s, Loss=0.012745, Pos=0.012536, Vel=0.00010470]Epoch 1/200 [TRAIN]:  32%|███▏      | 1307/4032 [02:11<04:57,  9.15it/s, Loss=0.012747, Pos=0.012537, Vel=0.00010470]Epoch 1/200 [TRAIN]:  32%|███▏      | 1308/4032 [02:12<04:57,  9.17it/s, Loss=0.012747, Pos=0.012537, Vel=0.00010470]Epoch 1/200 [TRAIN]:  32%|███▏      | 1308/4032 [02:12<04:57,  9.17it/s, Loss=0.012746, Pos=0.012537, Vel=0.00010466]Epoch 1/200 [TRAIN]:  32%|███▏      | 1309/4032 [02:12<04:56,  9.17it/s, Loss=0.012746, Pos=0.012537, Vel=0.00010466]Epoch 1/200 [TRAIN]:  32%|███▏      | 1309/4032 [02:12<04:56,  9.17it/s, Loss=0.012738, Pos=0.012529, Vel=0.00010463]Epoch 1/200 [TRAIN]:  32%|███▏      | 1310/4032 [02:12<04:49,  9.40it/s, Loss=0.012738, Pos=0.012529, Vel=0.00010463]Epoch 1/200 [TRAIN]:  32%|███▏      | 1310/4032 [02:12<04:49,  9.40it/s, Loss=0.012734, Pos=0.012525, Vel=0.00010462]Epoch 1/200 [TRAIN]:  33%|███▎      | 1311/4032 [02:12<04:52,  9.31it/s, Loss=0.012734, Pos=0.012525, Vel=0.00010462]Epoch 1/200 [TRAIN]:  33%|███▎      | 1311/4032 [02:12<04:52,  9.31it/s, Loss=0.012730, Pos=0.012521, Vel=0.00010464]Epoch 1/200 [TRAIN]:  33%|███▎      | 1312/4032 [02:12<04:52,  9.30it/s, Loss=0.012730, Pos=0.012521, Vel=0.00010464]Epoch 1/200 [TRAIN]:  33%|███▎      | 1312/4032 [02:12<04:52,  9.30it/s, Loss=0.012734, Pos=0.012525, Vel=0.00010460]Epoch 1/200 [TRAIN]:  33%|███▎      | 1313/4032 [02:12<04:53,  9.26it/s, Loss=0.012734, Pos=0.012525, Vel=0.00010460]Epoch 1/200 [TRAIN]:  33%|███▎      | 1313/4032 [02:12<04:53,  9.26it/s, Loss=0.012726, Pos=0.012517, Vel=0.00010459]Epoch 1/200 [TRAIN]:  33%|███▎      | 1314/4032 [02:12<05:04,  8.94it/s, Loss=0.012726, Pos=0.012517, Vel=0.00010459]Epoch 1/200 [TRAIN]:  33%|███▎      | 1314/4032 [02:12<05:04,  8.94it/s, Loss=0.012720, Pos=0.012511, Vel=0.00010460]Epoch 1/200 [TRAIN]:  33%|███▎      | 1315/4032 [02:12<04:59,  9.06it/s, Loss=0.012720, Pos=0.012511, Vel=0.00010460]Epoch 1/200 [TRAIN]:  33%|███▎      | 1315/4032 [02:12<04:59,  9.06it/s, Loss=0.012713, Pos=0.012504, Vel=0.00010458]Epoch 1/200 [TRAIN]:  33%|███▎      | 1316/4032 [02:12<04:59,  9.08it/s, Loss=0.012713, Pos=0.012504, Vel=0.00010458]Epoch 1/200 [TRAIN]:  33%|███▎      | 1316/4032 [02:12<04:59,  9.08it/s, Loss=0.012712, Pos=0.012503, Vel=0.00010457]Epoch 1/200 [TRAIN]:  33%|███▎      | 1317/4032 [02:12<05:07,  8.84it/s, Loss=0.012712, Pos=0.012503, Vel=0.00010457]Epoch 1/200 [TRAIN]:  33%|███▎      | 1317/4032 [02:13<05:07,  8.84it/s, Loss=0.012748, Pos=0.012538, Vel=0.00010478]Epoch 1/200 [TRAIN]:  33%|███▎      | 1317/4032 [02:13<05:07,  8.84it/s, Loss=0.012815, Pos=0.012605, Vel=0.00010479]Epoch 1/200 [TRAIN]:  33%|███▎      | 1319/4032 [02:13<04:48,  9.40it/s, Loss=0.012815, Pos=0.012605, Vel=0.00010479]Epoch 1/200 [TRAIN]:  33%|███▎      | 1319/4032 [02:13<04:48,  9.40it/s, Loss=0.012843, Pos=0.012633, Vel=0.00010482]Epoch 1/200 [TRAIN]:  33%|███▎      | 1320/4032 [02:13<04:45,  9.50it/s, Loss=0.012843, Pos=0.012633, Vel=0.00010482]Epoch 1/200 [TRAIN]:  33%|███▎      | 1320/4032 [02:13<04:45,  9.50it/s, Loss=0.012840, Pos=0.012630, Vel=0.00010480]Epoch 1/200 [TRAIN]:  33%|███▎      | 1321/4032 [02:13<04:58,  9.07it/s, Loss=0.012840, Pos=0.012630, Vel=0.00010480]Epoch 1/200 [TRAIN]:  33%|███▎      | 1321/4032 [02:13<04:58,  9.07it/s, Loss=0.012841, Pos=0.012632, Vel=0.00010477]Epoch 1/200 [TRAIN]:  33%|███▎      | 1321/4032 [02:13<04:58,  9.07it/s, Loss=0.012837, Pos=0.012627, Vel=0.00010474]Epoch 1/200 [TRAIN]:  33%|███▎      | 1323/4032 [02:13<04:54,  9.21it/s, Loss=0.012837, Pos=0.012627, Vel=0.00010474]Epoch 1/200 [TRAIN]:  33%|███▎      | 1323/4032 [02:13<04:54,  9.21it/s, Loss=0.012832, Pos=0.012622, Vel=0.00010468]Epoch 1/200 [TRAIN]:  33%|███▎      | 1324/4032 [02:13<05:05,  8.86it/s, Loss=0.012832, Pos=0.012622, Vel=0.00010468]Epoch 1/200 [TRAIN]:  33%|███▎      | 1324/4032 [02:13<05:05,  8.86it/s, Loss=0.012822, Pos=0.012613, Vel=0.00010464]Epoch 1/200 [TRAIN]:  33%|███▎      | 1325/4032 [02:13<04:58,  9.08it/s, Loss=0.012822, Pos=0.012613, Vel=0.00010464]Epoch 1/200 [TRAIN]:  33%|███▎      | 1325/4032 [02:13<04:58,  9.08it/s, Loss=0.012820, Pos=0.012611, Vel=0.00010462]Epoch 1/200 [TRAIN]:  33%|███▎      | 1326/4032 [02:13<05:07,  8.80it/s, Loss=0.012820, Pos=0.012611, Vel=0.00010462]Epoch 1/200 [TRAIN]:  33%|███▎      | 1326/4032 [02:14<05:07,  8.80it/s, Loss=0.012822, Pos=0.012613, Vel=0.00010458]Epoch 1/200 [TRAIN]:  33%|███▎      | 1326/4032 [02:14<05:07,  8.80it/s, Loss=0.012814, Pos=0.012605, Vel=0.00010453]Epoch 1/200 [TRAIN]:  33%|███▎      | 1328/4032 [02:14<04:06, 10.97it/s, Loss=0.012814, Pos=0.012605, Vel=0.00010453]Epoch 1/200 [TRAIN]:  33%|███▎      | 1328/4032 [02:14<04:06, 10.97it/s, Loss=0.012808, Pos=0.012599, Vel=0.00010448]Epoch 1/200 [TRAIN]:  33%|███▎      | 1328/4032 [02:14<04:06, 10.97it/s, Loss=0.012820, Pos=0.012611, Vel=0.00010452]Epoch 1/200 [TRAIN]:  33%|███▎      | 1330/4032 [02:14<03:52, 11.60it/s, Loss=0.012820, Pos=0.012611, Vel=0.00010452]Epoch 1/200 [TRAIN]:  33%|███▎      | 1330/4032 [02:14<03:52, 11.60it/s, Loss=0.012817, Pos=0.012608, Vel=0.00010449]Epoch 1/200 [TRAIN]:  33%|███▎      | 1330/4032 [02:14<03:52, 11.60it/s, Loss=0.012810, Pos=0.012601, Vel=0.00010447]Epoch 1/200 [TRAIN]:  33%|███▎      | 1332/4032 [02:14<03:55, 11.47it/s, Loss=0.012810, Pos=0.012601, Vel=0.00010447]Epoch 1/200 [TRAIN]:  33%|███▎      | 1332/4032 [02:14<03:55, 11.47it/s, Loss=0.012803, Pos=0.012594, Vel=0.00010443]Epoch 1/200 [TRAIN]:  33%|███▎      | 1332/4032 [02:14<03:55, 11.47it/s, Loss=0.012802, Pos=0.012593, Vel=0.00010443]Epoch 1/200 [TRAIN]:  33%|███▎      | 1334/4032 [02:14<04:08, 10.85it/s, Loss=0.012802, Pos=0.012593, Vel=0.00010443]Epoch 1/200 [TRAIN]:  33%|███▎      | 1334/4032 [02:14<04:08, 10.85it/s, Loss=0.012794, Pos=0.012585, Vel=0.00010439]Epoch 1/200 [TRAIN]:  33%|███▎      | 1334/4032 [02:14<04:08, 10.85it/s, Loss=0.012799, Pos=0.012590, Vel=0.00010447]Epoch 1/200 [TRAIN]:  33%|███▎      | 1336/4032 [02:14<03:51, 11.64it/s, Loss=0.012799, Pos=0.012590, Vel=0.00010447]Epoch 1/200 [TRAIN]:  33%|███▎      | 1336/4032 [02:14<03:51, 11.64it/s, Loss=0.012795, Pos=0.012586, Vel=0.00010445]Epoch 1/200 [TRAIN]:  33%|███▎      | 1336/4032 [02:15<03:51, 11.64it/s, Loss=0.012805, Pos=0.012597, Vel=0.00010442]Epoch 1/200 [TRAIN]:  33%|███▎      | 1338/4032 [02:15<04:08, 10.83it/s, Loss=0.012805, Pos=0.012597, Vel=0.00010442]Epoch 1/200 [TRAIN]:  33%|███▎      | 1338/4032 [02:15<04:08, 10.83it/s, Loss=0.012800, Pos=0.012591, Vel=0.00010438]Epoch 1/200 [TRAIN]:  33%|███▎      | 1338/4032 [02:15<04:08, 10.83it/s, Loss=0.012798, Pos=0.012589, Vel=0.00010434]Epoch 1/200 [TRAIN]:  33%|███▎      | 1340/4032 [02:15<04:24, 10.16it/s, Loss=0.012798, Pos=0.012589, Vel=0.00010434]Epoch 1/200 [TRAIN]:  33%|███▎      | 1340/4032 [02:15<04:24, 10.16it/s, Loss=0.012792, Pos=0.012584, Vel=0.00010433]Epoch 1/200 [TRAIN]:  33%|███▎      | 1340/4032 [02:15<04:24, 10.16it/s, Loss=0.012787, Pos=0.012578, Vel=0.00010429]Epoch 1/200 [TRAIN]:  33%|███▎      | 1342/4032 [02:15<04:08, 10.80it/s, Loss=0.012787, Pos=0.012578, Vel=0.00010429]Epoch 1/200 [TRAIN]:  33%|███▎      | 1342/4032 [02:15<04:08, 10.80it/s, Loss=0.012782, Pos=0.012573, Vel=0.00010423]Epoch 1/200 [TRAIN]:  33%|███▎      | 1342/4032 [02:15<04:08, 10.80it/s, Loss=0.012779, Pos=0.012571, Vel=0.00010432]Epoch 1/200 [TRAIN]:  33%|███▎      | 1344/4032 [02:15<04:01, 11.13it/s, Loss=0.012779, Pos=0.012571, Vel=0.00010432]Epoch 1/200 [TRAIN]:  33%|███▎      | 1344/4032 [02:15<04:01, 11.13it/s, Loss=0.012772, Pos=0.012564, Vel=0.00010430]Epoch 1/200 [TRAIN]:  33%|███▎      | 1344/4032 [02:15<04:01, 11.13it/s, Loss=0.012770, Pos=0.012562, Vel=0.00010428]Epoch 1/200 [TRAIN]:  33%|███▎      | 1346/4032 [02:15<04:20, 10.33it/s, Loss=0.012770, Pos=0.012562, Vel=0.00010428]Epoch 1/200 [TRAIN]:  33%|███▎      | 1346/4032 [02:15<04:20, 10.33it/s, Loss=0.012775, Pos=0.012566, Vel=0.00010429]Epoch 1/200 [TRAIN]:  33%|███▎      | 1346/4032 [02:15<04:20, 10.33it/s, Loss=0.012775, Pos=0.012566, Vel=0.00010436]Epoch 1/200 [TRAIN]:  33%|███▎      | 1348/4032 [02:15<04:29,  9.97it/s, Loss=0.012775, Pos=0.012566, Vel=0.00010436]Epoch 1/200 [TRAIN]:  33%|███▎      | 1348/4032 [02:16<04:29,  9.97it/s, Loss=0.012768, Pos=0.012559, Vel=0.00010432]Epoch 1/200 [TRAIN]:  33%|███▎      | 1348/4032 [02:16<04:29,  9.97it/s, Loss=0.012770, Pos=0.012561, Vel=0.00010431]Epoch 1/200 [TRAIN]:  33%|███▎      | 1350/4032 [02:16<04:06, 10.86it/s, Loss=0.012770, Pos=0.012561, Vel=0.00010431]Epoch 1/200 [TRAIN]:  33%|███▎      | 1350/4032 [02:16<04:06, 10.86it/s, Loss=0.012767, Pos=0.012558, Vel=0.00010431]Epoch 1/200 [TRAIN]:  33%|███▎      | 1350/4032 [02:16<04:06, 10.86it/s, Loss=0.012767, Pos=0.012558, Vel=0.00010428]Epoch 1/200 [TRAIN]:  34%|███▎      | 1352/4032 [02:16<03:57, 11.27it/s, Loss=0.012767, Pos=0.012558, Vel=0.00010428]Epoch 1/200 [TRAIN]:  34%|███▎      | 1352/4032 [02:16<03:57, 11.27it/s, Loss=0.012764, Pos=0.012555, Vel=0.00010423]Epoch 1/200 [TRAIN]:  34%|███▎      | 1352/4032 [02:16<03:57, 11.27it/s, Loss=0.012758, Pos=0.012549, Vel=0.00010422]Epoch 1/200 [TRAIN]:  34%|███▎      | 1354/4032 [02:16<04:09, 10.71it/s, Loss=0.012758, Pos=0.012549, Vel=0.00010422]Epoch 1/200 [TRAIN]:  34%|███▎      | 1354/4032 [02:16<04:09, 10.71it/s, Loss=0.012756, Pos=0.012548, Vel=0.00010419]Epoch 1/200 [TRAIN]:  34%|███▎      | 1354/4032 [02:16<04:09, 10.71it/s, Loss=0.012753, Pos=0.012545, Vel=0.00010425]Epoch 1/200 [TRAIN]:  34%|███▎      | 1356/4032 [02:16<04:10, 10.67it/s, Loss=0.012753, Pos=0.012545, Vel=0.00010425]Epoch 1/200 [TRAIN]:  34%|███▎      | 1356/4032 [02:16<04:10, 10.67it/s, Loss=0.012750, Pos=0.012542, Vel=0.00010425]Epoch 1/200 [TRAIN]:  34%|███▎      | 1356/4032 [02:16<04:10, 10.67it/s, Loss=0.012755, Pos=0.012547, Vel=0.00010422]Epoch 1/200 [TRAIN]:  34%|███▎      | 1358/4032 [02:16<04:13, 10.57it/s, Loss=0.012755, Pos=0.012547, Vel=0.00010422]Epoch 1/200 [TRAIN]:  34%|███▎      | 1358/4032 [02:16<04:13, 10.57it/s, Loss=0.012750, Pos=0.012542, Vel=0.00010419]Epoch 1/200 [TRAIN]:  34%|███▎      | 1358/4032 [02:17<04:13, 10.57it/s, Loss=0.012745, Pos=0.012536, Vel=0.00010417]Epoch 1/200 [TRAIN]:  34%|███▎      | 1360/4032 [02:17<04:21, 10.22it/s, Loss=0.012745, Pos=0.012536, Vel=0.00010417]Epoch 1/200 [TRAIN]:  34%|███▎      | 1360/4032 [02:17<04:21, 10.22it/s, Loss=0.012760, Pos=0.012551, Vel=0.00010433]Epoch 1/200 [TRAIN]:  34%|███▎      | 1360/4032 [02:17<04:21, 10.22it/s, Loss=0.012761, Pos=0.012552, Vel=0.00010430]Epoch 1/200 [TRAIN]:  34%|███▍      | 1362/4032 [02:17<04:31,  9.84it/s, Loss=0.012761, Pos=0.012552, Vel=0.00010430]Epoch 1/200 [TRAIN]:  34%|███▍      | 1362/4032 [02:17<04:31,  9.84it/s, Loss=0.012768, Pos=0.012560, Vel=0.00010428]Epoch 1/200 [TRAIN]:  34%|███▍      | 1362/4032 [02:17<04:31,  9.84it/s, Loss=0.012764, Pos=0.012556, Vel=0.00010426]Epoch 1/200 [TRAIN]:  34%|███▍      | 1364/4032 [02:17<04:25, 10.06it/s, Loss=0.012764, Pos=0.012556, Vel=0.00010426]Epoch 1/200 [TRAIN]:  34%|███▍      | 1364/4032 [02:17<04:25, 10.06it/s, Loss=0.012764, Pos=0.012556, Vel=0.00010425]Epoch 1/200 [TRAIN]:  34%|███▍      | 1364/4032 [02:17<04:25, 10.06it/s, Loss=0.012765, Pos=0.012557, Vel=0.00010424]Epoch 1/200 [TRAIN]:  34%|███▍      | 1366/4032 [02:17<04:34,  9.70it/s, Loss=0.012765, Pos=0.012557, Vel=0.00010424]Epoch 1/200 [TRAIN]:  34%|███▍      | 1366/4032 [02:17<04:34,  9.70it/s, Loss=0.012758, Pos=0.012550, Vel=0.00010419]Epoch 1/200 [TRAIN]:  34%|███▍      | 1367/4032 [02:17<04:33,  9.74it/s, Loss=0.012758, Pos=0.012550, Vel=0.00010419]Epoch 1/200 [TRAIN]:  34%|███▍      | 1367/4032 [02:17<04:33,  9.74it/s, Loss=0.012761, Pos=0.012552, Vel=0.00010416]Epoch 1/200 [TRAIN]:  34%|███▍      | 1368/4032 [02:17<04:43,  9.41it/s, Loss=0.012761, Pos=0.012552, Vel=0.00010416]Epoch 1/200 [TRAIN]:  34%|███▍      | 1368/4032 [02:18<04:43,  9.41it/s, Loss=0.012753, Pos=0.012545, Vel=0.00010411]Epoch 1/200 [TRAIN]:  34%|███▍      | 1369/4032 [02:18<04:39,  9.52it/s, Loss=0.012753, Pos=0.012545, Vel=0.00010411]Epoch 1/200 [TRAIN]:  34%|███▍      | 1369/4032 [02:18<04:39,  9.52it/s, Loss=0.012744, Pos=0.012536, Vel=0.00010407]Epoch 1/200 [TRAIN]:  34%|███▍      | 1370/4032 [02:18<04:38,  9.57it/s, Loss=0.012744, Pos=0.012536, Vel=0.00010407]Epoch 1/200 [TRAIN]:  34%|███▍      | 1370/4032 [02:18<04:38,  9.57it/s, Loss=0.012747, Pos=0.012539, Vel=0.00010406]Epoch 1/200 [TRAIN]:  34%|███▍      | 1371/4032 [02:18<04:55,  9.01it/s, Loss=0.012747, Pos=0.012539, Vel=0.00010406]Epoch 1/200 [TRAIN]:  34%|███▍      | 1371/4032 [02:18<04:55,  9.01it/s, Loss=0.012757, Pos=0.012549, Vel=0.00010401]Epoch 1/200 [TRAIN]:  34%|███▍      | 1371/4032 [02:18<04:55,  9.01it/s, Loss=0.012754, Pos=0.012547, Vel=0.00010398]Epoch 1/200 [TRAIN]:  34%|███▍      | 1373/4032 [02:18<04:39,  9.51it/s, Loss=0.012754, Pos=0.012547, Vel=0.00010398]Epoch 1/200 [TRAIN]:  34%|███▍      | 1373/4032 [02:18<04:39,  9.51it/s, Loss=0.012748, Pos=0.012540, Vel=0.00010393]Epoch 1/200 [TRAIN]:  34%|███▍      | 1373/4032 [02:18<04:39,  9.51it/s, Loss=0.012742, Pos=0.012534, Vel=0.00010390]Epoch 1/200 [TRAIN]:  34%|███▍      | 1375/4032 [02:18<03:53, 11.38it/s, Loss=0.012742, Pos=0.012534, Vel=0.00010390]Epoch 1/200 [TRAIN]:  34%|███▍      | 1375/4032 [02:18<03:53, 11.38it/s, Loss=0.012740, Pos=0.012532, Vel=0.00010399]Epoch 1/200 [TRAIN]:  34%|███▍      | 1375/4032 [02:18<03:53, 11.38it/s, Loss=0.012732, Pos=0.012524, Vel=0.00010394]Epoch 1/200 [TRAIN]:  34%|███▍      | 1377/4032 [02:18<03:39, 12.08it/s, Loss=0.012732, Pos=0.012524, Vel=0.00010394]Epoch 1/200 [TRAIN]:  34%|███▍      | 1377/4032 [02:18<03:39, 12.08it/s, Loss=0.012727, Pos=0.012519, Vel=0.00010392]Epoch 1/200 [TRAIN]:  34%|███▍      | 1377/4032 [02:18<03:39, 12.08it/s, Loss=0.012720, Pos=0.012512, Vel=0.00010391]Epoch 1/200 [TRAIN]:  34%|███▍      | 1379/4032 [02:18<03:31, 12.53it/s, Loss=0.012720, Pos=0.012512, Vel=0.00010391]Epoch 1/200 [TRAIN]:  34%|███▍      | 1379/4032 [02:18<03:31, 12.53it/s, Loss=0.012721, Pos=0.012513, Vel=0.00010387]Epoch 1/200 [TRAIN]:  34%|███▍      | 1379/4032 [02:19<03:31, 12.53it/s, Loss=0.012715, Pos=0.012508, Vel=0.00010383]Epoch 1/200 [TRAIN]:  34%|███▍      | 1381/4032 [02:19<03:55, 11.26it/s, Loss=0.012715, Pos=0.012508, Vel=0.00010383]Epoch 1/200 [TRAIN]:  34%|███▍      | 1381/4032 [02:19<03:55, 11.26it/s, Loss=0.012709, Pos=0.012501, Vel=0.00010380]Epoch 1/200 [TRAIN]:  34%|███▍      | 1381/4032 [02:19<03:55, 11.26it/s, Loss=0.012716, Pos=0.012508, Vel=0.00010378]Epoch 1/200 [TRAIN]:  34%|███▍      | 1383/4032 [02:19<03:48, 11.59it/s, Loss=0.012716, Pos=0.012508, Vel=0.00010378]Epoch 1/200 [TRAIN]:  34%|███▍      | 1383/4032 [02:19<03:48, 11.59it/s, Loss=0.012710, Pos=0.012503, Vel=0.00010375]Epoch 1/200 [TRAIN]:  34%|███▍      | 1383/4032 [02:19<03:48, 11.59it/s, Loss=0.012706, Pos=0.012499, Vel=0.00010372]Epoch 1/200 [TRAIN]:  34%|███▍      | 1385/4032 [02:19<04:04, 10.85it/s, Loss=0.012706, Pos=0.012499, Vel=0.00010372]Epoch 1/200 [TRAIN]:  34%|███▍      | 1385/4032 [02:19<04:04, 10.85it/s, Loss=0.012705, Pos=0.012498, Vel=0.00010369]Epoch 1/200 [TRAIN]:  34%|███▍      | 1385/4032 [02:19<04:04, 10.85it/s, Loss=0.012718, Pos=0.012510, Vel=0.00010368]Epoch 1/200 [TRAIN]:  34%|███▍      | 1387/4032 [02:19<04:16, 10.29it/s, Loss=0.012718, Pos=0.012510, Vel=0.00010368]Epoch 1/200 [TRAIN]:  34%|███▍      | 1387/4032 [02:19<04:16, 10.29it/s, Loss=0.012713, Pos=0.012505, Vel=0.00010368]Epoch 1/200 [TRAIN]:  34%|███▍      | 1387/4032 [02:19<04:16, 10.29it/s, Loss=0.012711, Pos=0.012504, Vel=0.00010368]Epoch 1/200 [TRAIN]:  34%|███▍      | 1389/4032 [02:19<04:31,  9.74it/s, Loss=0.012711, Pos=0.012504, Vel=0.00010368]Epoch 1/200 [TRAIN]:  34%|███▍      | 1389/4032 [02:20<04:31,  9.74it/s, Loss=0.012705, Pos=0.012498, Vel=0.00010364]Epoch 1/200 [TRAIN]:  34%|███▍      | 1389/4032 [02:20<04:31,  9.74it/s, Loss=0.012704, Pos=0.012497, Vel=0.00010362]Epoch 1/200 [TRAIN]:  34%|███▍      | 1391/4032 [02:20<04:27,  9.86it/s, Loss=0.012704, Pos=0.012497, Vel=0.00010362]Epoch 1/200 [TRAIN]:  34%|███▍      | 1391/4032 [02:20<04:27,  9.86it/s, Loss=0.012701, Pos=0.012494, Vel=0.00010361]Epoch 1/200 [TRAIN]:  34%|███▍      | 1391/4032 [02:20<04:27,  9.86it/s, Loss=0.012701, Pos=0.012493, Vel=0.00010359]Epoch 1/200 [TRAIN]:  35%|███▍      | 1393/4032 [02:20<04:36,  9.54it/s, Loss=0.012701, Pos=0.012493, Vel=0.00010359]Epoch 1/200 [TRAIN]:  35%|███▍      | 1393/4032 [02:20<04:36,  9.54it/s, Loss=0.012703, Pos=0.012496, Vel=0.00010355]Epoch 1/200 [TRAIN]:  35%|███▍      | 1393/4032 [02:20<04:36,  9.54it/s, Loss=0.012697, Pos=0.012490, Vel=0.00010351]Epoch 1/200 [TRAIN]:  35%|███▍      | 1395/4032 [02:20<04:24,  9.96it/s, Loss=0.012697, Pos=0.012490, Vel=0.00010351]Epoch 1/200 [TRAIN]:  35%|███▍      | 1395/4032 [02:20<04:24,  9.96it/s, Loss=0.012708, Pos=0.012501, Vel=0.00010354]Epoch 1/200 [TRAIN]:  35%|███▍      | 1395/4032 [02:20<04:24,  9.96it/s, Loss=0.012708, Pos=0.012501, Vel=0.00010359]Epoch 1/200 [TRAIN]:  35%|███▍      | 1397/4032 [02:20<03:49, 11.46it/s, Loss=0.012708, Pos=0.012501, Vel=0.00010359]Epoch 1/200 [TRAIN]:  35%|███▍      | 1397/4032 [02:20<03:49, 11.46it/s, Loss=0.012707, Pos=0.012499, Vel=0.00010357]Epoch 1/200 [TRAIN]:  35%|███▍      | 1397/4032 [02:20<03:49, 11.46it/s, Loss=0.012716, Pos=0.012509, Vel=0.00010352]Epoch 1/200 [TRAIN]:  35%|███▍      | 1399/4032 [02:20<04:05, 10.72it/s, Loss=0.012716, Pos=0.012509, Vel=0.00010352]Epoch 1/200 [TRAIN]:  35%|███▍      | 1399/4032 [02:20<04:05, 10.72it/s, Loss=0.012709, Pos=0.012502, Vel=0.00010348]Epoch 1/200 [TRAIN]:  35%|███▍      | 1399/4032 [02:21<04:05, 10.72it/s, Loss=0.012711, Pos=0.012504, Vel=0.00010350]Epoch 1/200 [TRAIN]:  35%|███▍      | 1401/4032 [02:21<04:01, 10.88it/s, Loss=0.012711, Pos=0.012504, Vel=0.00010350]Epoch 1/200 [TRAIN]:  35%|███▍      | 1401/4032 [02:21<04:01, 10.88it/s, Loss=0.012707, Pos=0.012500, Vel=0.00010352]Epoch 1/200 [TRAIN]:  35%|███▍      | 1401/4032 [02:21<04:01, 10.88it/s, Loss=0.012700, Pos=0.012493, Vel=0.00010347]Epoch 1/200 [TRAIN]:  35%|███▍      | 1403/4032 [02:21<04:14, 10.34it/s, Loss=0.012700, Pos=0.012493, Vel=0.00010347]Epoch 1/200 [TRAIN]:  35%|███▍      | 1403/4032 [02:21<04:14, 10.34it/s, Loss=0.012695, Pos=0.012488, Vel=0.00010342]Epoch 1/200 [TRAIN]:  35%|███▍      | 1403/4032 [02:21<04:14, 10.34it/s, Loss=0.012696, Pos=0.012489, Vel=0.00010341]Epoch 1/200 [TRAIN]:  35%|███▍      | 1405/4032 [02:21<04:20, 10.07it/s, Loss=0.012696, Pos=0.012489, Vel=0.00010341]Epoch 1/200 [TRAIN]:  35%|███▍      | 1405/4032 [02:21<04:20, 10.07it/s, Loss=0.012693, Pos=0.012486, Vel=0.00010338]Epoch 1/200 [TRAIN]:  35%|███▍      | 1405/4032 [02:21<04:20, 10.07it/s, Loss=0.012688, Pos=0.012482, Vel=0.00010335]Epoch 1/200 [TRAIN]:  35%|███▍      | 1407/4032 [02:21<04:25,  9.87it/s, Loss=0.012688, Pos=0.012482, Vel=0.00010335]Epoch 1/200 [TRAIN]:  35%|███▍      | 1407/4032 [02:21<04:25,  9.87it/s, Loss=0.012684, Pos=0.012477, Vel=0.00010331]Epoch 1/200 [TRAIN]:  35%|███▍      | 1407/4032 [02:21<04:25,  9.87it/s, Loss=0.012678, Pos=0.012472, Vel=0.00010327]Epoch 1/200 [TRAIN]:  35%|███▍      | 1409/4032 [02:21<04:31,  9.65it/s, Loss=0.012678, Pos=0.012472, Vel=0.00010327]Epoch 1/200 [TRAIN]:  35%|███▍      | 1409/4032 [02:22<04:31,  9.65it/s, Loss=0.012673, Pos=0.012467, Vel=0.00010323]Epoch 1/200 [TRAIN]:  35%|███▍      | 1410/4032 [02:22<04:32,  9.63it/s, Loss=0.012673, Pos=0.012467, Vel=0.00010323]Epoch 1/200 [TRAIN]:  35%|███▍      | 1410/4032 [02:22<04:32,  9.63it/s, Loss=0.012674, Pos=0.012467, Vel=0.00010345]Epoch 1/200 [TRAIN]:  35%|███▍      | 1410/4032 [02:22<04:32,  9.63it/s, Loss=0.012671, Pos=0.012465, Vel=0.00010341]Epoch 1/200 [TRAIN]:  35%|███▌      | 1412/4032 [02:22<04:24,  9.89it/s, Loss=0.012671, Pos=0.012465, Vel=0.00010341]Epoch 1/200 [TRAIN]:  35%|███▌      | 1412/4032 [02:22<04:24,  9.89it/s, Loss=0.012667, Pos=0.012460, Vel=0.00010337]Epoch 1/200 [TRAIN]:  35%|███▌      | 1413/4032 [02:22<04:25,  9.87it/s, Loss=0.012667, Pos=0.012460, Vel=0.00010337]Epoch 1/200 [TRAIN]:  35%|███▌      | 1413/4032 [02:22<04:25,  9.87it/s, Loss=0.012663, Pos=0.012456, Vel=0.00010333]Epoch 1/200 [TRAIN]:  35%|███▌      | 1414/4032 [02:22<04:35,  9.52it/s, Loss=0.012663, Pos=0.012456, Vel=0.00010333]Epoch 1/200 [TRAIN]:  35%|███▌      | 1414/4032 [02:22<04:35,  9.52it/s, Loss=0.012661, Pos=0.012455, Vel=0.00010336]Epoch 1/200 [TRAIN]:  35%|███▌      | 1415/4032 [02:22<04:32,  9.61it/s, Loss=0.012661, Pos=0.012455, Vel=0.00010336]Epoch 1/200 [TRAIN]:  35%|███▌      | 1415/4032 [02:22<04:32,  9.61it/s, Loss=0.012676, Pos=0.012470, Vel=0.00010339]Epoch 1/200 [TRAIN]:  35%|███▌      | 1416/4032 [02:22<04:43,  9.24it/s, Loss=0.012676, Pos=0.012470, Vel=0.00010339]Epoch 1/200 [TRAIN]:  35%|███▌      | 1416/4032 [02:22<04:43,  9.24it/s, Loss=0.012676, Pos=0.012470, Vel=0.00010339]Epoch 1/200 [TRAIN]:  35%|███▌      | 1417/4032 [02:22<04:40,  9.32it/s, Loss=0.012676, Pos=0.012470, Vel=0.00010339]Epoch 1/200 [TRAIN]:  35%|███▌      | 1417/4032 [02:22<04:40,  9.32it/s, Loss=0.012672, Pos=0.012465, Vel=0.00010337]Epoch 1/200 [TRAIN]:  35%|███▌      | 1418/4032 [02:22<04:36,  9.44it/s, Loss=0.012672, Pos=0.012465, Vel=0.00010337]Epoch 1/200 [TRAIN]:  35%|███▌      | 1418/4032 [02:22<04:36,  9.44it/s, Loss=0.012666, Pos=0.012459, Vel=0.00010334]Epoch 1/200 [TRAIN]:  35%|███▌      | 1419/4032 [02:22<04:45,  9.15it/s, Loss=0.012666, Pos=0.012459, Vel=0.00010334]Epoch 1/200 [TRAIN]:  35%|███▌      | 1419/4032 [02:22<04:45,  9.15it/s, Loss=0.012660, Pos=0.012453, Vel=0.00010332]Epoch 1/200 [TRAIN]:  35%|███▌      | 1419/4032 [02:23<04:45,  9.15it/s, Loss=0.012692, Pos=0.012486, Vel=0.00010334]Epoch 1/200 [TRAIN]:  35%|███▌      | 1421/4032 [02:23<04:11, 10.39it/s, Loss=0.012692, Pos=0.012486, Vel=0.00010334]Epoch 1/200 [TRAIN]:  35%|███▌      | 1421/4032 [02:23<04:11, 10.39it/s, Loss=0.012689, Pos=0.012483, Vel=0.00010331]Epoch 1/200 [TRAIN]:  35%|███▌      | 1421/4032 [02:23<04:11, 10.39it/s, Loss=0.012689, Pos=0.012482, Vel=0.00010332]Epoch 1/200 [TRAIN]:  35%|███▌      | 1423/4032 [02:23<04:22,  9.93it/s, Loss=0.012689, Pos=0.012482, Vel=0.00010332]Epoch 1/200 [TRAIN]:  35%|███▌      | 1423/4032 [02:23<04:22,  9.93it/s, Loss=0.012693, Pos=0.012487, Vel=0.00010331]Epoch 1/200 [TRAIN]:  35%|███▌      | 1423/4032 [02:23<04:22,  9.93it/s, Loss=0.012688, Pos=0.012482, Vel=0.00010328]Epoch 1/200 [TRAIN]:  35%|███▌      | 1425/4032 [02:23<04:27,  9.74it/s, Loss=0.012688, Pos=0.012482, Vel=0.00010328]Epoch 1/200 [TRAIN]:  35%|███▌      | 1425/4032 [02:23<04:27,  9.74it/s, Loss=0.012687, Pos=0.012480, Vel=0.00010325]Epoch 1/200 [TRAIN]:  35%|███▌      | 1426/4032 [02:23<04:31,  9.61it/s, Loss=0.012687, Pos=0.012480, Vel=0.00010325]Epoch 1/200 [TRAIN]:  35%|███▌      | 1426/4032 [02:23<04:31,  9.61it/s, Loss=0.012685, Pos=0.012478, Vel=0.00010326]Epoch 1/200 [TRAIN]:  35%|███▌      | 1427/4032 [02:23<04:38,  9.35it/s, Loss=0.012685, Pos=0.012478, Vel=0.00010326]Epoch 1/200 [TRAIN]:  35%|███▌      | 1427/4032 [02:23<04:38,  9.35it/s, Loss=0.012685, Pos=0.012478, Vel=0.00010331]Epoch 1/200 [TRAIN]:  35%|███▌      | 1427/4032 [02:23<04:38,  9.35it/s, Loss=0.012687, Pos=0.012481, Vel=0.00010334]Epoch 1/200 [TRAIN]:  35%|███▌      | 1429/4032 [02:23<04:35,  9.44it/s, Loss=0.012687, Pos=0.012481, Vel=0.00010334]Epoch 1/200 [TRAIN]:  35%|███▌      | 1429/4032 [02:24<04:35,  9.44it/s, Loss=0.012687, Pos=0.012480, Vel=0.00010329]Epoch 1/200 [TRAIN]:  35%|███▌      | 1429/4032 [02:24<04:35,  9.44it/s, Loss=0.012681, Pos=0.012474, Vel=0.00010324]Epoch 1/200 [TRAIN]:  35%|███▌      | 1431/4032 [02:24<04:21,  9.94it/s, Loss=0.012681, Pos=0.012474, Vel=0.00010324]Epoch 1/200 [TRAIN]:  35%|███▌      | 1431/4032 [02:24<04:21,  9.94it/s, Loss=0.012674, Pos=0.012468, Vel=0.00010323]Epoch 1/200 [TRAIN]:  35%|███▌      | 1431/4032 [02:24<04:21,  9.94it/s, Loss=0.012667, Pos=0.012461, Vel=0.00010319]Epoch 1/200 [TRAIN]:  36%|███▌      | 1433/4032 [02:24<04:21,  9.92it/s, Loss=0.012667, Pos=0.012461, Vel=0.00010319]Epoch 1/200 [TRAIN]:  36%|███▌      | 1433/4032 [02:24<04:21,  9.92it/s, Loss=0.012668, Pos=0.012461, Vel=0.00010318]Epoch 1/200 [TRAIN]:  36%|███▌      | 1434/4032 [02:24<04:29,  9.63it/s, Loss=0.012668, Pos=0.012461, Vel=0.00010318]Epoch 1/200 [TRAIN]:  36%|███▌      | 1434/4032 [02:24<04:29,  9.63it/s, Loss=0.012679, Pos=0.012472, Vel=0.00010316]Epoch 1/200 [TRAIN]:  36%|███▌      | 1434/4032 [02:24<04:29,  9.63it/s, Loss=0.012671, Pos=0.012465, Vel=0.00010313]Epoch 1/200 [TRAIN]:  36%|███▌      | 1436/4032 [02:24<04:34,  9.47it/s, Loss=0.012671, Pos=0.012465, Vel=0.00010313]Epoch 1/200 [TRAIN]:  36%|███▌      | 1436/4032 [02:24<04:34,  9.47it/s, Loss=0.012677, Pos=0.012471, Vel=0.00010318]Epoch 1/200 [TRAIN]:  36%|███▌      | 1437/4032 [02:24<04:40,  9.25it/s, Loss=0.012677, Pos=0.012471, Vel=0.00010318]Epoch 1/200 [TRAIN]:  36%|███▌      | 1437/4032 [02:24<04:40,  9.25it/s, Loss=0.012700, Pos=0.012493, Vel=0.00010313]Epoch 1/200 [TRAIN]:  36%|███▌      | 1437/4032 [02:25<04:40,  9.25it/s, Loss=0.012693, Pos=0.012487, Vel=0.00010309]Epoch 1/200 [TRAIN]:  36%|███▌      | 1439/4032 [02:25<04:37,  9.33it/s, Loss=0.012693, Pos=0.012487, Vel=0.00010309]Epoch 1/200 [TRAIN]:  36%|███▌      | 1439/4032 [02:25<04:37,  9.33it/s, Loss=0.012687, Pos=0.012481, Vel=0.00010304]Epoch 1/200 [TRAIN]:  36%|███▌      | 1440/4032 [02:25<04:43,  9.15it/s, Loss=0.012687, Pos=0.012481, Vel=0.00010304]Epoch 1/200 [TRAIN]:  36%|███▌      | 1440/4032 [02:25<04:43,  9.15it/s, Loss=0.012690, Pos=0.012484, Vel=0.00010307]Epoch 1/200 [TRAIN]:  36%|███▌      | 1440/4032 [02:25<04:43,  9.15it/s, Loss=0.012686, Pos=0.012480, Vel=0.00010306]Epoch 1/200 [TRAIN]:  36%|███▌      | 1442/4032 [02:25<04:02, 10.68it/s, Loss=0.012686, Pos=0.012480, Vel=0.00010306]Epoch 1/200 [TRAIN]:  36%|███▌      | 1442/4032 [02:25<04:02, 10.68it/s, Loss=0.012680, Pos=0.012474, Vel=0.00010305]Epoch 1/200 [TRAIN]:  36%|███▌      | 1442/4032 [02:25<04:02, 10.68it/s, Loss=0.012675, Pos=0.012469, Vel=0.00010303]Epoch 1/200 [TRAIN]:  36%|███▌      | 1444/4032 [02:25<04:22,  9.87it/s, Loss=0.012675, Pos=0.012469, Vel=0.00010303]Epoch 1/200 [TRAIN]:  36%|███▌      | 1444/4032 [02:25<04:22,  9.87it/s, Loss=0.012679, Pos=0.012473, Vel=0.00010308]Epoch 1/200 [TRAIN]:  36%|███▌      | 1444/4032 [02:25<04:22,  9.87it/s, Loss=0.012686, Pos=0.012479, Vel=0.00010306]Epoch 1/200 [TRAIN]:  36%|███▌      | 1446/4032 [02:25<04:22,  9.87it/s, Loss=0.012686, Pos=0.012479, Vel=0.00010306]Epoch 1/200 [TRAIN]:  36%|███▌      | 1446/4032 [02:25<04:22,  9.87it/s, Loss=0.012681, Pos=0.012475, Vel=0.00010304]Epoch 1/200 [TRAIN]:  36%|███▌      | 1446/4032 [02:25<04:22,  9.87it/s, Loss=0.012677, Pos=0.012471, Vel=0.00010302]Epoch 1/200 [TRAIN]:  36%|███▌      | 1448/4032 [02:25<04:24,  9.78it/s, Loss=0.012677, Pos=0.012471, Vel=0.00010302]Epoch 1/200 [TRAIN]:  36%|███▌      | 1448/4032 [02:26<04:24,  9.78it/s, Loss=0.012674, Pos=0.012468, Vel=0.00010298]Epoch 1/200 [TRAIN]:  36%|███▌      | 1449/4032 [02:26<04:27,  9.64it/s, Loss=0.012674, Pos=0.012468, Vel=0.00010298]Epoch 1/200 [TRAIN]:  36%|███▌      | 1449/4032 [02:26<04:27,  9.64it/s, Loss=0.012673, Pos=0.012467, Vel=0.00010300]Epoch 1/200 [TRAIN]:  36%|███▌      | 1450/4032 [02:26<04:28,  9.61it/s, Loss=0.012673, Pos=0.012467, Vel=0.00010300]Epoch 1/200 [TRAIN]:  36%|███▌      | 1450/4032 [02:26<04:28,  9.61it/s, Loss=0.012678, Pos=0.012472, Vel=0.00010297]Epoch 1/200 [TRAIN]:  36%|███▌      | 1451/4032 [02:26<04:29,  9.57it/s, Loss=0.012678, Pos=0.012472, Vel=0.00010297]Epoch 1/200 [TRAIN]:  36%|███▌      | 1451/4032 [02:26<04:29,  9.57it/s, Loss=0.012676, Pos=0.012470, Vel=0.00010292]Epoch 1/200 [TRAIN]:  36%|███▌      | 1452/4032 [02:26<04:32,  9.46it/s, Loss=0.012676, Pos=0.012470, Vel=0.00010292]Epoch 1/200 [TRAIN]:  36%|███▌      | 1452/4032 [02:26<04:32,  9.46it/s, Loss=0.012671, Pos=0.012465, Vel=0.00010287]Epoch 1/200 [TRAIN]:  36%|███▌      | 1452/4032 [02:26<04:32,  9.46it/s, Loss=0.012741, Pos=0.012535, Vel=0.00010292]Epoch 1/200 [TRAIN]:  36%|███▌      | 1454/4032 [02:26<03:46, 11.40it/s, Loss=0.012741, Pos=0.012535, Vel=0.00010292]Epoch 1/200 [TRAIN]:  36%|███▌      | 1454/4032 [02:26<03:46, 11.40it/s, Loss=0.012739, Pos=0.012534, Vel=0.00010287]Epoch 1/200 [TRAIN]:  36%|███▌      | 1454/4032 [02:26<03:46, 11.40it/s, Loss=0.012740, Pos=0.012535, Vel=0.00010295]Epoch 1/200 [TRAIN]:  36%|███▌      | 1456/4032 [02:26<04:02, 10.60it/s, Loss=0.012740, Pos=0.012535, Vel=0.00010295]Epoch 1/200 [TRAIN]:  36%|███▌      | 1456/4032 [02:26<04:02, 10.60it/s, Loss=0.012734, Pos=0.012528, Vel=0.00010292]Epoch 1/200 [TRAIN]:  36%|███▌      | 1456/4032 [02:26<04:02, 10.60it/s, Loss=0.012731, Pos=0.012525, Vel=0.00010289]Epoch 1/200 [TRAIN]:  36%|███▌      | 1458/4032 [02:26<04:13, 10.14it/s, Loss=0.012731, Pos=0.012525, Vel=0.00010289]Epoch 1/200 [TRAIN]:  36%|███▌      | 1458/4032 [02:27<04:13, 10.14it/s, Loss=0.012725, Pos=0.012520, Vel=0.00010285]Epoch 1/200 [TRAIN]:  36%|███▌      | 1458/4032 [02:27<04:13, 10.14it/s, Loss=0.012723, Pos=0.012517, Vel=0.00010282]Epoch 1/200 [TRAIN]:  36%|███▌      | 1460/4032 [02:27<04:18,  9.94it/s, Loss=0.012723, Pos=0.012517, Vel=0.00010282]Epoch 1/200 [TRAIN]:  36%|███▌      | 1460/4032 [02:27<04:18,  9.94it/s, Loss=0.012718, Pos=0.012513, Vel=0.00010278]Epoch 1/200 [TRAIN]:  36%|███▌      | 1460/4032 [02:27<04:18,  9.94it/s, Loss=0.012711, Pos=0.012506, Vel=0.00010273]Epoch 1/200 [TRAIN]:  36%|███▋      | 1462/4032 [02:27<04:24,  9.71it/s, Loss=0.012711, Pos=0.012506, Vel=0.00010273]Epoch 1/200 [TRAIN]:  36%|███▋      | 1462/4032 [02:27<04:24,  9.71it/s, Loss=0.012712, Pos=0.012507, Vel=0.00010269]Epoch 1/200 [TRAIN]:  36%|███▋      | 1463/4032 [02:27<04:30,  9.49it/s, Loss=0.012712, Pos=0.012507, Vel=0.00010269]Epoch 1/200 [TRAIN]:  36%|███▋      | 1463/4032 [02:27<04:30,  9.49it/s, Loss=0.012707, Pos=0.012501, Vel=0.00010265]Epoch 1/200 [TRAIN]:  36%|███▋      | 1463/4032 [02:27<04:30,  9.49it/s, Loss=0.012709, Pos=0.012504, Vel=0.00010263]Epoch 1/200 [TRAIN]:  36%|███▋      | 1465/4032 [02:27<04:30,  9.50it/s, Loss=0.012709, Pos=0.012504, Vel=0.00010263]Epoch 1/200 [TRAIN]:  36%|███▋      | 1465/4032 [02:27<04:30,  9.50it/s, Loss=0.012705, Pos=0.012500, Vel=0.00010261]Epoch 1/200 [TRAIN]:  36%|███▋      | 1466/4032 [02:27<04:30,  9.48it/s, Loss=0.012705, Pos=0.012500, Vel=0.00010261]Epoch 1/200 [TRAIN]:  36%|███▋      | 1466/4032 [02:27<04:30,  9.48it/s, Loss=0.012704, Pos=0.012498, Vel=0.00010259]Epoch 1/200 [TRAIN]:  36%|███▋      | 1467/4032 [02:27<04:37,  9.26it/s, Loss=0.012704, Pos=0.012498, Vel=0.00010259]Epoch 1/200 [TRAIN]:  36%|███▋      | 1467/4032 [02:27<04:37,  9.26it/s, Loss=0.012696, Pos=0.012491, Vel=0.00010257]Epoch 1/200 [TRAIN]:  36%|███▋      | 1467/4032 [02:28<04:37,  9.26it/s, Loss=0.012693, Pos=0.012488, Vel=0.00010254]Epoch 1/200 [TRAIN]:  36%|███▋      | 1469/4032 [02:28<04:34,  9.33it/s, Loss=0.012693, Pos=0.012488, Vel=0.00010254]Epoch 1/200 [TRAIN]:  36%|███▋      | 1469/4032 [02:28<04:34,  9.33it/s, Loss=0.012696, Pos=0.012491, Vel=0.00010251]Epoch 1/200 [TRAIN]:  36%|███▋      | 1470/4032 [02:28<04:31,  9.44it/s, Loss=0.012696, Pos=0.012491, Vel=0.00010251]Epoch 1/200 [TRAIN]:  36%|███▋      | 1470/4032 [02:28<04:31,  9.44it/s, Loss=0.012692, Pos=0.012487, Vel=0.00010248]Epoch 1/200 [TRAIN]:  36%|███▋      | 1471/4032 [02:28<04:38,  9.20it/s, Loss=0.012692, Pos=0.012487, Vel=0.00010248]Epoch 1/200 [TRAIN]:  36%|███▋      | 1471/4032 [02:28<04:38,  9.20it/s, Loss=0.012687, Pos=0.012482, Vel=0.00010247]Epoch 1/200 [TRAIN]:  37%|███▋      | 1472/4032 [02:28<04:41,  9.10it/s, Loss=0.012687, Pos=0.012482, Vel=0.00010247]Epoch 1/200 [TRAIN]:  37%|███▋      | 1472/4032 [02:28<04:41,  9.10it/s, Loss=0.012688, Pos=0.012484, Vel=0.00010245]Epoch 1/200 [TRAIN]:  37%|███▋      | 1472/4032 [02:28<04:41,  9.10it/s, Loss=0.012682, Pos=0.012477, Vel=0.00010243]Epoch 1/200 [TRAIN]:  37%|███▋      | 1474/4032 [02:28<04:38,  9.19it/s, Loss=0.012682, Pos=0.012477, Vel=0.00010243]Epoch 1/200 [TRAIN]:  37%|███▋      | 1474/4032 [02:28<04:38,  9.19it/s, Loss=0.012677, Pos=0.012472, Vel=0.00010238]Epoch 1/200 [TRAIN]:  37%|███▋      | 1474/4032 [02:28<04:38,  9.19it/s, Loss=0.012675, Pos=0.012470, Vel=0.00010239]Epoch 1/200 [TRAIN]:  37%|███▋      | 1476/4032 [02:28<04:13, 10.09it/s, Loss=0.012675, Pos=0.012470, Vel=0.00010239]Epoch 1/200 [TRAIN]:  37%|███▋      | 1476/4032 [02:28<04:13, 10.09it/s, Loss=0.012667, Pos=0.012462, Vel=0.00010237]Epoch 1/200 [TRAIN]:  37%|███▋      | 1476/4032 [02:29<04:13, 10.09it/s, Loss=0.012668, Pos=0.012463, Vel=0.00010245]Epoch 1/200 [TRAIN]:  37%|███▋      | 1478/4032 [02:29<04:14, 10.03it/s, Loss=0.012668, Pos=0.012463, Vel=0.00010245]Epoch 1/200 [TRAIN]:  37%|███▋      | 1478/4032 [02:29<04:14, 10.03it/s, Loss=0.012670, Pos=0.012465, Vel=0.00010247]Epoch 1/200 [TRAIN]:  37%|███▋      | 1479/4032 [02:29<04:23,  9.67it/s, Loss=0.012670, Pos=0.012465, Vel=0.00010247]Epoch 1/200 [TRAIN]:  37%|███▋      | 1479/4032 [02:29<04:23,  9.67it/s, Loss=0.012684, Pos=0.012479, Vel=0.00010260]Epoch 1/200 [TRAIN]:  37%|███▋      | 1479/4032 [02:29<04:23,  9.67it/s, Loss=0.012684, Pos=0.012479, Vel=0.00010258]Epoch 1/200 [TRAIN]:  37%|███▋      | 1481/4032 [02:29<04:20,  9.79it/s, Loss=0.012684, Pos=0.012479, Vel=0.00010258]Epoch 1/200 [TRAIN]:  37%|███▋      | 1481/4032 [02:29<04:20,  9.79it/s, Loss=0.012695, Pos=0.012490, Vel=0.00010261]Epoch 1/200 [TRAIN]:  37%|███▋      | 1482/4032 [02:29<04:27,  9.54it/s, Loss=0.012695, Pos=0.012490, Vel=0.00010261]Epoch 1/200 [TRAIN]:  37%|███▋      | 1482/4032 [02:29<04:27,  9.54it/s, Loss=0.012698, Pos=0.012493, Vel=0.00010259]Epoch 1/200 [TRAIN]:  37%|███▋      | 1483/4032 [02:29<04:24,  9.63it/s, Loss=0.012698, Pos=0.012493, Vel=0.00010259]Epoch 1/200 [TRAIN]:  37%|███▋      | 1483/4032 [02:29<04:24,  9.63it/s, Loss=0.012772, Pos=0.012567, Vel=0.00010260]Epoch 1/200 [TRAIN]:  37%|███▋      | 1484/4032 [02:29<04:24,  9.64it/s, Loss=0.012772, Pos=0.012567, Vel=0.00010260]Epoch 1/200 [TRAIN]:  37%|███▋      | 1484/4032 [02:29<04:24,  9.64it/s, Loss=0.012768, Pos=0.012563, Vel=0.00010256]Epoch 1/200 [TRAIN]:  37%|███▋      | 1485/4032 [02:29<04:27,  9.53it/s, Loss=0.012768, Pos=0.012563, Vel=0.00010256]Epoch 1/200 [TRAIN]:  37%|███▋      | 1485/4032 [02:29<04:27,  9.53it/s, Loss=0.012808, Pos=0.012603, Vel=0.00010253]Epoch 1/200 [TRAIN]:  37%|███▋      | 1485/4032 [02:29<04:27,  9.53it/s, Loss=0.012808, Pos=0.012603, Vel=0.00010253]Epoch 1/200 [TRAIN]:  37%|███▋      | 1487/4032 [02:29<04:01, 10.54it/s, Loss=0.012808, Pos=0.012603, Vel=0.00010253]Epoch 1/200 [TRAIN]:  37%|███▋      | 1487/4032 [02:30<04:01, 10.54it/s, Loss=0.012802, Pos=0.012597, Vel=0.00010249]Epoch 1/200 [TRAIN]:  37%|███▋      | 1487/4032 [02:30<04:01, 10.54it/s, Loss=0.012795, Pos=0.012590, Vel=0.00010246]Epoch 1/200 [TRAIN]:  37%|███▋      | 1489/4032 [02:30<04:09, 10.18it/s, Loss=0.012795, Pos=0.012590, Vel=0.00010246]Epoch 1/200 [TRAIN]:  37%|███▋      | 1489/4032 [02:30<04:09, 10.18it/s, Loss=0.012803, Pos=0.012598, Vel=0.00010243]Epoch 1/200 [TRAIN]:  37%|███▋      | 1489/4032 [02:30<04:09, 10.18it/s, Loss=0.012799, Pos=0.012594, Vel=0.00010240]Epoch 1/200 [TRAIN]:  37%|███▋      | 1489/4032 [02:30<04:09, 10.18it/s, Loss=0.012798, Pos=0.012593, Vel=0.00010238]Epoch 1/200 [TRAIN]:  37%|███▋      | 1492/4032 [02:30<03:26, 12.28it/s, Loss=0.012798, Pos=0.012593, Vel=0.00010238]Epoch 1/200 [TRAIN]:  37%|███▋      | 1492/4032 [02:30<03:26, 12.28it/s, Loss=0.012796, Pos=0.012592, Vel=0.00010237]Epoch 1/200 [TRAIN]:  37%|███▋      | 1492/4032 [02:30<03:26, 12.28it/s, Loss=0.012791, Pos=0.012587, Vel=0.00010233]Epoch 1/200 [TRAIN]:  37%|███▋      | 1494/4032 [02:30<03:48, 11.13it/s, Loss=0.012791, Pos=0.012587, Vel=0.00010233]Epoch 1/200 [TRAIN]:  37%|███▋      | 1494/4032 [02:30<03:48, 11.13it/s, Loss=0.012785, Pos=0.012581, Vel=0.00010229]Epoch 1/200 [TRAIN]:  37%|███▋      | 1494/4032 [02:30<03:48, 11.13it/s, Loss=0.012784, Pos=0.012580, Vel=0.00010228]Epoch 1/200 [TRAIN]:  37%|███▋      | 1496/4032 [02:30<04:06, 10.29it/s, Loss=0.012784, Pos=0.012580, Vel=0.00010228]Epoch 1/200 [TRAIN]:  37%|███▋      | 1496/4032 [02:30<04:06, 10.29it/s, Loss=0.012778, Pos=0.012574, Vel=0.00010225]Epoch 1/200 [TRAIN]:  37%|███▋      | 1496/4032 [02:30<04:06, 10.29it/s, Loss=0.012780, Pos=0.012575, Vel=0.00010225]Epoch 1/200 [TRAIN]:  37%|███▋      | 1498/4032 [02:30<04:11, 10.06it/s, Loss=0.012780, Pos=0.012575, Vel=0.00010225]Epoch 1/200 [TRAIN]:  37%|███▋      | 1498/4032 [02:31<04:11, 10.06it/s, Loss=0.012789, Pos=0.012585, Vel=0.00010223]Epoch 1/200 [TRAIN]:  37%|███▋      | 1498/4032 [02:31<04:11, 10.06it/s, Loss=0.012783, Pos=0.012579, Vel=0.00010219]Epoch 1/200 [TRAIN]:  37%|███▋      | 1500/4032 [02:31<04:16,  9.86it/s, Loss=0.012783, Pos=0.012579, Vel=0.00010219]Epoch 1/200 [TRAIN]:  37%|███▋      | 1500/4032 [02:31<04:16,  9.86it/s, Loss=0.012782, Pos=0.012577, Vel=0.00010219]Epoch 1/200 [TRAIN]:  37%|███▋      | 1501/4032 [02:31<04:19,  9.74it/s, Loss=0.012782, Pos=0.012577, Vel=0.00010219]Epoch 1/200 [TRAIN]:  37%|███▋      | 1501/4032 [02:31<04:19,  9.74it/s, Loss=0.012796, Pos=0.012591, Vel=0.00010222]Epoch 1/200 [TRAIN]:  37%|███▋      | 1502/4032 [02:31<04:28,  9.43it/s, Loss=0.012796, Pos=0.012591, Vel=0.00010222]Epoch 1/200 [TRAIN]:  37%|███▋      | 1502/4032 [02:31<04:28,  9.43it/s, Loss=0.012794, Pos=0.012590, Vel=0.00010218]Epoch 1/200 [TRAIN]:  37%|███▋      | 1502/4032 [02:31<04:28,  9.43it/s, Loss=0.012789, Pos=0.012585, Vel=0.00010216]Epoch 1/200 [TRAIN]:  37%|███▋      | 1504/4032 [02:31<04:24,  9.57it/s, Loss=0.012789, Pos=0.012585, Vel=0.00010216]Epoch 1/200 [TRAIN]:  37%|███▋      | 1504/4032 [02:31<04:24,  9.57it/s, Loss=0.012784, Pos=0.012579, Vel=0.00010212]Epoch 1/200 [TRAIN]:  37%|███▋      | 1505/4032 [02:31<04:31,  9.31it/s, Loss=0.012784, Pos=0.012579, Vel=0.00010212]Epoch 1/200 [TRAIN]:  37%|███▋      | 1505/4032 [02:31<04:31,  9.31it/s, Loss=0.012779, Pos=0.012575, Vel=0.00010210]Epoch 1/200 [TRAIN]:  37%|███▋      | 1505/4032 [02:31<04:31,  9.31it/s, Loss=0.012774, Pos=0.012570, Vel=0.00010205]Epoch 1/200 [TRAIN]:  37%|███▋      | 1507/4032 [02:31<03:55, 10.71it/s, Loss=0.012774, Pos=0.012570, Vel=0.00010205]Epoch 1/200 [TRAIN]:  37%|███▋      | 1507/4032 [02:31<03:55, 10.71it/s, Loss=0.012775, Pos=0.012570, Vel=0.00010205]Epoch 1/200 [TRAIN]:  37%|███▋      | 1507/4032 [02:32<03:55, 10.71it/s, Loss=0.012771, Pos=0.012567, Vel=0.00010201]Epoch 1/200 [TRAIN]:  37%|███▋      | 1509/4032 [02:32<03:41, 11.37it/s, Loss=0.012771, Pos=0.012567, Vel=0.00010201]Epoch 1/200 [TRAIN]:  37%|███▋      | 1509/4032 [02:32<03:41, 11.37it/s, Loss=0.012772, Pos=0.012568, Vel=0.00010201]Epoch 1/200 [TRAIN]:  37%|███▋      | 1509/4032 [02:32<03:41, 11.37it/s, Loss=0.012766, Pos=0.012562, Vel=0.00010198]Epoch 1/200 [TRAIN]:  37%|███▋      | 1511/4032 [02:32<04:04, 10.30it/s, Loss=0.012766, Pos=0.012562, Vel=0.00010198]Epoch 1/200 [TRAIN]:  37%|███▋      | 1511/4032 [02:32<04:04, 10.30it/s, Loss=0.012761, Pos=0.012557, Vel=0.00010194]Epoch 1/200 [TRAIN]:  37%|███▋      | 1511/4032 [02:32<04:04, 10.30it/s, Loss=0.012757, Pos=0.012553, Vel=0.00010191]Epoch 1/200 [TRAIN]:  38%|███▊      | 1513/4032 [02:32<04:13,  9.95it/s, Loss=0.012757, Pos=0.012553, Vel=0.00010191]Epoch 1/200 [TRAIN]:  38%|███▊      | 1513/4032 [02:32<04:13,  9.95it/s, Loss=0.012805, Pos=0.012601, Vel=0.00010188]Epoch 1/200 [TRAIN]:  38%|███▊      | 1513/4032 [02:32<04:13,  9.95it/s, Loss=0.012819, Pos=0.012615, Vel=0.00010187]Epoch 1/200 [TRAIN]:  38%|███▊      | 1515/4032 [02:32<04:21,  9.62it/s, Loss=0.012819, Pos=0.012615, Vel=0.00010187]Epoch 1/200 [TRAIN]:  38%|███▊      | 1515/4032 [02:32<04:21,  9.62it/s, Loss=0.012815, Pos=0.012611, Vel=0.00010188]Epoch 1/200 [TRAIN]:  38%|███▊      | 1516/4032 [02:32<04:21,  9.63it/s, Loss=0.012815, Pos=0.012611, Vel=0.00010188]Epoch 1/200 [TRAIN]:  38%|███▊      | 1516/4032 [02:32<04:21,  9.63it/s, Loss=0.012810, Pos=0.012606, Vel=0.00010190]Epoch 1/200 [TRAIN]:  38%|███▊      | 1516/4032 [02:32<04:21,  9.63it/s, Loss=0.012805, Pos=0.012601, Vel=0.00010189]Epoch 1/200 [TRAIN]:  38%|███▊      | 1518/4032 [02:32<04:06, 10.19it/s, Loss=0.012805, Pos=0.012601, Vel=0.00010189]Epoch 1/200 [TRAIN]:  38%|███▊      | 1518/4032 [02:33<04:06, 10.19it/s, Loss=0.012799, Pos=0.012595, Vel=0.00010189]Epoch 1/200 [TRAIN]:  38%|███▊      | 1518/4032 [02:33<04:06, 10.19it/s, Loss=0.012796, Pos=0.012592, Vel=0.00010188]Epoch 1/200 [TRAIN]:  38%|███▊      | 1520/4032 [02:33<03:43, 11.22it/s, Loss=0.012796, Pos=0.012592, Vel=0.00010188]Epoch 1/200 [TRAIN]:  38%|███▊      | 1520/4032 [02:33<03:43, 11.22it/s, Loss=0.012791, Pos=0.012587, Vel=0.00010183]Epoch 1/200 [TRAIN]:  38%|███▊      | 1520/4032 [02:33<03:43, 11.22it/s, Loss=0.012789, Pos=0.012586, Vel=0.00010180]Epoch 1/200 [TRAIN]:  38%|███▊      | 1522/4032 [02:33<04:03, 10.29it/s, Loss=0.012789, Pos=0.012586, Vel=0.00010180]Epoch 1/200 [TRAIN]:  38%|███▊      | 1522/4032 [02:33<04:03, 10.29it/s, Loss=0.012787, Pos=0.012584, Vel=0.00010177]Epoch 1/200 [TRAIN]:  38%|███▊      | 1522/4032 [02:33<04:03, 10.29it/s, Loss=0.012790, Pos=0.012587, Vel=0.00010179]Epoch 1/200 [TRAIN]:  38%|███▊      | 1524/4032 [02:33<04:09, 10.06it/s, Loss=0.012790, Pos=0.012587, Vel=0.00010179]Epoch 1/200 [TRAIN]:  38%|███▊      | 1524/4032 [02:33<04:09, 10.06it/s, Loss=0.012803, Pos=0.012600, Vel=0.00010176]Epoch 1/200 [TRAIN]:  38%|███▊      | 1524/4032 [02:33<04:09, 10.06it/s, Loss=0.012796, Pos=0.012593, Vel=0.00010171]Epoch 1/200 [TRAIN]:  38%|███▊      | 1526/4032 [02:33<04:06, 10.19it/s, Loss=0.012796, Pos=0.012593, Vel=0.00010171]Epoch 1/200 [TRAIN]:  38%|███▊      | 1526/4032 [02:33<04:06, 10.19it/s, Loss=0.012792, Pos=0.012589, Vel=0.00010168]Epoch 1/200 [TRAIN]:  38%|███▊      | 1526/4032 [02:33<04:06, 10.19it/s, Loss=0.012786, Pos=0.012582, Vel=0.00010164]Epoch 1/200 [TRAIN]:  38%|███▊      | 1528/4032 [02:33<04:11,  9.95it/s, Loss=0.012786, Pos=0.012582, Vel=0.00010164]Epoch 1/200 [TRAIN]:  38%|███▊      | 1528/4032 [02:33<04:11,  9.95it/s, Loss=0.012782, Pos=0.012579, Vel=0.00010161]Epoch 1/200 [TRAIN]:  38%|███▊      | 1528/4032 [02:34<04:11,  9.95it/s, Loss=0.012787, Pos=0.012584, Vel=0.00010159]Epoch 1/200 [TRAIN]:  38%|███▊      | 1530/4032 [02:34<03:55, 10.61it/s, Loss=0.012787, Pos=0.012584, Vel=0.00010159]Epoch 1/200 [TRAIN]:  38%|███▊      | 1530/4032 [02:34<03:55, 10.61it/s, Loss=0.012779, Pos=0.012576, Vel=0.00010155]Epoch 1/200 [TRAIN]:  38%|███▊      | 1530/4032 [02:34<03:55, 10.61it/s, Loss=0.012777, Pos=0.012574, Vel=0.00010154]Epoch 1/200 [TRAIN]:  38%|███▊      | 1532/4032 [02:34<04:02, 10.32it/s, Loss=0.012777, Pos=0.012574, Vel=0.00010154]Epoch 1/200 [TRAIN]:  38%|███▊      | 1532/4032 [02:34<04:02, 10.32it/s, Loss=0.012776, Pos=0.012573, Vel=0.00010150]Epoch 1/200 [TRAIN]:  38%|███▊      | 1532/4032 [02:34<04:02, 10.32it/s, Loss=0.012778, Pos=0.012575, Vel=0.00010146]Epoch 1/200 [TRAIN]:  38%|███▊      | 1534/4032 [02:34<04:05, 10.17it/s, Loss=0.012778, Pos=0.012575, Vel=0.00010146]Epoch 1/200 [TRAIN]:  38%|███▊      | 1534/4032 [02:34<04:05, 10.17it/s, Loss=0.012772, Pos=0.012569, Vel=0.00010141]Epoch 1/200 [TRAIN]:  38%|███▊      | 1534/4032 [02:34<04:05, 10.17it/s, Loss=0.012767, Pos=0.012564, Vel=0.00010142]Epoch 1/200 [TRAIN]:  38%|███▊      | 1536/4032 [02:34<03:48, 10.93it/s, Loss=0.012767, Pos=0.012564, Vel=0.00010142]Epoch 1/200 [TRAIN]:  38%|███▊      | 1536/4032 [02:34<03:48, 10.93it/s, Loss=0.012766, Pos=0.012564, Vel=0.00010139]Epoch 1/200 [TRAIN]:  38%|███▊      | 1536/4032 [02:34<03:48, 10.93it/s, Loss=0.012766, Pos=0.012564, Vel=0.00010140]Epoch 1/200 [TRAIN]:  38%|███▊      | 1538/4032 [02:34<03:30, 11.85it/s, Loss=0.012766, Pos=0.012564, Vel=0.00010140]Epoch 1/200 [TRAIN]:  38%|███▊      | 1538/4032 [02:34<03:30, 11.85it/s, Loss=0.012767, Pos=0.012564, Vel=0.00010139]Epoch 1/200 [TRAIN]:  38%|███▊      | 1538/4032 [02:35<03:30, 11.85it/s, Loss=0.012763, Pos=0.012560, Vel=0.00010137]Epoch 1/200 [TRAIN]:  38%|███▊      | 1540/4032 [02:35<03:50, 10.82it/s, Loss=0.012763, Pos=0.012560, Vel=0.00010137]Epoch 1/200 [TRAIN]:  38%|███▊      | 1540/4032 [02:35<03:50, 10.82it/s, Loss=0.012762, Pos=0.012559, Vel=0.00010137]Epoch 1/200 [TRAIN]:  38%|███▊      | 1540/4032 [02:35<03:50, 10.82it/s, Loss=0.012756, Pos=0.012553, Vel=0.00010137]Epoch 1/200 [TRAIN]:  38%|███▊      | 1542/4032 [02:35<03:38, 11.40it/s, Loss=0.012756, Pos=0.012553, Vel=0.00010137]Epoch 1/200 [TRAIN]:  38%|███▊      | 1542/4032 [02:35<03:38, 11.40it/s, Loss=0.012757, Pos=0.012555, Vel=0.00010133]Epoch 1/200 [TRAIN]:  38%|███▊      | 1542/4032 [02:35<03:38, 11.40it/s, Loss=0.012764, Pos=0.012561, Vel=0.00010134]Epoch 1/200 [TRAIN]:  38%|███▊      | 1544/4032 [02:35<03:53, 10.68it/s, Loss=0.012764, Pos=0.012561, Vel=0.00010134]Epoch 1/200 [TRAIN]:  38%|███▊      | 1544/4032 [02:35<03:53, 10.68it/s, Loss=0.012758, Pos=0.012555, Vel=0.00010132]Epoch 1/200 [TRAIN]:  38%|███▊      | 1544/4032 [02:35<03:53, 10.68it/s, Loss=0.012752, Pos=0.012549, Vel=0.00010128]Epoch 1/200 [TRAIN]:  38%|███▊      | 1546/4032 [02:35<04:03, 10.22it/s, Loss=0.012752, Pos=0.012549, Vel=0.00010128]Epoch 1/200 [TRAIN]:  38%|███▊      | 1546/4032 [02:35<04:03, 10.22it/s, Loss=0.012753, Pos=0.012550, Vel=0.00010128]Epoch 1/200 [TRAIN]:  38%|███▊      | 1546/4032 [02:35<04:03, 10.22it/s, Loss=0.012751, Pos=0.012549, Vel=0.00010128]Epoch 1/200 [TRAIN]:  38%|███▊      | 1548/4032 [02:35<04:04, 10.15it/s, Loss=0.012751, Pos=0.012549, Vel=0.00010128]Epoch 1/200 [TRAIN]:  38%|███▊      | 1548/4032 [02:35<04:04, 10.15it/s, Loss=0.012781, Pos=0.012578, Vel=0.00010128]Epoch 1/200 [TRAIN]:  38%|███▊      | 1548/4032 [02:35<04:04, 10.15it/s, Loss=0.012775, Pos=0.012573, Vel=0.00010124]Epoch 1/200 [TRAIN]:  38%|███▊      | 1550/4032 [02:35<03:36, 11.46it/s, Loss=0.012775, Pos=0.012573, Vel=0.00010124]Epoch 1/200 [TRAIN]:  38%|███▊      | 1550/4032 [02:36<03:36, 11.46it/s, Loss=0.012785, Pos=0.012583, Vel=0.00010122]Epoch 1/200 [TRAIN]:  38%|███▊      | 1550/4032 [02:36<03:36, 11.46it/s, Loss=0.012781, Pos=0.012579, Vel=0.00010120]Epoch 1/200 [TRAIN]:  38%|███▊      | 1552/4032 [02:36<03:53, 10.61it/s, Loss=0.012781, Pos=0.012579, Vel=0.00010120]Epoch 1/200 [TRAIN]:  38%|███▊      | 1552/4032 [02:36<03:53, 10.61it/s, Loss=0.012777, Pos=0.012575, Vel=0.00010117]Epoch 1/200 [TRAIN]:  38%|███▊      | 1552/4032 [02:36<03:53, 10.61it/s, Loss=0.012771, Pos=0.012569, Vel=0.00010113]Epoch 1/200 [TRAIN]:  39%|███▊      | 1554/4032 [02:36<04:08,  9.97it/s, Loss=0.012771, Pos=0.012569, Vel=0.00010113]Epoch 1/200 [TRAIN]:  39%|███▊      | 1554/4032 [02:36<04:08,  9.97it/s, Loss=0.012767, Pos=0.012565, Vel=0.00010112]Epoch 1/200 [TRAIN]:  39%|███▊      | 1554/4032 [02:36<04:08,  9.97it/s, Loss=0.012760, Pos=0.012558, Vel=0.00010108]Epoch 1/200 [TRAIN]:  39%|███▊      | 1556/4032 [02:36<04:14,  9.72it/s, Loss=0.012760, Pos=0.012558, Vel=0.00010108]Epoch 1/200 [TRAIN]:  39%|███▊      | 1556/4032 [02:36<04:14,  9.72it/s, Loss=0.012778, Pos=0.012576, Vel=0.00010108]Epoch 1/200 [TRAIN]:  39%|███▊      | 1556/4032 [02:36<04:14,  9.72it/s, Loss=0.012774, Pos=0.012571, Vel=0.00010105]Epoch 1/200 [TRAIN]:  39%|███▊      | 1558/4032 [02:36<04:17,  9.61it/s, Loss=0.012774, Pos=0.012571, Vel=0.00010105]Epoch 1/200 [TRAIN]:  39%|███▊      | 1558/4032 [02:36<04:17,  9.61it/s, Loss=0.012774, Pos=0.012572, Vel=0.00010104]Epoch 1/200 [TRAIN]:  39%|███▊      | 1559/4032 [02:36<04:17,  9.59it/s, Loss=0.012774, Pos=0.012572, Vel=0.00010104]Epoch 1/200 [TRAIN]:  39%|███▊      | 1559/4032 [02:37<04:17,  9.59it/s, Loss=0.012772, Pos=0.012570, Vel=0.00010105]Epoch 1/200 [TRAIN]:  39%|███▊      | 1560/4032 [02:37<04:24,  9.34it/s, Loss=0.012772, Pos=0.012570, Vel=0.00010105]Epoch 1/200 [TRAIN]:  39%|███▊      | 1560/4032 [02:37<04:24,  9.34it/s, Loss=0.012765, Pos=0.012563, Vel=0.00010100]Epoch 1/200 [TRAIN]:  39%|███▊      | 1560/4032 [02:37<04:24,  9.34it/s, Loss=0.012764, Pos=0.012563, Vel=0.00010098]Epoch 1/200 [TRAIN]:  39%|███▊      | 1562/4032 [02:37<04:02, 10.18it/s, Loss=0.012764, Pos=0.012563, Vel=0.00010098]Epoch 1/200 [TRAIN]:  39%|███▊      | 1562/4032 [02:37<04:02, 10.18it/s, Loss=0.012759, Pos=0.012557, Vel=0.00010100]Epoch 1/200 [TRAIN]:  39%|███▊      | 1562/4032 [02:37<04:02, 10.18it/s, Loss=0.012756, Pos=0.012554, Vel=0.00010097]Epoch 1/200 [TRAIN]:  39%|███▉      | 1564/4032 [02:37<03:58, 10.35it/s, Loss=0.012756, Pos=0.012554, Vel=0.00010097]Epoch 1/200 [TRAIN]:  39%|███▉      | 1564/4032 [02:37<03:58, 10.35it/s, Loss=0.012753, Pos=0.012551, Vel=0.00010094]Epoch 1/200 [TRAIN]:  39%|███▉      | 1564/4032 [02:37<03:58, 10.35it/s, Loss=0.012758, Pos=0.012556, Vel=0.00010100]Epoch 1/200 [TRAIN]:  39%|███▉      | 1566/4032 [02:37<04:05, 10.03it/s, Loss=0.012758, Pos=0.012556, Vel=0.00010100]Epoch 1/200 [TRAIN]:  39%|███▉      | 1566/4032 [02:37<04:05, 10.03it/s, Loss=0.012754, Pos=0.012552, Vel=0.00010097]Epoch 1/200 [TRAIN]:  39%|███▉      | 1566/4032 [02:37<04:05, 10.03it/s, Loss=0.012748, Pos=0.012547, Vel=0.00010092]Epoch 1/200 [TRAIN]:  39%|███▉      | 1568/4032 [02:37<04:16,  9.60it/s, Loss=0.012748, Pos=0.012547, Vel=0.00010092]Epoch 1/200 [TRAIN]:  39%|███▉      | 1568/4032 [02:37<04:16,  9.60it/s, Loss=0.012758, Pos=0.012556, Vel=0.00010092]Epoch 1/200 [TRAIN]:  39%|███▉      | 1569/4032 [02:37<04:17,  9.56it/s, Loss=0.012758, Pos=0.012556, Vel=0.00010092]Epoch 1/200 [TRAIN]:  39%|███▉      | 1569/4032 [02:37<04:17,  9.56it/s, Loss=0.012753, Pos=0.012551, Vel=0.00010087]Epoch 1/200 [TRAIN]:  39%|███▉      | 1569/4032 [02:38<04:17,  9.56it/s, Loss=0.012747, Pos=0.012546, Vel=0.00010086]Epoch 1/200 [TRAIN]:  39%|███▉      | 1571/4032 [02:38<03:54, 10.51it/s, Loss=0.012747, Pos=0.012546, Vel=0.00010086]Epoch 1/200 [TRAIN]:  39%|███▉      | 1571/4032 [02:38<03:54, 10.51it/s, Loss=0.012741, Pos=0.012540, Vel=0.00010082]Epoch 1/200 [TRAIN]:  39%|███▉      | 1571/4032 [02:38<03:54, 10.51it/s, Loss=0.012747, Pos=0.012545, Vel=0.00010082]Epoch 1/200 [TRAIN]:  39%|███▉      | 1573/4032 [02:38<04:06,  9.97it/s, Loss=0.012747, Pos=0.012545, Vel=0.00010082]Epoch 1/200 [TRAIN]:  39%|███▉      | 1573/4032 [02:38<04:06,  9.97it/s, Loss=0.012743, Pos=0.012542, Vel=0.00010084]Epoch 1/200 [TRAIN]:  39%|███▉      | 1573/4032 [02:38<04:06,  9.97it/s, Loss=0.012740, Pos=0.012539, Vel=0.00010080]Epoch 1/200 [TRAIN]:  39%|███▉      | 1573/4032 [02:38<04:06,  9.97it/s, Loss=0.012737, Pos=0.012535, Vel=0.00010079]Epoch 1/200 [TRAIN]:  39%|███▉      | 1576/4032 [02:38<03:32, 11.57it/s, Loss=0.012737, Pos=0.012535, Vel=0.00010079]Epoch 1/200 [TRAIN]:  39%|███▉      | 1576/4032 [02:38<03:32, 11.57it/s, Loss=0.012732, Pos=0.012531, Vel=0.00010075]Epoch 1/200 [TRAIN]:  39%|███▉      | 1576/4032 [02:38<03:32, 11.57it/s, Loss=0.012760, Pos=0.012558, Vel=0.00010085]Epoch 1/200 [TRAIN]:  39%|███▉      | 1578/4032 [02:38<03:43, 11.00it/s, Loss=0.012760, Pos=0.012558, Vel=0.00010085]Epoch 1/200 [TRAIN]:  39%|███▉      | 1578/4032 [02:38<03:43, 11.00it/s, Loss=0.012759, Pos=0.012557, Vel=0.00010090]Epoch 1/200 [TRAIN]:  39%|███▉      | 1578/4032 [02:38<03:43, 11.00it/s, Loss=0.012761, Pos=0.012559, Vel=0.00010089]Epoch 1/200 [TRAIN]:  39%|███▉      | 1580/4032 [02:38<03:30, 11.63it/s, Loss=0.012761, Pos=0.012559, Vel=0.00010089]Epoch 1/200 [TRAIN]:  39%|███▉      | 1580/4032 [02:38<03:30, 11.63it/s, Loss=0.012773, Pos=0.012571, Vel=0.00010086]Epoch 1/200 [TRAIN]:  39%|███▉      | 1580/4032 [02:39<03:30, 11.63it/s, Loss=0.012808, Pos=0.012606, Vel=0.00010090]Epoch 1/200 [TRAIN]:  39%|███▉      | 1582/4032 [02:39<03:47, 10.78it/s, Loss=0.012808, Pos=0.012606, Vel=0.00010090]Epoch 1/200 [TRAIN]:  39%|███▉      | 1582/4032 [02:39<03:47, 10.78it/s, Loss=0.012806, Pos=0.012605, Vel=0.00010087]Epoch 1/200 [TRAIN]:  39%|███▉      | 1582/4032 [02:39<03:47, 10.78it/s, Loss=0.012808, Pos=0.012606, Vel=0.00010083]Epoch 1/200 [TRAIN]:  39%|███▉      | 1584/4032 [02:39<03:56, 10.34it/s, Loss=0.012808, Pos=0.012606, Vel=0.00010083]Epoch 1/200 [TRAIN]:  39%|███▉      | 1584/4032 [02:39<03:56, 10.34it/s, Loss=0.012802, Pos=0.012601, Vel=0.00010081]Epoch 1/200 [TRAIN]:  39%|███▉      | 1584/4032 [02:39<03:56, 10.34it/s, Loss=0.012806, Pos=0.012605, Vel=0.00010078]Epoch 1/200 [TRAIN]:  39%|███▉      | 1586/4032 [02:39<04:03, 10.03it/s, Loss=0.012806, Pos=0.012605, Vel=0.00010078]Epoch 1/200 [TRAIN]:  39%|███▉      | 1586/4032 [02:39<04:03, 10.03it/s, Loss=0.012841, Pos=0.012639, Vel=0.00010097]Epoch 1/200 [TRAIN]:  39%|███▉      | 1586/4032 [02:39<04:03, 10.03it/s, Loss=0.012838, Pos=0.012636, Vel=0.00010098]Epoch 1/200 [TRAIN]:  39%|███▉      | 1588/4032 [02:39<04:10,  9.74it/s, Loss=0.012838, Pos=0.012636, Vel=0.00010098]Epoch 1/200 [TRAIN]:  39%|███▉      | 1588/4032 [02:39<04:10,  9.74it/s, Loss=0.012836, Pos=0.012634, Vel=0.00010103]Epoch 1/200 [TRAIN]:  39%|███▉      | 1589/4032 [02:39<04:13,  9.62it/s, Loss=0.012836, Pos=0.012634, Vel=0.00010103]Epoch 1/200 [TRAIN]:  39%|███▉      | 1589/4032 [02:39<04:13,  9.62it/s, Loss=0.012833, Pos=0.012631, Vel=0.00010100]Epoch 1/200 [TRAIN]:  39%|███▉      | 1590/4032 [02:39<04:20,  9.36it/s, Loss=0.012833, Pos=0.012631, Vel=0.00010100]Epoch 1/200 [TRAIN]:  39%|███▉      | 1590/4032 [02:40<04:20,  9.36it/s, Loss=0.012842, Pos=0.012640, Vel=0.00010100]Epoch 1/200 [TRAIN]:  39%|███▉      | 1590/4032 [02:40<04:20,  9.36it/s, Loss=0.012838, Pos=0.012636, Vel=0.00010097]Epoch 1/200 [TRAIN]:  39%|███▉      | 1592/4032 [02:40<04:05,  9.92it/s, Loss=0.012838, Pos=0.012636, Vel=0.00010097]Epoch 1/200 [TRAIN]:  39%|███▉      | 1592/4032 [02:40<04:05,  9.92it/s, Loss=0.012865, Pos=0.012663, Vel=0.00010096]Epoch 1/200 [TRAIN]:  39%|███▉      | 1592/4032 [02:40<04:05,  9.92it/s, Loss=0.012861, Pos=0.012659, Vel=0.00010092]Epoch 1/200 [TRAIN]:  40%|███▉      | 1594/4032 [02:40<03:39, 11.10it/s, Loss=0.012861, Pos=0.012659, Vel=0.00010092]Epoch 1/200 [TRAIN]:  40%|███▉      | 1594/4032 [02:40<03:39, 11.10it/s, Loss=0.012862, Pos=0.012660, Vel=0.00010095]Epoch 1/200 [TRAIN]:  40%|███▉      | 1594/4032 [02:40<03:39, 11.10it/s, Loss=0.012861, Pos=0.012659, Vel=0.00010104]Epoch 1/200 [TRAIN]:  40%|███▉      | 1596/4032 [02:40<03:14, 12.54it/s, Loss=0.012861, Pos=0.012659, Vel=0.00010104]Epoch 1/200 [TRAIN]:  40%|███▉      | 1596/4032 [02:40<03:14, 12.54it/s, Loss=0.012856, Pos=0.012654, Vel=0.00010100]Epoch 1/200 [TRAIN]:  40%|███▉      | 1596/4032 [02:40<03:14, 12.54it/s, Loss=0.012853, Pos=0.012651, Vel=0.00010098]Epoch 1/200 [TRAIN]:  40%|███▉      | 1598/4032 [02:40<03:03, 13.26it/s, Loss=0.012853, Pos=0.012651, Vel=0.00010098]Epoch 1/200 [TRAIN]:  40%|███▉      | 1598/4032 [02:40<03:03, 13.26it/s, Loss=0.012848, Pos=0.012646, Vel=0.00010096]Epoch 1/200 [TRAIN]:  40%|███▉      | 1598/4032 [02:40<03:03, 13.26it/s, Loss=0.012843, Pos=0.012641, Vel=0.00010094]Epoch 1/200 [TRAIN]:  40%|███▉      | 1600/4032 [02:40<03:22, 12.01it/s, Loss=0.012843, Pos=0.012641, Vel=0.00010094]Epoch 1/200 [TRAIN]:  40%|███▉      | 1600/4032 [02:40<03:22, 12.01it/s, Loss=0.012838, Pos=0.012636, Vel=0.00010090]Epoch 1/200 [TRAIN]:  40%|███▉      | 1600/4032 [02:40<03:22, 12.01it/s, Loss=0.012835, Pos=0.012633, Vel=0.00010089]Epoch 1/200 [TRAIN]:  40%|███▉      | 1602/4032 [02:40<03:44, 10.81it/s, Loss=0.012835, Pos=0.012633, Vel=0.00010089]Epoch 1/200 [TRAIN]:  40%|███▉      | 1602/4032 [02:41<03:44, 10.81it/s, Loss=0.012829, Pos=0.012627, Vel=0.00010086]Epoch 1/200 [TRAIN]:  40%|███▉      | 1602/4032 [02:41<03:44, 10.81it/s, Loss=0.012826, Pos=0.012624, Vel=0.00010084]Epoch 1/200 [TRAIN]:  40%|███▉      | 1604/4032 [02:41<03:53, 10.40it/s, Loss=0.012826, Pos=0.012624, Vel=0.00010084]Epoch 1/200 [TRAIN]:  40%|███▉      | 1604/4032 [02:41<03:53, 10.40it/s, Loss=0.012821, Pos=0.012620, Vel=0.00010079]Epoch 1/200 [TRAIN]:  40%|███▉      | 1604/4032 [02:41<03:53, 10.40it/s, Loss=0.012816, Pos=0.012615, Vel=0.00010077]Epoch 1/200 [TRAIN]:  40%|███▉      | 1606/4032 [02:41<03:40, 11.01it/s, Loss=0.012816, Pos=0.012615, Vel=0.00010077]Epoch 1/200 [TRAIN]:  40%|███▉      | 1606/4032 [02:41<03:40, 11.01it/s, Loss=0.012821, Pos=0.012620, Vel=0.00010077]Epoch 1/200 [TRAIN]:  40%|███▉      | 1606/4032 [02:41<03:40, 11.01it/s, Loss=0.012818, Pos=0.012617, Vel=0.00010075]Epoch 1/200 [TRAIN]:  40%|███▉      | 1608/4032 [02:41<03:54, 10.34it/s, Loss=0.012818, Pos=0.012617, Vel=0.00010075]Epoch 1/200 [TRAIN]:  40%|███▉      | 1608/4032 [02:41<03:54, 10.34it/s, Loss=0.012816, Pos=0.012614, Vel=0.00010077]Epoch 1/200 [TRAIN]:  40%|███▉      | 1608/4032 [02:41<03:54, 10.34it/s, Loss=0.012817, Pos=0.012616, Vel=0.00010075]Epoch 1/200 [TRAIN]:  40%|███▉      | 1610/4032 [02:41<03:56, 10.23it/s, Loss=0.012817, Pos=0.012616, Vel=0.00010075]Epoch 1/200 [TRAIN]:  40%|███▉      | 1610/4032 [02:41<03:56, 10.23it/s, Loss=0.012828, Pos=0.012626, Vel=0.00010071]Epoch 1/200 [TRAIN]:  40%|███▉      | 1610/4032 [02:41<03:56, 10.23it/s, Loss=0.012825, Pos=0.012624, Vel=0.00010068]Epoch 1/200 [TRAIN]:  40%|███▉      | 1612/4032 [02:41<04:07,  9.77it/s, Loss=0.012825, Pos=0.012624, Vel=0.00010068]Epoch 1/200 [TRAIN]:  40%|███▉      | 1612/4032 [02:42<04:07,  9.77it/s, Loss=0.012832, Pos=0.012631, Vel=0.00010066]Epoch 1/200 [TRAIN]:  40%|███▉      | 1612/4032 [02:42<04:07,  9.77it/s, Loss=0.012832, Pos=0.012631, Vel=0.00010062]Epoch 1/200 [TRAIN]:  40%|████      | 1614/4032 [02:42<04:12,  9.58it/s, Loss=0.012832, Pos=0.012631, Vel=0.00010062]Epoch 1/200 [TRAIN]:  40%|████      | 1614/4032 [02:42<04:12,  9.58it/s, Loss=0.012825, Pos=0.012624, Vel=0.00010059]Epoch 1/200 [TRAIN]:  40%|████      | 1615/4032 [02:42<04:13,  9.55it/s, Loss=0.012825, Pos=0.012624, Vel=0.00010059]Epoch 1/200 [TRAIN]:  40%|████      | 1615/4032 [02:42<04:13,  9.55it/s, Loss=0.012820, Pos=0.012619, Vel=0.00010055]Epoch 1/200 [TRAIN]:  40%|████      | 1616/4032 [02:42<04:17,  9.37it/s, Loss=0.012820, Pos=0.012619, Vel=0.00010055]Epoch 1/200 [TRAIN]:  40%|████      | 1616/4032 [02:42<04:17,  9.37it/s, Loss=0.012814, Pos=0.012613, Vel=0.00010052]Epoch 1/200 [TRAIN]:  40%|████      | 1616/4032 [02:42<04:17,  9.37it/s, Loss=0.012816, Pos=0.012615, Vel=0.00010059]Epoch 1/200 [TRAIN]:  40%|████      | 1618/4032 [02:42<03:43, 10.81it/s, Loss=0.012816, Pos=0.012615, Vel=0.00010059]Epoch 1/200 [TRAIN]:  40%|████      | 1618/4032 [02:42<03:43, 10.81it/s, Loss=0.012828, Pos=0.012627, Vel=0.00010056]Epoch 1/200 [TRAIN]:  40%|████      | 1618/4032 [02:42<03:43, 10.81it/s, Loss=0.012822, Pos=0.012621, Vel=0.00010052]Epoch 1/200 [TRAIN]:  40%|████      | 1620/4032 [02:42<04:00, 10.02it/s, Loss=0.012822, Pos=0.012621, Vel=0.00010052]Epoch 1/200 [TRAIN]:  40%|████      | 1620/4032 [02:42<04:00, 10.02it/s, Loss=0.012824, Pos=0.012623, Vel=0.00010051]Epoch 1/200 [TRAIN]:  40%|████      | 1620/4032 [02:42<04:00, 10.02it/s, Loss=0.012822, Pos=0.012621, Vel=0.00010047]Epoch 1/200 [TRAIN]:  40%|████      | 1620/4032 [02:42<04:00, 10.02it/s, Loss=0.012822, Pos=0.012621, Vel=0.00010044]Epoch 1/200 [TRAIN]:  40%|████      | 1623/4032 [02:42<03:28, 11.57it/s, Loss=0.012822, Pos=0.012621, Vel=0.00010044]Epoch 1/200 [TRAIN]:  40%|████      | 1623/4032 [02:43<03:28, 11.57it/s, Loss=0.012854, Pos=0.012653, Vel=0.00010045]Epoch 1/200 [TRAIN]:  40%|████      | 1623/4032 [02:43<03:28, 11.57it/s, Loss=0.012858, Pos=0.012657, Vel=0.00010042]Epoch 1/200 [TRAIN]:  40%|████      | 1625/4032 [02:43<03:36, 11.13it/s, Loss=0.012858, Pos=0.012657, Vel=0.00010042]Epoch 1/200 [TRAIN]:  40%|████      | 1625/4032 [02:43<03:36, 11.13it/s, Loss=0.012852, Pos=0.012651, Vel=0.00010042]Epoch 1/200 [TRAIN]:  40%|████      | 1625/4032 [02:43<03:36, 11.13it/s, Loss=0.012852, Pos=0.012651, Vel=0.00010039]Epoch 1/200 [TRAIN]:  40%|████      | 1627/4032 [02:43<03:49, 10.49it/s, Loss=0.012852, Pos=0.012651, Vel=0.00010039]Epoch 1/200 [TRAIN]:  40%|████      | 1627/4032 [02:43<03:49, 10.49it/s, Loss=0.012860, Pos=0.012659, Vel=0.00010042]Epoch 1/200 [TRAIN]:  40%|████      | 1627/4032 [02:43<03:49, 10.49it/s, Loss=0.012876, Pos=0.012675, Vel=0.00010046]Epoch 1/200 [TRAIN]:  40%|████      | 1629/4032 [02:43<03:57, 10.11it/s, Loss=0.012876, Pos=0.012675, Vel=0.00010046]Epoch 1/200 [TRAIN]:  40%|████      | 1629/4032 [02:43<03:57, 10.11it/s, Loss=0.012869, Pos=0.012668, Vel=0.00010041]Epoch 1/200 [TRAIN]:  40%|████      | 1629/4032 [02:43<03:57, 10.11it/s, Loss=0.012872, Pos=0.012671, Vel=0.00010038]Epoch 1/200 [TRAIN]:  40%|████      | 1631/4032 [02:43<03:26, 11.65it/s, Loss=0.012872, Pos=0.012671, Vel=0.00010038]Epoch 1/200 [TRAIN]:  40%|████      | 1631/4032 [02:43<03:26, 11.65it/s, Loss=0.012867, Pos=0.012666, Vel=0.00010035]Epoch 1/200 [TRAIN]:  40%|████      | 1631/4032 [02:43<03:26, 11.65it/s, Loss=0.012863, Pos=0.012663, Vel=0.00010032]Epoch 1/200 [TRAIN]:  41%|████      | 1633/4032 [02:43<03:39, 10.95it/s, Loss=0.012863, Pos=0.012663, Vel=0.00010032]Epoch 1/200 [TRAIN]:  41%|████      | 1633/4032 [02:44<03:39, 10.95it/s, Loss=0.012865, Pos=0.012664, Vel=0.00010029]Epoch 1/200 [TRAIN]:  41%|████      | 1633/4032 [02:44<03:39, 10.95it/s, Loss=0.012859, Pos=0.012658, Vel=0.00010027]Epoch 1/200 [TRAIN]:  41%|████      | 1635/4032 [02:44<03:48, 10.49it/s, Loss=0.012859, Pos=0.012658, Vel=0.00010027]Epoch 1/200 [TRAIN]:  41%|████      | 1635/4032 [02:44<03:48, 10.49it/s, Loss=0.012854, Pos=0.012653, Vel=0.00010024]Epoch 1/200 [TRAIN]:  41%|████      | 1635/4032 [02:44<03:48, 10.49it/s, Loss=0.012851, Pos=0.012651, Vel=0.00010020]Epoch 1/200 [TRAIN]:  41%|████      | 1635/4032 [02:44<03:48, 10.49it/s, Loss=0.012846, Pos=0.012645, Vel=0.00010017]Epoch 1/200 [TRAIN]:  41%|████      | 1638/4032 [02:44<02:57, 13.52it/s, Loss=0.012846, Pos=0.012645, Vel=0.00010017]Epoch 1/200 [TRAIN]:  41%|████      | 1638/4032 [02:44<02:57, 13.52it/s, Loss=0.012842, Pos=0.012642, Vel=0.00010015]Epoch 1/200 [TRAIN]:  41%|████      | 1638/4032 [02:44<02:57, 13.52it/s, Loss=0.012836, Pos=0.012636, Vel=0.00010013]Epoch 1/200 [TRAIN]:  41%|████      | 1640/4032 [02:44<03:02, 13.11it/s, Loss=0.012836, Pos=0.012636, Vel=0.00010013]Epoch 1/200 [TRAIN]:  41%|████      | 1640/4032 [02:44<03:02, 13.11it/s, Loss=0.012830, Pos=0.012630, Vel=0.00010009]Epoch 1/200 [TRAIN]:  41%|████      | 1640/4032 [02:44<03:02, 13.11it/s, Loss=0.012823, Pos=0.012623, Vel=0.00010005]Epoch 1/200 [TRAIN]:  41%|████      | 1642/4032 [02:44<03:12, 12.43it/s, Loss=0.012823, Pos=0.012623, Vel=0.00010005]Epoch 1/200 [TRAIN]:  41%|████      | 1642/4032 [02:44<03:12, 12.43it/s, Loss=0.012819, Pos=0.012618, Vel=0.00010004]Epoch 1/200 [TRAIN]:  41%|████      | 1642/4032 [02:44<03:12, 12.43it/s, Loss=0.012819, Pos=0.012619, Vel=0.00010008]Epoch 1/200 [TRAIN]:  41%|████      | 1644/4032 [02:44<03:29, 11.40it/s, Loss=0.012819, Pos=0.012619, Vel=0.00010008]Epoch 1/200 [TRAIN]:  41%|████      | 1644/4032 [02:44<03:29, 11.40it/s, Loss=0.012815, Pos=0.012615, Vel=0.00010005]Epoch 1/200 [TRAIN]:  41%|████      | 1644/4032 [02:45<03:29, 11.40it/s, Loss=0.012810, Pos=0.012610, Vel=0.00010002]Epoch 1/200 [TRAIN]:  41%|████      | 1646/4032 [02:45<03:40, 10.81it/s, Loss=0.012810, Pos=0.012610, Vel=0.00010002]Epoch 1/200 [TRAIN]:  41%|████      | 1646/4032 [02:45<03:40, 10.81it/s, Loss=0.012808, Pos=0.012608, Vel=0.00009998]Epoch 1/200 [TRAIN]:  41%|████      | 1646/4032 [02:45<03:40, 10.81it/s, Loss=0.012816, Pos=0.012616, Vel=0.00009996]Epoch 1/200 [TRAIN]:  41%|████      | 1648/4032 [02:45<03:51, 10.32it/s, Loss=0.012816, Pos=0.012616, Vel=0.00009996]Epoch 1/200 [TRAIN]:  41%|████      | 1648/4032 [02:45<03:51, 10.32it/s, Loss=0.012811, Pos=0.012611, Vel=0.00009994]Epoch 1/200 [TRAIN]:  41%|████      | 1648/4032 [02:45<03:51, 10.32it/s, Loss=0.012809, Pos=0.012609, Vel=0.00009991]Epoch 1/200 [TRAIN]:  41%|████      | 1650/4032 [02:45<04:01,  9.88it/s, Loss=0.012809, Pos=0.012609, Vel=0.00009991]Epoch 1/200 [TRAIN]:  41%|████      | 1650/4032 [02:45<04:01,  9.88it/s, Loss=0.012806, Pos=0.012606, Vel=0.00009991]Epoch 1/200 [TRAIN]:  41%|████      | 1650/4032 [02:45<04:01,  9.88it/s, Loss=0.012803, Pos=0.012603, Vel=0.00009988]Epoch 1/200 [TRAIN]:  41%|████      | 1652/4032 [02:45<03:59,  9.93it/s, Loss=0.012803, Pos=0.012603, Vel=0.00009988]Epoch 1/200 [TRAIN]:  41%|████      | 1652/4032 [02:45<03:59,  9.93it/s, Loss=0.012798, Pos=0.012598, Vel=0.00009985]Epoch 1/200 [TRAIN]:  41%|████      | 1652/4032 [02:45<03:59,  9.93it/s, Loss=0.012797, Pos=0.012598, Vel=0.00009983]Epoch 1/200 [TRAIN]:  41%|████      | 1654/4032 [02:45<04:03,  9.75it/s, Loss=0.012797, Pos=0.012598, Vel=0.00009983]Epoch 1/200 [TRAIN]:  41%|████      | 1654/4032 [02:45<04:03,  9.75it/s, Loss=0.012802, Pos=0.012602, Vel=0.00009980]Epoch 1/200 [TRAIN]:  41%|████      | 1654/4032 [02:46<04:03,  9.75it/s, Loss=0.012799, Pos=0.012599, Vel=0.00009976]Epoch 1/200 [TRAIN]:  41%|████      | 1656/4032 [02:46<03:55, 10.08it/s, Loss=0.012799, Pos=0.012599, Vel=0.00009976]Epoch 1/200 [TRAIN]:  41%|████      | 1656/4032 [02:46<03:55, 10.08it/s, Loss=0.012796, Pos=0.012596, Vel=0.00009974]Epoch 1/200 [TRAIN]:  41%|████      | 1656/4032 [02:46<03:55, 10.08it/s, Loss=0.012798, Pos=0.012598, Vel=0.00009970]Epoch 1/200 [TRAIN]:  41%|████      | 1658/4032 [02:46<04:00,  9.89it/s, Loss=0.012798, Pos=0.012598, Vel=0.00009970]Epoch 1/200 [TRAIN]:  41%|████      | 1658/4032 [02:46<04:00,  9.89it/s, Loss=0.012801, Pos=0.012601, Vel=0.00009968]Epoch 1/200 [TRAIN]:  41%|████      | 1658/4032 [02:46<04:00,  9.89it/s, Loss=0.012796, Pos=0.012596, Vel=0.00009964]Epoch 1/200 [TRAIN]:  41%|████      | 1660/4032 [02:46<03:37, 10.89it/s, Loss=0.012796, Pos=0.012596, Vel=0.00009964]Epoch 1/200 [TRAIN]:  41%|████      | 1660/4032 [02:46<03:37, 10.89it/s, Loss=0.012799, Pos=0.012599, Vel=0.00009972]Epoch 1/200 [TRAIN]:  41%|████      | 1660/4032 [02:46<03:37, 10.89it/s, Loss=0.012802, Pos=0.012603, Vel=0.00009969]Epoch 1/200 [TRAIN]:  41%|████      | 1662/4032 [02:46<03:46, 10.47it/s, Loss=0.012802, Pos=0.012603, Vel=0.00009969]Epoch 1/200 [TRAIN]:  41%|████      | 1662/4032 [02:46<03:46, 10.47it/s, Loss=0.012797, Pos=0.012598, Vel=0.00009967]Epoch 1/200 [TRAIN]:  41%|████      | 1662/4032 [02:46<03:46, 10.47it/s, Loss=0.012794, Pos=0.012595, Vel=0.00009967]Epoch 1/200 [TRAIN]:  41%|████▏     | 1664/4032 [02:46<03:52, 10.18it/s, Loss=0.012794, Pos=0.012595, Vel=0.00009967]Epoch 1/200 [TRAIN]:  41%|████▏     | 1664/4032 [02:46<03:52, 10.18it/s, Loss=0.012789, Pos=0.012590, Vel=0.00009963]Epoch 1/200 [TRAIN]:  41%|████▏     | 1664/4032 [02:47<03:52, 10.18it/s, Loss=0.012786, Pos=0.012587, Vel=0.00009966]Epoch 1/200 [TRAIN]:  41%|████▏     | 1666/4032 [02:47<03:58,  9.90it/s, Loss=0.012786, Pos=0.012587, Vel=0.00009966]Epoch 1/200 [TRAIN]:  41%|████▏     | 1666/4032 [02:47<03:58,  9.90it/s, Loss=0.012787, Pos=0.012587, Vel=0.00009962]Epoch 1/200 [TRAIN]:  41%|████▏     | 1666/4032 [02:47<03:58,  9.90it/s, Loss=0.012780, Pos=0.012581, Vel=0.00009957]Epoch 1/200 [TRAIN]:  41%|████▏     | 1668/4032 [02:47<04:03,  9.73it/s, Loss=0.012780, Pos=0.012581, Vel=0.00009957]Epoch 1/200 [TRAIN]:  41%|████▏     | 1668/4032 [02:47<04:03,  9.73it/s, Loss=0.012788, Pos=0.012589, Vel=0.00009954]Epoch 1/200 [TRAIN]:  41%|████▏     | 1669/4032 [02:47<04:04,  9.68it/s, Loss=0.012788, Pos=0.012589, Vel=0.00009954]Epoch 1/200 [TRAIN]:  41%|████▏     | 1669/4032 [02:47<04:04,  9.68it/s, Loss=0.012784, Pos=0.012585, Vel=0.00009950]Epoch 1/200 [TRAIN]:  41%|████▏     | 1669/4032 [02:47<04:04,  9.68it/s, Loss=0.012779, Pos=0.012580, Vel=0.00009946]Epoch 1/200 [TRAIN]:  41%|████▏     | 1671/4032 [02:47<04:02,  9.75it/s, Loss=0.012779, Pos=0.012580, Vel=0.00009946]Epoch 1/200 [TRAIN]:  41%|████▏     | 1671/4032 [02:47<04:02,  9.75it/s, Loss=0.012776, Pos=0.012578, Vel=0.00009944]Epoch 1/200 [TRAIN]:  41%|████▏     | 1672/4032 [02:47<04:02,  9.72it/s, Loss=0.012776, Pos=0.012578, Vel=0.00009944]Epoch 1/200 [TRAIN]:  41%|████▏     | 1672/4032 [02:47<04:02,  9.72it/s, Loss=0.012772, Pos=0.012574, Vel=0.00009939]Epoch 1/200 [TRAIN]:  41%|████▏     | 1673/4032 [02:47<04:02,  9.71it/s, Loss=0.012772, Pos=0.012574, Vel=0.00009939]Epoch 1/200 [TRAIN]:  41%|████▏     | 1673/4032 [02:47<04:02,  9.71it/s, Loss=0.012773, Pos=0.012574, Vel=0.00009936]Epoch 1/200 [TRAIN]:  42%|████▏     | 1674/4032 [02:47<04:04,  9.65it/s, Loss=0.012773, Pos=0.012574, Vel=0.00009936]Epoch 1/200 [TRAIN]:  42%|████▏     | 1674/4032 [02:47<04:04,  9.65it/s, Loss=0.012766, Pos=0.012568, Vel=0.00009932]Epoch 1/200 [TRAIN]:  42%|████▏     | 1675/4032 [02:47<04:05,  9.60it/s, Loss=0.012766, Pos=0.012568, Vel=0.00009932]Epoch 1/200 [TRAIN]:  42%|████▏     | 1675/4032 [02:48<04:05,  9.60it/s, Loss=0.012763, Pos=0.012564, Vel=0.00009929]Epoch 1/200 [TRAIN]:  42%|████▏     | 1675/4032 [02:48<04:05,  9.60it/s, Loss=0.012764, Pos=0.012565, Vel=0.00009928]Epoch 1/200 [TRAIN]:  42%|████▏     | 1677/4032 [02:48<03:55, 10.01it/s, Loss=0.012764, Pos=0.012565, Vel=0.00009928]Epoch 1/200 [TRAIN]:  42%|████▏     | 1677/4032 [02:48<03:55, 10.01it/s, Loss=0.012759, Pos=0.012560, Vel=0.00009925]Epoch 1/200 [TRAIN]:  42%|████▏     | 1678/4032 [02:48<03:59,  9.83it/s, Loss=0.012759, Pos=0.012560, Vel=0.00009925]Epoch 1/200 [TRAIN]:  42%|████▏     | 1678/4032 [02:48<03:59,  9.83it/s, Loss=0.012752, Pos=0.012554, Vel=0.00009921]Epoch 1/200 [TRAIN]:  42%|████▏     | 1679/4032 [02:48<04:01,  9.74it/s, Loss=0.012752, Pos=0.012554, Vel=0.00009921]Epoch 1/200 [TRAIN]:  42%|████▏     | 1679/4032 [02:48<04:01,  9.74it/s, Loss=0.012747, Pos=0.012548, Vel=0.00009918]Epoch 1/200 [TRAIN]:  42%|████▏     | 1680/4032 [02:48<04:03,  9.65it/s, Loss=0.012747, Pos=0.012548, Vel=0.00009918]Epoch 1/200 [TRAIN]:  42%|████▏     | 1680/4032 [02:48<04:03,  9.65it/s, Loss=0.012744, Pos=0.012545, Vel=0.00009917]Epoch 1/200 [TRAIN]:  42%|████▏     | 1681/4032 [02:48<04:03,  9.65it/s, Loss=0.012744, Pos=0.012545, Vel=0.00009917]Epoch 1/200 [TRAIN]:  42%|████▏     | 1681/4032 [02:48<04:03,  9.65it/s, Loss=0.012744, Pos=0.012545, Vel=0.00009928]Epoch 1/200 [TRAIN]:  42%|████▏     | 1682/4032 [02:48<04:13,  9.26it/s, Loss=0.012744, Pos=0.012545, Vel=0.00009928]Epoch 1/200 [TRAIN]:  42%|████▏     | 1682/4032 [02:48<04:13,  9.26it/s, Loss=0.012758, Pos=0.012559, Vel=0.00009926]Epoch 1/200 [TRAIN]:  42%|████▏     | 1682/4032 [02:48<04:13,  9.26it/s, Loss=0.012753, Pos=0.012554, Vel=0.00009925]Epoch 1/200 [TRAIN]:  42%|████▏     | 1684/4032 [02:48<04:07,  9.48it/s, Loss=0.012753, Pos=0.012554, Vel=0.00009925]Epoch 1/200 [TRAIN]:  42%|████▏     | 1684/4032 [02:48<04:07,  9.48it/s, Loss=0.012756, Pos=0.012558, Vel=0.00009922]Epoch 1/200 [TRAIN]:  42%|████▏     | 1684/4032 [02:49<04:07,  9.48it/s, Loss=0.012749, Pos=0.012551, Vel=0.00009918]Epoch 1/200 [TRAIN]:  42%|████▏     | 1686/4032 [02:49<03:44, 10.47it/s, Loss=0.012749, Pos=0.012551, Vel=0.00009918]Epoch 1/200 [TRAIN]:  42%|████▏     | 1686/4032 [02:49<03:44, 10.47it/s, Loss=0.012745, Pos=0.012547, Vel=0.00009914]Epoch 1/200 [TRAIN]:  42%|████▏     | 1686/4032 [02:49<03:44, 10.47it/s, Loss=0.012772, Pos=0.012574, Vel=0.00009914]Epoch 1/200 [TRAIN]:  42%|████▏     | 1688/4032 [02:49<03:53, 10.03it/s, Loss=0.012772, Pos=0.012574, Vel=0.00009914]Epoch 1/200 [TRAIN]:  42%|████▏     | 1688/4032 [02:49<03:53, 10.03it/s, Loss=0.012775, Pos=0.012577, Vel=0.00009910]Epoch 1/200 [TRAIN]:  42%|████▏     | 1688/4032 [02:49<03:53, 10.03it/s, Loss=0.012770, Pos=0.012572, Vel=0.00009907]Epoch 1/200 [TRAIN]:  42%|████▏     | 1690/4032 [02:49<04:00,  9.74it/s, Loss=0.012770, Pos=0.012572, Vel=0.00009907]Epoch 1/200 [TRAIN]:  42%|████▏     | 1690/4032 [02:49<04:00,  9.74it/s, Loss=0.012765, Pos=0.012567, Vel=0.00009904]Epoch 1/200 [TRAIN]:  42%|████▏     | 1691/4032 [02:49<04:07,  9.45it/s, Loss=0.012765, Pos=0.012567, Vel=0.00009904]Epoch 1/200 [TRAIN]:  42%|████▏     | 1691/4032 [02:49<04:07,  9.45it/s, Loss=0.012761, Pos=0.012563, Vel=0.00009904]Epoch 1/200 [TRAIN]:  42%|████▏     | 1692/4032 [02:49<04:04,  9.56it/s, Loss=0.012761, Pos=0.012563, Vel=0.00009904]Epoch 1/200 [TRAIN]:  42%|████▏     | 1692/4032 [02:49<04:04,  9.56it/s, Loss=0.012757, Pos=0.012559, Vel=0.00009903]Epoch 1/200 [TRAIN]:  42%|████▏     | 1693/4032 [02:49<04:07,  9.45it/s, Loss=0.012757, Pos=0.012559, Vel=0.00009903]Epoch 1/200 [TRAIN]:  42%|████▏     | 1693/4032 [02:49<04:07,  9.45it/s, Loss=0.012760, Pos=0.012562, Vel=0.00009904]Epoch 1/200 [TRAIN]:  42%|████▏     | 1694/4032 [02:49<04:15,  9.14it/s, Loss=0.012760, Pos=0.012562, Vel=0.00009904]Epoch 1/200 [TRAIN]:  42%|████▏     | 1694/4032 [02:50<04:15,  9.14it/s, Loss=0.012763, Pos=0.012564, Vel=0.00009929]Epoch 1/200 [TRAIN]:  42%|████▏     | 1695/4032 [02:50<04:10,  9.35it/s, Loss=0.012763, Pos=0.012564, Vel=0.00009929]Epoch 1/200 [TRAIN]:  42%|████▏     | 1695/4032 [02:50<04:10,  9.35it/s, Loss=0.012757, Pos=0.012558, Vel=0.00009927]Epoch 1/200 [TRAIN]:  42%|████▏     | 1696/4032 [02:50<04:11,  9.27it/s, Loss=0.012757, Pos=0.012558, Vel=0.00009927]Epoch 1/200 [TRAIN]:  42%|████▏     | 1696/4032 [02:50<04:11,  9.27it/s, Loss=0.012758, Pos=0.012559, Vel=0.00009929]Epoch 1/200 [TRAIN]:  42%|████▏     | 1697/4032 [02:50<04:14,  9.18it/s, Loss=0.012758, Pos=0.012559, Vel=0.00009929]Epoch 1/200 [TRAIN]:  42%|████▏     | 1697/4032 [02:50<04:14,  9.18it/s, Loss=0.012752, Pos=0.012553, Vel=0.00009925]Epoch 1/200 [TRAIN]:  42%|████▏     | 1698/4032 [02:50<04:17,  9.06it/s, Loss=0.012752, Pos=0.012553, Vel=0.00009925]Epoch 1/200 [TRAIN]:  42%|████▏     | 1698/4032 [02:50<04:17,  9.06it/s, Loss=0.012750, Pos=0.012551, Vel=0.00009923]Epoch 1/200 [TRAIN]:  42%|████▏     | 1699/4032 [02:50<04:19,  8.98it/s, Loss=0.012750, Pos=0.012551, Vel=0.00009923]Epoch 1/200 [TRAIN]:  42%|████▏     | 1699/4032 [02:50<04:19,  8.98it/s, Loss=0.012750, Pos=0.012552, Vel=0.00009922]Epoch 1/200 [TRAIN]:  42%|████▏     | 1700/4032 [02:50<04:20,  8.94it/s, Loss=0.012750, Pos=0.012552, Vel=0.00009922]Epoch 1/200 [TRAIN]:  42%|████▏     | 1700/4032 [02:50<04:20,  8.94it/s, Loss=0.012746, Pos=0.012548, Vel=0.00009919]Epoch 1/200 [TRAIN]:  42%|████▏     | 1701/4032 [02:50<04:17,  9.05it/s, Loss=0.012746, Pos=0.012548, Vel=0.00009919]Epoch 1/200 [TRAIN]:  42%|████▏     | 1701/4032 [02:50<04:17,  9.05it/s, Loss=0.012742, Pos=0.012544, Vel=0.00009917]Epoch 1/200 [TRAIN]:  42%|████▏     | 1702/4032 [02:50<04:12,  9.23it/s, Loss=0.012742, Pos=0.012544, Vel=0.00009917]Epoch 1/200 [TRAIN]:  42%|████▏     | 1702/4032 [02:50<04:12,  9.23it/s, Loss=0.012736, Pos=0.012538, Vel=0.00009915]Epoch 1/200 [TRAIN]:  42%|████▏     | 1703/4032 [02:50<04:07,  9.41it/s, Loss=0.012736, Pos=0.012538, Vel=0.00009915]Epoch 1/200 [TRAIN]:  42%|████▏     | 1703/4032 [02:51<04:07,  9.41it/s, Loss=0.012733, Pos=0.012535, Vel=0.00009911]Epoch 1/200 [TRAIN]:  42%|████▏     | 1704/4032 [02:51<04:07,  9.41it/s, Loss=0.012733, Pos=0.012535, Vel=0.00009911]Epoch 1/200 [TRAIN]:  42%|████▏     | 1704/4032 [02:51<04:07,  9.41it/s, Loss=0.012732, Pos=0.012534, Vel=0.00009910]Epoch 1/200 [TRAIN]:  42%|████▏     | 1705/4032 [02:51<04:07,  9.40it/s, Loss=0.012732, Pos=0.012534, Vel=0.00009910]Epoch 1/200 [TRAIN]:  42%|████▏     | 1705/4032 [02:51<04:07,  9.40it/s, Loss=0.012728, Pos=0.012530, Vel=0.00009908]Epoch 1/200 [TRAIN]:  42%|████▏     | 1706/4032 [02:51<04:09,  9.34it/s, Loss=0.012728, Pos=0.012530, Vel=0.00009908]Epoch 1/200 [TRAIN]:  42%|████▏     | 1706/4032 [02:51<04:09,  9.34it/s, Loss=0.012724, Pos=0.012526, Vel=0.00009905]Epoch 1/200 [TRAIN]:  42%|████▏     | 1706/4032 [02:51<04:09,  9.34it/s, Loss=0.012726, Pos=0.012528, Vel=0.00009908]Epoch 1/200 [TRAIN]:  42%|████▏     | 1708/4032 [02:51<04:09,  9.33it/s, Loss=0.012726, Pos=0.012528, Vel=0.00009908]Epoch 1/200 [TRAIN]:  42%|████▏     | 1708/4032 [02:51<04:09,  9.33it/s, Loss=0.012722, Pos=0.012524, Vel=0.00009905]Epoch 1/200 [TRAIN]:  42%|████▏     | 1708/4032 [02:51<04:09,  9.33it/s, Loss=0.012717, Pos=0.012519, Vel=0.00009903]Epoch 1/200 [TRAIN]:  42%|████▏     | 1710/4032 [02:51<04:03,  9.53it/s, Loss=0.012717, Pos=0.012519, Vel=0.00009903]Epoch 1/200 [TRAIN]:  42%|████▏     | 1710/4032 [02:51<04:03,  9.53it/s, Loss=0.012710, Pos=0.012512, Vel=0.00009902]Epoch 1/200 [TRAIN]:  42%|████▏     | 1711/4032 [02:51<04:07,  9.38it/s, Loss=0.012710, Pos=0.012512, Vel=0.00009902]Epoch 1/200 [TRAIN]:  42%|████▏     | 1711/4032 [02:51<04:07,  9.38it/s, Loss=0.012705, Pos=0.012507, Vel=0.00009898]Epoch 1/200 [TRAIN]:  42%|████▏     | 1711/4032 [02:51<04:07,  9.38it/s, Loss=0.012700, Pos=0.012502, Vel=0.00009897]Epoch 1/200 [TRAIN]:  42%|████▏     | 1713/4032 [02:51<03:34, 10.79it/s, Loss=0.012700, Pos=0.012502, Vel=0.00009897]Epoch 1/200 [TRAIN]:  42%|████▏     | 1713/4032 [02:52<03:34, 10.79it/s, Loss=0.012704, Pos=0.012506, Vel=0.00009907]Epoch 1/200 [TRAIN]:  42%|████▏     | 1713/4032 [02:52<03:34, 10.79it/s, Loss=0.012700, Pos=0.012502, Vel=0.00009903]Epoch 1/200 [TRAIN]:  43%|████▎     | 1715/4032 [02:52<03:46, 10.21it/s, Loss=0.012700, Pos=0.012502, Vel=0.00009903]Epoch 1/200 [TRAIN]:  43%|████▎     | 1715/4032 [02:52<03:46, 10.21it/s, Loss=0.012695, Pos=0.012497, Vel=0.00009904]Epoch 1/200 [TRAIN]:  43%|████▎     | 1715/4032 [02:52<03:46, 10.21it/s, Loss=0.012690, Pos=0.012492, Vel=0.00009905]Epoch 1/200 [TRAIN]:  43%|████▎     | 1717/4032 [02:52<03:53,  9.93it/s, Loss=0.012690, Pos=0.012492, Vel=0.00009905]Epoch 1/200 [TRAIN]:  43%|████▎     | 1717/4032 [02:52<03:53,  9.93it/s, Loss=0.012694, Pos=0.012496, Vel=0.00009907]Epoch 1/200 [TRAIN]:  43%|████▎     | 1717/4032 [02:52<03:53,  9.93it/s, Loss=0.012692, Pos=0.012493, Vel=0.00009904]Epoch 1/200 [TRAIN]:  43%|████▎     | 1719/4032 [02:52<03:58,  9.70it/s, Loss=0.012692, Pos=0.012493, Vel=0.00009904]Epoch 1/200 [TRAIN]:  43%|████▎     | 1719/4032 [02:52<03:58,  9.70it/s, Loss=0.012688, Pos=0.012490, Vel=0.00009902]Epoch 1/200 [TRAIN]:  43%|████▎     | 1720/4032 [02:52<04:00,  9.60it/s, Loss=0.012688, Pos=0.012490, Vel=0.00009902]Epoch 1/200 [TRAIN]:  43%|████▎     | 1720/4032 [02:52<04:00,  9.60it/s, Loss=0.012684, Pos=0.012486, Vel=0.00009899]Epoch 1/200 [TRAIN]:  43%|████▎     | 1721/4032 [02:52<04:00,  9.59it/s, Loss=0.012684, Pos=0.012486, Vel=0.00009899]Epoch 1/200 [TRAIN]:  43%|████▎     | 1721/4032 [02:52<04:00,  9.59it/s, Loss=0.012688, Pos=0.012490, Vel=0.00009897]Epoch 1/200 [TRAIN]:  43%|████▎     | 1722/4032 [02:52<04:02,  9.51it/s, Loss=0.012688, Pos=0.012490, Vel=0.00009897]Epoch 1/200 [TRAIN]:  43%|████▎     | 1722/4032 [02:52<04:02,  9.51it/s, Loss=0.012684, Pos=0.012486, Vel=0.00009896]Epoch 1/200 [TRAIN]:  43%|████▎     | 1723/4032 [02:52<04:01,  9.55it/s, Loss=0.012684, Pos=0.012486, Vel=0.00009896]Epoch 1/200 [TRAIN]:  43%|████▎     | 1723/4032 [02:53<04:01,  9.55it/s, Loss=0.012678, Pos=0.012480, Vel=0.00009893]Epoch 1/200 [TRAIN]:  43%|████▎     | 1723/4032 [02:53<04:01,  9.55it/s, Loss=0.012674, Pos=0.012476, Vel=0.00009895]Epoch 1/200 [TRAIN]:  43%|████▎     | 1725/4032 [02:53<03:44, 10.27it/s, Loss=0.012674, Pos=0.012476, Vel=0.00009895]Epoch 1/200 [TRAIN]:  43%|████▎     | 1725/4032 [02:53<03:44, 10.27it/s, Loss=0.012670, Pos=0.012472, Vel=0.00009896]Epoch 1/200 [TRAIN]:  43%|████▎     | 1725/4032 [02:53<03:44, 10.27it/s, Loss=0.012667, Pos=0.012469, Vel=0.00009893]Epoch 1/200 [TRAIN]:  43%|████▎     | 1727/4032 [02:53<03:49, 10.05it/s, Loss=0.012667, Pos=0.012469, Vel=0.00009893]Epoch 1/200 [TRAIN]:  43%|████▎     | 1727/4032 [02:53<03:49, 10.05it/s, Loss=0.012664, Pos=0.012466, Vel=0.00009890]Epoch 1/200 [TRAIN]:  43%|████▎     | 1727/4032 [02:53<03:49, 10.05it/s, Loss=0.012666, Pos=0.012468, Vel=0.00009890]Epoch 1/200 [TRAIN]:  43%|████▎     | 1729/4032 [02:53<03:54,  9.82it/s, Loss=0.012666, Pos=0.012468, Vel=0.00009890]Epoch 1/200 [TRAIN]:  43%|████▎     | 1729/4032 [02:53<03:54,  9.82it/s, Loss=0.012661, Pos=0.012463, Vel=0.00009888]Epoch 1/200 [TRAIN]:  43%|████▎     | 1730/4032 [02:53<03:56,  9.72it/s, Loss=0.012661, Pos=0.012463, Vel=0.00009888]Epoch 1/200 [TRAIN]:  43%|████▎     | 1730/4032 [02:53<03:56,  9.72it/s, Loss=0.012667, Pos=0.012469, Vel=0.00009888]Epoch 1/200 [TRAIN]:  43%|████▎     | 1731/4032 [02:53<03:59,  9.60it/s, Loss=0.012667, Pos=0.012469, Vel=0.00009888]Epoch 1/200 [TRAIN]:  43%|████▎     | 1731/4032 [02:53<03:59,  9.60it/s, Loss=0.012662, Pos=0.012465, Vel=0.00009888]Epoch 1/200 [TRAIN]:  43%|████▎     | 1732/4032 [02:53<04:01,  9.53it/s, Loss=0.012662, Pos=0.012465, Vel=0.00009888]Epoch 1/200 [TRAIN]:  43%|████▎     | 1732/4032 [02:54<04:01,  9.53it/s, Loss=0.012660, Pos=0.012462, Vel=0.00009885]Epoch 1/200 [TRAIN]:  43%|████▎     | 1733/4032 [02:54<04:00,  9.54it/s, Loss=0.012660, Pos=0.012462, Vel=0.00009885]Epoch 1/200 [TRAIN]:  43%|████▎     | 1733/4032 [02:54<04:00,  9.54it/s, Loss=0.012659, Pos=0.012461, Vel=0.00009882]Epoch 1/200 [TRAIN]:  43%|████▎     | 1734/4032 [02:54<04:09,  9.23it/s, Loss=0.012659, Pos=0.012461, Vel=0.00009882]Epoch 1/200 [TRAIN]:  43%|████▎     | 1734/4032 [02:54<04:09,  9.23it/s, Loss=0.012655, Pos=0.012457, Vel=0.00009885]Epoch 1/200 [TRAIN]:  43%|████▎     | 1734/4032 [02:54<04:09,  9.23it/s, Loss=0.012653, Pos=0.012455, Vel=0.00009882]Epoch 1/200 [TRAIN]:  43%|████▎     | 1736/4032 [02:54<03:15, 11.73it/s, Loss=0.012653, Pos=0.012455, Vel=0.00009882]Epoch 1/200 [TRAIN]:  43%|████▎     | 1736/4032 [02:54<03:15, 11.73it/s, Loss=0.012650, Pos=0.012453, Vel=0.00009879]Epoch 1/200 [TRAIN]:  43%|████▎     | 1736/4032 [02:54<03:15, 11.73it/s, Loss=0.012647, Pos=0.012450, Vel=0.00009876]Epoch 1/200 [TRAIN]:  43%|████▎     | 1738/4032 [02:54<03:31, 10.83it/s, Loss=0.012647, Pos=0.012450, Vel=0.00009876]Epoch 1/200 [TRAIN]:  43%|████▎     | 1738/4032 [02:54<03:31, 10.83it/s, Loss=0.012667, Pos=0.012469, Vel=0.00009887]Epoch 1/200 [TRAIN]:  43%|████▎     | 1738/4032 [02:54<03:31, 10.83it/s, Loss=0.012665, Pos=0.012468, Vel=0.00009886]Epoch 1/200 [TRAIN]:  43%|████▎     | 1740/4032 [02:54<03:39, 10.44it/s, Loss=0.012665, Pos=0.012468, Vel=0.00009886]Epoch 1/200 [TRAIN]:  43%|████▎     | 1740/4032 [02:54<03:39, 10.44it/s, Loss=0.012669, Pos=0.012472, Vel=0.00009893]Epoch 1/200 [TRAIN]:  43%|████▎     | 1740/4032 [02:54<03:39, 10.44it/s, Loss=0.012666, Pos=0.012468, Vel=0.00009890]Epoch 1/200 [TRAIN]:  43%|████▎     | 1742/4032 [02:54<03:46, 10.12it/s, Loss=0.012666, Pos=0.012468, Vel=0.00009890]Epoch 1/200 [TRAIN]:  43%|████▎     | 1742/4032 [02:54<03:46, 10.12it/s, Loss=0.012662, Pos=0.012464, Vel=0.00009887]Epoch 1/200 [TRAIN]:  43%|████▎     | 1742/4032 [02:55<03:46, 10.12it/s, Loss=0.012656, Pos=0.012458, Vel=0.00009883]Epoch 1/200 [TRAIN]:  43%|████▎     | 1744/4032 [02:55<03:50,  9.92it/s, Loss=0.012656, Pos=0.012458, Vel=0.00009883]Epoch 1/200 [TRAIN]:  43%|████▎     | 1744/4032 [02:55<03:50,  9.92it/s, Loss=0.012652, Pos=0.012455, Vel=0.00009880]Epoch 1/200 [TRAIN]:  43%|████▎     | 1744/4032 [02:55<03:50,  9.92it/s, Loss=0.012651, Pos=0.012453, Vel=0.00009882]Epoch 1/200 [TRAIN]:  43%|████▎     | 1746/4032 [02:55<03:43, 10.21it/s, Loss=0.012651, Pos=0.012453, Vel=0.00009882]Epoch 1/200 [TRAIN]:  43%|████▎     | 1746/4032 [02:55<03:43, 10.21it/s, Loss=0.012652, Pos=0.012455, Vel=0.00009881]Epoch 1/200 [TRAIN]:  43%|████▎     | 1746/4032 [02:55<03:43, 10.21it/s, Loss=0.012649, Pos=0.012451, Vel=0.00009877]Epoch 1/200 [TRAIN]:  43%|████▎     | 1748/4032 [02:55<03:51,  9.88it/s, Loss=0.012649, Pos=0.012451, Vel=0.00009877]Epoch 1/200 [TRAIN]:  43%|████▎     | 1748/4032 [02:55<03:51,  9.88it/s, Loss=0.012648, Pos=0.012450, Vel=0.00009885]Epoch 1/200 [TRAIN]:  43%|████▎     | 1748/4032 [02:55<03:51,  9.88it/s, Loss=0.012656, Pos=0.012458, Vel=0.00009882]Epoch 1/200 [TRAIN]:  43%|████▎     | 1750/4032 [02:55<03:35, 10.60it/s, Loss=0.012656, Pos=0.012458, Vel=0.00009882]Epoch 1/200 [TRAIN]:  43%|████▎     | 1750/4032 [02:55<03:35, 10.60it/s, Loss=0.012656, Pos=0.012458, Vel=0.00009879]Epoch 1/200 [TRAIN]:  43%|████▎     | 1750/4032 [02:55<03:35, 10.60it/s, Loss=0.012652, Pos=0.012455, Vel=0.00009876]Epoch 1/200 [TRAIN]:  43%|████▎     | 1752/4032 [02:55<03:44, 10.15it/s, Loss=0.012652, Pos=0.012455, Vel=0.00009876]Epoch 1/200 [TRAIN]:  43%|████▎     | 1752/4032 [02:55<03:44, 10.15it/s, Loss=0.012650, Pos=0.012453, Vel=0.00009873]Epoch 1/200 [TRAIN]:  43%|████▎     | 1752/4032 [02:56<03:44, 10.15it/s, Loss=0.012647, Pos=0.012450, Vel=0.00009873]Epoch 1/200 [TRAIN]:  44%|████▎     | 1754/4032 [02:56<03:53,  9.76it/s, Loss=0.012647, Pos=0.012450, Vel=0.00009873]Epoch 1/200 [TRAIN]:  44%|████▎     | 1754/4032 [02:56<03:53,  9.76it/s, Loss=0.012645, Pos=0.012447, Vel=0.00009870]Epoch 1/200 [TRAIN]:  44%|████▎     | 1755/4032 [02:56<03:56,  9.62it/s, Loss=0.012645, Pos=0.012447, Vel=0.00009870]Epoch 1/200 [TRAIN]:  44%|████▎     | 1755/4032 [02:56<03:56,  9.62it/s, Loss=0.012646, Pos=0.012448, Vel=0.00009867]Epoch 1/200 [TRAIN]:  44%|████▎     | 1756/4032 [02:56<04:03,  9.34it/s, Loss=0.012646, Pos=0.012448, Vel=0.00009867]Epoch 1/200 [TRAIN]:  44%|████▎     | 1756/4032 [02:56<04:03,  9.34it/s, Loss=0.012642, Pos=0.012445, Vel=0.00009865]Epoch 1/200 [TRAIN]:  44%|████▎     | 1757/4032 [02:56<04:09,  9.12it/s, Loss=0.012642, Pos=0.012445, Vel=0.00009865]Epoch 1/200 [TRAIN]:  44%|████▎     | 1757/4032 [02:56<04:09,  9.12it/s, Loss=0.012643, Pos=0.012445, Vel=0.00009865]Epoch 1/200 [TRAIN]:  44%|████▎     | 1757/4032 [02:56<04:09,  9.12it/s, Loss=0.012638, Pos=0.012441, Vel=0.00009864]Epoch 1/200 [TRAIN]:  44%|████▎     | 1759/4032 [02:56<03:46, 10.03it/s, Loss=0.012638, Pos=0.012441, Vel=0.00009864]Epoch 1/200 [TRAIN]:  44%|████▎     | 1759/4032 [02:56<03:46, 10.03it/s, Loss=0.012635, Pos=0.012438, Vel=0.00009860]Epoch 1/200 [TRAIN]:  44%|████▎     | 1759/4032 [02:56<03:46, 10.03it/s, Loss=0.012635, Pos=0.012438, Vel=0.00009859]Epoch 1/200 [TRAIN]:  44%|████▎     | 1761/4032 [02:56<03:47,  9.99it/s, Loss=0.012635, Pos=0.012438, Vel=0.00009859]Epoch 1/200 [TRAIN]:  44%|████▎     | 1761/4032 [02:56<03:47,  9.99it/s, Loss=0.012631, Pos=0.012434, Vel=0.00009860]Epoch 1/200 [TRAIN]:  44%|████▎     | 1762/4032 [02:56<03:52,  9.77it/s, Loss=0.012631, Pos=0.012434, Vel=0.00009860]Epoch 1/200 [TRAIN]:  44%|████▎     | 1762/4032 [02:56<03:52,  9.77it/s, Loss=0.012632, Pos=0.012435, Vel=0.00009860]Epoch 1/200 [TRAIN]:  44%|████▎     | 1762/4032 [02:57<03:52,  9.77it/s, Loss=0.012631, Pos=0.012434, Vel=0.00009859]Epoch 1/200 [TRAIN]:  44%|████▍     | 1764/4032 [02:57<03:44, 10.09it/s, Loss=0.012631, Pos=0.012434, Vel=0.00009859]Epoch 1/200 [TRAIN]:  44%|████▍     | 1764/4032 [02:57<03:44, 10.09it/s, Loss=0.012626, Pos=0.012429, Vel=0.00009856]Epoch 1/200 [TRAIN]:  44%|████▍     | 1765/4032 [02:57<03:49,  9.88it/s, Loss=0.012626, Pos=0.012429, Vel=0.00009856]Epoch 1/200 [TRAIN]:  44%|████▍     | 1765/4032 [02:57<03:49,  9.88it/s, Loss=0.012625, Pos=0.012428, Vel=0.00009853]Epoch 1/200 [TRAIN]:  44%|████▍     | 1766/4032 [02:57<03:49,  9.87it/s, Loss=0.012625, Pos=0.012428, Vel=0.00009853]Epoch 1/200 [TRAIN]:  44%|████▍     | 1766/4032 [02:57<03:49,  9.87it/s, Loss=0.012625, Pos=0.012428, Vel=0.00009850]Epoch 1/200 [TRAIN]:  44%|████▍     | 1767/4032 [02:57<03:58,  9.51it/s, Loss=0.012625, Pos=0.012428, Vel=0.00009850]Epoch 1/200 [TRAIN]:  44%|████▍     | 1767/4032 [02:57<03:58,  9.51it/s, Loss=0.012623, Pos=0.012426, Vel=0.00009849]Epoch 1/200 [TRAIN]:  44%|████▍     | 1767/4032 [02:57<03:58,  9.51it/s, Loss=0.012628, Pos=0.012431, Vel=0.00009852]Epoch 1/200 [TRAIN]:  44%|████▍     | 1769/4032 [02:57<03:29, 10.82it/s, Loss=0.012628, Pos=0.012431, Vel=0.00009852]Epoch 1/200 [TRAIN]:  44%|████▍     | 1769/4032 [02:57<03:29, 10.82it/s, Loss=0.012627, Pos=0.012430, Vel=0.00009849]Epoch 1/200 [TRAIN]:  44%|████▍     | 1769/4032 [02:57<03:29, 10.82it/s, Loss=0.012629, Pos=0.012432, Vel=0.00009845]Epoch 1/200 [TRAIN]:  44%|████▍     | 1771/4032 [02:57<03:27, 10.91it/s, Loss=0.012629, Pos=0.012432, Vel=0.00009845]Epoch 1/200 [TRAIN]:  44%|████▍     | 1771/4032 [02:57<03:27, 10.91it/s, Loss=0.012623, Pos=0.012426, Vel=0.00009842]Epoch 1/200 [TRAIN]:  44%|████▍     | 1771/4032 [02:57<03:27, 10.91it/s, Loss=0.012619, Pos=0.012422, Vel=0.00009838]Epoch 1/200 [TRAIN]:  44%|████▍     | 1773/4032 [02:57<03:38, 10.34it/s, Loss=0.012619, Pos=0.012422, Vel=0.00009838]Epoch 1/200 [TRAIN]:  44%|████▍     | 1773/4032 [02:58<03:38, 10.34it/s, Loss=0.012622, Pos=0.012425, Vel=0.00009838]Epoch 1/200 [TRAIN]:  44%|████▍     | 1773/4032 [02:58<03:38, 10.34it/s, Loss=0.012620, Pos=0.012423, Vel=0.00009837]Epoch 1/200 [TRAIN]:  44%|████▍     | 1775/4032 [02:58<03:17, 11.41it/s, Loss=0.012620, Pos=0.012423, Vel=0.00009837]Epoch 1/200 [TRAIN]:  44%|████▍     | 1775/4032 [02:58<03:17, 11.41it/s, Loss=0.012622, Pos=0.012425, Vel=0.00009836]Epoch 1/200 [TRAIN]:  44%|████▍     | 1775/4032 [02:58<03:17, 11.41it/s, Loss=0.012622, Pos=0.012425, Vel=0.00009832]Epoch 1/200 [TRAIN]:  44%|████▍     | 1777/4032 [02:58<03:29, 10.75it/s, Loss=0.012622, Pos=0.012425, Vel=0.00009832]Epoch 1/200 [TRAIN]:  44%|████▍     | 1777/4032 [02:58<03:29, 10.75it/s, Loss=0.012619, Pos=0.012422, Vel=0.00009830]Epoch 1/200 [TRAIN]:  44%|████▍     | 1777/4032 [02:58<03:29, 10.75it/s, Loss=0.012629, Pos=0.012433, Vel=0.00009827]Epoch 1/200 [TRAIN]:  44%|████▍     | 1779/4032 [02:58<03:36, 10.42it/s, Loss=0.012629, Pos=0.012433, Vel=0.00009827]Epoch 1/200 [TRAIN]:  44%|████▍     | 1779/4032 [02:58<03:36, 10.42it/s, Loss=0.012628, Pos=0.012432, Vel=0.00009824]Epoch 1/200 [TRAIN]:  44%|████▍     | 1779/4032 [02:58<03:36, 10.42it/s, Loss=0.012629, Pos=0.012433, Vel=0.00009820]Epoch 1/200 [TRAIN]:  44%|████▍     | 1781/4032 [02:58<03:43, 10.09it/s, Loss=0.012629, Pos=0.012433, Vel=0.00009820]Epoch 1/200 [TRAIN]:  44%|████▍     | 1781/4032 [02:58<03:43, 10.09it/s, Loss=0.012623, Pos=0.012426, Vel=0.00009816]Epoch 1/200 [TRAIN]:  44%|████▍     | 1781/4032 [02:58<03:43, 10.09it/s, Loss=0.012619, Pos=0.012423, Vel=0.00009816]Epoch 1/200 [TRAIN]:  44%|████▍     | 1783/4032 [02:58<03:47,  9.89it/s, Loss=0.012619, Pos=0.012423, Vel=0.00009816]Epoch 1/200 [TRAIN]:  44%|████▍     | 1783/4032 [02:59<03:47,  9.89it/s, Loss=0.012620, Pos=0.012423, Vel=0.00009813]Epoch 1/200 [TRAIN]:  44%|████▍     | 1783/4032 [02:59<03:47,  9.89it/s, Loss=0.012613, Pos=0.012417, Vel=0.00009810]Epoch 1/200 [TRAIN]:  44%|████▍     | 1785/4032 [02:59<03:53,  9.64it/s, Loss=0.012613, Pos=0.012417, Vel=0.00009810]Epoch 1/200 [TRAIN]:  44%|████▍     | 1785/4032 [02:59<03:53,  9.64it/s, Loss=0.012610, Pos=0.012414, Vel=0.00009807]Epoch 1/200 [TRAIN]:  44%|████▍     | 1786/4032 [02:59<03:56,  9.51it/s, Loss=0.012610, Pos=0.012414, Vel=0.00009807]Epoch 1/200 [TRAIN]:  44%|████▍     | 1786/4032 [02:59<03:56,  9.51it/s, Loss=0.012606, Pos=0.012410, Vel=0.00009806]Epoch 1/200 [TRAIN]:  44%|████▍     | 1787/4032 [02:59<03:59,  9.37it/s, Loss=0.012606, Pos=0.012410, Vel=0.00009806]Epoch 1/200 [TRAIN]:  44%|████▍     | 1787/4032 [02:59<03:59,  9.37it/s, Loss=0.012603, Pos=0.012406, Vel=0.00009803]Epoch 1/200 [TRAIN]:  44%|████▍     | 1788/4032 [02:59<04:01,  9.31it/s, Loss=0.012603, Pos=0.012406, Vel=0.00009803]Epoch 1/200 [TRAIN]:  44%|████▍     | 1788/4032 [02:59<04:01,  9.31it/s, Loss=0.012598, Pos=0.012402, Vel=0.00009800]Epoch 1/200 [TRAIN]:  44%|████▍     | 1789/4032 [02:59<04:02,  9.25it/s, Loss=0.012598, Pos=0.012402, Vel=0.00009800]Epoch 1/200 [TRAIN]:  44%|████▍     | 1789/4032 [02:59<04:02,  9.25it/s, Loss=0.012600, Pos=0.012404, Vel=0.00009799]Epoch 1/200 [TRAIN]:  44%|████▍     | 1790/4032 [02:59<04:03,  9.21it/s, Loss=0.012600, Pos=0.012404, Vel=0.00009799]Epoch 1/200 [TRAIN]:  44%|████▍     | 1790/4032 [02:59<04:03,  9.21it/s, Loss=0.012600, Pos=0.012404, Vel=0.00009801]Epoch 1/200 [TRAIN]:  44%|████▍     | 1791/4032 [02:59<04:06,  9.09it/s, Loss=0.012600, Pos=0.012404, Vel=0.00009801]Epoch 1/200 [TRAIN]:  44%|████▍     | 1791/4032 [02:59<04:06,  9.09it/s, Loss=0.012605, Pos=0.012409, Vel=0.00009806]Epoch 1/200 [TRAIN]:  44%|████▍     | 1792/4032 [02:59<04:05,  9.12it/s, Loss=0.012605, Pos=0.012409, Vel=0.00009806]Epoch 1/200 [TRAIN]:  44%|████▍     | 1792/4032 [03:00<04:05,  9.12it/s, Loss=0.012600, Pos=0.012404, Vel=0.00009805]Epoch 1/200 [TRAIN]:  44%|████▍     | 1793/4032 [03:00<04:07,  9.05it/s, Loss=0.012600, Pos=0.012404, Vel=0.00009805]Epoch 1/200 [TRAIN]:  44%|████▍     | 1793/4032 [03:00<04:07,  9.05it/s, Loss=0.012597, Pos=0.012400, Vel=0.00009804]Epoch 1/200 [TRAIN]:  44%|████▍     | 1793/4032 [03:00<04:07,  9.05it/s, Loss=0.012594, Pos=0.012398, Vel=0.00009802]Epoch 1/200 [TRAIN]:  45%|████▍     | 1795/4032 [03:00<03:26, 10.83it/s, Loss=0.012594, Pos=0.012398, Vel=0.00009802]Epoch 1/200 [TRAIN]:  45%|████▍     | 1795/4032 [03:00<03:26, 10.83it/s, Loss=0.012594, Pos=0.012398, Vel=0.00009802]Epoch 1/200 [TRAIN]:  45%|████▍     | 1795/4032 [03:00<03:26, 10.83it/s, Loss=0.012590, Pos=0.012394, Vel=0.00009802]Epoch 1/200 [TRAIN]:  45%|████▍     | 1797/4032 [03:00<03:38, 10.21it/s, Loss=0.012590, Pos=0.012394, Vel=0.00009802]Epoch 1/200 [TRAIN]:  45%|████▍     | 1797/4032 [03:00<03:38, 10.21it/s, Loss=0.012586, Pos=0.012390, Vel=0.00009798]Epoch 1/200 [TRAIN]:  45%|████▍     | 1797/4032 [03:00<03:38, 10.21it/s, Loss=0.012586, Pos=0.012389, Vel=0.00009802]Epoch 1/200 [TRAIN]:  45%|████▍     | 1799/4032 [03:00<03:45,  9.89it/s, Loss=0.012586, Pos=0.012389, Vel=0.00009802]Epoch 1/200 [TRAIN]:  45%|████▍     | 1799/4032 [03:00<03:45,  9.89it/s, Loss=0.012580, Pos=0.012384, Vel=0.00009798]Epoch 1/200 [TRAIN]:  45%|████▍     | 1800/4032 [03:00<03:52,  9.61it/s, Loss=0.012580, Pos=0.012384, Vel=0.00009798]Epoch 1/200 [TRAIN]:  45%|████▍     | 1800/4032 [03:00<03:52,  9.61it/s, Loss=0.012575, Pos=0.012379, Vel=0.00009794]Epoch 1/200 [TRAIN]:  45%|████▍     | 1801/4032 [03:00<03:57,  9.39it/s, Loss=0.012575, Pos=0.012379, Vel=0.00009794]Epoch 1/200 [TRAIN]:  45%|████▍     | 1801/4032 [03:00<03:57,  9.39it/s, Loss=0.012571, Pos=0.012375, Vel=0.00009792]Epoch 1/200 [TRAIN]:  45%|████▍     | 1802/4032 [03:00<04:00,  9.29it/s, Loss=0.012571, Pos=0.012375, Vel=0.00009792]Epoch 1/200 [TRAIN]:  45%|████▍     | 1802/4032 [03:01<04:00,  9.29it/s, Loss=0.012569, Pos=0.012373, Vel=0.00009788]Epoch 1/200 [TRAIN]:  45%|████▍     | 1803/4032 [03:01<04:02,  9.19it/s, Loss=0.012569, Pos=0.012373, Vel=0.00009788]Epoch 1/200 [TRAIN]:  45%|████▍     | 1803/4032 [03:01<04:02,  9.19it/s, Loss=0.012567, Pos=0.012371, Vel=0.00009786]Epoch 1/200 [TRAIN]:  45%|████▍     | 1804/4032 [03:01<04:03,  9.16it/s, Loss=0.012567, Pos=0.012371, Vel=0.00009786]Epoch 1/200 [TRAIN]:  45%|████▍     | 1804/4032 [03:01<04:03,  9.16it/s, Loss=0.012564, Pos=0.012368, Vel=0.00009784]Epoch 1/200 [TRAIN]:  45%|████▍     | 1805/4032 [03:01<04:02,  9.17it/s, Loss=0.012564, Pos=0.012368, Vel=0.00009784]Epoch 1/200 [TRAIN]:  45%|████▍     | 1805/4032 [03:01<04:02,  9.17it/s, Loss=0.012563, Pos=0.012367, Vel=0.00009782]Epoch 1/200 [TRAIN]:  45%|████▍     | 1806/4032 [03:01<04:02,  9.17it/s, Loss=0.012563, Pos=0.012367, Vel=0.00009782]Epoch 1/200 [TRAIN]:  45%|████▍     | 1806/4032 [03:01<04:02,  9.17it/s, Loss=0.012561, Pos=0.012366, Vel=0.00009780]Epoch 1/200 [TRAIN]:  45%|████▍     | 1806/4032 [03:01<04:02,  9.17it/s, Loss=0.012575, Pos=0.012379, Vel=0.00009780]Epoch 1/200 [TRAIN]:  45%|████▍     | 1808/4032 [03:01<03:21, 11.04it/s, Loss=0.012575, Pos=0.012379, Vel=0.00009780]Epoch 1/200 [TRAIN]:  45%|████▍     | 1808/4032 [03:01<03:21, 11.04it/s, Loss=0.012571, Pos=0.012376, Vel=0.00009776]Epoch 1/200 [TRAIN]:  45%|████▍     | 1808/4032 [03:01<03:21, 11.04it/s, Loss=0.012566, Pos=0.012370, Vel=0.00009775]Epoch 1/200 [TRAIN]:  45%|████▍     | 1810/4032 [03:01<03:43,  9.92it/s, Loss=0.012566, Pos=0.012370, Vel=0.00009775]Epoch 1/200 [TRAIN]:  45%|████▍     | 1810/4032 [03:01<03:43,  9.92it/s, Loss=0.012561, Pos=0.012366, Vel=0.00009773]Epoch 1/200 [TRAIN]:  45%|████▍     | 1810/4032 [03:01<03:43,  9.92it/s, Loss=0.012557, Pos=0.012362, Vel=0.00009771]Epoch 1/200 [TRAIN]:  45%|████▍     | 1812/4032 [03:01<03:22, 10.94it/s, Loss=0.012557, Pos=0.012362, Vel=0.00009771]Epoch 1/200 [TRAIN]:  45%|████▍     | 1812/4032 [03:02<03:22, 10.94it/s, Loss=0.012553, Pos=0.012358, Vel=0.00009768]Epoch 1/200 [TRAIN]:  45%|████▍     | 1812/4032 [03:02<03:22, 10.94it/s, Loss=0.012548, Pos=0.012353, Vel=0.00009764]Epoch 1/200 [TRAIN]:  45%|████▍     | 1814/4032 [03:02<03:35, 10.28it/s, Loss=0.012548, Pos=0.012353, Vel=0.00009764]Epoch 1/200 [TRAIN]:  45%|████▍     | 1814/4032 [03:02<03:35, 10.28it/s, Loss=0.012545, Pos=0.012349, Vel=0.00009768]Epoch 1/200 [TRAIN]:  45%|████▍     | 1814/4032 [03:02<03:35, 10.28it/s, Loss=0.012545, Pos=0.012349, Vel=0.00009769]Epoch 1/200 [TRAIN]:  45%|████▌     | 1816/4032 [03:02<03:44,  9.86it/s, Loss=0.012545, Pos=0.012349, Vel=0.00009769]Epoch 1/200 [TRAIN]:  45%|████▌     | 1816/4032 [03:02<03:44,  9.86it/s, Loss=0.012539, Pos=0.012344, Vel=0.00009765]Epoch 1/200 [TRAIN]:  45%|████▌     | 1816/4032 [03:02<03:44,  9.86it/s, Loss=0.012535, Pos=0.012340, Vel=0.00009765]Epoch 1/200 [TRAIN]:  45%|████▌     | 1818/4032 [03:02<03:51,  9.55it/s, Loss=0.012535, Pos=0.012340, Vel=0.00009765]Epoch 1/200 [TRAIN]:  45%|████▌     | 1818/4032 [03:02<03:51,  9.55it/s, Loss=0.012530, Pos=0.012335, Vel=0.00009766]Epoch 1/200 [TRAIN]:  45%|████▌     | 1819/4032 [03:02<03:58,  9.27it/s, Loss=0.012530, Pos=0.012335, Vel=0.00009766]Epoch 1/200 [TRAIN]:  45%|████▌     | 1819/4032 [03:02<03:58,  9.27it/s, Loss=0.012539, Pos=0.012344, Vel=0.00009762]Epoch 1/200 [TRAIN]:  45%|████▌     | 1819/4032 [03:02<03:58,  9.27it/s, Loss=0.012547, Pos=0.012352, Vel=0.00009759]Epoch 1/200 [TRAIN]:  45%|████▌     | 1821/4032 [03:02<03:34, 10.33it/s, Loss=0.012547, Pos=0.012352, Vel=0.00009759]Epoch 1/200 [TRAIN]:  45%|████▌     | 1821/4032 [03:02<03:34, 10.33it/s, Loss=0.012543, Pos=0.012348, Vel=0.00009758]Epoch 1/200 [TRAIN]:  45%|████▌     | 1821/4032 [03:03<03:34, 10.33it/s, Loss=0.012554, Pos=0.012359, Vel=0.00009754]Epoch 1/200 [TRAIN]:  45%|████▌     | 1823/4032 [03:03<03:44,  9.85it/s, Loss=0.012554, Pos=0.012359, Vel=0.00009754]Epoch 1/200 [TRAIN]:  45%|████▌     | 1823/4032 [03:03<03:44,  9.85it/s, Loss=0.012552, Pos=0.012357, Vel=0.00009754]Epoch 1/200 [TRAIN]:  45%|████▌     | 1823/4032 [03:03<03:44,  9.85it/s, Loss=0.012546, Pos=0.012351, Vel=0.00009753]Epoch 1/200 [TRAIN]:  45%|████▌     | 1825/4032 [03:03<03:40, 10.01it/s, Loss=0.012546, Pos=0.012351, Vel=0.00009753]Epoch 1/200 [TRAIN]:  45%|████▌     | 1825/4032 [03:03<03:40, 10.01it/s, Loss=0.012549, Pos=0.012354, Vel=0.00009749]Epoch 1/200 [TRAIN]:  45%|████▌     | 1825/4032 [03:03<03:40, 10.01it/s, Loss=0.012546, Pos=0.012351, Vel=0.00009746]Epoch 1/200 [TRAIN]:  45%|████▌     | 1827/4032 [03:03<03:41,  9.94it/s, Loss=0.012546, Pos=0.012351, Vel=0.00009746]Epoch 1/200 [TRAIN]:  45%|████▌     | 1827/4032 [03:03<03:41,  9.94it/s, Loss=0.012544, Pos=0.012349, Vel=0.00009746]Epoch 1/200 [TRAIN]:  45%|████▌     | 1827/4032 [03:03<03:41,  9.94it/s, Loss=0.012541, Pos=0.012346, Vel=0.00009743]Epoch 1/200 [TRAIN]:  45%|████▌     | 1829/4032 [03:03<03:44,  9.82it/s, Loss=0.012541, Pos=0.012346, Vel=0.00009743]Epoch 1/200 [TRAIN]:  45%|████▌     | 1829/4032 [03:03<03:44,  9.82it/s, Loss=0.012536, Pos=0.012341, Vel=0.00009744]Epoch 1/200 [TRAIN]:  45%|████▌     | 1830/4032 [03:03<03:46,  9.70it/s, Loss=0.012536, Pos=0.012341, Vel=0.00009744]Epoch 1/200 [TRAIN]:  45%|████▌     | 1830/4032 [03:03<03:46,  9.70it/s, Loss=0.012531, Pos=0.012337, Vel=0.00009740]Epoch 1/200 [TRAIN]:  45%|████▌     | 1830/4032 [03:03<03:46,  9.70it/s, Loss=0.012529, Pos=0.012334, Vel=0.00009740]Epoch 1/200 [TRAIN]:  45%|████▌     | 1832/4032 [03:03<03:14, 11.34it/s, Loss=0.012529, Pos=0.012334, Vel=0.00009740]Epoch 1/200 [TRAIN]:  45%|████▌     | 1832/4032 [03:04<03:14, 11.34it/s, Loss=0.012525, Pos=0.012330, Vel=0.00009738]Epoch 1/200 [TRAIN]:  45%|████▌     | 1832/4032 [03:04<03:14, 11.34it/s, Loss=0.012523, Pos=0.012328, Vel=0.00009735]Epoch 1/200 [TRAIN]:  45%|████▌     | 1834/4032 [03:04<03:32, 10.32it/s, Loss=0.012523, Pos=0.012328, Vel=0.00009735]Epoch 1/200 [TRAIN]:  45%|████▌     | 1834/4032 [03:04<03:32, 10.32it/s, Loss=0.012517, Pos=0.012323, Vel=0.00009734]Epoch 1/200 [TRAIN]:  45%|████▌     | 1834/4032 [03:04<03:32, 10.32it/s, Loss=0.012522, Pos=0.012327, Vel=0.00009734]Epoch 1/200 [TRAIN]:  46%|████▌     | 1836/4032 [03:04<03:43,  9.84it/s, Loss=0.012522, Pos=0.012327, Vel=0.00009734]Epoch 1/200 [TRAIN]:  46%|████▌     | 1836/4032 [03:04<03:43,  9.84it/s, Loss=0.012518, Pos=0.012323, Vel=0.00009733]Epoch 1/200 [TRAIN]:  46%|████▌     | 1836/4032 [03:04<03:43,  9.84it/s, Loss=0.012515, Pos=0.012320, Vel=0.00009732]Epoch 1/200 [TRAIN]:  46%|████▌     | 1838/4032 [03:04<03:51,  9.49it/s, Loss=0.012515, Pos=0.012320, Vel=0.00009732]Epoch 1/200 [TRAIN]:  46%|████▌     | 1838/4032 [03:04<03:51,  9.49it/s, Loss=0.012516, Pos=0.012321, Vel=0.00009743]Epoch 1/200 [TRAIN]:  46%|████▌     | 1839/4032 [03:04<03:49,  9.56it/s, Loss=0.012516, Pos=0.012321, Vel=0.00009743]Epoch 1/200 [TRAIN]:  46%|████▌     | 1839/4032 [03:04<03:49,  9.56it/s, Loss=0.012512, Pos=0.012318, Vel=0.00009741]Epoch 1/200 [TRAIN]:  46%|████▌     | 1840/4032 [03:04<03:55,  9.31it/s, Loss=0.012512, Pos=0.012318, Vel=0.00009741]Epoch 1/200 [TRAIN]:  46%|████▌     | 1840/4032 [03:04<03:55,  9.31it/s, Loss=0.012508, Pos=0.012313, Vel=0.00009737]Epoch 1/200 [TRAIN]:  46%|████▌     | 1841/4032 [03:04<03:53,  9.39it/s, Loss=0.012508, Pos=0.012313, Vel=0.00009737]Epoch 1/200 [TRAIN]:  46%|████▌     | 1841/4032 [03:05<03:53,  9.39it/s, Loss=0.012504, Pos=0.012309, Vel=0.00009734]Epoch 1/200 [TRAIN]:  46%|████▌     | 1842/4032 [03:05<03:55,  9.32it/s, Loss=0.012504, Pos=0.012309, Vel=0.00009734]Epoch 1/200 [TRAIN]:  46%|████▌     | 1842/4032 [03:05<03:55,  9.32it/s, Loss=0.012498, Pos=0.012303, Vel=0.00009731]Epoch 1/200 [TRAIN]:  46%|████▌     | 1843/4032 [03:05<03:55,  9.30it/s, Loss=0.012498, Pos=0.012303, Vel=0.00009731]Epoch 1/200 [TRAIN]:  46%|████▌     | 1843/4032 [03:05<03:55,  9.30it/s, Loss=0.012495, Pos=0.012300, Vel=0.00009728]Epoch 1/200 [TRAIN]:  46%|████▌     | 1844/4032 [03:05<03:56,  9.24it/s, Loss=0.012495, Pos=0.012300, Vel=0.00009728]Epoch 1/200 [TRAIN]:  46%|████▌     | 1844/4032 [03:05<03:56,  9.24it/s, Loss=0.012497, Pos=0.012303, Vel=0.00009729]Epoch 1/200 [TRAIN]:  46%|████▌     | 1845/4032 [03:05<04:01,  9.06it/s, Loss=0.012497, Pos=0.012303, Vel=0.00009729]Epoch 1/200 [TRAIN]:  46%|████▌     | 1845/4032 [03:05<04:01,  9.06it/s, Loss=0.012504, Pos=0.012310, Vel=0.00009731]Epoch 1/200 [TRAIN]:  46%|████▌     | 1846/4032 [03:05<04:03,  8.98it/s, Loss=0.012504, Pos=0.012310, Vel=0.00009731]Epoch 1/200 [TRAIN]:  46%|████▌     | 1846/4032 [03:05<04:03,  8.98it/s, Loss=0.012513, Pos=0.012319, Vel=0.00009728]Epoch 1/200 [TRAIN]:  46%|████▌     | 1846/4032 [03:05<04:03,  8.98it/s, Loss=0.012513, Pos=0.012318, Vel=0.00009725]Epoch 1/200 [TRAIN]:  46%|████▌     | 1848/4032 [03:05<03:55,  9.29it/s, Loss=0.012513, Pos=0.012318, Vel=0.00009725]Epoch 1/200 [TRAIN]:  46%|████▌     | 1848/4032 [03:05<03:55,  9.29it/s, Loss=0.012514, Pos=0.012320, Vel=0.00009723]Epoch 1/200 [TRAIN]:  46%|████▌     | 1849/4032 [03:05<03:54,  9.31it/s, Loss=0.012514, Pos=0.012320, Vel=0.00009723]Epoch 1/200 [TRAIN]:  46%|████▌     | 1849/4032 [03:05<03:54,  9.31it/s, Loss=0.012517, Pos=0.012322, Vel=0.00009723]Epoch 1/200 [TRAIN]:  46%|████▌     | 1850/4032 [03:05<03:55,  9.28it/s, Loss=0.012517, Pos=0.012322, Vel=0.00009723]Epoch 1/200 [TRAIN]:  46%|████▌     | 1850/4032 [03:05<03:55,  9.28it/s, Loss=0.012513, Pos=0.012319, Vel=0.00009720]Epoch 1/200 [TRAIN]:  46%|████▌     | 1851/4032 [03:05<03:52,  9.37it/s, Loss=0.012513, Pos=0.012319, Vel=0.00009720]Epoch 1/200 [TRAIN]:  46%|████▌     | 1851/4032 [03:06<03:52,  9.37it/s, Loss=0.012517, Pos=0.012323, Vel=0.00009718]Epoch 1/200 [TRAIN]:  46%|████▌     | 1852/4032 [03:06<03:51,  9.43it/s, Loss=0.012517, Pos=0.012323, Vel=0.00009718]Epoch 1/200 [TRAIN]:  46%|████▌     | 1852/4032 [03:06<03:51,  9.43it/s, Loss=0.012513, Pos=0.012319, Vel=0.00009717]Epoch 1/200 [TRAIN]:  46%|████▌     | 1853/4032 [03:06<03:47,  9.56it/s, Loss=0.012513, Pos=0.012319, Vel=0.00009717]Epoch 1/200 [TRAIN]:  46%|████▌     | 1853/4032 [03:06<03:47,  9.56it/s, Loss=0.012517, Pos=0.012323, Vel=0.00009716]Epoch 1/200 [TRAIN]:  46%|████▌     | 1853/4032 [03:06<03:47,  9.56it/s, Loss=0.012517, Pos=0.012322, Vel=0.00009719]Epoch 1/200 [TRAIN]:  46%|████▌     | 1855/4032 [03:06<03:20, 10.88it/s, Loss=0.012517, Pos=0.012322, Vel=0.00009719]Epoch 1/200 [TRAIN]:  46%|████▌     | 1855/4032 [03:06<03:20, 10.88it/s, Loss=0.012518, Pos=0.012324, Vel=0.00009716]Epoch 1/200 [TRAIN]:  46%|████▌     | 1855/4032 [03:06<03:20, 10.88it/s, Loss=0.012520, Pos=0.012326, Vel=0.00009713]Epoch 1/200 [TRAIN]:  46%|████▌     | 1857/4032 [03:06<03:22, 10.77it/s, Loss=0.012520, Pos=0.012326, Vel=0.00009713]Epoch 1/200 [TRAIN]:  46%|████▌     | 1857/4032 [03:06<03:22, 10.77it/s, Loss=0.012519, Pos=0.012325, Vel=0.00009712]Epoch 1/200 [TRAIN]:  46%|████▌     | 1857/4032 [03:06<03:22, 10.77it/s, Loss=0.012515, Pos=0.012321, Vel=0.00009709]Epoch 1/200 [TRAIN]:  46%|████▌     | 1859/4032 [03:06<03:31, 10.27it/s, Loss=0.012515, Pos=0.012321, Vel=0.00009709]Epoch 1/200 [TRAIN]:  46%|████▌     | 1859/4032 [03:06<03:31, 10.27it/s, Loss=0.012518, Pos=0.012324, Vel=0.00009706]Epoch 1/200 [TRAIN]:  46%|████▌     | 1859/4032 [03:06<03:31, 10.27it/s, Loss=0.012514, Pos=0.012320, Vel=0.00009705]Epoch 1/200 [TRAIN]:  46%|████▌     | 1861/4032 [03:06<03:20, 10.84it/s, Loss=0.012514, Pos=0.012320, Vel=0.00009705]Epoch 1/200 [TRAIN]:  46%|████▌     | 1861/4032 [03:06<03:20, 10.84it/s, Loss=0.012515, Pos=0.012320, Vel=0.00009705]Epoch 1/200 [TRAIN]:  46%|████▌     | 1861/4032 [03:07<03:20, 10.84it/s, Loss=0.012510, Pos=0.012316, Vel=0.00009702]Epoch 1/200 [TRAIN]:  46%|████▌     | 1863/4032 [03:07<03:31, 10.26it/s, Loss=0.012510, Pos=0.012316, Vel=0.00009702]Epoch 1/200 [TRAIN]:  46%|████▌     | 1863/4032 [03:07<03:31, 10.26it/s, Loss=0.012521, Pos=0.012327, Vel=0.00009699]Epoch 1/200 [TRAIN]:  46%|████▌     | 1863/4032 [03:07<03:31, 10.26it/s, Loss=0.012538, Pos=0.012344, Vel=0.00009696]Epoch 1/200 [TRAIN]:  46%|████▋     | 1865/4032 [03:07<03:28, 10.40it/s, Loss=0.012538, Pos=0.012344, Vel=0.00009696]Epoch 1/200 [TRAIN]:  46%|████▋     | 1865/4032 [03:07<03:28, 10.40it/s, Loss=0.012533, Pos=0.012339, Vel=0.00009694]Epoch 1/200 [TRAIN]:  46%|████▋     | 1865/4032 [03:07<03:28, 10.40it/s, Loss=0.012530, Pos=0.012336, Vel=0.00009691]Epoch 1/200 [TRAIN]:  46%|████▋     | 1867/4032 [03:07<03:37,  9.96it/s, Loss=0.012530, Pos=0.012336, Vel=0.00009691]Epoch 1/200 [TRAIN]:  46%|████▋     | 1867/4032 [03:07<03:37,  9.96it/s, Loss=0.012529, Pos=0.012335, Vel=0.00009688]Epoch 1/200 [TRAIN]:  46%|████▋     | 1867/4032 [03:07<03:37,  9.96it/s, Loss=0.012527, Pos=0.012333, Vel=0.00009686]Epoch 1/200 [TRAIN]:  46%|████▋     | 1869/4032 [03:07<03:43,  9.67it/s, Loss=0.012527, Pos=0.012333, Vel=0.00009686]Epoch 1/200 [TRAIN]:  46%|████▋     | 1869/4032 [03:07<03:43,  9.67it/s, Loss=0.012526, Pos=0.012333, Vel=0.00009683]Epoch 1/200 [TRAIN]:  46%|████▋     | 1870/4032 [03:07<03:44,  9.62it/s, Loss=0.012526, Pos=0.012333, Vel=0.00009683]Epoch 1/200 [TRAIN]:  46%|████▋     | 1870/4032 [03:07<03:44,  9.62it/s, Loss=0.012522, Pos=0.012328, Vel=0.00009680]Epoch 1/200 [TRAIN]:  46%|████▋     | 1871/4032 [03:07<03:46,  9.55it/s, Loss=0.012522, Pos=0.012328, Vel=0.00009680]Epoch 1/200 [TRAIN]:  46%|████▋     | 1871/4032 [03:08<03:46,  9.55it/s, Loss=0.012543, Pos=0.012349, Vel=0.00009677]Epoch 1/200 [TRAIN]:  46%|████▋     | 1872/4032 [03:08<03:46,  9.55it/s, Loss=0.012543, Pos=0.012349, Vel=0.00009677]Epoch 1/200 [TRAIN]:  46%|████▋     | 1872/4032 [03:08<03:46,  9.55it/s, Loss=0.012542, Pos=0.012348, Vel=0.00009674]Epoch 1/200 [TRAIN]:  46%|████▋     | 1873/4032 [03:08<03:49,  9.39it/s, Loss=0.012542, Pos=0.012348, Vel=0.00009674]Epoch 1/200 [TRAIN]:  46%|████▋     | 1873/4032 [03:08<03:49,  9.39it/s, Loss=0.012537, Pos=0.012343, Vel=0.00009671]Epoch 1/200 [TRAIN]:  46%|████▋     | 1874/4032 [03:08<03:50,  9.37it/s, Loss=0.012537, Pos=0.012343, Vel=0.00009671]Epoch 1/200 [TRAIN]:  46%|████▋     | 1874/4032 [03:08<03:50,  9.37it/s, Loss=0.012531, Pos=0.012337, Vel=0.00009667]Epoch 1/200 [TRAIN]:  47%|████▋     | 1875/4032 [03:08<03:59,  9.00it/s, Loss=0.012531, Pos=0.012337, Vel=0.00009667]Epoch 1/200 [TRAIN]:  47%|████▋     | 1875/4032 [03:08<03:59,  9.00it/s, Loss=0.012526, Pos=0.012332, Vel=0.00009665]Epoch 1/200 [TRAIN]:  47%|████▋     | 1875/4032 [03:08<03:59,  9.00it/s, Loss=0.012520, Pos=0.012327, Vel=0.00009663]Epoch 1/200 [TRAIN]:  47%|████▋     | 1877/4032 [03:08<03:28, 10.33it/s, Loss=0.012520, Pos=0.012327, Vel=0.00009663]Epoch 1/200 [TRAIN]:  47%|████▋     | 1877/4032 [03:08<03:28, 10.33it/s, Loss=0.012519, Pos=0.012326, Vel=0.00009660]Epoch 1/200 [TRAIN]:  47%|████▋     | 1877/4032 [03:08<03:28, 10.33it/s, Loss=0.012515, Pos=0.012322, Vel=0.00009658]Epoch 1/200 [TRAIN]:  47%|████▋     | 1879/4032 [03:08<03:39,  9.80it/s, Loss=0.012515, Pos=0.012322, Vel=0.00009658]Epoch 1/200 [TRAIN]:  47%|████▋     | 1879/4032 [03:08<03:39,  9.80it/s, Loss=0.012514, Pos=0.012321, Vel=0.00009656]Epoch 1/200 [TRAIN]:  47%|████▋     | 1879/4032 [03:08<03:39,  9.80it/s, Loss=0.012513, Pos=0.012320, Vel=0.00009656]Epoch 1/200 [TRAIN]:  47%|████▋     | 1881/4032 [03:08<03:26, 10.40it/s, Loss=0.012513, Pos=0.012320, Vel=0.00009656]Epoch 1/200 [TRAIN]:  47%|████▋     | 1881/4032 [03:09<03:26, 10.40it/s, Loss=0.012513, Pos=0.012320, Vel=0.00009652]Epoch 1/200 [TRAIN]:  47%|████▋     | 1881/4032 [03:09<03:26, 10.40it/s, Loss=0.012509, Pos=0.012316, Vel=0.00009651]Epoch 1/200 [TRAIN]:  47%|████▋     | 1883/4032 [03:09<03:06, 11.53it/s, Loss=0.012509, Pos=0.012316, Vel=0.00009651]Epoch 1/200 [TRAIN]:  47%|████▋     | 1883/4032 [03:09<03:06, 11.53it/s, Loss=0.012505, Pos=0.012312, Vel=0.00009650]Epoch 1/200 [TRAIN]:  47%|████▋     | 1883/4032 [03:09<03:06, 11.53it/s, Loss=0.012503, Pos=0.012310, Vel=0.00009651]Epoch 1/200 [TRAIN]:  47%|████▋     | 1885/4032 [03:09<03:24, 10.47it/s, Loss=0.012503, Pos=0.012310, Vel=0.00009651]Epoch 1/200 [TRAIN]:  47%|████▋     | 1885/4032 [03:09<03:24, 10.47it/s, Loss=0.012500, Pos=0.012307, Vel=0.00009649]Epoch 1/200 [TRAIN]:  47%|████▋     | 1885/4032 [03:09<03:24, 10.47it/s, Loss=0.012497, Pos=0.012304, Vel=0.00009647]Epoch 1/200 [TRAIN]:  47%|████▋     | 1887/4032 [03:09<03:33, 10.03it/s, Loss=0.012497, Pos=0.012304, Vel=0.00009647]Epoch 1/200 [TRAIN]:  47%|████▋     | 1887/4032 [03:09<03:33, 10.03it/s, Loss=0.012492, Pos=0.012299, Vel=0.00009644]Epoch 1/200 [TRAIN]:  47%|████▋     | 1887/4032 [03:09<03:33, 10.03it/s, Loss=0.012489, Pos=0.012296, Vel=0.00009643]Epoch 1/200 [TRAIN]:  47%|████▋     | 1889/4032 [03:09<03:32, 10.09it/s, Loss=0.012489, Pos=0.012296, Vel=0.00009643]Epoch 1/200 [TRAIN]:  47%|████▋     | 1889/4032 [03:09<03:32, 10.09it/s, Loss=0.012484, Pos=0.012291, Vel=0.00009639]Epoch 1/200 [TRAIN]:  47%|████▋     | 1889/4032 [03:09<03:32, 10.09it/s, Loss=0.012484, Pos=0.012291, Vel=0.00009642]Epoch 1/200 [TRAIN]:  47%|████▋     | 1891/4032 [03:09<03:40,  9.71it/s, Loss=0.012484, Pos=0.012291, Vel=0.00009642]Epoch 1/200 [TRAIN]:  47%|████▋     | 1891/4032 [03:10<03:40,  9.71it/s, Loss=0.012482, Pos=0.012289, Vel=0.00009639]Epoch 1/200 [TRAIN]:  47%|████▋     | 1892/4032 [03:10<03:40,  9.69it/s, Loss=0.012482, Pos=0.012289, Vel=0.00009639]Epoch 1/200 [TRAIN]:  47%|████▋     | 1892/4032 [03:10<03:40,  9.69it/s, Loss=0.012478, Pos=0.012286, Vel=0.00009637]Epoch 1/200 [TRAIN]:  47%|████▋     | 1892/4032 [03:10<03:40,  9.69it/s, Loss=0.012474, Pos=0.012281, Vel=0.00009634]Epoch 1/200 [TRAIN]:  47%|████▋     | 1894/4032 [03:10<03:38,  9.80it/s, Loss=0.012474, Pos=0.012281, Vel=0.00009634]Epoch 1/200 [TRAIN]:  47%|████▋     | 1894/4032 [03:10<03:38,  9.80it/s, Loss=0.012469, Pos=0.012276, Vel=0.00009633]Epoch 1/200 [TRAIN]:  47%|████▋     | 1895/4032 [03:10<03:37,  9.81it/s, Loss=0.012469, Pos=0.012276, Vel=0.00009633]Epoch 1/200 [TRAIN]:  47%|████▋     | 1895/4032 [03:10<03:37,  9.81it/s, Loss=0.012466, Pos=0.012274, Vel=0.00009632]Epoch 1/200 [TRAIN]:  47%|████▋     | 1896/4032 [03:10<03:45,  9.48it/s, Loss=0.012466, Pos=0.012274, Vel=0.00009632]Epoch 1/200 [TRAIN]:  47%|████▋     | 1896/4032 [03:10<03:45,  9.48it/s, Loss=0.012465, Pos=0.012273, Vel=0.00009636]Epoch 1/200 [TRAIN]:  47%|████▋     | 1897/4032 [03:10<03:42,  9.58it/s, Loss=0.012465, Pos=0.012273, Vel=0.00009636]Epoch 1/200 [TRAIN]:  47%|████▋     | 1897/4032 [03:10<03:42,  9.58it/s, Loss=0.012461, Pos=0.012269, Vel=0.00009634]Epoch 1/200 [TRAIN]:  47%|████▋     | 1898/4032 [03:10<03:40,  9.66it/s, Loss=0.012461, Pos=0.012269, Vel=0.00009634]Epoch 1/200 [TRAIN]:  47%|████▋     | 1898/4032 [03:10<03:40,  9.66it/s, Loss=0.012469, Pos=0.012277, Vel=0.00009636]Epoch 1/200 [TRAIN]:  47%|████▋     | 1898/4032 [03:10<03:40,  9.66it/s, Loss=0.012484, Pos=0.012292, Vel=0.00009634]Epoch 1/200 [TRAIN]:  47%|████▋     | 1900/4032 [03:10<03:11, 11.12it/s, Loss=0.012484, Pos=0.012292, Vel=0.00009634]Epoch 1/200 [TRAIN]:  47%|████▋     | 1900/4032 [03:10<03:11, 11.12it/s, Loss=0.012479, Pos=0.012287, Vel=0.00009632]Epoch 1/200 [TRAIN]:  47%|████▋     | 1900/4032 [03:10<03:11, 11.12it/s, Loss=0.012473, Pos=0.012281, Vel=0.00009629]Epoch 1/200 [TRAIN]:  47%|████▋     | 1902/4032 [03:10<02:53, 12.31it/s, Loss=0.012473, Pos=0.012281, Vel=0.00009629]Epoch 1/200 [TRAIN]:  47%|████▋     | 1902/4032 [03:11<02:53, 12.31it/s, Loss=0.012470, Pos=0.012277, Vel=0.00009626]Epoch 1/200 [TRAIN]:  47%|████▋     | 1902/4032 [03:11<02:53, 12.31it/s, Loss=0.012464, Pos=0.012272, Vel=0.00009626]Epoch 1/200 [TRAIN]:  47%|████▋     | 1904/4032 [03:11<03:08, 11.31it/s, Loss=0.012464, Pos=0.012272, Vel=0.00009626]Epoch 1/200 [TRAIN]:  47%|████▋     | 1904/4032 [03:11<03:08, 11.31it/s, Loss=0.012464, Pos=0.012271, Vel=0.00009623]Epoch 1/200 [TRAIN]:  47%|████▋     | 1904/4032 [03:11<03:08, 11.31it/s, Loss=0.012460, Pos=0.012267, Vel=0.00009622]Epoch 1/200 [TRAIN]:  47%|████▋     | 1906/4032 [03:11<03:22, 10.51it/s, Loss=0.012460, Pos=0.012267, Vel=0.00009622]Epoch 1/200 [TRAIN]:  47%|████▋     | 1906/4032 [03:11<03:22, 10.51it/s, Loss=0.012462, Pos=0.012270, Vel=0.00009623]Epoch 1/200 [TRAIN]:  47%|████▋     | 1906/4032 [03:11<03:22, 10.51it/s, Loss=0.012457, Pos=0.012265, Vel=0.00009621]Epoch 1/200 [TRAIN]:  47%|████▋     | 1908/4032 [03:11<03:21, 10.55it/s, Loss=0.012457, Pos=0.012265, Vel=0.00009621]Epoch 1/200 [TRAIN]:  47%|████▋     | 1908/4032 [03:11<03:21, 10.55it/s, Loss=0.012454, Pos=0.012262, Vel=0.00009618]Epoch 1/200 [TRAIN]:  47%|████▋     | 1908/4032 [03:11<03:21, 10.55it/s, Loss=0.012449, Pos=0.012256, Vel=0.00009616]Epoch 1/200 [TRAIN]:  47%|████▋     | 1910/4032 [03:11<03:09, 11.19it/s, Loss=0.012449, Pos=0.012256, Vel=0.00009616]Epoch 1/200 [TRAIN]:  47%|████▋     | 1910/4032 [03:11<03:09, 11.19it/s, Loss=0.012448, Pos=0.012255, Vel=0.00009613]Epoch 1/200 [TRAIN]:  47%|████▋     | 1910/4032 [03:11<03:09, 11.19it/s, Loss=0.012447, Pos=0.012255, Vel=0.00009612]Epoch 1/200 [TRAIN]:  47%|████▋     | 1912/4032 [03:11<03:03, 11.57it/s, Loss=0.012447, Pos=0.012255, Vel=0.00009612]Epoch 1/200 [TRAIN]:  47%|████▋     | 1912/4032 [03:11<03:03, 11.57it/s, Loss=0.012448, Pos=0.012256, Vel=0.00009609]Epoch 1/200 [TRAIN]:  47%|████▋     | 1912/4032 [03:12<03:03, 11.57it/s, Loss=0.012445, Pos=0.012253, Vel=0.00009607]Epoch 1/200 [TRAIN]:  47%|████▋     | 1914/4032 [03:12<03:08, 11.23it/s, Loss=0.012445, Pos=0.012253, Vel=0.00009607]Epoch 1/200 [TRAIN]:  47%|████▋     | 1914/4032 [03:12<03:08, 11.23it/s, Loss=0.012446, Pos=0.012254, Vel=0.00009606]Epoch 1/200 [TRAIN]:  47%|████▋     | 1914/4032 [03:12<03:08, 11.23it/s, Loss=0.012450, Pos=0.012258, Vel=0.00009603]Epoch 1/200 [TRAIN]:  48%|████▊     | 1916/4032 [03:12<03:06, 11.37it/s, Loss=0.012450, Pos=0.012258, Vel=0.00009603]Epoch 1/200 [TRAIN]:  48%|████▊     | 1916/4032 [03:12<03:06, 11.37it/s, Loss=0.012454, Pos=0.012262, Vel=0.00009605]Epoch 1/200 [TRAIN]:  48%|████▊     | 1916/4032 [03:12<03:06, 11.37it/s, Loss=0.012454, Pos=0.012262, Vel=0.00009608]Epoch 1/200 [TRAIN]:  48%|████▊     | 1918/4032 [03:12<03:20, 10.54it/s, Loss=0.012454, Pos=0.012262, Vel=0.00009608]Epoch 1/200 [TRAIN]:  48%|████▊     | 1918/4032 [03:12<03:20, 10.54it/s, Loss=0.012453, Pos=0.012261, Vel=0.00009607]Epoch 1/200 [TRAIN]:  48%|████▊     | 1918/4032 [03:12<03:20, 10.54it/s, Loss=0.012450, Pos=0.012258, Vel=0.00009609]Epoch 1/200 [TRAIN]:  48%|████▊     | 1920/4032 [03:12<03:22, 10.42it/s, Loss=0.012450, Pos=0.012258, Vel=0.00009609]Epoch 1/200 [TRAIN]:  48%|████▊     | 1920/4032 [03:12<03:22, 10.42it/s, Loss=0.012450, Pos=0.012258, Vel=0.00009605]Epoch 1/200 [TRAIN]:  48%|████▊     | 1920/4032 [03:12<03:22, 10.42it/s, Loss=0.012445, Pos=0.012253, Vel=0.00009604]Epoch 1/200 [TRAIN]:  48%|████▊     | 1922/4032 [03:12<03:26, 10.22it/s, Loss=0.012445, Pos=0.012253, Vel=0.00009604]Epoch 1/200 [TRAIN]:  48%|████▊     | 1922/4032 [03:12<03:26, 10.22it/s, Loss=0.012440, Pos=0.012248, Vel=0.00009600]Epoch 1/200 [TRAIN]:  48%|████▊     | 1922/4032 [03:13<03:26, 10.22it/s, Loss=0.012454, Pos=0.012262, Vel=0.00009604]Epoch 1/200 [TRAIN]:  48%|████▊     | 1924/4032 [03:13<03:26, 10.22it/s, Loss=0.012454, Pos=0.012262, Vel=0.00009604]Epoch 1/200 [TRAIN]:  48%|████▊     | 1924/4032 [03:13<03:26, 10.22it/s, Loss=0.012450, Pos=0.012258, Vel=0.00009601]Epoch 1/200 [TRAIN]:  48%|████▊     | 1924/4032 [03:13<03:26, 10.22it/s, Loss=0.012452, Pos=0.012260, Vel=0.00009600]Epoch 1/200 [TRAIN]:  48%|████▊     | 1926/4032 [03:13<03:25, 10.24it/s, Loss=0.012452, Pos=0.012260, Vel=0.00009600]Epoch 1/200 [TRAIN]:  48%|████▊     | 1926/4032 [03:13<03:25, 10.24it/s, Loss=0.012453, Pos=0.012261, Vel=0.00009601]Epoch 1/200 [TRAIN]:  48%|████▊     | 1926/4032 [03:13<03:25, 10.24it/s, Loss=0.012449, Pos=0.012257, Vel=0.00009598]Epoch 1/200 [TRAIN]:  48%|████▊     | 1928/4032 [03:13<03:17, 10.67it/s, Loss=0.012449, Pos=0.012257, Vel=0.00009598]Epoch 1/200 [TRAIN]:  48%|████▊     | 1928/4032 [03:13<03:17, 10.67it/s, Loss=0.012451, Pos=0.012259, Vel=0.00009604]Epoch 1/200 [TRAIN]:  48%|████▊     | 1928/4032 [03:13<03:17, 10.67it/s, Loss=0.012453, Pos=0.012261, Vel=0.00009601]Epoch 1/200 [TRAIN]:  48%|████▊     | 1930/4032 [03:13<03:27, 10.12it/s, Loss=0.012453, Pos=0.012261, Vel=0.00009601]Epoch 1/200 [TRAIN]:  48%|████▊     | 1930/4032 [03:13<03:27, 10.12it/s, Loss=0.012449, Pos=0.012257, Vel=0.00009599]Epoch 1/200 [TRAIN]:  48%|████▊     | 1930/4032 [03:13<03:27, 10.12it/s, Loss=0.012444, Pos=0.012253, Vel=0.00009597]Epoch 1/200 [TRAIN]:  48%|████▊     | 1932/4032 [03:13<03:35,  9.75it/s, Loss=0.012444, Pos=0.012253, Vel=0.00009597]Epoch 1/200 [TRAIN]:  48%|████▊     | 1932/4032 [03:13<03:35,  9.75it/s, Loss=0.012457, Pos=0.012265, Vel=0.00009609]Epoch 1/200 [TRAIN]:  48%|████▊     | 1933/4032 [03:13<03:40,  9.51it/s, Loss=0.012457, Pos=0.012265, Vel=0.00009609]Epoch 1/200 [TRAIN]:  48%|████▊     | 1933/4032 [03:14<03:40,  9.51it/s, Loss=0.012455, Pos=0.012263, Vel=0.00009611]Epoch 1/200 [TRAIN]:  48%|████▊     | 1933/4032 [03:14<03:40,  9.51it/s, Loss=0.012457, Pos=0.012264, Vel=0.00009608]Epoch 1/200 [TRAIN]:  48%|████▊     | 1935/4032 [03:14<03:36,  9.70it/s, Loss=0.012457, Pos=0.012264, Vel=0.00009608]Epoch 1/200 [TRAIN]:  48%|████▊     | 1935/4032 [03:14<03:36,  9.70it/s, Loss=0.012453, Pos=0.012261, Vel=0.00009605]Epoch 1/200 [TRAIN]:  48%|████▊     | 1935/4032 [03:14<03:36,  9.70it/s, Loss=0.012447, Pos=0.012255, Vel=0.00009602]Epoch 1/200 [TRAIN]:  48%|████▊     | 1937/4032 [03:14<03:34,  9.76it/s, Loss=0.012447, Pos=0.012255, Vel=0.00009602]Epoch 1/200 [TRAIN]:  48%|████▊     | 1937/4032 [03:14<03:34,  9.76it/s, Loss=0.012443, Pos=0.012251, Vel=0.00009599]Epoch 1/200 [TRAIN]:  48%|████▊     | 1937/4032 [03:14<03:34,  9.76it/s, Loss=0.012439, Pos=0.012247, Vel=0.00009597]Epoch 1/200 [TRAIN]:  48%|████▊     | 1939/4032 [03:14<03:32,  9.87it/s, Loss=0.012439, Pos=0.012247, Vel=0.00009597]Epoch 1/200 [TRAIN]:  48%|████▊     | 1939/4032 [03:14<03:32,  9.87it/s, Loss=0.012435, Pos=0.012244, Vel=0.00009595]Epoch 1/200 [TRAIN]:  48%|████▊     | 1939/4032 [03:14<03:32,  9.87it/s, Loss=0.012431, Pos=0.012239, Vel=0.00009593]Epoch 1/200 [TRAIN]:  48%|████▊     | 1941/4032 [03:14<03:31,  9.91it/s, Loss=0.012431, Pos=0.012239, Vel=0.00009593]Epoch 1/200 [TRAIN]:  48%|████▊     | 1941/4032 [03:14<03:31,  9.91it/s, Loss=0.012435, Pos=0.012243, Vel=0.00009593]Epoch 1/200 [TRAIN]:  48%|████▊     | 1941/4032 [03:14<03:31,  9.91it/s, Loss=0.012432, Pos=0.012240, Vel=0.00009591]Epoch 1/200 [TRAIN]:  48%|████▊     | 1943/4032 [03:14<03:32,  9.81it/s, Loss=0.012432, Pos=0.012240, Vel=0.00009591]Epoch 1/200 [TRAIN]:  48%|████▊     | 1943/4032 [03:15<03:32,  9.81it/s, Loss=0.012430, Pos=0.012238, Vel=0.00009590]Epoch 1/200 [TRAIN]:  48%|████▊     | 1944/4032 [03:15<03:37,  9.61it/s, Loss=0.012430, Pos=0.012238, Vel=0.00009590]Epoch 1/200 [TRAIN]:  48%|████▊     | 1944/4032 [03:15<03:37,  9.61it/s, Loss=0.012426, Pos=0.012235, Vel=0.00009588]Epoch 1/200 [TRAIN]:  48%|████▊     | 1944/4032 [03:15<03:37,  9.61it/s, Loss=0.012421, Pos=0.012230, Vel=0.00009586]Epoch 1/200 [TRAIN]:  48%|████▊     | 1946/4032 [03:15<03:33,  9.79it/s, Loss=0.012421, Pos=0.012230, Vel=0.00009586]Epoch 1/200 [TRAIN]:  48%|████▊     | 1946/4032 [03:15<03:33,  9.79it/s, Loss=0.012419, Pos=0.012228, Vel=0.00009584]Epoch 1/200 [TRAIN]:  48%|████▊     | 1947/4032 [03:15<03:41,  9.40it/s, Loss=0.012419, Pos=0.012228, Vel=0.00009584]Epoch 1/200 [TRAIN]:  48%|████▊     | 1947/4032 [03:15<03:41,  9.40it/s, Loss=0.012414, Pos=0.012223, Vel=0.00009581]Epoch 1/200 [TRAIN]:  48%|████▊     | 1947/4032 [03:15<03:41,  9.40it/s, Loss=0.012414, Pos=0.012222, Vel=0.00009580]Epoch 1/200 [TRAIN]:  48%|████▊     | 1949/4032 [03:15<03:40,  9.46it/s, Loss=0.012414, Pos=0.012222, Vel=0.00009580]Epoch 1/200 [TRAIN]:  48%|████▊     | 1949/4032 [03:15<03:40,  9.46it/s, Loss=0.012410, Pos=0.012218, Vel=0.00009577]Epoch 1/200 [TRAIN]:  48%|████▊     | 1950/4032 [03:15<03:42,  9.38it/s, Loss=0.012410, Pos=0.012218, Vel=0.00009577]Epoch 1/200 [TRAIN]:  48%|████▊     | 1950/4032 [03:15<03:42,  9.38it/s, Loss=0.012412, Pos=0.012221, Vel=0.00009581]Epoch 1/200 [TRAIN]:  48%|████▊     | 1951/4032 [03:15<03:44,  9.25it/s, Loss=0.012412, Pos=0.012221, Vel=0.00009581]Epoch 1/200 [TRAIN]:  48%|████▊     | 1951/4032 [03:15<03:44,  9.25it/s, Loss=0.012408, Pos=0.012217, Vel=0.00009579]Epoch 1/200 [TRAIN]:  48%|████▊     | 1952/4032 [03:15<03:47,  9.13it/s, Loss=0.012408, Pos=0.012217, Vel=0.00009579]Epoch 1/200 [TRAIN]:  48%|████▊     | 1952/4032 [03:16<03:47,  9.13it/s, Loss=0.012402, Pos=0.012211, Vel=0.00009575]Epoch 1/200 [TRAIN]:  48%|████▊     | 1952/4032 [03:16<03:47,  9.13it/s, Loss=0.012398, Pos=0.012207, Vel=0.00009575]Epoch 1/200 [TRAIN]:  48%|████▊     | 1954/4032 [03:16<03:39,  9.45it/s, Loss=0.012398, Pos=0.012207, Vel=0.00009575]Epoch 1/200 [TRAIN]:  48%|████▊     | 1954/4032 [03:16<03:39,  9.45it/s, Loss=0.012402, Pos=0.012210, Vel=0.00009579]Epoch 1/200 [TRAIN]:  48%|████▊     | 1954/4032 [03:16<03:39,  9.45it/s, Loss=0.012399, Pos=0.012208, Vel=0.00009576]Epoch 1/200 [TRAIN]:  49%|████▊     | 1956/4032 [03:16<03:36,  9.59it/s, Loss=0.012399, Pos=0.012208, Vel=0.00009576]Epoch 1/200 [TRAIN]:  49%|████▊     | 1956/4032 [03:16<03:36,  9.59it/s, Loss=0.012394, Pos=0.012203, Vel=0.00009574]Epoch 1/200 [TRAIN]:  49%|████▊     | 1957/4032 [03:16<03:39,  9.45it/s, Loss=0.012394, Pos=0.012203, Vel=0.00009574]Epoch 1/200 [TRAIN]:  49%|████▊     | 1957/4032 [03:16<03:39,  9.45it/s, Loss=0.012392, Pos=0.012201, Vel=0.00009571]Epoch 1/200 [TRAIN]:  49%|████▊     | 1958/4032 [03:16<03:42,  9.34it/s, Loss=0.012392, Pos=0.012201, Vel=0.00009571]Epoch 1/200 [TRAIN]:  49%|████▊     | 1958/4032 [03:16<03:42,  9.34it/s, Loss=0.012390, Pos=0.012199, Vel=0.00009569]Epoch 1/200 [TRAIN]:  49%|████▊     | 1959/4032 [03:16<03:44,  9.25it/s, Loss=0.012390, Pos=0.012199, Vel=0.00009569]Epoch 1/200 [TRAIN]:  49%|████▊     | 1959/4032 [03:16<03:44,  9.25it/s, Loss=0.012391, Pos=0.012200, Vel=0.00009566]Epoch 1/200 [TRAIN]:  49%|████▊     | 1960/4032 [03:16<03:45,  9.19it/s, Loss=0.012391, Pos=0.012200, Vel=0.00009566]Epoch 1/200 [TRAIN]:  49%|████▊     | 1960/4032 [03:16<03:45,  9.19it/s, Loss=0.012395, Pos=0.012203, Vel=0.00009565]Epoch 1/200 [TRAIN]:  49%|████▊     | 1961/4032 [03:16<03:45,  9.20it/s, Loss=0.012395, Pos=0.012203, Vel=0.00009565]Epoch 1/200 [TRAIN]:  49%|████▊     | 1961/4032 [03:17<03:45,  9.20it/s, Loss=0.012390, Pos=0.012199, Vel=0.00009561]Epoch 1/200 [TRAIN]:  49%|████▊     | 1962/4032 [03:17<03:47,  9.10it/s, Loss=0.012390, Pos=0.012199, Vel=0.00009561]Epoch 1/200 [TRAIN]:  49%|████▊     | 1962/4032 [03:17<03:47,  9.10it/s, Loss=0.012394, Pos=0.012202, Vel=0.00009561]Epoch 1/200 [TRAIN]:  49%|████▊     | 1963/4032 [03:17<03:48,  9.06it/s, Loss=0.012394, Pos=0.012202, Vel=0.00009561]Epoch 1/200 [TRAIN]:  49%|████▊     | 1963/4032 [03:17<03:48,  9.06it/s, Loss=0.012392, Pos=0.012201, Vel=0.00009566]Epoch 1/200 [TRAIN]:  49%|████▊     | 1963/4032 [03:17<03:48,  9.06it/s, Loss=0.012388, Pos=0.012196, Vel=0.00009562]Epoch 1/200 [TRAIN]:  49%|████▊     | 1965/4032 [03:17<02:54, 11.86it/s, Loss=0.012388, Pos=0.012196, Vel=0.00009562]Epoch 1/200 [TRAIN]:  49%|████▊     | 1965/4032 [03:17<02:54, 11.86it/s, Loss=0.012388, Pos=0.012197, Vel=0.00009563]Epoch 1/200 [TRAIN]:  49%|████▊     | 1965/4032 [03:17<02:54, 11.86it/s, Loss=0.012393, Pos=0.012202, Vel=0.00009560]Epoch 1/200 [TRAIN]:  49%|████▉     | 1967/4032 [03:17<03:11, 10.77it/s, Loss=0.012393, Pos=0.012202, Vel=0.00009560]Epoch 1/200 [TRAIN]:  49%|████▉     | 1967/4032 [03:17<03:11, 10.77it/s, Loss=0.012401, Pos=0.012210, Vel=0.00009560]Epoch 1/200 [TRAIN]:  49%|████▉     | 1967/4032 [03:17<03:11, 10.77it/s, Loss=0.012397, Pos=0.012205, Vel=0.00009557]Epoch 1/200 [TRAIN]:  49%|████▉     | 1969/4032 [03:17<03:12, 10.70it/s, Loss=0.012397, Pos=0.012205, Vel=0.00009557]Epoch 1/200 [TRAIN]:  49%|████▉     | 1969/4032 [03:17<03:12, 10.70it/s, Loss=0.012395, Pos=0.012203, Vel=0.00009556]Epoch 1/200 [TRAIN]:  49%|████▉     | 1969/4032 [03:17<03:12, 10.70it/s, Loss=0.012394, Pos=0.012203, Vel=0.00009560]Epoch 1/200 [TRAIN]:  49%|████▉     | 1971/4032 [03:17<02:57, 11.64it/s, Loss=0.012394, Pos=0.012203, Vel=0.00009560]Epoch 1/200 [TRAIN]:  49%|████▉     | 1971/4032 [03:17<02:57, 11.64it/s, Loss=0.012388, Pos=0.012197, Vel=0.00009556]Epoch 1/200 [TRAIN]:  49%|████▉     | 1971/4032 [03:18<02:57, 11.64it/s, Loss=0.012389, Pos=0.012198, Vel=0.00009553]Epoch 1/200 [TRAIN]:  49%|████▉     | 1973/4032 [03:18<03:10, 10.78it/s, Loss=0.012389, Pos=0.012198, Vel=0.00009553]Epoch 1/200 [TRAIN]:  49%|████▉     | 1973/4032 [03:18<03:10, 10.78it/s, Loss=0.012411, Pos=0.012220, Vel=0.00009552]Epoch 1/200 [TRAIN]:  49%|████▉     | 1973/4032 [03:18<03:10, 10.78it/s, Loss=0.012409, Pos=0.012218, Vel=0.00009555]Epoch 1/200 [TRAIN]:  49%|████▉     | 1975/4032 [03:18<03:20, 10.28it/s, Loss=0.012409, Pos=0.012218, Vel=0.00009555]Epoch 1/200 [TRAIN]:  49%|████▉     | 1975/4032 [03:18<03:20, 10.28it/s, Loss=0.012406, Pos=0.012215, Vel=0.00009553]Epoch 1/200 [TRAIN]:  49%|████▉     | 1975/4032 [03:18<03:20, 10.28it/s, Loss=0.012403, Pos=0.012212, Vel=0.00009553]Epoch 1/200 [TRAIN]:  49%|████▉     | 1977/4032 [03:18<03:27,  9.90it/s, Loss=0.012403, Pos=0.012212, Vel=0.00009553]Epoch 1/200 [TRAIN]:  49%|████▉     | 1977/4032 [03:18<03:27,  9.90it/s, Loss=0.012403, Pos=0.012212, Vel=0.00009550]Epoch 1/200 [TRAIN]:  49%|████▉     | 1977/4032 [03:18<03:27,  9.90it/s, Loss=0.012413, Pos=0.012222, Vel=0.00009547]Epoch 1/200 [TRAIN]:  49%|████▉     | 1979/4032 [03:18<03:01, 11.28it/s, Loss=0.012413, Pos=0.012222, Vel=0.00009547]Epoch 1/200 [TRAIN]:  49%|████▉     | 1979/4032 [03:18<03:01, 11.28it/s, Loss=0.012407, Pos=0.012216, Vel=0.00009544]Epoch 1/200 [TRAIN]:  49%|████▉     | 1979/4032 [03:18<03:01, 11.28it/s, Loss=0.012402, Pos=0.012211, Vel=0.00009541]Epoch 1/200 [TRAIN]:  49%|████▉     | 1981/4032 [03:18<02:55, 11.71it/s, Loss=0.012402, Pos=0.012211, Vel=0.00009541]Epoch 1/200 [TRAIN]:  49%|████▉     | 1981/4032 [03:18<02:55, 11.71it/s, Loss=0.012398, Pos=0.012207, Vel=0.00009540]Epoch 1/200 [TRAIN]:  49%|████▉     | 1981/4032 [03:18<02:55, 11.71it/s, Loss=0.012395, Pos=0.012204, Vel=0.00009537]Epoch 1/200 [TRAIN]:  49%|████▉     | 1983/4032 [03:18<03:09, 10.82it/s, Loss=0.012395, Pos=0.012204, Vel=0.00009537]Epoch 1/200 [TRAIN]:  49%|████▉     | 1983/4032 [03:19<03:09, 10.82it/s, Loss=0.012390, Pos=0.012199, Vel=0.00009536]Epoch 1/200 [TRAIN]:  49%|████▉     | 1983/4032 [03:19<03:09, 10.82it/s, Loss=0.012391, Pos=0.012200, Vel=0.00009537]Epoch 1/200 [TRAIN]:  49%|████▉     | 1985/4032 [03:19<03:19, 10.25it/s, Loss=0.012391, Pos=0.012200, Vel=0.00009537]Epoch 1/200 [TRAIN]:  49%|████▉     | 1985/4032 [03:19<03:19, 10.25it/s, Loss=0.012388, Pos=0.012197, Vel=0.00009534]Epoch 1/200 [TRAIN]:  49%|████▉     | 1985/4032 [03:19<03:19, 10.25it/s, Loss=0.012388, Pos=0.012198, Vel=0.00009531]Epoch 1/200 [TRAIN]:  49%|████▉     | 1987/4032 [03:19<03:07, 10.91it/s, Loss=0.012388, Pos=0.012198, Vel=0.00009531]Epoch 1/200 [TRAIN]:  49%|████▉     | 1987/4032 [03:19<03:07, 10.91it/s, Loss=0.012392, Pos=0.012201, Vel=0.00009530]Epoch 1/200 [TRAIN]:  49%|████▉     | 1987/4032 [03:19<03:07, 10.91it/s, Loss=0.012388, Pos=0.012198, Vel=0.00009528]Epoch 1/200 [TRAIN]:  49%|████▉     | 1989/4032 [03:19<03:16, 10.42it/s, Loss=0.012388, Pos=0.012198, Vel=0.00009528]Epoch 1/200 [TRAIN]:  49%|████▉     | 1989/4032 [03:19<03:16, 10.42it/s, Loss=0.012385, Pos=0.012195, Vel=0.00009524]Epoch 1/200 [TRAIN]:  49%|████▉     | 1989/4032 [03:19<03:16, 10.42it/s, Loss=0.012386, Pos=0.012196, Vel=0.00009525]Epoch 1/200 [TRAIN]:  49%|████▉     | 1991/4032 [03:19<03:26,  9.87it/s, Loss=0.012386, Pos=0.012196, Vel=0.00009525]Epoch 1/200 [TRAIN]:  49%|████▉     | 1991/4032 [03:19<03:26,  9.87it/s, Loss=0.012383, Pos=0.012193, Vel=0.00009523]Epoch 1/200 [TRAIN]:  49%|████▉     | 1991/4032 [03:19<03:26,  9.87it/s, Loss=0.012385, Pos=0.012195, Vel=0.00009524]Epoch 1/200 [TRAIN]:  49%|████▉     | 1993/4032 [03:19<03:24,  9.95it/s, Loss=0.012385, Pos=0.012195, Vel=0.00009524]Epoch 1/200 [TRAIN]:  49%|████▉     | 1993/4032 [03:20<03:24,  9.95it/s, Loss=0.012384, Pos=0.012194, Vel=0.00009522]Epoch 1/200 [TRAIN]:  49%|████▉     | 1993/4032 [03:20<03:24,  9.95it/s, Loss=0.012382, Pos=0.012191, Vel=0.00009520]Epoch 1/200 [TRAIN]:  49%|████▉     | 1995/4032 [03:20<03:29,  9.73it/s, Loss=0.012382, Pos=0.012191, Vel=0.00009520]Epoch 1/200 [TRAIN]:  49%|████▉     | 1995/4032 [03:20<03:29,  9.73it/s, Loss=0.012380, Pos=0.012190, Vel=0.00009524]Epoch 1/200 [TRAIN]:  50%|████▉     | 1996/4032 [03:20<03:28,  9.75it/s, Loss=0.012380, Pos=0.012190, Vel=0.00009524]Epoch 1/200 [TRAIN]:  50%|████▉     | 1996/4032 [03:20<03:28,  9.75it/s, Loss=0.012377, Pos=0.012187, Vel=0.00009522]Epoch 1/200 [TRAIN]:  50%|████▉     | 1997/4032 [03:20<03:29,  9.69it/s, Loss=0.012377, Pos=0.012187, Vel=0.00009522]Epoch 1/200 [TRAIN]:  50%|████▉     | 1997/4032 [03:20<03:29,  9.69it/s, Loss=0.012380, Pos=0.012189, Vel=0.00009519]Epoch 1/200 [TRAIN]:  50%|████▉     | 1998/4032 [03:20<03:35,  9.42it/s, Loss=0.012380, Pos=0.012189, Vel=0.00009519]Epoch 1/200 [TRAIN]:  50%|████▉     | 1998/4032 [03:20<03:35,  9.42it/s, Loss=0.012375, Pos=0.012185, Vel=0.00009516]Epoch 1/200 [TRAIN]:  50%|████▉     | 1999/4032 [03:20<03:36,  9.39it/s, Loss=0.012375, Pos=0.012185, Vel=0.00009516]Epoch 1/200 [TRAIN]:  50%|████▉     | 1999/4032 [03:20<03:36,  9.39it/s, Loss=0.012371, Pos=0.012180, Vel=0.00009513]Epoch 1/200 [TRAIN]:  50%|████▉     | 1999/4032 [03:20<03:36,  9.39it/s, Loss=0.012372, Pos=0.012182, Vel=0.00009518]Epoch 1/200 [TRAIN]:  50%|████▉     | 2001/4032 [03:20<03:23,  9.96it/s, Loss=0.012372, Pos=0.012182, Vel=0.00009518]Epoch 1/200 [TRAIN]:  50%|████▉     | 2001/4032 [03:20<03:23,  9.96it/s, Loss=0.012374, Pos=0.012183, Vel=0.00009518]Epoch 1/200 [TRAIN]:  50%|████▉     | 2001/4032 [03:20<03:23,  9.96it/s, Loss=0.012386, Pos=0.012196, Vel=0.00009516]Epoch 1/200 [TRAIN]:  50%|████▉     | 2003/4032 [03:20<03:19, 10.15it/s, Loss=0.012386, Pos=0.012196, Vel=0.00009516]Epoch 1/200 [TRAIN]:  50%|████▉     | 2003/4032 [03:21<03:19, 10.15it/s, Loss=0.012383, Pos=0.012192, Vel=0.00009513]Epoch 1/200 [TRAIN]:  50%|████▉     | 2003/4032 [03:21<03:19, 10.15it/s, Loss=0.012378, Pos=0.012188, Vel=0.00009513]Epoch 1/200 [TRAIN]:  50%|████▉     | 2005/4032 [03:21<03:24,  9.89it/s, Loss=0.012378, Pos=0.012188, Vel=0.00009513]Epoch 1/200 [TRAIN]:  50%|████▉     | 2005/4032 [03:21<03:24,  9.89it/s, Loss=0.012373, Pos=0.012183, Vel=0.00009511]Epoch 1/200 [TRAIN]:  50%|████▉     | 2005/4032 [03:21<03:24,  9.89it/s, Loss=0.012370, Pos=0.012180, Vel=0.00009509]Epoch 1/200 [TRAIN]:  50%|████▉     | 2007/4032 [03:21<03:22,  9.98it/s, Loss=0.012370, Pos=0.012180, Vel=0.00009509]Epoch 1/200 [TRAIN]:  50%|████▉     | 2007/4032 [03:21<03:22,  9.98it/s, Loss=0.012369, Pos=0.012179, Vel=0.00009509]Epoch 1/200 [TRAIN]:  50%|████▉     | 2008/4032 [03:21<03:27,  9.75it/s, Loss=0.012369, Pos=0.012179, Vel=0.00009509]Epoch 1/200 [TRAIN]:  50%|████▉     | 2008/4032 [03:21<03:27,  9.75it/s, Loss=0.012378, Pos=0.012187, Vel=0.00009509]Epoch 1/200 [TRAIN]:  50%|████▉     | 2009/4032 [03:21<03:34,  9.41it/s, Loss=0.012378, Pos=0.012187, Vel=0.00009509]Epoch 1/200 [TRAIN]:  50%|████▉     | 2009/4032 [03:21<03:34,  9.41it/s, Loss=0.012380, Pos=0.012190, Vel=0.00009507]Epoch 1/200 [TRAIN]:  50%|████▉     | 2009/4032 [03:21<03:34,  9.41it/s, Loss=0.012409, Pos=0.012219, Vel=0.00009505]Epoch 1/200 [TRAIN]:  50%|████▉     | 2011/4032 [03:21<03:02, 11.06it/s, Loss=0.012409, Pos=0.012219, Vel=0.00009505]Epoch 1/200 [TRAIN]:  50%|████▉     | 2011/4032 [03:21<03:02, 11.06it/s, Loss=0.012411, Pos=0.012221, Vel=0.00009504]Epoch 1/200 [TRAIN]:  50%|████▉     | 2011/4032 [03:21<03:02, 11.06it/s, Loss=0.012410, Pos=0.012219, Vel=0.00009504]Epoch 1/200 [TRAIN]:  50%|████▉     | 2013/4032 [03:21<03:15, 10.32it/s, Loss=0.012410, Pos=0.012219, Vel=0.00009504]Epoch 1/200 [TRAIN]:  50%|████▉     | 2013/4032 [03:21<03:15, 10.32it/s, Loss=0.012411, Pos=0.012221, Vel=0.00009512]Epoch 1/200 [TRAIN]:  50%|████▉     | 2013/4032 [03:22<03:15, 10.32it/s, Loss=0.012409, Pos=0.012219, Vel=0.00009510]Epoch 1/200 [TRAIN]:  50%|████▉     | 2015/4032 [03:22<02:59, 11.22it/s, Loss=0.012409, Pos=0.012219, Vel=0.00009510]Epoch 1/200 [TRAIN]:  50%|████▉     | 2015/4032 [03:22<02:59, 11.22it/s, Loss=0.012406, Pos=0.012216, Vel=0.00009509]Epoch 1/200 [TRAIN]:  50%|████▉     | 2015/4032 [03:22<02:59, 11.22it/s, Loss=0.012408, Pos=0.012218, Vel=0.00009506]Epoch 1/200 [TRAIN]:  50%|█████     | 2017/4032 [03:22<03:08, 10.70it/s, Loss=0.012408, Pos=0.012218, Vel=0.00009506]Epoch 1/200 [TRAIN]:  50%|█████     | 2017/4032 [03:22<03:08, 10.70it/s, Loss=0.012403, Pos=0.012213, Vel=0.00009504]Epoch 1/200 [TRAIN]:  50%|█████     | 2017/4032 [03:22<03:08, 10.70it/s, Loss=0.012398, Pos=0.012208, Vel=0.00009502]Epoch 1/200 [TRAIN]:  50%|█████     | 2019/4032 [03:22<03:12, 10.43it/s, Loss=0.012398, Pos=0.012208, Vel=0.00009502]Epoch 1/200 [TRAIN]:  50%|█████     | 2019/4032 [03:22<03:12, 10.43it/s, Loss=0.012395, Pos=0.012205, Vel=0.00009501]Epoch 1/200 [TRAIN]:  50%|█████     | 2019/4032 [03:22<03:12, 10.43it/s, Loss=0.012394, Pos=0.012204, Vel=0.00009498]Epoch 1/200 [TRAIN]:  50%|█████     | 2021/4032 [03:22<03:13, 10.41it/s, Loss=0.012394, Pos=0.012204, Vel=0.00009498]Epoch 1/200 [TRAIN]:  50%|█████     | 2021/4032 [03:22<03:13, 10.41it/s, Loss=0.012391, Pos=0.012201, Vel=0.00009498]Epoch 1/200 [TRAIN]:  50%|█████     | 2021/4032 [03:22<03:13, 10.41it/s, Loss=0.012387, Pos=0.012197, Vel=0.00009495]Epoch 1/200 [TRAIN]:  50%|█████     | 2023/4032 [03:22<03:15, 10.29it/s, Loss=0.012387, Pos=0.012197, Vel=0.00009495]Epoch 1/200 [TRAIN]:  50%|█████     | 2023/4032 [03:23<03:15, 10.29it/s, Loss=0.012387, Pos=0.012197, Vel=0.00009493]Epoch 1/200 [TRAIN]:  50%|█████     | 2023/4032 [03:23<03:15, 10.29it/s, Loss=0.012384, Pos=0.012194, Vel=0.00009490]Epoch 1/200 [TRAIN]:  50%|█████     | 2025/4032 [03:23<03:21,  9.95it/s, Loss=0.012384, Pos=0.012194, Vel=0.00009490]Epoch 1/200 [TRAIN]:  50%|█████     | 2025/4032 [03:23<03:21,  9.95it/s, Loss=0.012378, Pos=0.012188, Vel=0.00009487]Epoch 1/200 [TRAIN]:  50%|█████     | 2025/4032 [03:23<03:21,  9.95it/s, Loss=0.012375, Pos=0.012185, Vel=0.00009484]Epoch 1/200 [TRAIN]:  50%|█████     | 2027/4032 [03:23<03:28,  9.63it/s, Loss=0.012375, Pos=0.012185, Vel=0.00009484]Epoch 1/200 [TRAIN]:  50%|█████     | 2027/4032 [03:23<03:28,  9.63it/s, Loss=0.012373, Pos=0.012184, Vel=0.00009484]Epoch 1/200 [TRAIN]:  50%|█████     | 2028/4032 [03:23<03:30,  9.53it/s, Loss=0.012373, Pos=0.012184, Vel=0.00009484]Epoch 1/200 [TRAIN]:  50%|█████     | 2028/4032 [03:23<03:30,  9.53it/s, Loss=0.012378, Pos=0.012188, Vel=0.00009486]Epoch 1/200 [TRAIN]:  50%|█████     | 2029/4032 [03:23<03:31,  9.46it/s, Loss=0.012378, Pos=0.012188, Vel=0.00009486]Epoch 1/200 [TRAIN]:  50%|█████     | 2029/4032 [03:23<03:31,  9.46it/s, Loss=0.012375, Pos=0.012185, Vel=0.00009484]Epoch 1/200 [TRAIN]:  50%|█████     | 2030/4032 [03:23<03:31,  9.45it/s, Loss=0.012375, Pos=0.012185, Vel=0.00009484]Epoch 1/200 [TRAIN]:  50%|█████     | 2030/4032 [03:23<03:31,  9.45it/s, Loss=0.012371, Pos=0.012181, Vel=0.00009481]Epoch 1/200 [TRAIN]:  50%|█████     | 2030/4032 [03:23<03:31,  9.45it/s, Loss=0.012416, Pos=0.012226, Vel=0.00009481]Epoch 1/200 [TRAIN]:  50%|█████     | 2032/4032 [03:23<03:22,  9.86it/s, Loss=0.012416, Pos=0.012226, Vel=0.00009481]Epoch 1/200 [TRAIN]:  50%|█████     | 2032/4032 [03:23<03:22,  9.86it/s, Loss=0.012420, Pos=0.012231, Vel=0.00009485]Epoch 1/200 [TRAIN]:  50%|█████     | 2032/4032 [03:24<03:22,  9.86it/s, Loss=0.012419, Pos=0.012229, Vel=0.00009485]Epoch 1/200 [TRAIN]:  50%|█████     | 2034/4032 [03:24<03:25,  9.73it/s, Loss=0.012419, Pos=0.012229, Vel=0.00009485]Epoch 1/200 [TRAIN]:  50%|█████     | 2034/4032 [03:24<03:25,  9.73it/s, Loss=0.012423, Pos=0.012234, Vel=0.00009486]Epoch 1/200 [TRAIN]:  50%|█████     | 2035/4032 [03:24<03:26,  9.65it/s, Loss=0.012423, Pos=0.012234, Vel=0.00009486]Epoch 1/200 [TRAIN]:  50%|█████     | 2035/4032 [03:24<03:26,  9.65it/s, Loss=0.012420, Pos=0.012230, Vel=0.00009483]Epoch 1/200 [TRAIN]:  50%|█████     | 2036/4032 [03:24<03:28,  9.55it/s, Loss=0.012420, Pos=0.012230, Vel=0.00009483]Epoch 1/200 [TRAIN]:  50%|█████     | 2036/4032 [03:24<03:28,  9.55it/s, Loss=0.012415, Pos=0.012225, Vel=0.00009482]Epoch 1/200 [TRAIN]:  51%|█████     | 2037/4032 [03:24<03:30,  9.48it/s, Loss=0.012415, Pos=0.012225, Vel=0.00009482]Epoch 1/200 [TRAIN]:  51%|█████     | 2037/4032 [03:24<03:30,  9.48it/s, Loss=0.012410, Pos=0.012220, Vel=0.00009478]Epoch 1/200 [TRAIN]:  51%|█████     | 2037/4032 [03:24<03:30,  9.48it/s, Loss=0.012407, Pos=0.012218, Vel=0.00009477]Epoch 1/200 [TRAIN]:  51%|█████     | 2039/4032 [03:24<03:29,  9.51it/s, Loss=0.012407, Pos=0.012218, Vel=0.00009477]Epoch 1/200 [TRAIN]:  51%|█████     | 2039/4032 [03:24<03:29,  9.51it/s, Loss=0.012409, Pos=0.012219, Vel=0.00009476]Epoch 1/200 [TRAIN]:  51%|█████     | 2040/4032 [03:24<03:31,  9.41it/s, Loss=0.012409, Pos=0.012219, Vel=0.00009476]Epoch 1/200 [TRAIN]:  51%|█████     | 2040/4032 [03:24<03:31,  9.41it/s, Loss=0.012408, Pos=0.012219, Vel=0.00009474]Epoch 1/200 [TRAIN]:  51%|█████     | 2041/4032 [03:24<03:33,  9.33it/s, Loss=0.012408, Pos=0.012219, Vel=0.00009474]Epoch 1/200 [TRAIN]:  51%|█████     | 2041/4032 [03:24<03:33,  9.33it/s, Loss=0.012409, Pos=0.012219, Vel=0.00009472]Epoch 1/200 [TRAIN]:  51%|█████     | 2042/4032 [03:24<03:34,  9.26it/s, Loss=0.012409, Pos=0.012219, Vel=0.00009472]Epoch 1/200 [TRAIN]:  51%|█████     | 2042/4032 [03:25<03:34,  9.26it/s, Loss=0.012405, Pos=0.012215, Vel=0.00009472]Epoch 1/200 [TRAIN]:  51%|█████     | 2043/4032 [03:25<03:35,  9.23it/s, Loss=0.012405, Pos=0.012215, Vel=0.00009472]Epoch 1/200 [TRAIN]:  51%|█████     | 2043/4032 [03:25<03:35,  9.23it/s, Loss=0.012402, Pos=0.012213, Vel=0.00009469]Epoch 1/200 [TRAIN]:  51%|█████     | 2043/4032 [03:25<03:35,  9.23it/s, Loss=0.012401, Pos=0.012212, Vel=0.00009470]Epoch 1/200 [TRAIN]:  51%|█████     | 2045/4032 [03:25<03:06, 10.63it/s, Loss=0.012401, Pos=0.012212, Vel=0.00009470]Epoch 1/200 [TRAIN]:  51%|█████     | 2045/4032 [03:25<03:06, 10.63it/s, Loss=0.012399, Pos=0.012210, Vel=0.00009468]Epoch 1/200 [TRAIN]:  51%|█████     | 2045/4032 [03:25<03:06, 10.63it/s, Loss=0.012397, Pos=0.012208, Vel=0.00009465]Epoch 1/200 [TRAIN]:  51%|█████     | 2047/4032 [03:25<03:21,  9.85it/s, Loss=0.012397, Pos=0.012208, Vel=0.00009465]Epoch 1/200 [TRAIN]:  51%|█████     | 2047/4032 [03:25<03:21,  9.85it/s, Loss=0.012409, Pos=0.012220, Vel=0.00009462]Epoch 1/200 [TRAIN]:  51%|█████     | 2047/4032 [03:25<03:21,  9.85it/s, Loss=0.012405, Pos=0.012216, Vel=0.00009459]Epoch 1/200 [TRAIN]:  51%|█████     | 2049/4032 [03:25<03:18, 10.00it/s, Loss=0.012405, Pos=0.012216, Vel=0.00009459]Epoch 1/200 [TRAIN]:  51%|█████     | 2049/4032 [03:25<03:18, 10.00it/s, Loss=0.012405, Pos=0.012216, Vel=0.00009459]Epoch 1/200 [TRAIN]:  51%|█████     | 2049/4032 [03:25<03:18, 10.00it/s, Loss=0.012400, Pos=0.012211, Vel=0.00009458]Epoch 1/200 [TRAIN]:  51%|█████     | 2051/4032 [03:25<03:23,  9.74it/s, Loss=0.012400, Pos=0.012211, Vel=0.00009458]Epoch 1/200 [TRAIN]:  51%|█████     | 2051/4032 [03:25<03:23,  9.74it/s, Loss=0.012396, Pos=0.012207, Vel=0.00009454]Epoch 1/200 [TRAIN]:  51%|█████     | 2052/4032 [03:25<03:26,  9.60it/s, Loss=0.012396, Pos=0.012207, Vel=0.00009454]Epoch 1/200 [TRAIN]:  51%|█████     | 2052/4032 [03:26<03:26,  9.60it/s, Loss=0.012392, Pos=0.012203, Vel=0.00009451]Epoch 1/200 [TRAIN]:  51%|█████     | 2053/4032 [03:26<03:30,  9.42it/s, Loss=0.012392, Pos=0.012203, Vel=0.00009451]Epoch 1/200 [TRAIN]:  51%|█████     | 2053/4032 [03:26<03:30,  9.42it/s, Loss=0.012392, Pos=0.012203, Vel=0.00009452]Epoch 1/200 [TRAIN]:  51%|█████     | 2054/4032 [03:26<03:30,  9.38it/s, Loss=0.012392, Pos=0.012203, Vel=0.00009452]Epoch 1/200 [TRAIN]:  51%|█████     | 2054/4032 [03:26<03:30,  9.38it/s, Loss=0.012389, Pos=0.012200, Vel=0.00009449]Epoch 1/200 [TRAIN]:  51%|█████     | 2055/4032 [03:26<03:32,  9.30it/s, Loss=0.012389, Pos=0.012200, Vel=0.00009449]Epoch 1/200 [TRAIN]:  51%|█████     | 2055/4032 [03:26<03:32,  9.30it/s, Loss=0.012384, Pos=0.012195, Vel=0.00009445]Epoch 1/200 [TRAIN]:  51%|█████     | 2055/4032 [03:26<03:32,  9.30it/s, Loss=0.012379, Pos=0.012190, Vel=0.00009443]Epoch 1/200 [TRAIN]:  51%|█████     | 2057/4032 [03:26<03:03, 10.75it/s, Loss=0.012379, Pos=0.012190, Vel=0.00009443]Epoch 1/200 [TRAIN]:  51%|█████     | 2057/4032 [03:26<03:03, 10.75it/s, Loss=0.012376, Pos=0.012187, Vel=0.00009444]Epoch 1/200 [TRAIN]:  51%|█████     | 2057/4032 [03:26<03:03, 10.75it/s, Loss=0.012378, Pos=0.012189, Vel=0.00009453]Epoch 1/200 [TRAIN]:  51%|█████     | 2059/4032 [03:26<03:11, 10.32it/s, Loss=0.012378, Pos=0.012189, Vel=0.00009453]Epoch 1/200 [TRAIN]:  51%|█████     | 2059/4032 [03:26<03:11, 10.32it/s, Loss=0.012378, Pos=0.012189, Vel=0.00009453]Epoch 1/200 [TRAIN]:  51%|█████     | 2059/4032 [03:26<03:11, 10.32it/s, Loss=0.012373, Pos=0.012184, Vel=0.00009452]Epoch 1/200 [TRAIN]:  51%|█████     | 2061/4032 [03:26<03:19,  9.88it/s, Loss=0.012373, Pos=0.012184, Vel=0.00009452]Epoch 1/200 [TRAIN]:  51%|█████     | 2061/4032 [03:26<03:19,  9.88it/s, Loss=0.012375, Pos=0.012186, Vel=0.00009451]Epoch 1/200 [TRAIN]:  51%|█████     | 2062/4032 [03:26<03:24,  9.65it/s, Loss=0.012375, Pos=0.012186, Vel=0.00009451]Epoch 1/200 [TRAIN]:  51%|█████     | 2062/4032 [03:27<03:24,  9.65it/s, Loss=0.012376, Pos=0.012187, Vel=0.00009450]Epoch 1/200 [TRAIN]:  51%|█████     | 2063/4032 [03:27<03:25,  9.57it/s, Loss=0.012376, Pos=0.012187, Vel=0.00009450]Epoch 1/200 [TRAIN]:  51%|█████     | 2063/4032 [03:27<03:25,  9.57it/s, Loss=0.012377, Pos=0.012188, Vel=0.00009450]Epoch 1/200 [TRAIN]:  51%|█████     | 2064/4032 [03:27<03:29,  9.39it/s, Loss=0.012377, Pos=0.012188, Vel=0.00009450]Epoch 1/200 [TRAIN]:  51%|█████     | 2064/4032 [03:27<03:29,  9.39it/s, Loss=0.012375, Pos=0.012186, Vel=0.00009450]Epoch 1/200 [TRAIN]:  51%|█████     | 2065/4032 [03:27<03:31,  9.30it/s, Loss=0.012375, Pos=0.012186, Vel=0.00009450]Epoch 1/200 [TRAIN]:  51%|█████     | 2065/4032 [03:27<03:31,  9.30it/s, Loss=0.012373, Pos=0.012184, Vel=0.00009450]Epoch 1/200 [TRAIN]:  51%|█████     | 2066/4032 [03:27<03:31,  9.29it/s, Loss=0.012373, Pos=0.012184, Vel=0.00009450]Epoch 1/200 [TRAIN]:  51%|█████     | 2066/4032 [03:27<03:31,  9.29it/s, Loss=0.012370, Pos=0.012181, Vel=0.00009447]Epoch 1/200 [TRAIN]:  51%|█████     | 2066/4032 [03:27<03:31,  9.29it/s, Loss=0.012369, Pos=0.012180, Vel=0.00009446]Epoch 1/200 [TRAIN]:  51%|█████▏    | 2068/4032 [03:27<03:31,  9.29it/s, Loss=0.012369, Pos=0.012180, Vel=0.00009446]Epoch 1/200 [TRAIN]:  51%|█████▏    | 2068/4032 [03:27<03:31,  9.29it/s, Loss=0.012369, Pos=0.012180, Vel=0.00009444]Epoch 1/200 [TRAIN]:  51%|█████▏    | 2068/4032 [03:27<03:31,  9.29it/s, Loss=0.012366, Pos=0.012177, Vel=0.00009441]Epoch 1/200 [TRAIN]:  51%|█████▏    | 2070/4032 [03:27<03:09, 10.35it/s, Loss=0.012366, Pos=0.012177, Vel=0.00009441]Epoch 1/200 [TRAIN]:  51%|█████▏    | 2070/4032 [03:27<03:09, 10.35it/s, Loss=0.012365, Pos=0.012176, Vel=0.00009439]Epoch 1/200 [TRAIN]:  51%|█████▏    | 2070/4032 [03:27<03:09, 10.35it/s, Loss=0.012365, Pos=0.012177, Vel=0.00009440]Epoch 1/200 [TRAIN]:  51%|█████▏    | 2072/4032 [03:27<03:19,  9.83it/s, Loss=0.012365, Pos=0.012177, Vel=0.00009440]Epoch 1/200 [TRAIN]:  51%|█████▏    | 2072/4032 [03:28<03:19,  9.83it/s, Loss=0.012423, Pos=0.012234, Vel=0.00009441]Epoch 1/200 [TRAIN]:  51%|█████▏    | 2073/4032 [03:28<03:22,  9.66it/s, Loss=0.012423, Pos=0.012234, Vel=0.00009441]Epoch 1/200 [TRAIN]:  51%|█████▏    | 2073/4032 [03:28<03:22,  9.66it/s, Loss=0.012435, Pos=0.012246, Vel=0.00009453]Epoch 1/200 [TRAIN]:  51%|█████▏    | 2074/4032 [03:28<03:26,  9.48it/s, Loss=0.012435, Pos=0.012246, Vel=0.00009453]Epoch 1/200 [TRAIN]:  51%|█████▏    | 2074/4032 [03:28<03:26,  9.48it/s, Loss=0.012435, Pos=0.012245, Vel=0.00009454]Epoch 1/200 [TRAIN]:  51%|█████▏    | 2075/4032 [03:28<03:29,  9.34it/s, Loss=0.012435, Pos=0.012245, Vel=0.00009454]Epoch 1/200 [TRAIN]:  51%|█████▏    | 2075/4032 [03:28<03:29,  9.34it/s, Loss=0.012437, Pos=0.012248, Vel=0.00009453]Epoch 1/200 [TRAIN]:  51%|█████▏    | 2076/4032 [03:28<03:35,  9.07it/s, Loss=0.012437, Pos=0.012248, Vel=0.00009453]Epoch 1/200 [TRAIN]:  51%|█████▏    | 2076/4032 [03:28<03:35,  9.07it/s, Loss=0.012440, Pos=0.012251, Vel=0.00009453]Epoch 1/200 [TRAIN]:  51%|█████▏    | 2076/4032 [03:28<03:35,  9.07it/s, Loss=0.012436, Pos=0.012247, Vel=0.00009453]Epoch 1/200 [TRAIN]:  52%|█████▏    | 2078/4032 [03:28<03:28,  9.36it/s, Loss=0.012436, Pos=0.012247, Vel=0.00009453]Epoch 1/200 [TRAIN]:  52%|█████▏    | 2078/4032 [03:28<03:28,  9.36it/s, Loss=0.012441, Pos=0.012252, Vel=0.00009455]Epoch 1/200 [TRAIN]:  52%|█████▏    | 2079/4032 [03:28<03:28,  9.35it/s, Loss=0.012441, Pos=0.012252, Vel=0.00009455]Epoch 1/200 [TRAIN]:  52%|█████▏    | 2079/4032 [03:28<03:28,  9.35it/s, Loss=0.012442, Pos=0.012253, Vel=0.00009454]Epoch 1/200 [TRAIN]:  52%|█████▏    | 2080/4032 [03:28<03:30,  9.26it/s, Loss=0.012442, Pos=0.012253, Vel=0.00009454]Epoch 1/200 [TRAIN]:  52%|█████▏    | 2080/4032 [03:28<03:30,  9.26it/s, Loss=0.012440, Pos=0.012251, Vel=0.00009454]Epoch 1/200 [TRAIN]:  52%|█████▏    | 2081/4032 [03:28<03:31,  9.20it/s, Loss=0.012440, Pos=0.012251, Vel=0.00009454]Epoch 1/200 [TRAIN]:  52%|█████▏    | 2081/4032 [03:29<03:31,  9.20it/s, Loss=0.012440, Pos=0.012250, Vel=0.00009455]Epoch 1/200 [TRAIN]:  52%|█████▏    | 2082/4032 [03:29<03:30,  9.26it/s, Loss=0.012440, Pos=0.012250, Vel=0.00009455]Epoch 1/200 [TRAIN]:  52%|█████▏    | 2082/4032 [03:29<03:30,  9.26it/s, Loss=0.012435, Pos=0.012246, Vel=0.00009453]Epoch 1/200 [TRAIN]:  52%|█████▏    | 2083/4032 [03:29<03:32,  9.15it/s, Loss=0.012435, Pos=0.012246, Vel=0.00009453]Epoch 1/200 [TRAIN]:  52%|█████▏    | 2083/4032 [03:29<03:32,  9.15it/s, Loss=0.012437, Pos=0.012248, Vel=0.00009450]Epoch 1/200 [TRAIN]:  52%|█████▏    | 2083/4032 [03:29<03:32,  9.15it/s, Loss=0.012432, Pos=0.012243, Vel=0.00009447]Epoch 1/200 [TRAIN]:  52%|█████▏    | 2085/4032 [03:29<03:00, 10.78it/s, Loss=0.012432, Pos=0.012243, Vel=0.00009447]Epoch 1/200 [TRAIN]:  52%|█████▏    | 2085/4032 [03:29<03:00, 10.78it/s, Loss=0.012429, Pos=0.012240, Vel=0.00009445]Epoch 1/200 [TRAIN]:  52%|█████▏    | 2085/4032 [03:29<03:00, 10.78it/s, Loss=0.012431, Pos=0.012242, Vel=0.00009445]Epoch 1/200 [TRAIN]:  52%|█████▏    | 2087/4032 [03:29<03:12, 10.10it/s, Loss=0.012431, Pos=0.012242, Vel=0.00009445]Epoch 1/200 [TRAIN]:  52%|█████▏    | 2087/4032 [03:29<03:12, 10.10it/s, Loss=0.012446, Pos=0.012258, Vel=0.00009445]Epoch 1/200 [TRAIN]:  52%|█████▏    | 2087/4032 [03:29<03:12, 10.10it/s, Loss=0.012446, Pos=0.012258, Vel=0.00009444]Epoch 1/200 [TRAIN]:  52%|█████▏    | 2089/4032 [03:29<03:03, 10.57it/s, Loss=0.012446, Pos=0.012258, Vel=0.00009444]Epoch 1/200 [TRAIN]:  52%|█████▏    | 2089/4032 [03:29<03:03, 10.57it/s, Loss=0.012446, Pos=0.012257, Vel=0.00009442]Epoch 1/200 [TRAIN]:  52%|█████▏    | 2089/4032 [03:29<03:03, 10.57it/s, Loss=0.012444, Pos=0.012255, Vel=0.00009440]Epoch 1/200 [TRAIN]:  52%|█████▏    | 2091/4032 [03:29<03:16,  9.88it/s, Loss=0.012444, Pos=0.012255, Vel=0.00009440]Epoch 1/200 [TRAIN]:  52%|█████▏    | 2091/4032 [03:30<03:16,  9.88it/s, Loss=0.012442, Pos=0.012254, Vel=0.00009440]Epoch 1/200 [TRAIN]:  52%|█████▏    | 2091/4032 [03:30<03:16,  9.88it/s, Loss=0.012440, Pos=0.012251, Vel=0.00009441]Epoch 1/200 [TRAIN]:  52%|█████▏    | 2093/4032 [03:30<03:11, 10.14it/s, Loss=0.012440, Pos=0.012251, Vel=0.00009441]Epoch 1/200 [TRAIN]:  52%|█████▏    | 2093/4032 [03:30<03:11, 10.14it/s, Loss=0.012455, Pos=0.012267, Vel=0.00009439]Epoch 1/200 [TRAIN]:  52%|█████▏    | 2093/4032 [03:30<03:11, 10.14it/s, Loss=0.012457, Pos=0.012268, Vel=0.00009438]Epoch 1/200 [TRAIN]:  52%|█████▏    | 2095/4032 [03:30<03:14,  9.95it/s, Loss=0.012457, Pos=0.012268, Vel=0.00009438]Epoch 1/200 [TRAIN]:  52%|█████▏    | 2095/4032 [03:30<03:14,  9.95it/s, Loss=0.012456, Pos=0.012267, Vel=0.00009437]Epoch 1/200 [TRAIN]:  52%|█████▏    | 2095/4032 [03:30<03:14,  9.95it/s, Loss=0.012457, Pos=0.012268, Vel=0.00009435]Epoch 1/200 [TRAIN]:  52%|█████▏    | 2097/4032 [03:30<03:23,  9.49it/s, Loss=0.012457, Pos=0.012268, Vel=0.00009435]Epoch 1/200 [TRAIN]:  52%|█████▏    | 2097/4032 [03:30<03:23,  9.49it/s, Loss=0.012460, Pos=0.012271, Vel=0.00009436]Epoch 1/200 [TRAIN]:  52%|█████▏    | 2097/4032 [03:30<03:23,  9.49it/s, Loss=0.012456, Pos=0.012267, Vel=0.00009434]Epoch 1/200 [TRAIN]:  52%|█████▏    | 2099/4032 [03:30<03:21,  9.61it/s, Loss=0.012456, Pos=0.012267, Vel=0.00009434]Epoch 1/200 [TRAIN]:  52%|█████▏    | 2099/4032 [03:30<03:21,  9.61it/s, Loss=0.012456, Pos=0.012268, Vel=0.00009431]Epoch 1/200 [TRAIN]:  52%|█████▏    | 2100/4032 [03:30<03:24,  9.44it/s, Loss=0.012456, Pos=0.012268, Vel=0.00009431]Epoch 1/200 [TRAIN]:  52%|█████▏    | 2100/4032 [03:31<03:24,  9.44it/s, Loss=0.012455, Pos=0.012266, Vel=0.00009428]Epoch 1/200 [TRAIN]:  52%|█████▏    | 2101/4032 [03:31<03:26,  9.34it/s, Loss=0.012455, Pos=0.012266, Vel=0.00009428]Epoch 1/200 [TRAIN]:  52%|█████▏    | 2101/4032 [03:31<03:26,  9.34it/s, Loss=0.012454, Pos=0.012266, Vel=0.00009425]Epoch 1/200 [TRAIN]:  52%|█████▏    | 2102/4032 [03:31<03:29,  9.21it/s, Loss=0.012454, Pos=0.012266, Vel=0.00009425]Epoch 1/200 [TRAIN]:  52%|█████▏    | 2102/4032 [03:31<03:29,  9.21it/s, Loss=0.012455, Pos=0.012266, Vel=0.00009425]Epoch 1/200 [TRAIN]:  52%|█████▏    | 2103/4032 [03:31<03:28,  9.24it/s, Loss=0.012455, Pos=0.012266, Vel=0.00009425]Epoch 1/200 [TRAIN]:  52%|█████▏    | 2103/4032 [03:31<03:28,  9.24it/s, Loss=0.012452, Pos=0.012264, Vel=0.00009423]Epoch 1/200 [TRAIN]:  52%|█████▏    | 2104/4032 [03:31<03:34,  9.00it/s, Loss=0.012452, Pos=0.012264, Vel=0.00009423]Epoch 1/200 [TRAIN]:  52%|█████▏    | 2104/4032 [03:31<03:34,  9.00it/s, Loss=0.012454, Pos=0.012266, Vel=0.00009428]Epoch 1/200 [TRAIN]:  52%|█████▏    | 2104/4032 [03:31<03:34,  9.00it/s, Loss=0.012456, Pos=0.012268, Vel=0.00009425]Epoch 1/200 [TRAIN]:  52%|█████▏    | 2106/4032 [03:31<03:04, 10.45it/s, Loss=0.012456, Pos=0.012268, Vel=0.00009425]Epoch 1/200 [TRAIN]:  52%|█████▏    | 2106/4032 [03:31<03:04, 10.45it/s, Loss=0.012451, Pos=0.012263, Vel=0.00009423]Epoch 1/200 [TRAIN]:  52%|█████▏    | 2106/4032 [03:31<03:04, 10.45it/s, Loss=0.012449, Pos=0.012261, Vel=0.00009422]Epoch 1/200 [TRAIN]:  52%|█████▏    | 2108/4032 [03:31<03:10, 10.09it/s, Loss=0.012449, Pos=0.012261, Vel=0.00009422]Epoch 1/200 [TRAIN]:  52%|█████▏    | 2108/4032 [03:31<03:10, 10.09it/s, Loss=0.012454, Pos=0.012265, Vel=0.00009423]Epoch 1/200 [TRAIN]:  52%|█████▏    | 2108/4032 [03:31<03:10, 10.09it/s, Loss=0.012450, Pos=0.012262, Vel=0.00009423]Epoch 1/200 [TRAIN]:  52%|█████▏    | 2110/4032 [03:31<03:20,  9.60it/s, Loss=0.012450, Pos=0.012262, Vel=0.00009423]Epoch 1/200 [TRAIN]:  52%|█████▏    | 2110/4032 [03:32<03:20,  9.60it/s, Loss=0.012449, Pos=0.012261, Vel=0.00009421]Epoch 1/200 [TRAIN]:  52%|█████▏    | 2111/4032 [03:32<03:21,  9.53it/s, Loss=0.012449, Pos=0.012261, Vel=0.00009421]Epoch 1/200 [TRAIN]:  52%|█████▏    | 2111/4032 [03:32<03:21,  9.53it/s, Loss=0.012445, Pos=0.012256, Vel=0.00009421]Epoch 1/200 [TRAIN]:  52%|█████▏    | 2111/4032 [03:32<03:21,  9.53it/s, Loss=0.012443, Pos=0.012255, Vel=0.00009418]Epoch 1/200 [TRAIN]:  52%|█████▏    | 2113/4032 [03:32<02:56, 10.88it/s, Loss=0.012443, Pos=0.012255, Vel=0.00009418]Epoch 1/200 [TRAIN]:  52%|█████▏    | 2113/4032 [03:32<02:56, 10.88it/s, Loss=0.012442, Pos=0.012253, Vel=0.00009419]Epoch 1/200 [TRAIN]:  52%|█████▏    | 2113/4032 [03:32<02:56, 10.88it/s, Loss=0.012440, Pos=0.012252, Vel=0.00009417]Epoch 1/200 [TRAIN]:  52%|█████▏    | 2115/4032 [03:32<03:00, 10.61it/s, Loss=0.012440, Pos=0.012252, Vel=0.00009417]Epoch 1/200 [TRAIN]:  52%|█████▏    | 2115/4032 [03:32<03:00, 10.61it/s, Loss=0.012439, Pos=0.012251, Vel=0.00009421]Epoch 1/200 [TRAIN]:  52%|█████▏    | 2115/4032 [03:32<03:00, 10.61it/s, Loss=0.012449, Pos=0.012260, Vel=0.00009421]Epoch 1/200 [TRAIN]:  53%|█████▎    | 2117/4032 [03:32<02:46, 11.50it/s, Loss=0.012449, Pos=0.012260, Vel=0.00009421]Epoch 1/200 [TRAIN]:  53%|█████▎    | 2117/4032 [03:32<02:46, 11.50it/s, Loss=0.012445, Pos=0.012257, Vel=0.00009419]Epoch 1/200 [TRAIN]:  53%|█████▎    | 2117/4032 [03:32<02:46, 11.50it/s, Loss=0.012442, Pos=0.012254, Vel=0.00009416]Epoch 1/200 [TRAIN]:  53%|█████▎    | 2119/4032 [03:32<02:59, 10.63it/s, Loss=0.012442, Pos=0.012254, Vel=0.00009416]Epoch 1/200 [TRAIN]:  53%|█████▎    | 2119/4032 [03:32<02:59, 10.63it/s, Loss=0.012440, Pos=0.012252, Vel=0.00009414]Epoch 1/200 [TRAIN]:  53%|█████▎    | 2119/4032 [03:32<02:59, 10.63it/s, Loss=0.012446, Pos=0.012258, Vel=0.00009411]Epoch 1/200 [TRAIN]:  53%|█████▎    | 2121/4032 [03:32<02:51, 11.16it/s, Loss=0.012446, Pos=0.012258, Vel=0.00009411]Epoch 1/200 [TRAIN]:  53%|█████▎    | 2121/4032 [03:32<02:51, 11.16it/s, Loss=0.012444, Pos=0.012256, Vel=0.00009411]Epoch 1/200 [TRAIN]:  53%|█████▎    | 2121/4032 [03:33<02:51, 11.16it/s, Loss=0.012457, Pos=0.012269, Vel=0.00009412]Epoch 1/200 [TRAIN]:  53%|█████▎    | 2123/4032 [03:33<02:50, 11.17it/s, Loss=0.012457, Pos=0.012269, Vel=0.00009412]Epoch 1/200 [TRAIN]:  53%|█████▎    | 2123/4032 [03:33<02:50, 11.17it/s, Loss=0.012454, Pos=0.012266, Vel=0.00009410]Epoch 1/200 [TRAIN]:  53%|█████▎    | 2123/4032 [03:33<02:50, 11.17it/s, Loss=0.012453, Pos=0.012265, Vel=0.00009407]Epoch 1/200 [TRAIN]:  53%|█████▎    | 2125/4032 [03:33<03:02, 10.43it/s, Loss=0.012453, Pos=0.012265, Vel=0.00009407]Epoch 1/200 [TRAIN]:  53%|█████▎    | 2125/4032 [03:33<03:02, 10.43it/s, Loss=0.012451, Pos=0.012262, Vel=0.00009406]Epoch 1/200 [TRAIN]:  53%|█████▎    | 2125/4032 [03:33<03:02, 10.43it/s, Loss=0.012453, Pos=0.012265, Vel=0.00009405]Epoch 1/200 [TRAIN]:  53%|█████▎    | 2127/4032 [03:33<03:09, 10.06it/s, Loss=0.012453, Pos=0.012265, Vel=0.00009405]Epoch 1/200 [TRAIN]:  53%|█████▎    | 2127/4032 [03:33<03:09, 10.06it/s, Loss=0.012456, Pos=0.012267, Vel=0.00009406]Epoch 1/200 [TRAIN]:  53%|█████▎    | 2127/4032 [03:33<03:09, 10.06it/s, Loss=0.012451, Pos=0.012263, Vel=0.00009404]Epoch 1/200 [TRAIN]:  53%|█████▎    | 2129/4032 [03:33<02:56, 10.76it/s, Loss=0.012451, Pos=0.012263, Vel=0.00009404]Epoch 1/200 [TRAIN]:  53%|█████▎    | 2129/4032 [03:33<02:56, 10.76it/s, Loss=0.012449, Pos=0.012261, Vel=0.00009401]Epoch 1/200 [TRAIN]:  53%|█████▎    | 2129/4032 [03:33<02:56, 10.76it/s, Loss=0.012446, Pos=0.012258, Vel=0.00009399]Epoch 1/200 [TRAIN]:  53%|█████▎    | 2131/4032 [03:33<03:04, 10.31it/s, Loss=0.012446, Pos=0.012258, Vel=0.00009399]Epoch 1/200 [TRAIN]:  53%|█████▎    | 2131/4032 [03:33<03:04, 10.31it/s, Loss=0.012443, Pos=0.012255, Vel=0.00009396]Epoch 1/200 [TRAIN]:  53%|█████▎    | 2131/4032 [03:34<03:04, 10.31it/s, Loss=0.012438, Pos=0.012250, Vel=0.00009395]Epoch 1/200 [TRAIN]:  53%|█████▎    | 2133/4032 [03:34<02:50, 11.14it/s, Loss=0.012438, Pos=0.012250, Vel=0.00009395]Epoch 1/200 [TRAIN]:  53%|█████▎    | 2133/4032 [03:34<02:50, 11.14it/s, Loss=0.012453, Pos=0.012265, Vel=0.00009406]Epoch 1/200 [TRAIN]:  53%|█████▎    | 2133/4032 [03:34<02:50, 11.14it/s, Loss=0.012455, Pos=0.012267, Vel=0.00009408]Epoch 1/200 [TRAIN]:  53%|█████▎    | 2135/4032 [03:34<02:35, 12.18it/s, Loss=0.012455, Pos=0.012267, Vel=0.00009408]Epoch 1/200 [TRAIN]:  53%|█████▎    | 2135/4032 [03:34<02:35, 12.18it/s, Loss=0.012450, Pos=0.012262, Vel=0.00009405]Epoch 1/200 [TRAIN]:  53%|█████▎    | 2135/4032 [03:34<02:35, 12.18it/s, Loss=0.012461, Pos=0.012273, Vel=0.00009405]Epoch 1/200 [TRAIN]:  53%|█████▎    | 2137/4032 [03:34<02:49, 11.17it/s, Loss=0.012461, Pos=0.012273, Vel=0.00009405]Epoch 1/200 [TRAIN]:  53%|█████▎    | 2137/4032 [03:34<02:49, 11.17it/s, Loss=0.012459, Pos=0.012271, Vel=0.00009403]Epoch 1/200 [TRAIN]:  53%|█████▎    | 2137/4032 [03:34<02:49, 11.17it/s, Loss=0.012454, Pos=0.012267, Vel=0.00009399]Epoch 1/200 [TRAIN]:  53%|█████▎    | 2139/4032 [03:34<02:49, 11.18it/s, Loss=0.012454, Pos=0.012267, Vel=0.00009399]Epoch 1/200 [TRAIN]:  53%|█████▎    | 2139/4032 [03:34<02:49, 11.18it/s, Loss=0.012451, Pos=0.012263, Vel=0.00009397]Epoch 1/200 [TRAIN]:  53%|█████▎    | 2139/4032 [03:34<02:49, 11.18it/s, Loss=0.012451, Pos=0.012263, Vel=0.00009395]Epoch 1/200 [TRAIN]:  53%|█████▎    | 2141/4032 [03:34<02:58, 10.61it/s, Loss=0.012451, Pos=0.012263, Vel=0.00009395]Epoch 1/200 [TRAIN]:  53%|█████▎    | 2141/4032 [03:34<02:58, 10.61it/s, Loss=0.012449, Pos=0.012261, Vel=0.00009393]Epoch 1/200 [TRAIN]:  53%|█████▎    | 2141/4032 [03:34<02:58, 10.61it/s, Loss=0.012450, Pos=0.012262, Vel=0.00009393]Epoch 1/200 [TRAIN]:  53%|█████▎    | 2143/4032 [03:34<03:01, 10.43it/s, Loss=0.012450, Pos=0.012262, Vel=0.00009393]Epoch 1/200 [TRAIN]:  53%|█████▎    | 2143/4032 [03:35<03:01, 10.43it/s, Loss=0.012448, Pos=0.012260, Vel=0.00009395]Epoch 1/200 [TRAIN]:  53%|█████▎    | 2143/4032 [03:35<03:01, 10.43it/s, Loss=0.012444, Pos=0.012256, Vel=0.00009394]Epoch 1/200 [TRAIN]:  53%|█████▎    | 2145/4032 [03:35<02:54, 10.81it/s, Loss=0.012444, Pos=0.012256, Vel=0.00009394]Epoch 1/200 [TRAIN]:  53%|█████▎    | 2145/4032 [03:35<02:54, 10.81it/s, Loss=0.012442, Pos=0.012255, Vel=0.00009392]Epoch 1/200 [TRAIN]:  53%|█████▎    | 2145/4032 [03:35<02:54, 10.81it/s, Loss=0.012445, Pos=0.012257, Vel=0.00009390]Epoch 1/200 [TRAIN]:  53%|█████▎    | 2147/4032 [03:35<03:02, 10.35it/s, Loss=0.012445, Pos=0.012257, Vel=0.00009390]Epoch 1/200 [TRAIN]:  53%|█████▎    | 2147/4032 [03:35<03:02, 10.35it/s, Loss=0.012442, Pos=0.012254, Vel=0.00009391]Epoch 1/200 [TRAIN]:  53%|█████▎    | 2147/4032 [03:35<03:02, 10.35it/s, Loss=0.012444, Pos=0.012256, Vel=0.00009389]Epoch 1/200 [TRAIN]:  53%|█████▎    | 2149/4032 [03:35<03:03, 10.24it/s, Loss=0.012444, Pos=0.012256, Vel=0.00009389]Epoch 1/200 [TRAIN]:  53%|█████▎    | 2149/4032 [03:35<03:03, 10.24it/s, Loss=0.012443, Pos=0.012256, Vel=0.00009388]Epoch 1/200 [TRAIN]:  53%|█████▎    | 2149/4032 [03:35<03:03, 10.24it/s, Loss=0.012439, Pos=0.012251, Vel=0.00009385]Epoch 1/200 [TRAIN]:  53%|█████▎    | 2151/4032 [03:35<03:05, 10.13it/s, Loss=0.012439, Pos=0.012251, Vel=0.00009385]Epoch 1/200 [TRAIN]:  53%|█████▎    | 2151/4032 [03:35<03:05, 10.13it/s, Loss=0.012437, Pos=0.012250, Vel=0.00009383]Epoch 1/200 [TRAIN]:  53%|█████▎    | 2151/4032 [03:35<03:05, 10.13it/s, Loss=0.012456, Pos=0.012268, Vel=0.00009390]Epoch 1/200 [TRAIN]:  53%|█████▎    | 2153/4032 [03:35<03:06, 10.05it/s, Loss=0.012456, Pos=0.012268, Vel=0.00009390]Epoch 1/200 [TRAIN]:  53%|█████▎    | 2153/4032 [03:36<03:06, 10.05it/s, Loss=0.012455, Pos=0.012267, Vel=0.00009388]Epoch 1/200 [TRAIN]:  53%|█████▎    | 2153/4032 [03:36<03:06, 10.05it/s, Loss=0.012455, Pos=0.012267, Vel=0.00009388]Epoch 1/200 [TRAIN]:  53%|█████▎    | 2155/4032 [03:36<03:14,  9.64it/s, Loss=0.012455, Pos=0.012267, Vel=0.00009388]Epoch 1/200 [TRAIN]:  53%|█████▎    | 2155/4032 [03:36<03:14,  9.64it/s, Loss=0.012452, Pos=0.012264, Vel=0.00009386]Epoch 1/200 [TRAIN]:  53%|█████▎    | 2156/4032 [03:36<03:16,  9.53it/s, Loss=0.012452, Pos=0.012264, Vel=0.00009386]Epoch 1/200 [TRAIN]:  53%|█████▎    | 2156/4032 [03:36<03:16,  9.53it/s, Loss=0.012450, Pos=0.012262, Vel=0.00009385]Epoch 1/200 [TRAIN]:  53%|█████▎    | 2157/4032 [03:36<03:18,  9.42it/s, Loss=0.012450, Pos=0.012262, Vel=0.00009385]Epoch 1/200 [TRAIN]:  53%|█████▎    | 2157/4032 [03:36<03:18,  9.42it/s, Loss=0.012447, Pos=0.012259, Vel=0.00009384]Epoch 1/200 [TRAIN]:  54%|█████▎    | 2158/4032 [03:36<03:20,  9.34it/s, Loss=0.012447, Pos=0.012259, Vel=0.00009384]Epoch 1/200 [TRAIN]:  54%|█████▎    | 2158/4032 [03:36<03:20,  9.34it/s, Loss=0.012445, Pos=0.012257, Vel=0.00009382]Epoch 1/200 [TRAIN]:  54%|█████▎    | 2159/4032 [03:36<03:18,  9.42it/s, Loss=0.012445, Pos=0.012257, Vel=0.00009382]Epoch 1/200 [TRAIN]:  54%|█████▎    | 2159/4032 [03:36<03:18,  9.42it/s, Loss=0.012447, Pos=0.012260, Vel=0.00009382]Epoch 1/200 [TRAIN]:  54%|█████▎    | 2160/4032 [03:36<03:19,  9.39it/s, Loss=0.012447, Pos=0.012260, Vel=0.00009382]Epoch 1/200 [TRAIN]:  54%|█████▎    | 2160/4032 [03:36<03:19,  9.39it/s, Loss=0.012444, Pos=0.012256, Vel=0.00009380]Epoch 1/200 [TRAIN]:  54%|█████▎    | 2161/4032 [03:36<03:21,  9.29it/s, Loss=0.012444, Pos=0.012256, Vel=0.00009380]Epoch 1/200 [TRAIN]:  54%|█████▎    | 2161/4032 [03:36<03:21,  9.29it/s, Loss=0.012442, Pos=0.012255, Vel=0.00009379]Epoch 1/200 [TRAIN]:  54%|█████▎    | 2162/4032 [03:36<03:24,  9.16it/s, Loss=0.012442, Pos=0.012255, Vel=0.00009379]Epoch 1/200 [TRAIN]:  54%|█████▎    | 2162/4032 [03:37<03:24,  9.16it/s, Loss=0.012442, Pos=0.012255, Vel=0.00009376]Epoch 1/200 [TRAIN]:  54%|█████▎    | 2163/4032 [03:37<03:24,  9.14it/s, Loss=0.012442, Pos=0.012255, Vel=0.00009376]Epoch 1/200 [TRAIN]:  54%|█████▎    | 2163/4032 [03:37<03:24,  9.14it/s, Loss=0.012442, Pos=0.012254, Vel=0.00009376]Epoch 1/200 [TRAIN]:  54%|█████▎    | 2164/4032 [03:37<03:23,  9.17it/s, Loss=0.012442, Pos=0.012254, Vel=0.00009376]Epoch 1/200 [TRAIN]:  54%|█████▎    | 2164/4032 [03:37<03:23,  9.17it/s, Loss=0.012436, Pos=0.012249, Vel=0.00009373]Epoch 1/200 [TRAIN]:  54%|█████▎    | 2165/4032 [03:37<03:25,  9.06it/s, Loss=0.012436, Pos=0.012249, Vel=0.00009373]Epoch 1/200 [TRAIN]:  54%|█████▎    | 2165/4032 [03:37<03:25,  9.06it/s, Loss=0.012432, Pos=0.012245, Vel=0.00009370]Epoch 1/200 [TRAIN]:  54%|█████▎    | 2166/4032 [03:37<03:27,  8.98it/s, Loss=0.012432, Pos=0.012245, Vel=0.00009370]Epoch 1/200 [TRAIN]:  54%|█████▎    | 2166/4032 [03:37<03:27,  8.98it/s, Loss=0.012428, Pos=0.012241, Vel=0.00009368]Epoch 1/200 [TRAIN]:  54%|█████▎    | 2167/4032 [03:37<03:28,  8.93it/s, Loss=0.012428, Pos=0.012241, Vel=0.00009368]Epoch 1/200 [TRAIN]:  54%|█████▎    | 2167/4032 [03:37<03:28,  8.93it/s, Loss=0.012433, Pos=0.012245, Vel=0.00009366]Epoch 1/200 [TRAIN]:  54%|█████▍    | 2168/4032 [03:37<03:27,  8.97it/s, Loss=0.012433, Pos=0.012245, Vel=0.00009366]Epoch 1/200 [TRAIN]:  54%|█████▍    | 2168/4032 [03:37<03:27,  8.97it/s, Loss=0.012430, Pos=0.012243, Vel=0.00009364]Epoch 1/200 [TRAIN]:  54%|█████▍    | 2169/4032 [03:37<03:26,  9.01it/s, Loss=0.012430, Pos=0.012243, Vel=0.00009364]Epoch 1/200 [TRAIN]:  54%|█████▍    | 2169/4032 [03:37<03:26,  9.01it/s, Loss=0.012428, Pos=0.012241, Vel=0.00009361]Epoch 1/200 [TRAIN]:  54%|█████▍    | 2170/4032 [03:37<03:23,  9.15it/s, Loss=0.012428, Pos=0.012241, Vel=0.00009361]Epoch 1/200 [TRAIN]:  54%|█████▍    | 2170/4032 [03:37<03:23,  9.15it/s, Loss=0.012426, Pos=0.012239, Vel=0.00009361]Epoch 1/200 [TRAIN]:  54%|█████▍    | 2171/4032 [03:37<03:22,  9.18it/s, Loss=0.012426, Pos=0.012239, Vel=0.00009361]Epoch 1/200 [TRAIN]:  54%|█████▍    | 2171/4032 [03:38<03:22,  9.18it/s, Loss=0.012427, Pos=0.012240, Vel=0.00009358]Epoch 1/200 [TRAIN]:  54%|█████▍    | 2172/4032 [03:38<03:19,  9.33it/s, Loss=0.012427, Pos=0.012240, Vel=0.00009358]Epoch 1/200 [TRAIN]:  54%|█████▍    | 2172/4032 [03:38<03:19,  9.33it/s, Loss=0.012425, Pos=0.012237, Vel=0.00009356]Epoch 1/200 [TRAIN]:  54%|█████▍    | 2173/4032 [03:38<03:24,  9.11it/s, Loss=0.012425, Pos=0.012237, Vel=0.00009356]Epoch 1/200 [TRAIN]:  54%|█████▍    | 2173/4032 [03:38<03:24,  9.11it/s, Loss=0.012426, Pos=0.012239, Vel=0.00009353]Epoch 1/200 [TRAIN]:  54%|█████▍    | 2173/4032 [03:38<03:24,  9.11it/s, Loss=0.012431, Pos=0.012244, Vel=0.00009359]Epoch 1/200 [TRAIN]:  54%|█████▍    | 2175/4032 [03:38<02:46, 11.17it/s, Loss=0.012431, Pos=0.012244, Vel=0.00009359]Epoch 1/200 [TRAIN]:  54%|█████▍    | 2175/4032 [03:38<02:46, 11.17it/s, Loss=0.012434, Pos=0.012247, Vel=0.00009359]Epoch 1/200 [TRAIN]:  54%|█████▍    | 2175/4032 [03:38<02:46, 11.17it/s, Loss=0.012432, Pos=0.012245, Vel=0.00009356]Epoch 1/200 [TRAIN]:  54%|█████▍    | 2177/4032 [03:38<02:38, 11.67it/s, Loss=0.012432, Pos=0.012245, Vel=0.00009356]Epoch 1/200 [TRAIN]:  54%|█████▍    | 2177/4032 [03:38<02:38, 11.67it/s, Loss=0.012429, Pos=0.012241, Vel=0.00009354]Epoch 1/200 [TRAIN]:  54%|█████▍    | 2177/4032 [03:38<02:38, 11.67it/s, Loss=0.012424, Pos=0.012237, Vel=0.00009351]Epoch 1/200 [TRAIN]:  54%|█████▍    | 2179/4032 [03:38<02:30, 12.32it/s, Loss=0.012424, Pos=0.012237, Vel=0.00009351]Epoch 1/200 [TRAIN]:  54%|█████▍    | 2179/4032 [03:38<02:30, 12.32it/s, Loss=0.012422, Pos=0.012235, Vel=0.00009349]Epoch 1/200 [TRAIN]:  54%|█████▍    | 2179/4032 [03:38<02:30, 12.32it/s, Loss=0.012419, Pos=0.012232, Vel=0.00009346]Epoch 1/200 [TRAIN]:  54%|█████▍    | 2181/4032 [03:38<02:51, 10.82it/s, Loss=0.012419, Pos=0.012232, Vel=0.00009346]Epoch 1/200 [TRAIN]:  54%|█████▍    | 2181/4032 [03:38<02:51, 10.82it/s, Loss=0.012414, Pos=0.012227, Vel=0.00009344]Epoch 1/200 [TRAIN]:  54%|█████▍    | 2181/4032 [03:38<02:51, 10.82it/s, Loss=0.012411, Pos=0.012224, Vel=0.00009345]Epoch 1/200 [TRAIN]:  54%|█████▍    | 2183/4032 [03:38<02:37, 11.71it/s, Loss=0.012411, Pos=0.012224, Vel=0.00009345]Epoch 1/200 [TRAIN]:  54%|█████▍    | 2183/4032 [03:39<02:37, 11.71it/s, Loss=0.012410, Pos=0.012224, Vel=0.00009343]Epoch 1/200 [TRAIN]:  54%|█████▍    | 2183/4032 [03:39<02:37, 11.71it/s, Loss=0.012409, Pos=0.012222, Vel=0.00009341]Epoch 1/200 [TRAIN]:  54%|█████▍    | 2185/4032 [03:39<02:31, 12.18it/s, Loss=0.012409, Pos=0.012222, Vel=0.00009341]Epoch 1/200 [TRAIN]:  54%|█████▍    | 2185/4032 [03:39<02:31, 12.18it/s, Loss=0.012411, Pos=0.012224, Vel=0.00009341]Epoch 1/200 [TRAIN]:  54%|█████▍    | 2185/4032 [03:39<02:31, 12.18it/s, Loss=0.012411, Pos=0.012224, Vel=0.00009340]Epoch 1/200 [TRAIN]:  54%|█████▍    | 2187/4032 [03:39<02:43, 11.27it/s, Loss=0.012411, Pos=0.012224, Vel=0.00009340]Epoch 1/200 [TRAIN]:  54%|█████▍    | 2187/4032 [03:39<02:43, 11.27it/s, Loss=0.012407, Pos=0.012220, Vel=0.00009339]Epoch 1/200 [TRAIN]:  54%|█████▍    | 2187/4032 [03:39<02:43, 11.27it/s, Loss=0.012403, Pos=0.012216, Vel=0.00009337]Epoch 1/200 [TRAIN]:  54%|█████▍    | 2189/4032 [03:39<02:53, 10.65it/s, Loss=0.012403, Pos=0.012216, Vel=0.00009337]Epoch 1/200 [TRAIN]:  54%|█████▍    | 2189/4032 [03:39<02:53, 10.65it/s, Loss=0.012402, Pos=0.012216, Vel=0.00009335]Epoch 1/200 [TRAIN]:  54%|█████▍    | 2189/4032 [03:39<02:53, 10.65it/s, Loss=0.012400, Pos=0.012214, Vel=0.00009332]Epoch 1/200 [TRAIN]:  54%|█████▍    | 2191/4032 [03:39<02:54, 10.53it/s, Loss=0.012400, Pos=0.012214, Vel=0.00009332]Epoch 1/200 [TRAIN]:  54%|█████▍    | 2191/4032 [03:39<02:54, 10.53it/s, Loss=0.012397, Pos=0.012210, Vel=0.00009330]Epoch 1/200 [TRAIN]:  54%|█████▍    | 2191/4032 [03:39<02:54, 10.53it/s, Loss=0.012397, Pos=0.012210, Vel=0.00009327]Epoch 1/200 [TRAIN]:  54%|█████▍    | 2193/4032 [03:39<03:04,  9.99it/s, Loss=0.012397, Pos=0.012210, Vel=0.00009327]Epoch 1/200 [TRAIN]:  54%|█████▍    | 2193/4032 [03:40<03:04,  9.99it/s, Loss=0.012397, Pos=0.012210, Vel=0.00009325]Epoch 1/200 [TRAIN]:  54%|█████▍    | 2193/4032 [03:40<03:04,  9.99it/s, Loss=0.012395, Pos=0.012208, Vel=0.00009326]Epoch 1/200 [TRAIN]:  54%|█████▍    | 2195/4032 [03:40<03:08,  9.72it/s, Loss=0.012395, Pos=0.012208, Vel=0.00009326]Epoch 1/200 [TRAIN]:  54%|█████▍    | 2195/4032 [03:40<03:08,  9.72it/s, Loss=0.012391, Pos=0.012204, Vel=0.00009324]Epoch 1/200 [TRAIN]:  54%|█████▍    | 2196/4032 [03:40<03:10,  9.64it/s, Loss=0.012391, Pos=0.012204, Vel=0.00009324]Epoch 1/200 [TRAIN]:  54%|█████▍    | 2196/4032 [03:40<03:10,  9.64it/s, Loss=0.012388, Pos=0.012202, Vel=0.00009322]Epoch 1/200 [TRAIN]:  54%|█████▍    | 2197/4032 [03:40<03:13,  9.49it/s, Loss=0.012388, Pos=0.012202, Vel=0.00009322]Epoch 1/200 [TRAIN]:  54%|█████▍    | 2197/4032 [03:40<03:13,  9.49it/s, Loss=0.012394, Pos=0.012207, Vel=0.00009320]Epoch 1/200 [TRAIN]:  54%|█████▍    | 2197/4032 [03:40<03:13,  9.49it/s, Loss=0.012389, Pos=0.012203, Vel=0.00009318]Epoch 1/200 [TRAIN]:  55%|█████▍    | 2199/4032 [03:40<03:11,  9.59it/s, Loss=0.012389, Pos=0.012203, Vel=0.00009318]Epoch 1/200 [TRAIN]:  55%|█████▍    | 2199/4032 [03:40<03:11,  9.59it/s, Loss=0.012390, Pos=0.012203, Vel=0.00009316]Epoch 1/200 [TRAIN]:  55%|█████▍    | 2200/4032 [03:40<03:16,  9.31it/s, Loss=0.012390, Pos=0.012203, Vel=0.00009316]Epoch 1/200 [TRAIN]:  55%|█████▍    | 2200/4032 [03:40<03:16,  9.31it/s, Loss=0.012388, Pos=0.012202, Vel=0.00009315]Epoch 1/200 [TRAIN]:  55%|█████▍    | 2200/4032 [03:40<03:16,  9.31it/s, Loss=0.012402, Pos=0.012216, Vel=0.00009323]Epoch 1/200 [TRAIN]:  55%|█████▍    | 2202/4032 [03:40<03:16,  9.33it/s, Loss=0.012402, Pos=0.012216, Vel=0.00009323]Epoch 1/200 [TRAIN]:  55%|█████▍    | 2202/4032 [03:41<03:16,  9.33it/s, Loss=0.012399, Pos=0.012213, Vel=0.00009321]Epoch 1/200 [TRAIN]:  55%|█████▍    | 2202/4032 [03:41<03:16,  9.33it/s, Loss=0.012397, Pos=0.012210, Vel=0.00009319]Epoch 1/200 [TRAIN]:  55%|█████▍    | 2204/4032 [03:41<03:17,  9.24it/s, Loss=0.012397, Pos=0.012210, Vel=0.00009319]Epoch 1/200 [TRAIN]:  55%|█████▍    | 2204/4032 [03:41<03:17,  9.24it/s, Loss=0.012405, Pos=0.012219, Vel=0.00009324]Epoch 1/200 [TRAIN]:  55%|█████▍    | 2204/4032 [03:41<03:17,  9.24it/s, Loss=0.012403, Pos=0.012216, Vel=0.00009322]Epoch 1/200 [TRAIN]:  55%|█████▍    | 2206/4032 [03:41<03:14,  9.41it/s, Loss=0.012403, Pos=0.012216, Vel=0.00009322]Epoch 1/200 [TRAIN]:  55%|█████▍    | 2206/4032 [03:41<03:14,  9.41it/s, Loss=0.012398, Pos=0.012212, Vel=0.00009320]Epoch 1/200 [TRAIN]:  55%|█████▍    | 2207/4032 [03:41<03:15,  9.33it/s, Loss=0.012398, Pos=0.012212, Vel=0.00009320]Epoch 1/200 [TRAIN]:  55%|█████▍    | 2207/4032 [03:41<03:15,  9.33it/s, Loss=0.012393, Pos=0.012207, Vel=0.00009318]Epoch 1/200 [TRAIN]:  55%|█████▍    | 2208/4032 [03:41<03:17,  9.22it/s, Loss=0.012393, Pos=0.012207, Vel=0.00009318]Epoch 1/200 [TRAIN]:  55%|█████▍    | 2208/4032 [03:41<03:17,  9.22it/s, Loss=0.012389, Pos=0.012202, Vel=0.00009316]Epoch 1/200 [TRAIN]:  55%|█████▍    | 2209/4032 [03:41<03:22,  9.02it/s, Loss=0.012389, Pos=0.012202, Vel=0.00009316]Epoch 1/200 [TRAIN]:  55%|█████▍    | 2209/4032 [03:41<03:22,  9.02it/s, Loss=0.012389, Pos=0.012202, Vel=0.00009315]Epoch 1/200 [TRAIN]:  55%|█████▍    | 2209/4032 [03:41<03:22,  9.02it/s, Loss=0.012386, Pos=0.012199, Vel=0.00009318]Epoch 1/200 [TRAIN]:  55%|█████▍    | 2211/4032 [03:41<03:17,  9.21it/s, Loss=0.012386, Pos=0.012199, Vel=0.00009318]Epoch 1/200 [TRAIN]:  55%|█████▍    | 2211/4032 [03:42<03:17,  9.21it/s, Loss=0.012382, Pos=0.012196, Vel=0.00009316]Epoch 1/200 [TRAIN]:  55%|█████▍    | 2212/4032 [03:42<03:18,  9.17it/s, Loss=0.012382, Pos=0.012196, Vel=0.00009316]Epoch 1/200 [TRAIN]:  55%|█████▍    | 2212/4032 [03:42<03:18,  9.17it/s, Loss=0.012379, Pos=0.012193, Vel=0.00009314]Epoch 1/200 [TRAIN]:  55%|█████▍    | 2213/4032 [03:42<03:15,  9.30it/s, Loss=0.012379, Pos=0.012193, Vel=0.00009314]Epoch 1/200 [TRAIN]:  55%|█████▍    | 2213/4032 [03:42<03:15,  9.30it/s, Loss=0.012376, Pos=0.012190, Vel=0.00009312]Epoch 1/200 [TRAIN]:  55%|█████▍    | 2214/4032 [03:42<03:17,  9.23it/s, Loss=0.012376, Pos=0.012190, Vel=0.00009312]Epoch 1/200 [TRAIN]:  55%|█████▍    | 2214/4032 [03:42<03:17,  9.23it/s, Loss=0.012371, Pos=0.012185, Vel=0.00009309]Epoch 1/200 [TRAIN]:  55%|█████▍    | 2214/4032 [03:42<03:17,  9.23it/s, Loss=0.012372, Pos=0.012186, Vel=0.00009307]Epoch 1/200 [TRAIN]:  55%|█████▍    | 2216/4032 [03:42<02:59, 10.12it/s, Loss=0.012372, Pos=0.012186, Vel=0.00009307]Epoch 1/200 [TRAIN]:  55%|█████▍    | 2216/4032 [03:42<02:59, 10.12it/s, Loss=0.012373, Pos=0.012186, Vel=0.00009305]Epoch 1/200 [TRAIN]:  55%|█████▍    | 2217/4032 [03:42<03:01, 10.01it/s, Loss=0.012373, Pos=0.012186, Vel=0.00009305]Epoch 1/200 [TRAIN]:  55%|█████▍    | 2217/4032 [03:42<03:01, 10.01it/s, Loss=0.012371, Pos=0.012185, Vel=0.00009304]Epoch 1/200 [TRAIN]:  55%|█████▍    | 2217/4032 [03:42<03:01, 10.01it/s, Loss=0.012379, Pos=0.012192, Vel=0.00009315]Epoch 1/200 [TRAIN]:  55%|█████▌    | 2219/4032 [03:42<02:40, 11.31it/s, Loss=0.012379, Pos=0.012192, Vel=0.00009315]Epoch 1/200 [TRAIN]:  55%|█████▌    | 2219/4032 [03:42<02:40, 11.31it/s, Loss=0.012387, Pos=0.012201, Vel=0.00009323]Epoch 1/200 [TRAIN]:  55%|█████▌    | 2219/4032 [03:42<02:40, 11.31it/s, Loss=0.012385, Pos=0.012199, Vel=0.00009320]Epoch 1/200 [TRAIN]:  55%|█████▌    | 2221/4032 [03:42<02:24, 12.53it/s, Loss=0.012385, Pos=0.012199, Vel=0.00009320]Epoch 1/200 [TRAIN]:  55%|█████▌    | 2221/4032 [03:42<02:24, 12.53it/s, Loss=0.012387, Pos=0.012201, Vel=0.00009320]Epoch 1/200 [TRAIN]:  55%|█████▌    | 2221/4032 [03:42<02:24, 12.53it/s, Loss=0.012402, Pos=0.012215, Vel=0.00009333]Epoch 1/200 [TRAIN]:  55%|█████▌    | 2223/4032 [03:42<02:23, 12.61it/s, Loss=0.012402, Pos=0.012215, Vel=0.00009333]Epoch 1/200 [TRAIN]:  55%|█████▌    | 2223/4032 [03:43<02:23, 12.61it/s, Loss=0.012408, Pos=0.012221, Vel=0.00009334]Epoch 1/200 [TRAIN]:  55%|█████▌    | 2223/4032 [03:43<02:23, 12.61it/s, Loss=0.012412, Pos=0.012226, Vel=0.00009336]Epoch 1/200 [TRAIN]:  55%|█████▌    | 2225/4032 [03:43<02:36, 11.51it/s, Loss=0.012412, Pos=0.012226, Vel=0.00009336]Epoch 1/200 [TRAIN]:  55%|█████▌    | 2225/4032 [03:43<02:36, 11.51it/s, Loss=0.012413, Pos=0.012226, Vel=0.00009335]Epoch 1/200 [TRAIN]:  55%|█████▌    | 2225/4032 [03:43<02:36, 11.51it/s, Loss=0.012411, Pos=0.012224, Vel=0.00009333]Epoch 1/200 [TRAIN]:  55%|█████▌    | 2227/4032 [03:43<02:47, 10.81it/s, Loss=0.012411, Pos=0.012224, Vel=0.00009333]Epoch 1/200 [TRAIN]:  55%|█████▌    | 2227/4032 [03:43<02:47, 10.81it/s, Loss=0.012410, Pos=0.012223, Vel=0.00009336]Epoch 1/200 [TRAIN]:  55%|█████▌    | 2227/4032 [03:43<02:47, 10.81it/s, Loss=0.012405, Pos=0.012219, Vel=0.00009333]Epoch 1/200 [TRAIN]:  55%|█████▌    | 2229/4032 [03:43<02:54, 10.32it/s, Loss=0.012405, Pos=0.012219, Vel=0.00009333]Epoch 1/200 [TRAIN]:  55%|█████▌    | 2229/4032 [03:43<02:54, 10.32it/s, Loss=0.012403, Pos=0.012216, Vel=0.00009332]Epoch 1/200 [TRAIN]:  55%|█████▌    | 2229/4032 [03:43<02:54, 10.32it/s, Loss=0.012399, Pos=0.012212, Vel=0.00009332]Epoch 1/200 [TRAIN]:  55%|█████▌    | 2231/4032 [03:43<02:56, 10.18it/s, Loss=0.012399, Pos=0.012212, Vel=0.00009332]Epoch 1/200 [TRAIN]:  55%|█████▌    | 2231/4032 [03:43<02:56, 10.18it/s, Loss=0.012398, Pos=0.012211, Vel=0.00009330]Epoch 1/200 [TRAIN]:  55%|█████▌    | 2231/4032 [03:43<02:56, 10.18it/s, Loss=0.012396, Pos=0.012210, Vel=0.00009329]Epoch 1/200 [TRAIN]:  55%|█████▌    | 2233/4032 [03:43<03:02,  9.85it/s, Loss=0.012396, Pos=0.012210, Vel=0.00009329]Epoch 1/200 [TRAIN]:  55%|█████▌    | 2233/4032 [03:44<03:02,  9.85it/s, Loss=0.012395, Pos=0.012208, Vel=0.00009327]Epoch 1/200 [TRAIN]:  55%|█████▌    | 2233/4032 [03:44<03:02,  9.85it/s, Loss=0.012392, Pos=0.012205, Vel=0.00009327]Epoch 1/200 [TRAIN]:  55%|█████▌    | 2235/4032 [03:44<02:47, 10.70it/s, Loss=0.012392, Pos=0.012205, Vel=0.00009327]Epoch 1/200 [TRAIN]:  55%|█████▌    | 2235/4032 [03:44<02:47, 10.70it/s, Loss=0.012392, Pos=0.012205, Vel=0.00009325]Epoch 1/200 [TRAIN]:  55%|█████▌    | 2235/4032 [03:44<02:47, 10.70it/s, Loss=0.012393, Pos=0.012206, Vel=0.00009328]Epoch 1/200 [TRAIN]:  55%|█████▌    | 2237/4032 [03:44<02:47, 10.74it/s, Loss=0.012393, Pos=0.012206, Vel=0.00009328]Epoch 1/200 [TRAIN]:  55%|█████▌    | 2237/4032 [03:44<02:47, 10.74it/s, Loss=0.012391, Pos=0.012205, Vel=0.00009325]Epoch 1/200 [TRAIN]:  55%|█████▌    | 2237/4032 [03:44<02:47, 10.74it/s, Loss=0.012390, Pos=0.012204, Vel=0.00009324]Epoch 1/200 [TRAIN]:  56%|█████▌    | 2239/4032 [03:44<02:48, 10.64it/s, Loss=0.012390, Pos=0.012204, Vel=0.00009324]Epoch 1/200 [TRAIN]:  56%|█████▌    | 2239/4032 [03:44<02:48, 10.64it/s, Loss=0.012386, Pos=0.012200, Vel=0.00009323]Epoch 1/200 [TRAIN]:  56%|█████▌    | 2239/4032 [03:44<02:48, 10.64it/s, Loss=0.012387, Pos=0.012201, Vel=0.00009320]Epoch 1/200 [TRAIN]:  56%|█████▌    | 2241/4032 [03:44<02:41, 11.07it/s, Loss=0.012387, Pos=0.012201, Vel=0.00009320]Epoch 1/200 [TRAIN]:  56%|█████▌    | 2241/4032 [03:44<02:41, 11.07it/s, Loss=0.012389, Pos=0.012202, Vel=0.00009321]Epoch 1/200 [TRAIN]:  56%|█████▌    | 2241/4032 [03:44<02:41, 11.07it/s, Loss=0.012392, Pos=0.012206, Vel=0.00009319]Epoch 1/200 [TRAIN]:  56%|█████▌    | 2243/4032 [03:44<02:33, 11.63it/s, Loss=0.012392, Pos=0.012206, Vel=0.00009319]Epoch 1/200 [TRAIN]:  56%|█████▌    | 2243/4032 [03:44<02:33, 11.63it/s, Loss=0.012393, Pos=0.012206, Vel=0.00009318]Epoch 1/200 [TRAIN]:  56%|█████▌    | 2243/4032 [03:44<02:33, 11.63it/s, Loss=0.012388, Pos=0.012202, Vel=0.00009315]Epoch 1/200 [TRAIN]:  56%|█████▌    | 2245/4032 [03:44<02:24, 12.39it/s, Loss=0.012388, Pos=0.012202, Vel=0.00009315]Epoch 1/200 [TRAIN]:  56%|█████▌    | 2245/4032 [03:45<02:24, 12.39it/s, Loss=0.012390, Pos=0.012204, Vel=0.00009313]Epoch 1/200 [TRAIN]:  56%|█████▌    | 2245/4032 [03:45<02:24, 12.39it/s, Loss=0.012395, Pos=0.012209, Vel=0.00009314]Epoch 1/200 [TRAIN]:  56%|█████▌    | 2247/4032 [03:45<02:32, 11.68it/s, Loss=0.012395, Pos=0.012209, Vel=0.00009314]Epoch 1/200 [TRAIN]:  56%|█████▌    | 2247/4032 [03:45<02:32, 11.68it/s, Loss=0.012390, Pos=0.012204, Vel=0.00009312]Epoch 1/200 [TRAIN]:  56%|█████▌    | 2247/4032 [03:45<02:32, 11.68it/s, Loss=0.012392, Pos=0.012206, Vel=0.00009312]Epoch 1/200 [TRAIN]:  56%|█████▌    | 2249/4032 [03:45<02:36, 11.40it/s, Loss=0.012392, Pos=0.012206, Vel=0.00009312]Epoch 1/200 [TRAIN]:  56%|█████▌    | 2249/4032 [03:45<02:36, 11.40it/s, Loss=0.012388, Pos=0.012202, Vel=0.00009309]Epoch 1/200 [TRAIN]:  56%|█████▌    | 2249/4032 [03:45<02:36, 11.40it/s, Loss=0.012403, Pos=0.012217, Vel=0.00009308]Epoch 1/200 [TRAIN]:  56%|█████▌    | 2251/4032 [03:45<02:35, 11.49it/s, Loss=0.012403, Pos=0.012217, Vel=0.00009308]Epoch 1/200 [TRAIN]:  56%|█████▌    | 2251/4032 [03:45<02:35, 11.49it/s, Loss=0.012405, Pos=0.012219, Vel=0.00009310]Epoch 1/200 [TRAIN]:  56%|█████▌    | 2251/4032 [03:45<02:35, 11.49it/s, Loss=0.012404, Pos=0.012218, Vel=0.00009311]Epoch 1/200 [TRAIN]:  56%|█████▌    | 2253/4032 [03:45<02:38, 11.26it/s, Loss=0.012404, Pos=0.012218, Vel=0.00009311]Epoch 1/200 [TRAIN]:  56%|█████▌    | 2253/4032 [03:45<02:38, 11.26it/s, Loss=0.012402, Pos=0.012216, Vel=0.00009321]Epoch 1/200 [TRAIN]:  56%|█████▌    | 2253/4032 [03:45<02:38, 11.26it/s, Loss=0.012401, Pos=0.012215, Vel=0.00009318]Epoch 1/200 [TRAIN]:  56%|█████▌    | 2255/4032 [03:45<02:24, 12.32it/s, Loss=0.012401, Pos=0.012215, Vel=0.00009318]Epoch 1/200 [TRAIN]:  56%|█████▌    | 2255/4032 [03:45<02:24, 12.32it/s, Loss=0.012399, Pos=0.012213, Vel=0.00009316]Epoch 1/200 [TRAIN]:  56%|█████▌    | 2255/4032 [03:46<02:24, 12.32it/s, Loss=0.012395, Pos=0.012209, Vel=0.00009315]Epoch 1/200 [TRAIN]:  56%|█████▌    | 2257/4032 [03:46<02:31, 11.74it/s, Loss=0.012395, Pos=0.012209, Vel=0.00009315]Epoch 1/200 [TRAIN]:  56%|█████▌    | 2257/4032 [03:46<02:31, 11.74it/s, Loss=0.012393, Pos=0.012207, Vel=0.00009314]Epoch 1/200 [TRAIN]:  56%|█████▌    | 2257/4032 [03:46<02:31, 11.74it/s, Loss=0.012393, Pos=0.012207, Vel=0.00009312]Epoch 1/200 [TRAIN]:  56%|█████▌    | 2259/4032 [03:46<02:33, 11.53it/s, Loss=0.012393, Pos=0.012207, Vel=0.00009312]Epoch 1/200 [TRAIN]:  56%|█████▌    | 2259/4032 [03:46<02:33, 11.53it/s, Loss=0.012390, Pos=0.012204, Vel=0.00009310]Epoch 1/200 [TRAIN]:  56%|█████▌    | 2259/4032 [03:46<02:33, 11.53it/s, Loss=0.012391, Pos=0.012205, Vel=0.00009309]Epoch 1/200 [TRAIN]:  56%|█████▌    | 2261/4032 [03:46<02:39, 11.09it/s, Loss=0.012391, Pos=0.012205, Vel=0.00009309]Epoch 1/200 [TRAIN]:  56%|█████▌    | 2261/4032 [03:46<02:39, 11.09it/s, Loss=0.012387, Pos=0.012201, Vel=0.00009307]Epoch 1/200 [TRAIN]:  56%|█████▌    | 2261/4032 [03:46<02:39, 11.09it/s, Loss=0.012388, Pos=0.012201, Vel=0.00009306]Epoch 1/200 [TRAIN]:  56%|█████▌    | 2263/4032 [03:46<02:41, 10.94it/s, Loss=0.012388, Pos=0.012201, Vel=0.00009306]Epoch 1/200 [TRAIN]:  56%|█████▌    | 2263/4032 [03:46<02:41, 10.94it/s, Loss=0.012386, Pos=0.012200, Vel=0.00009304]Epoch 1/200 [TRAIN]:  56%|█████▌    | 2263/4032 [03:46<02:41, 10.94it/s, Loss=0.012382, Pos=0.012196, Vel=0.00009302]Epoch 1/200 [TRAIN]:  56%|█████▌    | 2265/4032 [03:46<02:43, 10.79it/s, Loss=0.012382, Pos=0.012196, Vel=0.00009302]Epoch 1/200 [TRAIN]:  56%|█████▌    | 2265/4032 [03:46<02:43, 10.79it/s, Loss=0.012390, Pos=0.012204, Vel=0.00009305]Epoch 1/200 [TRAIN]:  56%|█████▌    | 2265/4032 [03:46<02:43, 10.79it/s, Loss=0.012395, Pos=0.012209, Vel=0.00009304]Epoch 1/200 [TRAIN]:  56%|█████▌    | 2267/4032 [03:46<02:42, 10.87it/s, Loss=0.012395, Pos=0.012209, Vel=0.00009304]Epoch 1/200 [TRAIN]:  56%|█████▌    | 2267/4032 [03:47<02:42, 10.87it/s, Loss=0.012398, Pos=0.012212, Vel=0.00009302]Epoch 1/200 [TRAIN]:  56%|█████▌    | 2267/4032 [03:47<02:42, 10.87it/s, Loss=0.012396, Pos=0.012210, Vel=0.00009299]Epoch 1/200 [TRAIN]:  56%|█████▋    | 2269/4032 [03:47<02:35, 11.36it/s, Loss=0.012396, Pos=0.012210, Vel=0.00009299]Epoch 1/200 [TRAIN]:  56%|█████▋    | 2269/4032 [03:47<02:35, 11.36it/s, Loss=0.012409, Pos=0.012223, Vel=0.00009298]Epoch 1/200 [TRAIN]:  56%|█████▋    | 2269/4032 [03:47<02:35, 11.36it/s, Loss=0.012408, Pos=0.012222, Vel=0.00009297]Epoch 1/200 [TRAIN]:  56%|█████▋    | 2271/4032 [03:47<02:40, 10.99it/s, Loss=0.012408, Pos=0.012222, Vel=0.00009297]Epoch 1/200 [TRAIN]:  56%|█████▋    | 2271/4032 [03:47<02:40, 10.99it/s, Loss=0.012404, Pos=0.012218, Vel=0.00009296]Epoch 1/200 [TRAIN]:  56%|█████▋    | 2271/4032 [03:47<02:40, 10.99it/s, Loss=0.012406, Pos=0.012220, Vel=0.00009295]Epoch 1/200 [TRAIN]:  56%|█████▋    | 2273/4032 [03:47<02:43, 10.78it/s, Loss=0.012406, Pos=0.012220, Vel=0.00009295]Epoch 1/200 [TRAIN]:  56%|█████▋    | 2273/4032 [03:47<02:43, 10.78it/s, Loss=0.012402, Pos=0.012216, Vel=0.00009293]Epoch 1/200 [TRAIN]:  56%|█████▋    | 2273/4032 [03:47<02:43, 10.78it/s, Loss=0.012398, Pos=0.012212, Vel=0.00009291]Epoch 1/200 [TRAIN]:  56%|█████▋    | 2275/4032 [03:47<02:44, 10.68it/s, Loss=0.012398, Pos=0.012212, Vel=0.00009291]Epoch 1/200 [TRAIN]:  56%|█████▋    | 2275/4032 [03:47<02:44, 10.68it/s, Loss=0.012395, Pos=0.012209, Vel=0.00009288]Epoch 1/200 [TRAIN]:  56%|█████▋    | 2275/4032 [03:47<02:44, 10.68it/s, Loss=0.012390, Pos=0.012204, Vel=0.00009285]Epoch 1/200 [TRAIN]:  56%|█████▋    | 2277/4032 [03:47<02:45, 10.59it/s, Loss=0.012390, Pos=0.012204, Vel=0.00009285]Epoch 1/200 [TRAIN]:  56%|█████▋    | 2277/4032 [03:47<02:45, 10.59it/s, Loss=0.012387, Pos=0.012201, Vel=0.00009283]Epoch 1/200 [TRAIN]:  56%|█████▋    | 2277/4032 [03:47<02:45, 10.59it/s, Loss=0.012384, Pos=0.012199, Vel=0.00009282]Epoch 1/200 [TRAIN]:  57%|█████▋    | 2279/4032 [03:47<02:25, 12.03it/s, Loss=0.012384, Pos=0.012199, Vel=0.00009282]Epoch 1/200 [TRAIN]:  57%|█████▋    | 2279/4032 [03:48<02:25, 12.03it/s, Loss=0.012386, Pos=0.012200, Vel=0.00009280]Epoch 1/200 [TRAIN]:  57%|█████▋    | 2279/4032 [03:48<02:25, 12.03it/s, Loss=0.012383, Pos=0.012197, Vel=0.00009278]Epoch 1/200 [TRAIN]:  57%|█████▋    | 2281/4032 [03:48<02:24, 12.12it/s, Loss=0.012383, Pos=0.012197, Vel=0.00009278]Epoch 1/200 [TRAIN]:  57%|█████▋    | 2281/4032 [03:48<02:24, 12.12it/s, Loss=0.012384, Pos=0.012199, Vel=0.00009276]Epoch 1/200 [TRAIN]:  57%|█████▋    | 2281/4032 [03:48<02:24, 12.12it/s, Loss=0.012380, Pos=0.012195, Vel=0.00009279]Epoch 1/200 [TRAIN]:  57%|█████▋    | 2281/4032 [03:48<02:24, 12.12it/s, Loss=0.012377, Pos=0.012191, Vel=0.00009278]Epoch 1/200 [TRAIN]:  57%|█████▋    | 2284/4032 [03:48<02:07, 13.69it/s, Loss=0.012377, Pos=0.012191, Vel=0.00009278]Epoch 1/200 [TRAIN]:  57%|█████▋    | 2284/4032 [03:48<02:07, 13.69it/s, Loss=0.012374, Pos=0.012189, Vel=0.00009276]Epoch 1/200 [TRAIN]:  57%|█████▋    | 2284/4032 [03:48<02:07, 13.69it/s, Loss=0.012372, Pos=0.012186, Vel=0.00009279]Epoch 1/200 [TRAIN]:  57%|█████▋    | 2286/4032 [03:48<02:09, 13.49it/s, Loss=0.012372, Pos=0.012186, Vel=0.00009279]Epoch 1/200 [TRAIN]:  57%|█████▋    | 2286/4032 [03:48<02:09, 13.49it/s, Loss=0.012369, Pos=0.012183, Vel=0.00009277]Epoch 1/200 [TRAIN]:  57%|█████▋    | 2286/4032 [03:48<02:09, 13.49it/s, Loss=0.012364, Pos=0.012179, Vel=0.00009274]Epoch 1/200 [TRAIN]:  57%|█████▋    | 2288/4032 [03:48<02:18, 12.58it/s, Loss=0.012364, Pos=0.012179, Vel=0.00009274]Epoch 1/200 [TRAIN]:  57%|█████▋    | 2288/4032 [03:48<02:18, 12.58it/s, Loss=0.012364, Pos=0.012178, Vel=0.00009275]Epoch 1/200 [TRAIN]:  57%|█████▋    | 2288/4032 [03:48<02:18, 12.58it/s, Loss=0.012364, Pos=0.012178, Vel=0.00009274]Epoch 1/200 [TRAIN]:  57%|█████▋    | 2290/4032 [03:48<02:26, 11.88it/s, Loss=0.012364, Pos=0.012178, Vel=0.00009274]Epoch 1/200 [TRAIN]:  57%|█████▋    | 2290/4032 [03:48<02:26, 11.88it/s, Loss=0.012366, Pos=0.012180, Vel=0.00009275]Epoch 1/200 [TRAIN]:  57%|█████▋    | 2290/4032 [03:49<02:26, 11.88it/s, Loss=0.012363, Pos=0.012177, Vel=0.00009276]Epoch 1/200 [TRAIN]:  57%|█████▋    | 2292/4032 [03:49<02:30, 11.56it/s, Loss=0.012363, Pos=0.012177, Vel=0.00009276]Epoch 1/200 [TRAIN]:  57%|█████▋    | 2292/4032 [03:49<02:30, 11.56it/s, Loss=0.012360, Pos=0.012175, Vel=0.00009277]Epoch 1/200 [TRAIN]:  57%|█████▋    | 2292/4032 [03:49<02:30, 11.56it/s, Loss=0.012359, Pos=0.012173, Vel=0.00009274]Epoch 1/200 [TRAIN]:  57%|█████▋    | 2294/4032 [03:49<02:33, 11.31it/s, Loss=0.012359, Pos=0.012173, Vel=0.00009274]Epoch 1/200 [TRAIN]:  57%|█████▋    | 2294/4032 [03:49<02:33, 11.31it/s, Loss=0.012355, Pos=0.012170, Vel=0.00009274]Epoch 1/200 [TRAIN]:  57%|█████▋    | 2294/4032 [03:49<02:33, 11.31it/s, Loss=0.012354, Pos=0.012169, Vel=0.00009271]Epoch 1/200 [TRAIN]:  57%|█████▋    | 2296/4032 [03:49<02:36, 11.11it/s, Loss=0.012354, Pos=0.012169, Vel=0.00009271]Epoch 1/200 [TRAIN]:  57%|█████▋    | 2296/4032 [03:49<02:36, 11.11it/s, Loss=0.012351, Pos=0.012165, Vel=0.00009269]Epoch 1/200 [TRAIN]:  57%|█████▋    | 2296/4032 [03:49<02:36, 11.11it/s, Loss=0.012346, Pos=0.012161, Vel=0.00009266]Epoch 1/200 [TRAIN]:  57%|█████▋    | 2298/4032 [03:49<02:40, 10.84it/s, Loss=0.012346, Pos=0.012161, Vel=0.00009266]Epoch 1/200 [TRAIN]:  57%|█████▋    | 2298/4032 [03:49<02:40, 10.84it/s, Loss=0.012345, Pos=0.012160, Vel=0.00009264]Epoch 1/200 [TRAIN]:  57%|█████▋    | 2298/4032 [03:49<02:40, 10.84it/s, Loss=0.012348, Pos=0.012163, Vel=0.00009265]Epoch 1/200 [TRAIN]:  57%|█████▋    | 2300/4032 [03:49<02:30, 11.51it/s, Loss=0.012348, Pos=0.012163, Vel=0.00009265]Epoch 1/200 [TRAIN]:  57%|█████▋    | 2300/4032 [03:49<02:30, 11.51it/s, Loss=0.012345, Pos=0.012160, Vel=0.00009263]Epoch 1/200 [TRAIN]:  57%|█████▋    | 2300/4032 [03:49<02:30, 11.51it/s, Loss=0.012340, Pos=0.012155, Vel=0.00009260]Epoch 1/200 [TRAIN]:  57%|█████▋    | 2302/4032 [03:49<02:34, 11.21it/s, Loss=0.012340, Pos=0.012155, Vel=0.00009260]Epoch 1/200 [TRAIN]:  57%|█████▋    | 2302/4032 [03:50<02:34, 11.21it/s, Loss=0.012339, Pos=0.012154, Vel=0.00009259]Epoch 1/200 [TRAIN]:  57%|█████▋    | 2302/4032 [03:50<02:34, 11.21it/s, Loss=0.012335, Pos=0.012150, Vel=0.00009256]Epoch 1/200 [TRAIN]:  57%|█████▋    | 2304/4032 [03:50<02:37, 10.97it/s, Loss=0.012335, Pos=0.012150, Vel=0.00009256]Epoch 1/200 [TRAIN]:  57%|█████▋    | 2304/4032 [03:50<02:37, 10.97it/s, Loss=0.012331, Pos=0.012146, Vel=0.00009254]Epoch 1/200 [TRAIN]:  57%|█████▋    | 2304/4032 [03:50<02:37, 10.97it/s, Loss=0.012328, Pos=0.012143, Vel=0.00009252]Epoch 1/200 [TRAIN]:  57%|█████▋    | 2306/4032 [03:50<02:19, 12.34it/s, Loss=0.012328, Pos=0.012143, Vel=0.00009252]Epoch 1/200 [TRAIN]:  57%|█████▋    | 2306/4032 [03:50<02:19, 12.34it/s, Loss=0.012326, Pos=0.012141, Vel=0.00009249]Epoch 1/200 [TRAIN]:  57%|█████▋    | 2306/4032 [03:50<02:19, 12.34it/s, Loss=0.012329, Pos=0.012144, Vel=0.00009247]Epoch 1/200 [TRAIN]:  57%|█████▋    | 2308/4032 [03:50<02:28, 11.61it/s, Loss=0.012329, Pos=0.012144, Vel=0.00009247]Epoch 1/200 [TRAIN]:  57%|█████▋    | 2308/4032 [03:50<02:28, 11.61it/s, Loss=0.012326, Pos=0.012142, Vel=0.00009247]Epoch 1/200 [TRAIN]:  57%|█████▋    | 2308/4032 [03:50<02:28, 11.61it/s, Loss=0.012328, Pos=0.012143, Vel=0.00009250]Epoch 1/200 [TRAIN]:  57%|█████▋    | 2310/4032 [03:50<02:31, 11.38it/s, Loss=0.012328, Pos=0.012143, Vel=0.00009250]Epoch 1/200 [TRAIN]:  57%|█████▋    | 2310/4032 [03:50<02:31, 11.38it/s, Loss=0.012340, Pos=0.012155, Vel=0.00009251]Epoch 1/200 [TRAIN]:  57%|█████▋    | 2310/4032 [03:50<02:31, 11.38it/s, Loss=0.012339, Pos=0.012154, Vel=0.00009251]Epoch 1/200 [TRAIN]:  57%|█████▋    | 2312/4032 [03:50<02:29, 11.53it/s, Loss=0.012339, Pos=0.012154, Vel=0.00009251]Epoch 1/200 [TRAIN]:  57%|█████▋    | 2312/4032 [03:50<02:29, 11.53it/s, Loss=0.012336, Pos=0.012151, Vel=0.00009249]Epoch 1/200 [TRAIN]:  57%|█████▋    | 2312/4032 [03:51<02:29, 11.53it/s, Loss=0.012338, Pos=0.012153, Vel=0.00009248]Epoch 1/200 [TRAIN]:  57%|█████▋    | 2314/4032 [03:51<02:41, 10.62it/s, Loss=0.012338, Pos=0.012153, Vel=0.00009248]Epoch 1/200 [TRAIN]:  57%|█████▋    | 2314/4032 [03:51<02:41, 10.62it/s, Loss=0.012337, Pos=0.012152, Vel=0.00009247]Epoch 1/200 [TRAIN]:  57%|█████▋    | 2314/4032 [03:51<02:41, 10.62it/s, Loss=0.012335, Pos=0.012150, Vel=0.00009246]Epoch 1/200 [TRAIN]:  57%|█████▋    | 2316/4032 [03:51<02:47, 10.27it/s, Loss=0.012335, Pos=0.012150, Vel=0.00009246]Epoch 1/200 [TRAIN]:  57%|█████▋    | 2316/4032 [03:51<02:47, 10.27it/s, Loss=0.012334, Pos=0.012149, Vel=0.00009246]Epoch 1/200 [TRAIN]:  57%|█████▋    | 2316/4032 [03:51<02:47, 10.27it/s, Loss=0.012331, Pos=0.012147, Vel=0.00009244]Epoch 1/200 [TRAIN]:  57%|█████▋    | 2318/4032 [03:51<02:53,  9.86it/s, Loss=0.012331, Pos=0.012147, Vel=0.00009244]Epoch 1/200 [TRAIN]:  57%|█████▋    | 2318/4032 [03:51<02:53,  9.86it/s, Loss=0.012326, Pos=0.012142, Vel=0.00009241]Epoch 1/200 [TRAIN]:  57%|█████▋    | 2318/4032 [03:51<02:53,  9.86it/s, Loss=0.012324, Pos=0.012139, Vel=0.00009241]Epoch 1/200 [TRAIN]:  58%|█████▊    | 2320/4032 [03:51<02:47, 10.20it/s, Loss=0.012324, Pos=0.012139, Vel=0.00009241]Epoch 1/200 [TRAIN]:  58%|█████▊    | 2320/4032 [03:51<02:47, 10.20it/s, Loss=0.012328, Pos=0.012143, Vel=0.00009241]Epoch 1/200 [TRAIN]:  58%|█████▊    | 2320/4032 [03:51<02:47, 10.20it/s, Loss=0.012340, Pos=0.012156, Vel=0.00009240]Epoch 1/200 [TRAIN]:  58%|█████▊    | 2322/4032 [03:51<02:34, 11.07it/s, Loss=0.012340, Pos=0.012156, Vel=0.00009240]Epoch 1/200 [TRAIN]:  58%|█████▊    | 2322/4032 [03:51<02:34, 11.07it/s, Loss=0.012356, Pos=0.012171, Vel=0.00009240]Epoch 1/200 [TRAIN]:  58%|█████▊    | 2322/4032 [03:52<02:34, 11.07it/s, Loss=0.012357, Pos=0.012173, Vel=0.00009240]Epoch 1/200 [TRAIN]:  58%|█████▊    | 2324/4032 [03:52<02:46, 10.28it/s, Loss=0.012357, Pos=0.012173, Vel=0.00009240]Epoch 1/200 [TRAIN]:  58%|█████▊    | 2324/4032 [03:52<02:46, 10.28it/s, Loss=0.012353, Pos=0.012169, Vel=0.00009238]Epoch 1/200 [TRAIN]:  58%|█████▊    | 2324/4032 [03:52<02:46, 10.28it/s, Loss=0.012348, Pos=0.012164, Vel=0.00009235]Epoch 1/200 [TRAIN]:  58%|█████▊    | 2326/4032 [03:52<02:37, 10.81it/s, Loss=0.012348, Pos=0.012164, Vel=0.00009235]Epoch 1/200 [TRAIN]:  58%|█████▊    | 2326/4032 [03:52<02:37, 10.81it/s, Loss=0.012346, Pos=0.012161, Vel=0.00009237]Epoch 1/200 [TRAIN]:  58%|█████▊    | 2326/4032 [03:52<02:37, 10.81it/s, Loss=0.012344, Pos=0.012160, Vel=0.00009234]Epoch 1/200 [TRAIN]:  58%|█████▊    | 2328/4032 [03:52<02:51,  9.93it/s, Loss=0.012344, Pos=0.012160, Vel=0.00009234]Epoch 1/200 [TRAIN]:  58%|█████▊    | 2328/4032 [03:52<02:51,  9.93it/s, Loss=0.012341, Pos=0.012156, Vel=0.00009233]Epoch 1/200 [TRAIN]:  58%|█████▊    | 2328/4032 [03:52<02:51,  9.93it/s, Loss=0.012349, Pos=0.012165, Vel=0.00009232]Epoch 1/200 [TRAIN]:  58%|█████▊    | 2330/4032 [03:52<02:54,  9.76it/s, Loss=0.012349, Pos=0.012165, Vel=0.00009232]Epoch 1/200 [TRAIN]:  58%|█████▊    | 2330/4032 [03:52<02:54,  9.76it/s, Loss=0.012345, Pos=0.012160, Vel=0.00009229]Epoch 1/200 [TRAIN]:  58%|█████▊    | 2330/4032 [03:52<02:54,  9.76it/s, Loss=0.012343, Pos=0.012158, Vel=0.00009227]Epoch 1/200 [TRAIN]:  58%|█████▊    | 2332/4032 [03:52<02:45, 10.30it/s, Loss=0.012343, Pos=0.012158, Vel=0.00009227]Epoch 1/200 [TRAIN]:  58%|█████▊    | 2332/4032 [03:52<02:45, 10.30it/s, Loss=0.012344, Pos=0.012159, Vel=0.00009225]Epoch 1/200 [TRAIN]:  58%|█████▊    | 2332/4032 [03:52<02:45, 10.30it/s, Loss=0.012341, Pos=0.012157, Vel=0.00009225]Epoch 1/200 [TRAIN]:  58%|█████▊    | 2334/4032 [03:52<02:34, 11.02it/s, Loss=0.012341, Pos=0.012157, Vel=0.00009225]Epoch 1/200 [TRAIN]:  58%|█████▊    | 2334/4032 [03:53<02:34, 11.02it/s, Loss=0.012340, Pos=0.012156, Vel=0.00009224]Epoch 1/200 [TRAIN]:  58%|█████▊    | 2334/4032 [03:53<02:34, 11.02it/s, Loss=0.012338, Pos=0.012154, Vel=0.00009225]Epoch 1/200 [TRAIN]:  58%|█████▊    | 2336/4032 [03:53<02:45, 10.27it/s, Loss=0.012338, Pos=0.012154, Vel=0.00009225]Epoch 1/200 [TRAIN]:  58%|█████▊    | 2336/4032 [03:53<02:45, 10.27it/s, Loss=0.012339, Pos=0.012155, Vel=0.00009224]Epoch 1/200 [TRAIN]:  58%|█████▊    | 2336/4032 [03:53<02:45, 10.27it/s, Loss=0.012338, Pos=0.012153, Vel=0.00009221]Epoch 1/200 [TRAIN]:  58%|█████▊    | 2338/4032 [03:53<02:48, 10.06it/s, Loss=0.012338, Pos=0.012153, Vel=0.00009221]Epoch 1/200 [TRAIN]:  58%|█████▊    | 2338/4032 [03:53<02:48, 10.06it/s, Loss=0.012337, Pos=0.012153, Vel=0.00009222]Epoch 1/200 [TRAIN]:  58%|█████▊    | 2338/4032 [03:53<02:48, 10.06it/s, Loss=0.012336, Pos=0.012152, Vel=0.00009220]Epoch 1/200 [TRAIN]:  58%|█████▊    | 2340/4032 [03:53<02:49, 10.01it/s, Loss=0.012336, Pos=0.012152, Vel=0.00009220]Epoch 1/200 [TRAIN]:  58%|█████▊    | 2340/4032 [03:53<02:49, 10.01it/s, Loss=0.012341, Pos=0.012157, Vel=0.00009218]Epoch 1/200 [TRAIN]:  58%|█████▊    | 2340/4032 [03:53<02:49, 10.01it/s, Loss=0.012341, Pos=0.012157, Vel=0.00009217]Epoch 1/200 [TRAIN]:  58%|█████▊    | 2342/4032 [03:53<02:53,  9.74it/s, Loss=0.012341, Pos=0.012157, Vel=0.00009217]Epoch 1/200 [TRAIN]:  58%|█████▊    | 2342/4032 [03:53<02:53,  9.74it/s, Loss=0.012338, Pos=0.012154, Vel=0.00009214]Epoch 1/200 [TRAIN]:  58%|█████▊    | 2343/4032 [03:53<02:55,  9.60it/s, Loss=0.012338, Pos=0.012154, Vel=0.00009214]Epoch 1/200 [TRAIN]:  58%|█████▊    | 2343/4032 [03:54<02:55,  9.60it/s, Loss=0.012338, Pos=0.012154, Vel=0.00009212]Epoch 1/200 [TRAIN]:  58%|█████▊    | 2344/4032 [03:54<02:57,  9.49it/s, Loss=0.012338, Pos=0.012154, Vel=0.00009212]Epoch 1/200 [TRAIN]:  58%|█████▊    | 2344/4032 [03:54<02:57,  9.49it/s, Loss=0.012336, Pos=0.012151, Vel=0.00009209]Epoch 1/200 [TRAIN]:  58%|█████▊    | 2345/4032 [03:54<03:03,  9.22it/s, Loss=0.012336, Pos=0.012151, Vel=0.00009209]Epoch 1/200 [TRAIN]:  58%|█████▊    | 2345/4032 [03:54<03:03,  9.22it/s, Loss=0.012342, Pos=0.012158, Vel=0.00009211]Epoch 1/200 [TRAIN]:  58%|█████▊    | 2345/4032 [03:54<03:03,  9.22it/s, Loss=0.012338, Pos=0.012154, Vel=0.00009208]Epoch 1/200 [TRAIN]:  58%|█████▊    | 2347/4032 [03:54<03:00,  9.33it/s, Loss=0.012338, Pos=0.012154, Vel=0.00009208]Epoch 1/200 [TRAIN]:  58%|█████▊    | 2347/4032 [03:54<03:00,  9.33it/s, Loss=0.012337, Pos=0.012152, Vel=0.00009208]Epoch 1/200 [TRAIN]:  58%|█████▊    | 2348/4032 [03:54<02:59,  9.36it/s, Loss=0.012337, Pos=0.012152, Vel=0.00009208]Epoch 1/200 [TRAIN]:  58%|█████▊    | 2348/4032 [03:54<02:59,  9.36it/s, Loss=0.012346, Pos=0.012162, Vel=0.00009214]Epoch 1/200 [TRAIN]:  58%|█████▊    | 2349/4032 [03:54<03:01,  9.25it/s, Loss=0.012346, Pos=0.012162, Vel=0.00009214]Epoch 1/200 [TRAIN]:  58%|█████▊    | 2349/4032 [03:54<03:01,  9.25it/s, Loss=0.012361, Pos=0.012177, Vel=0.00009224]Epoch 1/200 [TRAIN]:  58%|█████▊    | 2350/4032 [03:54<03:01,  9.25it/s, Loss=0.012361, Pos=0.012177, Vel=0.00009224]Epoch 1/200 [TRAIN]:  58%|█████▊    | 2350/4032 [03:54<03:01,  9.25it/s, Loss=0.012378, Pos=0.012193, Vel=0.00009237]Epoch 1/200 [TRAIN]:  58%|█████▊    | 2350/4032 [03:54<03:01,  9.25it/s, Loss=0.012384, Pos=0.012199, Vel=0.00009238]Epoch 1/200 [TRAIN]:  58%|█████▊    | 2352/4032 [03:54<02:50,  9.83it/s, Loss=0.012384, Pos=0.012199, Vel=0.00009238]Epoch 1/200 [TRAIN]:  58%|█████▊    | 2352/4032 [03:54<02:50,  9.83it/s, Loss=0.012382, Pos=0.012198, Vel=0.00009238]Epoch 1/200 [TRAIN]:  58%|█████▊    | 2353/4032 [03:54<02:57,  9.45it/s, Loss=0.012382, Pos=0.012198, Vel=0.00009238]Epoch 1/200 [TRAIN]:  58%|█████▊    | 2353/4032 [03:55<02:57,  9.45it/s, Loss=0.012385, Pos=0.012200, Vel=0.00009238]Epoch 1/200 [TRAIN]:  58%|█████▊    | 2353/4032 [03:55<02:57,  9.45it/s, Loss=0.012383, Pos=0.012198, Vel=0.00009236]Epoch 1/200 [TRAIN]:  58%|█████▊    | 2355/4032 [03:55<02:54,  9.60it/s, Loss=0.012383, Pos=0.012198, Vel=0.00009236]Epoch 1/200 [TRAIN]:  58%|█████▊    | 2355/4032 [03:55<02:54,  9.60it/s, Loss=0.012387, Pos=0.012203, Vel=0.00009238]Epoch 1/200 [TRAIN]:  58%|█████▊    | 2356/4032 [03:55<02:55,  9.53it/s, Loss=0.012387, Pos=0.012203, Vel=0.00009238]Epoch 1/200 [TRAIN]:  58%|█████▊    | 2356/4032 [03:55<02:55,  9.53it/s, Loss=0.012387, Pos=0.012203, Vel=0.00009238]Epoch 1/200 [TRAIN]:  58%|█████▊    | 2357/4032 [03:55<02:58,  9.39it/s, Loss=0.012387, Pos=0.012203, Vel=0.00009238]Epoch 1/200 [TRAIN]:  58%|█████▊    | 2357/4032 [03:55<02:58,  9.39it/s, Loss=0.012384, Pos=0.012199, Vel=0.00009235]Epoch 1/200 [TRAIN]:  58%|█████▊    | 2357/4032 [03:55<02:58,  9.39it/s, Loss=0.012381, Pos=0.012197, Vel=0.00009234]Epoch 1/200 [TRAIN]:  59%|█████▊    | 2359/4032 [03:55<02:56,  9.50it/s, Loss=0.012381, Pos=0.012197, Vel=0.00009234]Epoch 1/200 [TRAIN]:  59%|█████▊    | 2359/4032 [03:55<02:56,  9.50it/s, Loss=0.012377, Pos=0.012193, Vel=0.00009232]Epoch 1/200 [TRAIN]:  59%|█████▊    | 2360/4032 [03:55<02:57,  9.40it/s, Loss=0.012377, Pos=0.012193, Vel=0.00009232]Epoch 1/200 [TRAIN]:  59%|█████▊    | 2360/4032 [03:55<02:57,  9.40it/s, Loss=0.012377, Pos=0.012193, Vel=0.00009230]Epoch 1/200 [TRAIN]:  59%|█████▊    | 2361/4032 [03:55<02:57,  9.42it/s, Loss=0.012377, Pos=0.012193, Vel=0.00009230]Epoch 1/200 [TRAIN]:  59%|█████▊    | 2361/4032 [03:55<02:57,  9.42it/s, Loss=0.012373, Pos=0.012189, Vel=0.00009228]Epoch 1/200 [TRAIN]:  59%|█████▊    | 2362/4032 [03:55<03:01,  9.18it/s, Loss=0.012373, Pos=0.012189, Vel=0.00009228]Epoch 1/200 [TRAIN]:  59%|█████▊    | 2362/4032 [03:56<03:01,  9.18it/s, Loss=0.012377, Pos=0.012192, Vel=0.00009227]Epoch 1/200 [TRAIN]:  59%|█████▊    | 2362/4032 [03:56<03:01,  9.18it/s, Loss=0.012373, Pos=0.012189, Vel=0.00009224]Epoch 1/200 [TRAIN]:  59%|█████▊    | 2364/4032 [03:56<03:00,  9.26it/s, Loss=0.012373, Pos=0.012189, Vel=0.00009224]Epoch 1/200 [TRAIN]:  59%|█████▊    | 2364/4032 [03:56<03:00,  9.26it/s, Loss=0.012381, Pos=0.012197, Vel=0.00009228]Epoch 1/200 [TRAIN]:  59%|█████▊    | 2364/4032 [03:56<03:00,  9.26it/s, Loss=0.012377, Pos=0.012193, Vel=0.00009225]Epoch 1/200 [TRAIN]:  59%|█████▊    | 2366/4032 [03:56<02:23, 11.60it/s, Loss=0.012377, Pos=0.012193, Vel=0.00009225]Epoch 1/200 [TRAIN]:  59%|█████▊    | 2366/4032 [03:56<02:23, 11.60it/s, Loss=0.012373, Pos=0.012189, Vel=0.00009225]Epoch 1/200 [TRAIN]:  59%|█████▊    | 2366/4032 [03:56<02:23, 11.60it/s, Loss=0.012373, Pos=0.012189, Vel=0.00009223]Epoch 1/200 [TRAIN]:  59%|█████▊    | 2368/4032 [03:56<02:19, 11.91it/s, Loss=0.012373, Pos=0.012189, Vel=0.00009223]Epoch 1/200 [TRAIN]:  59%|█████▊    | 2368/4032 [03:56<02:19, 11.91it/s, Loss=0.012382, Pos=0.012198, Vel=0.00009223]Epoch 1/200 [TRAIN]:  59%|█████▊    | 2368/4032 [03:56<02:19, 11.91it/s, Loss=0.012380, Pos=0.012195, Vel=0.00009222]Epoch 1/200 [TRAIN]:  59%|█████▉    | 2370/4032 [03:56<02:23, 11.56it/s, Loss=0.012380, Pos=0.012195, Vel=0.00009222]Epoch 1/200 [TRAIN]:  59%|█████▉    | 2370/4032 [03:56<02:23, 11.56it/s, Loss=0.012377, Pos=0.012192, Vel=0.00009222]Epoch 1/200 [TRAIN]:  59%|█████▉    | 2370/4032 [03:56<02:23, 11.56it/s, Loss=0.012373, Pos=0.012189, Vel=0.00009219]Epoch 1/200 [TRAIN]:  59%|█████▉    | 2370/4032 [03:56<02:23, 11.56it/s, Loss=0.012370, Pos=0.012186, Vel=0.00009217]Epoch 1/200 [TRAIN]:  59%|█████▉    | 2373/4032 [03:56<02:08, 12.94it/s, Loss=0.012370, Pos=0.012186, Vel=0.00009217]Epoch 1/200 [TRAIN]:  59%|█████▉    | 2373/4032 [03:56<02:08, 12.94it/s, Loss=0.012376, Pos=0.012191, Vel=0.00009219]Epoch 1/200 [TRAIN]:  59%|█████▉    | 2373/4032 [03:57<02:08, 12.94it/s, Loss=0.012376, Pos=0.012192, Vel=0.00009220]Epoch 1/200 [TRAIN]:  59%|█████▉    | 2375/4032 [03:57<02:17, 12.01it/s, Loss=0.012376, Pos=0.012192, Vel=0.00009220]Epoch 1/200 [TRAIN]:  59%|█████▉    | 2375/4032 [03:57<02:17, 12.01it/s, Loss=0.012375, Pos=0.012190, Vel=0.00009219]Epoch 1/200 [TRAIN]:  59%|█████▉    | 2375/4032 [03:57<02:17, 12.01it/s, Loss=0.012374, Pos=0.012189, Vel=0.00009217]Epoch 1/200 [TRAIN]:  59%|█████▉    | 2377/4032 [03:57<02:30, 11.01it/s, Loss=0.012374, Pos=0.012189, Vel=0.00009217]Epoch 1/200 [TRAIN]:  59%|█████▉    | 2377/4032 [03:57<02:30, 11.01it/s, Loss=0.012371, Pos=0.012186, Vel=0.00009215]Epoch 1/200 [TRAIN]:  59%|█████▉    | 2377/4032 [03:57<02:30, 11.01it/s, Loss=0.012373, Pos=0.012189, Vel=0.00009215]Epoch 1/200 [TRAIN]:  59%|█████▉    | 2379/4032 [03:57<02:38, 10.43it/s, Loss=0.012373, Pos=0.012189, Vel=0.00009215]Epoch 1/200 [TRAIN]:  59%|█████▉    | 2379/4032 [03:57<02:38, 10.43it/s, Loss=0.012370, Pos=0.012186, Vel=0.00009212]Epoch 1/200 [TRAIN]:  59%|█████▉    | 2379/4032 [03:57<02:38, 10.43it/s, Loss=0.012367, Pos=0.012182, Vel=0.00009210]Epoch 1/200 [TRAIN]:  59%|█████▉    | 2381/4032 [03:57<02:45,  9.95it/s, Loss=0.012367, Pos=0.012182, Vel=0.00009210]Epoch 1/200 [TRAIN]:  59%|█████▉    | 2381/4032 [03:57<02:45,  9.95it/s, Loss=0.012372, Pos=0.012187, Vel=0.00009208]Epoch 1/200 [TRAIN]:  59%|█████▉    | 2381/4032 [03:57<02:45,  9.95it/s, Loss=0.012369, Pos=0.012185, Vel=0.00009206]Epoch 1/200 [TRAIN]:  59%|█████▉    | 2383/4032 [03:57<02:53,  9.53it/s, Loss=0.012369, Pos=0.012185, Vel=0.00009206]Epoch 1/200 [TRAIN]:  59%|█████▉    | 2383/4032 [03:57<02:53,  9.53it/s, Loss=0.012367, Pos=0.012182, Vel=0.00009204]Epoch 1/200 [TRAIN]:  59%|█████▉    | 2383/4032 [03:58<02:53,  9.53it/s, Loss=0.012364, Pos=0.012180, Vel=0.00009202]Epoch 1/200 [TRAIN]:  59%|█████▉    | 2385/4032 [03:58<02:40, 10.26it/s, Loss=0.012364, Pos=0.012180, Vel=0.00009202]Epoch 1/200 [TRAIN]:  59%|█████▉    | 2385/4032 [03:58<02:40, 10.26it/s, Loss=0.012366, Pos=0.012182, Vel=0.00009200]Epoch 1/200 [TRAIN]:  59%|█████▉    | 2385/4032 [03:58<02:40, 10.26it/s, Loss=0.012364, Pos=0.012180, Vel=0.00009199]Epoch 1/200 [TRAIN]:  59%|█████▉    | 2387/4032 [03:58<02:45,  9.91it/s, Loss=0.012364, Pos=0.012180, Vel=0.00009199]Epoch 1/200 [TRAIN]:  59%|█████▉    | 2387/4032 [03:58<02:45,  9.91it/s, Loss=0.012362, Pos=0.012178, Vel=0.00009196]Epoch 1/200 [TRAIN]:  59%|█████▉    | 2387/4032 [03:58<02:45,  9.91it/s, Loss=0.012359, Pos=0.012175, Vel=0.00009194]Epoch 1/200 [TRAIN]:  59%|█████▉    | 2389/4032 [03:58<02:49,  9.71it/s, Loss=0.012359, Pos=0.012175, Vel=0.00009194]Epoch 1/200 [TRAIN]:  59%|█████▉    | 2389/4032 [03:58<02:49,  9.71it/s, Loss=0.012359, Pos=0.012175, Vel=0.00009192]Epoch 1/200 [TRAIN]:  59%|█████▉    | 2390/4032 [03:58<02:52,  9.50it/s, Loss=0.012359, Pos=0.012175, Vel=0.00009192]Epoch 1/200 [TRAIN]:  59%|█████▉    | 2390/4032 [03:58<02:52,  9.50it/s, Loss=0.012357, Pos=0.012174, Vel=0.00009191]Epoch 1/200 [TRAIN]:  59%|█████▉    | 2390/4032 [03:58<02:52,  9.50it/s, Loss=0.012364, Pos=0.012181, Vel=0.00009190]Epoch 1/200 [TRAIN]:  59%|█████▉    | 2392/4032 [03:58<02:52,  9.50it/s, Loss=0.012364, Pos=0.012181, Vel=0.00009190]Epoch 1/200 [TRAIN]:  59%|█████▉    | 2392/4032 [03:58<02:52,  9.50it/s, Loss=0.012365, Pos=0.012181, Vel=0.00009191]Epoch 1/200 [TRAIN]:  59%|█████▉    | 2393/4032 [03:58<02:56,  9.31it/s, Loss=0.012365, Pos=0.012181, Vel=0.00009191]Epoch 1/200 [TRAIN]:  59%|█████▉    | 2393/4032 [03:59<02:56,  9.31it/s, Loss=0.012360, Pos=0.012176, Vel=0.00009188]Epoch 1/200 [TRAIN]:  59%|█████▉    | 2393/4032 [03:59<02:56,  9.31it/s, Loss=0.012361, Pos=0.012177, Vel=0.00009187]Epoch 1/200 [TRAIN]:  59%|█████▉    | 2395/4032 [03:59<02:52,  9.48it/s, Loss=0.012361, Pos=0.012177, Vel=0.00009187]Epoch 1/200 [TRAIN]:  59%|█████▉    | 2395/4032 [03:59<02:52,  9.48it/s, Loss=0.012358, Pos=0.012174, Vel=0.00009186]Epoch 1/200 [TRAIN]:  59%|█████▉    | 2395/4032 [03:59<02:52,  9.48it/s, Loss=0.012356, Pos=0.012172, Vel=0.00009183]Epoch 1/200 [TRAIN]:  59%|█████▉    | 2397/4032 [03:59<02:49,  9.65it/s, Loss=0.012356, Pos=0.012172, Vel=0.00009183]Epoch 1/200 [TRAIN]:  59%|█████▉    | 2397/4032 [03:59<02:49,  9.65it/s, Loss=0.012355, Pos=0.012171, Vel=0.00009181]Epoch 1/200 [TRAIN]:  59%|█████▉    | 2397/4032 [03:59<02:49,  9.65it/s, Loss=0.012351, Pos=0.012168, Vel=0.00009179]Epoch 1/200 [TRAIN]:  59%|█████▉    | 2399/4032 [03:59<02:26, 11.13it/s, Loss=0.012351, Pos=0.012168, Vel=0.00009179]Epoch 1/200 [TRAIN]:  59%|█████▉    | 2399/4032 [03:59<02:26, 11.13it/s, Loss=0.012351, Pos=0.012167, Vel=0.00009178]Epoch 1/200 [TRAIN]:  59%|█████▉    | 2399/4032 [03:59<02:26, 11.13it/s, Loss=0.012346, Pos=0.012162, Vel=0.00009175]Epoch 1/200 [TRAIN]:  60%|█████▉    | 2401/4032 [03:59<02:37, 10.36it/s, Loss=0.012346, Pos=0.012162, Vel=0.00009175]Epoch 1/200 [TRAIN]:  60%|█████▉    | 2401/4032 [03:59<02:37, 10.36it/s, Loss=0.012344, Pos=0.012161, Vel=0.00009172]Epoch 1/200 [TRAIN]:  60%|█████▉    | 2401/4032 [03:59<02:37, 10.36it/s, Loss=0.012342, Pos=0.012159, Vel=0.00009170]Epoch 1/200 [TRAIN]:  60%|█████▉    | 2403/4032 [03:59<02:44,  9.89it/s, Loss=0.012342, Pos=0.012159, Vel=0.00009170]Epoch 1/200 [TRAIN]:  60%|█████▉    | 2403/4032 [03:59<02:44,  9.89it/s, Loss=0.012339, Pos=0.012156, Vel=0.00009167]Epoch 1/200 [TRAIN]:  60%|█████▉    | 2403/4032 [04:00<02:44,  9.89it/s, Loss=0.012336, Pos=0.012152, Vel=0.00009165]Epoch 1/200 [TRAIN]:  60%|█████▉    | 2405/4032 [04:00<02:44,  9.87it/s, Loss=0.012336, Pos=0.012152, Vel=0.00009165]Epoch 1/200 [TRAIN]:  60%|█████▉    | 2405/4032 [04:00<02:44,  9.87it/s, Loss=0.012334, Pos=0.012151, Vel=0.00009163]Epoch 1/200 [TRAIN]:  60%|█████▉    | 2405/4032 [04:00<02:44,  9.87it/s, Loss=0.012330, Pos=0.012147, Vel=0.00009162]Epoch 1/200 [TRAIN]:  60%|█████▉    | 2407/4032 [04:00<02:48,  9.64it/s, Loss=0.012330, Pos=0.012147, Vel=0.00009162]Epoch 1/200 [TRAIN]:  60%|█████▉    | 2407/4032 [04:00<02:48,  9.64it/s, Loss=0.012328, Pos=0.012145, Vel=0.00009160]Epoch 1/200 [TRAIN]:  60%|█████▉    | 2408/4032 [04:00<02:53,  9.38it/s, Loss=0.012328, Pos=0.012145, Vel=0.00009160]Epoch 1/200 [TRAIN]:  60%|█████▉    | 2408/4032 [04:00<02:53,  9.38it/s, Loss=0.012328, Pos=0.012145, Vel=0.00009158]Epoch 1/200 [TRAIN]:  60%|█████▉    | 2408/4032 [04:00<02:53,  9.38it/s, Loss=0.012380, Pos=0.012197, Vel=0.00009159]Epoch 1/200 [TRAIN]:  60%|█████▉    | 2410/4032 [04:00<02:48,  9.63it/s, Loss=0.012380, Pos=0.012197, Vel=0.00009159]Epoch 1/200 [TRAIN]:  60%|█████▉    | 2410/4032 [04:00<02:48,  9.63it/s, Loss=0.012377, Pos=0.012194, Vel=0.00009158]Epoch 1/200 [TRAIN]:  60%|█████▉    | 2411/4032 [04:00<02:51,  9.45it/s, Loss=0.012377, Pos=0.012194, Vel=0.00009158]Epoch 1/200 [TRAIN]:  60%|█████▉    | 2411/4032 [04:00<02:51,  9.45it/s, Loss=0.012373, Pos=0.012190, Vel=0.00009157]Epoch 1/200 [TRAIN]:  60%|█████▉    | 2412/4032 [04:00<02:53,  9.36it/s, Loss=0.012373, Pos=0.012190, Vel=0.00009157]Epoch 1/200 [TRAIN]:  60%|█████▉    | 2412/4032 [04:00<02:53,  9.36it/s, Loss=0.012370, Pos=0.012187, Vel=0.00009155]Epoch 1/200 [TRAIN]:  60%|█████▉    | 2413/4032 [04:00<02:54,  9.29it/s, Loss=0.012370, Pos=0.012187, Vel=0.00009155]Epoch 1/200 [TRAIN]:  60%|█████▉    | 2413/4032 [04:01<02:54,  9.29it/s, Loss=0.012367, Pos=0.012184, Vel=0.00009154]Epoch 1/200 [TRAIN]:  60%|█████▉    | 2414/4032 [04:01<02:55,  9.24it/s, Loss=0.012367, Pos=0.012184, Vel=0.00009154]Epoch 1/200 [TRAIN]:  60%|█████▉    | 2414/4032 [04:01<02:55,  9.24it/s, Loss=0.012365, Pos=0.012182, Vel=0.00009154]Epoch 1/200 [TRAIN]:  60%|█████▉    | 2415/4032 [04:01<02:58,  9.05it/s, Loss=0.012365, Pos=0.012182, Vel=0.00009154]Epoch 1/200 [TRAIN]:  60%|█████▉    | 2415/4032 [04:01<02:58,  9.05it/s, Loss=0.012363, Pos=0.012180, Vel=0.00009155]Epoch 1/200 [TRAIN]:  60%|█████▉    | 2416/4032 [04:01<03:00,  8.95it/s, Loss=0.012363, Pos=0.012180, Vel=0.00009155]Epoch 1/200 [TRAIN]:  60%|█████▉    | 2416/4032 [04:01<03:00,  8.95it/s, Loss=0.012369, Pos=0.012186, Vel=0.00009156]Epoch 1/200 [TRAIN]:  60%|█████▉    | 2416/4032 [04:01<03:00,  8.95it/s, Loss=0.012370, Pos=0.012187, Vel=0.00009156]Epoch 1/200 [TRAIN]:  60%|█████▉    | 2418/4032 [04:01<02:37, 10.25it/s, Loss=0.012370, Pos=0.012187, Vel=0.00009156]Epoch 1/200 [TRAIN]:  60%|█████▉    | 2418/4032 [04:01<02:37, 10.25it/s, Loss=0.012369, Pos=0.012186, Vel=0.00009153]Epoch 1/200 [TRAIN]:  60%|█████▉    | 2418/4032 [04:01<02:37, 10.25it/s, Loss=0.012366, Pos=0.012183, Vel=0.00009151]Epoch 1/200 [TRAIN]:  60%|██████    | 2420/4032 [04:01<02:47,  9.60it/s, Loss=0.012366, Pos=0.012183, Vel=0.00009151]Epoch 1/200 [TRAIN]:  60%|██████    | 2420/4032 [04:01<02:47,  9.60it/s, Loss=0.012361, Pos=0.012178, Vel=0.00009149]Epoch 1/200 [TRAIN]:  60%|██████    | 2421/4032 [04:01<02:50,  9.44it/s, Loss=0.012361, Pos=0.012178, Vel=0.00009149]Epoch 1/200 [TRAIN]:  60%|██████    | 2421/4032 [04:01<02:50,  9.44it/s, Loss=0.012357, Pos=0.012174, Vel=0.00009147]Epoch 1/200 [TRAIN]:  60%|██████    | 2421/4032 [04:01<02:50,  9.44it/s, Loss=0.012372, Pos=0.012189, Vel=0.00009153]Epoch 1/200 [TRAIN]:  60%|██████    | 2423/4032 [04:01<02:30, 10.72it/s, Loss=0.012372, Pos=0.012189, Vel=0.00009153]Epoch 1/200 [TRAIN]:  60%|██████    | 2423/4032 [04:02<02:30, 10.72it/s, Loss=0.012370, Pos=0.012187, Vel=0.00009150]Epoch 1/200 [TRAIN]:  60%|██████    | 2423/4032 [04:02<02:30, 10.72it/s, Loss=0.012366, Pos=0.012183, Vel=0.00009148]Epoch 1/200 [TRAIN]:  60%|██████    | 2425/4032 [04:02<02:37, 10.22it/s, Loss=0.012366, Pos=0.012183, Vel=0.00009148]Epoch 1/200 [TRAIN]:  60%|██████    | 2425/4032 [04:02<02:37, 10.22it/s, Loss=0.012372, Pos=0.012189, Vel=0.00009147]Epoch 1/200 [TRAIN]:  60%|██████    | 2425/4032 [04:02<02:37, 10.22it/s, Loss=0.012368, Pos=0.012185, Vel=0.00009144]Epoch 1/200 [TRAIN]:  60%|██████    | 2427/4032 [04:02<02:40, 10.01it/s, Loss=0.012368, Pos=0.012185, Vel=0.00009144]Epoch 1/200 [TRAIN]:  60%|██████    | 2427/4032 [04:02<02:40, 10.01it/s, Loss=0.012365, Pos=0.012182, Vel=0.00009142]Epoch 1/200 [TRAIN]:  60%|██████    | 2427/4032 [04:02<02:40, 10.01it/s, Loss=0.012372, Pos=0.012189, Vel=0.00009142]Epoch 1/200 [TRAIN]:  60%|██████    | 2429/4032 [04:02<02:46,  9.64it/s, Loss=0.012372, Pos=0.012189, Vel=0.00009142]Epoch 1/200 [TRAIN]:  60%|██████    | 2429/4032 [04:02<02:46,  9.64it/s, Loss=0.012377, Pos=0.012194, Vel=0.00009141]Epoch 1/200 [TRAIN]:  60%|██████    | 2430/4032 [04:02<02:48,  9.53it/s, Loss=0.012377, Pos=0.012194, Vel=0.00009141]Epoch 1/200 [TRAIN]:  60%|██████    | 2430/4032 [04:02<02:48,  9.53it/s, Loss=0.012374, Pos=0.012191, Vel=0.00009138]Epoch 1/200 [TRAIN]:  60%|██████    | 2431/4032 [04:02<02:50,  9.38it/s, Loss=0.012374, Pos=0.012191, Vel=0.00009138]Epoch 1/200 [TRAIN]:  60%|██████    | 2431/4032 [04:02<02:50,  9.38it/s, Loss=0.012387, Pos=0.012204, Vel=0.00009138]Epoch 1/200 [TRAIN]:  60%|██████    | 2432/4032 [04:02<02:51,  9.34it/s, Loss=0.012387, Pos=0.012204, Vel=0.00009138]Epoch 1/200 [TRAIN]:  60%|██████    | 2432/4032 [04:03<02:51,  9.34it/s, Loss=0.012387, Pos=0.012204, Vel=0.00009142]Epoch 1/200 [TRAIN]:  60%|██████    | 2433/4032 [04:03<02:51,  9.33it/s, Loss=0.012387, Pos=0.012204, Vel=0.00009142]Epoch 1/200 [TRAIN]:  60%|██████    | 2433/4032 [04:03<02:51,  9.33it/s, Loss=0.012394, Pos=0.012211, Vel=0.00009145]Epoch 1/200 [TRAIN]:  60%|██████    | 2434/4032 [04:03<02:53,  9.20it/s, Loss=0.012394, Pos=0.012211, Vel=0.00009145]Epoch 1/200 [TRAIN]:  60%|██████    | 2434/4032 [04:03<02:53,  9.20it/s, Loss=0.012396, Pos=0.012213, Vel=0.00009148]Epoch 1/200 [TRAIN]:  60%|██████    | 2434/4032 [04:03<02:53,  9.20it/s, Loss=0.012392, Pos=0.012209, Vel=0.00009145]Epoch 1/200 [TRAIN]:  60%|██████    | 2436/4032 [04:03<02:50,  9.34it/s, Loss=0.012392, Pos=0.012209, Vel=0.00009145]Epoch 1/200 [TRAIN]:  60%|██████    | 2436/4032 [04:03<02:50,  9.34it/s, Loss=0.012390, Pos=0.012207, Vel=0.00009145]Epoch 1/200 [TRAIN]:  60%|██████    | 2437/4032 [04:03<02:52,  9.22it/s, Loss=0.012390, Pos=0.012207, Vel=0.00009145]Epoch 1/200 [TRAIN]:  60%|██████    | 2437/4032 [04:03<02:52,  9.22it/s, Loss=0.012396, Pos=0.012214, Vel=0.00009146]Epoch 1/200 [TRAIN]:  60%|██████    | 2438/4032 [04:03<02:54,  9.16it/s, Loss=0.012396, Pos=0.012214, Vel=0.00009146]Epoch 1/200 [TRAIN]:  60%|██████    | 2438/4032 [04:03<02:54,  9.16it/s, Loss=0.012397, Pos=0.012214, Vel=0.00009144]Epoch 1/200 [TRAIN]:  60%|██████    | 2439/4032 [04:03<02:55,  9.06it/s, Loss=0.012397, Pos=0.012214, Vel=0.00009144]Epoch 1/200 [TRAIN]:  60%|██████    | 2439/4032 [04:03<02:55,  9.06it/s, Loss=0.012393, Pos=0.012211, Vel=0.00009143]Epoch 1/200 [TRAIN]:  61%|██████    | 2440/4032 [04:03<02:53,  9.19it/s, Loss=0.012393, Pos=0.012211, Vel=0.00009143]Epoch 1/200 [TRAIN]:  61%|██████    | 2440/4032 [04:03<02:53,  9.19it/s, Loss=0.012390, Pos=0.012207, Vel=0.00009142]Epoch 1/200 [TRAIN]:  61%|██████    | 2441/4032 [04:03<02:54,  9.14it/s, Loss=0.012390, Pos=0.012207, Vel=0.00009142]Epoch 1/200 [TRAIN]:  61%|██████    | 2441/4032 [04:04<02:54,  9.14it/s, Loss=0.012387, Pos=0.012204, Vel=0.00009139]Epoch 1/200 [TRAIN]:  61%|██████    | 2442/4032 [04:04<02:54,  9.12it/s, Loss=0.012387, Pos=0.012204, Vel=0.00009139]Epoch 1/200 [TRAIN]:  61%|██████    | 2442/4032 [04:04<02:54,  9.12it/s, Loss=0.012384, Pos=0.012201, Vel=0.00009137]Epoch 1/200 [TRAIN]:  61%|██████    | 2443/4032 [04:04<02:54,  9.10it/s, Loss=0.012384, Pos=0.012201, Vel=0.00009137]Epoch 1/200 [TRAIN]:  61%|██████    | 2443/4032 [04:04<02:54,  9.10it/s, Loss=0.012382, Pos=0.012199, Vel=0.00009136]Epoch 1/200 [TRAIN]:  61%|██████    | 2444/4032 [04:04<02:54,  9.12it/s, Loss=0.012382, Pos=0.012199, Vel=0.00009136]Epoch 1/200 [TRAIN]:  61%|██████    | 2444/4032 [04:04<02:54,  9.12it/s, Loss=0.012379, Pos=0.012197, Vel=0.00009134]Epoch 1/200 [TRAIN]:  61%|██████    | 2445/4032 [04:04<02:57,  8.94it/s, Loss=0.012379, Pos=0.012197, Vel=0.00009134]Epoch 1/200 [TRAIN]:  61%|██████    | 2445/4032 [04:04<02:57,  8.94it/s, Loss=0.012376, Pos=0.012194, Vel=0.00009131]Epoch 1/200 [TRAIN]:  61%|██████    | 2446/4032 [04:04<03:01,  8.72it/s, Loss=0.012376, Pos=0.012194, Vel=0.00009131]Epoch 1/200 [TRAIN]:  61%|██████    | 2446/4032 [04:04<03:01,  8.72it/s, Loss=0.012379, Pos=0.012197, Vel=0.00009130]Epoch 1/200 [TRAIN]:  61%|██████    | 2446/4032 [04:04<03:01,  8.72it/s, Loss=0.012383, Pos=0.012200, Vel=0.00009133]Epoch 1/200 [TRAIN]:  61%|██████    | 2448/4032 [04:04<02:24, 11.00it/s, Loss=0.012383, Pos=0.012200, Vel=0.00009133]Epoch 1/200 [TRAIN]:  61%|██████    | 2448/4032 [04:04<02:24, 11.00it/s, Loss=0.012385, Pos=0.012202, Vel=0.00009132]Epoch 1/200 [TRAIN]:  61%|██████    | 2448/4032 [04:04<02:24, 11.00it/s, Loss=0.012384, Pos=0.012201, Vel=0.00009130]Epoch 1/200 [TRAIN]:  61%|██████    | 2450/4032 [04:04<02:35, 10.18it/s, Loss=0.012384, Pos=0.012201, Vel=0.00009130]Epoch 1/200 [TRAIN]:  61%|██████    | 2450/4032 [04:04<02:35, 10.18it/s, Loss=0.012383, Pos=0.012200, Vel=0.00009129]Epoch 1/200 [TRAIN]:  61%|██████    | 2450/4032 [04:05<02:35, 10.18it/s, Loss=0.012386, Pos=0.012204, Vel=0.00009130]Epoch 1/200 [TRAIN]:  61%|██████    | 2452/4032 [04:05<02:43,  9.64it/s, Loss=0.012386, Pos=0.012204, Vel=0.00009130]Epoch 1/200 [TRAIN]:  61%|██████    | 2452/4032 [04:05<02:43,  9.64it/s, Loss=0.012393, Pos=0.012211, Vel=0.00009136]Epoch 1/200 [TRAIN]:  61%|██████    | 2453/4032 [04:05<02:46,  9.48it/s, Loss=0.012393, Pos=0.012211, Vel=0.00009136]Epoch 1/200 [TRAIN]:  61%|██████    | 2453/4032 [04:05<02:46,  9.48it/s, Loss=0.012396, Pos=0.012213, Vel=0.00009136]Epoch 1/200 [TRAIN]:  61%|██████    | 2453/4032 [04:05<02:46,  9.48it/s, Loss=0.012394, Pos=0.012211, Vel=0.00009135]Epoch 1/200 [TRAIN]:  61%|██████    | 2455/4032 [04:05<02:46,  9.47it/s, Loss=0.012394, Pos=0.012211, Vel=0.00009135]Epoch 1/200 [TRAIN]:  61%|██████    | 2455/4032 [04:05<02:46,  9.47it/s, Loss=0.012390, Pos=0.012207, Vel=0.00009133]Epoch 1/200 [TRAIN]:  61%|██████    | 2455/4032 [04:05<02:46,  9.47it/s, Loss=0.012388, Pos=0.012206, Vel=0.00009131]Epoch 1/200 [TRAIN]:  61%|██████    | 2457/4032 [04:05<02:45,  9.51it/s, Loss=0.012388, Pos=0.012206, Vel=0.00009131]Epoch 1/200 [TRAIN]:  61%|██████    | 2457/4032 [04:05<02:45,  9.51it/s, Loss=0.012384, Pos=0.012201, Vel=0.00009129]Epoch 1/200 [TRAIN]:  61%|██████    | 2458/4032 [04:05<02:49,  9.31it/s, Loss=0.012384, Pos=0.012201, Vel=0.00009129]Epoch 1/200 [TRAIN]:  61%|██████    | 2458/4032 [04:05<02:49,  9.31it/s, Loss=0.012385, Pos=0.012202, Vel=0.00009127]Epoch 1/200 [TRAIN]:  61%|██████    | 2458/4032 [04:05<02:49,  9.31it/s, Loss=0.012382, Pos=0.012199, Vel=0.00009125]Epoch 1/200 [TRAIN]:  61%|██████    | 2460/4032 [04:05<02:47,  9.39it/s, Loss=0.012382, Pos=0.012199, Vel=0.00009125]Epoch 1/200 [TRAIN]:  61%|██████    | 2460/4032 [04:06<02:47,  9.39it/s, Loss=0.012380, Pos=0.012198, Vel=0.00009124]Epoch 1/200 [TRAIN]:  61%|██████    | 2460/4032 [04:06<02:47,  9.39it/s, Loss=0.012379, Pos=0.012197, Vel=0.00009122]Epoch 1/200 [TRAIN]:  61%|██████    | 2462/4032 [04:06<02:48,  9.32it/s, Loss=0.012379, Pos=0.012197, Vel=0.00009122]Epoch 1/200 [TRAIN]:  61%|██████    | 2462/4032 [04:06<02:48,  9.32it/s, Loss=0.012377, Pos=0.012195, Vel=0.00009122]Epoch 1/200 [TRAIN]:  61%|██████    | 2462/4032 [04:06<02:48,  9.32it/s, Loss=0.012376, Pos=0.012194, Vel=0.00009120]Epoch 1/200 [TRAIN]:  61%|██████    | 2464/4032 [04:06<02:49,  9.26it/s, Loss=0.012376, Pos=0.012194, Vel=0.00009120]Epoch 1/200 [TRAIN]:  61%|██████    | 2464/4032 [04:06<02:49,  9.26it/s, Loss=0.012377, Pos=0.012195, Vel=0.00009121]Epoch 1/200 [TRAIN]:  61%|██████    | 2464/4032 [04:06<02:49,  9.26it/s, Loss=0.012375, Pos=0.012193, Vel=0.00009118]Epoch 1/200 [TRAIN]:  61%|██████    | 2466/4032 [04:06<02:47,  9.35it/s, Loss=0.012375, Pos=0.012193, Vel=0.00009118]Epoch 1/200 [TRAIN]:  61%|██████    | 2466/4032 [04:06<02:47,  9.35it/s, Loss=0.012373, Pos=0.012190, Vel=0.00009116]Epoch 1/200 [TRAIN]:  61%|██████    | 2467/4032 [04:06<02:52,  9.09it/s, Loss=0.012373, Pos=0.012190, Vel=0.00009116]Epoch 1/200 [TRAIN]:  61%|██████    | 2467/4032 [04:06<02:52,  9.09it/s, Loss=0.012371, Pos=0.012189, Vel=0.00009114]Epoch 1/200 [TRAIN]:  61%|██████    | 2468/4032 [04:06<02:49,  9.21it/s, Loss=0.012371, Pos=0.012189, Vel=0.00009114]Epoch 1/200 [TRAIN]:  61%|██████    | 2468/4032 [04:06<02:49,  9.21it/s, Loss=0.012367, Pos=0.012184, Vel=0.00009113]Epoch 1/200 [TRAIN]:  61%|██████    | 2469/4032 [04:06<02:50,  9.17it/s, Loss=0.012367, Pos=0.012184, Vel=0.00009113]Epoch 1/200 [TRAIN]:  61%|██████    | 2469/4032 [04:07<02:50,  9.17it/s, Loss=0.012363, Pos=0.012181, Vel=0.00009113]Epoch 1/200 [TRAIN]:  61%|██████▏   | 2470/4032 [04:07<02:47,  9.35it/s, Loss=0.012363, Pos=0.012181, Vel=0.00009113]Epoch 1/200 [TRAIN]:  61%|██████▏   | 2470/4032 [04:07<02:47,  9.35it/s, Loss=0.012365, Pos=0.012183, Vel=0.00009111]Epoch 1/200 [TRAIN]:  61%|██████▏   | 2471/4032 [04:07<02:52,  9.05it/s, Loss=0.012365, Pos=0.012183, Vel=0.00009111]Epoch 1/200 [TRAIN]:  61%|██████▏   | 2471/4032 [04:07<02:52,  9.05it/s, Loss=0.012364, Pos=0.012182, Vel=0.00009111]Epoch 1/200 [TRAIN]:  61%|██████▏   | 2472/4032 [04:07<02:55,  8.90it/s, Loss=0.012364, Pos=0.012182, Vel=0.00009111]Epoch 1/200 [TRAIN]:  61%|██████▏   | 2472/4032 [04:07<02:55,  8.90it/s, Loss=0.012362, Pos=0.012180, Vel=0.00009111]Epoch 1/200 [TRAIN]:  61%|██████▏   | 2472/4032 [04:07<02:55,  8.90it/s, Loss=0.012360, Pos=0.012178, Vel=0.00009110]Epoch 1/200 [TRAIN]:  61%|██████▏   | 2474/4032 [04:07<02:45,  9.44it/s, Loss=0.012360, Pos=0.012178, Vel=0.00009110]Epoch 1/200 [TRAIN]:  61%|██████▏   | 2474/4032 [04:07<02:45,  9.44it/s, Loss=0.012358, Pos=0.012176, Vel=0.00009107]Epoch 1/200 [TRAIN]:  61%|██████▏   | 2475/4032 [04:07<02:43,  9.50it/s, Loss=0.012358, Pos=0.012176, Vel=0.00009107]Epoch 1/200 [TRAIN]:  61%|██████▏   | 2475/4032 [04:07<02:43,  9.50it/s, Loss=0.012363, Pos=0.012181, Vel=0.00009111]Epoch 1/200 [TRAIN]:  61%|██████▏   | 2476/4032 [04:07<02:49,  9.17it/s, Loss=0.012363, Pos=0.012181, Vel=0.00009111]Epoch 1/200 [TRAIN]:  61%|██████▏   | 2476/4032 [04:07<02:49,  9.17it/s, Loss=0.012360, Pos=0.012178, Vel=0.00009108]Epoch 1/200 [TRAIN]:  61%|██████▏   | 2476/4032 [04:07<02:49,  9.17it/s, Loss=0.012366, Pos=0.012184, Vel=0.00009111]Epoch 1/200 [TRAIN]:  61%|██████▏   | 2478/4032 [04:07<02:46,  9.31it/s, Loss=0.012366, Pos=0.012184, Vel=0.00009111]Epoch 1/200 [TRAIN]:  61%|██████▏   | 2478/4032 [04:07<02:46,  9.31it/s, Loss=0.012364, Pos=0.012181, Vel=0.00009110]Epoch 1/200 [TRAIN]:  61%|██████▏   | 2478/4032 [04:08<02:46,  9.31it/s, Loss=0.012360, Pos=0.012178, Vel=0.00009110]Epoch 1/200 [TRAIN]:  62%|██████▏   | 2480/4032 [04:08<02:27, 10.56it/s, Loss=0.012360, Pos=0.012178, Vel=0.00009110]Epoch 1/200 [TRAIN]:  62%|██████▏   | 2480/4032 [04:08<02:27, 10.56it/s, Loss=0.012356, Pos=0.012174, Vel=0.00009107]Epoch 1/200 [TRAIN]:  62%|██████▏   | 2480/4032 [04:08<02:27, 10.56it/s, Loss=0.012353, Pos=0.012171, Vel=0.00009107]Epoch 1/200 [TRAIN]:  62%|██████▏   | 2482/4032 [04:08<02:27, 10.51it/s, Loss=0.012353, Pos=0.012171, Vel=0.00009107]Epoch 1/200 [TRAIN]:  62%|██████▏   | 2482/4032 [04:08<02:27, 10.51it/s, Loss=0.012353, Pos=0.012171, Vel=0.00009105]Epoch 1/200 [TRAIN]:  62%|██████▏   | 2482/4032 [04:08<02:27, 10.51it/s, Loss=0.012350, Pos=0.012168, Vel=0.00009103]Epoch 1/200 [TRAIN]:  62%|██████▏   | 2484/4032 [04:08<02:33, 10.06it/s, Loss=0.012350, Pos=0.012168, Vel=0.00009103]Epoch 1/200 [TRAIN]:  62%|██████▏   | 2484/4032 [04:08<02:33, 10.06it/s, Loss=0.012349, Pos=0.012167, Vel=0.00009102]Epoch 1/200 [TRAIN]:  62%|██████▏   | 2484/4032 [04:08<02:33, 10.06it/s, Loss=0.012349, Pos=0.012167, Vel=0.00009103]Epoch 1/200 [TRAIN]:  62%|██████▏   | 2486/4032 [04:08<02:37,  9.84it/s, Loss=0.012349, Pos=0.012167, Vel=0.00009103]Epoch 1/200 [TRAIN]:  62%|██████▏   | 2486/4032 [04:08<02:37,  9.84it/s, Loss=0.012347, Pos=0.012164, Vel=0.00009103]Epoch 1/200 [TRAIN]:  62%|██████▏   | 2486/4032 [04:08<02:37,  9.84it/s, Loss=0.012344, Pos=0.012162, Vel=0.00009103]Epoch 1/200 [TRAIN]:  62%|██████▏   | 2488/4032 [04:08<02:39,  9.66it/s, Loss=0.012344, Pos=0.012162, Vel=0.00009103]Epoch 1/200 [TRAIN]:  62%|██████▏   | 2488/4032 [04:08<02:39,  9.66it/s, Loss=0.012350, Pos=0.012168, Vel=0.00009104]Epoch 1/200 [TRAIN]:  62%|██████▏   | 2488/4032 [04:09<02:39,  9.66it/s, Loss=0.012350, Pos=0.012168, Vel=0.00009102]Epoch 1/200 [TRAIN]:  62%|██████▏   | 2490/4032 [04:09<02:39,  9.64it/s, Loss=0.012350, Pos=0.012168, Vel=0.00009102]Epoch 1/200 [TRAIN]:  62%|██████▏   | 2490/4032 [04:09<02:39,  9.64it/s, Loss=0.012346, Pos=0.012164, Vel=0.00009099]Epoch 1/200 [TRAIN]:  62%|██████▏   | 2491/4032 [04:09<02:44,  9.40it/s, Loss=0.012346, Pos=0.012164, Vel=0.00009099]Epoch 1/200 [TRAIN]:  62%|██████▏   | 2491/4032 [04:09<02:44,  9.40it/s, Loss=0.012343, Pos=0.012161, Vel=0.00009098]Epoch 1/200 [TRAIN]:  62%|██████▏   | 2492/4032 [04:09<02:42,  9.45it/s, Loss=0.012343, Pos=0.012161, Vel=0.00009098]Epoch 1/200 [TRAIN]:  62%|██████▏   | 2492/4032 [04:09<02:42,  9.45it/s, Loss=0.012347, Pos=0.012165, Vel=0.00009096]Epoch 1/200 [TRAIN]:  62%|██████▏   | 2493/4032 [04:09<02:48,  9.14it/s, Loss=0.012347, Pos=0.012165, Vel=0.00009096]Epoch 1/200 [TRAIN]:  62%|██████▏   | 2493/4032 [04:09<02:48,  9.14it/s, Loss=0.012347, Pos=0.012165, Vel=0.00009097]Epoch 1/200 [TRAIN]:  62%|██████▏   | 2493/4032 [04:09<02:48,  9.14it/s, Loss=0.012344, Pos=0.012162, Vel=0.00009099]Epoch 1/200 [TRAIN]:  62%|██████▏   | 2495/4032 [04:09<02:48,  9.13it/s, Loss=0.012344, Pos=0.012162, Vel=0.00009099]Epoch 1/200 [TRAIN]:  62%|██████▏   | 2495/4032 [04:09<02:48,  9.13it/s, Loss=0.012349, Pos=0.012167, Vel=0.00009097]Epoch 1/200 [TRAIN]:  62%|██████▏   | 2496/4032 [04:09<02:45,  9.28it/s, Loss=0.012349, Pos=0.012167, Vel=0.00009097]Epoch 1/200 [TRAIN]:  62%|██████▏   | 2496/4032 [04:09<02:45,  9.28it/s, Loss=0.012346, Pos=0.012164, Vel=0.00009096]Epoch 1/200 [TRAIN]:  62%|██████▏   | 2497/4032 [04:09<02:50,  9.03it/s, Loss=0.012346, Pos=0.012164, Vel=0.00009096]Epoch 1/200 [TRAIN]:  62%|██████▏   | 2497/4032 [04:09<02:50,  9.03it/s, Loss=0.012345, Pos=0.012163, Vel=0.00009094]Epoch 1/200 [TRAIN]:  62%|██████▏   | 2498/4032 [04:09<02:46,  9.21it/s, Loss=0.012345, Pos=0.012163, Vel=0.00009094]Epoch 1/200 [TRAIN]:  62%|██████▏   | 2498/4032 [04:10<02:46,  9.21it/s, Loss=0.012343, Pos=0.012161, Vel=0.00009094]Epoch 1/200 [TRAIN]:  62%|██████▏   | 2498/4032 [04:10<02:46,  9.21it/s, Loss=0.012356, Pos=0.012174, Vel=0.00009099]Epoch 1/200 [TRAIN]:  62%|██████▏   | 2500/4032 [04:10<02:31, 10.10it/s, Loss=0.012356, Pos=0.012174, Vel=0.00009099]Epoch 1/200 [TRAIN]:  62%|██████▏   | 2500/4032 [04:10<02:31, 10.10it/s, Loss=0.012355, Pos=0.012173, Vel=0.00009097]Epoch 1/200 [TRAIN]:  62%|██████▏   | 2501/4032 [04:10<02:35,  9.84it/s, Loss=0.012355, Pos=0.012173, Vel=0.00009097]Epoch 1/200 [TRAIN]:  62%|██████▏   | 2501/4032 [04:10<02:35,  9.84it/s, Loss=0.012353, Pos=0.012171, Vel=0.00009095]Epoch 1/200 [TRAIN]:  62%|██████▏   | 2501/4032 [04:10<02:35,  9.84it/s, Loss=0.012352, Pos=0.012170, Vel=0.00009094]Epoch 1/200 [TRAIN]:  62%|██████▏   | 2503/4032 [04:10<02:39,  9.57it/s, Loss=0.012352, Pos=0.012170, Vel=0.00009094]Epoch 1/200 [TRAIN]:  62%|██████▏   | 2503/4032 [04:10<02:39,  9.57it/s, Loss=0.012360, Pos=0.012178, Vel=0.00009092]Epoch 1/200 [TRAIN]:  62%|██████▏   | 2504/4032 [04:10<02:39,  9.58it/s, Loss=0.012360, Pos=0.012178, Vel=0.00009092]Epoch 1/200 [TRAIN]:  62%|██████▏   | 2504/4032 [04:10<02:39,  9.58it/s, Loss=0.012356, Pos=0.012175, Vel=0.00009090]Epoch 1/200 [TRAIN]:  62%|██████▏   | 2505/4032 [04:10<02:46,  9.17it/s, Loss=0.012356, Pos=0.012175, Vel=0.00009090]Epoch 1/200 [TRAIN]:  62%|██████▏   | 2505/4032 [04:10<02:46,  9.17it/s, Loss=0.012353, Pos=0.012172, Vel=0.00009087]Epoch 1/200 [TRAIN]:  62%|██████▏   | 2506/4032 [04:10<02:43,  9.34it/s, Loss=0.012353, Pos=0.012172, Vel=0.00009087]Epoch 1/200 [TRAIN]:  62%|██████▏   | 2506/4032 [04:10<02:43,  9.34it/s, Loss=0.012349, Pos=0.012168, Vel=0.00009087]Epoch 1/200 [TRAIN]:  62%|██████▏   | 2507/4032 [04:10<02:44,  9.28it/s, Loss=0.012349, Pos=0.012168, Vel=0.00009087]Epoch 1/200 [TRAIN]:  62%|██████▏   | 2507/4032 [04:10<02:44,  9.28it/s, Loss=0.012352, Pos=0.012170, Vel=0.00009087]Epoch 1/200 [TRAIN]:  62%|██████▏   | 2508/4032 [04:10<02:47,  9.11it/s, Loss=0.012352, Pos=0.012170, Vel=0.00009087]Epoch 1/200 [TRAIN]:  62%|██████▏   | 2508/4032 [04:11<02:47,  9.11it/s, Loss=0.012349, Pos=0.012167, Vel=0.00009087]Epoch 1/200 [TRAIN]:  62%|██████▏   | 2509/4032 [04:11<02:47,  9.08it/s, Loss=0.012349, Pos=0.012167, Vel=0.00009087]Epoch 1/200 [TRAIN]:  62%|██████▏   | 2509/4032 [04:11<02:47,  9.08it/s, Loss=0.012347, Pos=0.012165, Vel=0.00009085]Epoch 1/200 [TRAIN]:  62%|██████▏   | 2510/4032 [04:11<02:44,  9.23it/s, Loss=0.012347, Pos=0.012165, Vel=0.00009085]Epoch 1/200 [TRAIN]:  62%|██████▏   | 2510/4032 [04:11<02:44,  9.23it/s, Loss=0.012344, Pos=0.012162, Vel=0.00009083]Epoch 1/200 [TRAIN]:  62%|██████▏   | 2511/4032 [04:11<02:42,  9.34it/s, Loss=0.012344, Pos=0.012162, Vel=0.00009083]Epoch 1/200 [TRAIN]:  62%|██████▏   | 2511/4032 [04:11<02:42,  9.34it/s, Loss=0.012364, Pos=0.012182, Vel=0.00009084]Epoch 1/200 [TRAIN]:  62%|██████▏   | 2512/4032 [04:11<02:41,  9.43it/s, Loss=0.012364, Pos=0.012182, Vel=0.00009084]Epoch 1/200 [TRAIN]:  62%|██████▏   | 2512/4032 [04:11<02:41,  9.43it/s, Loss=0.012398, Pos=0.012216, Vel=0.00009084]Epoch 1/200 [TRAIN]:  62%|██████▏   | 2513/4032 [04:11<02:38,  9.57it/s, Loss=0.012398, Pos=0.012216, Vel=0.00009084]Epoch 1/200 [TRAIN]:  62%|██████▏   | 2513/4032 [04:11<02:38,  9.57it/s, Loss=0.012395, Pos=0.012213, Vel=0.00009082]Epoch 1/200 [TRAIN]:  62%|██████▏   | 2514/4032 [04:11<02:38,  9.60it/s, Loss=0.012395, Pos=0.012213, Vel=0.00009082]Epoch 1/200 [TRAIN]:  62%|██████▏   | 2514/4032 [04:11<02:38,  9.60it/s, Loss=0.012405, Pos=0.012223, Vel=0.00009082]Epoch 1/200 [TRAIN]:  62%|██████▏   | 2515/4032 [04:11<02:36,  9.67it/s, Loss=0.012405, Pos=0.012223, Vel=0.00009082]Epoch 1/200 [TRAIN]:  62%|██████▏   | 2515/4032 [04:11<02:36,  9.67it/s, Loss=0.012402, Pos=0.012220, Vel=0.00009081]Epoch 1/200 [TRAIN]:  62%|██████▏   | 2515/4032 [04:11<02:36,  9.67it/s, Loss=0.012400, Pos=0.012218, Vel=0.00009079]Epoch 1/200 [TRAIN]:  62%|██████▏   | 2517/4032 [04:11<02:32,  9.91it/s, Loss=0.012400, Pos=0.012218, Vel=0.00009079]Epoch 1/200 [TRAIN]:  62%|██████▏   | 2517/4032 [04:12<02:32,  9.91it/s, Loss=0.012406, Pos=0.012225, Vel=0.00009076]Epoch 1/200 [TRAIN]:  62%|██████▏   | 2517/4032 [04:12<02:32,  9.91it/s, Loss=0.012423, Pos=0.012241, Vel=0.00009075]Epoch 1/200 [TRAIN]:  62%|██████▏   | 2519/4032 [04:12<02:29, 10.13it/s, Loss=0.012423, Pos=0.012241, Vel=0.00009075]Epoch 1/200 [TRAIN]:  62%|██████▏   | 2519/4032 [04:12<02:29, 10.13it/s, Loss=0.012423, Pos=0.012242, Vel=0.00009075]Epoch 1/200 [TRAIN]:  62%|██████▏   | 2519/4032 [04:12<02:29, 10.13it/s, Loss=0.012423, Pos=0.012241, Vel=0.00009073]Epoch 1/200 [TRAIN]:  63%|██████▎   | 2521/4032 [04:12<02:26, 10.31it/s, Loss=0.012423, Pos=0.012241, Vel=0.00009073]Epoch 1/200 [TRAIN]:  63%|██████▎   | 2521/4032 [04:12<02:26, 10.31it/s, Loss=0.012419, Pos=0.012237, Vel=0.00009071]Epoch 1/200 [TRAIN]:  63%|██████▎   | 2521/4032 [04:12<02:26, 10.31it/s, Loss=0.012424, Pos=0.012242, Vel=0.00009071]Epoch 1/200 [TRAIN]:  63%|██████▎   | 2523/4032 [04:12<02:12, 11.36it/s, Loss=0.012424, Pos=0.012242, Vel=0.00009071]Epoch 1/200 [TRAIN]:  63%|██████▎   | 2523/4032 [04:12<02:12, 11.36it/s, Loss=0.012423, Pos=0.012242, Vel=0.00009071]Epoch 1/200 [TRAIN]:  63%|██████▎   | 2523/4032 [04:12<02:12, 11.36it/s, Loss=0.012420, Pos=0.012239, Vel=0.00009068]Epoch 1/200 [TRAIN]:  63%|██████▎   | 2525/4032 [04:12<02:18, 10.87it/s, Loss=0.012420, Pos=0.012239, Vel=0.00009068]Epoch 1/200 [TRAIN]:  63%|██████▎   | 2525/4032 [04:12<02:18, 10.87it/s, Loss=0.012422, Pos=0.012241, Vel=0.00009066]Epoch 1/200 [TRAIN]:  63%|██████▎   | 2525/4032 [04:12<02:18, 10.87it/s, Loss=0.012418, Pos=0.012237, Vel=0.00009064]Epoch 1/200 [TRAIN]:  63%|██████▎   | 2527/4032 [04:12<02:23, 10.50it/s, Loss=0.012418, Pos=0.012237, Vel=0.00009064]Epoch 1/200 [TRAIN]:  63%|██████▎   | 2527/4032 [04:12<02:23, 10.50it/s, Loss=0.012416, Pos=0.012235, Vel=0.00009062]Epoch 1/200 [TRAIN]:  63%|██████▎   | 2527/4032 [04:13<02:23, 10.50it/s, Loss=0.012413, Pos=0.012231, Vel=0.00009060]Epoch 1/200 [TRAIN]:  63%|██████▎   | 2529/4032 [04:13<02:26, 10.27it/s, Loss=0.012413, Pos=0.012231, Vel=0.00009060]Epoch 1/200 [TRAIN]:  63%|██████▎   | 2529/4032 [04:13<02:26, 10.27it/s, Loss=0.012414, Pos=0.012233, Vel=0.00009062]Epoch 1/200 [TRAIN]:  63%|██████▎   | 2529/4032 [04:13<02:26, 10.27it/s, Loss=0.012411, Pos=0.012230, Vel=0.00009060]Epoch 1/200 [TRAIN]:  63%|██████▎   | 2531/4032 [04:13<02:15, 11.05it/s, Loss=0.012411, Pos=0.012230, Vel=0.00009060]Epoch 1/200 [TRAIN]:  63%|██████▎   | 2531/4032 [04:13<02:15, 11.05it/s, Loss=0.012409, Pos=0.012228, Vel=0.00009058]Epoch 1/200 [TRAIN]:  63%|██████▎   | 2531/4032 [04:13<02:15, 11.05it/s, Loss=0.012412, Pos=0.012231, Vel=0.00009060]Epoch 1/200 [TRAIN]:  63%|██████▎   | 2533/4032 [04:13<02:16, 10.96it/s, Loss=0.012412, Pos=0.012231, Vel=0.00009060]Epoch 1/200 [TRAIN]:  63%|██████▎   | 2533/4032 [04:13<02:16, 10.96it/s, Loss=0.012411, Pos=0.012230, Vel=0.00009059]Epoch 1/200 [TRAIN]:  63%|██████▎   | 2533/4032 [04:13<02:16, 10.96it/s, Loss=0.012409, Pos=0.012228, Vel=0.00009057]Epoch 1/200 [TRAIN]:  63%|██████▎   | 2535/4032 [04:13<02:11, 11.35it/s, Loss=0.012409, Pos=0.012228, Vel=0.00009057]Epoch 1/200 [TRAIN]:  63%|██████▎   | 2535/4032 [04:13<02:11, 11.35it/s, Loss=0.012405, Pos=0.012224, Vel=0.00009055]Epoch 1/200 [TRAIN]:  63%|██████▎   | 2535/4032 [04:13<02:11, 11.35it/s, Loss=0.012402, Pos=0.012221, Vel=0.00009052]Epoch 1/200 [TRAIN]:  63%|██████▎   | 2537/4032 [04:13<02:14, 11.12it/s, Loss=0.012402, Pos=0.012221, Vel=0.00009052]Epoch 1/200 [TRAIN]:  63%|██████▎   | 2537/4032 [04:13<02:14, 11.12it/s, Loss=0.012398, Pos=0.012217, Vel=0.00009051]Epoch 1/200 [TRAIN]:  63%|██████▎   | 2537/4032 [04:13<02:14, 11.12it/s, Loss=0.012397, Pos=0.012216, Vel=0.00009049]Epoch 1/200 [TRAIN]:  63%|██████▎   | 2539/4032 [04:13<02:18, 10.78it/s, Loss=0.012397, Pos=0.012216, Vel=0.00009049]Epoch 1/200 [TRAIN]:  63%|██████▎   | 2539/4032 [04:13<02:18, 10.78it/s, Loss=0.012393, Pos=0.012212, Vel=0.00009048]Epoch 1/200 [TRAIN]:  63%|██████▎   | 2539/4032 [04:14<02:18, 10.78it/s, Loss=0.012394, Pos=0.012213, Vel=0.00009046]Epoch 1/200 [TRAIN]:  63%|██████▎   | 2541/4032 [04:14<02:02, 12.14it/s, Loss=0.012394, Pos=0.012213, Vel=0.00009046]Epoch 1/200 [TRAIN]:  63%|██████▎   | 2541/4032 [04:14<02:02, 12.14it/s, Loss=0.012396, Pos=0.012215, Vel=0.00009046]Epoch 1/200 [TRAIN]:  63%|██████▎   | 2541/4032 [04:14<02:02, 12.14it/s, Loss=0.012398, Pos=0.012217, Vel=0.00009043]Epoch 1/200 [TRAIN]:  63%|██████▎   | 2543/4032 [04:14<02:09, 11.47it/s, Loss=0.012398, Pos=0.012217, Vel=0.00009043]Epoch 1/200 [TRAIN]:  63%|██████▎   | 2543/4032 [04:14<02:09, 11.47it/s, Loss=0.012398, Pos=0.012217, Vel=0.00009041]Epoch 1/200 [TRAIN]:  63%|██████▎   | 2543/4032 [04:14<02:09, 11.47it/s, Loss=0.012394, Pos=0.012213, Vel=0.00009038]Epoch 1/200 [TRAIN]:  63%|██████▎   | 2545/4032 [04:14<02:05, 11.84it/s, Loss=0.012394, Pos=0.012213, Vel=0.00009038]Epoch 1/200 [TRAIN]:  63%|██████▎   | 2545/4032 [04:14<02:05, 11.84it/s, Loss=0.012390, Pos=0.012209, Vel=0.00009037]Epoch 1/200 [TRAIN]:  63%|██████▎   | 2545/4032 [04:14<02:05, 11.84it/s, Loss=0.012388, Pos=0.012208, Vel=0.00009038]Epoch 1/200 [TRAIN]:  63%|██████▎   | 2547/4032 [04:14<01:57, 12.66it/s, Loss=0.012388, Pos=0.012208, Vel=0.00009038]Epoch 1/200 [TRAIN]:  63%|██████▎   | 2547/4032 [04:14<01:57, 12.66it/s, Loss=0.012391, Pos=0.012210, Vel=0.00009040]Epoch 1/200 [TRAIN]:  63%|██████▎   | 2547/4032 [04:14<01:57, 12.66it/s, Loss=0.012387, Pos=0.012206, Vel=0.00009038]Epoch 1/200 [TRAIN]:  63%|██████▎   | 2549/4032 [04:14<02:06, 11.72it/s, Loss=0.012387, Pos=0.012206, Vel=0.00009038]Epoch 1/200 [TRAIN]:  63%|██████▎   | 2549/4032 [04:14<02:06, 11.72it/s, Loss=0.012384, Pos=0.012203, Vel=0.00009036]Epoch 1/200 [TRAIN]:  63%|██████▎   | 2549/4032 [04:14<02:06, 11.72it/s, Loss=0.012383, Pos=0.012202, Vel=0.00009035]Epoch 1/200 [TRAIN]:  63%|██████▎   | 2551/4032 [04:14<02:14, 11.05it/s, Loss=0.012383, Pos=0.012202, Vel=0.00009035]Epoch 1/200 [TRAIN]:  63%|██████▎   | 2551/4032 [04:15<02:14, 11.05it/s, Loss=0.012382, Pos=0.012201, Vel=0.00009033]Epoch 1/200 [TRAIN]:  63%|██████▎   | 2551/4032 [04:15<02:14, 11.05it/s, Loss=0.012378, Pos=0.012197, Vel=0.00009033]Epoch 1/200 [TRAIN]:  63%|██████▎   | 2553/4032 [04:15<02:17, 10.74it/s, Loss=0.012378, Pos=0.012197, Vel=0.00009033]Epoch 1/200 [TRAIN]:  63%|██████▎   | 2553/4032 [04:15<02:17, 10.74it/s, Loss=0.012377, Pos=0.012196, Vel=0.00009031]Epoch 1/200 [TRAIN]:  63%|██████▎   | 2553/4032 [04:15<02:17, 10.74it/s, Loss=0.012374, Pos=0.012193, Vel=0.00009029]Epoch 1/200 [TRAIN]:  63%|██████▎   | 2555/4032 [04:15<02:17, 10.71it/s, Loss=0.012374, Pos=0.012193, Vel=0.00009029]Epoch 1/200 [TRAIN]:  63%|██████▎   | 2555/4032 [04:15<02:17, 10.71it/s, Loss=0.012378, Pos=0.012198, Vel=0.00009029]Epoch 1/200 [TRAIN]:  63%|██████▎   | 2555/4032 [04:15<02:17, 10.71it/s, Loss=0.012376, Pos=0.012196, Vel=0.00009028]Epoch 1/200 [TRAIN]:  63%|██████▎   | 2557/4032 [04:15<02:14, 10.99it/s, Loss=0.012376, Pos=0.012196, Vel=0.00009028]Epoch 1/200 [TRAIN]:  63%|██████▎   | 2557/4032 [04:15<02:14, 10.99it/s, Loss=0.012372, Pos=0.012192, Vel=0.00009028]Epoch 1/200 [TRAIN]:  63%|██████▎   | 2557/4032 [04:15<02:14, 10.99it/s, Loss=0.012376, Pos=0.012195, Vel=0.00009031]Epoch 1/200 [TRAIN]:  63%|██████▎   | 2557/4032 [04:15<02:14, 10.99it/s, Loss=0.012373, Pos=0.012192, Vel=0.00009028]Epoch 1/200 [TRAIN]:  63%|██████▎   | 2560/4032 [04:15<01:49, 13.38it/s, Loss=0.012373, Pos=0.012192, Vel=0.00009028]Epoch 1/200 [TRAIN]:  63%|██████▎   | 2560/4032 [04:15<01:49, 13.38it/s, Loss=0.012372, Pos=0.012191, Vel=0.00009026]Epoch 1/200 [TRAIN]:  63%|██████▎   | 2560/4032 [04:15<01:49, 13.38it/s, Loss=0.012370, Pos=0.012189, Vel=0.00009025]Epoch 1/200 [TRAIN]:  64%|██████▎   | 2562/4032 [04:15<01:59, 12.32it/s, Loss=0.012370, Pos=0.012189, Vel=0.00009025]Epoch 1/200 [TRAIN]:  64%|██████▎   | 2562/4032 [04:15<01:59, 12.32it/s, Loss=0.012371, Pos=0.012191, Vel=0.00009024]Epoch 1/200 [TRAIN]:  64%|██████▎   | 2562/4032 [04:16<01:59, 12.32it/s, Loss=0.012368, Pos=0.012187, Vel=0.00009022]Epoch 1/200 [TRAIN]:  64%|██████▎   | 2564/4032 [04:16<02:02, 11.99it/s, Loss=0.012368, Pos=0.012187, Vel=0.00009022]Epoch 1/200 [TRAIN]:  64%|██████▎   | 2564/4032 [04:16<02:02, 11.99it/s, Loss=0.012372, Pos=0.012191, Vel=0.00009022]Epoch 1/200 [TRAIN]:  64%|██████▎   | 2564/4032 [04:16<02:02, 11.99it/s, Loss=0.012369, Pos=0.012188, Vel=0.00009020]Epoch 1/200 [TRAIN]:  64%|██████▎   | 2566/4032 [04:16<02:10, 11.21it/s, Loss=0.012369, Pos=0.012188, Vel=0.00009020]Epoch 1/200 [TRAIN]:  64%|██████▎   | 2566/4032 [04:16<02:10, 11.21it/s, Loss=0.012365, Pos=0.012185, Vel=0.00009022]Epoch 1/200 [TRAIN]:  64%|██████▎   | 2566/4032 [04:16<02:10, 11.21it/s, Loss=0.012364, Pos=0.012183, Vel=0.00009019]Epoch 1/200 [TRAIN]:  64%|██████▎   | 2566/4032 [04:16<02:10, 11.21it/s, Loss=0.012366, Pos=0.012186, Vel=0.00009017]Epoch 1/200 [TRAIN]:  64%|██████▎   | 2569/4032 [04:16<01:51, 13.13it/s, Loss=0.012366, Pos=0.012186, Vel=0.00009017]Epoch 1/200 [TRAIN]:  64%|██████▎   | 2569/4032 [04:16<01:51, 13.13it/s, Loss=0.012365, Pos=0.012184, Vel=0.00009017]Epoch 1/200 [TRAIN]:  64%|██████▎   | 2569/4032 [04:16<01:51, 13.13it/s, Loss=0.012366, Pos=0.012186, Vel=0.00009018]Epoch 1/200 [TRAIN]:  64%|██████▍   | 2571/4032 [04:16<02:00, 12.14it/s, Loss=0.012366, Pos=0.012186, Vel=0.00009018]Epoch 1/200 [TRAIN]:  64%|██████▍   | 2571/4032 [04:16<02:00, 12.14it/s, Loss=0.012365, Pos=0.012184, Vel=0.00009016]Epoch 1/200 [TRAIN]:  64%|██████▍   | 2571/4032 [04:16<02:00, 12.14it/s, Loss=0.012365, Pos=0.012185, Vel=0.00009015]Epoch 1/200 [TRAIN]:  64%|██████▍   | 2573/4032 [04:16<02:06, 11.57it/s, Loss=0.012365, Pos=0.012185, Vel=0.00009015]Epoch 1/200 [TRAIN]:  64%|██████▍   | 2573/4032 [04:16<02:06, 11.57it/s, Loss=0.012379, Pos=0.012199, Vel=0.00009017]Epoch 1/200 [TRAIN]:  64%|██████▍   | 2573/4032 [04:16<02:06, 11.57it/s, Loss=0.012382, Pos=0.012202, Vel=0.00009019]Epoch 1/200 [TRAIN]:  64%|██████▍   | 2575/4032 [04:16<02:11, 11.09it/s, Loss=0.012382, Pos=0.012202, Vel=0.00009019]Epoch 1/200 [TRAIN]:  64%|██████▍   | 2575/4032 [04:17<02:11, 11.09it/s, Loss=0.012388, Pos=0.012208, Vel=0.00009021]Epoch 1/200 [TRAIN]:  64%|██████▍   | 2575/4032 [04:17<02:11, 11.09it/s, Loss=0.012395, Pos=0.012214, Vel=0.00009027]Epoch 1/200 [TRAIN]:  64%|██████▍   | 2577/4032 [04:17<02:15, 10.72it/s, Loss=0.012395, Pos=0.012214, Vel=0.00009027]Epoch 1/200 [TRAIN]:  64%|██████▍   | 2577/4032 [04:17<02:15, 10.72it/s, Loss=0.012397, Pos=0.012217, Vel=0.00009026]Epoch 1/200 [TRAIN]:  64%|██████▍   | 2577/4032 [04:17<02:15, 10.72it/s, Loss=0.012394, Pos=0.012214, Vel=0.00009024]Epoch 1/200 [TRAIN]:  64%|██████▍   | 2579/4032 [04:17<02:19, 10.44it/s, Loss=0.012394, Pos=0.012214, Vel=0.00009024]Epoch 1/200 [TRAIN]:  64%|██████▍   | 2579/4032 [04:17<02:19, 10.44it/s, Loss=0.012394, Pos=0.012214, Vel=0.00009025]Epoch 1/200 [TRAIN]:  64%|██████▍   | 2579/4032 [04:17<02:19, 10.44it/s, Loss=0.012392, Pos=0.012211, Vel=0.00009023]Epoch 1/200 [TRAIN]:  64%|██████▍   | 2581/4032 [04:17<02:14, 10.76it/s, Loss=0.012392, Pos=0.012211, Vel=0.00009023]Epoch 1/200 [TRAIN]:  64%|██████▍   | 2581/4032 [04:17<02:14, 10.76it/s, Loss=0.012389, Pos=0.012208, Vel=0.00009021]Epoch 1/200 [TRAIN]:  64%|██████▍   | 2581/4032 [04:17<02:14, 10.76it/s, Loss=0.012389, Pos=0.012208, Vel=0.00009019]Epoch 1/200 [TRAIN]:  64%|██████▍   | 2583/4032 [04:17<02:18, 10.50it/s, Loss=0.012389, Pos=0.012208, Vel=0.00009019]Epoch 1/200 [TRAIN]:  64%|██████▍   | 2583/4032 [04:17<02:18, 10.50it/s, Loss=0.012396, Pos=0.012215, Vel=0.00009019]Epoch 1/200 [TRAIN]:  64%|██████▍   | 2583/4032 [04:17<02:18, 10.50it/s, Loss=0.012393, Pos=0.012213, Vel=0.00009018]Epoch 1/200 [TRAIN]:  64%|██████▍   | 2585/4032 [04:17<02:18, 10.43it/s, Loss=0.012393, Pos=0.012213, Vel=0.00009018]Epoch 1/200 [TRAIN]:  64%|██████▍   | 2585/4032 [04:18<02:18, 10.43it/s, Loss=0.012391, Pos=0.012210, Vel=0.00009015]Epoch 1/200 [TRAIN]:  64%|██████▍   | 2585/4032 [04:18<02:18, 10.43it/s, Loss=0.012392, Pos=0.012212, Vel=0.00009013]Epoch 1/200 [TRAIN]:  64%|██████▍   | 2587/4032 [04:18<02:18, 10.42it/s, Loss=0.012392, Pos=0.012212, Vel=0.00009013]Epoch 1/200 [TRAIN]:  64%|██████▍   | 2587/4032 [04:18<02:18, 10.42it/s, Loss=0.012393, Pos=0.012213, Vel=0.00009010]Epoch 1/200 [TRAIN]:  64%|██████▍   | 2587/4032 [04:18<02:18, 10.42it/s, Loss=0.012390, Pos=0.012210, Vel=0.00009009]Epoch 1/200 [TRAIN]:  64%|██████▍   | 2589/4032 [04:18<02:20, 10.24it/s, Loss=0.012390, Pos=0.012210, Vel=0.00009009]Epoch 1/200 [TRAIN]:  64%|██████▍   | 2589/4032 [04:18<02:20, 10.24it/s, Loss=0.012389, Pos=0.012209, Vel=0.00009007]Epoch 1/200 [TRAIN]:  64%|██████▍   | 2589/4032 [04:18<02:20, 10.24it/s, Loss=0.012386, Pos=0.012206, Vel=0.00009004]Epoch 1/200 [TRAIN]:  64%|██████▍   | 2591/4032 [04:18<02:19, 10.33it/s, Loss=0.012386, Pos=0.012206, Vel=0.00009004]Epoch 1/200 [TRAIN]:  64%|██████▍   | 2591/4032 [04:18<02:19, 10.33it/s, Loss=0.012383, Pos=0.012203, Vel=0.00009002]Epoch 1/200 [TRAIN]:  64%|██████▍   | 2591/4032 [04:18<02:19, 10.33it/s, Loss=0.012381, Pos=0.012201, Vel=0.00009001]Epoch 1/200 [TRAIN]:  64%|██████▍   | 2593/4032 [04:18<02:15, 10.64it/s, Loss=0.012381, Pos=0.012201, Vel=0.00009001]Epoch 1/200 [TRAIN]:  64%|██████▍   | 2593/4032 [04:18<02:15, 10.64it/s, Loss=0.012377, Pos=0.012197, Vel=0.00008999]Epoch 1/200 [TRAIN]:  64%|██████▍   | 2593/4032 [04:18<02:15, 10.64it/s, Loss=0.012380, Pos=0.012200, Vel=0.00008998]Epoch 1/200 [TRAIN]:  64%|██████▍   | 2595/4032 [04:18<02:18, 10.35it/s, Loss=0.012380, Pos=0.012200, Vel=0.00008998]Epoch 1/200 [TRAIN]:  64%|██████▍   | 2595/4032 [04:19<02:18, 10.35it/s, Loss=0.012380, Pos=0.012200, Vel=0.00008996]Epoch 1/200 [TRAIN]:  64%|██████▍   | 2595/4032 [04:19<02:18, 10.35it/s, Loss=0.012378, Pos=0.012198, Vel=0.00008994]Epoch 1/200 [TRAIN]:  64%|██████▍   | 2597/4032 [04:19<02:14, 10.63it/s, Loss=0.012378, Pos=0.012198, Vel=0.00008994]Epoch 1/200 [TRAIN]:  64%|██████▍   | 2597/4032 [04:19<02:14, 10.63it/s, Loss=0.012378, Pos=0.012198, Vel=0.00008993]Epoch 1/200 [TRAIN]:  64%|██████▍   | 2597/4032 [04:19<02:14, 10.63it/s, Loss=0.012382, Pos=0.012202, Vel=0.00008992]Epoch 1/200 [TRAIN]:  64%|██████▍   | 2599/4032 [04:19<02:17, 10.43it/s, Loss=0.012382, Pos=0.012202, Vel=0.00008992]Epoch 1/200 [TRAIN]:  64%|██████▍   | 2599/4032 [04:19<02:17, 10.43it/s, Loss=0.012378, Pos=0.012199, Vel=0.00008990]Epoch 1/200 [TRAIN]:  64%|██████▍   | 2599/4032 [04:19<02:17, 10.43it/s, Loss=0.012381, Pos=0.012201, Vel=0.00008993]Epoch 1/200 [TRAIN]:  65%|██████▍   | 2601/4032 [04:19<02:19, 10.23it/s, Loss=0.012381, Pos=0.012201, Vel=0.00008993]Epoch 1/200 [TRAIN]:  65%|██████▍   | 2601/4032 [04:19<02:19, 10.23it/s, Loss=0.012377, Pos=0.012197, Vel=0.00008990]Epoch 1/200 [TRAIN]:  65%|██████▍   | 2601/4032 [04:19<02:19, 10.23it/s, Loss=0.012374, Pos=0.012195, Vel=0.00008990]Epoch 1/200 [TRAIN]:  65%|██████▍   | 2603/4032 [04:19<02:16, 10.48it/s, Loss=0.012374, Pos=0.012195, Vel=0.00008990]Epoch 1/200 [TRAIN]:  65%|██████▍   | 2603/4032 [04:19<02:16, 10.48it/s, Loss=0.012371, Pos=0.012191, Vel=0.00008988]Epoch 1/200 [TRAIN]:  65%|██████▍   | 2603/4032 [04:19<02:16, 10.48it/s, Loss=0.012368, Pos=0.012188, Vel=0.00008986]Epoch 1/200 [TRAIN]:  65%|██████▍   | 2605/4032 [04:19<02:06, 11.31it/s, Loss=0.012368, Pos=0.012188, Vel=0.00008986]Epoch 1/200 [TRAIN]:  65%|██████▍   | 2605/4032 [04:19<02:06, 11.31it/s, Loss=0.012365, Pos=0.012185, Vel=0.00008983]Epoch 1/200 [TRAIN]:  65%|██████▍   | 2605/4032 [04:20<02:06, 11.31it/s, Loss=0.012364, Pos=0.012184, Vel=0.00008983]Epoch 1/200 [TRAIN]:  65%|██████▍   | 2607/4032 [04:20<02:08, 11.09it/s, Loss=0.012364, Pos=0.012184, Vel=0.00008983]Epoch 1/200 [TRAIN]:  65%|██████▍   | 2607/4032 [04:20<02:08, 11.09it/s, Loss=0.012361, Pos=0.012181, Vel=0.00008981]Epoch 1/200 [TRAIN]:  65%|██████▍   | 2607/4032 [04:20<02:08, 11.09it/s, Loss=0.012358, Pos=0.012178, Vel=0.00008979]Epoch 1/200 [TRAIN]:  65%|██████▍   | 2609/4032 [04:20<01:57, 12.08it/s, Loss=0.012358, Pos=0.012178, Vel=0.00008979]Epoch 1/200 [TRAIN]:  65%|██████▍   | 2609/4032 [04:20<01:57, 12.08it/s, Loss=0.012354, Pos=0.012175, Vel=0.00008977]Epoch 1/200 [TRAIN]:  65%|██████▍   | 2609/4032 [04:20<01:57, 12.08it/s, Loss=0.012352, Pos=0.012172, Vel=0.00008976]Epoch 1/200 [TRAIN]:  65%|██████▍   | 2611/4032 [04:20<02:05, 11.33it/s, Loss=0.012352, Pos=0.012172, Vel=0.00008976]Epoch 1/200 [TRAIN]:  65%|██████▍   | 2611/4032 [04:20<02:05, 11.33it/s, Loss=0.012357, Pos=0.012178, Vel=0.00008974]Epoch 1/200 [TRAIN]:  65%|██████▍   | 2611/4032 [04:20<02:05, 11.33it/s, Loss=0.012353, Pos=0.012174, Vel=0.00008972]Epoch 1/200 [TRAIN]:  65%|██████▍   | 2613/4032 [04:20<01:55, 12.27it/s, Loss=0.012353, Pos=0.012174, Vel=0.00008972]Epoch 1/200 [TRAIN]:  65%|██████▍   | 2613/4032 [04:20<01:55, 12.27it/s, Loss=0.012361, Pos=0.012182, Vel=0.00008974]Epoch 1/200 [TRAIN]:  65%|██████▍   | 2613/4032 [04:20<01:55, 12.27it/s, Loss=0.012360, Pos=0.012181, Vel=0.00008972]Epoch 1/200 [TRAIN]:  65%|██████▍   | 2615/4032 [04:20<02:02, 11.55it/s, Loss=0.012360, Pos=0.012181, Vel=0.00008972]Epoch 1/200 [TRAIN]:  65%|██████▍   | 2615/4032 [04:20<02:02, 11.55it/s, Loss=0.012357, Pos=0.012177, Vel=0.00008971]Epoch 1/200 [TRAIN]:  65%|██████▍   | 2615/4032 [04:20<02:02, 11.55it/s, Loss=0.012357, Pos=0.012178, Vel=0.00008971]Epoch 1/200 [TRAIN]:  65%|██████▍   | 2617/4032 [04:20<02:08, 10.98it/s, Loss=0.012357, Pos=0.012178, Vel=0.00008971]Epoch 1/200 [TRAIN]:  65%|██████▍   | 2617/4032 [04:20<02:08, 10.98it/s, Loss=0.012358, Pos=0.012179, Vel=0.00008969]Epoch 1/200 [TRAIN]:  65%|██████▍   | 2617/4032 [04:21<02:08, 10.98it/s, Loss=0.012364, Pos=0.012185, Vel=0.00008967]Epoch 1/200 [TRAIN]:  65%|██████▍   | 2619/4032 [04:21<02:05, 11.24it/s, Loss=0.012364, Pos=0.012185, Vel=0.00008967]Epoch 1/200 [TRAIN]:  65%|██████▍   | 2619/4032 [04:21<02:05, 11.24it/s, Loss=0.012366, Pos=0.012187, Vel=0.00008965]Epoch 1/200 [TRAIN]:  65%|██████▍   | 2619/4032 [04:21<02:05, 11.24it/s, Loss=0.012362, Pos=0.012183, Vel=0.00008963]Epoch 1/200 [TRAIN]:  65%|██████▌   | 2621/4032 [04:21<02:00, 11.68it/s, Loss=0.012362, Pos=0.012183, Vel=0.00008963]Epoch 1/200 [TRAIN]:  65%|██████▌   | 2621/4032 [04:21<02:00, 11.68it/s, Loss=0.012364, Pos=0.012184, Vel=0.00008962]Epoch 1/200 [TRAIN]:  65%|██████▌   | 2621/4032 [04:21<02:00, 11.68it/s, Loss=0.012365, Pos=0.012186, Vel=0.00008960]Epoch 1/200 [TRAIN]:  65%|██████▌   | 2623/4032 [04:21<02:05, 11.23it/s, Loss=0.012365, Pos=0.012186, Vel=0.00008960]Epoch 1/200 [TRAIN]:  65%|██████▌   | 2623/4032 [04:21<02:05, 11.23it/s, Loss=0.012365, Pos=0.012186, Vel=0.00008958]Epoch 1/200 [TRAIN]:  65%|██████▌   | 2623/4032 [04:21<02:05, 11.23it/s, Loss=0.012363, Pos=0.012184, Vel=0.00008957]Epoch 1/200 [TRAIN]:  65%|██████▌   | 2625/4032 [04:21<02:08, 10.95it/s, Loss=0.012363, Pos=0.012184, Vel=0.00008957]Epoch 1/200 [TRAIN]:  65%|██████▌   | 2625/4032 [04:21<02:08, 10.95it/s, Loss=0.012366, Pos=0.012187, Vel=0.00008957]Epoch 1/200 [TRAIN]:  65%|██████▌   | 2625/4032 [04:21<02:08, 10.95it/s, Loss=0.012373, Pos=0.012194, Vel=0.00008964]Epoch 1/200 [TRAIN]:  65%|██████▌   | 2627/4032 [04:21<01:55, 12.19it/s, Loss=0.012373, Pos=0.012194, Vel=0.00008964]Epoch 1/200 [TRAIN]:  65%|██████▌   | 2627/4032 [04:21<01:55, 12.19it/s, Loss=0.012375, Pos=0.012196, Vel=0.00008962]Epoch 1/200 [TRAIN]:  65%|██████▌   | 2627/4032 [04:21<01:55, 12.19it/s, Loss=0.012371, Pos=0.012192, Vel=0.00008960]Epoch 1/200 [TRAIN]:  65%|██████▌   | 2629/4032 [04:21<02:07, 11.04it/s, Loss=0.012371, Pos=0.012192, Vel=0.00008960]Epoch 1/200 [TRAIN]:  65%|██████▌   | 2629/4032 [04:22<02:07, 11.04it/s, Loss=0.012370, Pos=0.012191, Vel=0.00008958]Epoch 1/200 [TRAIN]:  65%|██████▌   | 2629/4032 [04:22<02:07, 11.04it/s, Loss=0.012372, Pos=0.012193, Vel=0.00008957]Epoch 1/200 [TRAIN]:  65%|██████▌   | 2631/4032 [04:22<02:15, 10.37it/s, Loss=0.012372, Pos=0.012193, Vel=0.00008957]Epoch 1/200 [TRAIN]:  65%|██████▌   | 2631/4032 [04:22<02:15, 10.37it/s, Loss=0.012370, Pos=0.012190, Vel=0.00008954]Epoch 1/200 [TRAIN]:  65%|██████▌   | 2631/4032 [04:22<02:15, 10.37it/s, Loss=0.012369, Pos=0.012190, Vel=0.00008953]Epoch 1/200 [TRAIN]:  65%|██████▌   | 2633/4032 [04:22<02:20,  9.92it/s, Loss=0.012369, Pos=0.012190, Vel=0.00008953]Epoch 1/200 [TRAIN]:  65%|██████▌   | 2633/4032 [04:22<02:20,  9.92it/s, Loss=0.012369, Pos=0.012190, Vel=0.00008952]Epoch 1/200 [TRAIN]:  65%|██████▌   | 2633/4032 [04:22<02:20,  9.92it/s, Loss=0.012373, Pos=0.012194, Vel=0.00008965]Epoch 1/200 [TRAIN]:  65%|██████▌   | 2635/4032 [04:22<02:21,  9.90it/s, Loss=0.012373, Pos=0.012194, Vel=0.00008965]Epoch 1/200 [TRAIN]:  65%|██████▌   | 2635/4032 [04:22<02:21,  9.90it/s, Loss=0.012370, Pos=0.012191, Vel=0.00008964]Epoch 1/200 [TRAIN]:  65%|██████▌   | 2635/4032 [04:22<02:21,  9.90it/s, Loss=0.012369, Pos=0.012190, Vel=0.00008962]Epoch 1/200 [TRAIN]:  65%|██████▌   | 2637/4032 [04:22<02:22,  9.79it/s, Loss=0.012369, Pos=0.012190, Vel=0.00008962]Epoch 1/200 [TRAIN]:  65%|██████▌   | 2637/4032 [04:22<02:22,  9.79it/s, Loss=0.012365, Pos=0.012186, Vel=0.00008960]Epoch 1/200 [TRAIN]:  65%|██████▌   | 2638/4032 [04:22<02:25,  9.56it/s, Loss=0.012365, Pos=0.012186, Vel=0.00008960]Epoch 1/200 [TRAIN]:  65%|██████▌   | 2638/4032 [04:22<02:25,  9.56it/s, Loss=0.012361, Pos=0.012182, Vel=0.00008958]Epoch 1/200 [TRAIN]:  65%|██████▌   | 2638/4032 [04:23<02:25,  9.56it/s, Loss=0.012357, Pos=0.012178, Vel=0.00008955]Epoch 1/200 [TRAIN]:  65%|██████▌   | 2640/4032 [04:23<02:11, 10.61it/s, Loss=0.012357, Pos=0.012178, Vel=0.00008955]Epoch 1/200 [TRAIN]:  65%|██████▌   | 2640/4032 [04:23<02:11, 10.61it/s, Loss=0.012355, Pos=0.012175, Vel=0.00008958]Epoch 1/200 [TRAIN]:  65%|██████▌   | 2640/4032 [04:23<02:11, 10.61it/s, Loss=0.012352, Pos=0.012173, Vel=0.00008956]Epoch 1/200 [TRAIN]:  66%|██████▌   | 2642/4032 [04:23<02:18, 10.04it/s, Loss=0.012352, Pos=0.012173, Vel=0.00008956]Epoch 1/200 [TRAIN]:  66%|██████▌   | 2642/4032 [04:23<02:18, 10.04it/s, Loss=0.012349, Pos=0.012170, Vel=0.00008954]Epoch 1/200 [TRAIN]:  66%|██████▌   | 2642/4032 [04:23<02:18, 10.04it/s, Loss=0.012354, Pos=0.012175, Vel=0.00008954]Epoch 1/200 [TRAIN]:  66%|██████▌   | 2644/4032 [04:23<02:12, 10.50it/s, Loss=0.012354, Pos=0.012175, Vel=0.00008954]Epoch 1/200 [TRAIN]:  66%|██████▌   | 2644/4032 [04:23<02:12, 10.50it/s, Loss=0.012384, Pos=0.012205, Vel=0.00008968]Epoch 1/200 [TRAIN]:  66%|██████▌   | 2644/4032 [04:23<02:12, 10.50it/s, Loss=0.012381, Pos=0.012202, Vel=0.00008967]Epoch 1/200 [TRAIN]:  66%|██████▌   | 2646/4032 [04:23<02:19,  9.94it/s, Loss=0.012381, Pos=0.012202, Vel=0.00008967]Epoch 1/200 [TRAIN]:  66%|██████▌   | 2646/4032 [04:23<02:19,  9.94it/s, Loss=0.012386, Pos=0.012206, Vel=0.00008966]Epoch 1/200 [TRAIN]:  66%|██████▌   | 2646/4032 [04:23<02:19,  9.94it/s, Loss=0.012384, Pos=0.012205, Vel=0.00008965]Epoch 1/200 [TRAIN]:  66%|██████▌   | 2648/4032 [04:23<01:59, 11.62it/s, Loss=0.012384, Pos=0.012205, Vel=0.00008965]Epoch 1/200 [TRAIN]:  66%|██████▌   | 2648/4032 [04:23<01:59, 11.62it/s, Loss=0.012418, Pos=0.012238, Vel=0.00008969]Epoch 1/200 [TRAIN]:  66%|██████▌   | 2648/4032 [04:24<01:59, 11.62it/s, Loss=0.012418, Pos=0.012239, Vel=0.00008967]Epoch 1/200 [TRAIN]:  66%|██████▌   | 2650/4032 [04:24<02:08, 10.72it/s, Loss=0.012418, Pos=0.012239, Vel=0.00008967]Epoch 1/200 [TRAIN]:  66%|██████▌   | 2650/4032 [04:24<02:08, 10.72it/s, Loss=0.012417, Pos=0.012238, Vel=0.00008968]Epoch 1/200 [TRAIN]:  66%|██████▌   | 2650/4032 [04:24<02:08, 10.72it/s, Loss=0.012415, Pos=0.012235, Vel=0.00008967]Epoch 1/200 [TRAIN]:  66%|██████▌   | 2652/4032 [04:24<02:14, 10.26it/s, Loss=0.012415, Pos=0.012235, Vel=0.00008967]Epoch 1/200 [TRAIN]:  66%|██████▌   | 2652/4032 [04:24<02:14, 10.26it/s, Loss=0.012412, Pos=0.012233, Vel=0.00008967]Epoch 1/200 [TRAIN]:  66%|██████▌   | 2652/4032 [04:24<02:14, 10.26it/s, Loss=0.012410, Pos=0.012230, Vel=0.00008965]Epoch 1/200 [TRAIN]:  66%|██████▌   | 2654/4032 [04:24<02:18,  9.92it/s, Loss=0.012410, Pos=0.012230, Vel=0.00008965]Epoch 1/200 [TRAIN]:  66%|██████▌   | 2654/4032 [04:24<02:18,  9.92it/s, Loss=0.012407, Pos=0.012228, Vel=0.00008963]Epoch 1/200 [TRAIN]:  66%|██████▌   | 2654/4032 [04:24<02:18,  9.92it/s, Loss=0.012404, Pos=0.012225, Vel=0.00008962]Epoch 1/200 [TRAIN]:  66%|██████▌   | 2656/4032 [04:24<02:24,  9.55it/s, Loss=0.012404, Pos=0.012225, Vel=0.00008962]Epoch 1/200 [TRAIN]:  66%|██████▌   | 2656/4032 [04:24<02:24,  9.55it/s, Loss=0.012400, Pos=0.012221, Vel=0.00008960]Epoch 1/200 [TRAIN]:  66%|██████▌   | 2657/4032 [04:24<02:25,  9.44it/s, Loss=0.012400, Pos=0.012221, Vel=0.00008960]Epoch 1/200 [TRAIN]:  66%|██████▌   | 2657/4032 [04:24<02:25,  9.44it/s, Loss=0.012402, Pos=0.012223, Vel=0.00008958]Epoch 1/200 [TRAIN]:  66%|██████▌   | 2658/4032 [04:24<02:27,  9.30it/s, Loss=0.012402, Pos=0.012223, Vel=0.00008958]Epoch 1/200 [TRAIN]:  66%|██████▌   | 2658/4032 [04:25<02:27,  9.30it/s, Loss=0.012403, Pos=0.012224, Vel=0.00008959]Epoch 1/200 [TRAIN]:  66%|██████▌   | 2659/4032 [04:25<02:30,  9.13it/s, Loss=0.012403, Pos=0.012224, Vel=0.00008959]Epoch 1/200 [TRAIN]:  66%|██████▌   | 2659/4032 [04:25<02:30,  9.13it/s, Loss=0.012400, Pos=0.012221, Vel=0.00008957]Epoch 1/200 [TRAIN]:  66%|██████▌   | 2660/4032 [04:25<02:30,  9.12it/s, Loss=0.012400, Pos=0.012221, Vel=0.00008957]Epoch 1/200 [TRAIN]:  66%|██████▌   | 2660/4032 [04:25<02:30,  9.12it/s, Loss=0.012399, Pos=0.012220, Vel=0.00008955]Epoch 1/200 [TRAIN]:  66%|██████▌   | 2661/4032 [04:25<02:31,  9.04it/s, Loss=0.012399, Pos=0.012220, Vel=0.00008955]Epoch 1/200 [TRAIN]:  66%|██████▌   | 2661/4032 [04:25<02:31,  9.04it/s, Loss=0.012397, Pos=0.012217, Vel=0.00008954]Epoch 1/200 [TRAIN]:  66%|██████▌   | 2662/4032 [04:25<02:32,  8.98it/s, Loss=0.012397, Pos=0.012217, Vel=0.00008954]Epoch 1/200 [TRAIN]:  66%|██████▌   | 2662/4032 [04:25<02:32,  8.98it/s, Loss=0.012407, Pos=0.012228, Vel=0.00008953]Epoch 1/200 [TRAIN]:  66%|██████▌   | 2663/4032 [04:25<02:33,  8.92it/s, Loss=0.012407, Pos=0.012228, Vel=0.00008953]Epoch 1/200 [TRAIN]:  66%|██████▌   | 2663/4032 [04:25<02:33,  8.92it/s, Loss=0.012406, Pos=0.012227, Vel=0.00008950]Epoch 1/200 [TRAIN]:  66%|██████▌   | 2663/4032 [04:25<02:33,  8.92it/s, Loss=0.012405, Pos=0.012226, Vel=0.00008949]Epoch 1/200 [TRAIN]:  66%|██████▌   | 2665/4032 [04:25<02:10, 10.48it/s, Loss=0.012405, Pos=0.012226, Vel=0.00008949]Epoch 1/200 [TRAIN]:  66%|██████▌   | 2665/4032 [04:25<02:10, 10.48it/s, Loss=0.012406, Pos=0.012227, Vel=0.00008948]Epoch 1/200 [TRAIN]:  66%|██████▌   | 2665/4032 [04:25<02:10, 10.48it/s, Loss=0.012411, Pos=0.012232, Vel=0.00008947]Epoch 1/200 [TRAIN]:  66%|██████▌   | 2667/4032 [04:25<02:06, 10.78it/s, Loss=0.012411, Pos=0.012232, Vel=0.00008947]Epoch 1/200 [TRAIN]:  66%|██████▌   | 2667/4032 [04:25<02:06, 10.78it/s, Loss=0.012415, Pos=0.012236, Vel=0.00008948]Epoch 1/200 [TRAIN]:  66%|██████▌   | 2667/4032 [04:25<02:06, 10.78it/s, Loss=0.012414, Pos=0.012235, Vel=0.00008948]Epoch 1/200 [TRAIN]:  66%|██████▌   | 2669/4032 [04:25<02:13, 10.23it/s, Loss=0.012414, Pos=0.012235, Vel=0.00008948]Epoch 1/200 [TRAIN]:  66%|██████▌   | 2669/4032 [04:26<02:13, 10.23it/s, Loss=0.012411, Pos=0.012232, Vel=0.00008947]Epoch 1/200 [TRAIN]:  66%|██████▌   | 2669/4032 [04:26<02:13, 10.23it/s, Loss=0.012412, Pos=0.012233, Vel=0.00008947]Epoch 1/200 [TRAIN]:  66%|██████▌   | 2671/4032 [04:26<02:18,  9.80it/s, Loss=0.012412, Pos=0.012233, Vel=0.00008947]Epoch 1/200 [TRAIN]:  66%|██████▌   | 2671/4032 [04:26<02:18,  9.80it/s, Loss=0.012409, Pos=0.012230, Vel=0.00008946]Epoch 1/200 [TRAIN]:  66%|██████▌   | 2671/4032 [04:26<02:18,  9.80it/s, Loss=0.012409, Pos=0.012230, Vel=0.00008946]Epoch 1/200 [TRAIN]:  66%|██████▋   | 2673/4032 [04:26<02:21,  9.64it/s, Loss=0.012409, Pos=0.012230, Vel=0.00008946]Epoch 1/200 [TRAIN]:  66%|██████▋   | 2673/4032 [04:26<02:21,  9.64it/s, Loss=0.012412, Pos=0.012233, Vel=0.00008945]Epoch 1/200 [TRAIN]:  66%|██████▋   | 2673/4032 [04:26<02:21,  9.64it/s, Loss=0.012413, Pos=0.012234, Vel=0.00008944]Epoch 1/200 [TRAIN]:  66%|██████▋   | 2675/4032 [04:26<02:12, 10.28it/s, Loss=0.012413, Pos=0.012234, Vel=0.00008944]Epoch 1/200 [TRAIN]:  66%|██████▋   | 2675/4032 [04:26<02:12, 10.28it/s, Loss=0.012418, Pos=0.012239, Vel=0.00008942]Epoch 1/200 [TRAIN]:  66%|██████▋   | 2675/4032 [04:26<02:12, 10.28it/s, Loss=0.012415, Pos=0.012236, Vel=0.00008940]Epoch 1/200 [TRAIN]:  66%|██████▋   | 2677/4032 [04:26<02:17,  9.89it/s, Loss=0.012415, Pos=0.012236, Vel=0.00008940]Epoch 1/200 [TRAIN]:  66%|██████▋   | 2677/4032 [04:26<02:17,  9.89it/s, Loss=0.012412, Pos=0.012233, Vel=0.00008937]Epoch 1/200 [TRAIN]:  66%|██████▋   | 2677/4032 [04:27<02:17,  9.89it/s, Loss=0.012411, Pos=0.012233, Vel=0.00008935]Epoch 1/200 [TRAIN]:  66%|██████▋   | 2679/4032 [04:27<02:19,  9.70it/s, Loss=0.012411, Pos=0.012233, Vel=0.00008935]Epoch 1/200 [TRAIN]:  66%|██████▋   | 2679/4032 [04:27<02:19,  9.70it/s, Loss=0.012411, Pos=0.012232, Vel=0.00008937]Epoch 1/200 [TRAIN]:  66%|██████▋   | 2680/4032 [04:27<02:24,  9.38it/s, Loss=0.012411, Pos=0.012232, Vel=0.00008937]Epoch 1/200 [TRAIN]:  66%|██████▋   | 2680/4032 [04:27<02:24,  9.38it/s, Loss=0.012414, Pos=0.012235, Vel=0.00008935]Epoch 1/200 [TRAIN]:  66%|██████▋   | 2680/4032 [04:27<02:24,  9.38it/s, Loss=0.012412, Pos=0.012234, Vel=0.00008933]Epoch 1/200 [TRAIN]:  67%|██████▋   | 2682/4032 [04:27<02:18,  9.74it/s, Loss=0.012412, Pos=0.012234, Vel=0.00008933]Epoch 1/200 [TRAIN]:  67%|██████▋   | 2682/4032 [04:27<02:18,  9.74it/s, Loss=0.012409, Pos=0.012230, Vel=0.00008932]Epoch 1/200 [TRAIN]:  67%|██████▋   | 2683/4032 [04:27<02:23,  9.38it/s, Loss=0.012409, Pos=0.012230, Vel=0.00008932]Epoch 1/200 [TRAIN]:  67%|██████▋   | 2683/4032 [04:27<02:23,  9.38it/s, Loss=0.012410, Pos=0.012231, Vel=0.00008930]Epoch 1/200 [TRAIN]:  67%|██████▋   | 2683/4032 [04:27<02:23,  9.38it/s, Loss=0.012412, Pos=0.012233, Vel=0.00008929]Epoch 1/200 [TRAIN]:  67%|██████▋   | 2685/4032 [04:27<02:23,  9.41it/s, Loss=0.012412, Pos=0.012233, Vel=0.00008929]Epoch 1/200 [TRAIN]:  67%|██████▋   | 2685/4032 [04:27<02:23,  9.41it/s, Loss=0.012429, Pos=0.012250, Vel=0.00008931]Epoch 1/200 [TRAIN]:  67%|██████▋   | 2685/4032 [04:27<02:23,  9.41it/s, Loss=0.012429, Pos=0.012250, Vel=0.00008929]Epoch 1/200 [TRAIN]:  67%|██████▋   | 2687/4032 [04:27<02:09, 10.38it/s, Loss=0.012429, Pos=0.012250, Vel=0.00008929]Epoch 1/200 [TRAIN]:  67%|██████▋   | 2687/4032 [04:27<02:09, 10.38it/s, Loss=0.012430, Pos=0.012251, Vel=0.00008927]Epoch 1/200 [TRAIN]:  67%|██████▋   | 2687/4032 [04:28<02:09, 10.38it/s, Loss=0.012429, Pos=0.012251, Vel=0.00008931]Epoch 1/200 [TRAIN]:  67%|██████▋   | 2689/4032 [04:28<02:14, 10.00it/s, Loss=0.012429, Pos=0.012251, Vel=0.00008931]Epoch 1/200 [TRAIN]:  67%|██████▋   | 2689/4032 [04:28<02:14, 10.00it/s, Loss=0.012427, Pos=0.012249, Vel=0.00008930]Epoch 1/200 [TRAIN]:  67%|██████▋   | 2689/4032 [04:28<02:14, 10.00it/s, Loss=0.012425, Pos=0.012246, Vel=0.00008928]Epoch 1/200 [TRAIN]:  67%|██████▋   | 2691/4032 [04:28<02:17,  9.72it/s, Loss=0.012425, Pos=0.012246, Vel=0.00008928]Epoch 1/200 [TRAIN]:  67%|██████▋   | 2691/4032 [04:28<02:17,  9.72it/s, Loss=0.012422, Pos=0.012243, Vel=0.00008928]Epoch 1/200 [TRAIN]:  67%|██████▋   | 2692/4032 [04:28<02:20,  9.55it/s, Loss=0.012422, Pos=0.012243, Vel=0.00008928]Epoch 1/200 [TRAIN]:  67%|██████▋   | 2692/4032 [04:28<02:20,  9.55it/s, Loss=0.012424, Pos=0.012246, Vel=0.00008927]Epoch 1/200 [TRAIN]:  67%|██████▋   | 2693/4032 [04:28<02:23,  9.33it/s, Loss=0.012424, Pos=0.012246, Vel=0.00008927]Epoch 1/200 [TRAIN]:  67%|██████▋   | 2693/4032 [04:28<02:23,  9.33it/s, Loss=0.012421, Pos=0.012242, Vel=0.00008925]Epoch 1/200 [TRAIN]:  67%|██████▋   | 2694/4032 [04:28<02:23,  9.32it/s, Loss=0.012421, Pos=0.012242, Vel=0.00008925]Epoch 1/200 [TRAIN]:  67%|██████▋   | 2694/4032 [04:28<02:23,  9.32it/s, Loss=0.012417, Pos=0.012239, Vel=0.00008926]Epoch 1/200 [TRAIN]:  67%|██████▋   | 2695/4032 [04:28<02:25,  9.20it/s, Loss=0.012417, Pos=0.012239, Vel=0.00008926]Epoch 1/200 [TRAIN]:  67%|██████▋   | 2695/4032 [04:28<02:25,  9.20it/s, Loss=0.012425, Pos=0.012247, Vel=0.00008924]Epoch 1/200 [TRAIN]:  67%|██████▋   | 2695/4032 [04:28<02:25,  9.20it/s, Loss=0.012432, Pos=0.012254, Vel=0.00008923]Epoch 1/200 [TRAIN]:  67%|██████▋   | 2697/4032 [04:28<02:25,  9.18it/s, Loss=0.012432, Pos=0.012254, Vel=0.00008923]Epoch 1/200 [TRAIN]:  67%|██████▋   | 2697/4032 [04:29<02:25,  9.18it/s, Loss=0.012429, Pos=0.012250, Vel=0.00008921]Epoch 1/200 [TRAIN]:  67%|██████▋   | 2697/4032 [04:29<02:25,  9.18it/s, Loss=0.012465, Pos=0.012287, Vel=0.00008919]Epoch 1/200 [TRAIN]:  67%|██████▋   | 2699/4032 [04:29<02:23,  9.29it/s, Loss=0.012465, Pos=0.012287, Vel=0.00008919]Epoch 1/200 [TRAIN]:  67%|██████▋   | 2699/4032 [04:29<02:23,  9.29it/s, Loss=0.012479, Pos=0.012301, Vel=0.00008918]Epoch 1/200 [TRAIN]:  67%|██████▋   | 2700/4032 [04:29<02:24,  9.20it/s, Loss=0.012479, Pos=0.012301, Vel=0.00008918]Epoch 1/200 [TRAIN]:  67%|██████▋   | 2700/4032 [04:29<02:24,  9.20it/s, Loss=0.012477, Pos=0.012298, Vel=0.00008916]Epoch 1/200 [TRAIN]:  67%|██████▋   | 2701/4032 [04:29<02:26,  9.06it/s, Loss=0.012477, Pos=0.012298, Vel=0.00008916]Epoch 1/200 [TRAIN]:  67%|██████▋   | 2701/4032 [04:29<02:26,  9.06it/s, Loss=0.012475, Pos=0.012297, Vel=0.00008914]Epoch 1/200 [TRAIN]:  67%|██████▋   | 2701/4032 [04:29<02:26,  9.06it/s, Loss=0.012475, Pos=0.012296, Vel=0.00008916]Epoch 1/200 [TRAIN]:  67%|██████▋   | 2703/4032 [04:29<02:02, 10.88it/s, Loss=0.012475, Pos=0.012296, Vel=0.00008916]Epoch 1/200 [TRAIN]:  67%|██████▋   | 2703/4032 [04:29<02:02, 10.88it/s, Loss=0.012477, Pos=0.012299, Vel=0.00008915]Epoch 1/200 [TRAIN]:  67%|██████▋   | 2703/4032 [04:29<02:02, 10.88it/s, Loss=0.012473, Pos=0.012295, Vel=0.00008913]Epoch 1/200 [TRAIN]:  67%|██████▋   | 2705/4032 [04:29<02:09, 10.22it/s, Loss=0.012473, Pos=0.012295, Vel=0.00008913]Epoch 1/200 [TRAIN]:  67%|██████▋   | 2705/4032 [04:29<02:09, 10.22it/s, Loss=0.012473, Pos=0.012295, Vel=0.00008913]Epoch 1/200 [TRAIN]:  67%|██████▋   | 2705/4032 [04:29<02:09, 10.22it/s, Loss=0.012476, Pos=0.012298, Vel=0.00008913]Epoch 1/200 [TRAIN]:  67%|██████▋   | 2707/4032 [04:29<01:59, 11.08it/s, Loss=0.012476, Pos=0.012298, Vel=0.00008913]Epoch 1/200 [TRAIN]:  67%|██████▋   | 2707/4032 [04:29<01:59, 11.08it/s, Loss=0.012479, Pos=0.012301, Vel=0.00008911]Epoch 1/200 [TRAIN]:  67%|██████▋   | 2707/4032 [04:30<01:59, 11.08it/s, Loss=0.012478, Pos=0.012300, Vel=0.00008914]Epoch 1/200 [TRAIN]:  67%|██████▋   | 2709/4032 [04:30<02:06, 10.49it/s, Loss=0.012478, Pos=0.012300, Vel=0.00008914]Epoch 1/200 [TRAIN]:  67%|██████▋   | 2709/4032 [04:30<02:06, 10.49it/s, Loss=0.012477, Pos=0.012298, Vel=0.00008914]Epoch 1/200 [TRAIN]:  67%|██████▋   | 2709/4032 [04:30<02:06, 10.49it/s, Loss=0.012476, Pos=0.012298, Vel=0.00008912]Epoch 1/200 [TRAIN]:  67%|██████▋   | 2711/4032 [04:30<02:11, 10.05it/s, Loss=0.012476, Pos=0.012298, Vel=0.00008912]Epoch 1/200 [TRAIN]:  67%|██████▋   | 2711/4032 [04:30<02:11, 10.05it/s, Loss=0.012474, Pos=0.012296, Vel=0.00008911]Epoch 1/200 [TRAIN]:  67%|██████▋   | 2711/4032 [04:30<02:11, 10.05it/s, Loss=0.012472, Pos=0.012294, Vel=0.00008910]Epoch 1/200 [TRAIN]:  67%|██████▋   | 2713/4032 [04:30<02:13,  9.86it/s, Loss=0.012472, Pos=0.012294, Vel=0.00008910]Epoch 1/200 [TRAIN]:  67%|██████▋   | 2713/4032 [04:30<02:13,  9.86it/s, Loss=0.012470, Pos=0.012292, Vel=0.00008909]Epoch 1/200 [TRAIN]:  67%|██████▋   | 2713/4032 [04:30<02:13,  9.86it/s, Loss=0.012470, Pos=0.012292, Vel=0.00008910]Epoch 1/200 [TRAIN]:  67%|██████▋   | 2715/4032 [04:30<02:17,  9.57it/s, Loss=0.012470, Pos=0.012292, Vel=0.00008910]Epoch 1/200 [TRAIN]:  67%|██████▋   | 2715/4032 [04:30<02:17,  9.57it/s, Loss=0.012467, Pos=0.012289, Vel=0.00008908]Epoch 1/200 [TRAIN]:  67%|██████▋   | 2716/4032 [04:30<02:19,  9.42it/s, Loss=0.012467, Pos=0.012289, Vel=0.00008908]Epoch 1/200 [TRAIN]:  67%|██████▋   | 2716/4032 [04:30<02:19,  9.42it/s, Loss=0.012483, Pos=0.012305, Vel=0.00008909]Epoch 1/200 [TRAIN]:  67%|██████▋   | 2717/4032 [04:30<02:20,  9.36it/s, Loss=0.012483, Pos=0.012305, Vel=0.00008909]Epoch 1/200 [TRAIN]:  67%|██████▋   | 2717/4032 [04:31<02:20,  9.36it/s, Loss=0.012481, Pos=0.012303, Vel=0.00008907]Epoch 1/200 [TRAIN]:  67%|██████▋   | 2718/4032 [04:31<02:21,  9.31it/s, Loss=0.012481, Pos=0.012303, Vel=0.00008907]Epoch 1/200 [TRAIN]:  67%|██████▋   | 2718/4032 [04:31<02:21,  9.31it/s, Loss=0.012479, Pos=0.012301, Vel=0.00008906]Epoch 1/200 [TRAIN]:  67%|██████▋   | 2719/4032 [04:31<02:21,  9.27it/s, Loss=0.012479, Pos=0.012301, Vel=0.00008906]Epoch 1/200 [TRAIN]:  67%|██████▋   | 2719/4032 [04:31<02:21,  9.27it/s, Loss=0.012480, Pos=0.012302, Vel=0.00008907]Epoch 1/200 [TRAIN]:  67%|██████▋   | 2720/4032 [04:31<02:23,  9.17it/s, Loss=0.012480, Pos=0.012302, Vel=0.00008907]Epoch 1/200 [TRAIN]:  67%|██████▋   | 2720/4032 [04:31<02:23,  9.17it/s, Loss=0.012476, Pos=0.012298, Vel=0.00008904]Epoch 1/200 [TRAIN]:  67%|██████▋   | 2721/4032 [04:31<02:24,  9.09it/s, Loss=0.012476, Pos=0.012298, Vel=0.00008904]Epoch 1/200 [TRAIN]:  67%|██████▋   | 2721/4032 [04:31<02:24,  9.09it/s, Loss=0.012472, Pos=0.012294, Vel=0.00008902]Epoch 1/200 [TRAIN]:  68%|██████▊   | 2722/4032 [04:31<02:23,  9.14it/s, Loss=0.012472, Pos=0.012294, Vel=0.00008902]Epoch 1/200 [TRAIN]:  68%|██████▊   | 2722/4032 [04:31<02:23,  9.14it/s, Loss=0.012468, Pos=0.012290, Vel=0.00008901]Epoch 1/200 [TRAIN]:  68%|██████▊   | 2723/4032 [04:31<02:26,  8.95it/s, Loss=0.012468, Pos=0.012290, Vel=0.00008901]Epoch 1/200 [TRAIN]:  68%|██████▊   | 2723/4032 [04:31<02:26,  8.95it/s, Loss=0.012465, Pos=0.012287, Vel=0.00008899]Epoch 1/200 [TRAIN]:  68%|██████▊   | 2723/4032 [04:31<02:26,  8.95it/s, Loss=0.012471, Pos=0.012293, Vel=0.00008901]Epoch 1/200 [TRAIN]:  68%|██████▊   | 2725/4032 [04:31<02:22,  9.18it/s, Loss=0.012471, Pos=0.012293, Vel=0.00008901]Epoch 1/200 [TRAIN]:  68%|██████▊   | 2725/4032 [04:31<02:22,  9.18it/s, Loss=0.012476, Pos=0.012298, Vel=0.00008903]Epoch 1/200 [TRAIN]:  68%|██████▊   | 2726/4032 [04:31<02:24,  9.04it/s, Loss=0.012476, Pos=0.012298, Vel=0.00008903]Epoch 1/200 [TRAIN]:  68%|██████▊   | 2726/4032 [04:32<02:24,  9.04it/s, Loss=0.012473, Pos=0.012295, Vel=0.00008901]Epoch 1/200 [TRAIN]:  68%|██████▊   | 2727/4032 [04:32<02:26,  8.93it/s, Loss=0.012473, Pos=0.012295, Vel=0.00008901]Epoch 1/200 [TRAIN]:  68%|██████▊   | 2727/4032 [04:32<02:26,  8.93it/s, Loss=0.012471, Pos=0.012293, Vel=0.00008899]Epoch 1/200 [TRAIN]:  68%|██████▊   | 2728/4032 [04:32<02:27,  8.84it/s, Loss=0.012471, Pos=0.012293, Vel=0.00008899]Epoch 1/200 [TRAIN]:  68%|██████▊   | 2728/4032 [04:32<02:27,  8.84it/s, Loss=0.012467, Pos=0.012289, Vel=0.00008898]Epoch 1/200 [TRAIN]:  68%|██████▊   | 2729/4032 [04:32<02:24,  8.99it/s, Loss=0.012467, Pos=0.012289, Vel=0.00008898]Epoch 1/200 [TRAIN]:  68%|██████▊   | 2729/4032 [04:32<02:24,  8.99it/s, Loss=0.012466, Pos=0.012288, Vel=0.00008896]Epoch 1/200 [TRAIN]:  68%|██████▊   | 2730/4032 [04:32<02:24,  9.00it/s, Loss=0.012466, Pos=0.012288, Vel=0.00008896]Epoch 1/200 [TRAIN]:  68%|██████▊   | 2730/4032 [04:32<02:24,  9.00it/s, Loss=0.012468, Pos=0.012290, Vel=0.00008895]Epoch 1/200 [TRAIN]:  68%|██████▊   | 2731/4032 [04:32<02:20,  9.24it/s, Loss=0.012468, Pos=0.012290, Vel=0.00008895]Epoch 1/200 [TRAIN]:  68%|██████▊   | 2731/4032 [04:32<02:20,  9.24it/s, Loss=0.012464, Pos=0.012286, Vel=0.00008892]Epoch 1/200 [TRAIN]:  68%|██████▊   | 2732/4032 [04:32<02:23,  9.06it/s, Loss=0.012464, Pos=0.012286, Vel=0.00008892]Epoch 1/200 [TRAIN]:  68%|██████▊   | 2732/4032 [04:32<02:23,  9.06it/s, Loss=0.012466, Pos=0.012288, Vel=0.00008890]Epoch 1/200 [TRAIN]:  68%|██████▊   | 2732/4032 [04:32<02:23,  9.06it/s, Loss=0.012464, Pos=0.012286, Vel=0.00008889]Epoch 1/200 [TRAIN]:  68%|██████▊   | 2734/4032 [04:32<02:03, 10.48it/s, Loss=0.012464, Pos=0.012286, Vel=0.00008889]Epoch 1/200 [TRAIN]:  68%|██████▊   | 2734/4032 [04:32<02:03, 10.48it/s, Loss=0.012465, Pos=0.012287, Vel=0.00008889]Epoch 1/200 [TRAIN]:  68%|██████▊   | 2734/4032 [04:32<02:03, 10.48it/s, Loss=0.012466, Pos=0.012288, Vel=0.00008887]Epoch 1/200 [TRAIN]:  68%|██████▊   | 2736/4032 [04:32<02:08, 10.11it/s, Loss=0.012466, Pos=0.012288, Vel=0.00008887]Epoch 1/200 [TRAIN]:  68%|██████▊   | 2736/4032 [04:33<02:08, 10.11it/s, Loss=0.012463, Pos=0.012285, Vel=0.00008886]Epoch 1/200 [TRAIN]:  68%|██████▊   | 2736/4032 [04:33<02:08, 10.11it/s, Loss=0.012464, Pos=0.012287, Vel=0.00008885]Epoch 1/200 [TRAIN]:  68%|██████▊   | 2738/4032 [04:33<02:12,  9.77it/s, Loss=0.012464, Pos=0.012287, Vel=0.00008885]Epoch 1/200 [TRAIN]:  68%|██████▊   | 2738/4032 [04:33<02:12,  9.77it/s, Loss=0.012462, Pos=0.012284, Vel=0.00008884]Epoch 1/200 [TRAIN]:  68%|██████▊   | 2739/4032 [04:33<02:15,  9.53it/s, Loss=0.012462, Pos=0.012284, Vel=0.00008884]Epoch 1/200 [TRAIN]:  68%|██████▊   | 2739/4032 [04:33<02:15,  9.53it/s, Loss=0.012457, Pos=0.012280, Vel=0.00008882]Epoch 1/200 [TRAIN]:  68%|██████▊   | 2740/4032 [04:33<02:17,  9.38it/s, Loss=0.012457, Pos=0.012280, Vel=0.00008882]Epoch 1/200 [TRAIN]:  68%|██████▊   | 2740/4032 [04:33<02:17,  9.38it/s, Loss=0.012454, Pos=0.012277, Vel=0.00008880]Epoch 1/200 [TRAIN]:  68%|██████▊   | 2740/4032 [04:33<02:17,  9.38it/s, Loss=0.012451, Pos=0.012274, Vel=0.00008881]Epoch 1/200 [TRAIN]:  68%|██████▊   | 2742/4032 [04:33<02:17,  9.39it/s, Loss=0.012451, Pos=0.012274, Vel=0.00008881]Epoch 1/200 [TRAIN]:  68%|██████▊   | 2742/4032 [04:33<02:17,  9.39it/s, Loss=0.012452, Pos=0.012275, Vel=0.00008880]Epoch 1/200 [TRAIN]:  68%|██████▊   | 2742/4032 [04:33<02:17,  9.39it/s, Loss=0.012449, Pos=0.012272, Vel=0.00008880]Epoch 1/200 [TRAIN]:  68%|██████▊   | 2744/4032 [04:33<02:10,  9.84it/s, Loss=0.012449, Pos=0.012272, Vel=0.00008880]Epoch 1/200 [TRAIN]:  68%|██████▊   | 2744/4032 [04:33<02:10,  9.84it/s, Loss=0.012455, Pos=0.012277, Vel=0.00008880]Epoch 1/200 [TRAIN]:  68%|██████▊   | 2745/4032 [04:33<02:13,  9.64it/s, Loss=0.012455, Pos=0.012277, Vel=0.00008880]Epoch 1/200 [TRAIN]:  68%|██████▊   | 2745/4032 [04:34<02:13,  9.64it/s, Loss=0.012467, Pos=0.012290, Vel=0.00008878]Epoch 1/200 [TRAIN]:  68%|██████▊   | 2746/4032 [04:34<02:13,  9.63it/s, Loss=0.012467, Pos=0.012290, Vel=0.00008878]Epoch 1/200 [TRAIN]:  68%|██████▊   | 2746/4032 [04:34<02:13,  9.63it/s, Loss=0.012464, Pos=0.012286, Vel=0.00008876]Epoch 1/200 [TRAIN]:  68%|██████▊   | 2747/4032 [04:34<02:16,  9.39it/s, Loss=0.012464, Pos=0.012286, Vel=0.00008876]Epoch 1/200 [TRAIN]:  68%|██████▊   | 2747/4032 [04:34<02:16,  9.39it/s, Loss=0.012462, Pos=0.012285, Vel=0.00008875]Epoch 1/200 [TRAIN]:  68%|██████▊   | 2748/4032 [04:34<02:20,  9.17it/s, Loss=0.012462, Pos=0.012285, Vel=0.00008875]Epoch 1/200 [TRAIN]:  68%|██████▊   | 2748/4032 [04:34<02:20,  9.17it/s, Loss=0.012460, Pos=0.012283, Vel=0.00008872]Epoch 1/200 [TRAIN]:  68%|██████▊   | 2749/4032 [04:34<02:21,  9.05it/s, Loss=0.012460, Pos=0.012283, Vel=0.00008872]Epoch 1/200 [TRAIN]:  68%|██████▊   | 2749/4032 [04:34<02:21,  9.05it/s, Loss=0.012458, Pos=0.012280, Vel=0.00008872]Epoch 1/200 [TRAIN]:  68%|██████▊   | 2750/4032 [04:34<02:22,  8.99it/s, Loss=0.012458, Pos=0.012280, Vel=0.00008872]Epoch 1/200 [TRAIN]:  68%|██████▊   | 2750/4032 [04:34<02:22,  8.99it/s, Loss=0.012456, Pos=0.012278, Vel=0.00008871]Epoch 1/200 [TRAIN]:  68%|██████▊   | 2751/4032 [04:34<02:22,  8.96it/s, Loss=0.012456, Pos=0.012278, Vel=0.00008871]Epoch 1/200 [TRAIN]:  68%|██████▊   | 2751/4032 [04:34<02:22,  8.96it/s, Loss=0.012452, Pos=0.012274, Vel=0.00008869]Epoch 1/200 [TRAIN]:  68%|██████▊   | 2752/4032 [04:34<02:18,  9.24it/s, Loss=0.012452, Pos=0.012274, Vel=0.00008869]Epoch 1/200 [TRAIN]:  68%|██████▊   | 2752/4032 [04:34<02:18,  9.24it/s, Loss=0.012454, Pos=0.012277, Vel=0.00008868]Epoch 1/200 [TRAIN]:  68%|██████▊   | 2753/4032 [04:34<02:20,  9.13it/s, Loss=0.012454, Pos=0.012277, Vel=0.00008868]Epoch 1/200 [TRAIN]:  68%|██████▊   | 2753/4032 [04:34<02:20,  9.13it/s, Loss=0.012450, Pos=0.012273, Vel=0.00008867]Epoch 1/200 [TRAIN]:  68%|██████▊   | 2754/4032 [04:34<02:20,  9.12it/s, Loss=0.012450, Pos=0.012273, Vel=0.00008867]Epoch 1/200 [TRAIN]:  68%|██████▊   | 2754/4032 [04:35<02:20,  9.12it/s, Loss=0.012447, Pos=0.012270, Vel=0.00008865]Epoch 1/200 [TRAIN]:  68%|██████▊   | 2754/4032 [04:35<02:20,  9.12it/s, Loss=0.012445, Pos=0.012267, Vel=0.00008865]Epoch 1/200 [TRAIN]:  68%|██████▊   | 2756/4032 [04:35<02:16,  9.33it/s, Loss=0.012445, Pos=0.012267, Vel=0.00008865]Epoch 1/200 [TRAIN]:  68%|██████▊   | 2756/4032 [04:35<02:16,  9.33it/s, Loss=0.012444, Pos=0.012266, Vel=0.00008864]Epoch 1/200 [TRAIN]:  68%|██████▊   | 2756/4032 [04:35<02:16,  9.33it/s, Loss=0.012441, Pos=0.012264, Vel=0.00008863]Epoch 1/200 [TRAIN]:  68%|██████▊   | 2758/4032 [04:35<01:58, 10.78it/s, Loss=0.012441, Pos=0.012264, Vel=0.00008863]Epoch 1/200 [TRAIN]:  68%|██████▊   | 2758/4032 [04:35<01:58, 10.78it/s, Loss=0.012438, Pos=0.012260, Vel=0.00008862]Epoch 1/200 [TRAIN]:  68%|██████▊   | 2758/4032 [04:35<01:58, 10.78it/s, Loss=0.012438, Pos=0.012260, Vel=0.00008866]Epoch 1/200 [TRAIN]:  68%|██████▊   | 2760/4032 [04:35<02:06, 10.09it/s, Loss=0.012438, Pos=0.012260, Vel=0.00008866]Epoch 1/200 [TRAIN]:  68%|██████▊   | 2760/4032 [04:35<02:06, 10.09it/s, Loss=0.012435, Pos=0.012257, Vel=0.00008865]Epoch 1/200 [TRAIN]:  68%|██████▊   | 2760/4032 [04:35<02:06, 10.09it/s, Loss=0.012431, Pos=0.012253, Vel=0.00008862]Epoch 1/200 [TRAIN]:  69%|██████▊   | 2762/4032 [04:35<01:51, 11.41it/s, Loss=0.012431, Pos=0.012253, Vel=0.00008862]Epoch 1/200 [TRAIN]:  69%|██████▊   | 2762/4032 [04:35<01:51, 11.41it/s, Loss=0.012434, Pos=0.012257, Vel=0.00008861]Epoch 1/200 [TRAIN]:  69%|██████▊   | 2762/4032 [04:35<01:51, 11.41it/s, Loss=0.012432, Pos=0.012255, Vel=0.00008859]Epoch 1/200 [TRAIN]:  69%|██████▊   | 2764/4032 [04:35<01:56, 10.89it/s, Loss=0.012432, Pos=0.012255, Vel=0.00008859]Epoch 1/200 [TRAIN]:  69%|██████▊   | 2764/4032 [04:35<01:56, 10.89it/s, Loss=0.012429, Pos=0.012252, Vel=0.00008858]Epoch 1/200 [TRAIN]:  69%|██████▊   | 2764/4032 [04:36<01:56, 10.89it/s, Loss=0.012427, Pos=0.012250, Vel=0.00008856]Epoch 1/200 [TRAIN]:  69%|██████▊   | 2766/4032 [04:36<01:58, 10.66it/s, Loss=0.012427, Pos=0.012250, Vel=0.00008856]Epoch 1/200 [TRAIN]:  69%|██████▊   | 2766/4032 [04:36<01:58, 10.66it/s, Loss=0.012425, Pos=0.012248, Vel=0.00008854]Epoch 1/200 [TRAIN]:  69%|██████▊   | 2766/4032 [04:36<01:58, 10.66it/s, Loss=0.012450, Pos=0.012273, Vel=0.00008853]Epoch 1/200 [TRAIN]:  69%|██████▊   | 2768/4032 [04:36<01:59, 10.59it/s, Loss=0.012450, Pos=0.012273, Vel=0.00008853]Epoch 1/200 [TRAIN]:  69%|██████▊   | 2768/4032 [04:36<01:59, 10.59it/s, Loss=0.012452, Pos=0.012275, Vel=0.00008854]Epoch 1/200 [TRAIN]:  69%|██████▊   | 2768/4032 [04:36<01:59, 10.59it/s, Loss=0.012449, Pos=0.012272, Vel=0.00008852]Epoch 1/200 [TRAIN]:  69%|██████▊   | 2770/4032 [04:36<01:51, 11.29it/s, Loss=0.012449, Pos=0.012272, Vel=0.00008852]Epoch 1/200 [TRAIN]:  69%|██████▊   | 2770/4032 [04:36<01:51, 11.29it/s, Loss=0.012447, Pos=0.012270, Vel=0.00008851]Epoch 1/200 [TRAIN]:  69%|██████▊   | 2770/4032 [04:36<01:51, 11.29it/s, Loss=0.012446, Pos=0.012269, Vel=0.00008855]Epoch 1/200 [TRAIN]:  69%|██████▉   | 2772/4032 [04:36<01:55, 10.89it/s, Loss=0.012446, Pos=0.012269, Vel=0.00008855]Epoch 1/200 [TRAIN]:  69%|██████▉   | 2772/4032 [04:36<01:55, 10.89it/s, Loss=0.012452, Pos=0.012275, Vel=0.00008853]Epoch 1/200 [TRAIN]:  69%|██████▉   | 2772/4032 [04:36<01:55, 10.89it/s, Loss=0.012449, Pos=0.012272, Vel=0.00008852]Epoch 1/200 [TRAIN]:  69%|██████▉   | 2774/4032 [04:36<01:44, 12.07it/s, Loss=0.012449, Pos=0.012272, Vel=0.00008852]Epoch 1/200 [TRAIN]:  69%|██████▉   | 2774/4032 [04:36<01:44, 12.07it/s, Loss=0.012446, Pos=0.012269, Vel=0.00008849]Epoch 1/200 [TRAIN]:  69%|██████▉   | 2774/4032 [04:36<01:44, 12.07it/s, Loss=0.012441, Pos=0.012265, Vel=0.00008847]Epoch 1/200 [TRAIN]:  69%|██████▉   | 2776/4032 [04:36<01:54, 11.00it/s, Loss=0.012441, Pos=0.012265, Vel=0.00008847]Epoch 1/200 [TRAIN]:  69%|██████▉   | 2776/4032 [04:37<01:54, 11.00it/s, Loss=0.012439, Pos=0.012262, Vel=0.00008846]Epoch 1/200 [TRAIN]:  69%|██████▉   | 2776/4032 [04:37<01:54, 11.00it/s, Loss=0.012437, Pos=0.012260, Vel=0.00008846]Epoch 1/200 [TRAIN]:  69%|██████▉   | 2778/4032 [04:37<01:59, 10.48it/s, Loss=0.012437, Pos=0.012260, Vel=0.00008846]Epoch 1/200 [TRAIN]:  69%|██████▉   | 2778/4032 [04:37<01:59, 10.48it/s, Loss=0.012438, Pos=0.012261, Vel=0.00008847]Epoch 1/200 [TRAIN]:  69%|██████▉   | 2778/4032 [04:37<01:59, 10.48it/s, Loss=0.012438, Pos=0.012261, Vel=0.00008845]Epoch 1/200 [TRAIN]:  69%|██████▉   | 2780/4032 [04:37<02:02, 10.23it/s, Loss=0.012438, Pos=0.012261, Vel=0.00008845]Epoch 1/200 [TRAIN]:  69%|██████▉   | 2780/4032 [04:37<02:02, 10.23it/s, Loss=0.012435, Pos=0.012258, Vel=0.00008844]Epoch 1/200 [TRAIN]:  69%|██████▉   | 2780/4032 [04:37<02:02, 10.23it/s, Loss=0.012433, Pos=0.012257, Vel=0.00008842]Epoch 1/200 [TRAIN]:  69%|██████▉   | 2782/4032 [04:37<02:05,  9.95it/s, Loss=0.012433, Pos=0.012257, Vel=0.00008842]Epoch 1/200 [TRAIN]:  69%|██████▉   | 2782/4032 [04:37<02:05,  9.95it/s, Loss=0.012433, Pos=0.012256, Vel=0.00008841]Epoch 1/200 [TRAIN]:  69%|██████▉   | 2782/4032 [04:37<02:05,  9.95it/s, Loss=0.012432, Pos=0.012256, Vel=0.00008839]Epoch 1/200 [TRAIN]:  69%|██████▉   | 2784/4032 [04:37<02:06,  9.88it/s, Loss=0.012432, Pos=0.012256, Vel=0.00008839]Epoch 1/200 [TRAIN]:  69%|██████▉   | 2784/4032 [04:37<02:06,  9.88it/s, Loss=0.012428, Pos=0.012252, Vel=0.00008838]Epoch 1/200 [TRAIN]:  69%|██████▉   | 2784/4032 [04:37<02:06,  9.88it/s, Loss=0.012426, Pos=0.012249, Vel=0.00008836]Epoch 1/200 [TRAIN]:  69%|██████▉   | 2786/4032 [04:37<01:54, 10.91it/s, Loss=0.012426, Pos=0.012249, Vel=0.00008836]Epoch 1/200 [TRAIN]:  69%|██████▉   | 2786/4032 [04:37<01:54, 10.91it/s, Loss=0.012429, Pos=0.012252, Vel=0.00008835]Epoch 1/200 [TRAIN]:  69%|██████▉   | 2786/4032 [04:38<01:54, 10.91it/s, Loss=0.012452, Pos=0.012275, Vel=0.00008834]Epoch 1/200 [TRAIN]:  69%|██████▉   | 2788/4032 [04:38<01:57, 10.55it/s, Loss=0.012452, Pos=0.012275, Vel=0.00008834]Epoch 1/200 [TRAIN]:  69%|██████▉   | 2788/4032 [04:38<01:57, 10.55it/s, Loss=0.012449, Pos=0.012272, Vel=0.00008832]Epoch 1/200 [TRAIN]:  69%|██████▉   | 2788/4032 [04:38<01:57, 10.55it/s, Loss=0.012446, Pos=0.012270, Vel=0.00008830]Epoch 1/200 [TRAIN]:  69%|██████▉   | 2790/4032 [04:38<02:02, 10.12it/s, Loss=0.012446, Pos=0.012270, Vel=0.00008830]Epoch 1/200 [TRAIN]:  69%|██████▉   | 2790/4032 [04:38<02:02, 10.12it/s, Loss=0.012444, Pos=0.012267, Vel=0.00008831]Epoch 1/200 [TRAIN]:  69%|██████▉   | 2790/4032 [04:38<02:02, 10.12it/s, Loss=0.012442, Pos=0.012265, Vel=0.00008830]Epoch 1/200 [TRAIN]:  69%|██████▉   | 2792/4032 [04:38<01:56, 10.63it/s, Loss=0.012442, Pos=0.012265, Vel=0.00008830]Epoch 1/200 [TRAIN]:  69%|██████▉   | 2792/4032 [04:38<01:56, 10.63it/s, Loss=0.012439, Pos=0.012262, Vel=0.00008830]Epoch 1/200 [TRAIN]:  69%|██████▉   | 2792/4032 [04:38<01:56, 10.63it/s, Loss=0.012438, Pos=0.012261, Vel=0.00008829]Epoch 1/200 [TRAIN]:  69%|██████▉   | 2794/4032 [04:38<01:57, 10.52it/s, Loss=0.012438, Pos=0.012261, Vel=0.00008829]Epoch 1/200 [TRAIN]:  69%|██████▉   | 2794/4032 [04:38<01:57, 10.52it/s, Loss=0.012437, Pos=0.012261, Vel=0.00008828]Epoch 1/200 [TRAIN]:  69%|██████▉   | 2794/4032 [04:38<01:57, 10.52it/s, Loss=0.012434, Pos=0.012257, Vel=0.00008826]Epoch 1/200 [TRAIN]:  69%|██████▉   | 2796/4032 [04:38<01:57, 10.50it/s, Loss=0.012434, Pos=0.012257, Vel=0.00008826]Epoch 1/200 [TRAIN]:  69%|██████▉   | 2796/4032 [04:38<01:57, 10.50it/s, Loss=0.012431, Pos=0.012254, Vel=0.00008824]Epoch 1/200 [TRAIN]:  69%|██████▉   | 2796/4032 [04:39<01:57, 10.50it/s, Loss=0.012431, Pos=0.012254, Vel=0.00008823]Epoch 1/200 [TRAIN]:  69%|██████▉   | 2798/4032 [04:39<01:58, 10.43it/s, Loss=0.012431, Pos=0.012254, Vel=0.00008823]Epoch 1/200 [TRAIN]:  69%|██████▉   | 2798/4032 [04:39<01:58, 10.43it/s, Loss=0.012439, Pos=0.012263, Vel=0.00008822]Epoch 1/200 [TRAIN]:  69%|██████▉   | 2798/4032 [04:39<01:58, 10.43it/s, Loss=0.012435, Pos=0.012259, Vel=0.00008820]Epoch 1/200 [TRAIN]:  69%|██████▉   | 2800/4032 [04:39<01:45, 11.70it/s, Loss=0.012435, Pos=0.012259, Vel=0.00008820]Epoch 1/200 [TRAIN]:  69%|██████▉   | 2800/4032 [04:39<01:45, 11.70it/s, Loss=0.012441, Pos=0.012265, Vel=0.00008821]Epoch 1/200 [TRAIN]:  69%|██████▉   | 2800/4032 [04:39<01:45, 11.70it/s, Loss=0.012439, Pos=0.012262, Vel=0.00008819]Epoch 1/200 [TRAIN]:  69%|██████▉   | 2802/4032 [04:39<01:49, 11.19it/s, Loss=0.012439, Pos=0.012262, Vel=0.00008819]Epoch 1/200 [TRAIN]:  69%|██████▉   | 2802/4032 [04:39<01:49, 11.19it/s, Loss=0.012445, Pos=0.012269, Vel=0.00008819]Epoch 1/200 [TRAIN]:  69%|██████▉   | 2802/4032 [04:39<01:49, 11.19it/s, Loss=0.012445, Pos=0.012269, Vel=0.00008817]Epoch 1/200 [TRAIN]:  70%|██████▉   | 2804/4032 [04:39<01:53, 10.78it/s, Loss=0.012445, Pos=0.012269, Vel=0.00008817]Epoch 1/200 [TRAIN]:  70%|██████▉   | 2804/4032 [04:39<01:53, 10.78it/s, Loss=0.012453, Pos=0.012277, Vel=0.00008816]Epoch 1/200 [TRAIN]:  70%|██████▉   | 2804/4032 [04:39<01:53, 10.78it/s, Loss=0.012450, Pos=0.012274, Vel=0.00008813]Epoch 1/200 [TRAIN]:  70%|██████▉   | 2806/4032 [04:39<01:55, 10.63it/s, Loss=0.012450, Pos=0.012274, Vel=0.00008813]Epoch 1/200 [TRAIN]:  70%|██████▉   | 2806/4032 [04:39<01:55, 10.63it/s, Loss=0.012450, Pos=0.012274, Vel=0.00008814]Epoch 1/200 [TRAIN]:  70%|██████▉   | 2806/4032 [04:39<01:55, 10.63it/s, Loss=0.012450, Pos=0.012274, Vel=0.00008813]Epoch 1/200 [TRAIN]:  70%|██████▉   | 2808/4032 [04:39<01:45, 11.57it/s, Loss=0.012450, Pos=0.012274, Vel=0.00008813]Epoch 1/200 [TRAIN]:  70%|██████▉   | 2808/4032 [04:40<01:45, 11.57it/s, Loss=0.012448, Pos=0.012272, Vel=0.00008812]Epoch 1/200 [TRAIN]:  70%|██████▉   | 2808/4032 [04:40<01:45, 11.57it/s, Loss=0.012445, Pos=0.012269, Vel=0.00008810]Epoch 1/200 [TRAIN]:  70%|██████▉   | 2810/4032 [04:40<01:50, 11.09it/s, Loss=0.012445, Pos=0.012269, Vel=0.00008810]Epoch 1/200 [TRAIN]:  70%|██████▉   | 2810/4032 [04:40<01:50, 11.09it/s, Loss=0.012444, Pos=0.012268, Vel=0.00008809]Epoch 1/200 [TRAIN]:  70%|██████▉   | 2810/4032 [04:40<01:50, 11.09it/s, Loss=0.012441, Pos=0.012264, Vel=0.00008808]Epoch 1/200 [TRAIN]:  70%|██████▉   | 2812/4032 [04:40<01:53, 10.78it/s, Loss=0.012441, Pos=0.012264, Vel=0.00008808]Epoch 1/200 [TRAIN]:  70%|██████▉   | 2812/4032 [04:40<01:53, 10.78it/s, Loss=0.012446, Pos=0.012270, Vel=0.00008812]Epoch 1/200 [TRAIN]:  70%|██████▉   | 2812/4032 [04:40<01:53, 10.78it/s, Loss=0.012444, Pos=0.012268, Vel=0.00008813]Epoch 1/200 [TRAIN]:  70%|██████▉   | 2814/4032 [04:40<01:50, 11.04it/s, Loss=0.012444, Pos=0.012268, Vel=0.00008813]Epoch 1/200 [TRAIN]:  70%|██████▉   | 2814/4032 [04:40<01:50, 11.04it/s, Loss=0.012442, Pos=0.012265, Vel=0.00008811]Epoch 1/200 [TRAIN]:  70%|██████▉   | 2814/4032 [04:40<01:50, 11.04it/s, Loss=0.012438, Pos=0.012261, Vel=0.00008809]Epoch 1/200 [TRAIN]:  70%|██████▉   | 2816/4032 [04:40<01:52, 10.78it/s, Loss=0.012438, Pos=0.012261, Vel=0.00008809]Epoch 1/200 [TRAIN]:  70%|██████▉   | 2816/4032 [04:40<01:52, 10.78it/s, Loss=0.012438, Pos=0.012261, Vel=0.00008812]Epoch 1/200 [TRAIN]:  70%|██████▉   | 2816/4032 [04:40<01:52, 10.78it/s, Loss=0.012434, Pos=0.012258, Vel=0.00008810]Epoch 1/200 [TRAIN]:  70%|██████▉   | 2818/4032 [04:40<01:44, 11.64it/s, Loss=0.012434, Pos=0.012258, Vel=0.00008810]Epoch 1/200 [TRAIN]:  70%|██████▉   | 2818/4032 [04:40<01:44, 11.64it/s, Loss=0.012432, Pos=0.012256, Vel=0.00008808]Epoch 1/200 [TRAIN]:  70%|██████▉   | 2818/4032 [04:41<01:44, 11.64it/s, Loss=0.012432, Pos=0.012256, Vel=0.00008807]Epoch 1/200 [TRAIN]:  70%|██████▉   | 2820/4032 [04:41<01:48, 11.20it/s, Loss=0.012432, Pos=0.012256, Vel=0.00008807]Epoch 1/200 [TRAIN]:  70%|██████▉   | 2820/4032 [04:41<01:48, 11.20it/s, Loss=0.012431, Pos=0.012255, Vel=0.00008807]Epoch 1/200 [TRAIN]:  70%|██████▉   | 2820/4032 [04:41<01:48, 11.20it/s, Loss=0.012431, Pos=0.012255, Vel=0.00008806]Epoch 1/200 [TRAIN]:  70%|██████▉   | 2822/4032 [04:41<01:38, 12.28it/s, Loss=0.012431, Pos=0.012255, Vel=0.00008806]Epoch 1/200 [TRAIN]:  70%|██████▉   | 2822/4032 [04:41<01:38, 12.28it/s, Loss=0.012430, Pos=0.012254, Vel=0.00008806]Epoch 1/200 [TRAIN]:  70%|██████▉   | 2822/4032 [04:41<01:38, 12.28it/s, Loss=0.012428, Pos=0.012252, Vel=0.00008804]Epoch 1/200 [TRAIN]:  70%|███████   | 2824/4032 [04:41<01:44, 11.56it/s, Loss=0.012428, Pos=0.012252, Vel=0.00008804]Epoch 1/200 [TRAIN]:  70%|███████   | 2824/4032 [04:41<01:44, 11.56it/s, Loss=0.012430, Pos=0.012254, Vel=0.00008802]Epoch 1/200 [TRAIN]:  70%|███████   | 2824/4032 [04:41<01:44, 11.56it/s, Loss=0.012430, Pos=0.012254, Vel=0.00008807]Epoch 1/200 [TRAIN]:  70%|███████   | 2826/4032 [04:41<01:48, 11.14it/s, Loss=0.012430, Pos=0.012254, Vel=0.00008807]Epoch 1/200 [TRAIN]:  70%|███████   | 2826/4032 [04:41<01:48, 11.14it/s, Loss=0.012431, Pos=0.012255, Vel=0.00008808]Epoch 1/200 [TRAIN]:  70%|███████   | 2826/4032 [04:41<01:48, 11.14it/s, Loss=0.012430, Pos=0.012254, Vel=0.00008807]Epoch 1/200 [TRAIN]:  70%|███████   | 2828/4032 [04:41<01:51, 10.83it/s, Loss=0.012430, Pos=0.012254, Vel=0.00008807]Epoch 1/200 [TRAIN]:  70%|███████   | 2828/4032 [04:41<01:51, 10.83it/s, Loss=0.012429, Pos=0.012253, Vel=0.00008805]Epoch 1/200 [TRAIN]:  70%|███████   | 2828/4032 [04:41<01:51, 10.83it/s, Loss=0.012427, Pos=0.012251, Vel=0.00008806]Epoch 1/200 [TRAIN]:  70%|███████   | 2830/4032 [04:41<01:41, 11.88it/s, Loss=0.012427, Pos=0.012251, Vel=0.00008806]Epoch 1/200 [TRAIN]:  70%|███████   | 2830/4032 [04:41<01:41, 11.88it/s, Loss=0.012426, Pos=0.012250, Vel=0.00008805]Epoch 1/200 [TRAIN]:  70%|███████   | 2830/4032 [04:42<01:41, 11.88it/s, Loss=0.012424, Pos=0.012248, Vel=0.00008805]Epoch 1/200 [TRAIN]:  70%|███████   | 2832/4032 [04:42<01:44, 11.50it/s, Loss=0.012424, Pos=0.012248, Vel=0.00008805]Epoch 1/200 [TRAIN]:  70%|███████   | 2832/4032 [04:42<01:44, 11.50it/s, Loss=0.012421, Pos=0.012245, Vel=0.00008804]Epoch 1/200 [TRAIN]:  70%|███████   | 2832/4032 [04:42<01:44, 11.50it/s, Loss=0.012419, Pos=0.012243, Vel=0.00008804]Epoch 1/200 [TRAIN]:  70%|███████   | 2834/4032 [04:42<01:40, 11.90it/s, Loss=0.012419, Pos=0.012243, Vel=0.00008804]Epoch 1/200 [TRAIN]:  70%|███████   | 2834/4032 [04:42<01:40, 11.90it/s, Loss=0.012418, Pos=0.012242, Vel=0.00008805]Epoch 1/200 [TRAIN]:  70%|███████   | 2834/4032 [04:42<01:40, 11.90it/s, Loss=0.012427, Pos=0.012250, Vel=0.00008803]Epoch 1/200 [TRAIN]:  70%|███████   | 2836/4032 [04:42<01:46, 11.27it/s, Loss=0.012427, Pos=0.012250, Vel=0.00008803]Epoch 1/200 [TRAIN]:  70%|███████   | 2836/4032 [04:42<01:46, 11.27it/s, Loss=0.012436, Pos=0.012260, Vel=0.00008802]Epoch 1/200 [TRAIN]:  70%|███████   | 2836/4032 [04:42<01:46, 11.27it/s, Loss=0.012434, Pos=0.012258, Vel=0.00008802]Epoch 1/200 [TRAIN]:  70%|███████   | 2838/4032 [04:42<01:49, 10.93it/s, Loss=0.012434, Pos=0.012258, Vel=0.00008802]Epoch 1/200 [TRAIN]:  70%|███████   | 2838/4032 [04:42<01:49, 10.93it/s, Loss=0.012433, Pos=0.012257, Vel=0.00008799]Epoch 1/200 [TRAIN]:  70%|███████   | 2838/4032 [04:42<01:49, 10.93it/s, Loss=0.012434, Pos=0.012258, Vel=0.00008798]Epoch 1/200 [TRAIN]:  70%|███████   | 2840/4032 [04:42<01:51, 10.68it/s, Loss=0.012434, Pos=0.012258, Vel=0.00008798]Epoch 1/200 [TRAIN]:  70%|███████   | 2840/4032 [04:42<01:51, 10.68it/s, Loss=0.012434, Pos=0.012258, Vel=0.00008796]Epoch 1/200 [TRAIN]:  70%|███████   | 2840/4032 [04:42<01:51, 10.68it/s, Loss=0.012431, Pos=0.012255, Vel=0.00008795]Epoch 1/200 [TRAIN]:  70%|███████   | 2842/4032 [04:42<01:52, 10.54it/s, Loss=0.012431, Pos=0.012255, Vel=0.00008795]Epoch 1/200 [TRAIN]:  70%|███████   | 2842/4032 [04:43<01:52, 10.54it/s, Loss=0.012428, Pos=0.012252, Vel=0.00008793]Epoch 1/200 [TRAIN]:  70%|███████   | 2842/4032 [04:43<01:52, 10.54it/s, Loss=0.012426, Pos=0.012250, Vel=0.00008792]Epoch 1/200 [TRAIN]:  71%|███████   | 2844/4032 [04:43<01:52, 10.53it/s, Loss=0.012426, Pos=0.012250, Vel=0.00008792]Epoch 1/200 [TRAIN]:  71%|███████   | 2844/4032 [04:43<01:52, 10.53it/s, Loss=0.012427, Pos=0.012252, Vel=0.00008793]Epoch 1/200 [TRAIN]:  71%|███████   | 2844/4032 [04:43<01:52, 10.53it/s, Loss=0.012429, Pos=0.012253, Vel=0.00008794]Epoch 1/200 [TRAIN]:  71%|███████   | 2846/4032 [04:43<01:53, 10.42it/s, Loss=0.012429, Pos=0.012253, Vel=0.00008794]Epoch 1/200 [TRAIN]:  71%|███████   | 2846/4032 [04:43<01:53, 10.42it/s, Loss=0.012426, Pos=0.012250, Vel=0.00008792]Epoch 1/200 [TRAIN]:  71%|███████   | 2846/4032 [04:43<01:53, 10.42it/s, Loss=0.012428, Pos=0.012252, Vel=0.00008794]Epoch 1/200 [TRAIN]:  71%|███████   | 2848/4032 [04:43<01:57, 10.10it/s, Loss=0.012428, Pos=0.012252, Vel=0.00008794]Epoch 1/200 [TRAIN]:  71%|███████   | 2848/4032 [04:43<01:57, 10.10it/s, Loss=0.012434, Pos=0.012258, Vel=0.00008794]Epoch 1/200 [TRAIN]:  71%|███████   | 2848/4032 [04:43<01:57, 10.10it/s, Loss=0.012432, Pos=0.012256, Vel=0.00008793]Epoch 1/200 [TRAIN]:  71%|███████   | 2850/4032 [04:43<02:00,  9.81it/s, Loss=0.012432, Pos=0.012256, Vel=0.00008793]Epoch 1/200 [TRAIN]:  71%|███████   | 2850/4032 [04:43<02:00,  9.81it/s, Loss=0.012432, Pos=0.012256, Vel=0.00008793]Epoch 1/200 [TRAIN]:  71%|███████   | 2851/4032 [04:43<02:02,  9.64it/s, Loss=0.012432, Pos=0.012256, Vel=0.00008793]Epoch 1/200 [TRAIN]:  71%|███████   | 2851/4032 [04:43<02:02,  9.64it/s, Loss=0.012428, Pos=0.012253, Vel=0.00008791]Epoch 1/200 [TRAIN]:  71%|███████   | 2851/4032 [04:44<02:02,  9.64it/s, Loss=0.012427, Pos=0.012252, Vel=0.00008790]Epoch 1/200 [TRAIN]:  71%|███████   | 2853/4032 [04:44<01:58,  9.92it/s, Loss=0.012427, Pos=0.012252, Vel=0.00008790]Epoch 1/200 [TRAIN]:  71%|███████   | 2853/4032 [04:44<01:58,  9.92it/s, Loss=0.012427, Pos=0.012251, Vel=0.00008789]Epoch 1/200 [TRAIN]:  71%|███████   | 2853/4032 [04:44<01:58,  9.92it/s, Loss=0.012424, Pos=0.012249, Vel=0.00008788]Epoch 1/200 [TRAIN]:  71%|███████   | 2855/4032 [04:44<01:49, 10.80it/s, Loss=0.012424, Pos=0.012249, Vel=0.00008788]Epoch 1/200 [TRAIN]:  71%|███████   | 2855/4032 [04:44<01:49, 10.80it/s, Loss=0.012424, Pos=0.012248, Vel=0.00008788]Epoch 1/200 [TRAIN]:  71%|███████   | 2855/4032 [04:44<01:49, 10.80it/s, Loss=0.012423, Pos=0.012248, Vel=0.00008786]Epoch 1/200 [TRAIN]:  71%|███████   | 2857/4032 [04:44<01:54, 10.29it/s, Loss=0.012423, Pos=0.012248, Vel=0.00008786]Epoch 1/200 [TRAIN]:  71%|███████   | 2857/4032 [04:44<01:54, 10.29it/s, Loss=0.012421, Pos=0.012246, Vel=0.00008785]Epoch 1/200 [TRAIN]:  71%|███████   | 2857/4032 [04:44<01:54, 10.29it/s, Loss=0.012419, Pos=0.012243, Vel=0.00008783]Epoch 1/200 [TRAIN]:  71%|███████   | 2859/4032 [04:44<01:51, 10.51it/s, Loss=0.012419, Pos=0.012243, Vel=0.00008783]Epoch 1/200 [TRAIN]:  71%|███████   | 2859/4032 [04:44<01:51, 10.51it/s, Loss=0.012416, Pos=0.012240, Vel=0.00008782]Epoch 1/200 [TRAIN]:  71%|███████   | 2859/4032 [04:44<01:51, 10.51it/s, Loss=0.012413, Pos=0.012237, Vel=0.00008781]Epoch 1/200 [TRAIN]:  71%|███████   | 2861/4032 [04:44<01:46, 11.00it/s, Loss=0.012413, Pos=0.012237, Vel=0.00008781]Epoch 1/200 [TRAIN]:  71%|███████   | 2861/4032 [04:44<01:46, 11.00it/s, Loss=0.012411, Pos=0.012235, Vel=0.00008782]Epoch 1/200 [TRAIN]:  71%|███████   | 2861/4032 [04:45<01:46, 11.00it/s, Loss=0.012408, Pos=0.012233, Vel=0.00008781]Epoch 1/200 [TRAIN]:  71%|███████   | 2863/4032 [04:45<01:51, 10.45it/s, Loss=0.012408, Pos=0.012233, Vel=0.00008781]Epoch 1/200 [TRAIN]:  71%|███████   | 2863/4032 [04:45<01:51, 10.45it/s, Loss=0.012405, Pos=0.012230, Vel=0.00008782]Epoch 1/200 [TRAIN]:  71%|███████   | 2863/4032 [04:45<01:51, 10.45it/s, Loss=0.012405, Pos=0.012229, Vel=0.00008783]Epoch 1/200 [TRAIN]:  71%|███████   | 2865/4032 [04:45<01:47, 10.84it/s, Loss=0.012405, Pos=0.012229, Vel=0.00008783]Epoch 1/200 [TRAIN]:  71%|███████   | 2865/4032 [04:45<01:47, 10.84it/s, Loss=0.012407, Pos=0.012231, Vel=0.00008783]Epoch 1/200 [TRAIN]:  71%|███████   | 2865/4032 [04:45<01:47, 10.84it/s, Loss=0.012405, Pos=0.012229, Vel=0.00008785]Epoch 1/200 [TRAIN]:  71%|███████   | 2867/4032 [04:45<01:52, 10.39it/s, Loss=0.012405, Pos=0.012229, Vel=0.00008785]Epoch 1/200 [TRAIN]:  71%|███████   | 2867/4032 [04:45<01:52, 10.39it/s, Loss=0.012402, Pos=0.012226, Vel=0.00008784]Epoch 1/200 [TRAIN]:  71%|███████   | 2867/4032 [04:45<01:52, 10.39it/s, Loss=0.012412, Pos=0.012236, Vel=0.00008782]Epoch 1/200 [TRAIN]:  71%|███████   | 2869/4032 [04:45<01:56,  9.95it/s, Loss=0.012412, Pos=0.012236, Vel=0.00008782]Epoch 1/200 [TRAIN]:  71%|███████   | 2869/4032 [04:45<01:56,  9.95it/s, Loss=0.012413, Pos=0.012237, Vel=0.00008781]Epoch 1/200 [TRAIN]:  71%|███████   | 2869/4032 [04:45<01:56,  9.95it/s, Loss=0.012414, Pos=0.012238, Vel=0.00008780]Epoch 1/200 [TRAIN]:  71%|███████   | 2871/4032 [04:45<01:58,  9.83it/s, Loss=0.012414, Pos=0.012238, Vel=0.00008780]Epoch 1/200 [TRAIN]:  71%|███████   | 2871/4032 [04:45<01:58,  9.83it/s, Loss=0.012413, Pos=0.012237, Vel=0.00008778]Epoch 1/200 [TRAIN]:  71%|███████   | 2872/4032 [04:45<01:58,  9.78it/s, Loss=0.012413, Pos=0.012237, Vel=0.00008778]Epoch 1/200 [TRAIN]:  71%|███████   | 2872/4032 [04:46<01:58,  9.78it/s, Loss=0.012412, Pos=0.012236, Vel=0.00008778]Epoch 1/200 [TRAIN]:  71%|███████▏  | 2873/4032 [04:46<01:58,  9.78it/s, Loss=0.012412, Pos=0.012236, Vel=0.00008778]Epoch 1/200 [TRAIN]:  71%|███████▏  | 2873/4032 [04:46<01:58,  9.78it/s, Loss=0.012413, Pos=0.012237, Vel=0.00008778]Epoch 1/200 [TRAIN]:  71%|███████▏  | 2874/4032 [04:46<01:59,  9.71it/s, Loss=0.012413, Pos=0.012237, Vel=0.00008778]Epoch 1/200 [TRAIN]:  71%|███████▏  | 2874/4032 [04:46<01:59,  9.71it/s, Loss=0.012436, Pos=0.012260, Vel=0.00008780]Epoch 1/200 [TRAIN]:  71%|███████▏  | 2875/4032 [04:46<01:58,  9.73it/s, Loss=0.012436, Pos=0.012260, Vel=0.00008780]Epoch 1/200 [TRAIN]:  71%|███████▏  | 2875/4032 [04:46<01:58,  9.73it/s, Loss=0.012435, Pos=0.012260, Vel=0.00008779]Epoch 1/200 [TRAIN]:  71%|███████▏  | 2876/4032 [04:46<02:06,  9.17it/s, Loss=0.012435, Pos=0.012260, Vel=0.00008779]Epoch 1/200 [TRAIN]:  71%|███████▏  | 2876/4032 [04:46<02:06,  9.17it/s, Loss=0.012437, Pos=0.012261, Vel=0.00008778]Epoch 1/200 [TRAIN]:  71%|███████▏  | 2877/4032 [04:46<02:03,  9.32it/s, Loss=0.012437, Pos=0.012261, Vel=0.00008778]Epoch 1/200 [TRAIN]:  71%|███████▏  | 2877/4032 [04:46<02:03,  9.32it/s, Loss=0.012433, Pos=0.012257, Vel=0.00008776]Epoch 1/200 [TRAIN]:  71%|███████▏  | 2878/4032 [04:46<02:03,  9.37it/s, Loss=0.012433, Pos=0.012257, Vel=0.00008776]Epoch 1/200 [TRAIN]:  71%|███████▏  | 2878/4032 [04:46<02:03,  9.37it/s, Loss=0.012433, Pos=0.012257, Vel=0.00008777]Epoch 1/200 [TRAIN]:  71%|███████▏  | 2879/4032 [04:46<02:01,  9.52it/s, Loss=0.012433, Pos=0.012257, Vel=0.00008777]Epoch 1/200 [TRAIN]:  71%|███████▏  | 2879/4032 [04:46<02:01,  9.52it/s, Loss=0.012437, Pos=0.012261, Vel=0.00008776]Epoch 1/200 [TRAIN]:  71%|███████▏  | 2879/4032 [04:46<02:01,  9.52it/s, Loss=0.012434, Pos=0.012259, Vel=0.00008775]Epoch 1/200 [TRAIN]:  71%|███████▏  | 2881/4032 [04:46<01:53, 10.10it/s, Loss=0.012434, Pos=0.012259, Vel=0.00008775]Epoch 1/200 [TRAIN]:  71%|███████▏  | 2881/4032 [04:46<01:53, 10.10it/s, Loss=0.012432, Pos=0.012257, Vel=0.00008773]Epoch 1/200 [TRAIN]:  71%|███████▏  | 2882/4032 [04:46<01:58,  9.67it/s, Loss=0.012432, Pos=0.012257, Vel=0.00008773]Epoch 1/200 [TRAIN]:  71%|███████▏  | 2882/4032 [04:47<01:58,  9.67it/s, Loss=0.012430, Pos=0.012255, Vel=0.00008771]Epoch 1/200 [TRAIN]:  72%|███████▏  | 2883/4032 [04:47<01:57,  9.74it/s, Loss=0.012430, Pos=0.012255, Vel=0.00008771]Epoch 1/200 [TRAIN]:  72%|███████▏  | 2883/4032 [04:47<01:57,  9.74it/s, Loss=0.012427, Pos=0.012252, Vel=0.00008772]Epoch 1/200 [TRAIN]:  72%|███████▏  | 2884/4032 [04:47<02:00,  9.55it/s, Loss=0.012427, Pos=0.012252, Vel=0.00008772]Epoch 1/200 [TRAIN]:  72%|███████▏  | 2884/4032 [04:47<02:00,  9.55it/s, Loss=0.012426, Pos=0.012251, Vel=0.00008770]Epoch 1/200 [TRAIN]:  72%|███████▏  | 2885/4032 [04:47<01:59,  9.61it/s, Loss=0.012426, Pos=0.012251, Vel=0.00008770]Epoch 1/200 [TRAIN]:  72%|███████▏  | 2885/4032 [04:47<01:59,  9.61it/s, Loss=0.012427, Pos=0.012252, Vel=0.00008770]Epoch 1/200 [TRAIN]:  72%|███████▏  | 2886/4032 [04:47<02:01,  9.44it/s, Loss=0.012427, Pos=0.012252, Vel=0.00008770]Epoch 1/200 [TRAIN]:  72%|███████▏  | 2886/4032 [04:47<02:01,  9.44it/s, Loss=0.012424, Pos=0.012248, Vel=0.00008769]Epoch 1/200 [TRAIN]:  72%|███████▏  | 2887/4032 [04:47<02:01,  9.39it/s, Loss=0.012424, Pos=0.012248, Vel=0.00008769]Epoch 1/200 [TRAIN]:  72%|███████▏  | 2887/4032 [04:47<02:01,  9.39it/s, Loss=0.012455, Pos=0.012280, Vel=0.00008772]Epoch 1/200 [TRAIN]:  72%|███████▏  | 2888/4032 [04:47<02:01,  9.43it/s, Loss=0.012455, Pos=0.012280, Vel=0.00008772]Epoch 1/200 [TRAIN]:  72%|███████▏  | 2888/4032 [04:47<02:01,  9.43it/s, Loss=0.012451, Pos=0.012276, Vel=0.00008771]Epoch 1/200 [TRAIN]:  72%|███████▏  | 2889/4032 [04:47<02:02,  9.32it/s, Loss=0.012451, Pos=0.012276, Vel=0.00008771]Epoch 1/200 [TRAIN]:  72%|███████▏  | 2889/4032 [04:47<02:02,  9.32it/s, Loss=0.012448, Pos=0.012273, Vel=0.00008770]Epoch 1/200 [TRAIN]:  72%|███████▏  | 2890/4032 [04:47<02:03,  9.22it/s, Loss=0.012448, Pos=0.012273, Vel=0.00008770]Epoch 1/200 [TRAIN]:  72%|███████▏  | 2890/4032 [04:47<02:03,  9.22it/s, Loss=0.012448, Pos=0.012273, Vel=0.00008769]Epoch 1/200 [TRAIN]:  72%|███████▏  | 2891/4032 [04:47<02:02,  9.32it/s, Loss=0.012448, Pos=0.012273, Vel=0.00008769]Epoch 1/200 [TRAIN]:  72%|███████▏  | 2891/4032 [04:48<02:02,  9.32it/s, Loss=0.012446, Pos=0.012271, Vel=0.00008767]Epoch 1/200 [TRAIN]:  72%|███████▏  | 2892/4032 [04:48<02:05,  9.09it/s, Loss=0.012446, Pos=0.012271, Vel=0.00008767]Epoch 1/200 [TRAIN]:  72%|███████▏  | 2892/4032 [04:48<02:05,  9.09it/s, Loss=0.012443, Pos=0.012268, Vel=0.00008768]Epoch 1/200 [TRAIN]:  72%|███████▏  | 2892/4032 [04:48<02:05,  9.09it/s, Loss=0.012441, Pos=0.012266, Vel=0.00008766]Epoch 1/200 [TRAIN]:  72%|███████▏  | 2894/4032 [04:48<01:44, 10.90it/s, Loss=0.012441, Pos=0.012266, Vel=0.00008766]Epoch 1/200 [TRAIN]:  72%|███████▏  | 2894/4032 [04:48<01:44, 10.90it/s, Loss=0.012447, Pos=0.012271, Vel=0.00008779]Epoch 1/200 [TRAIN]:  72%|███████▏  | 2894/4032 [04:48<01:44, 10.90it/s, Loss=0.012453, Pos=0.012277, Vel=0.00008781]Epoch 1/200 [TRAIN]:  72%|███████▏  | 2896/4032 [04:48<01:51, 10.21it/s, Loss=0.012453, Pos=0.012277, Vel=0.00008781]Epoch 1/200 [TRAIN]:  72%|███████▏  | 2896/4032 [04:48<01:51, 10.21it/s, Loss=0.012453, Pos=0.012277, Vel=0.00008780]Epoch 1/200 [TRAIN]:  72%|███████▏  | 2896/4032 [04:48<01:51, 10.21it/s, Loss=0.012455, Pos=0.012280, Vel=0.00008779]Epoch 1/200 [TRAIN]:  72%|███████▏  | 2898/4032 [04:48<01:55,  9.82it/s, Loss=0.012455, Pos=0.012280, Vel=0.00008779]Epoch 1/200 [TRAIN]:  72%|███████▏  | 2898/4032 [04:48<01:55,  9.82it/s, Loss=0.012457, Pos=0.012281, Vel=0.00008778]Epoch 1/200 [TRAIN]:  72%|███████▏  | 2899/4032 [04:48<01:56,  9.77it/s, Loss=0.012457, Pos=0.012281, Vel=0.00008778]Epoch 1/200 [TRAIN]:  72%|███████▏  | 2899/4032 [04:48<01:56,  9.77it/s, Loss=0.012459, Pos=0.012283, Vel=0.00008779]Epoch 1/200 [TRAIN]:  72%|███████▏  | 2900/4032 [04:48<01:57,  9.67it/s, Loss=0.012459, Pos=0.012283, Vel=0.00008779]Epoch 1/200 [TRAIN]:  72%|███████▏  | 2900/4032 [04:48<01:57,  9.67it/s, Loss=0.012459, Pos=0.012284, Vel=0.00008779]Epoch 1/200 [TRAIN]:  72%|███████▏  | 2901/4032 [04:48<01:56,  9.68it/s, Loss=0.012459, Pos=0.012284, Vel=0.00008779]Epoch 1/200 [TRAIN]:  72%|███████▏  | 2901/4032 [04:49<01:56,  9.68it/s, Loss=0.012459, Pos=0.012284, Vel=0.00008781]Epoch 1/200 [TRAIN]:  72%|███████▏  | 2902/4032 [04:49<01:57,  9.59it/s, Loss=0.012459, Pos=0.012284, Vel=0.00008781]Epoch 1/200 [TRAIN]:  72%|███████▏  | 2902/4032 [04:49<01:57,  9.59it/s, Loss=0.012456, Pos=0.012281, Vel=0.00008779]Epoch 1/200 [TRAIN]:  72%|███████▏  | 2903/4032 [04:49<01:57,  9.57it/s, Loss=0.012456, Pos=0.012281, Vel=0.00008779]Epoch 1/200 [TRAIN]:  72%|███████▏  | 2903/4032 [04:49<01:57,  9.57it/s, Loss=0.012462, Pos=0.012286, Vel=0.00008784]Epoch 1/200 [TRAIN]:  72%|███████▏  | 2904/4032 [04:49<02:00,  9.40it/s, Loss=0.012462, Pos=0.012286, Vel=0.00008784]Epoch 1/200 [TRAIN]:  72%|███████▏  | 2904/4032 [04:49<02:00,  9.40it/s, Loss=0.012461, Pos=0.012286, Vel=0.00008785]Epoch 1/200 [TRAIN]:  72%|███████▏  | 2905/4032 [04:49<02:01,  9.28it/s, Loss=0.012461, Pos=0.012286, Vel=0.00008785]Epoch 1/200 [TRAIN]:  72%|███████▏  | 2905/4032 [04:49<02:01,  9.28it/s, Loss=0.012460, Pos=0.012285, Vel=0.00008783]Epoch 1/200 [TRAIN]:  72%|███████▏  | 2906/4032 [04:49<02:00,  9.34it/s, Loss=0.012460, Pos=0.012285, Vel=0.00008783]Epoch 1/200 [TRAIN]:  72%|███████▏  | 2906/4032 [04:49<02:00,  9.34it/s, Loss=0.012459, Pos=0.012284, Vel=0.00008780]Epoch 1/200 [TRAIN]:  72%|███████▏  | 2907/4032 [04:49<01:59,  9.39it/s, Loss=0.012459, Pos=0.012284, Vel=0.00008780]Epoch 1/200 [TRAIN]:  72%|███████▏  | 2907/4032 [04:49<01:59,  9.39it/s, Loss=0.012456, Pos=0.012280, Vel=0.00008778]Epoch 1/200 [TRAIN]:  72%|███████▏  | 2908/4032 [04:49<02:00,  9.37it/s, Loss=0.012456, Pos=0.012280, Vel=0.00008778]Epoch 1/200 [TRAIN]:  72%|███████▏  | 2908/4032 [04:49<02:00,  9.37it/s, Loss=0.012458, Pos=0.012282, Vel=0.00008777]Epoch 1/200 [TRAIN]:  72%|███████▏  | 2908/4032 [04:49<02:00,  9.37it/s, Loss=0.012457, Pos=0.012282, Vel=0.00008775]Epoch 1/200 [TRAIN]:  72%|███████▏  | 2910/4032 [04:49<01:42, 10.89it/s, Loss=0.012457, Pos=0.012282, Vel=0.00008775]Epoch 1/200 [TRAIN]:  72%|███████▏  | 2910/4032 [04:49<01:42, 10.89it/s, Loss=0.012456, Pos=0.012280, Vel=0.00008774]Epoch 1/200 [TRAIN]:  72%|███████▏  | 2910/4032 [04:50<01:42, 10.89it/s, Loss=0.012457, Pos=0.012282, Vel=0.00008775]Epoch 1/200 [TRAIN]:  72%|███████▏  | 2912/4032 [04:50<01:47, 10.44it/s, Loss=0.012457, Pos=0.012282, Vel=0.00008775]Epoch 1/200 [TRAIN]:  72%|███████▏  | 2912/4032 [04:50<01:47, 10.44it/s, Loss=0.012456, Pos=0.012281, Vel=0.00008780]Epoch 1/200 [TRAIN]:  72%|███████▏  | 2912/4032 [04:50<01:47, 10.44it/s, Loss=0.012454, Pos=0.012278, Vel=0.00008778]Epoch 1/200 [TRAIN]:  72%|███████▏  | 2914/4032 [04:50<01:40, 11.18it/s, Loss=0.012454, Pos=0.012278, Vel=0.00008778]Epoch 1/200 [TRAIN]:  72%|███████▏  | 2914/4032 [04:50<01:40, 11.18it/s, Loss=0.012451, Pos=0.012275, Vel=0.00008776]Epoch 1/200 [TRAIN]:  72%|███████▏  | 2914/4032 [04:50<01:40, 11.18it/s, Loss=0.012450, Pos=0.012274, Vel=0.00008775]Epoch 1/200 [TRAIN]:  72%|███████▏  | 2916/4032 [04:50<01:48, 10.27it/s, Loss=0.012450, Pos=0.012274, Vel=0.00008775]Epoch 1/200 [TRAIN]:  72%|███████▏  | 2916/4032 [04:50<01:48, 10.27it/s, Loss=0.012449, Pos=0.012274, Vel=0.00008774]Epoch 1/200 [TRAIN]:  72%|███████▏  | 2916/4032 [04:50<01:48, 10.27it/s, Loss=0.012450, Pos=0.012274, Vel=0.00008775]Epoch 1/200 [TRAIN]:  72%|███████▏  | 2918/4032 [04:50<01:50, 10.12it/s, Loss=0.012450, Pos=0.012274, Vel=0.00008775]Epoch 1/200 [TRAIN]:  72%|███████▏  | 2918/4032 [04:50<01:50, 10.12it/s, Loss=0.012451, Pos=0.012276, Vel=0.00008774]Epoch 1/200 [TRAIN]:  72%|███████▏  | 2918/4032 [04:50<01:50, 10.12it/s, Loss=0.012448, Pos=0.012273, Vel=0.00008771]Epoch 1/200 [TRAIN]:  72%|███████▏  | 2920/4032 [04:50<01:52,  9.92it/s, Loss=0.012448, Pos=0.012273, Vel=0.00008771]Epoch 1/200 [TRAIN]:  72%|███████▏  | 2920/4032 [04:50<01:52,  9.92it/s, Loss=0.012457, Pos=0.012282, Vel=0.00008780]Epoch 1/200 [TRAIN]:  72%|███████▏  | 2920/4032 [04:51<01:52,  9.92it/s, Loss=0.012456, Pos=0.012280, Vel=0.00008779]Epoch 1/200 [TRAIN]:  72%|███████▏  | 2922/4032 [04:51<01:54,  9.69it/s, Loss=0.012456, Pos=0.012280, Vel=0.00008779]Epoch 1/200 [TRAIN]:  72%|███████▏  | 2922/4032 [04:51<01:54,  9.69it/s, Loss=0.012456, Pos=0.012280, Vel=0.00008777]Epoch 1/200 [TRAIN]:  72%|███████▏  | 2923/4032 [04:51<01:57,  9.43it/s, Loss=0.012456, Pos=0.012280, Vel=0.00008777]Epoch 1/200 [TRAIN]:  72%|███████▏  | 2923/4032 [04:51<01:57,  9.43it/s, Loss=0.012453, Pos=0.012278, Vel=0.00008775]Epoch 1/200 [TRAIN]:  72%|███████▏  | 2923/4032 [04:51<01:57,  9.43it/s, Loss=0.012450, Pos=0.012274, Vel=0.00008773]Epoch 1/200 [TRAIN]:  73%|███████▎  | 2925/4032 [04:51<01:57,  9.44it/s, Loss=0.012450, Pos=0.012274, Vel=0.00008773]Epoch 1/200 [TRAIN]:  73%|███████▎  | 2925/4032 [04:51<01:57,  9.44it/s, Loss=0.012448, Pos=0.012272, Vel=0.00008773]Epoch 1/200 [TRAIN]:  73%|███████▎  | 2925/4032 [04:51<01:57,  9.44it/s, Loss=0.012445, Pos=0.012269, Vel=0.00008772]Epoch 1/200 [TRAIN]:  73%|███████▎  | 2927/4032 [04:51<01:58,  9.34it/s, Loss=0.012445, Pos=0.012269, Vel=0.00008772]Epoch 1/200 [TRAIN]:  73%|███████▎  | 2927/4032 [04:51<01:58,  9.34it/s, Loss=0.012444, Pos=0.012269, Vel=0.00008770]Epoch 1/200 [TRAIN]:  73%|███████▎  | 2928/4032 [04:51<01:56,  9.45it/s, Loss=0.012444, Pos=0.012269, Vel=0.00008770]Epoch 1/200 [TRAIN]:  73%|███████▎  | 2928/4032 [04:51<01:56,  9.45it/s, Loss=0.012446, Pos=0.012270, Vel=0.00008770]Epoch 1/200 [TRAIN]:  73%|███████▎  | 2929/4032 [04:51<01:56,  9.46it/s, Loss=0.012446, Pos=0.012270, Vel=0.00008770]Epoch 1/200 [TRAIN]:  73%|███████▎  | 2929/4032 [04:51<01:56,  9.46it/s, Loss=0.012444, Pos=0.012269, Vel=0.00008767]Epoch 1/200 [TRAIN]:  73%|███████▎  | 2930/4032 [04:51<02:00,  9.12it/s, Loss=0.012444, Pos=0.012269, Vel=0.00008767]Epoch 1/200 [TRAIN]:  73%|███████▎  | 2930/4032 [04:52<02:00,  9.12it/s, Loss=0.012443, Pos=0.012268, Vel=0.00008766]Epoch 1/200 [TRAIN]:  73%|███████▎  | 2930/4032 [04:52<02:00,  9.12it/s, Loss=0.012450, Pos=0.012275, Vel=0.00008764]Epoch 1/200 [TRAIN]:  73%|███████▎  | 2932/4032 [04:52<01:57,  9.35it/s, Loss=0.012450, Pos=0.012275, Vel=0.00008764]Epoch 1/200 [TRAIN]:  73%|███████▎  | 2932/4032 [04:52<01:57,  9.35it/s, Loss=0.012447, Pos=0.012272, Vel=0.00008762]Epoch 1/200 [TRAIN]:  73%|███████▎  | 2933/4032 [04:52<01:58,  9.27it/s, Loss=0.012447, Pos=0.012272, Vel=0.00008762]Epoch 1/200 [TRAIN]:  73%|███████▎  | 2933/4032 [04:52<01:58,  9.27it/s, Loss=0.012445, Pos=0.012270, Vel=0.00008760]Epoch 1/200 [TRAIN]:  73%|███████▎  | 2934/4032 [04:52<01:58,  9.26it/s, Loss=0.012445, Pos=0.012270, Vel=0.00008760]Epoch 1/200 [TRAIN]:  73%|███████▎  | 2934/4032 [04:52<01:58,  9.26it/s, Loss=0.012443, Pos=0.012268, Vel=0.00008759]Epoch 1/200 [TRAIN]:  73%|███████▎  | 2935/4032 [04:52<01:58,  9.22it/s, Loss=0.012443, Pos=0.012268, Vel=0.00008759]Epoch 1/200 [TRAIN]:  73%|███████▎  | 2935/4032 [04:52<01:58,  9.22it/s, Loss=0.012443, Pos=0.012268, Vel=0.00008758]Epoch 1/200 [TRAIN]:  73%|███████▎  | 2936/4032 [04:52<01:59,  9.17it/s, Loss=0.012443, Pos=0.012268, Vel=0.00008758]Epoch 1/200 [TRAIN]:  73%|███████▎  | 2936/4032 [04:52<01:59,  9.17it/s, Loss=0.012442, Pos=0.012267, Vel=0.00008757]Epoch 1/200 [TRAIN]:  73%|███████▎  | 2937/4032 [04:52<01:58,  9.20it/s, Loss=0.012442, Pos=0.012267, Vel=0.00008757]Epoch 1/200 [TRAIN]:  73%|███████▎  | 2937/4032 [04:52<01:58,  9.20it/s, Loss=0.012448, Pos=0.012273, Vel=0.00008760]Epoch 1/200 [TRAIN]:  73%|███████▎  | 2938/4032 [04:52<01:58,  9.23it/s, Loss=0.012448, Pos=0.012273, Vel=0.00008760]Epoch 1/200 [TRAIN]:  73%|███████▎  | 2938/4032 [04:52<01:58,  9.23it/s, Loss=0.012446, Pos=0.012271, Vel=0.00008759]Epoch 1/200 [TRAIN]:  73%|███████▎  | 2939/4032 [04:52<01:58,  9.25it/s, Loss=0.012446, Pos=0.012271, Vel=0.00008759]Epoch 1/200 [TRAIN]:  73%|███████▎  | 2939/4032 [04:53<01:58,  9.25it/s, Loss=0.012444, Pos=0.012269, Vel=0.00008760]Epoch 1/200 [TRAIN]:  73%|███████▎  | 2940/4032 [04:53<01:59,  9.17it/s, Loss=0.012444, Pos=0.012269, Vel=0.00008760]Epoch 1/200 [TRAIN]:  73%|███████▎  | 2940/4032 [04:53<01:59,  9.17it/s, Loss=0.012445, Pos=0.012270, Vel=0.00008760]Epoch 1/200 [TRAIN]:  73%|███████▎  | 2941/4032 [04:53<01:59,  9.16it/s, Loss=0.012445, Pos=0.012270, Vel=0.00008760]Epoch 1/200 [TRAIN]:  73%|███████▎  | 2941/4032 [04:53<01:59,  9.16it/s, Loss=0.012445, Pos=0.012270, Vel=0.00008759]Epoch 1/200 [TRAIN]:  73%|███████▎  | 2942/4032 [04:53<02:03,  8.86it/s, Loss=0.012445, Pos=0.012270, Vel=0.00008759]Epoch 1/200 [TRAIN]:  73%|███████▎  | 2942/4032 [04:53<02:03,  8.86it/s, Loss=0.012442, Pos=0.012267, Vel=0.00008759]Epoch 1/200 [TRAIN]:  73%|███████▎  | 2942/4032 [04:53<02:03,  8.86it/s, Loss=0.012440, Pos=0.012264, Vel=0.00008758]Epoch 1/200 [TRAIN]:  73%|███████▎  | 2944/4032 [04:53<01:59,  9.08it/s, Loss=0.012440, Pos=0.012264, Vel=0.00008758]Epoch 1/200 [TRAIN]:  73%|███████▎  | 2944/4032 [04:53<01:59,  9.08it/s, Loss=0.012439, Pos=0.012264, Vel=0.00008759]Epoch 1/200 [TRAIN]:  73%|███████▎  | 2945/4032 [04:53<01:57,  9.27it/s, Loss=0.012439, Pos=0.012264, Vel=0.00008759]Epoch 1/200 [TRAIN]:  73%|███████▎  | 2945/4032 [04:53<01:57,  9.27it/s, Loss=0.012437, Pos=0.012262, Vel=0.00008758]Epoch 1/200 [TRAIN]:  73%|███████▎  | 2946/4032 [04:53<01:58,  9.18it/s, Loss=0.012437, Pos=0.012262, Vel=0.00008758]Epoch 1/200 [TRAIN]:  73%|███████▎  | 2946/4032 [04:53<01:58,  9.18it/s, Loss=0.012436, Pos=0.012261, Vel=0.00008755]Epoch 1/200 [TRAIN]:  73%|███████▎  | 2947/4032 [04:53<01:58,  9.12it/s, Loss=0.012436, Pos=0.012261, Vel=0.00008755]Epoch 1/200 [TRAIN]:  73%|███████▎  | 2947/4032 [04:53<01:58,  9.12it/s, Loss=0.012433, Pos=0.012258, Vel=0.00008754]Epoch 1/200 [TRAIN]:  73%|███████▎  | 2948/4032 [04:53<02:00,  9.02it/s, Loss=0.012433, Pos=0.012258, Vel=0.00008754]Epoch 1/200 [TRAIN]:  73%|███████▎  | 2948/4032 [04:54<02:00,  9.02it/s, Loss=0.012431, Pos=0.012255, Vel=0.00008753]Epoch 1/200 [TRAIN]:  73%|███████▎  | 2949/4032 [04:54<02:00,  9.00it/s, Loss=0.012431, Pos=0.012255, Vel=0.00008753]Epoch 1/200 [TRAIN]:  73%|███████▎  | 2949/4032 [04:54<02:00,  9.00it/s, Loss=0.012429, Pos=0.012254, Vel=0.00008752]Epoch 1/200 [TRAIN]:  73%|███████▎  | 2949/4032 [04:54<02:00,  9.00it/s, Loss=0.012426, Pos=0.012251, Vel=0.00008750]Epoch 1/200 [TRAIN]:  73%|███████▎  | 2951/4032 [04:54<01:45, 10.29it/s, Loss=0.012426, Pos=0.012251, Vel=0.00008750]Epoch 1/200 [TRAIN]:  73%|███████▎  | 2951/4032 [04:54<01:45, 10.29it/s, Loss=0.012425, Pos=0.012250, Vel=0.00008749]Epoch 1/200 [TRAIN]:  73%|███████▎  | 2951/4032 [04:54<01:45, 10.29it/s, Loss=0.012428, Pos=0.012253, Vel=0.00008749]Epoch 1/200 [TRAIN]:  73%|███████▎  | 2953/4032 [04:54<01:52,  9.56it/s, Loss=0.012428, Pos=0.012253, Vel=0.00008749]Epoch 1/200 [TRAIN]:  73%|███████▎  | 2953/4032 [04:54<01:52,  9.56it/s, Loss=0.012431, Pos=0.012256, Vel=0.00008750]Epoch 1/200 [TRAIN]:  73%|███████▎  | 2954/4032 [04:54<01:52,  9.60it/s, Loss=0.012431, Pos=0.012256, Vel=0.00008750]Epoch 1/200 [TRAIN]:  73%|███████▎  | 2954/4032 [04:54<01:52,  9.60it/s, Loss=0.012439, Pos=0.012264, Vel=0.00008753]Epoch 1/200 [TRAIN]:  73%|███████▎  | 2955/4032 [04:54<01:54,  9.41it/s, Loss=0.012439, Pos=0.012264, Vel=0.00008753]Epoch 1/200 [TRAIN]:  73%|███████▎  | 2955/4032 [04:54<01:54,  9.41it/s, Loss=0.012437, Pos=0.012262, Vel=0.00008751]Epoch 1/200 [TRAIN]:  73%|███████▎  | 2956/4032 [04:54<01:55,  9.29it/s, Loss=0.012437, Pos=0.012262, Vel=0.00008751]Epoch 1/200 [TRAIN]:  73%|███████▎  | 2956/4032 [04:54<01:55,  9.29it/s, Loss=0.012436, Pos=0.012261, Vel=0.00008750]Epoch 1/200 [TRAIN]:  73%|███████▎  | 2957/4032 [04:54<01:57,  9.18it/s, Loss=0.012436, Pos=0.012261, Vel=0.00008750]Epoch 1/200 [TRAIN]:  73%|███████▎  | 2957/4032 [04:54<01:57,  9.18it/s, Loss=0.012434, Pos=0.012259, Vel=0.00008749]Epoch 1/200 [TRAIN]:  73%|███████▎  | 2958/4032 [04:54<01:57,  9.14it/s, Loss=0.012434, Pos=0.012259, Vel=0.00008749]Epoch 1/200 [TRAIN]:  73%|███████▎  | 2958/4032 [04:55<01:57,  9.14it/s, Loss=0.012436, Pos=0.012261, Vel=0.00008748]Epoch 1/200 [TRAIN]:  73%|███████▎  | 2959/4032 [04:55<01:57,  9.13it/s, Loss=0.012436, Pos=0.012261, Vel=0.00008748]Epoch 1/200 [TRAIN]:  73%|███████▎  | 2959/4032 [04:55<01:57,  9.13it/s, Loss=0.012437, Pos=0.012262, Vel=0.00008750]Epoch 1/200 [TRAIN]:  73%|███████▎  | 2960/4032 [04:55<01:57,  9.16it/s, Loss=0.012437, Pos=0.012262, Vel=0.00008750]Epoch 1/200 [TRAIN]:  73%|███████▎  | 2960/4032 [04:55<01:57,  9.16it/s, Loss=0.012436, Pos=0.012261, Vel=0.00008748]Epoch 1/200 [TRAIN]:  73%|███████▎  | 2961/4032 [04:55<01:56,  9.21it/s, Loss=0.012436, Pos=0.012261, Vel=0.00008748]Epoch 1/200 [TRAIN]:  73%|███████▎  | 2961/4032 [04:55<01:56,  9.21it/s, Loss=0.012434, Pos=0.012259, Vel=0.00008747]Epoch 1/200 [TRAIN]:  73%|███████▎  | 2962/4032 [04:55<01:55,  9.23it/s, Loss=0.012434, Pos=0.012259, Vel=0.00008747]Epoch 1/200 [TRAIN]:  73%|███████▎  | 2962/4032 [04:55<01:55,  9.23it/s, Loss=0.012435, Pos=0.012260, Vel=0.00008746]Epoch 1/200 [TRAIN]:  73%|███████▎  | 2963/4032 [04:55<01:56,  9.21it/s, Loss=0.012435, Pos=0.012260, Vel=0.00008746]Epoch 1/200 [TRAIN]:  73%|███████▎  | 2963/4032 [04:55<01:56,  9.21it/s, Loss=0.012431, Pos=0.012257, Vel=0.00008744]Epoch 1/200 [TRAIN]:  74%|███████▎  | 2964/4032 [04:55<01:54,  9.37it/s, Loss=0.012431, Pos=0.012257, Vel=0.00008744]Epoch 1/200 [TRAIN]:  74%|███████▎  | 2964/4032 [04:55<01:54,  9.37it/s, Loss=0.012429, Pos=0.012255, Vel=0.00008743]Epoch 1/200 [TRAIN]:  74%|███████▎  | 2965/4032 [04:55<01:52,  9.47it/s, Loss=0.012429, Pos=0.012255, Vel=0.00008743]Epoch 1/200 [TRAIN]:  74%|███████▎  | 2965/4032 [04:55<01:52,  9.47it/s, Loss=0.012429, Pos=0.012255, Vel=0.00008741]Epoch 1/200 [TRAIN]:  74%|███████▎  | 2965/4032 [04:55<01:52,  9.47it/s, Loss=0.012433, Pos=0.012258, Vel=0.00008739]Epoch 1/200 [TRAIN]:  74%|███████▎  | 2967/4032 [04:55<01:48,  9.86it/s, Loss=0.012433, Pos=0.012258, Vel=0.00008739]Epoch 1/200 [TRAIN]:  74%|███████▎  | 2967/4032 [04:56<01:48,  9.86it/s, Loss=0.012433, Pos=0.012258, Vel=0.00008738]Epoch 1/200 [TRAIN]:  74%|███████▎  | 2968/4032 [04:56<01:48,  9.79it/s, Loss=0.012433, Pos=0.012258, Vel=0.00008738]Epoch 1/200 [TRAIN]:  74%|███████▎  | 2968/4032 [04:56<01:48,  9.79it/s, Loss=0.012429, Pos=0.012254, Vel=0.00008735]Epoch 1/200 [TRAIN]:  74%|███████▎  | 2969/4032 [04:56<01:49,  9.71it/s, Loss=0.012429, Pos=0.012254, Vel=0.00008735]Epoch 1/200 [TRAIN]:  74%|███████▎  | 2969/4032 [04:56<01:49,  9.71it/s, Loss=0.012427, Pos=0.012252, Vel=0.00008735]Epoch 1/200 [TRAIN]:  74%|███████▎  | 2970/4032 [04:56<01:50,  9.57it/s, Loss=0.012427, Pos=0.012252, Vel=0.00008735]Epoch 1/200 [TRAIN]:  74%|███████▎  | 2970/4032 [04:56<01:50,  9.57it/s, Loss=0.012425, Pos=0.012250, Vel=0.00008733]Epoch 1/200 [TRAIN]:  74%|███████▎  | 2971/4032 [04:56<01:52,  9.43it/s, Loss=0.012425, Pos=0.012250, Vel=0.00008733]Epoch 1/200 [TRAIN]:  74%|███████▎  | 2971/4032 [04:56<01:52,  9.43it/s, Loss=0.012421, Pos=0.012247, Vel=0.00008730]Epoch 1/200 [TRAIN]:  74%|███████▎  | 2972/4032 [04:56<01:53,  9.38it/s, Loss=0.012421, Pos=0.012247, Vel=0.00008730]Epoch 1/200 [TRAIN]:  74%|███████▎  | 2972/4032 [04:56<01:53,  9.38it/s, Loss=0.012418, Pos=0.012244, Vel=0.00008728]Epoch 1/200 [TRAIN]:  74%|███████▎  | 2972/4032 [04:56<01:53,  9.38it/s, Loss=0.012415, Pos=0.012240, Vel=0.00008726]Epoch 1/200 [TRAIN]:  74%|███████▍  | 2974/4032 [04:56<01:48,  9.71it/s, Loss=0.012415, Pos=0.012240, Vel=0.00008726]Epoch 1/200 [TRAIN]:  74%|███████▍  | 2974/4032 [04:56<01:48,  9.71it/s, Loss=0.012414, Pos=0.012240, Vel=0.00008724]Epoch 1/200 [TRAIN]:  74%|███████▍  | 2974/4032 [04:56<01:48,  9.71it/s, Loss=0.012414, Pos=0.012240, Vel=0.00008722]Epoch 1/200 [TRAIN]:  74%|███████▍  | 2976/4032 [04:56<01:48,  9.69it/s, Loss=0.012414, Pos=0.012240, Vel=0.00008722]Epoch 1/200 [TRAIN]:  74%|███████▍  | 2976/4032 [04:56<01:48,  9.69it/s, Loss=0.012413, Pos=0.012238, Vel=0.00008721]Epoch 1/200 [TRAIN]:  74%|███████▍  | 2977/4032 [04:56<01:51,  9.43it/s, Loss=0.012413, Pos=0.012238, Vel=0.00008721]Epoch 1/200 [TRAIN]:  74%|███████▍  | 2977/4032 [04:57<01:51,  9.43it/s, Loss=0.012409, Pos=0.012235, Vel=0.00008719]Epoch 1/200 [TRAIN]:  74%|███████▍  | 2977/4032 [04:57<01:51,  9.43it/s, Loss=0.012407, Pos=0.012233, Vel=0.00008717]Epoch 1/200 [TRAIN]:  74%|███████▍  | 2979/4032 [04:57<01:51,  9.47it/s, Loss=0.012407, Pos=0.012233, Vel=0.00008717]Epoch 1/200 [TRAIN]:  74%|███████▍  | 2979/4032 [04:57<01:51,  9.47it/s, Loss=0.012408, Pos=0.012233, Vel=0.00008716]Epoch 1/200 [TRAIN]:  74%|███████▍  | 2980/4032 [04:57<01:51,  9.40it/s, Loss=0.012408, Pos=0.012233, Vel=0.00008716]Epoch 1/200 [TRAIN]:  74%|███████▍  | 2980/4032 [04:57<01:51,  9.40it/s, Loss=0.012405, Pos=0.012231, Vel=0.00008714]Epoch 1/200 [TRAIN]:  74%|███████▍  | 2980/4032 [04:57<01:51,  9.40it/s, Loss=0.012404, Pos=0.012230, Vel=0.00008713]Epoch 1/200 [TRAIN]:  74%|███████▍  | 2982/4032 [04:57<01:37, 10.75it/s, Loss=0.012404, Pos=0.012230, Vel=0.00008713]Epoch 1/200 [TRAIN]:  74%|███████▍  | 2982/4032 [04:57<01:37, 10.75it/s, Loss=0.012401, Pos=0.012227, Vel=0.00008714]Epoch 1/200 [TRAIN]:  74%|███████▍  | 2982/4032 [04:57<01:37, 10.75it/s, Loss=0.012404, Pos=0.012230, Vel=0.00008713]Epoch 1/200 [TRAIN]:  74%|███████▍  | 2984/4032 [04:57<01:41, 10.32it/s, Loss=0.012404, Pos=0.012230, Vel=0.00008713]Epoch 1/200 [TRAIN]:  74%|███████▍  | 2984/4032 [04:57<01:41, 10.32it/s, Loss=0.012402, Pos=0.012228, Vel=0.00008711]Epoch 1/200 [TRAIN]:  74%|███████▍  | 2984/4032 [04:57<01:41, 10.32it/s, Loss=0.012399, Pos=0.012225, Vel=0.00008709]Epoch 1/200 [TRAIN]:  74%|███████▍  | 2986/4032 [04:57<01:45,  9.92it/s, Loss=0.012399, Pos=0.012225, Vel=0.00008709]Epoch 1/200 [TRAIN]:  74%|███████▍  | 2986/4032 [04:57<01:45,  9.92it/s, Loss=0.012397, Pos=0.012222, Vel=0.00008709]Epoch 1/200 [TRAIN]:  74%|███████▍  | 2986/4032 [04:58<01:45,  9.92it/s, Loss=0.012403, Pos=0.012229, Vel=0.00008709]Epoch 1/200 [TRAIN]:  74%|███████▍  | 2988/4032 [04:58<01:46,  9.79it/s, Loss=0.012403, Pos=0.012229, Vel=0.00008709]Epoch 1/200 [TRAIN]:  74%|███████▍  | 2988/4032 [04:58<01:46,  9.79it/s, Loss=0.012401, Pos=0.012227, Vel=0.00008712]Epoch 1/200 [TRAIN]:  74%|███████▍  | 2989/4032 [04:58<01:47,  9.67it/s, Loss=0.012401, Pos=0.012227, Vel=0.00008712]Epoch 1/200 [TRAIN]:  74%|███████▍  | 2989/4032 [04:58<01:47,  9.67it/s, Loss=0.012402, Pos=0.012227, Vel=0.00008712]Epoch 1/200 [TRAIN]:  74%|███████▍  | 2990/4032 [04:58<01:49,  9.54it/s, Loss=0.012402, Pos=0.012227, Vel=0.00008712]Epoch 1/200 [TRAIN]:  74%|███████▍  | 2990/4032 [04:58<01:49,  9.54it/s, Loss=0.012405, Pos=0.012230, Vel=0.00008714]Epoch 1/200 [TRAIN]:  74%|███████▍  | 2991/4032 [04:58<01:50,  9.45it/s, Loss=0.012405, Pos=0.012230, Vel=0.00008714]Epoch 1/200 [TRAIN]:  74%|███████▍  | 2991/4032 [04:58<01:50,  9.45it/s, Loss=0.012412, Pos=0.012238, Vel=0.00008715]Epoch 1/200 [TRAIN]:  74%|███████▍  | 2992/4032 [04:58<01:50,  9.40it/s, Loss=0.012412, Pos=0.012238, Vel=0.00008715]Epoch 1/200 [TRAIN]:  74%|███████▍  | 2992/4032 [04:58<01:50,  9.40it/s, Loss=0.012416, Pos=0.012241, Vel=0.00008718]Epoch 1/200 [TRAIN]:  74%|███████▍  | 2993/4032 [04:58<01:49,  9.47it/s, Loss=0.012416, Pos=0.012241, Vel=0.00008718]Epoch 1/200 [TRAIN]:  74%|███████▍  | 2993/4032 [04:58<01:49,  9.47it/s, Loss=0.012415, Pos=0.012240, Vel=0.00008716]Epoch 1/200 [TRAIN]:  74%|███████▍  | 2994/4032 [04:58<01:51,  9.35it/s, Loss=0.012415, Pos=0.012240, Vel=0.00008716]Epoch 1/200 [TRAIN]:  74%|███████▍  | 2994/4032 [04:58<01:51,  9.35it/s, Loss=0.012430, Pos=0.012256, Vel=0.00008714]Epoch 1/200 [TRAIN]:  74%|███████▍  | 2994/4032 [04:58<01:51,  9.35it/s, Loss=0.012429, Pos=0.012255, Vel=0.00008713]Epoch 1/200 [TRAIN]:  74%|███████▍  | 2996/4032 [04:58<01:25, 12.14it/s, Loss=0.012429, Pos=0.012255, Vel=0.00008713]Epoch 1/200 [TRAIN]:  74%|███████▍  | 2996/4032 [04:58<01:25, 12.14it/s, Loss=0.012429, Pos=0.012255, Vel=0.00008711]Epoch 1/200 [TRAIN]:  74%|███████▍  | 2996/4032 [04:59<01:25, 12.14it/s, Loss=0.012434, Pos=0.012259, Vel=0.00008715]Epoch 1/200 [TRAIN]:  74%|███████▍  | 2998/4032 [04:59<01:33, 11.08it/s, Loss=0.012434, Pos=0.012259, Vel=0.00008715]Epoch 1/200 [TRAIN]:  74%|███████▍  | 2998/4032 [04:59<01:33, 11.08it/s, Loss=0.012432, Pos=0.012257, Vel=0.00008715]Epoch 1/200 [TRAIN]:  74%|███████▍  | 2998/4032 [04:59<01:33, 11.08it/s, Loss=0.012429, Pos=0.012255, Vel=0.00008713]Epoch 1/200 [TRAIN]:  74%|███████▍  | 3000/4032 [04:59<01:34, 10.88it/s, Loss=0.012429, Pos=0.012255, Vel=0.00008713]Epoch 1/200 [TRAIN]:  74%|███████▍  | 3000/4032 [04:59<01:34, 10.88it/s, Loss=0.012427, Pos=0.012252, Vel=0.00008710]Epoch 1/200 [TRAIN]:  74%|███████▍  | 3000/4032 [04:59<01:34, 10.88it/s, Loss=0.012429, Pos=0.012255, Vel=0.00008710]Epoch 1/200 [TRAIN]:  74%|███████▍  | 3002/4032 [04:59<01:27, 11.82it/s, Loss=0.012429, Pos=0.012255, Vel=0.00008710]Epoch 1/200 [TRAIN]:  74%|███████▍  | 3002/4032 [04:59<01:27, 11.82it/s, Loss=0.012450, Pos=0.012276, Vel=0.00008713]Epoch 1/200 [TRAIN]:  74%|███████▍  | 3002/4032 [04:59<01:27, 11.82it/s, Loss=0.012451, Pos=0.012277, Vel=0.00008713]Epoch 1/200 [TRAIN]:  75%|███████▍  | 3004/4032 [04:59<01:30, 11.30it/s, Loss=0.012451, Pos=0.012277, Vel=0.00008713]Epoch 1/200 [TRAIN]:  75%|███████▍  | 3004/4032 [04:59<01:30, 11.30it/s, Loss=0.012450, Pos=0.012275, Vel=0.00008715]Epoch 1/200 [TRAIN]:  75%|███████▍  | 3004/4032 [04:59<01:30, 11.30it/s, Loss=0.012451, Pos=0.012276, Vel=0.00008713]Epoch 1/200 [TRAIN]:  75%|███████▍  | 3006/4032 [04:59<01:37, 10.53it/s, Loss=0.012451, Pos=0.012276, Vel=0.00008713]Epoch 1/200 [TRAIN]:  75%|███████▍  | 3006/4032 [04:59<01:37, 10.53it/s, Loss=0.012452, Pos=0.012278, Vel=0.00008716]Epoch 1/200 [TRAIN]:  75%|███████▍  | 3006/4032 [04:59<01:37, 10.53it/s, Loss=0.012449, Pos=0.012275, Vel=0.00008715]Epoch 1/200 [TRAIN]:  75%|███████▍  | 3008/4032 [04:59<01:43,  9.93it/s, Loss=0.012449, Pos=0.012275, Vel=0.00008715]Epoch 1/200 [TRAIN]:  75%|███████▍  | 3008/4032 [05:00<01:43,  9.93it/s, Loss=0.012450, Pos=0.012275, Vel=0.00008713]Epoch 1/200 [TRAIN]:  75%|███████▍  | 3008/4032 [05:00<01:43,  9.93it/s, Loss=0.012447, Pos=0.012273, Vel=0.00008711]Epoch 1/200 [TRAIN]:  75%|███████▍  | 3010/4032 [05:00<01:47,  9.54it/s, Loss=0.012447, Pos=0.012273, Vel=0.00008711]Epoch 1/200 [TRAIN]:  75%|███████▍  | 3010/4032 [05:00<01:47,  9.54it/s, Loss=0.012448, Pos=0.012274, Vel=0.00008712]Epoch 1/200 [TRAIN]:  75%|███████▍  | 3011/4032 [05:00<01:46,  9.62it/s, Loss=0.012448, Pos=0.012274, Vel=0.00008712]Epoch 1/200 [TRAIN]:  75%|███████▍  | 3011/4032 [05:00<01:46,  9.62it/s, Loss=0.012446, Pos=0.012272, Vel=0.00008710]Epoch 1/200 [TRAIN]:  75%|███████▍  | 3012/4032 [05:00<01:48,  9.40it/s, Loss=0.012446, Pos=0.012272, Vel=0.00008710]Epoch 1/200 [TRAIN]:  75%|███████▍  | 3012/4032 [05:00<01:48,  9.40it/s, Loss=0.012445, Pos=0.012271, Vel=0.00008709]Epoch 1/200 [TRAIN]:  75%|███████▍  | 3012/4032 [05:00<01:48,  9.40it/s, Loss=0.012446, Pos=0.012271, Vel=0.00008708]Epoch 1/200 [TRAIN]:  75%|███████▍  | 3014/4032 [05:00<01:37, 10.48it/s, Loss=0.012446, Pos=0.012271, Vel=0.00008708]Epoch 1/200 [TRAIN]:  75%|███████▍  | 3014/4032 [05:00<01:37, 10.48it/s, Loss=0.012443, Pos=0.012268, Vel=0.00008706]Epoch 1/200 [TRAIN]:  75%|███████▍  | 3014/4032 [05:00<01:37, 10.48it/s, Loss=0.012447, Pos=0.012273, Vel=0.00008704]Epoch 1/200 [TRAIN]:  75%|███████▍  | 3016/4032 [05:00<01:39, 10.23it/s, Loss=0.012447, Pos=0.012273, Vel=0.00008704]Epoch 1/200 [TRAIN]:  75%|███████▍  | 3016/4032 [05:00<01:39, 10.23it/s, Loss=0.012447, Pos=0.012273, Vel=0.00008706]Epoch 1/200 [TRAIN]:  75%|███████▍  | 3016/4032 [05:00<01:39, 10.23it/s, Loss=0.012444, Pos=0.012270, Vel=0.00008704]Epoch 1/200 [TRAIN]:  75%|███████▍  | 3018/4032 [05:00<01:30, 11.20it/s, Loss=0.012444, Pos=0.012270, Vel=0.00008704]Epoch 1/200 [TRAIN]:  75%|███████▍  | 3018/4032 [05:01<01:30, 11.20it/s, Loss=0.012441, Pos=0.012267, Vel=0.00008702]Epoch 1/200 [TRAIN]:  75%|███████▍  | 3018/4032 [05:01<01:30, 11.20it/s, Loss=0.012443, Pos=0.012269, Vel=0.00008700]Epoch 1/200 [TRAIN]:  75%|███████▍  | 3020/4032 [05:01<01:31, 11.02it/s, Loss=0.012443, Pos=0.012269, Vel=0.00008700]Epoch 1/200 [TRAIN]:  75%|███████▍  | 3020/4032 [05:01<01:31, 11.02it/s, Loss=0.012446, Pos=0.012272, Vel=0.00008699]Epoch 1/200 [TRAIN]:  75%|███████▍  | 3020/4032 [05:01<01:31, 11.02it/s, Loss=0.012443, Pos=0.012269, Vel=0.00008698]Epoch 1/200 [TRAIN]:  75%|███████▍  | 3022/4032 [05:01<01:25, 11.81it/s, Loss=0.012443, Pos=0.012269, Vel=0.00008698]Epoch 1/200 [TRAIN]:  75%|███████▍  | 3022/4032 [05:01<01:25, 11.81it/s, Loss=0.012446, Pos=0.012272, Vel=0.00008701]Epoch 1/200 [TRAIN]:  75%|███████▍  | 3022/4032 [05:01<01:25, 11.81it/s, Loss=0.012450, Pos=0.012276, Vel=0.00008701]Epoch 1/200 [TRAIN]:  75%|███████▌  | 3024/4032 [05:01<01:30, 11.16it/s, Loss=0.012450, Pos=0.012276, Vel=0.00008701]Epoch 1/200 [TRAIN]:  75%|███████▌  | 3024/4032 [05:01<01:30, 11.16it/s, Loss=0.012446, Pos=0.012272, Vel=0.00008700]Epoch 1/200 [TRAIN]:  75%|███████▌  | 3024/4032 [05:01<01:30, 11.16it/s, Loss=0.012451, Pos=0.012277, Vel=0.00008698]Epoch 1/200 [TRAIN]:  75%|███████▌  | 3026/4032 [05:01<01:35, 10.52it/s, Loss=0.012451, Pos=0.012277, Vel=0.00008698]Epoch 1/200 [TRAIN]:  75%|███████▌  | 3026/4032 [05:01<01:35, 10.52it/s, Loss=0.012450, Pos=0.012276, Vel=0.00008697]Epoch 1/200 [TRAIN]:  75%|███████▌  | 3026/4032 [05:01<01:35, 10.52it/s, Loss=0.012449, Pos=0.012275, Vel=0.00008697]Epoch 1/200 [TRAIN]:  75%|███████▌  | 3028/4032 [05:01<01:22, 12.23it/s, Loss=0.012449, Pos=0.012275, Vel=0.00008697]Epoch 1/200 [TRAIN]:  75%|███████▌  | 3028/4032 [05:01<01:22, 12.23it/s, Loss=0.012447, Pos=0.012273, Vel=0.00008696]Epoch 1/200 [TRAIN]:  75%|███████▌  | 3028/4032 [05:01<01:22, 12.23it/s, Loss=0.012444, Pos=0.012270, Vel=0.00008695]Epoch 1/200 [TRAIN]:  75%|███████▌  | 3030/4032 [05:01<01:30, 11.09it/s, Loss=0.012444, Pos=0.012270, Vel=0.00008695]Epoch 1/200 [TRAIN]:  75%|███████▌  | 3030/4032 [05:02<01:30, 11.09it/s, Loss=0.012441, Pos=0.012267, Vel=0.00008693]Epoch 1/200 [TRAIN]:  75%|███████▌  | 3030/4032 [05:02<01:30, 11.09it/s, Loss=0.012442, Pos=0.012268, Vel=0.00008693]Epoch 1/200 [TRAIN]:  75%|███████▌  | 3032/4032 [05:02<01:24, 11.80it/s, Loss=0.012442, Pos=0.012268, Vel=0.00008693]Epoch 1/200 [TRAIN]:  75%|███████▌  | 3032/4032 [05:02<01:24, 11.80it/s, Loss=0.012440, Pos=0.012266, Vel=0.00008692]Epoch 1/200 [TRAIN]:  75%|███████▌  | 3032/4032 [05:02<01:24, 11.80it/s, Loss=0.012438, Pos=0.012264, Vel=0.00008691]Epoch 1/200 [TRAIN]:  75%|███████▌  | 3034/4032 [05:02<01:31, 10.87it/s, Loss=0.012438, Pos=0.012264, Vel=0.00008691]Epoch 1/200 [TRAIN]:  75%|███████▌  | 3034/4032 [05:02<01:31, 10.87it/s, Loss=0.012435, Pos=0.012261, Vel=0.00008690]Epoch 1/200 [TRAIN]:  75%|███████▌  | 3034/4032 [05:02<01:31, 10.87it/s, Loss=0.012438, Pos=0.012264, Vel=0.00008692]Epoch 1/200 [TRAIN]:  75%|███████▌  | 3036/4032 [05:02<01:29, 11.07it/s, Loss=0.012438, Pos=0.012264, Vel=0.00008692]Epoch 1/200 [TRAIN]:  75%|███████▌  | 3036/4032 [05:02<01:29, 11.07it/s, Loss=0.012434, Pos=0.012260, Vel=0.00008690]Epoch 1/200 [TRAIN]:  75%|███████▌  | 3036/4032 [05:02<01:29, 11.07it/s, Loss=0.012431, Pos=0.012257, Vel=0.00008688]Epoch 1/200 [TRAIN]:  75%|███████▌  | 3038/4032 [05:02<01:32, 10.76it/s, Loss=0.012431, Pos=0.012257, Vel=0.00008688]Epoch 1/200 [TRAIN]:  75%|███████▌  | 3038/4032 [05:02<01:32, 10.76it/s, Loss=0.012428, Pos=0.012254, Vel=0.00008687]Epoch 1/200 [TRAIN]:  75%|███████▌  | 3038/4032 [05:02<01:32, 10.76it/s, Loss=0.012427, Pos=0.012253, Vel=0.00008686]Epoch 1/200 [TRAIN]:  75%|███████▌  | 3040/4032 [05:02<01:35, 10.33it/s, Loss=0.012427, Pos=0.012253, Vel=0.00008686]Epoch 1/200 [TRAIN]:  75%|███████▌  | 3040/4032 [05:02<01:35, 10.33it/s, Loss=0.012424, Pos=0.012250, Vel=0.00008685]Epoch 1/200 [TRAIN]:  75%|███████▌  | 3040/4032 [05:03<01:35, 10.33it/s, Loss=0.012432, Pos=0.012258, Vel=0.00008689]Epoch 1/200 [TRAIN]:  75%|███████▌  | 3042/4032 [05:03<01:33, 10.61it/s, Loss=0.012432, Pos=0.012258, Vel=0.00008689]Epoch 1/200 [TRAIN]:  75%|███████▌  | 3042/4032 [05:03<01:33, 10.61it/s, Loss=0.012467, Pos=0.012293, Vel=0.00008694]Epoch 1/200 [TRAIN]:  75%|███████▌  | 3042/4032 [05:03<01:33, 10.61it/s, Loss=0.012465, Pos=0.012291, Vel=0.00008692]Epoch 1/200 [TRAIN]:  75%|███████▌  | 3044/4032 [05:03<01:36, 10.24it/s, Loss=0.012465, Pos=0.012291, Vel=0.00008692]Epoch 1/200 [TRAIN]:  75%|███████▌  | 3044/4032 [05:03<01:36, 10.24it/s, Loss=0.012462, Pos=0.012289, Vel=0.00008691]Epoch 1/200 [TRAIN]:  75%|███████▌  | 3044/4032 [05:03<01:36, 10.24it/s, Loss=0.012464, Pos=0.012290, Vel=0.00008692]Epoch 1/200 [TRAIN]:  76%|███████▌  | 3046/4032 [05:03<01:39,  9.89it/s, Loss=0.012464, Pos=0.012290, Vel=0.00008692]Epoch 1/200 [TRAIN]:  76%|███████▌  | 3046/4032 [05:03<01:39,  9.89it/s, Loss=0.012464, Pos=0.012290, Vel=0.00008691]Epoch 1/200 [TRAIN]:  76%|███████▌  | 3046/4032 [05:03<01:39,  9.89it/s, Loss=0.012464, Pos=0.012290, Vel=0.00008690]Epoch 1/200 [TRAIN]:  76%|███████▌  | 3048/4032 [05:03<01:38, 10.03it/s, Loss=0.012464, Pos=0.012290, Vel=0.00008690]Epoch 1/200 [TRAIN]:  76%|███████▌  | 3048/4032 [05:03<01:38, 10.03it/s, Loss=0.012463, Pos=0.012290, Vel=0.00008688]Epoch 1/200 [TRAIN]:  76%|███████▌  | 3048/4032 [05:03<01:38, 10.03it/s, Loss=0.012461, Pos=0.012288, Vel=0.00008688]Epoch 1/200 [TRAIN]:  76%|███████▌  | 3050/4032 [05:03<01:41,  9.64it/s, Loss=0.012461, Pos=0.012288, Vel=0.00008688]Epoch 1/200 [TRAIN]:  76%|███████▌  | 3050/4032 [05:04<01:41,  9.64it/s, Loss=0.012462, Pos=0.012288, Vel=0.00008686]Epoch 1/200 [TRAIN]:  76%|███████▌  | 3051/4032 [05:04<01:44,  9.42it/s, Loss=0.012462, Pos=0.012288, Vel=0.00008686]Epoch 1/200 [TRAIN]:  76%|███████▌  | 3051/4032 [05:04<01:44,  9.42it/s, Loss=0.012462, Pos=0.012289, Vel=0.00008689]Epoch 1/200 [TRAIN]:  76%|███████▌  | 3051/4032 [05:04<01:44,  9.42it/s, Loss=0.012467, Pos=0.012293, Vel=0.00008686]Epoch 1/200 [TRAIN]:  76%|███████▌  | 3053/4032 [05:04<01:42,  9.58it/s, Loss=0.012467, Pos=0.012293, Vel=0.00008686]Epoch 1/200 [TRAIN]:  76%|███████▌  | 3053/4032 [05:04<01:42,  9.58it/s, Loss=0.012464, Pos=0.012291, Vel=0.00008685]Epoch 1/200 [TRAIN]:  76%|███████▌  | 3054/4032 [05:04<01:43,  9.47it/s, Loss=0.012464, Pos=0.012291, Vel=0.00008685]Epoch 1/200 [TRAIN]:  76%|███████▌  | 3054/4032 [05:04<01:43,  9.47it/s, Loss=0.012473, Pos=0.012299, Vel=0.00008685]Epoch 1/200 [TRAIN]:  76%|███████▌  | 3055/4032 [05:04<01:44,  9.37it/s, Loss=0.012473, Pos=0.012299, Vel=0.00008685]Epoch 1/200 [TRAIN]:  76%|███████▌  | 3055/4032 [05:04<01:44,  9.37it/s, Loss=0.012476, Pos=0.012302, Vel=0.00008686]Epoch 1/200 [TRAIN]:  76%|███████▌  | 3056/4032 [05:04<01:46,  9.16it/s, Loss=0.012476, Pos=0.012302, Vel=0.00008686]Epoch 1/200 [TRAIN]:  76%|███████▌  | 3056/4032 [05:04<01:46,  9.16it/s, Loss=0.012473, Pos=0.012299, Vel=0.00008684]Epoch 1/200 [TRAIN]:  76%|███████▌  | 3057/4032 [05:04<01:44,  9.33it/s, Loss=0.012473, Pos=0.012299, Vel=0.00008684]Epoch 1/200 [TRAIN]:  76%|███████▌  | 3057/4032 [05:04<01:44,  9.33it/s, Loss=0.012470, Pos=0.012296, Vel=0.00008682]Epoch 1/200 [TRAIN]:  76%|███████▌  | 3057/4032 [05:04<01:44,  9.33it/s, Loss=0.012466, Pos=0.012292, Vel=0.00008681]Epoch 1/200 [TRAIN]:  76%|███████▌  | 3059/4032 [05:04<01:38,  9.91it/s, Loss=0.012466, Pos=0.012292, Vel=0.00008681]Epoch 1/200 [TRAIN]:  76%|███████▌  | 3059/4032 [05:05<01:38,  9.91it/s, Loss=0.012489, Pos=0.012315, Vel=0.00008683]Epoch 1/200 [TRAIN]:  76%|███████▌  | 3060/4032 [05:05<01:39,  9.78it/s, Loss=0.012489, Pos=0.012315, Vel=0.00008683]Epoch 1/200 [TRAIN]:  76%|███████▌  | 3060/4032 [05:05<01:39,  9.78it/s, Loss=0.012488, Pos=0.012314, Vel=0.00008683]Epoch 1/200 [TRAIN]:  76%|███████▌  | 3061/4032 [05:05<01:40,  9.66it/s, Loss=0.012488, Pos=0.012314, Vel=0.00008683]Epoch 1/200 [TRAIN]:  76%|███████▌  | 3061/4032 [05:05<01:40,  9.66it/s, Loss=0.012488, Pos=0.012314, Vel=0.00008682]Epoch 1/200 [TRAIN]:  76%|███████▌  | 3062/4032 [05:05<01:43,  9.38it/s, Loss=0.012488, Pos=0.012314, Vel=0.00008682]Epoch 1/200 [TRAIN]:  76%|███████▌  | 3062/4032 [05:05<01:43,  9.38it/s, Loss=0.012486, Pos=0.012312, Vel=0.00008681]Epoch 1/200 [TRAIN]:  76%|███████▌  | 3062/4032 [05:05<01:43,  9.38it/s, Loss=0.012482, Pos=0.012309, Vel=0.00008679]Epoch 1/200 [TRAIN]:  76%|███████▌  | 3064/4032 [05:05<01:42,  9.41it/s, Loss=0.012482, Pos=0.012309, Vel=0.00008679]Epoch 1/200 [TRAIN]:  76%|███████▌  | 3064/4032 [05:05<01:42,  9.41it/s, Loss=0.012482, Pos=0.012309, Vel=0.00008682]Epoch 1/200 [TRAIN]:  76%|███████▌  | 3064/4032 [05:05<01:42,  9.41it/s, Loss=0.012481, Pos=0.012307, Vel=0.00008680]Epoch 1/200 [TRAIN]:  76%|███████▌  | 3066/4032 [05:05<01:30, 10.63it/s, Loss=0.012481, Pos=0.012307, Vel=0.00008680]Epoch 1/200 [TRAIN]:  76%|███████▌  | 3066/4032 [05:05<01:30, 10.63it/s, Loss=0.012478, Pos=0.012305, Vel=0.00008678]Epoch 1/200 [TRAIN]:  76%|███████▌  | 3066/4032 [05:05<01:30, 10.63it/s, Loss=0.012476, Pos=0.012302, Vel=0.00008680]Epoch 1/200 [TRAIN]:  76%|███████▌  | 3068/4032 [05:05<01:22, 11.69it/s, Loss=0.012476, Pos=0.012302, Vel=0.00008680]Epoch 1/200 [TRAIN]:  76%|███████▌  | 3068/4032 [05:05<01:22, 11.69it/s, Loss=0.012474, Pos=0.012300, Vel=0.00008678]Epoch 1/200 [TRAIN]:  76%|███████▌  | 3068/4032 [05:05<01:22, 11.69it/s, Loss=0.012475, Pos=0.012302, Vel=0.00008677]Epoch 1/200 [TRAIN]:  76%|███████▌  | 3070/4032 [05:05<01:29, 10.75it/s, Loss=0.012475, Pos=0.012302, Vel=0.00008677]Epoch 1/200 [TRAIN]:  76%|███████▌  | 3070/4032 [05:06<01:29, 10.75it/s, Loss=0.012473, Pos=0.012299, Vel=0.00008677]Epoch 1/200 [TRAIN]:  76%|███████▌  | 3070/4032 [05:06<01:29, 10.75it/s, Loss=0.012470, Pos=0.012297, Vel=0.00008676]Epoch 1/200 [TRAIN]:  76%|███████▌  | 3072/4032 [05:06<01:30, 10.58it/s, Loss=0.012470, Pos=0.012297, Vel=0.00008676]Epoch 1/200 [TRAIN]:  76%|███████▌  | 3072/4032 [05:06<01:30, 10.58it/s, Loss=0.012471, Pos=0.012298, Vel=0.00008674]Epoch 1/200 [TRAIN]:  76%|███████▌  | 3072/4032 [05:06<01:30, 10.58it/s, Loss=0.012470, Pos=0.012297, Vel=0.00008673]Epoch 1/200 [TRAIN]:  76%|███████▌  | 3074/4032 [05:06<01:30, 10.57it/s, Loss=0.012470, Pos=0.012297, Vel=0.00008673]Epoch 1/200 [TRAIN]:  76%|███████▌  | 3074/4032 [05:06<01:30, 10.57it/s, Loss=0.012469, Pos=0.012295, Vel=0.00008674]Epoch 1/200 [TRAIN]:  76%|███████▌  | 3074/4032 [05:06<01:30, 10.57it/s, Loss=0.012466, Pos=0.012292, Vel=0.00008672]Epoch 1/200 [TRAIN]:  76%|███████▋  | 3076/4032 [05:06<01:32, 10.31it/s, Loss=0.012466, Pos=0.012292, Vel=0.00008672]Epoch 1/200 [TRAIN]:  76%|███████▋  | 3076/4032 [05:06<01:32, 10.31it/s, Loss=0.012463, Pos=0.012290, Vel=0.00008672]Epoch 1/200 [TRAIN]:  76%|███████▋  | 3076/4032 [05:06<01:32, 10.31it/s, Loss=0.012465, Pos=0.012292, Vel=0.00008672]Epoch 1/200 [TRAIN]:  76%|███████▋  | 3078/4032 [05:06<01:37,  9.80it/s, Loss=0.012465, Pos=0.012292, Vel=0.00008672]Epoch 1/200 [TRAIN]:  76%|███████▋  | 3078/4032 [05:06<01:37,  9.80it/s, Loss=0.012462, Pos=0.012289, Vel=0.00008671]Epoch 1/200 [TRAIN]:  76%|███████▋  | 3079/4032 [05:06<01:36,  9.84it/s, Loss=0.012462, Pos=0.012289, Vel=0.00008671]Epoch 1/200 [TRAIN]:  76%|███████▋  | 3079/4032 [05:06<01:36,  9.84it/s, Loss=0.012462, Pos=0.012288, Vel=0.00008670]Epoch 1/200 [TRAIN]:  76%|███████▋  | 3080/4032 [05:06<01:38,  9.65it/s, Loss=0.012462, Pos=0.012288, Vel=0.00008670]Epoch 1/200 [TRAIN]:  76%|███████▋  | 3080/4032 [05:07<01:38,  9.65it/s, Loss=0.012459, Pos=0.012286, Vel=0.00008669]Epoch 1/200 [TRAIN]:  76%|███████▋  | 3080/4032 [05:07<01:38,  9.65it/s, Loss=0.012469, Pos=0.012295, Vel=0.00008669]Epoch 1/200 [TRAIN]:  76%|███████▋  | 3082/4032 [05:07<01:30, 10.47it/s, Loss=0.012469, Pos=0.012295, Vel=0.00008669]Epoch 1/200 [TRAIN]:  76%|███████▋  | 3082/4032 [05:07<01:30, 10.47it/s, Loss=0.012467, Pos=0.012293, Vel=0.00008670]Epoch 1/200 [TRAIN]:  76%|███████▋  | 3082/4032 [05:07<01:30, 10.47it/s, Loss=0.012470, Pos=0.012297, Vel=0.00008669]Epoch 1/200 [TRAIN]:  76%|███████▋  | 3084/4032 [05:07<01:31, 10.38it/s, Loss=0.012470, Pos=0.012297, Vel=0.00008669]Epoch 1/200 [TRAIN]:  76%|███████▋  | 3084/4032 [05:07<01:31, 10.38it/s, Loss=0.012467, Pos=0.012294, Vel=0.00008668]Epoch 1/200 [TRAIN]:  76%|███████▋  | 3084/4032 [05:07<01:31, 10.38it/s, Loss=0.012469, Pos=0.012296, Vel=0.00008667]Epoch 1/200 [TRAIN]:  77%|███████▋  | 3086/4032 [05:07<01:34, 10.04it/s, Loss=0.012469, Pos=0.012296, Vel=0.00008667]Epoch 1/200 [TRAIN]:  77%|███████▋  | 3086/4032 [05:07<01:34, 10.04it/s, Loss=0.012471, Pos=0.012298, Vel=0.00008668]Epoch 1/200 [TRAIN]:  77%|███████▋  | 3086/4032 [05:07<01:34, 10.04it/s, Loss=0.012472, Pos=0.012298, Vel=0.00008670]Epoch 1/200 [TRAIN]:  77%|███████▋  | 3088/4032 [05:07<01:37,  9.65it/s, Loss=0.012472, Pos=0.012298, Vel=0.00008670]Epoch 1/200 [TRAIN]:  77%|███████▋  | 3088/4032 [05:07<01:37,  9.65it/s, Loss=0.012470, Pos=0.012297, Vel=0.00008667]Epoch 1/200 [TRAIN]:  77%|███████▋  | 3089/4032 [05:07<01:39,  9.47it/s, Loss=0.012470, Pos=0.012297, Vel=0.00008667]Epoch 1/200 [TRAIN]:  77%|███████▋  | 3089/4032 [05:07<01:39,  9.47it/s, Loss=0.012467, Pos=0.012294, Vel=0.00008667]Epoch 1/200 [TRAIN]:  77%|███████▋  | 3089/4032 [05:08<01:39,  9.47it/s, Loss=0.012465, Pos=0.012292, Vel=0.00008665]Epoch 1/200 [TRAIN]:  77%|███████▋  | 3091/4032 [05:08<01:30, 10.35it/s, Loss=0.012465, Pos=0.012292, Vel=0.00008665]Epoch 1/200 [TRAIN]:  77%|███████▋  | 3091/4032 [05:08<01:30, 10.35it/s, Loss=0.012462, Pos=0.012289, Vel=0.00008665]Epoch 1/200 [TRAIN]:  77%|███████▋  | 3091/4032 [05:08<01:30, 10.35it/s, Loss=0.012459, Pos=0.012286, Vel=0.00008665]Epoch 1/200 [TRAIN]:  77%|███████▋  | 3093/4032 [05:08<01:34,  9.98it/s, Loss=0.012459, Pos=0.012286, Vel=0.00008665]Epoch 1/200 [TRAIN]:  77%|███████▋  | 3093/4032 [05:08<01:34,  9.98it/s, Loss=0.012458, Pos=0.012284, Vel=0.00008665]Epoch 1/200 [TRAIN]:  77%|███████▋  | 3093/4032 [05:08<01:34,  9.98it/s, Loss=0.012457, Pos=0.012283, Vel=0.00008666]Epoch 1/200 [TRAIN]:  77%|███████▋  | 3095/4032 [05:08<01:28, 10.59it/s, Loss=0.012457, Pos=0.012283, Vel=0.00008666]Epoch 1/200 [TRAIN]:  77%|███████▋  | 3095/4032 [05:08<01:28, 10.59it/s, Loss=0.012455, Pos=0.012282, Vel=0.00008666]Epoch 1/200 [TRAIN]:  77%|███████▋  | 3095/4032 [05:08<01:28, 10.59it/s, Loss=0.012463, Pos=0.012289, Vel=0.00008666]Epoch 1/200 [TRAIN]:  77%|███████▋  | 3097/4032 [05:08<01:21, 11.52it/s, Loss=0.012463, Pos=0.012289, Vel=0.00008666]Epoch 1/200 [TRAIN]:  77%|███████▋  | 3097/4032 [05:08<01:21, 11.52it/s, Loss=0.012464, Pos=0.012291, Vel=0.00008666]Epoch 1/200 [TRAIN]:  77%|███████▋  | 3097/4032 [05:08<01:21, 11.52it/s, Loss=0.012463, Pos=0.012289, Vel=0.00008666]Epoch 1/200 [TRAIN]:  77%|███████▋  | 3099/4032 [05:08<01:22, 11.34it/s, Loss=0.012463, Pos=0.012289, Vel=0.00008666]Epoch 1/200 [TRAIN]:  77%|███████▋  | 3099/4032 [05:08<01:22, 11.34it/s, Loss=0.012460, Pos=0.012286, Vel=0.00008665]Epoch 1/200 [TRAIN]:  77%|███████▋  | 3099/4032 [05:08<01:22, 11.34it/s, Loss=0.012461, Pos=0.012288, Vel=0.00008663]Epoch 1/200 [TRAIN]:  77%|███████▋  | 3101/4032 [05:08<01:27, 10.61it/s, Loss=0.012461, Pos=0.012288, Vel=0.00008663]Epoch 1/200 [TRAIN]:  77%|███████▋  | 3101/4032 [05:09<01:27, 10.61it/s, Loss=0.012460, Pos=0.012286, Vel=0.00008662]Epoch 1/200 [TRAIN]:  77%|███████▋  | 3101/4032 [05:09<01:27, 10.61it/s, Loss=0.012457, Pos=0.012284, Vel=0.00008661]Epoch 1/200 [TRAIN]:  77%|███████▋  | 3103/4032 [05:09<01:28, 10.44it/s, Loss=0.012457, Pos=0.012284, Vel=0.00008661]Epoch 1/200 [TRAIN]:  77%|███████▋  | 3103/4032 [05:09<01:28, 10.44it/s, Loss=0.012458, Pos=0.012285, Vel=0.00008661]Epoch 1/200 [TRAIN]:  77%|███████▋  | 3103/4032 [05:09<01:28, 10.44it/s, Loss=0.012456, Pos=0.012283, Vel=0.00008663]Epoch 1/200 [TRAIN]:  77%|███████▋  | 3105/4032 [05:09<01:33,  9.90it/s, Loss=0.012456, Pos=0.012283, Vel=0.00008663]Epoch 1/200 [TRAIN]:  77%|███████▋  | 3105/4032 [05:09<01:33,  9.90it/s, Loss=0.012456, Pos=0.012283, Vel=0.00008663]Epoch 1/200 [TRAIN]:  77%|███████▋  | 3105/4032 [05:09<01:33,  9.90it/s, Loss=0.012456, Pos=0.012282, Vel=0.00008662]Epoch 1/200 [TRAIN]:  77%|███████▋  | 3107/4032 [05:09<01:36,  9.55it/s, Loss=0.012456, Pos=0.012282, Vel=0.00008662]Epoch 1/200 [TRAIN]:  77%|███████▋  | 3107/4032 [05:09<01:36,  9.55it/s, Loss=0.012455, Pos=0.012282, Vel=0.00008660]Epoch 1/200 [TRAIN]:  77%|███████▋  | 3107/4032 [05:09<01:36,  9.55it/s, Loss=0.012454, Pos=0.012281, Vel=0.00008664]Epoch 1/200 [TRAIN]:  77%|███████▋  | 3109/4032 [05:09<01:30, 10.19it/s, Loss=0.012454, Pos=0.012281, Vel=0.00008664]Epoch 1/200 [TRAIN]:  77%|███████▋  | 3109/4032 [05:09<01:30, 10.19it/s, Loss=0.012458, Pos=0.012285, Vel=0.00008664]Epoch 1/200 [TRAIN]:  77%|███████▋  | 3109/4032 [05:09<01:30, 10.19it/s, Loss=0.012456, Pos=0.012283, Vel=0.00008664]Epoch 1/200 [TRAIN]:  77%|███████▋  | 3111/4032 [05:09<01:32,  9.94it/s, Loss=0.012456, Pos=0.012283, Vel=0.00008664]Epoch 1/200 [TRAIN]:  77%|███████▋  | 3111/4032 [05:10<01:32,  9.94it/s, Loss=0.012456, Pos=0.012283, Vel=0.00008664]Epoch 1/200 [TRAIN]:  77%|███████▋  | 3111/4032 [05:10<01:32,  9.94it/s, Loss=0.012455, Pos=0.012282, Vel=0.00008666]Epoch 1/200 [TRAIN]:  77%|███████▋  | 3113/4032 [05:10<01:35,  9.67it/s, Loss=0.012455, Pos=0.012282, Vel=0.00008666]Epoch 1/200 [TRAIN]:  77%|███████▋  | 3113/4032 [05:10<01:35,  9.67it/s, Loss=0.012453, Pos=0.012280, Vel=0.00008664]Epoch 1/200 [TRAIN]:  77%|███████▋  | 3113/4032 [05:10<01:35,  9.67it/s, Loss=0.012453, Pos=0.012280, Vel=0.00008662]Epoch 1/200 [TRAIN]:  77%|███████▋  | 3115/4032 [05:10<01:35,  9.63it/s, Loss=0.012453, Pos=0.012280, Vel=0.00008662]Epoch 1/200 [TRAIN]:  77%|███████▋  | 3115/4032 [05:10<01:35,  9.63it/s, Loss=0.012451, Pos=0.012278, Vel=0.00008661]Epoch 1/200 [TRAIN]:  77%|███████▋  | 3115/4032 [05:10<01:35,  9.63it/s, Loss=0.012450, Pos=0.012277, Vel=0.00008660]Epoch 1/200 [TRAIN]:  77%|███████▋  | 3117/4032 [05:10<01:36,  9.52it/s, Loss=0.012450, Pos=0.012277, Vel=0.00008660]Epoch 1/200 [TRAIN]:  77%|███████▋  | 3117/4032 [05:10<01:36,  9.52it/s, Loss=0.012453, Pos=0.012280, Vel=0.00008661]Epoch 1/200 [TRAIN]:  77%|███████▋  | 3117/4032 [05:10<01:36,  9.52it/s, Loss=0.012452, Pos=0.012279, Vel=0.00008659]Epoch 1/200 [TRAIN]:  77%|███████▋  | 3119/4032 [05:10<01:36,  9.47it/s, Loss=0.012452, Pos=0.012279, Vel=0.00008659]Epoch 1/200 [TRAIN]:  77%|███████▋  | 3119/4032 [05:10<01:36,  9.47it/s, Loss=0.012453, Pos=0.012280, Vel=0.00008658]Epoch 1/200 [TRAIN]:  77%|███████▋  | 3120/4032 [05:10<01:36,  9.49it/s, Loss=0.012453, Pos=0.012280, Vel=0.00008658]Epoch 1/200 [TRAIN]:  77%|███████▋  | 3120/4032 [05:11<01:36,  9.49it/s, Loss=0.012451, Pos=0.012278, Vel=0.00008657]Epoch 1/200 [TRAIN]:  77%|███████▋  | 3120/4032 [05:11<01:36,  9.49it/s, Loss=0.012450, Pos=0.012277, Vel=0.00008655]Epoch 1/200 [TRAIN]:  77%|███████▋  | 3122/4032 [05:11<01:33,  9.69it/s, Loss=0.012450, Pos=0.012277, Vel=0.00008655]Epoch 1/200 [TRAIN]:  77%|███████▋  | 3122/4032 [05:11<01:33,  9.69it/s, Loss=0.012448, Pos=0.012275, Vel=0.00008654]Epoch 1/200 [TRAIN]:  77%|███████▋  | 3123/4032 [05:11<01:36,  9.47it/s, Loss=0.012448, Pos=0.012275, Vel=0.00008654]Epoch 1/200 [TRAIN]:  77%|███████▋  | 3123/4032 [05:11<01:36,  9.47it/s, Loss=0.012446, Pos=0.012273, Vel=0.00008652]Epoch 1/200 [TRAIN]:  77%|███████▋  | 3123/4032 [05:11<01:36,  9.47it/s, Loss=0.012445, Pos=0.012272, Vel=0.00008652]Epoch 1/200 [TRAIN]:  78%|███████▊  | 3125/4032 [05:11<01:34,  9.57it/s, Loss=0.012445, Pos=0.012272, Vel=0.00008652]Epoch 1/200 [TRAIN]:  78%|███████▊  | 3125/4032 [05:11<01:34,  9.57it/s, Loss=0.012445, Pos=0.012271, Vel=0.00008663]Epoch 1/200 [TRAIN]:  78%|███████▊  | 3125/4032 [05:11<01:34,  9.57it/s, Loss=0.012442, Pos=0.012269, Vel=0.00008661]Epoch 1/200 [TRAIN]:  78%|███████▊  | 3125/4032 [05:11<01:34,  9.57it/s, Loss=0.012442, Pos=0.012268, Vel=0.00008660]Epoch 1/200 [TRAIN]:  78%|███████▊  | 3128/4032 [05:11<01:19, 11.32it/s, Loss=0.012442, Pos=0.012268, Vel=0.00008660]Epoch 1/200 [TRAIN]:  78%|███████▊  | 3128/4032 [05:11<01:19, 11.32it/s, Loss=0.012440, Pos=0.012267, Vel=0.00008659]Epoch 1/200 [TRAIN]:  78%|███████▊  | 3128/4032 [05:11<01:19, 11.32it/s, Loss=0.012438, Pos=0.012265, Vel=0.00008657]Epoch 1/200 [TRAIN]:  78%|███████▊  | 3130/4032 [05:11<01:23, 10.78it/s, Loss=0.012438, Pos=0.012265, Vel=0.00008657]Epoch 1/200 [TRAIN]:  78%|███████▊  | 3130/4032 [05:11<01:23, 10.78it/s, Loss=0.012442, Pos=0.012269, Vel=0.00008658]Epoch 1/200 [TRAIN]:  78%|███████▊  | 3130/4032 [05:12<01:23, 10.78it/s, Loss=0.012439, Pos=0.012266, Vel=0.00008657]Epoch 1/200 [TRAIN]:  78%|███████▊  | 3132/4032 [05:12<01:27, 10.28it/s, Loss=0.012439, Pos=0.012266, Vel=0.00008657]Epoch 1/200 [TRAIN]:  78%|███████▊  | 3132/4032 [05:12<01:27, 10.28it/s, Loss=0.012442, Pos=0.012268, Vel=0.00008657]Epoch 1/200 [TRAIN]:  78%|███████▊  | 3132/4032 [05:12<01:27, 10.28it/s, Loss=0.012441, Pos=0.012268, Vel=0.00008657]Epoch 1/200 [TRAIN]:  78%|███████▊  | 3134/4032 [05:12<01:30,  9.95it/s, Loss=0.012441, Pos=0.012268, Vel=0.00008657]Epoch 1/200 [TRAIN]:  78%|███████▊  | 3134/4032 [05:12<01:30,  9.95it/s, Loss=0.012441, Pos=0.012268, Vel=0.00008658]Epoch 1/200 [TRAIN]:  78%|███████▊  | 3135/4032 [05:12<01:30,  9.92it/s, Loss=0.012441, Pos=0.012268, Vel=0.00008658]Epoch 1/200 [TRAIN]:  78%|███████▊  | 3135/4032 [05:12<01:30,  9.92it/s, Loss=0.012439, Pos=0.012266, Vel=0.00008657]Epoch 1/200 [TRAIN]:  78%|███████▊  | 3136/4032 [05:12<01:34,  9.50it/s, Loss=0.012439, Pos=0.012266, Vel=0.00008657]Epoch 1/200 [TRAIN]:  78%|███████▊  | 3136/4032 [05:12<01:34,  9.50it/s, Loss=0.012443, Pos=0.012270, Vel=0.00008656]Epoch 1/200 [TRAIN]:  78%|███████▊  | 3136/4032 [05:12<01:34,  9.50it/s, Loss=0.012441, Pos=0.012268, Vel=0.00008657]Epoch 1/200 [TRAIN]:  78%|███████▊  | 3138/4032 [05:12<01:35,  9.39it/s, Loss=0.012441, Pos=0.012268, Vel=0.00008657]Epoch 1/200 [TRAIN]:  78%|███████▊  | 3138/4032 [05:12<01:35,  9.39it/s, Loss=0.012440, Pos=0.012267, Vel=0.00008657]Epoch 1/200 [TRAIN]:  78%|███████▊  | 3139/4032 [05:12<01:33,  9.51it/s, Loss=0.012440, Pos=0.012267, Vel=0.00008657]Epoch 1/200 [TRAIN]:  78%|███████▊  | 3139/4032 [05:12<01:33,  9.51it/s, Loss=0.012443, Pos=0.012270, Vel=0.00008657]Epoch 1/200 [TRAIN]:  78%|███████▊  | 3139/4032 [05:12<01:33,  9.51it/s, Loss=0.012440, Pos=0.012267, Vel=0.00008655]Epoch 1/200 [TRAIN]:  78%|███████▊  | 3141/4032 [05:12<01:20, 11.02it/s, Loss=0.012440, Pos=0.012267, Vel=0.00008655]Epoch 1/200 [TRAIN]:  78%|███████▊  | 3141/4032 [05:13<01:20, 11.02it/s, Loss=0.012437, Pos=0.012264, Vel=0.00008653]Epoch 1/200 [TRAIN]:  78%|███████▊  | 3141/4032 [05:13<01:20, 11.02it/s, Loss=0.012434, Pos=0.012261, Vel=0.00008651]Epoch 1/200 [TRAIN]:  78%|███████▊  | 3143/4032 [05:13<01:16, 11.58it/s, Loss=0.012434, Pos=0.012261, Vel=0.00008651]Epoch 1/200 [TRAIN]:  78%|███████▊  | 3143/4032 [05:13<01:16, 11.58it/s, Loss=0.012431, Pos=0.012258, Vel=0.00008649]Epoch 1/200 [TRAIN]:  78%|███████▊  | 3143/4032 [05:13<01:16, 11.58it/s, Loss=0.012429, Pos=0.012256, Vel=0.00008648]Epoch 1/200 [TRAIN]:  78%|███████▊  | 3145/4032 [05:13<01:23, 10.63it/s, Loss=0.012429, Pos=0.012256, Vel=0.00008648]Epoch 1/200 [TRAIN]:  78%|███████▊  | 3145/4032 [05:13<01:23, 10.63it/s, Loss=0.012427, Pos=0.012254, Vel=0.00008647]Epoch 1/200 [TRAIN]:  78%|███████▊  | 3145/4032 [05:13<01:23, 10.63it/s, Loss=0.012424, Pos=0.012251, Vel=0.00008646]Epoch 1/200 [TRAIN]:  78%|███████▊  | 3147/4032 [05:13<01:25, 10.38it/s, Loss=0.012424, Pos=0.012251, Vel=0.00008646]Epoch 1/200 [TRAIN]:  78%|███████▊  | 3147/4032 [05:13<01:25, 10.38it/s, Loss=0.012424, Pos=0.012251, Vel=0.00008644]Epoch 1/200 [TRAIN]:  78%|███████▊  | 3147/4032 [05:13<01:25, 10.38it/s, Loss=0.012425, Pos=0.012252, Vel=0.00008643]Epoch 1/200 [TRAIN]:  78%|███████▊  | 3149/4032 [05:13<01:24, 10.43it/s, Loss=0.012425, Pos=0.012252, Vel=0.00008643]Epoch 1/200 [TRAIN]:  78%|███████▊  | 3149/4032 [05:13<01:24, 10.43it/s, Loss=0.012421, Pos=0.012248, Vel=0.00008643]Epoch 1/200 [TRAIN]:  78%|███████▊  | 3149/4032 [05:13<01:24, 10.43it/s, Loss=0.012419, Pos=0.012247, Vel=0.00008642]Epoch 1/200 [TRAIN]:  78%|███████▊  | 3151/4032 [05:13<01:24, 10.38it/s, Loss=0.012419, Pos=0.012247, Vel=0.00008642]Epoch 1/200 [TRAIN]:  78%|███████▊  | 3151/4032 [05:14<01:24, 10.38it/s, Loss=0.012417, Pos=0.012244, Vel=0.00008641]Epoch 1/200 [TRAIN]:  78%|███████▊  | 3151/4032 [05:14<01:24, 10.38it/s, Loss=0.012421, Pos=0.012248, Vel=0.00008642]Epoch 1/200 [TRAIN]:  78%|███████▊  | 3153/4032 [05:14<01:19, 11.10it/s, Loss=0.012421, Pos=0.012248, Vel=0.00008642]Epoch 1/200 [TRAIN]:  78%|███████▊  | 3153/4032 [05:14<01:19, 11.10it/s, Loss=0.012420, Pos=0.012248, Vel=0.00008641]Epoch 1/200 [TRAIN]:  78%|███████▊  | 3153/4032 [05:14<01:19, 11.10it/s, Loss=0.012426, Pos=0.012253, Vel=0.00008644]Epoch 1/200 [TRAIN]:  78%|███████▊  | 3155/4032 [05:14<01:22, 10.68it/s, Loss=0.012426, Pos=0.012253, Vel=0.00008644]Epoch 1/200 [TRAIN]:  78%|███████▊  | 3155/4032 [05:14<01:22, 10.68it/s, Loss=0.012426, Pos=0.012253, Vel=0.00008642]Epoch 1/200 [TRAIN]:  78%|███████▊  | 3155/4032 [05:14<01:22, 10.68it/s, Loss=0.012424, Pos=0.012251, Vel=0.00008640]Epoch 1/200 [TRAIN]:  78%|███████▊  | 3157/4032 [05:14<01:26, 10.07it/s, Loss=0.012424, Pos=0.012251, Vel=0.00008640]Epoch 1/200 [TRAIN]:  78%|███████▊  | 3157/4032 [05:14<01:26, 10.07it/s, Loss=0.012422, Pos=0.012249, Vel=0.00008639]Epoch 1/200 [TRAIN]:  78%|███████▊  | 3157/4032 [05:14<01:26, 10.07it/s, Loss=0.012420, Pos=0.012247, Vel=0.00008637]Epoch 1/200 [TRAIN]:  78%|███████▊  | 3159/4032 [05:14<01:21, 10.66it/s, Loss=0.012420, Pos=0.012247, Vel=0.00008637]Epoch 1/200 [TRAIN]:  78%|███████▊  | 3159/4032 [05:14<01:21, 10.66it/s, Loss=0.012454, Pos=0.012281, Vel=0.00008638]Epoch 1/200 [TRAIN]:  78%|███████▊  | 3159/4032 [05:14<01:21, 10.66it/s, Loss=0.012451, Pos=0.012278, Vel=0.00008637]Epoch 1/200 [TRAIN]:  78%|███████▊  | 3161/4032 [05:14<01:26, 10.09it/s, Loss=0.012451, Pos=0.012278, Vel=0.00008637]Epoch 1/200 [TRAIN]:  78%|███████▊  | 3161/4032 [05:15<01:26, 10.09it/s, Loss=0.012449, Pos=0.012277, Vel=0.00008637]Epoch 1/200 [TRAIN]:  78%|███████▊  | 3161/4032 [05:15<01:26, 10.09it/s, Loss=0.012449, Pos=0.012276, Vel=0.00008636]Epoch 1/200 [TRAIN]:  78%|███████▊  | 3163/4032 [05:15<01:30,  9.63it/s, Loss=0.012449, Pos=0.012276, Vel=0.00008636]Epoch 1/200 [TRAIN]:  78%|███████▊  | 3163/4032 [05:15<01:30,  9.63it/s, Loss=0.012462, Pos=0.012289, Vel=0.00008639]Epoch 1/200 [TRAIN]:  78%|███████▊  | 3164/4032 [05:15<01:29,  9.68it/s, Loss=0.012462, Pos=0.012289, Vel=0.00008639]Epoch 1/200 [TRAIN]:  78%|███████▊  | 3164/4032 [05:15<01:29,  9.68it/s, Loss=0.012461, Pos=0.012288, Vel=0.00008638]Epoch 1/200 [TRAIN]:  78%|███████▊  | 3164/4032 [05:15<01:29,  9.68it/s, Loss=0.012458, Pos=0.012286, Vel=0.00008638]Epoch 1/200 [TRAIN]:  79%|███████▊  | 3166/4032 [05:15<01:21, 10.60it/s, Loss=0.012458, Pos=0.012286, Vel=0.00008638]Epoch 1/200 [TRAIN]:  79%|███████▊  | 3166/4032 [05:15<01:21, 10.60it/s, Loss=0.012457, Pos=0.012284, Vel=0.00008636]Epoch 1/200 [TRAIN]:  79%|███████▊  | 3166/4032 [05:15<01:21, 10.60it/s, Loss=0.012457, Pos=0.012284, Vel=0.00008637]Epoch 1/200 [TRAIN]:  79%|███████▊  | 3168/4032 [05:15<01:23, 10.35it/s, Loss=0.012457, Pos=0.012284, Vel=0.00008637]Epoch 1/200 [TRAIN]:  79%|███████▊  | 3168/4032 [05:15<01:23, 10.35it/s, Loss=0.012459, Pos=0.012286, Vel=0.00008637]Epoch 1/200 [TRAIN]:  79%|███████▊  | 3168/4032 [05:15<01:23, 10.35it/s, Loss=0.012459, Pos=0.012287, Vel=0.00008636]Epoch 1/200 [TRAIN]:  79%|███████▊  | 3170/4032 [05:15<01:25, 10.12it/s, Loss=0.012459, Pos=0.012287, Vel=0.00008636]Epoch 1/200 [TRAIN]:  79%|███████▊  | 3170/4032 [05:15<01:25, 10.12it/s, Loss=0.012459, Pos=0.012287, Vel=0.00008634]Epoch 1/200 [TRAIN]:  79%|███████▊  | 3170/4032 [05:16<01:25, 10.12it/s, Loss=0.012458, Pos=0.012285, Vel=0.00008633]Epoch 1/200 [TRAIN]:  79%|███████▊  | 3172/4032 [05:16<01:26,  9.94it/s, Loss=0.012458, Pos=0.012285, Vel=0.00008633]Epoch 1/200 [TRAIN]:  79%|███████▊  | 3172/4032 [05:16<01:26,  9.94it/s, Loss=0.012455, Pos=0.012282, Vel=0.00008631]Epoch 1/200 [TRAIN]:  79%|███████▊  | 3172/4032 [05:16<01:26,  9.94it/s, Loss=0.012453, Pos=0.012280, Vel=0.00008630]Epoch 1/200 [TRAIN]:  79%|███████▊  | 3174/4032 [05:16<01:16, 11.24it/s, Loss=0.012453, Pos=0.012280, Vel=0.00008630]Epoch 1/200 [TRAIN]:  79%|███████▊  | 3174/4032 [05:16<01:16, 11.24it/s, Loss=0.012451, Pos=0.012279, Vel=0.00008628]Epoch 1/200 [TRAIN]:  79%|███████▊  | 3174/4032 [05:16<01:16, 11.24it/s, Loss=0.012449, Pos=0.012277, Vel=0.00008629]Epoch 1/200 [TRAIN]:  79%|███████▉  | 3176/4032 [05:16<01:12, 11.80it/s, Loss=0.012449, Pos=0.012277, Vel=0.00008629]Epoch 1/200 [TRAIN]:  79%|███████▉  | 3176/4032 [05:16<01:12, 11.80it/s, Loss=0.012448, Pos=0.012276, Vel=0.00008627]Epoch 1/200 [TRAIN]:  79%|███████▉  | 3176/4032 [05:16<01:12, 11.80it/s, Loss=0.012446, Pos=0.012274, Vel=0.00008625]Epoch 1/200 [TRAIN]:  79%|███████▉  | 3178/4032 [05:16<01:18, 10.94it/s, Loss=0.012446, Pos=0.012274, Vel=0.00008625]Epoch 1/200 [TRAIN]:  79%|███████▉  | 3178/4032 [05:16<01:18, 10.94it/s, Loss=0.012449, Pos=0.012276, Vel=0.00008627]Epoch 1/200 [TRAIN]:  79%|███████▉  | 3178/4032 [05:16<01:18, 10.94it/s, Loss=0.012447, Pos=0.012274, Vel=0.00008627]Epoch 1/200 [TRAIN]:  79%|███████▉  | 3180/4032 [05:16<01:20, 10.56it/s, Loss=0.012447, Pos=0.012274, Vel=0.00008627]Epoch 1/200 [TRAIN]:  79%|███████▉  | 3180/4032 [05:16<01:20, 10.56it/s, Loss=0.012456, Pos=0.012283, Vel=0.00008626]Epoch 1/200 [TRAIN]:  79%|███████▉  | 3180/4032 [05:16<01:20, 10.56it/s, Loss=0.012455, Pos=0.012282, Vel=0.00008625]Epoch 1/200 [TRAIN]:  79%|███████▉  | 3182/4032 [05:16<01:18, 10.84it/s, Loss=0.012455, Pos=0.012282, Vel=0.00008625]Epoch 1/200 [TRAIN]:  79%|███████▉  | 3182/4032 [05:16<01:18, 10.84it/s, Loss=0.012453, Pos=0.012281, Vel=0.00008623]Epoch 1/200 [TRAIN]:  79%|███████▉  | 3182/4032 [05:17<01:18, 10.84it/s, Loss=0.012450, Pos=0.012278, Vel=0.00008622]Epoch 1/200 [TRAIN]:  79%|███████▉  | 3184/4032 [05:17<01:20, 10.49it/s, Loss=0.012450, Pos=0.012278, Vel=0.00008622]Epoch 1/200 [TRAIN]:  79%|███████▉  | 3184/4032 [05:17<01:20, 10.49it/s, Loss=0.012449, Pos=0.012277, Vel=0.00008621]Epoch 1/200 [TRAIN]:  79%|███████▉  | 3184/4032 [05:17<01:20, 10.49it/s, Loss=0.012447, Pos=0.012275, Vel=0.00008619]Epoch 1/200 [TRAIN]:  79%|███████▉  | 3186/4032 [05:17<01:22, 10.30it/s, Loss=0.012447, Pos=0.012275, Vel=0.00008619]Epoch 1/200 [TRAIN]:  79%|███████▉  | 3186/4032 [05:17<01:22, 10.30it/s, Loss=0.012453, Pos=0.012280, Vel=0.00008618]Epoch 1/200 [TRAIN]:  79%|███████▉  | 3186/4032 [05:17<01:22, 10.30it/s, Loss=0.012452, Pos=0.012280, Vel=0.00008619]Epoch 1/200 [TRAIN]:  79%|███████▉  | 3188/4032 [05:17<01:21, 10.33it/s, Loss=0.012452, Pos=0.012280, Vel=0.00008619]Epoch 1/200 [TRAIN]:  79%|███████▉  | 3188/4032 [05:17<01:21, 10.33it/s, Loss=0.012449, Pos=0.012277, Vel=0.00008618]Epoch 1/200 [TRAIN]:  79%|███████▉  | 3188/4032 [05:17<01:21, 10.33it/s, Loss=0.012448, Pos=0.012275, Vel=0.00008618]Epoch 1/200 [TRAIN]:  79%|███████▉  | 3190/4032 [05:17<01:25,  9.82it/s, Loss=0.012448, Pos=0.012275, Vel=0.00008618]Epoch 1/200 [TRAIN]:  79%|███████▉  | 3190/4032 [05:17<01:25,  9.82it/s, Loss=0.012445, Pos=0.012273, Vel=0.00008616]Epoch 1/200 [TRAIN]:  79%|███████▉  | 3191/4032 [05:17<01:27,  9.62it/s, Loss=0.012445, Pos=0.012273, Vel=0.00008616]Epoch 1/200 [TRAIN]:  79%|███████▉  | 3191/4032 [05:17<01:27,  9.62it/s, Loss=0.012447, Pos=0.012275, Vel=0.00008616]Epoch 1/200 [TRAIN]:  79%|███████▉  | 3192/4032 [05:17<01:28,  9.48it/s, Loss=0.012447, Pos=0.012275, Vel=0.00008616]Epoch 1/200 [TRAIN]:  79%|███████▉  | 3192/4032 [05:18<01:28,  9.48it/s, Loss=0.012446, Pos=0.012274, Vel=0.00008615]Epoch 1/200 [TRAIN]:  79%|███████▉  | 3193/4032 [05:18<01:30,  9.29it/s, Loss=0.012446, Pos=0.012274, Vel=0.00008615]Epoch 1/200 [TRAIN]:  79%|███████▉  | 3193/4032 [05:18<01:30,  9.29it/s, Loss=0.012444, Pos=0.012272, Vel=0.00008613]Epoch 1/200 [TRAIN]:  79%|███████▉  | 3194/4032 [05:18<01:30,  9.24it/s, Loss=0.012444, Pos=0.012272, Vel=0.00008613]Epoch 1/200 [TRAIN]:  79%|███████▉  | 3194/4032 [05:18<01:30,  9.24it/s, Loss=0.012441, Pos=0.012269, Vel=0.00008611]Epoch 1/200 [TRAIN]:  79%|███████▉  | 3195/4032 [05:18<01:32,  9.08it/s, Loss=0.012441, Pos=0.012269, Vel=0.00008611]Epoch 1/200 [TRAIN]:  79%|███████▉  | 3195/4032 [05:18<01:32,  9.08it/s, Loss=0.012443, Pos=0.012270, Vel=0.00008612]Epoch 1/200 [TRAIN]:  79%|███████▉  | 3196/4032 [05:18<01:34,  8.86it/s, Loss=0.012443, Pos=0.012270, Vel=0.00008612]Epoch 1/200 [TRAIN]:  79%|███████▉  | 3196/4032 [05:18<01:34,  8.86it/s, Loss=0.012440, Pos=0.012268, Vel=0.00008610]Epoch 1/200 [TRAIN]:  79%|███████▉  | 3197/4032 [05:18<01:31,  9.14it/s, Loss=0.012440, Pos=0.012268, Vel=0.00008610]Epoch 1/200 [TRAIN]:  79%|███████▉  | 3197/4032 [05:18<01:31,  9.14it/s, Loss=0.012438, Pos=0.012266, Vel=0.00008609]Epoch 1/200 [TRAIN]:  79%|███████▉  | 3198/4032 [05:18<01:34,  8.82it/s, Loss=0.012438, Pos=0.012266, Vel=0.00008609]Epoch 1/200 [TRAIN]:  79%|███████▉  | 3198/4032 [05:18<01:34,  8.82it/s, Loss=0.012435, Pos=0.012263, Vel=0.00008610]Epoch 1/200 [TRAIN]:  79%|███████▉  | 3198/4032 [05:18<01:34,  8.82it/s, Loss=0.012432, Pos=0.012260, Vel=0.00008609]Epoch 1/200 [TRAIN]:  79%|███████▉  | 3200/4032 [05:18<01:16, 10.84it/s, Loss=0.012432, Pos=0.012260, Vel=0.00008609]Epoch 1/200 [TRAIN]:  79%|███████▉  | 3200/4032 [05:18<01:16, 10.84it/s, Loss=0.012429, Pos=0.012257, Vel=0.00008608]Epoch 1/200 [TRAIN]:  79%|███████▉  | 3200/4032 [05:18<01:16, 10.84it/s, Loss=0.012428, Pos=0.012256, Vel=0.00008606]Epoch 1/200 [TRAIN]:  79%|███████▉  | 3202/4032 [05:18<01:12, 11.43it/s, Loss=0.012428, Pos=0.012256, Vel=0.00008606]Epoch 1/200 [TRAIN]:  79%|███████▉  | 3202/4032 [05:19<01:12, 11.43it/s, Loss=0.012426, Pos=0.012254, Vel=0.00008604]Epoch 1/200 [TRAIN]:  79%|███████▉  | 3202/4032 [05:19<01:12, 11.43it/s, Loss=0.012426, Pos=0.012254, Vel=0.00008602]Epoch 1/200 [TRAIN]:  79%|███████▉  | 3204/4032 [05:19<01:11, 11.66it/s, Loss=0.012426, Pos=0.012254, Vel=0.00008602]Epoch 1/200 [TRAIN]:  79%|███████▉  | 3204/4032 [05:19<01:11, 11.66it/s, Loss=0.012424, Pos=0.012252, Vel=0.00008601]Epoch 1/200 [TRAIN]:  79%|███████▉  | 3204/4032 [05:19<01:11, 11.66it/s, Loss=0.012422, Pos=0.012250, Vel=0.00008600]Epoch 1/200 [TRAIN]:  80%|███████▉  | 3206/4032 [05:19<01:18, 10.52it/s, Loss=0.012422, Pos=0.012250, Vel=0.00008600]Epoch 1/200 [TRAIN]:  80%|███████▉  | 3206/4032 [05:19<01:18, 10.52it/s, Loss=0.012421, Pos=0.012249, Vel=0.00008599]Epoch 1/200 [TRAIN]:  80%|███████▉  | 3206/4032 [05:19<01:18, 10.52it/s, Loss=0.012419, Pos=0.012247, Vel=0.00008597]Epoch 1/200 [TRAIN]:  80%|███████▉  | 3208/4032 [05:19<01:20, 10.18it/s, Loss=0.012419, Pos=0.012247, Vel=0.00008597]Epoch 1/200 [TRAIN]:  80%|███████▉  | 3208/4032 [05:19<01:20, 10.18it/s, Loss=0.012419, Pos=0.012247, Vel=0.00008596]Epoch 1/200 [TRAIN]:  80%|███████▉  | 3208/4032 [05:19<01:20, 10.18it/s, Loss=0.012419, Pos=0.012248, Vel=0.00008595]Epoch 1/200 [TRAIN]:  80%|███████▉  | 3210/4032 [05:19<01:20, 10.15it/s, Loss=0.012419, Pos=0.012248, Vel=0.00008595]Epoch 1/200 [TRAIN]:  80%|███████▉  | 3210/4032 [05:19<01:20, 10.15it/s, Loss=0.012416, Pos=0.012244, Vel=0.00008594]Epoch 1/200 [TRAIN]:  80%|███████▉  | 3210/4032 [05:19<01:20, 10.15it/s, Loss=0.012414, Pos=0.012242, Vel=0.00008592]Epoch 1/200 [TRAIN]:  80%|███████▉  | 3212/4032 [05:19<01:10, 11.55it/s, Loss=0.012414, Pos=0.012242, Vel=0.00008592]Epoch 1/200 [TRAIN]:  80%|███████▉  | 3212/4032 [05:19<01:10, 11.55it/s, Loss=0.012412, Pos=0.012240, Vel=0.00008590]Epoch 1/200 [TRAIN]:  80%|███████▉  | 3212/4032 [05:20<01:10, 11.55it/s, Loss=0.012412, Pos=0.012241, Vel=0.00008589]Epoch 1/200 [TRAIN]:  80%|███████▉  | 3214/4032 [05:20<01:09, 11.76it/s, Loss=0.012412, Pos=0.012241, Vel=0.00008589]Epoch 1/200 [TRAIN]:  80%|███████▉  | 3214/4032 [05:20<01:09, 11.76it/s, Loss=0.012410, Pos=0.012238, Vel=0.00008587]Epoch 1/200 [TRAIN]:  80%|███████▉  | 3214/4032 [05:20<01:09, 11.76it/s, Loss=0.012410, Pos=0.012239, Vel=0.00008586]Epoch 1/200 [TRAIN]:  80%|███████▉  | 3216/4032 [05:20<01:13, 11.10it/s, Loss=0.012410, Pos=0.012239, Vel=0.00008586]Epoch 1/200 [TRAIN]:  80%|███████▉  | 3216/4032 [05:20<01:13, 11.10it/s, Loss=0.012407, Pos=0.012236, Vel=0.00008585]Epoch 1/200 [TRAIN]:  80%|███████▉  | 3216/4032 [05:20<01:13, 11.10it/s, Loss=0.012410, Pos=0.012238, Vel=0.00008585]Epoch 1/200 [TRAIN]:  80%|███████▉  | 3218/4032 [05:20<01:13, 11.03it/s, Loss=0.012410, Pos=0.012238, Vel=0.00008585]Epoch 1/200 [TRAIN]:  80%|███████▉  | 3218/4032 [05:20<01:13, 11.03it/s, Loss=0.012408, Pos=0.012236, Vel=0.00008584]Epoch 1/200 [TRAIN]:  80%|███████▉  | 3218/4032 [05:20<01:13, 11.03it/s, Loss=0.012406, Pos=0.012234, Vel=0.00008582]Epoch 1/200 [TRAIN]:  80%|███████▉  | 3220/4032 [05:20<01:07, 12.10it/s, Loss=0.012406, Pos=0.012234, Vel=0.00008582]Epoch 1/200 [TRAIN]:  80%|███████▉  | 3220/4032 [05:20<01:07, 12.10it/s, Loss=0.012405, Pos=0.012234, Vel=0.00008584]Epoch 1/200 [TRAIN]:  80%|███████▉  | 3220/4032 [05:20<01:07, 12.10it/s, Loss=0.012405, Pos=0.012234, Vel=0.00008582]Epoch 1/200 [TRAIN]:  80%|███████▉  | 3222/4032 [05:20<01:12, 11.23it/s, Loss=0.012405, Pos=0.012234, Vel=0.00008582]Epoch 1/200 [TRAIN]:  80%|███████▉  | 3222/4032 [05:20<01:12, 11.23it/s, Loss=0.012403, Pos=0.012232, Vel=0.00008581]Epoch 1/200 [TRAIN]:  80%|███████▉  | 3222/4032 [05:20<01:12, 11.23it/s, Loss=0.012411, Pos=0.012240, Vel=0.00008582]Epoch 1/200 [TRAIN]:  80%|███████▉  | 3224/4032 [05:20<01:14, 10.82it/s, Loss=0.012411, Pos=0.012240, Vel=0.00008582]Epoch 1/200 [TRAIN]:  80%|███████▉  | 3224/4032 [05:21<01:14, 10.82it/s, Loss=0.012412, Pos=0.012241, Vel=0.00008581]Epoch 1/200 [TRAIN]:  80%|███████▉  | 3224/4032 [05:21<01:14, 10.82it/s, Loss=0.012411, Pos=0.012239, Vel=0.00008581]Epoch 1/200 [TRAIN]:  80%|████████  | 3226/4032 [05:21<01:17, 10.47it/s, Loss=0.012411, Pos=0.012239, Vel=0.00008581]Epoch 1/200 [TRAIN]:  80%|████████  | 3226/4032 [05:21<01:17, 10.47it/s, Loss=0.012410, Pos=0.012238, Vel=0.00008579]Epoch 1/200 [TRAIN]:  80%|████████  | 3226/4032 [05:21<01:17, 10.47it/s, Loss=0.012407, Pos=0.012236, Vel=0.00008579]Epoch 1/200 [TRAIN]:  80%|████████  | 3228/4032 [05:21<01:16, 10.54it/s, Loss=0.012407, Pos=0.012236, Vel=0.00008579]Epoch 1/200 [TRAIN]:  80%|████████  | 3228/4032 [05:21<01:16, 10.54it/s, Loss=0.012405, Pos=0.012234, Vel=0.00008579]Epoch 1/200 [TRAIN]:  80%|████████  | 3228/4032 [05:21<01:16, 10.54it/s, Loss=0.012403, Pos=0.012232, Vel=0.00008579]Epoch 1/200 [TRAIN]:  80%|████████  | 3230/4032 [05:21<01:10, 11.46it/s, Loss=0.012403, Pos=0.012232, Vel=0.00008579]Epoch 1/200 [TRAIN]:  80%|████████  | 3230/4032 [05:21<01:10, 11.46it/s, Loss=0.012401, Pos=0.012230, Vel=0.00008577]Epoch 1/200 [TRAIN]:  80%|████████  | 3230/4032 [05:21<01:10, 11.46it/s, Loss=0.012403, Pos=0.012232, Vel=0.00008577]Epoch 1/200 [TRAIN]:  80%|████████  | 3232/4032 [05:21<01:15, 10.60it/s, Loss=0.012403, Pos=0.012232, Vel=0.00008577]Epoch 1/200 [TRAIN]:  80%|████████  | 3232/4032 [05:21<01:15, 10.60it/s, Loss=0.012406, Pos=0.012235, Vel=0.00008575]Epoch 1/200 [TRAIN]:  80%|████████  | 3232/4032 [05:21<01:15, 10.60it/s, Loss=0.012406, Pos=0.012234, Vel=0.00008575]Epoch 1/200 [TRAIN]:  80%|████████  | 3234/4032 [05:21<01:19, 10.08it/s, Loss=0.012406, Pos=0.012234, Vel=0.00008575]Epoch 1/200 [TRAIN]:  80%|████████  | 3234/4032 [05:22<01:19, 10.08it/s, Loss=0.012406, Pos=0.012234, Vel=0.00008575]Epoch 1/200 [TRAIN]:  80%|████████  | 3234/4032 [05:22<01:19, 10.08it/s, Loss=0.012409, Pos=0.012238, Vel=0.00008577]Epoch 1/200 [TRAIN]:  80%|████████  | 3236/4032 [05:22<01:19,  9.96it/s, Loss=0.012409, Pos=0.012238, Vel=0.00008577]Epoch 1/200 [TRAIN]:  80%|████████  | 3236/4032 [05:22<01:19,  9.96it/s, Loss=0.012408, Pos=0.012236, Vel=0.00008576]Epoch 1/200 [TRAIN]:  80%|████████  | 3236/4032 [05:22<01:19,  9.96it/s, Loss=0.012411, Pos=0.012240, Vel=0.00008578]Epoch 1/200 [TRAIN]:  80%|████████  | 3238/4032 [05:22<01:19,  9.99it/s, Loss=0.012411, Pos=0.012240, Vel=0.00008578]Epoch 1/200 [TRAIN]:  80%|████████  | 3238/4032 [05:22<01:19,  9.99it/s, Loss=0.012409, Pos=0.012238, Vel=0.00008576]Epoch 1/200 [TRAIN]:  80%|████████  | 3238/4032 [05:22<01:19,  9.99it/s, Loss=0.012408, Pos=0.012236, Vel=0.00008575]Epoch 1/200 [TRAIN]:  80%|████████  | 3240/4032 [05:22<01:19,  9.93it/s, Loss=0.012408, Pos=0.012236, Vel=0.00008575]Epoch 1/200 [TRAIN]:  80%|████████  | 3240/4032 [05:22<01:19,  9.93it/s, Loss=0.012416, Pos=0.012245, Vel=0.00008573]Epoch 1/200 [TRAIN]:  80%|████████  | 3240/4032 [05:22<01:19,  9.93it/s, Loss=0.012414, Pos=0.012243, Vel=0.00008572]Epoch 1/200 [TRAIN]:  80%|████████  | 3242/4032 [05:22<01:20,  9.80it/s, Loss=0.012414, Pos=0.012243, Vel=0.00008572]Epoch 1/200 [TRAIN]:  80%|████████  | 3242/4032 [05:22<01:20,  9.80it/s, Loss=0.012412, Pos=0.012240, Vel=0.00008571]Epoch 1/200 [TRAIN]:  80%|████████  | 3242/4032 [05:22<01:20,  9.80it/s, Loss=0.012411, Pos=0.012240, Vel=0.00008569]Epoch 1/200 [TRAIN]:  80%|████████  | 3244/4032 [05:22<01:20,  9.76it/s, Loss=0.012411, Pos=0.012240, Vel=0.00008569]Epoch 1/200 [TRAIN]:  80%|████████  | 3244/4032 [05:23<01:20,  9.76it/s, Loss=0.012408, Pos=0.012237, Vel=0.00008567]Epoch 1/200 [TRAIN]:  80%|████████  | 3245/4032 [05:23<01:20,  9.78it/s, Loss=0.012408, Pos=0.012237, Vel=0.00008567]Epoch 1/200 [TRAIN]:  80%|████████  | 3245/4032 [05:23<01:20,  9.78it/s, Loss=0.012414, Pos=0.012242, Vel=0.00008567]Epoch 1/200 [TRAIN]:  81%|████████  | 3246/4032 [05:23<01:22,  9.48it/s, Loss=0.012414, Pos=0.012242, Vel=0.00008567]Epoch 1/200 [TRAIN]:  81%|████████  | 3246/4032 [05:23<01:22,  9.48it/s, Loss=0.012412, Pos=0.012241, Vel=0.00008567]Epoch 1/200 [TRAIN]:  81%|████████  | 3246/4032 [05:23<01:22,  9.48it/s, Loss=0.012410, Pos=0.012239, Vel=0.00008568]Epoch 1/200 [TRAIN]:  81%|████████  | 3248/4032 [05:23<01:16, 10.22it/s, Loss=0.012410, Pos=0.012239, Vel=0.00008568]Epoch 1/200 [TRAIN]:  81%|████████  | 3248/4032 [05:23<01:16, 10.22it/s, Loss=0.012412, Pos=0.012241, Vel=0.00008569]Epoch 1/200 [TRAIN]:  81%|████████  | 3248/4032 [05:23<01:16, 10.22it/s, Loss=0.012411, Pos=0.012240, Vel=0.00008570]Epoch 1/200 [TRAIN]:  81%|████████  | 3250/4032 [05:23<01:16, 10.20it/s, Loss=0.012411, Pos=0.012240, Vel=0.00008570]Epoch 1/200 [TRAIN]:  81%|████████  | 3250/4032 [05:23<01:16, 10.20it/s, Loss=0.012424, Pos=0.012253, Vel=0.00008571]Epoch 1/200 [TRAIN]:  81%|████████  | 3250/4032 [05:23<01:16, 10.20it/s, Loss=0.012421, Pos=0.012250, Vel=0.00008569]Epoch 1/200 [TRAIN]:  81%|████████  | 3252/4032 [05:23<01:19,  9.86it/s, Loss=0.012421, Pos=0.012250, Vel=0.00008569]Epoch 1/200 [TRAIN]:  81%|████████  | 3252/4032 [05:23<01:19,  9.86it/s, Loss=0.012421, Pos=0.012250, Vel=0.00008567]Epoch 1/200 [TRAIN]:  81%|████████  | 3252/4032 [05:23<01:19,  9.86it/s, Loss=0.012418, Pos=0.012247, Vel=0.00008566]Epoch 1/200 [TRAIN]:  81%|████████  | 3254/4032 [05:23<01:17, 10.04it/s, Loss=0.012418, Pos=0.012247, Vel=0.00008566]Epoch 1/200 [TRAIN]:  81%|████████  | 3254/4032 [05:24<01:17, 10.04it/s, Loss=0.012421, Pos=0.012250, Vel=0.00008567]Epoch 1/200 [TRAIN]:  81%|████████  | 3254/4032 [05:24<01:17, 10.04it/s, Loss=0.012420, Pos=0.012248, Vel=0.00008565]Epoch 1/200 [TRAIN]:  81%|████████  | 3256/4032 [05:24<01:19,  9.81it/s, Loss=0.012420, Pos=0.012248, Vel=0.00008565]Epoch 1/200 [TRAIN]:  81%|████████  | 3256/4032 [05:24<01:19,  9.81it/s, Loss=0.012417, Pos=0.012246, Vel=0.00008564]Epoch 1/200 [TRAIN]:  81%|████████  | 3257/4032 [05:24<01:21,  9.53it/s, Loss=0.012417, Pos=0.012246, Vel=0.00008564]Epoch 1/200 [TRAIN]:  81%|████████  | 3257/4032 [05:24<01:21,  9.53it/s, Loss=0.012417, Pos=0.012246, Vel=0.00008567]Epoch 1/200 [TRAIN]:  81%|████████  | 3258/4032 [05:24<01:20,  9.60it/s, Loss=0.012417, Pos=0.012246, Vel=0.00008567]Epoch 1/200 [TRAIN]:  81%|████████  | 3258/4032 [05:24<01:20,  9.60it/s, Loss=0.012416, Pos=0.012245, Vel=0.00008565]Epoch 1/200 [TRAIN]:  81%|████████  | 3259/4032 [05:24<01:23,  9.25it/s, Loss=0.012416, Pos=0.012245, Vel=0.00008565]Epoch 1/200 [TRAIN]:  81%|████████  | 3259/4032 [05:24<01:23,  9.25it/s, Loss=0.012414, Pos=0.012243, Vel=0.00008564]Epoch 1/200 [TRAIN]:  81%|████████  | 3260/4032 [05:24<01:22,  9.39it/s, Loss=0.012414, Pos=0.012243, Vel=0.00008564]Epoch 1/200 [TRAIN]:  81%|████████  | 3260/4032 [05:24<01:22,  9.39it/s, Loss=0.012414, Pos=0.012243, Vel=0.00008565]Epoch 1/200 [TRAIN]:  81%|████████  | 3260/4032 [05:24<01:22,  9.39it/s, Loss=0.012416, Pos=0.012244, Vel=0.00008566]Epoch 1/200 [TRAIN]:  81%|████████  | 3262/4032 [05:24<01:19,  9.72it/s, Loss=0.012416, Pos=0.012244, Vel=0.00008566]Epoch 1/200 [TRAIN]:  81%|████████  | 3262/4032 [05:24<01:19,  9.72it/s, Loss=0.012413, Pos=0.012242, Vel=0.00008565]Epoch 1/200 [TRAIN]:  81%|████████  | 3262/4032 [05:24<01:19,  9.72it/s, Loss=0.012423, Pos=0.012252, Vel=0.00008564]Epoch 1/200 [TRAIN]:  81%|████████  | 3264/4032 [05:24<01:15, 10.12it/s, Loss=0.012423, Pos=0.012252, Vel=0.00008564]Epoch 1/200 [TRAIN]:  81%|████████  | 3264/4032 [05:25<01:15, 10.12it/s, Loss=0.012422, Pos=0.012251, Vel=0.00008565]Epoch 1/200 [TRAIN]:  81%|████████  | 3265/4032 [05:25<01:18,  9.74it/s, Loss=0.012422, Pos=0.012251, Vel=0.00008565]Epoch 1/200 [TRAIN]:  81%|████████  | 3265/4032 [05:25<01:18,  9.74it/s, Loss=0.012419, Pos=0.012248, Vel=0.00008564]Epoch 1/200 [TRAIN]:  81%|████████  | 3266/4032 [05:25<01:18,  9.77it/s, Loss=0.012419, Pos=0.012248, Vel=0.00008564]Epoch 1/200 [TRAIN]:  81%|████████  | 3266/4032 [05:25<01:18,  9.77it/s, Loss=0.012417, Pos=0.012246, Vel=0.00008565]Epoch 1/200 [TRAIN]:  81%|████████  | 3266/4032 [05:25<01:18,  9.77it/s, Loss=0.012414, Pos=0.012243, Vel=0.00008563]Epoch 1/200 [TRAIN]:  81%|████████  | 3268/4032 [05:25<01:19,  9.67it/s, Loss=0.012414, Pos=0.012243, Vel=0.00008563]Epoch 1/200 [TRAIN]:  81%|████████  | 3268/4032 [05:25<01:19,  9.67it/s, Loss=0.012412, Pos=0.012241, Vel=0.00008562]Epoch 1/200 [TRAIN]:  81%|████████  | 3269/4032 [05:25<01:18,  9.70it/s, Loss=0.012412, Pos=0.012241, Vel=0.00008562]Epoch 1/200 [TRAIN]:  81%|████████  | 3269/4032 [05:25<01:18,  9.70it/s, Loss=0.012419, Pos=0.012248, Vel=0.00008561]Epoch 1/200 [TRAIN]:  81%|████████  | 3270/4032 [05:25<01:18,  9.72it/s, Loss=0.012419, Pos=0.012248, Vel=0.00008561]Epoch 1/200 [TRAIN]:  81%|████████  | 3270/4032 [05:25<01:18,  9.72it/s, Loss=0.012418, Pos=0.012247, Vel=0.00008560]Epoch 1/200 [TRAIN]:  81%|████████  | 3270/4032 [05:25<01:18,  9.72it/s, Loss=0.012417, Pos=0.012246, Vel=0.00008559]Epoch 1/200 [TRAIN]:  81%|████████  | 3272/4032 [05:25<01:19,  9.54it/s, Loss=0.012417, Pos=0.012246, Vel=0.00008559]Epoch 1/200 [TRAIN]:  81%|████████  | 3272/4032 [05:25<01:19,  9.54it/s, Loss=0.012415, Pos=0.012244, Vel=0.00008561]Epoch 1/200 [TRAIN]:  81%|████████  | 3273/4032 [05:25<01:19,  9.56it/s, Loss=0.012415, Pos=0.012244, Vel=0.00008561]Epoch 1/200 [TRAIN]:  81%|████████  | 3273/4032 [05:25<01:19,  9.56it/s, Loss=0.012415, Pos=0.012244, Vel=0.00008560]Epoch 1/200 [TRAIN]:  81%|████████  | 3273/4032 [05:26<01:19,  9.56it/s, Loss=0.012413, Pos=0.012241, Vel=0.00008560]Epoch 1/200 [TRAIN]:  81%|████████  | 3275/4032 [05:26<01:13, 10.25it/s, Loss=0.012413, Pos=0.012241, Vel=0.00008560]Epoch 1/200 [TRAIN]:  81%|████████  | 3275/4032 [05:26<01:13, 10.25it/s, Loss=0.012409, Pos=0.012238, Vel=0.00008558]Epoch 1/200 [TRAIN]:  81%|████████  | 3275/4032 [05:26<01:13, 10.25it/s, Loss=0.012406, Pos=0.012235, Vel=0.00008556]Epoch 1/200 [TRAIN]:  81%|████████▏ | 3277/4032 [05:26<01:07, 11.18it/s, Loss=0.012406, Pos=0.012235, Vel=0.00008556]Epoch 1/200 [TRAIN]:  81%|████████▏ | 3277/4032 [05:26<01:07, 11.18it/s, Loss=0.012406, Pos=0.012235, Vel=0.00008557]Epoch 1/200 [TRAIN]:  81%|████████▏ | 3277/4032 [05:26<01:07, 11.18it/s, Loss=0.012411, Pos=0.012240, Vel=0.00008561]Epoch 1/200 [TRAIN]:  81%|████████▏ | 3279/4032 [05:26<01:04, 11.66it/s, Loss=0.012411, Pos=0.012240, Vel=0.00008561]Epoch 1/200 [TRAIN]:  81%|████████▏ | 3279/4032 [05:26<01:04, 11.66it/s, Loss=0.012409, Pos=0.012238, Vel=0.00008560]Epoch 1/200 [TRAIN]:  81%|████████▏ | 3279/4032 [05:26<01:04, 11.66it/s, Loss=0.012410, Pos=0.012239, Vel=0.00008561]Epoch 1/200 [TRAIN]:  81%|████████▏ | 3281/4032 [05:26<01:09, 10.82it/s, Loss=0.012410, Pos=0.012239, Vel=0.00008561]Epoch 1/200 [TRAIN]:  81%|████████▏ | 3281/4032 [05:26<01:09, 10.82it/s, Loss=0.012408, Pos=0.012237, Vel=0.00008560]Epoch 1/200 [TRAIN]:  81%|████████▏ | 3281/4032 [05:26<01:09, 10.82it/s, Loss=0.012406, Pos=0.012235, Vel=0.00008559]Epoch 1/200 [TRAIN]:  81%|████████▏ | 3283/4032 [05:26<01:10, 10.55it/s, Loss=0.012406, Pos=0.012235, Vel=0.00008559]Epoch 1/200 [TRAIN]:  81%|████████▏ | 3283/4032 [05:26<01:10, 10.55it/s, Loss=0.012405, Pos=0.012233, Vel=0.00008557]Epoch 1/200 [TRAIN]:  81%|████████▏ | 3283/4032 [05:27<01:10, 10.55it/s, Loss=0.012401, Pos=0.012230, Vel=0.00008555]Epoch 1/200 [TRAIN]:  81%|████████▏ | 3285/4032 [05:27<01:12, 10.32it/s, Loss=0.012401, Pos=0.012230, Vel=0.00008555]Epoch 1/200 [TRAIN]:  81%|████████▏ | 3285/4032 [05:27<01:12, 10.32it/s, Loss=0.012403, Pos=0.012232, Vel=0.00008556]Epoch 1/200 [TRAIN]:  81%|████████▏ | 3285/4032 [05:27<01:12, 10.32it/s, Loss=0.012402, Pos=0.012231, Vel=0.00008555]Epoch 1/200 [TRAIN]:  82%|████████▏ | 3287/4032 [05:27<01:12, 10.24it/s, Loss=0.012402, Pos=0.012231, Vel=0.00008555]Epoch 1/200 [TRAIN]:  82%|████████▏ | 3287/4032 [05:27<01:12, 10.24it/s, Loss=0.012402, Pos=0.012230, Vel=0.00008553]Epoch 1/200 [TRAIN]:  82%|████████▏ | 3287/4032 [05:27<01:12, 10.24it/s, Loss=0.012403, Pos=0.012232, Vel=0.00008560]Epoch 1/200 [TRAIN]:  82%|████████▏ | 3289/4032 [05:27<01:04, 11.53it/s, Loss=0.012403, Pos=0.012232, Vel=0.00008560]Epoch 1/200 [TRAIN]:  82%|████████▏ | 3289/4032 [05:27<01:04, 11.53it/s, Loss=0.012401, Pos=0.012230, Vel=0.00008561]Epoch 1/200 [TRAIN]:  82%|████████▏ | 3289/4032 [05:27<01:04, 11.53it/s, Loss=0.012398, Pos=0.012227, Vel=0.00008560]Epoch 1/200 [TRAIN]:  82%|████████▏ | 3291/4032 [05:27<00:59, 12.41it/s, Loss=0.012398, Pos=0.012227, Vel=0.00008560]Epoch 1/200 [TRAIN]:  82%|████████▏ | 3291/4032 [05:27<00:59, 12.41it/s, Loss=0.012396, Pos=0.012225, Vel=0.00008557]Epoch 1/200 [TRAIN]:  82%|████████▏ | 3291/4032 [05:27<00:59, 12.41it/s, Loss=0.012407, Pos=0.012236, Vel=0.00008559]Epoch 1/200 [TRAIN]:  82%|████████▏ | 3293/4032 [05:27<00:59, 12.47it/s, Loss=0.012407, Pos=0.012236, Vel=0.00008559]Epoch 1/200 [TRAIN]:  82%|████████▏ | 3293/4032 [05:27<00:59, 12.47it/s, Loss=0.012405, Pos=0.012234, Vel=0.00008558]Epoch 1/200 [TRAIN]:  82%|████████▏ | 3293/4032 [05:27<00:59, 12.47it/s, Loss=0.012402, Pos=0.012231, Vel=0.00008556]Epoch 1/200 [TRAIN]:  82%|████████▏ | 3295/4032 [05:27<01:05, 11.30it/s, Loss=0.012402, Pos=0.012231, Vel=0.00008556]Epoch 1/200 [TRAIN]:  82%|████████▏ | 3295/4032 [05:27<01:05, 11.30it/s, Loss=0.012406, Pos=0.012235, Vel=0.00008556]Epoch 1/200 [TRAIN]:  82%|████████▏ | 3295/4032 [05:28<01:05, 11.30it/s, Loss=0.012412, Pos=0.012241, Vel=0.00008558]Epoch 1/200 [TRAIN]:  82%|████████▏ | 3297/4032 [05:28<01:09, 10.61it/s, Loss=0.012412, Pos=0.012241, Vel=0.00008558]Epoch 1/200 [TRAIN]:  82%|████████▏ | 3297/4032 [05:28<01:09, 10.61it/s, Loss=0.012409, Pos=0.012238, Vel=0.00008557]Epoch 1/200 [TRAIN]:  82%|████████▏ | 3297/4032 [05:28<01:09, 10.61it/s, Loss=0.012406, Pos=0.012235, Vel=0.00008555]Epoch 1/200 [TRAIN]:  82%|████████▏ | 3299/4032 [05:28<01:09, 10.49it/s, Loss=0.012406, Pos=0.012235, Vel=0.00008555]Epoch 1/200 [TRAIN]:  82%|████████▏ | 3299/4032 [05:28<01:09, 10.49it/s, Loss=0.012406, Pos=0.012235, Vel=0.00008555]Epoch 1/200 [TRAIN]:  82%|████████▏ | 3299/4032 [05:28<01:09, 10.49it/s, Loss=0.012408, Pos=0.012236, Vel=0.00008554]Epoch 1/200 [TRAIN]:  82%|████████▏ | 3301/4032 [05:28<01:10, 10.40it/s, Loss=0.012408, Pos=0.012236, Vel=0.00008554]Epoch 1/200 [TRAIN]:  82%|████████▏ | 3301/4032 [05:28<01:10, 10.40it/s, Loss=0.012410, Pos=0.012239, Vel=0.00008556]Epoch 1/200 [TRAIN]:  82%|████████▏ | 3301/4032 [05:28<01:10, 10.40it/s, Loss=0.012408, Pos=0.012236, Vel=0.00008555]Epoch 1/200 [TRAIN]:  82%|████████▏ | 3303/4032 [05:28<01:09, 10.56it/s, Loss=0.012408, Pos=0.012236, Vel=0.00008555]Epoch 1/200 [TRAIN]:  82%|████████▏ | 3303/4032 [05:28<01:09, 10.56it/s, Loss=0.012413, Pos=0.012241, Vel=0.00008555]Epoch 1/200 [TRAIN]:  82%|████████▏ | 3303/4032 [05:28<01:09, 10.56it/s, Loss=0.012414, Pos=0.012243, Vel=0.00008554]Epoch 1/200 [TRAIN]:  82%|████████▏ | 3305/4032 [05:28<01:11, 10.15it/s, Loss=0.012414, Pos=0.012243, Vel=0.00008554]Epoch 1/200 [TRAIN]:  82%|████████▏ | 3305/4032 [05:28<01:11, 10.15it/s, Loss=0.012411, Pos=0.012240, Vel=0.00008553]Epoch 1/200 [TRAIN]:  82%|████████▏ | 3305/4032 [05:28<01:11, 10.15it/s, Loss=0.012412, Pos=0.012241, Vel=0.00008552]Epoch 1/200 [TRAIN]:  82%|████████▏ | 3307/4032 [05:28<01:06, 10.88it/s, Loss=0.012412, Pos=0.012241, Vel=0.00008552]Epoch 1/200 [TRAIN]:  82%|████████▏ | 3307/4032 [05:29<01:06, 10.88it/s, Loss=0.012411, Pos=0.012240, Vel=0.00008551]Epoch 1/200 [TRAIN]:  82%|████████▏ | 3307/4032 [05:29<01:06, 10.88it/s, Loss=0.012409, Pos=0.012238, Vel=0.00008550]Epoch 1/200 [TRAIN]:  82%|████████▏ | 3309/4032 [05:29<01:09, 10.41it/s, Loss=0.012409, Pos=0.012238, Vel=0.00008550]Epoch 1/200 [TRAIN]:  82%|████████▏ | 3309/4032 [05:29<01:09, 10.41it/s, Loss=0.012408, Pos=0.012237, Vel=0.00008548]Epoch 1/200 [TRAIN]:  82%|████████▏ | 3309/4032 [05:29<01:09, 10.41it/s, Loss=0.012406, Pos=0.012235, Vel=0.00008546]Epoch 1/200 [TRAIN]:  82%|████████▏ | 3311/4032 [05:29<01:06, 10.81it/s, Loss=0.012406, Pos=0.012235, Vel=0.00008546]Epoch 1/200 [TRAIN]:  82%|████████▏ | 3311/4032 [05:29<01:06, 10.81it/s, Loss=0.012417, Pos=0.012246, Vel=0.00008548]Epoch 1/200 [TRAIN]:  82%|████████▏ | 3311/4032 [05:29<01:06, 10.81it/s, Loss=0.012415, Pos=0.012244, Vel=0.00008546]Epoch 1/200 [TRAIN]:  82%|████████▏ | 3313/4032 [05:29<01:10, 10.20it/s, Loss=0.012415, Pos=0.012244, Vel=0.00008546]Epoch 1/200 [TRAIN]:  82%|████████▏ | 3313/4032 [05:29<01:10, 10.20it/s, Loss=0.012413, Pos=0.012242, Vel=0.00008545]Epoch 1/200 [TRAIN]:  82%|████████▏ | 3313/4032 [05:29<01:10, 10.20it/s, Loss=0.012412, Pos=0.012241, Vel=0.00008544]Epoch 1/200 [TRAIN]:  82%|████████▏ | 3315/4032 [05:29<01:07, 10.66it/s, Loss=0.012412, Pos=0.012241, Vel=0.00008544]Epoch 1/200 [TRAIN]:  82%|████████▏ | 3315/4032 [05:29<01:07, 10.66it/s, Loss=0.012413, Pos=0.012242, Vel=0.00008542]Epoch 1/200 [TRAIN]:  82%|████████▏ | 3315/4032 [05:29<01:07, 10.66it/s, Loss=0.012410, Pos=0.012239, Vel=0.00008540]Epoch 1/200 [TRAIN]:  82%|████████▏ | 3317/4032 [05:29<01:08, 10.44it/s, Loss=0.012410, Pos=0.012239, Vel=0.00008540]Epoch 1/200 [TRAIN]:  82%|████████▏ | 3317/4032 [05:30<01:08, 10.44it/s, Loss=0.012407, Pos=0.012237, Vel=0.00008538]Epoch 1/200 [TRAIN]:  82%|████████▏ | 3317/4032 [05:30<01:08, 10.44it/s, Loss=0.012405, Pos=0.012235, Vel=0.00008539]Epoch 1/200 [TRAIN]:  82%|████████▏ | 3319/4032 [05:30<01:08, 10.38it/s, Loss=0.012405, Pos=0.012235, Vel=0.00008539]Epoch 1/200 [TRAIN]:  82%|████████▏ | 3319/4032 [05:30<01:08, 10.38it/s, Loss=0.012402, Pos=0.012232, Vel=0.00008538]Epoch 1/200 [TRAIN]:  82%|████████▏ | 3319/4032 [05:30<01:08, 10.38it/s, Loss=0.012403, Pos=0.012233, Vel=0.00008536]Epoch 1/200 [TRAIN]:  82%|████████▏ | 3321/4032 [05:30<01:09, 10.24it/s, Loss=0.012403, Pos=0.012233, Vel=0.00008536]Epoch 1/200 [TRAIN]:  82%|████████▏ | 3321/4032 [05:30<01:09, 10.24it/s, Loss=0.012402, Pos=0.012232, Vel=0.00008535]Epoch 1/200 [TRAIN]:  82%|████████▏ | 3321/4032 [05:30<01:09, 10.24it/s, Loss=0.012399, Pos=0.012229, Vel=0.00008534]Epoch 1/200 [TRAIN]:  82%|████████▏ | 3323/4032 [05:30<01:12,  9.82it/s, Loss=0.012399, Pos=0.012229, Vel=0.00008534]Epoch 1/200 [TRAIN]:  82%|████████▏ | 3323/4032 [05:30<01:12,  9.82it/s, Loss=0.012397, Pos=0.012227, Vel=0.00008533]Epoch 1/200 [TRAIN]:  82%|████████▏ | 3324/4032 [05:30<01:12,  9.80it/s, Loss=0.012397, Pos=0.012227, Vel=0.00008533]Epoch 1/200 [TRAIN]:  82%|████████▏ | 3324/4032 [05:30<01:12,  9.80it/s, Loss=0.012395, Pos=0.012225, Vel=0.00008531]Epoch 1/200 [TRAIN]:  82%|████████▏ | 3325/4032 [05:30<01:13,  9.63it/s, Loss=0.012395, Pos=0.012225, Vel=0.00008531]Epoch 1/200 [TRAIN]:  82%|████████▏ | 3325/4032 [05:30<01:13,  9.63it/s, Loss=0.012396, Pos=0.012226, Vel=0.00008530]Epoch 1/200 [TRAIN]:  82%|████████▏ | 3326/4032 [05:30<01:13,  9.60it/s, Loss=0.012396, Pos=0.012226, Vel=0.00008530]Epoch 1/200 [TRAIN]:  82%|████████▏ | 3326/4032 [05:31<01:13,  9.60it/s, Loss=0.012395, Pos=0.012224, Vel=0.00008528]Epoch 1/200 [TRAIN]:  83%|████████▎ | 3327/4032 [05:31<01:13,  9.57it/s, Loss=0.012395, Pos=0.012224, Vel=0.00008528]Epoch 1/200 [TRAIN]:  83%|████████▎ | 3327/4032 [05:31<01:13,  9.57it/s, Loss=0.012392, Pos=0.012221, Vel=0.00008527]Epoch 1/200 [TRAIN]:  83%|████████▎ | 3328/4032 [05:31<01:14,  9.44it/s, Loss=0.012392, Pos=0.012221, Vel=0.00008527]Epoch 1/200 [TRAIN]:  83%|████████▎ | 3328/4032 [05:31<01:14,  9.44it/s, Loss=0.012395, Pos=0.012225, Vel=0.00008528]Epoch 1/200 [TRAIN]:  83%|████████▎ | 3329/4032 [05:31<01:17,  9.12it/s, Loss=0.012395, Pos=0.012225, Vel=0.00008528]Epoch 1/200 [TRAIN]:  83%|████████▎ | 3329/4032 [05:31<01:17,  9.12it/s, Loss=0.012395, Pos=0.012224, Vel=0.00008528]Epoch 1/200 [TRAIN]:  83%|████████▎ | 3329/4032 [05:31<01:17,  9.12it/s, Loss=0.012393, Pos=0.012223, Vel=0.00008527]Epoch 1/200 [TRAIN]:  83%|████████▎ | 3331/4032 [05:31<01:11,  9.75it/s, Loss=0.012393, Pos=0.012223, Vel=0.00008527]Epoch 1/200 [TRAIN]:  83%|████████▎ | 3331/4032 [05:31<01:11,  9.75it/s, Loss=0.012393, Pos=0.012222, Vel=0.00008530]Epoch 1/200 [TRAIN]:  83%|████████▎ | 3331/4032 [05:31<01:11,  9.75it/s, Loss=0.012396, Pos=0.012225, Vel=0.00008529]Epoch 1/200 [TRAIN]:  83%|████████▎ | 3333/4032 [05:31<01:11,  9.79it/s, Loss=0.012396, Pos=0.012225, Vel=0.00008529]Epoch 1/200 [TRAIN]:  83%|████████▎ | 3333/4032 [05:31<01:11,  9.79it/s, Loss=0.012399, Pos=0.012229, Vel=0.00008528]Epoch 1/200 [TRAIN]:  83%|████████▎ | 3334/4032 [05:31<01:11,  9.75it/s, Loss=0.012399, Pos=0.012229, Vel=0.00008528]Epoch 1/200 [TRAIN]:  83%|████████▎ | 3334/4032 [05:31<01:11,  9.75it/s, Loss=0.012399, Pos=0.012228, Vel=0.00008529]Epoch 1/200 [TRAIN]:  83%|████████▎ | 3335/4032 [05:31<01:11,  9.79it/s, Loss=0.012399, Pos=0.012228, Vel=0.00008529]Epoch 1/200 [TRAIN]:  83%|████████▎ | 3335/4032 [05:31<01:11,  9.79it/s, Loss=0.012398, Pos=0.012227, Vel=0.00008530]Epoch 1/200 [TRAIN]:  83%|████████▎ | 3336/4032 [05:31<01:10,  9.83it/s, Loss=0.012398, Pos=0.012227, Vel=0.00008530]Epoch 1/200 [TRAIN]:  83%|████████▎ | 3336/4032 [05:32<01:10,  9.83it/s, Loss=0.012401, Pos=0.012230, Vel=0.00008532]Epoch 1/200 [TRAIN]:  83%|████████▎ | 3336/4032 [05:32<01:10,  9.83it/s, Loss=0.012401, Pos=0.012230, Vel=0.00008532]Epoch 1/200 [TRAIN]:  83%|████████▎ | 3338/4032 [05:32<01:03, 10.95it/s, Loss=0.012401, Pos=0.012230, Vel=0.00008532]Epoch 1/200 [TRAIN]:  83%|████████▎ | 3338/4032 [05:32<01:03, 10.95it/s, Loss=0.012402, Pos=0.012232, Vel=0.00008532]Epoch 1/200 [TRAIN]:  83%|████████▎ | 3338/4032 [05:32<01:03, 10.95it/s, Loss=0.012399, Pos=0.012229, Vel=0.00008530]Epoch 1/200 [TRAIN]:  83%|████████▎ | 3340/4032 [05:32<01:07, 10.20it/s, Loss=0.012399, Pos=0.012229, Vel=0.00008530]Epoch 1/200 [TRAIN]:  83%|████████▎ | 3340/4032 [05:32<01:07, 10.20it/s, Loss=0.012399, Pos=0.012228, Vel=0.00008531]Epoch 1/200 [TRAIN]:  83%|████████▎ | 3340/4032 [05:32<01:07, 10.20it/s, Loss=0.012396, Pos=0.012226, Vel=0.00008529]Epoch 1/200 [TRAIN]:  83%|████████▎ | 3342/4032 [05:32<01:10,  9.82it/s, Loss=0.012396, Pos=0.012226, Vel=0.00008529]Epoch 1/200 [TRAIN]:  83%|████████▎ | 3342/4032 [05:32<01:10,  9.82it/s, Loss=0.012393, Pos=0.012223, Vel=0.00008527]Epoch 1/200 [TRAIN]:  83%|████████▎ | 3343/4032 [05:32<01:10,  9.72it/s, Loss=0.012393, Pos=0.012223, Vel=0.00008527]Epoch 1/200 [TRAIN]:  83%|████████▎ | 3343/4032 [05:32<01:10,  9.72it/s, Loss=0.012393, Pos=0.012223, Vel=0.00008527]Epoch 1/200 [TRAIN]:  83%|████████▎ | 3344/4032 [05:32<01:11,  9.67it/s, Loss=0.012393, Pos=0.012223, Vel=0.00008527]Epoch 1/200 [TRAIN]:  83%|████████▎ | 3344/4032 [05:32<01:11,  9.67it/s, Loss=0.012391, Pos=0.012220, Vel=0.00008525]Epoch 1/200 [TRAIN]:  83%|████████▎ | 3345/4032 [05:32<01:11,  9.63it/s, Loss=0.012391, Pos=0.012220, Vel=0.00008525]Epoch 1/200 [TRAIN]:  83%|████████▎ | 3345/4032 [05:32<01:11,  9.63it/s, Loss=0.012387, Pos=0.012217, Vel=0.00008523]Epoch 1/200 [TRAIN]:  83%|████████▎ | 3346/4032 [05:32<01:12,  9.49it/s, Loss=0.012387, Pos=0.012217, Vel=0.00008523]Epoch 1/200 [TRAIN]:  83%|████████▎ | 3346/4032 [05:33<01:12,  9.49it/s, Loss=0.012387, Pos=0.012217, Vel=0.00008523]Epoch 1/200 [TRAIN]:  83%|████████▎ | 3347/4032 [05:33<01:14,  9.22it/s, Loss=0.012387, Pos=0.012217, Vel=0.00008523]Epoch 1/200 [TRAIN]:  83%|████████▎ | 3347/4032 [05:33<01:14,  9.22it/s, Loss=0.012385, Pos=0.012214, Vel=0.00008523]Epoch 1/200 [TRAIN]:  83%|████████▎ | 3348/4032 [05:33<01:14,  9.18it/s, Loss=0.012385, Pos=0.012214, Vel=0.00008523]Epoch 1/200 [TRAIN]:  83%|████████▎ | 3348/4032 [05:33<01:14,  9.18it/s, Loss=0.012394, Pos=0.012223, Vel=0.00008534]Epoch 1/200 [TRAIN]:  83%|████████▎ | 3349/4032 [05:33<01:15,  9.08it/s, Loss=0.012394, Pos=0.012223, Vel=0.00008534]Epoch 1/200 [TRAIN]:  83%|████████▎ | 3349/4032 [05:33<01:15,  9.08it/s, Loss=0.012398, Pos=0.012228, Vel=0.00008533]Epoch 1/200 [TRAIN]:  83%|████████▎ | 3349/4032 [05:33<01:15,  9.08it/s, Loss=0.012405, Pos=0.012235, Vel=0.00008532]Epoch 1/200 [TRAIN]:  83%|████████▎ | 3351/4032 [05:33<01:04, 10.49it/s, Loss=0.012405, Pos=0.012235, Vel=0.00008532]Epoch 1/200 [TRAIN]:  83%|████████▎ | 3351/4032 [05:33<01:04, 10.49it/s, Loss=0.012402, Pos=0.012232, Vel=0.00008530]Epoch 1/200 [TRAIN]:  83%|████████▎ | 3351/4032 [05:33<01:04, 10.49it/s, Loss=0.012400, Pos=0.012230, Vel=0.00008529]Epoch 1/200 [TRAIN]:  83%|████████▎ | 3353/4032 [05:33<00:58, 11.68it/s, Loss=0.012400, Pos=0.012230, Vel=0.00008529]Epoch 1/200 [TRAIN]:  83%|████████▎ | 3353/4032 [05:33<00:58, 11.68it/s, Loss=0.012400, Pos=0.012230, Vel=0.00008531]Epoch 1/200 [TRAIN]:  83%|████████▎ | 3353/4032 [05:33<00:58, 11.68it/s, Loss=0.012398, Pos=0.012227, Vel=0.00008529]Epoch 1/200 [TRAIN]:  83%|████████▎ | 3355/4032 [05:33<01:05, 10.41it/s, Loss=0.012398, Pos=0.012227, Vel=0.00008529]Epoch 1/200 [TRAIN]:  83%|████████▎ | 3355/4032 [05:33<01:05, 10.41it/s, Loss=0.012413, Pos=0.012242, Vel=0.00008530]Epoch 1/200 [TRAIN]:  83%|████████▎ | 3355/4032 [05:34<01:05, 10.41it/s, Loss=0.012417, Pos=0.012246, Vel=0.00008528]Epoch 1/200 [TRAIN]:  83%|████████▎ | 3357/4032 [05:34<01:05, 10.25it/s, Loss=0.012417, Pos=0.012246, Vel=0.00008528]Epoch 1/200 [TRAIN]:  83%|████████▎ | 3357/4032 [05:34<01:05, 10.25it/s, Loss=0.012422, Pos=0.012251, Vel=0.00008528]Epoch 1/200 [TRAIN]:  83%|████████▎ | 3357/4032 [05:34<01:05, 10.25it/s, Loss=0.012420, Pos=0.012249, Vel=0.00008527]Epoch 1/200 [TRAIN]:  83%|████████▎ | 3359/4032 [05:34<01:00, 11.06it/s, Loss=0.012420, Pos=0.012249, Vel=0.00008527]Epoch 1/200 [TRAIN]:  83%|████████▎ | 3359/4032 [05:34<01:00, 11.06it/s, Loss=0.012419, Pos=0.012248, Vel=0.00008525]Epoch 1/200 [TRAIN]:  83%|████████▎ | 3359/4032 [05:34<01:00, 11.06it/s, Loss=0.012417, Pos=0.012246, Vel=0.00008525]Epoch 1/200 [TRAIN]:  83%|████████▎ | 3361/4032 [05:34<00:54, 12.30it/s, Loss=0.012417, Pos=0.012246, Vel=0.00008525]Epoch 1/200 [TRAIN]:  83%|████████▎ | 3361/4032 [05:34<00:54, 12.30it/s, Loss=0.012415, Pos=0.012244, Vel=0.00008525]Epoch 1/200 [TRAIN]:  83%|████████▎ | 3361/4032 [05:34<00:54, 12.30it/s, Loss=0.012412, Pos=0.012242, Vel=0.00008524]Epoch 1/200 [TRAIN]:  83%|████████▎ | 3363/4032 [05:34<00:58, 11.48it/s, Loss=0.012412, Pos=0.012242, Vel=0.00008524]Epoch 1/200 [TRAIN]:  83%|████████▎ | 3363/4032 [05:34<00:58, 11.48it/s, Loss=0.012413, Pos=0.012242, Vel=0.00008524]Epoch 1/200 [TRAIN]:  83%|████████▎ | 3363/4032 [05:34<00:58, 11.48it/s, Loss=0.012412, Pos=0.012242, Vel=0.00008523]Epoch 1/200 [TRAIN]:  83%|████████▎ | 3365/4032 [05:34<00:59, 11.14it/s, Loss=0.012412, Pos=0.012242, Vel=0.00008523]Epoch 1/200 [TRAIN]:  83%|████████▎ | 3365/4032 [05:34<00:59, 11.14it/s, Loss=0.012412, Pos=0.012242, Vel=0.00008521]Epoch 1/200 [TRAIN]:  83%|████████▎ | 3365/4032 [05:34<00:59, 11.14it/s, Loss=0.012412, Pos=0.012242, Vel=0.00008523]Epoch 1/200 [TRAIN]:  84%|████████▎ | 3367/4032 [05:34<00:59, 11.14it/s, Loss=0.012412, Pos=0.012242, Vel=0.00008523]Epoch 1/200 [TRAIN]:  84%|████████▎ | 3367/4032 [05:34<00:59, 11.14it/s, Loss=0.012409, Pos=0.012239, Vel=0.00008521]Epoch 1/200 [TRAIN]:  84%|████████▎ | 3367/4032 [05:35<00:59, 11.14it/s, Loss=0.012409, Pos=0.012239, Vel=0.00008523]Epoch 1/200 [TRAIN]:  84%|████████▎ | 3369/4032 [05:35<01:03, 10.51it/s, Loss=0.012409, Pos=0.012239, Vel=0.00008523]Epoch 1/200 [TRAIN]:  84%|████████▎ | 3369/4032 [05:35<01:03, 10.51it/s, Loss=0.012408, Pos=0.012238, Vel=0.00008523]Epoch 1/200 [TRAIN]:  84%|████████▎ | 3369/4032 [05:35<01:03, 10.51it/s, Loss=0.012406, Pos=0.012236, Vel=0.00008521]Epoch 1/200 [TRAIN]:  84%|████████▎ | 3371/4032 [05:35<01:05, 10.14it/s, Loss=0.012406, Pos=0.012236, Vel=0.00008521]Epoch 1/200 [TRAIN]:  84%|████████▎ | 3371/4032 [05:35<01:05, 10.14it/s, Loss=0.012404, Pos=0.012233, Vel=0.00008519]Epoch 1/200 [TRAIN]:  84%|████████▎ | 3371/4032 [05:35<01:05, 10.14it/s, Loss=0.012403, Pos=0.012233, Vel=0.00008520]Epoch 1/200 [TRAIN]:  84%|████████▎ | 3373/4032 [05:35<01:05, 10.09it/s, Loss=0.012403, Pos=0.012233, Vel=0.00008520]Epoch 1/200 [TRAIN]:  84%|████████▎ | 3373/4032 [05:35<01:05, 10.09it/s, Loss=0.012401, Pos=0.012231, Vel=0.00008519]Epoch 1/200 [TRAIN]:  84%|████████▎ | 3373/4032 [05:35<01:05, 10.09it/s, Loss=0.012398, Pos=0.012228, Vel=0.00008518]Epoch 1/200 [TRAIN]:  84%|████████▎ | 3375/4032 [05:35<01:05, 10.11it/s, Loss=0.012398, Pos=0.012228, Vel=0.00008518]Epoch 1/200 [TRAIN]:  84%|████████▎ | 3375/4032 [05:35<01:05, 10.11it/s, Loss=0.012420, Pos=0.012249, Vel=0.00008518]Epoch 1/200 [TRAIN]:  84%|████████▎ | 3375/4032 [05:35<01:05, 10.11it/s, Loss=0.012424, Pos=0.012254, Vel=0.00008519]Epoch 1/200 [TRAIN]:  84%|████████▍ | 3377/4032 [05:35<01:06,  9.91it/s, Loss=0.012424, Pos=0.012254, Vel=0.00008519]Epoch 1/200 [TRAIN]:  84%|████████▍ | 3377/4032 [05:36<01:06,  9.91it/s, Loss=0.012423, Pos=0.012252, Vel=0.00008518]Epoch 1/200 [TRAIN]:  84%|████████▍ | 3378/4032 [05:36<01:06,  9.80it/s, Loss=0.012423, Pos=0.012252, Vel=0.00008518]Epoch 1/200 [TRAIN]:  84%|████████▍ | 3378/4032 [05:36<01:06,  9.80it/s, Loss=0.012421, Pos=0.012251, Vel=0.00008517]Epoch 1/200 [TRAIN]:  84%|████████▍ | 3379/4032 [05:36<01:07,  9.68it/s, Loss=0.012421, Pos=0.012251, Vel=0.00008517]Epoch 1/200 [TRAIN]:  84%|████████▍ | 3379/4032 [05:36<01:07,  9.68it/s, Loss=0.012419, Pos=0.012248, Vel=0.00008516]Epoch 1/200 [TRAIN]:  84%|████████▍ | 3380/4032 [05:36<01:08,  9.54it/s, Loss=0.012419, Pos=0.012248, Vel=0.00008516]Epoch 1/200 [TRAIN]:  84%|████████▍ | 3380/4032 [05:36<01:08,  9.54it/s, Loss=0.012417, Pos=0.012247, Vel=0.00008516]Epoch 1/200 [TRAIN]:  84%|████████▍ | 3381/4032 [05:36<01:08,  9.47it/s, Loss=0.012417, Pos=0.012247, Vel=0.00008516]Epoch 1/200 [TRAIN]:  84%|████████▍ | 3381/4032 [05:36<01:08,  9.47it/s, Loss=0.012418, Pos=0.012248, Vel=0.00008517]Epoch 1/200 [TRAIN]:  84%|████████▍ | 3381/4032 [05:36<01:08,  9.47it/s, Loss=0.012416, Pos=0.012246, Vel=0.00008516]Epoch 1/200 [TRAIN]:  84%|████████▍ | 3383/4032 [05:36<01:09,  9.30it/s, Loss=0.012416, Pos=0.012246, Vel=0.00008516]Epoch 1/200 [TRAIN]:  84%|████████▍ | 3383/4032 [05:36<01:09,  9.30it/s, Loss=0.012415, Pos=0.012245, Vel=0.00008515]Epoch 1/200 [TRAIN]:  84%|████████▍ | 3384/4032 [05:36<01:08,  9.40it/s, Loss=0.012415, Pos=0.012245, Vel=0.00008515]Epoch 1/200 [TRAIN]:  84%|████████▍ | 3384/4032 [05:36<01:08,  9.40it/s, Loss=0.012412, Pos=0.012242, Vel=0.00008514]Epoch 1/200 [TRAIN]:  84%|████████▍ | 3384/4032 [05:36<01:08,  9.40it/s, Loss=0.012411, Pos=0.012241, Vel=0.00008517]Epoch 1/200 [TRAIN]:  84%|████████▍ | 3386/4032 [05:36<01:07,  9.60it/s, Loss=0.012411, Pos=0.012241, Vel=0.00008517]Epoch 1/200 [TRAIN]:  84%|████████▍ | 3386/4032 [05:36<01:07,  9.60it/s, Loss=0.012411, Pos=0.012240, Vel=0.00008516]Epoch 1/200 [TRAIN]:  84%|████████▍ | 3386/4032 [05:37<01:07,  9.60it/s, Loss=0.012412, Pos=0.012242, Vel=0.00008515]Epoch 1/200 [TRAIN]:  84%|████████▍ | 3388/4032 [05:37<01:05,  9.80it/s, Loss=0.012412, Pos=0.012242, Vel=0.00008515]Epoch 1/200 [TRAIN]:  84%|████████▍ | 3388/4032 [05:37<01:05,  9.80it/s, Loss=0.012417, Pos=0.012247, Vel=0.00008517]Epoch 1/200 [TRAIN]:  84%|████████▍ | 3389/4032 [05:37<01:07,  9.58it/s, Loss=0.012417, Pos=0.012247, Vel=0.00008517]Epoch 1/200 [TRAIN]:  84%|████████▍ | 3389/4032 [05:37<01:07,  9.58it/s, Loss=0.012416, Pos=0.012245, Vel=0.00008516]Epoch 1/200 [TRAIN]:  84%|████████▍ | 3390/4032 [05:37<01:08,  9.33it/s, Loss=0.012416, Pos=0.012245, Vel=0.00008516]Epoch 1/200 [TRAIN]:  84%|████████▍ | 3390/4032 [05:37<01:08,  9.33it/s, Loss=0.012420, Pos=0.012250, Vel=0.00008518]Epoch 1/200 [TRAIN]:  84%|████████▍ | 3390/4032 [05:37<01:08,  9.33it/s, Loss=0.012418, Pos=0.012247, Vel=0.00008516]Epoch 1/200 [TRAIN]:  84%|████████▍ | 3392/4032 [05:37<01:07,  9.53it/s, Loss=0.012418, Pos=0.012247, Vel=0.00008516]Epoch 1/200 [TRAIN]:  84%|████████▍ | 3392/4032 [05:37<01:07,  9.53it/s, Loss=0.012415, Pos=0.012245, Vel=0.00008516]Epoch 1/200 [TRAIN]:  84%|████████▍ | 3393/4032 [05:37<01:07,  9.42it/s, Loss=0.012415, Pos=0.012245, Vel=0.00008516]Epoch 1/200 [TRAIN]:  84%|████████▍ | 3393/4032 [05:37<01:07,  9.42it/s, Loss=0.012412, Pos=0.012242, Vel=0.00008516]Epoch 1/200 [TRAIN]:  84%|████████▍ | 3394/4032 [05:37<01:08,  9.37it/s, Loss=0.012412, Pos=0.012242, Vel=0.00008516]Epoch 1/200 [TRAIN]:  84%|████████▍ | 3394/4032 [05:37<01:08,  9.37it/s, Loss=0.012410, Pos=0.012239, Vel=0.00008515]Epoch 1/200 [TRAIN]:  84%|████████▍ | 3395/4032 [05:37<01:08,  9.28it/s, Loss=0.012410, Pos=0.012239, Vel=0.00008515]Epoch 1/200 [TRAIN]:  84%|████████▍ | 3395/4032 [05:37<01:08,  9.28it/s, Loss=0.012407, Pos=0.012237, Vel=0.00008514]Epoch 1/200 [TRAIN]:  84%|████████▍ | 3396/4032 [05:37<01:08,  9.26it/s, Loss=0.012407, Pos=0.012237, Vel=0.00008514]Epoch 1/200 [TRAIN]:  84%|████████▍ | 3396/4032 [05:38<01:08,  9.26it/s, Loss=0.012405, Pos=0.012235, Vel=0.00008514]Epoch 1/200 [TRAIN]:  84%|████████▍ | 3397/4032 [05:38<01:08,  9.28it/s, Loss=0.012405, Pos=0.012235, Vel=0.00008514]Epoch 1/200 [TRAIN]:  84%|████████▍ | 3397/4032 [05:38<01:08,  9.28it/s, Loss=0.012405, Pos=0.012235, Vel=0.00008513]Epoch 1/200 [TRAIN]:  84%|████████▍ | 3397/4032 [05:38<01:08,  9.28it/s, Loss=0.012404, Pos=0.012234, Vel=0.00008513]Epoch 1/200 [TRAIN]:  84%|████████▍ | 3399/4032 [05:38<01:05,  9.73it/s, Loss=0.012404, Pos=0.012234, Vel=0.00008513]Epoch 1/200 [TRAIN]:  84%|████████▍ | 3399/4032 [05:38<01:05,  9.73it/s, Loss=0.012403, Pos=0.012233, Vel=0.00008515]Epoch 1/200 [TRAIN]:  84%|████████▍ | 3399/4032 [05:38<01:05,  9.73it/s, Loss=0.012412, Pos=0.012242, Vel=0.00008515]Epoch 1/200 [TRAIN]:  84%|████████▍ | 3401/4032 [05:38<01:03,  9.88it/s, Loss=0.012412, Pos=0.012242, Vel=0.00008515]Epoch 1/200 [TRAIN]:  84%|████████▍ | 3401/4032 [05:38<01:03,  9.88it/s, Loss=0.012410, Pos=0.012240, Vel=0.00008513]Epoch 1/200 [TRAIN]:  84%|████████▍ | 3402/4032 [05:38<01:04,  9.76it/s, Loss=0.012410, Pos=0.012240, Vel=0.00008513]Epoch 1/200 [TRAIN]:  84%|████████▍ | 3402/4032 [05:38<01:04,  9.76it/s, Loss=0.012412, Pos=0.012242, Vel=0.00008513]Epoch 1/200 [TRAIN]:  84%|████████▍ | 3402/4032 [05:38<01:04,  9.76it/s, Loss=0.012412, Pos=0.012242, Vel=0.00008512]Epoch 1/200 [TRAIN]:  84%|████████▍ | 3404/4032 [05:38<01:05,  9.66it/s, Loss=0.012412, Pos=0.012242, Vel=0.00008512]Epoch 1/200 [TRAIN]:  84%|████████▍ | 3404/4032 [05:38<01:05,  9.66it/s, Loss=0.012410, Pos=0.012240, Vel=0.00008512]Epoch 1/200 [TRAIN]:  84%|████████▍ | 3405/4032 [05:38<01:05,  9.50it/s, Loss=0.012410, Pos=0.012240, Vel=0.00008512]Epoch 1/200 [TRAIN]:  84%|████████▍ | 3405/4032 [05:38<01:05,  9.50it/s, Loss=0.012410, Pos=0.012240, Vel=0.00008510]Epoch 1/200 [TRAIN]:  84%|████████▍ | 3406/4032 [05:38<01:05,  9.51it/s, Loss=0.012410, Pos=0.012240, Vel=0.00008510]Epoch 1/200 [TRAIN]:  84%|████████▍ | 3406/4032 [05:39<01:05,  9.51it/s, Loss=0.012429, Pos=0.012259, Vel=0.00008509]Epoch 1/200 [TRAIN]:  84%|████████▍ | 3406/4032 [05:39<01:05,  9.51it/s, Loss=0.012427, Pos=0.012257, Vel=0.00008507]Epoch 1/200 [TRAIN]:  85%|████████▍ | 3408/4032 [05:39<01:00, 10.26it/s, Loss=0.012427, Pos=0.012257, Vel=0.00008507]Epoch 1/200 [TRAIN]:  85%|████████▍ | 3408/4032 [05:39<01:00, 10.26it/s, Loss=0.012434, Pos=0.012263, Vel=0.00008506]Epoch 1/200 [TRAIN]:  85%|████████▍ | 3408/4032 [05:39<01:00, 10.26it/s, Loss=0.012430, Pos=0.012260, Vel=0.00008505]Epoch 1/200 [TRAIN]:  85%|████████▍ | 3410/4032 [05:39<01:01, 10.05it/s, Loss=0.012430, Pos=0.012260, Vel=0.00008505]Epoch 1/200 [TRAIN]:  85%|████████▍ | 3410/4032 [05:39<01:01, 10.05it/s, Loss=0.012427, Pos=0.012257, Vel=0.00008503]Epoch 1/200 [TRAIN]:  85%|████████▍ | 3411/4032 [05:39<01:03,  9.82it/s, Loss=0.012427, Pos=0.012257, Vel=0.00008503]Epoch 1/200 [TRAIN]:  85%|████████▍ | 3411/4032 [05:39<01:03,  9.82it/s, Loss=0.012425, Pos=0.012255, Vel=0.00008502]Epoch 1/200 [TRAIN]:  85%|████████▍ | 3412/4032 [05:39<01:05,  9.50it/s, Loss=0.012425, Pos=0.012255, Vel=0.00008502]Epoch 1/200 [TRAIN]:  85%|████████▍ | 3412/4032 [05:39<01:05,  9.50it/s, Loss=0.012424, Pos=0.012254, Vel=0.00008502]Epoch 1/200 [TRAIN]:  85%|████████▍ | 3412/4032 [05:39<01:05,  9.50it/s, Loss=0.012422, Pos=0.012252, Vel=0.00008503]Epoch 1/200 [TRAIN]:  85%|████████▍ | 3414/4032 [05:39<01:04,  9.52it/s, Loss=0.012422, Pos=0.012252, Vel=0.00008503]Epoch 1/200 [TRAIN]:  85%|████████▍ | 3414/4032 [05:39<01:04,  9.52it/s, Loss=0.012421, Pos=0.012251, Vel=0.00008501]Epoch 1/200 [TRAIN]:  85%|████████▍ | 3415/4032 [05:39<01:05,  9.40it/s, Loss=0.012421, Pos=0.012251, Vel=0.00008501]Epoch 1/200 [TRAIN]:  85%|████████▍ | 3415/4032 [05:39<01:05,  9.40it/s, Loss=0.012419, Pos=0.012249, Vel=0.00008501]Epoch 1/200 [TRAIN]:  85%|████████▍ | 3416/4032 [05:39<01:05,  9.36it/s, Loss=0.012419, Pos=0.012249, Vel=0.00008501]Epoch 1/200 [TRAIN]:  85%|████████▍ | 3416/4032 [05:40<01:05,  9.36it/s, Loss=0.012419, Pos=0.012249, Vel=0.00008500]Epoch 1/200 [TRAIN]:  85%|████████▍ | 3417/4032 [05:40<01:05,  9.40it/s, Loss=0.012419, Pos=0.012249, Vel=0.00008500]Epoch 1/200 [TRAIN]:  85%|████████▍ | 3417/4032 [05:40<01:05,  9.40it/s, Loss=0.012418, Pos=0.012248, Vel=0.00008503]Epoch 1/200 [TRAIN]:  85%|████████▍ | 3418/4032 [05:40<01:05,  9.32it/s, Loss=0.012418, Pos=0.012248, Vel=0.00008503]Epoch 1/200 [TRAIN]:  85%|████████▍ | 3418/4032 [05:40<01:05,  9.32it/s, Loss=0.012418, Pos=0.012248, Vel=0.00008501]Epoch 1/200 [TRAIN]:  85%|████████▍ | 3419/4032 [05:40<01:06,  9.21it/s, Loss=0.012418, Pos=0.012248, Vel=0.00008501]Epoch 1/200 [TRAIN]:  85%|████████▍ | 3419/4032 [05:40<01:06,  9.21it/s, Loss=0.012419, Pos=0.012249, Vel=0.00008501]Epoch 1/200 [TRAIN]:  85%|████████▍ | 3420/4032 [05:40<01:06,  9.26it/s, Loss=0.012419, Pos=0.012249, Vel=0.00008501]Epoch 1/200 [TRAIN]:  85%|████████▍ | 3420/4032 [05:40<01:06,  9.26it/s, Loss=0.012416, Pos=0.012246, Vel=0.00008499]Epoch 1/200 [TRAIN]:  85%|████████▍ | 3421/4032 [05:40<01:06,  9.20it/s, Loss=0.012416, Pos=0.012246, Vel=0.00008499]Epoch 1/200 [TRAIN]:  85%|████████▍ | 3421/4032 [05:40<01:06,  9.20it/s, Loss=0.012416, Pos=0.012246, Vel=0.00008498]Epoch 1/200 [TRAIN]:  85%|████████▍ | 3421/4032 [05:40<01:06,  9.20it/s, Loss=0.012416, Pos=0.012246, Vel=0.00008496]Epoch 1/200 [TRAIN]:  85%|████████▍ | 3423/4032 [05:40<00:57, 10.59it/s, Loss=0.012416, Pos=0.012246, Vel=0.00008496]Epoch 1/200 [TRAIN]:  85%|████████▍ | 3423/4032 [05:40<00:57, 10.59it/s, Loss=0.012414, Pos=0.012244, Vel=0.00008495]Epoch 1/200 [TRAIN]:  85%|████████▍ | 3423/4032 [05:40<00:57, 10.59it/s, Loss=0.012415, Pos=0.012246, Vel=0.00008495]Epoch 1/200 [TRAIN]:  85%|████████▍ | 3425/4032 [05:40<00:52, 11.60it/s, Loss=0.012415, Pos=0.012246, Vel=0.00008495]Epoch 1/200 [TRAIN]:  85%|████████▍ | 3425/4032 [05:40<00:52, 11.60it/s, Loss=0.012413, Pos=0.012243, Vel=0.00008494]Epoch 1/200 [TRAIN]:  85%|████████▍ | 3425/4032 [05:41<00:52, 11.60it/s, Loss=0.012413, Pos=0.012243, Vel=0.00008495]Epoch 1/200 [TRAIN]:  85%|████████▍ | 3427/4032 [05:41<00:57, 10.46it/s, Loss=0.012413, Pos=0.012243, Vel=0.00008495]Epoch 1/200 [TRAIN]:  85%|████████▍ | 3427/4032 [05:41<00:57, 10.46it/s, Loss=0.012410, Pos=0.012240, Vel=0.00008494]Epoch 1/200 [TRAIN]:  85%|████████▍ | 3427/4032 [05:41<00:57, 10.46it/s, Loss=0.012408, Pos=0.012238, Vel=0.00008492]Epoch 1/200 [TRAIN]:  85%|████████▌ | 3429/4032 [05:41<00:59, 10.18it/s, Loss=0.012408, Pos=0.012238, Vel=0.00008492]Epoch 1/200 [TRAIN]:  85%|████████▌ | 3429/4032 [05:41<00:59, 10.18it/s, Loss=0.012409, Pos=0.012239, Vel=0.00008494]Epoch 1/200 [TRAIN]:  85%|████████▌ | 3429/4032 [05:41<00:59, 10.18it/s, Loss=0.012430, Pos=0.012260, Vel=0.00008497]Epoch 1/200 [TRAIN]:  85%|████████▌ | 3431/4032 [05:41<01:02,  9.65it/s, Loss=0.012430, Pos=0.012260, Vel=0.00008497]Epoch 1/200 [TRAIN]:  85%|████████▌ | 3431/4032 [05:41<01:02,  9.65it/s, Loss=0.012432, Pos=0.012262, Vel=0.00008496]Epoch 1/200 [TRAIN]:  85%|████████▌ | 3431/4032 [05:41<01:02,  9.65it/s, Loss=0.012432, Pos=0.012262, Vel=0.00008494]Epoch 1/200 [TRAIN]:  85%|████████▌ | 3433/4032 [05:41<00:59, 10.05it/s, Loss=0.012432, Pos=0.012262, Vel=0.00008494]Epoch 1/200 [TRAIN]:  85%|████████▌ | 3433/4032 [05:41<00:59, 10.05it/s, Loss=0.012430, Pos=0.012260, Vel=0.00008493]Epoch 1/200 [TRAIN]:  85%|████████▌ | 3433/4032 [05:41<00:59, 10.05it/s, Loss=0.012427, Pos=0.012257, Vel=0.00008491]Epoch 1/200 [TRAIN]:  85%|████████▌ | 3435/4032 [05:41<00:59,  9.98it/s, Loss=0.012427, Pos=0.012257, Vel=0.00008491]Epoch 1/200 [TRAIN]:  85%|████████▌ | 3435/4032 [05:41<00:59,  9.98it/s, Loss=0.012425, Pos=0.012255, Vel=0.00008489]Epoch 1/200 [TRAIN]:  85%|████████▌ | 3435/4032 [05:42<00:59,  9.98it/s, Loss=0.012423, Pos=0.012253, Vel=0.00008488]Epoch 1/200 [TRAIN]:  85%|████████▌ | 3437/4032 [05:42<01:00,  9.80it/s, Loss=0.012423, Pos=0.012253, Vel=0.00008488]Epoch 1/200 [TRAIN]:  85%|████████▌ | 3437/4032 [05:42<01:00,  9.80it/s, Loss=0.012422, Pos=0.012252, Vel=0.00008487]Epoch 1/200 [TRAIN]:  85%|████████▌ | 3437/4032 [05:42<01:00,  9.80it/s, Loss=0.012419, Pos=0.012250, Vel=0.00008485]Epoch 1/200 [TRAIN]:  85%|████████▌ | 3439/4032 [05:42<01:01,  9.68it/s, Loss=0.012419, Pos=0.012250, Vel=0.00008485]Epoch 1/200 [TRAIN]:  85%|████████▌ | 3439/4032 [05:42<01:01,  9.68it/s, Loss=0.012419, Pos=0.012249, Vel=0.00008487]Epoch 1/200 [TRAIN]:  85%|████████▌ | 3440/4032 [05:42<01:02,  9.48it/s, Loss=0.012419, Pos=0.012249, Vel=0.00008487]Epoch 1/200 [TRAIN]:  85%|████████▌ | 3440/4032 [05:42<01:02,  9.48it/s, Loss=0.012419, Pos=0.012249, Vel=0.00008486]Epoch 1/200 [TRAIN]:  85%|████████▌ | 3441/4032 [05:42<01:03,  9.34it/s, Loss=0.012419, Pos=0.012249, Vel=0.00008486]Epoch 1/200 [TRAIN]:  85%|████████▌ | 3441/4032 [05:42<01:03,  9.34it/s, Loss=0.012416, Pos=0.012247, Vel=0.00008485]Epoch 1/200 [TRAIN]:  85%|████████▌ | 3442/4032 [05:42<01:04,  9.17it/s, Loss=0.012416, Pos=0.012247, Vel=0.00008485]Epoch 1/200 [TRAIN]:  85%|████████▌ | 3442/4032 [05:42<01:04,  9.17it/s, Loss=0.012416, Pos=0.012246, Vel=0.00008484]Epoch 1/200 [TRAIN]:  85%|████████▌ | 3443/4032 [05:42<01:04,  9.15it/s, Loss=0.012416, Pos=0.012246, Vel=0.00008484]Epoch 1/200 [TRAIN]:  85%|████████▌ | 3443/4032 [05:42<01:04,  9.15it/s, Loss=0.012413, Pos=0.012243, Vel=0.00008483]Epoch 1/200 [TRAIN]:  85%|████████▌ | 3444/4032 [05:42<01:05,  9.02it/s, Loss=0.012413, Pos=0.012243, Vel=0.00008483]Epoch 1/200 [TRAIN]:  85%|████████▌ | 3444/4032 [05:42<01:05,  9.02it/s, Loss=0.012417, Pos=0.012248, Vel=0.00008484]Epoch 1/200 [TRAIN]:  85%|████████▌ | 3445/4032 [05:42<01:05,  8.98it/s, Loss=0.012417, Pos=0.012248, Vel=0.00008484]Epoch 1/200 [TRAIN]:  85%|████████▌ | 3445/4032 [05:43<01:05,  8.98it/s, Loss=0.012416, Pos=0.012246, Vel=0.00008482]Epoch 1/200 [TRAIN]:  85%|████████▌ | 3446/4032 [05:43<01:03,  9.22it/s, Loss=0.012416, Pos=0.012246, Vel=0.00008482]Epoch 1/200 [TRAIN]:  85%|████████▌ | 3446/4032 [05:43<01:03,  9.22it/s, Loss=0.012415, Pos=0.012246, Vel=0.00008482]Epoch 1/200 [TRAIN]:  85%|████████▌ | 3446/4032 [05:43<01:03,  9.22it/s, Loss=0.012413, Pos=0.012243, Vel=0.00008481]Epoch 1/200 [TRAIN]:  86%|████████▌ | 3448/4032 [05:43<00:53, 11.00it/s, Loss=0.012413, Pos=0.012243, Vel=0.00008481]Epoch 1/200 [TRAIN]:  86%|████████▌ | 3448/4032 [05:43<00:53, 11.00it/s, Loss=0.012413, Pos=0.012243, Vel=0.00008480]Epoch 1/200 [TRAIN]:  86%|████████▌ | 3448/4032 [05:43<00:53, 11.00it/s, Loss=0.012411, Pos=0.012241, Vel=0.00008479]Epoch 1/200 [TRAIN]:  86%|████████▌ | 3450/4032 [05:43<00:57, 10.12it/s, Loss=0.012411, Pos=0.012241, Vel=0.00008479]Epoch 1/200 [TRAIN]:  86%|████████▌ | 3450/4032 [05:43<00:57, 10.12it/s, Loss=0.012409, Pos=0.012239, Vel=0.00008477]Epoch 1/200 [TRAIN]:  86%|████████▌ | 3450/4032 [05:43<00:57, 10.12it/s, Loss=0.012406, Pos=0.012236, Vel=0.00008476]Epoch 1/200 [TRAIN]:  86%|████████▌ | 3452/4032 [05:43<00:57, 10.06it/s, Loss=0.012406, Pos=0.012236, Vel=0.00008476]Epoch 1/200 [TRAIN]:  86%|████████▌ | 3452/4032 [05:43<00:57, 10.06it/s, Loss=0.012403, Pos=0.012234, Vel=0.00008474]Epoch 1/200 [TRAIN]:  86%|████████▌ | 3452/4032 [05:43<00:57, 10.06it/s, Loss=0.012401, Pos=0.012232, Vel=0.00008472]Epoch 1/200 [TRAIN]:  86%|████████▌ | 3454/4032 [05:43<00:58,  9.85it/s, Loss=0.012401, Pos=0.012232, Vel=0.00008472]Epoch 1/200 [TRAIN]:  86%|████████▌ | 3454/4032 [05:43<00:58,  9.85it/s, Loss=0.012399, Pos=0.012230, Vel=0.00008471]Epoch 1/200 [TRAIN]:  86%|████████▌ | 3455/4032 [05:43<00:59,  9.67it/s, Loss=0.012399, Pos=0.012230, Vel=0.00008471]Epoch 1/200 [TRAIN]:  86%|████████▌ | 3455/4032 [05:44<00:59,  9.67it/s, Loss=0.012426, Pos=0.012257, Vel=0.00008469]Epoch 1/200 [TRAIN]:  86%|████████▌ | 3456/4032 [05:44<01:00,  9.45it/s, Loss=0.012426, Pos=0.012257, Vel=0.00008469]Epoch 1/200 [TRAIN]:  86%|████████▌ | 3456/4032 [05:44<01:00,  9.45it/s, Loss=0.012425, Pos=0.012256, Vel=0.00008469]Epoch 1/200 [TRAIN]:  86%|████████▌ | 3457/4032 [05:44<01:00,  9.51it/s, Loss=0.012425, Pos=0.012256, Vel=0.00008469]Epoch 1/200 [TRAIN]:  86%|████████▌ | 3457/4032 [05:44<01:00,  9.51it/s, Loss=0.012424, Pos=0.012255, Vel=0.00008467]Epoch 1/200 [TRAIN]:  86%|████████▌ | 3458/4032 [05:44<01:00,  9.52it/s, Loss=0.012424, Pos=0.012255, Vel=0.00008467]Epoch 1/200 [TRAIN]:  86%|████████▌ | 3458/4032 [05:44<01:00,  9.52it/s, Loss=0.012423, Pos=0.012253, Vel=0.00008465]Epoch 1/200 [TRAIN]:  86%|████████▌ | 3459/4032 [05:44<01:01,  9.34it/s, Loss=0.012423, Pos=0.012253, Vel=0.00008465]Epoch 1/200 [TRAIN]:  86%|████████▌ | 3459/4032 [05:44<01:01,  9.34it/s, Loss=0.012421, Pos=0.012252, Vel=0.00008466]Epoch 1/200 [TRAIN]:  86%|████████▌ | 3460/4032 [05:44<01:01,  9.37it/s, Loss=0.012421, Pos=0.012252, Vel=0.00008466]Epoch 1/200 [TRAIN]:  86%|████████▌ | 3460/4032 [05:44<01:01,  9.37it/s, Loss=0.012421, Pos=0.012252, Vel=0.00008467]Epoch 1/200 [TRAIN]:  86%|████████▌ | 3461/4032 [05:44<01:01,  9.28it/s, Loss=0.012421, Pos=0.012252, Vel=0.00008467]Epoch 1/200 [TRAIN]:  86%|████████▌ | 3461/4032 [05:44<01:01,  9.28it/s, Loss=0.012418, Pos=0.012249, Vel=0.00008466]Epoch 1/200 [TRAIN]:  86%|████████▌ | 3462/4032 [05:44<01:01,  9.29it/s, Loss=0.012418, Pos=0.012249, Vel=0.00008466]Epoch 1/200 [TRAIN]:  86%|████████▌ | 3462/4032 [05:44<01:01,  9.29it/s, Loss=0.012417, Pos=0.012248, Vel=0.00008465]Epoch 1/200 [TRAIN]:  86%|████████▌ | 3463/4032 [05:44<01:02,  9.15it/s, Loss=0.012417, Pos=0.012248, Vel=0.00008465]Epoch 1/200 [TRAIN]:  86%|████████▌ | 3463/4032 [05:44<01:02,  9.15it/s, Loss=0.012419, Pos=0.012250, Vel=0.00008466]Epoch 1/200 [TRAIN]:  86%|████████▌ | 3464/4032 [05:44<01:00,  9.36it/s, Loss=0.012419, Pos=0.012250, Vel=0.00008466]Epoch 1/200 [TRAIN]:  86%|████████▌ | 3464/4032 [05:45<01:00,  9.36it/s, Loss=0.012417, Pos=0.012247, Vel=0.00008465]Epoch 1/200 [TRAIN]:  86%|████████▌ | 3465/4032 [05:45<01:00,  9.33it/s, Loss=0.012417, Pos=0.012247, Vel=0.00008465]Epoch 1/200 [TRAIN]:  86%|████████▌ | 3465/4032 [05:45<01:00,  9.33it/s, Loss=0.012415, Pos=0.012245, Vel=0.00008463]Epoch 1/200 [TRAIN]:  86%|████████▌ | 3466/4032 [05:45<01:00,  9.36it/s, Loss=0.012415, Pos=0.012245, Vel=0.00008463]Epoch 1/200 [TRAIN]:  86%|████████▌ | 3466/4032 [05:45<01:00,  9.36it/s, Loss=0.012433, Pos=0.012264, Vel=0.00008466]Epoch 1/200 [TRAIN]:  86%|████████▌ | 3467/4032 [05:45<01:00,  9.41it/s, Loss=0.012433, Pos=0.012264, Vel=0.00008466]Epoch 1/200 [TRAIN]:  86%|████████▌ | 3467/4032 [05:45<01:00,  9.41it/s, Loss=0.012433, Pos=0.012264, Vel=0.00008466]Epoch 1/200 [TRAIN]:  86%|████████▌ | 3468/4032 [05:45<01:00,  9.29it/s, Loss=0.012433, Pos=0.012264, Vel=0.00008466]Epoch 1/200 [TRAIN]:  86%|████████▌ | 3468/4032 [05:45<01:00,  9.29it/s, Loss=0.012437, Pos=0.012268, Vel=0.00008465]Epoch 1/200 [TRAIN]:  86%|████████▌ | 3468/4032 [05:45<01:00,  9.29it/s, Loss=0.012436, Pos=0.012266, Vel=0.00008463]Epoch 1/200 [TRAIN]:  86%|████████▌ | 3470/4032 [05:45<00:53, 10.49it/s, Loss=0.012436, Pos=0.012266, Vel=0.00008463]Epoch 1/200 [TRAIN]:  86%|████████▌ | 3470/4032 [05:45<00:53, 10.49it/s, Loss=0.012434, Pos=0.012265, Vel=0.00008462]Epoch 1/200 [TRAIN]:  86%|████████▌ | 3470/4032 [05:45<00:53, 10.49it/s, Loss=0.012436, Pos=0.012267, Vel=0.00008465]Epoch 1/200 [TRAIN]:  86%|████████▌ | 3472/4032 [05:45<00:53, 10.45it/s, Loss=0.012436, Pos=0.012267, Vel=0.00008465]Epoch 1/200 [TRAIN]:  86%|████████▌ | 3472/4032 [05:45<00:53, 10.45it/s, Loss=0.012433, Pos=0.012264, Vel=0.00008463]Epoch 1/200 [TRAIN]:  86%|████████▌ | 3472/4032 [05:45<00:53, 10.45it/s, Loss=0.012432, Pos=0.012263, Vel=0.00008462]Epoch 1/200 [TRAIN]:  86%|████████▌ | 3474/4032 [05:45<00:48, 11.49it/s, Loss=0.012432, Pos=0.012263, Vel=0.00008462]Epoch 1/200 [TRAIN]:  86%|████████▌ | 3474/4032 [05:45<00:48, 11.49it/s, Loss=0.012431, Pos=0.012262, Vel=0.00008460]Epoch 1/200 [TRAIN]:  86%|████████▌ | 3474/4032 [05:46<00:48, 11.49it/s, Loss=0.012429, Pos=0.012260, Vel=0.00008459]Epoch 1/200 [TRAIN]:  86%|████████▌ | 3476/4032 [05:46<00:46, 11.93it/s, Loss=0.012429, Pos=0.012260, Vel=0.00008459]Epoch 1/200 [TRAIN]:  86%|████████▌ | 3476/4032 [05:46<00:46, 11.93it/s, Loss=0.012431, Pos=0.012262, Vel=0.00008457]Epoch 1/200 [TRAIN]:  86%|████████▌ | 3476/4032 [05:46<00:46, 11.93it/s, Loss=0.012438, Pos=0.012269, Vel=0.00008456]Epoch 1/200 [TRAIN]:  86%|████████▋ | 3478/4032 [05:46<00:51, 10.83it/s, Loss=0.012438, Pos=0.012269, Vel=0.00008456]Epoch 1/200 [TRAIN]:  86%|████████▋ | 3478/4032 [05:46<00:51, 10.83it/s, Loss=0.012435, Pos=0.012266, Vel=0.00008455]Epoch 1/200 [TRAIN]:  86%|████████▋ | 3478/4032 [05:46<00:51, 10.83it/s, Loss=0.012440, Pos=0.012271, Vel=0.00008454]Epoch 1/200 [TRAIN]:  86%|████████▋ | 3480/4032 [05:46<00:50, 10.99it/s, Loss=0.012440, Pos=0.012271, Vel=0.00008454]Epoch 1/200 [TRAIN]:  86%|████████▋ | 3480/4032 [05:46<00:50, 10.99it/s, Loss=0.012440, Pos=0.012271, Vel=0.00008454]Epoch 1/200 [TRAIN]:  86%|████████▋ | 3480/4032 [05:46<00:50, 10.99it/s, Loss=0.012442, Pos=0.012273, Vel=0.00008455]Epoch 1/200 [TRAIN]:  86%|████████▋ | 3482/4032 [05:46<00:52, 10.47it/s, Loss=0.012442, Pos=0.012273, Vel=0.00008455]Epoch 1/200 [TRAIN]:  86%|████████▋ | 3482/4032 [05:46<00:52, 10.47it/s, Loss=0.012449, Pos=0.012280, Vel=0.00008453]Epoch 1/200 [TRAIN]:  86%|████████▋ | 3482/4032 [05:46<00:52, 10.47it/s, Loss=0.012446, Pos=0.012277, Vel=0.00008452]Epoch 1/200 [TRAIN]:  86%|████████▋ | 3484/4032 [05:46<00:52, 10.46it/s, Loss=0.012446, Pos=0.012277, Vel=0.00008452]Epoch 1/200 [TRAIN]:  86%|████████▋ | 3484/4032 [05:46<00:52, 10.46it/s, Loss=0.012443, Pos=0.012274, Vel=0.00008451]Epoch 1/200 [TRAIN]:  86%|████████▋ | 3484/4032 [05:46<00:52, 10.46it/s, Loss=0.012440, Pos=0.012271, Vel=0.00008450]Epoch 1/200 [TRAIN]:  86%|████████▋ | 3486/4032 [05:46<00:49, 11.08it/s, Loss=0.012440, Pos=0.012271, Vel=0.00008450]Epoch 1/200 [TRAIN]:  86%|████████▋ | 3486/4032 [05:47<00:49, 11.08it/s, Loss=0.012439, Pos=0.012270, Vel=0.00008452]Epoch 1/200 [TRAIN]:  86%|████████▋ | 3486/4032 [05:47<00:49, 11.08it/s, Loss=0.012438, Pos=0.012269, Vel=0.00008451]Epoch 1/200 [TRAIN]:  87%|████████▋ | 3488/4032 [05:47<00:50, 10.69it/s, Loss=0.012438, Pos=0.012269, Vel=0.00008451]Epoch 1/200 [TRAIN]:  87%|████████▋ | 3488/4032 [05:47<00:50, 10.69it/s, Loss=0.012438, Pos=0.012269, Vel=0.00008449]Epoch 1/200 [TRAIN]:  87%|████████▋ | 3488/4032 [05:47<00:50, 10.69it/s, Loss=0.012437, Pos=0.012268, Vel=0.00008448]Epoch 1/200 [TRAIN]:  87%|████████▋ | 3490/4032 [05:47<00:52, 10.36it/s, Loss=0.012437, Pos=0.012268, Vel=0.00008448]Epoch 1/200 [TRAIN]:  87%|████████▋ | 3490/4032 [05:47<00:52, 10.36it/s, Loss=0.012438, Pos=0.012269, Vel=0.00008447]Epoch 1/200 [TRAIN]:  87%|████████▋ | 3490/4032 [05:47<00:52, 10.36it/s, Loss=0.012436, Pos=0.012267, Vel=0.00008446]Epoch 1/200 [TRAIN]:  87%|████████▋ | 3492/4032 [05:47<00:55,  9.81it/s, Loss=0.012436, Pos=0.012267, Vel=0.00008446]Epoch 1/200 [TRAIN]:  87%|████████▋ | 3492/4032 [05:47<00:55,  9.81it/s, Loss=0.012435, Pos=0.012266, Vel=0.00008444]Epoch 1/200 [TRAIN]:  87%|████████▋ | 3493/4032 [05:47<00:55,  9.66it/s, Loss=0.012435, Pos=0.012266, Vel=0.00008444]Epoch 1/200 [TRAIN]:  87%|████████▋ | 3493/4032 [05:47<00:55,  9.66it/s, Loss=0.012433, Pos=0.012264, Vel=0.00008443]Epoch 1/200 [TRAIN]:  87%|████████▋ | 3494/4032 [05:47<00:56,  9.53it/s, Loss=0.012433, Pos=0.012264, Vel=0.00008443]Epoch 1/200 [TRAIN]:  87%|████████▋ | 3494/4032 [05:47<00:56,  9.53it/s, Loss=0.012433, Pos=0.012264, Vel=0.00008441]Epoch 1/200 [TRAIN]:  87%|████████▋ | 3494/4032 [05:48<00:56,  9.53it/s, Loss=0.012440, Pos=0.012271, Vel=0.00008441]Epoch 1/200 [TRAIN]:  87%|████████▋ | 3496/4032 [05:48<00:54,  9.77it/s, Loss=0.012440, Pos=0.012271, Vel=0.00008441]Epoch 1/200 [TRAIN]:  87%|████████▋ | 3496/4032 [05:48<00:54,  9.77it/s, Loss=0.012443, Pos=0.012275, Vel=0.00008441]Epoch 1/200 [TRAIN]:  87%|████████▋ | 3497/4032 [05:48<00:55,  9.72it/s, Loss=0.012443, Pos=0.012275, Vel=0.00008441]Epoch 1/200 [TRAIN]:  87%|████████▋ | 3497/4032 [05:48<00:55,  9.72it/s, Loss=0.012442, Pos=0.012274, Vel=0.00008441]Epoch 1/200 [TRAIN]:  87%|████████▋ | 3498/4032 [05:48<00:56,  9.52it/s, Loss=0.012442, Pos=0.012274, Vel=0.00008441]Epoch 1/200 [TRAIN]:  87%|████████▋ | 3498/4032 [05:48<00:56,  9.52it/s, Loss=0.012440, Pos=0.012271, Vel=0.00008442]Epoch 1/200 [TRAIN]:  87%|████████▋ | 3499/4032 [05:48<00:56,  9.46it/s, Loss=0.012440, Pos=0.012271, Vel=0.00008442]Epoch 1/200 [TRAIN]:  87%|████████▋ | 3499/4032 [05:48<00:56,  9.46it/s, Loss=0.012438, Pos=0.012269, Vel=0.00008444]Epoch 1/200 [TRAIN]:  87%|████████▋ | 3500/4032 [05:48<00:56,  9.42it/s, Loss=0.012438, Pos=0.012269, Vel=0.00008444]Epoch 1/200 [TRAIN]:  87%|████████▋ | 3500/4032 [05:48<00:56,  9.42it/s, Loss=0.012441, Pos=0.012272, Vel=0.00008446]Epoch 1/200 [TRAIN]:  87%|████████▋ | 3501/4032 [05:48<00:56,  9.38it/s, Loss=0.012441, Pos=0.012272, Vel=0.00008446]Epoch 1/200 [TRAIN]:  87%|████████▋ | 3501/4032 [05:48<00:56,  9.38it/s, Loss=0.012441, Pos=0.012272, Vel=0.00008444]Epoch 1/200 [TRAIN]:  87%|████████▋ | 3502/4032 [05:48<00:56,  9.40it/s, Loss=0.012441, Pos=0.012272, Vel=0.00008444]Epoch 1/200 [TRAIN]:  87%|████████▋ | 3502/4032 [05:48<00:56,  9.40it/s, Loss=0.012440, Pos=0.012271, Vel=0.00008443]Epoch 1/200 [TRAIN]:  87%|████████▋ | 3502/4032 [05:48<00:56,  9.40it/s, Loss=0.012440, Pos=0.012271, Vel=0.00008443]Epoch 1/200 [TRAIN]:  87%|████████▋ | 3504/4032 [05:48<00:47, 11.11it/s, Loss=0.012440, Pos=0.012271, Vel=0.00008443]Epoch 1/200 [TRAIN]:  87%|████████▋ | 3504/4032 [05:48<00:47, 11.11it/s, Loss=0.012439, Pos=0.012270, Vel=0.00008442]Epoch 1/200 [TRAIN]:  87%|████████▋ | 3504/4032 [05:49<00:47, 11.11it/s, Loss=0.012437, Pos=0.012268, Vel=0.00008440]Epoch 1/200 [TRAIN]:  87%|████████▋ | 3506/4032 [05:49<00:49, 10.63it/s, Loss=0.012437, Pos=0.012268, Vel=0.00008440]Epoch 1/200 [TRAIN]:  87%|████████▋ | 3506/4032 [05:49<00:49, 10.63it/s, Loss=0.012438, Pos=0.012270, Vel=0.00008441]Epoch 1/200 [TRAIN]:  87%|████████▋ | 3506/4032 [05:49<00:49, 10.63it/s, Loss=0.012437, Pos=0.012269, Vel=0.00008440]Epoch 1/200 [TRAIN]:  87%|████████▋ | 3508/4032 [05:49<00:49, 10.54it/s, Loss=0.012437, Pos=0.012269, Vel=0.00008440]Epoch 1/200 [TRAIN]:  87%|████████▋ | 3508/4032 [05:49<00:49, 10.54it/s, Loss=0.012436, Pos=0.012267, Vel=0.00008439]Epoch 1/200 [TRAIN]:  87%|████████▋ | 3508/4032 [05:49<00:49, 10.54it/s, Loss=0.012435, Pos=0.012266, Vel=0.00008438]Epoch 1/200 [TRAIN]:  87%|████████▋ | 3510/4032 [05:49<00:53,  9.85it/s, Loss=0.012435, Pos=0.012266, Vel=0.00008438]Epoch 1/200 [TRAIN]:  87%|████████▋ | 3510/4032 [05:49<00:53,  9.85it/s, Loss=0.012432, Pos=0.012263, Vel=0.00008437]Epoch 1/200 [TRAIN]:  87%|████████▋ | 3511/4032 [05:49<00:53,  9.81it/s, Loss=0.012432, Pos=0.012263, Vel=0.00008437]Epoch 1/200 [TRAIN]:  87%|████████▋ | 3511/4032 [05:49<00:53,  9.81it/s, Loss=0.012430, Pos=0.012261, Vel=0.00008435]Epoch 1/200 [TRAIN]:  87%|████████▋ | 3512/4032 [05:49<00:53,  9.69it/s, Loss=0.012430, Pos=0.012261, Vel=0.00008435]Epoch 1/200 [TRAIN]:  87%|████████▋ | 3512/4032 [05:49<00:53,  9.69it/s, Loss=0.012429, Pos=0.012260, Vel=0.00008434]Epoch 1/200 [TRAIN]:  87%|████████▋ | 3513/4032 [05:49<00:54,  9.53it/s, Loss=0.012429, Pos=0.012260, Vel=0.00008434]Epoch 1/200 [TRAIN]:  87%|████████▋ | 3513/4032 [05:49<00:54,  9.53it/s, Loss=0.012427, Pos=0.012258, Vel=0.00008432]Epoch 1/200 [TRAIN]:  87%|████████▋ | 3514/4032 [05:49<00:54,  9.42it/s, Loss=0.012427, Pos=0.012258, Vel=0.00008432]Epoch 1/200 [TRAIN]:  87%|████████▋ | 3514/4032 [05:49<00:54,  9.42it/s, Loss=0.012433, Pos=0.012264, Vel=0.00008431]Epoch 1/200 [TRAIN]:  87%|████████▋ | 3515/4032 [05:49<00:54,  9.45it/s, Loss=0.012433, Pos=0.012264, Vel=0.00008431]Epoch 1/200 [TRAIN]:  87%|████████▋ | 3515/4032 [05:50<00:54,  9.45it/s, Loss=0.012431, Pos=0.012263, Vel=0.00008433]Epoch 1/200 [TRAIN]:  87%|████████▋ | 3516/4032 [05:50<00:54,  9.48it/s, Loss=0.012431, Pos=0.012263, Vel=0.00008433]Epoch 1/200 [TRAIN]:  87%|████████▋ | 3516/4032 [05:50<00:54,  9.48it/s, Loss=0.012431, Pos=0.012262, Vel=0.00008434]Epoch 1/200 [TRAIN]:  87%|████████▋ | 3517/4032 [05:50<00:54,  9.40it/s, Loss=0.012431, Pos=0.012262, Vel=0.00008434]Epoch 1/200 [TRAIN]:  87%|████████▋ | 3517/4032 [05:50<00:54,  9.40it/s, Loss=0.012431, Pos=0.012262, Vel=0.00008434]Epoch 1/200 [TRAIN]:  87%|████████▋ | 3518/4032 [05:50<00:54,  9.38it/s, Loss=0.012431, Pos=0.012262, Vel=0.00008434]Epoch 1/200 [TRAIN]:  87%|████████▋ | 3518/4032 [05:50<00:54,  9.38it/s, Loss=0.012440, Pos=0.012272, Vel=0.00008434]Epoch 1/200 [TRAIN]:  87%|████████▋ | 3518/4032 [05:50<00:54,  9.38it/s, Loss=0.012446, Pos=0.012277, Vel=0.00008432]Epoch 1/200 [TRAIN]:  87%|████████▋ | 3520/4032 [05:50<00:53,  9.50it/s, Loss=0.012446, Pos=0.012277, Vel=0.00008432]Epoch 1/200 [TRAIN]:  87%|████████▋ | 3520/4032 [05:50<00:53,  9.50it/s, Loss=0.012447, Pos=0.012278, Vel=0.00008433]Epoch 1/200 [TRAIN]:  87%|████████▋ | 3521/4032 [05:50<00:54,  9.43it/s, Loss=0.012447, Pos=0.012278, Vel=0.00008433]Epoch 1/200 [TRAIN]:  87%|████████▋ | 3521/4032 [05:50<00:54,  9.43it/s, Loss=0.012446, Pos=0.012277, Vel=0.00008432]Epoch 1/200 [TRAIN]:  87%|████████▋ | 3522/4032 [05:50<00:53,  9.45it/s, Loss=0.012446, Pos=0.012277, Vel=0.00008432]Epoch 1/200 [TRAIN]:  87%|████████▋ | 3522/4032 [05:50<00:53,  9.45it/s, Loss=0.012445, Pos=0.012276, Vel=0.00008431]Epoch 1/200 [TRAIN]:  87%|████████▋ | 3523/4032 [05:50<00:53,  9.48it/s, Loss=0.012445, Pos=0.012276, Vel=0.00008431]Epoch 1/200 [TRAIN]:  87%|████████▋ | 3523/4032 [05:50<00:53,  9.48it/s, Loss=0.012444, Pos=0.012275, Vel=0.00008429]Epoch 1/200 [TRAIN]:  87%|████████▋ | 3523/4032 [05:51<00:53,  9.48it/s, Loss=0.012444, Pos=0.012275, Vel=0.00008430]Epoch 1/200 [TRAIN]:  87%|████████▋ | 3525/4032 [05:51<00:50,  9.99it/s, Loss=0.012444, Pos=0.012275, Vel=0.00008430]Epoch 1/200 [TRAIN]:  87%|████████▋ | 3525/4032 [05:51<00:50,  9.99it/s, Loss=0.012441, Pos=0.012272, Vel=0.00008429]Epoch 1/200 [TRAIN]:  87%|████████▋ | 3525/4032 [05:51<00:50,  9.99it/s, Loss=0.012440, Pos=0.012271, Vel=0.00008428]Epoch 1/200 [TRAIN]:  87%|████████▋ | 3527/4032 [05:51<00:49, 10.25it/s, Loss=0.012440, Pos=0.012271, Vel=0.00008428]Epoch 1/200 [TRAIN]:  87%|████████▋ | 3527/4032 [05:51<00:49, 10.25it/s, Loss=0.012446, Pos=0.012278, Vel=0.00008427]Epoch 1/200 [TRAIN]:  87%|████████▋ | 3527/4032 [05:51<00:49, 10.25it/s, Loss=0.012450, Pos=0.012281, Vel=0.00008427]Epoch 1/200 [TRAIN]:  88%|████████▊ | 3529/4032 [05:51<00:50, 10.06it/s, Loss=0.012450, Pos=0.012281, Vel=0.00008427]Epoch 1/200 [TRAIN]:  88%|████████▊ | 3529/4032 [05:51<00:50, 10.06it/s, Loss=0.012450, Pos=0.012282, Vel=0.00008425]Epoch 1/200 [TRAIN]:  88%|████████▊ | 3530/4032 [05:51<00:50,  9.94it/s, Loss=0.012450, Pos=0.012282, Vel=0.00008425]Epoch 1/200 [TRAIN]:  88%|████████▊ | 3530/4032 [05:51<00:50,  9.94it/s, Loss=0.012452, Pos=0.012284, Vel=0.00008425]Epoch 1/200 [TRAIN]:  88%|████████▊ | 3531/4032 [05:51<00:51,  9.77it/s, Loss=0.012452, Pos=0.012284, Vel=0.00008425]Epoch 1/200 [TRAIN]:  88%|████████▊ | 3531/4032 [05:51<00:51,  9.77it/s, Loss=0.012451, Pos=0.012282, Vel=0.00008425]Epoch 1/200 [TRAIN]:  88%|████████▊ | 3532/4032 [05:51<00:53,  9.40it/s, Loss=0.012451, Pos=0.012282, Vel=0.00008425]Epoch 1/200 [TRAIN]:  88%|████████▊ | 3532/4032 [05:51<00:53,  9.40it/s, Loss=0.012449, Pos=0.012280, Vel=0.00008425]Epoch 1/200 [TRAIN]:  88%|████████▊ | 3532/4032 [05:51<00:53,  9.40it/s, Loss=0.012447, Pos=0.012279, Vel=0.00008424]Epoch 1/200 [TRAIN]:  88%|████████▊ | 3534/4032 [05:51<00:52,  9.56it/s, Loss=0.012447, Pos=0.012279, Vel=0.00008424]Epoch 1/200 [TRAIN]:  88%|████████▊ | 3534/4032 [05:52<00:52,  9.56it/s, Loss=0.012445, Pos=0.012277, Vel=0.00008422]Epoch 1/200 [TRAIN]:  88%|████████▊ | 3535/4032 [05:52<00:51,  9.62it/s, Loss=0.012445, Pos=0.012277, Vel=0.00008422]Epoch 1/200 [TRAIN]:  88%|████████▊ | 3535/4032 [05:52<00:51,  9.62it/s, Loss=0.012445, Pos=0.012277, Vel=0.00008421]Epoch 1/200 [TRAIN]:  88%|████████▊ | 3536/4032 [05:52<00:52,  9.50it/s, Loss=0.012445, Pos=0.012277, Vel=0.00008421]Epoch 1/200 [TRAIN]:  88%|████████▊ | 3536/4032 [05:52<00:52,  9.50it/s, Loss=0.012442, Pos=0.012274, Vel=0.00008421]Epoch 1/200 [TRAIN]:  88%|████████▊ | 3537/4032 [05:52<00:52,  9.38it/s, Loss=0.012442, Pos=0.012274, Vel=0.00008421]Epoch 1/200 [TRAIN]:  88%|████████▊ | 3537/4032 [05:52<00:52,  9.38it/s, Loss=0.012454, Pos=0.012286, Vel=0.00008420]Epoch 1/200 [TRAIN]:  88%|████████▊ | 3538/4032 [05:52<00:53,  9.28it/s, Loss=0.012454, Pos=0.012286, Vel=0.00008420]Epoch 1/200 [TRAIN]:  88%|████████▊ | 3538/4032 [05:52<00:53,  9.28it/s, Loss=0.012452, Pos=0.012284, Vel=0.00008421]Epoch 1/200 [TRAIN]:  88%|████████▊ | 3539/4032 [05:52<00:53,  9.21it/s, Loss=0.012452, Pos=0.012284, Vel=0.00008421]Epoch 1/200 [TRAIN]:  88%|████████▊ | 3539/4032 [05:52<00:53,  9.21it/s, Loss=0.012449, Pos=0.012281, Vel=0.00008421]Epoch 1/200 [TRAIN]:  88%|████████▊ | 3539/4032 [05:52<00:53,  9.21it/s, Loss=0.012448, Pos=0.012280, Vel=0.00008419]Epoch 1/200 [TRAIN]:  88%|████████▊ | 3541/4032 [05:52<00:42, 11.69it/s, Loss=0.012448, Pos=0.012280, Vel=0.00008419]Epoch 1/200 [TRAIN]:  88%|████████▊ | 3541/4032 [05:52<00:42, 11.69it/s, Loss=0.012449, Pos=0.012281, Vel=0.00008420]Epoch 1/200 [TRAIN]:  88%|████████▊ | 3541/4032 [05:52<00:42, 11.69it/s, Loss=0.012448, Pos=0.012279, Vel=0.00008418]Epoch 1/200 [TRAIN]:  88%|████████▊ | 3543/4032 [05:52<00:44, 10.96it/s, Loss=0.012448, Pos=0.012279, Vel=0.00008418]Epoch 1/200 [TRAIN]:  88%|████████▊ | 3543/4032 [05:52<00:44, 10.96it/s, Loss=0.012450, Pos=0.012282, Vel=0.00008420]Epoch 1/200 [TRAIN]:  88%|████████▊ | 3543/4032 [05:53<00:44, 10.96it/s, Loss=0.012449, Pos=0.012280, Vel=0.00008419]Epoch 1/200 [TRAIN]:  88%|████████▊ | 3545/4032 [05:53<00:46, 10.49it/s, Loss=0.012449, Pos=0.012280, Vel=0.00008419]Epoch 1/200 [TRAIN]:  88%|████████▊ | 3545/4032 [05:53<00:46, 10.49it/s, Loss=0.012450, Pos=0.012282, Vel=0.00008418]Epoch 1/200 [TRAIN]:  88%|████████▊ | 3545/4032 [05:53<00:46, 10.49it/s, Loss=0.012447, Pos=0.012279, Vel=0.00008417]Epoch 1/200 [TRAIN]:  88%|████████▊ | 3547/4032 [05:53<00:48, 10.09it/s, Loss=0.012447, Pos=0.012279, Vel=0.00008417]Epoch 1/200 [TRAIN]:  88%|████████▊ | 3547/4032 [05:53<00:48, 10.09it/s, Loss=0.012452, Pos=0.012284, Vel=0.00008416]Epoch 1/200 [TRAIN]:  88%|████████▊ | 3547/4032 [05:53<00:48, 10.09it/s, Loss=0.012451, Pos=0.012283, Vel=0.00008415]Epoch 1/200 [TRAIN]:  88%|████████▊ | 3549/4032 [05:53<00:45, 10.66it/s, Loss=0.012451, Pos=0.012283, Vel=0.00008415]Epoch 1/200 [TRAIN]:  88%|████████▊ | 3549/4032 [05:53<00:45, 10.66it/s, Loss=0.012449, Pos=0.012280, Vel=0.00008414]Epoch 1/200 [TRAIN]:  88%|████████▊ | 3549/4032 [05:53<00:45, 10.66it/s, Loss=0.012453, Pos=0.012285, Vel=0.00008416]Epoch 1/200 [TRAIN]:  88%|████████▊ | 3551/4032 [05:53<00:46, 10.30it/s, Loss=0.012453, Pos=0.012285, Vel=0.00008416]Epoch 1/200 [TRAIN]:  88%|████████▊ | 3551/4032 [05:53<00:46, 10.30it/s, Loss=0.012451, Pos=0.012282, Vel=0.00008415]Epoch 1/200 [TRAIN]:  88%|████████▊ | 3551/4032 [05:53<00:46, 10.30it/s, Loss=0.012450, Pos=0.012282, Vel=0.00008415]Epoch 1/200 [TRAIN]:  88%|████████▊ | 3553/4032 [05:53<00:47, 10.11it/s, Loss=0.012450, Pos=0.012282, Vel=0.00008415]Epoch 1/200 [TRAIN]:  88%|████████▊ | 3553/4032 [05:53<00:47, 10.11it/s, Loss=0.012450, Pos=0.012282, Vel=0.00008414]Epoch 1/200 [TRAIN]:  88%|████████▊ | 3553/4032 [05:54<00:47, 10.11it/s, Loss=0.012449, Pos=0.012281, Vel=0.00008413]Epoch 1/200 [TRAIN]:  88%|████████▊ | 3555/4032 [05:54<00:48,  9.79it/s, Loss=0.012449, Pos=0.012281, Vel=0.00008413]Epoch 1/200 [TRAIN]:  88%|████████▊ | 3555/4032 [05:54<00:48,  9.79it/s, Loss=0.012447, Pos=0.012279, Vel=0.00008412]Epoch 1/200 [TRAIN]:  88%|████████▊ | 3556/4032 [05:54<00:49,  9.56it/s, Loss=0.012447, Pos=0.012279, Vel=0.00008412]Epoch 1/200 [TRAIN]:  88%|████████▊ | 3556/4032 [05:54<00:49,  9.56it/s, Loss=0.012446, Pos=0.012278, Vel=0.00008410]Epoch 1/200 [TRAIN]:  88%|████████▊ | 3556/4032 [05:54<00:49,  9.56it/s, Loss=0.012444, Pos=0.012276, Vel=0.00008410]Epoch 1/200 [TRAIN]:  88%|████████▊ | 3558/4032 [05:54<00:49,  9.59it/s, Loss=0.012444, Pos=0.012276, Vel=0.00008410]Epoch 1/200 [TRAIN]:  88%|████████▊ | 3558/4032 [05:54<00:49,  9.59it/s, Loss=0.012446, Pos=0.012277, Vel=0.00008411]Epoch 1/200 [TRAIN]:  88%|████████▊ | 3559/4032 [05:54<00:50,  9.45it/s, Loss=0.012446, Pos=0.012277, Vel=0.00008411]Epoch 1/200 [TRAIN]:  88%|████████▊ | 3559/4032 [05:54<00:50,  9.45it/s, Loss=0.012444, Pos=0.012276, Vel=0.00008410]Epoch 1/200 [TRAIN]:  88%|████████▊ | 3560/4032 [05:54<00:50,  9.39it/s, Loss=0.012444, Pos=0.012276, Vel=0.00008410]Epoch 1/200 [TRAIN]:  88%|████████▊ | 3560/4032 [05:54<00:50,  9.39it/s, Loss=0.012442, Pos=0.012274, Vel=0.00008408]Epoch 1/200 [TRAIN]:  88%|████████▊ | 3561/4032 [05:54<00:50,  9.42it/s, Loss=0.012442, Pos=0.012274, Vel=0.00008408]Epoch 1/200 [TRAIN]:  88%|████████▊ | 3561/4032 [05:54<00:50,  9.42it/s, Loss=0.012440, Pos=0.012272, Vel=0.00008407]Epoch 1/200 [TRAIN]:  88%|████████▊ | 3561/4032 [05:54<00:50,  9.42it/s, Loss=0.012438, Pos=0.012270, Vel=0.00008409]Epoch 1/200 [TRAIN]:  88%|████████▊ | 3563/4032 [05:54<00:39, 11.80it/s, Loss=0.012438, Pos=0.012270, Vel=0.00008409]Epoch 1/200 [TRAIN]:  88%|████████▊ | 3563/4032 [05:54<00:39, 11.80it/s, Loss=0.012440, Pos=0.012272, Vel=0.00008409]Epoch 1/200 [TRAIN]:  88%|████████▊ | 3563/4032 [05:54<00:39, 11.80it/s, Loss=0.012438, Pos=0.012270, Vel=0.00008408]Epoch 1/200 [TRAIN]:  88%|████████▊ | 3565/4032 [05:54<00:43, 10.64it/s, Loss=0.012438, Pos=0.012270, Vel=0.00008408]Epoch 1/200 [TRAIN]:  88%|████████▊ | 3565/4032 [05:55<00:43, 10.64it/s, Loss=0.012436, Pos=0.012268, Vel=0.00008406]Epoch 1/200 [TRAIN]:  88%|████████▊ | 3565/4032 [05:55<00:43, 10.64it/s, Loss=0.012439, Pos=0.012270, Vel=0.00008406]Epoch 1/200 [TRAIN]:  88%|████████▊ | 3567/4032 [05:55<00:46,  9.93it/s, Loss=0.012439, Pos=0.012270, Vel=0.00008406]Epoch 1/200 [TRAIN]:  88%|████████▊ | 3567/4032 [05:55<00:46,  9.93it/s, Loss=0.012439, Pos=0.012271, Vel=0.00008408]Epoch 1/200 [TRAIN]:  88%|████████▊ | 3567/4032 [05:55<00:46,  9.93it/s, Loss=0.012437, Pos=0.012269, Vel=0.00008407]Epoch 1/200 [TRAIN]:  89%|████████▊ | 3569/4032 [05:55<00:48,  9.53it/s, Loss=0.012437, Pos=0.012269, Vel=0.00008407]Epoch 1/200 [TRAIN]:  89%|████████▊ | 3569/4032 [05:55<00:48,  9.53it/s, Loss=0.012434, Pos=0.012266, Vel=0.00008406]Epoch 1/200 [TRAIN]:  89%|████████▊ | 3569/4032 [05:55<00:48,  9.53it/s, Loss=0.012432, Pos=0.012264, Vel=0.00008405]Epoch 1/200 [TRAIN]:  89%|████████▊ | 3571/4032 [05:55<00:49,  9.30it/s, Loss=0.012432, Pos=0.012264, Vel=0.00008405]Epoch 1/200 [TRAIN]:  89%|████████▊ | 3571/4032 [05:55<00:49,  9.30it/s, Loss=0.012431, Pos=0.012263, Vel=0.00008404]Epoch 1/200 [TRAIN]:  89%|████████▊ | 3572/4032 [05:55<00:49,  9.30it/s, Loss=0.012431, Pos=0.012263, Vel=0.00008404]Epoch 1/200 [TRAIN]:  89%|████████▊ | 3572/4032 [05:55<00:49,  9.30it/s, Loss=0.012430, Pos=0.012261, Vel=0.00008405]Epoch 1/200 [TRAIN]:  89%|████████▊ | 3573/4032 [05:55<00:50,  9.06it/s, Loss=0.012430, Pos=0.012261, Vel=0.00008405]Epoch 1/200 [TRAIN]:  89%|████████▊ | 3573/4032 [05:56<00:50,  9.06it/s, Loss=0.012428, Pos=0.012260, Vel=0.00008405]Epoch 1/200 [TRAIN]:  89%|████████▊ | 3574/4032 [05:56<00:49,  9.23it/s, Loss=0.012428, Pos=0.012260, Vel=0.00008405]Epoch 1/200 [TRAIN]:  89%|████████▊ | 3574/4032 [05:56<00:49,  9.23it/s, Loss=0.012428, Pos=0.012260, Vel=0.00008403]Epoch 1/200 [TRAIN]:  89%|████████▊ | 3575/4032 [05:56<00:49,  9.19it/s, Loss=0.012428, Pos=0.012260, Vel=0.00008403]Epoch 1/200 [TRAIN]:  89%|████████▊ | 3575/4032 [05:56<00:49,  9.19it/s, Loss=0.012425, Pos=0.012257, Vel=0.00008402]Epoch 1/200 [TRAIN]:  89%|████████▊ | 3576/4032 [05:56<00:50,  9.11it/s, Loss=0.012425, Pos=0.012257, Vel=0.00008402]Epoch 1/200 [TRAIN]:  89%|████████▊ | 3576/4032 [05:56<00:50,  9.11it/s, Loss=0.012429, Pos=0.012261, Vel=0.00008402]Epoch 1/200 [TRAIN]:  89%|████████▊ | 3577/4032 [05:56<00:50,  9.08it/s, Loss=0.012429, Pos=0.012261, Vel=0.00008402]Epoch 1/200 [TRAIN]:  89%|████████▊ | 3577/4032 [05:56<00:50,  9.08it/s, Loss=0.012433, Pos=0.012265, Vel=0.00008405]Epoch 1/200 [TRAIN]:  89%|████████▊ | 3578/4032 [05:56<00:49,  9.11it/s, Loss=0.012433, Pos=0.012265, Vel=0.00008405]Epoch 1/200 [TRAIN]:  89%|████████▊ | 3578/4032 [05:56<00:49,  9.11it/s, Loss=0.012434, Pos=0.012266, Vel=0.00008405]Epoch 1/200 [TRAIN]:  89%|████████▉ | 3579/4032 [05:56<00:49,  9.15it/s, Loss=0.012434, Pos=0.012266, Vel=0.00008405]Epoch 1/200 [TRAIN]:  89%|████████▉ | 3579/4032 [05:56<00:49,  9.15it/s, Loss=0.012432, Pos=0.012264, Vel=0.00008403]Epoch 1/200 [TRAIN]:  89%|████████▉ | 3580/4032 [05:56<00:49,  9.15it/s, Loss=0.012432, Pos=0.012264, Vel=0.00008403]Epoch 1/200 [TRAIN]:  89%|████████▉ | 3580/4032 [05:56<00:49,  9.15it/s, Loss=0.012431, Pos=0.012263, Vel=0.00008402]Epoch 1/200 [TRAIN]:  89%|████████▉ | 3581/4032 [05:56<00:49,  9.09it/s, Loss=0.012431, Pos=0.012263, Vel=0.00008402]Epoch 1/200 [TRAIN]:  89%|████████▉ | 3581/4032 [05:56<00:49,  9.09it/s, Loss=0.012429, Pos=0.012261, Vel=0.00008401]Epoch 1/200 [TRAIN]:  89%|████████▉ | 3582/4032 [05:56<00:49,  9.11it/s, Loss=0.012429, Pos=0.012261, Vel=0.00008401]Epoch 1/200 [TRAIN]:  89%|████████▉ | 3582/4032 [05:56<00:49,  9.11it/s, Loss=0.012429, Pos=0.012261, Vel=0.00008400]Epoch 1/200 [TRAIN]:  89%|████████▉ | 3583/4032 [05:56<00:49,  9.08it/s, Loss=0.012429, Pos=0.012261, Vel=0.00008400]Epoch 1/200 [TRAIN]:  89%|████████▉ | 3583/4032 [05:57<00:49,  9.08it/s, Loss=0.012427, Pos=0.012259, Vel=0.00008399]Epoch 1/200 [TRAIN]:  89%|████████▉ | 3583/4032 [05:57<00:49,  9.08it/s, Loss=0.012426, Pos=0.012258, Vel=0.00008398]Epoch 1/200 [TRAIN]:  89%|████████▉ | 3583/4032 [05:57<00:49,  9.08it/s, Loss=0.012424, Pos=0.012256, Vel=0.00008396]Epoch 1/200 [TRAIN]:  89%|████████▉ | 3586/4032 [05:57<00:39, 11.39it/s, Loss=0.012424, Pos=0.012256, Vel=0.00008396]Epoch 1/200 [TRAIN]:  89%|████████▉ | 3586/4032 [05:57<00:39, 11.39it/s, Loss=0.012423, Pos=0.012255, Vel=0.00008395]Epoch 1/200 [TRAIN]:  89%|████████▉ | 3586/4032 [05:57<00:39, 11.39it/s, Loss=0.012422, Pos=0.012254, Vel=0.00008395]Epoch 1/200 [TRAIN]:  89%|████████▉ | 3588/4032 [05:57<00:40, 10.84it/s, Loss=0.012422, Pos=0.012254, Vel=0.00008395]Epoch 1/200 [TRAIN]:  89%|████████▉ | 3588/4032 [05:57<00:40, 10.84it/s, Loss=0.012419, Pos=0.012251, Vel=0.00008394]Epoch 1/200 [TRAIN]:  89%|████████▉ | 3588/4032 [05:57<00:40, 10.84it/s, Loss=0.012423, Pos=0.012255, Vel=0.00008395]Epoch 1/200 [TRAIN]:  89%|████████▉ | 3590/4032 [05:57<00:42, 10.32it/s, Loss=0.012423, Pos=0.012255, Vel=0.00008395]Epoch 1/200 [TRAIN]:  89%|████████▉ | 3590/4032 [05:57<00:42, 10.32it/s, Loss=0.012423, Pos=0.012255, Vel=0.00008394]Epoch 1/200 [TRAIN]:  89%|████████▉ | 3590/4032 [05:57<00:42, 10.32it/s, Loss=0.012421, Pos=0.012253, Vel=0.00008393]Epoch 1/200 [TRAIN]:  89%|████████▉ | 3592/4032 [05:57<00:44,  9.93it/s, Loss=0.012421, Pos=0.012253, Vel=0.00008393]Epoch 1/200 [TRAIN]:  89%|████████▉ | 3592/4032 [05:57<00:44,  9.93it/s, Loss=0.012420, Pos=0.012253, Vel=0.00008392]Epoch 1/200 [TRAIN]:  89%|████████▉ | 3593/4032 [05:57<00:44,  9.89it/s, Loss=0.012420, Pos=0.012253, Vel=0.00008392]Epoch 1/200 [TRAIN]:  89%|████████▉ | 3593/4032 [05:58<00:44,  9.89it/s, Loss=0.012419, Pos=0.012252, Vel=0.00008391]Epoch 1/200 [TRAIN]:  89%|████████▉ | 3594/4032 [05:58<00:45,  9.71it/s, Loss=0.012419, Pos=0.012252, Vel=0.00008391]Epoch 1/200 [TRAIN]:  89%|████████▉ | 3594/4032 [05:58<00:45,  9.71it/s, Loss=0.012419, Pos=0.012251, Vel=0.00008391]Epoch 1/200 [TRAIN]:  89%|████████▉ | 3595/4032 [05:58<00:46,  9.37it/s, Loss=0.012419, Pos=0.012251, Vel=0.00008391]Epoch 1/200 [TRAIN]:  89%|████████▉ | 3595/4032 [05:58<00:46,  9.37it/s, Loss=0.012416, Pos=0.012248, Vel=0.00008390]Epoch 1/200 [TRAIN]:  89%|████████▉ | 3595/4032 [05:58<00:46,  9.37it/s, Loss=0.012414, Pos=0.012247, Vel=0.00008388]Epoch 1/200 [TRAIN]:  89%|████████▉ | 3597/4032 [05:58<00:46,  9.36it/s, Loss=0.012414, Pos=0.012247, Vel=0.00008388]Epoch 1/200 [TRAIN]:  89%|████████▉ | 3597/4032 [05:58<00:46,  9.36it/s, Loss=0.012412, Pos=0.012245, Vel=0.00008388]Epoch 1/200 [TRAIN]:  89%|████████▉ | 3597/4032 [05:58<00:46,  9.36it/s, Loss=0.012413, Pos=0.012245, Vel=0.00008387]Epoch 1/200 [TRAIN]:  89%|████████▉ | 3599/4032 [05:58<00:41, 10.32it/s, Loss=0.012413, Pos=0.012245, Vel=0.00008387]Epoch 1/200 [TRAIN]:  89%|████████▉ | 3599/4032 [05:58<00:41, 10.32it/s, Loss=0.012417, Pos=0.012249, Vel=0.00008390]Epoch 1/200 [TRAIN]:  89%|████████▉ | 3599/4032 [05:58<00:41, 10.32it/s, Loss=0.012420, Pos=0.012252, Vel=0.00008388]Epoch 1/200 [TRAIN]:  89%|████████▉ | 3601/4032 [05:58<00:43,  9.90it/s, Loss=0.012420, Pos=0.012252, Vel=0.00008388]Epoch 1/200 [TRAIN]:  89%|████████▉ | 3601/4032 [05:58<00:43,  9.90it/s, Loss=0.012417, Pos=0.012249, Vel=0.00008387]Epoch 1/200 [TRAIN]:  89%|████████▉ | 3601/4032 [05:58<00:43,  9.90it/s, Loss=0.012415, Pos=0.012247, Vel=0.00008386]Epoch 1/200 [TRAIN]:  89%|████████▉ | 3603/4032 [05:58<00:44,  9.68it/s, Loss=0.012415, Pos=0.012247, Vel=0.00008386]Epoch 1/200 [TRAIN]:  89%|████████▉ | 3603/4032 [05:59<00:44,  9.68it/s, Loss=0.012415, Pos=0.012247, Vel=0.00008385]Epoch 1/200 [TRAIN]:  89%|████████▉ | 3604/4032 [05:59<00:44,  9.72it/s, Loss=0.012415, Pos=0.012247, Vel=0.00008385]Epoch 1/200 [TRAIN]:  89%|████████▉ | 3604/4032 [05:59<00:44,  9.72it/s, Loss=0.012415, Pos=0.012247, Vel=0.00008384]Epoch 1/200 [TRAIN]:  89%|████████▉ | 3605/4032 [05:59<00:45,  9.48it/s, Loss=0.012415, Pos=0.012247, Vel=0.00008384]Epoch 1/200 [TRAIN]:  89%|████████▉ | 3605/4032 [05:59<00:45,  9.48it/s, Loss=0.012413, Pos=0.012245, Vel=0.00008383]Epoch 1/200 [TRAIN]:  89%|████████▉ | 3606/4032 [05:59<00:45,  9.36it/s, Loss=0.012413, Pos=0.012245, Vel=0.00008383]Epoch 1/200 [TRAIN]:  89%|████████▉ | 3606/4032 [05:59<00:45,  9.36it/s, Loss=0.012411, Pos=0.012244, Vel=0.00008382]Epoch 1/200 [TRAIN]:  89%|████████▉ | 3606/4032 [05:59<00:45,  9.36it/s, Loss=0.012410, Pos=0.012242, Vel=0.00008381]Epoch 1/200 [TRAIN]:  89%|████████▉ | 3608/4032 [05:59<00:41, 10.11it/s, Loss=0.012410, Pos=0.012242, Vel=0.00008381]Epoch 1/200 [TRAIN]:  89%|████████▉ | 3608/4032 [05:59<00:41, 10.11it/s, Loss=0.012408, Pos=0.012241, Vel=0.00008380]Epoch 1/200 [TRAIN]:  89%|████████▉ | 3608/4032 [05:59<00:41, 10.11it/s, Loss=0.012417, Pos=0.012250, Vel=0.00008379]Epoch 1/200 [TRAIN]:  90%|████████▉ | 3610/4032 [05:59<00:42,  9.98it/s, Loss=0.012417, Pos=0.012250, Vel=0.00008379]Epoch 1/200 [TRAIN]:  90%|████████▉ | 3610/4032 [05:59<00:42,  9.98it/s, Loss=0.012416, Pos=0.012248, Vel=0.00008377]Epoch 1/200 [TRAIN]:  90%|████████▉ | 3611/4032 [05:59<00:42,  9.83it/s, Loss=0.012416, Pos=0.012248, Vel=0.00008377]Epoch 1/200 [TRAIN]:  90%|████████▉ | 3611/4032 [05:59<00:42,  9.83it/s, Loss=0.012416, Pos=0.012248, Vel=0.00008377]Epoch 1/200 [TRAIN]:  90%|████████▉ | 3611/4032 [05:59<00:42,  9.83it/s, Loss=0.012419, Pos=0.012251, Vel=0.00008376]Epoch 1/200 [TRAIN]:  90%|████████▉ | 3613/4032 [05:59<00:41, 10.07it/s, Loss=0.012419, Pos=0.012251, Vel=0.00008376]Epoch 1/200 [TRAIN]:  90%|████████▉ | 3613/4032 [06:00<00:41, 10.07it/s, Loss=0.012420, Pos=0.012253, Vel=0.00008376]Epoch 1/200 [TRAIN]:  90%|████████▉ | 3614/4032 [06:00<00:41, 10.02it/s, Loss=0.012420, Pos=0.012253, Vel=0.00008376]Epoch 1/200 [TRAIN]:  90%|████████▉ | 3614/4032 [06:00<00:41, 10.02it/s, Loss=0.012419, Pos=0.012251, Vel=0.00008376]Epoch 1/200 [TRAIN]:  90%|████████▉ | 3615/4032 [06:00<00:42,  9.71it/s, Loss=0.012419, Pos=0.012251, Vel=0.00008376]Epoch 1/200 [TRAIN]:  90%|████████▉ | 3615/4032 [06:00<00:42,  9.71it/s, Loss=0.012417, Pos=0.012250, Vel=0.00008375]Epoch 1/200 [TRAIN]:  90%|████████▉ | 3616/4032 [06:00<00:42,  9.74it/s, Loss=0.012417, Pos=0.012250, Vel=0.00008375]Epoch 1/200 [TRAIN]:  90%|████████▉ | 3616/4032 [06:00<00:42,  9.74it/s, Loss=0.012418, Pos=0.012251, Vel=0.00008374]Epoch 1/200 [TRAIN]:  90%|████████▉ | 3617/4032 [06:00<00:43,  9.50it/s, Loss=0.012418, Pos=0.012251, Vel=0.00008374]Epoch 1/200 [TRAIN]:  90%|████████▉ | 3617/4032 [06:00<00:43,  9.50it/s, Loss=0.012420, Pos=0.012253, Vel=0.00008372]Epoch 1/200 [TRAIN]:  90%|████████▉ | 3617/4032 [06:00<00:43,  9.50it/s, Loss=0.012420, Pos=0.012252, Vel=0.00008372]Epoch 1/200 [TRAIN]:  90%|████████▉ | 3619/4032 [06:00<00:38, 10.70it/s, Loss=0.012420, Pos=0.012252, Vel=0.00008372]Epoch 1/200 [TRAIN]:  90%|████████▉ | 3619/4032 [06:00<00:38, 10.70it/s, Loss=0.012418, Pos=0.012250, Vel=0.00008371]Epoch 1/200 [TRAIN]:  90%|████████▉ | 3619/4032 [06:00<00:38, 10.70it/s, Loss=0.012416, Pos=0.012248, Vel=0.00008370]Epoch 1/200 [TRAIN]:  90%|████████▉ | 3621/4032 [06:00<00:40, 10.22it/s, Loss=0.012416, Pos=0.012248, Vel=0.00008370]Epoch 1/200 [TRAIN]:  90%|████████▉ | 3621/4032 [06:00<00:40, 10.22it/s, Loss=0.012417, Pos=0.012249, Vel=0.00008369]Epoch 1/200 [TRAIN]:  90%|████████▉ | 3621/4032 [06:01<00:40, 10.22it/s, Loss=0.012414, Pos=0.012247, Vel=0.00008368]Epoch 1/200 [TRAIN]:  90%|████████▉ | 3623/4032 [06:01<00:42,  9.71it/s, Loss=0.012414, Pos=0.012247, Vel=0.00008368]Epoch 1/200 [TRAIN]:  90%|████████▉ | 3623/4032 [06:01<00:42,  9.71it/s, Loss=0.012413, Pos=0.012246, Vel=0.00008368]Epoch 1/200 [TRAIN]:  90%|████████▉ | 3624/4032 [06:01<00:42,  9.63it/s, Loss=0.012413, Pos=0.012246, Vel=0.00008368]Epoch 1/200 [TRAIN]:  90%|████████▉ | 3624/4032 [06:01<00:42,  9.63it/s, Loss=0.012413, Pos=0.012245, Vel=0.00008368]Epoch 1/200 [TRAIN]:  90%|████████▉ | 3625/4032 [06:01<00:43,  9.29it/s, Loss=0.012413, Pos=0.012245, Vel=0.00008368]Epoch 1/200 [TRAIN]:  90%|████████▉ | 3625/4032 [06:01<00:43,  9.29it/s, Loss=0.012410, Pos=0.012243, Vel=0.00008369]Epoch 1/200 [TRAIN]:  90%|████████▉ | 3625/4032 [06:01<00:43,  9.29it/s, Loss=0.012409, Pos=0.012241, Vel=0.00008369]Epoch 1/200 [TRAIN]:  90%|████████▉ | 3627/4032 [06:01<00:43,  9.39it/s, Loss=0.012409, Pos=0.012241, Vel=0.00008369]Epoch 1/200 [TRAIN]:  90%|████████▉ | 3627/4032 [06:01<00:43,  9.39it/s, Loss=0.012407, Pos=0.012239, Vel=0.00008367]Epoch 1/200 [TRAIN]:  90%|████████▉ | 3627/4032 [06:01<00:43,  9.39it/s, Loss=0.012405, Pos=0.012238, Vel=0.00008369]Epoch 1/200 [TRAIN]:  90%|█████████ | 3629/4032 [06:01<00:35, 11.46it/s, Loss=0.012405, Pos=0.012238, Vel=0.00008369]Epoch 1/200 [TRAIN]:  90%|█████████ | 3629/4032 [06:01<00:35, 11.46it/s, Loss=0.012403, Pos=0.012236, Vel=0.00008369]Epoch 1/200 [TRAIN]:  90%|█████████ | 3629/4032 [06:01<00:35, 11.46it/s, Loss=0.012402, Pos=0.012234, Vel=0.00008368]Epoch 1/200 [TRAIN]:  90%|█████████ | 3631/4032 [06:01<00:37, 10.68it/s, Loss=0.012402, Pos=0.012234, Vel=0.00008368]Epoch 1/200 [TRAIN]:  90%|█████████ | 3631/4032 [06:01<00:37, 10.68it/s, Loss=0.012401, Pos=0.012233, Vel=0.00008367]Epoch 1/200 [TRAIN]:  90%|█████████ | 3631/4032 [06:01<00:37, 10.68it/s, Loss=0.012401, Pos=0.012234, Vel=0.00008365]Epoch 1/200 [TRAIN]:  90%|█████████ | 3633/4032 [06:01<00:40,  9.96it/s, Loss=0.012401, Pos=0.012234, Vel=0.00008365]Epoch 1/200 [TRAIN]:  90%|█████████ | 3633/4032 [06:02<00:40,  9.96it/s, Loss=0.012401, Pos=0.012234, Vel=0.00008365]Epoch 1/200 [TRAIN]:  90%|█████████ | 3633/4032 [06:02<00:40,  9.96it/s, Loss=0.012411, Pos=0.012244, Vel=0.00008364]Epoch 1/200 [TRAIN]:  90%|█████████ | 3635/4032 [06:02<00:36, 11.02it/s, Loss=0.012411, Pos=0.012244, Vel=0.00008364]Epoch 1/200 [TRAIN]:  90%|█████████ | 3635/4032 [06:02<00:36, 11.02it/s, Loss=0.012409, Pos=0.012242, Vel=0.00008363]Epoch 1/200 [TRAIN]:  90%|█████████ | 3635/4032 [06:02<00:36, 11.02it/s, Loss=0.012407, Pos=0.012240, Vel=0.00008362]Epoch 1/200 [TRAIN]:  90%|█████████ | 3637/4032 [06:02<00:38, 10.14it/s, Loss=0.012407, Pos=0.012240, Vel=0.00008362]Epoch 1/200 [TRAIN]:  90%|█████████ | 3637/4032 [06:02<00:38, 10.14it/s, Loss=0.012405, Pos=0.012238, Vel=0.00008362]Epoch 1/200 [TRAIN]:  90%|█████████ | 3637/4032 [06:02<00:38, 10.14it/s, Loss=0.012403, Pos=0.012236, Vel=0.00008360]Epoch 1/200 [TRAIN]:  90%|█████████ | 3639/4032 [06:02<00:37, 10.38it/s, Loss=0.012403, Pos=0.012236, Vel=0.00008360]Epoch 1/200 [TRAIN]:  90%|█████████ | 3639/4032 [06:02<00:37, 10.38it/s, Loss=0.012406, Pos=0.012238, Vel=0.00008363]Epoch 1/200 [TRAIN]:  90%|█████████ | 3639/4032 [06:02<00:37, 10.38it/s, Loss=0.012404, Pos=0.012237, Vel=0.00008364]Epoch 1/200 [TRAIN]:  90%|█████████ | 3641/4032 [06:02<00:39,  9.97it/s, Loss=0.012404, Pos=0.012237, Vel=0.00008364]Epoch 1/200 [TRAIN]:  90%|█████████ | 3641/4032 [06:02<00:39,  9.97it/s, Loss=0.012401, Pos=0.012234, Vel=0.00008362]Epoch 1/200 [TRAIN]:  90%|█████████ | 3641/4032 [06:02<00:39,  9.97it/s, Loss=0.012399, Pos=0.012232, Vel=0.00008361]Epoch 1/200 [TRAIN]:  90%|█████████ | 3643/4032 [06:02<00:39,  9.87it/s, Loss=0.012399, Pos=0.012232, Vel=0.00008361]Epoch 1/200 [TRAIN]:  90%|█████████ | 3643/4032 [06:03<00:39,  9.87it/s, Loss=0.012398, Pos=0.012230, Vel=0.00008360]Epoch 1/200 [TRAIN]:  90%|█████████ | 3643/4032 [06:03<00:39,  9.87it/s, Loss=0.012398, Pos=0.012231, Vel=0.00008358]Epoch 1/200 [TRAIN]:  90%|█████████ | 3645/4032 [06:03<00:40,  9.65it/s, Loss=0.012398, Pos=0.012231, Vel=0.00008358]Epoch 1/200 [TRAIN]:  90%|█████████ | 3645/4032 [06:03<00:40,  9.65it/s, Loss=0.012396, Pos=0.012229, Vel=0.00008357]Epoch 1/200 [TRAIN]:  90%|█████████ | 3646/4032 [06:03<00:40,  9.59it/s, Loss=0.012396, Pos=0.012229, Vel=0.00008357]Epoch 1/200 [TRAIN]:  90%|█████████ | 3646/4032 [06:03<00:40,  9.59it/s, Loss=0.012394, Pos=0.012227, Vel=0.00008356]Epoch 1/200 [TRAIN]:  90%|█████████ | 3647/4032 [06:03<00:40,  9.55it/s, Loss=0.012394, Pos=0.012227, Vel=0.00008356]Epoch 1/200 [TRAIN]:  90%|█████████ | 3647/4032 [06:03<00:40,  9.55it/s, Loss=0.012393, Pos=0.012226, Vel=0.00008355]Epoch 1/200 [TRAIN]:  90%|█████████ | 3648/4032 [06:03<00:40,  9.52it/s, Loss=0.012393, Pos=0.012226, Vel=0.00008355]Epoch 1/200 [TRAIN]:  90%|█████████ | 3648/4032 [06:03<00:40,  9.52it/s, Loss=0.012395, Pos=0.012228, Vel=0.00008356]Epoch 1/200 [TRAIN]:  91%|█████████ | 3649/4032 [06:03<00:40,  9.43it/s, Loss=0.012395, Pos=0.012228, Vel=0.00008356]Epoch 1/200 [TRAIN]:  91%|█████████ | 3649/4032 [06:03<00:40,  9.43it/s, Loss=0.012393, Pos=0.012226, Vel=0.00008355]Epoch 1/200 [TRAIN]:  91%|█████████ | 3650/4032 [06:03<00:40,  9.47it/s, Loss=0.012393, Pos=0.012226, Vel=0.00008355]Epoch 1/200 [TRAIN]:  91%|█████████ | 3650/4032 [06:03<00:40,  9.47it/s, Loss=0.012394, Pos=0.012227, Vel=0.00008354]Epoch 1/200 [TRAIN]:  91%|█████████ | 3651/4032 [06:03<00:39,  9.56it/s, Loss=0.012394, Pos=0.012227, Vel=0.00008354]Epoch 1/200 [TRAIN]:  91%|█████████ | 3651/4032 [06:03<00:39,  9.56it/s, Loss=0.012394, Pos=0.012227, Vel=0.00008353]Epoch 1/200 [TRAIN]:  91%|█████████ | 3652/4032 [06:03<00:39,  9.55it/s, Loss=0.012394, Pos=0.012227, Vel=0.00008353]Epoch 1/200 [TRAIN]:  91%|█████████ | 3652/4032 [06:04<00:39,  9.55it/s, Loss=0.012393, Pos=0.012226, Vel=0.00008351]Epoch 1/200 [TRAIN]:  91%|█████████ | 3653/4032 [06:04<00:40,  9.42it/s, Loss=0.012393, Pos=0.012226, Vel=0.00008351]Epoch 1/200 [TRAIN]:  91%|█████████ | 3653/4032 [06:04<00:40,  9.42it/s, Loss=0.012392, Pos=0.012225, Vel=0.00008350]Epoch 1/200 [TRAIN]:  91%|█████████ | 3653/4032 [06:04<00:40,  9.42it/s, Loss=0.012389, Pos=0.012222, Vel=0.00008349]Epoch 1/200 [TRAIN]:  91%|█████████ | 3655/4032 [06:04<00:36, 10.26it/s, Loss=0.012389, Pos=0.012222, Vel=0.00008349]Epoch 1/200 [TRAIN]:  91%|█████████ | 3655/4032 [06:04<00:36, 10.26it/s, Loss=0.012388, Pos=0.012221, Vel=0.00008350]Epoch 1/200 [TRAIN]:  91%|█████████ | 3655/4032 [06:04<00:36, 10.26it/s, Loss=0.012385, Pos=0.012218, Vel=0.00008348]Epoch 1/200 [TRAIN]:  91%|█████████ | 3657/4032 [06:04<00:37, 10.09it/s, Loss=0.012385, Pos=0.012218, Vel=0.00008348]Epoch 1/200 [TRAIN]:  91%|█████████ | 3657/4032 [06:04<00:37, 10.09it/s, Loss=0.012386, Pos=0.012219, Vel=0.00008348]Epoch 1/200 [TRAIN]:  91%|█████████ | 3658/4032 [06:04<00:37,  9.85it/s, Loss=0.012386, Pos=0.012219, Vel=0.00008348]Epoch 1/200 [TRAIN]:  91%|█████████ | 3658/4032 [06:04<00:37,  9.85it/s, Loss=0.012390, Pos=0.012223, Vel=0.00008355]Epoch 1/200 [TRAIN]:  91%|█████████ | 3658/4032 [06:04<00:37,  9.85it/s, Loss=0.012388, Pos=0.012221, Vel=0.00008354]Epoch 1/200 [TRAIN]:  91%|█████████ | 3660/4032 [06:04<00:33, 11.00it/s, Loss=0.012388, Pos=0.012221, Vel=0.00008354]Epoch 1/200 [TRAIN]:  91%|█████████ | 3660/4032 [06:04<00:33, 11.00it/s, Loss=0.012387, Pos=0.012220, Vel=0.00008352]Epoch 1/200 [TRAIN]:  91%|█████████ | 3660/4032 [06:04<00:33, 11.00it/s, Loss=0.012386, Pos=0.012219, Vel=0.00008351]Epoch 1/200 [TRAIN]:  91%|█████████ | 3662/4032 [06:04<00:35, 10.46it/s, Loss=0.012386, Pos=0.012219, Vel=0.00008351]Epoch 1/200 [TRAIN]:  91%|█████████ | 3662/4032 [06:04<00:35, 10.46it/s, Loss=0.012386, Pos=0.012219, Vel=0.00008349]Epoch 1/200 [TRAIN]:  91%|█████████ | 3662/4032 [06:05<00:35, 10.46it/s, Loss=0.012383, Pos=0.012216, Vel=0.00008348]Epoch 1/200 [TRAIN]:  91%|█████████ | 3664/4032 [06:05<00:37,  9.90it/s, Loss=0.012383, Pos=0.012216, Vel=0.00008348]Epoch 1/200 [TRAIN]:  91%|█████████ | 3664/4032 [06:05<00:37,  9.90it/s, Loss=0.012380, Pos=0.012213, Vel=0.00008347]Epoch 1/200 [TRAIN]:  91%|█████████ | 3664/4032 [06:05<00:37,  9.90it/s, Loss=0.012380, Pos=0.012214, Vel=0.00008346]Epoch 1/200 [TRAIN]:  91%|█████████ | 3666/4032 [06:05<00:38,  9.45it/s, Loss=0.012380, Pos=0.012214, Vel=0.00008346]Epoch 1/200 [TRAIN]:  91%|█████████ | 3666/4032 [06:05<00:38,  9.45it/s, Loss=0.012379, Pos=0.012212, Vel=0.00008347]Epoch 1/200 [TRAIN]:  91%|█████████ | 3667/4032 [06:05<00:39,  9.28it/s, Loss=0.012379, Pos=0.012212, Vel=0.00008347]Epoch 1/200 [TRAIN]:  91%|█████████ | 3667/4032 [06:05<00:39,  9.28it/s, Loss=0.012377, Pos=0.012210, Vel=0.00008346]Epoch 1/200 [TRAIN]:  91%|█████████ | 3668/4032 [06:05<00:39,  9.11it/s, Loss=0.012377, Pos=0.012210, Vel=0.00008346]Epoch 1/200 [TRAIN]:  91%|█████████ | 3668/4032 [06:05<00:39,  9.11it/s, Loss=0.012380, Pos=0.012213, Vel=0.00008347]Epoch 1/200 [TRAIN]:  91%|█████████ | 3669/4032 [06:05<00:40,  8.94it/s, Loss=0.012380, Pos=0.012213, Vel=0.00008347]Epoch 1/200 [TRAIN]:  91%|█████████ | 3669/4032 [06:05<00:40,  8.94it/s, Loss=0.012378, Pos=0.012211, Vel=0.00008346]Epoch 1/200 [TRAIN]:  91%|█████████ | 3670/4032 [06:05<00:39,  9.14it/s, Loss=0.012378, Pos=0.012211, Vel=0.00008346]Epoch 1/200 [TRAIN]:  91%|█████████ | 3670/4032 [06:05<00:39,  9.14it/s, Loss=0.012382, Pos=0.012215, Vel=0.00008344]Epoch 1/200 [TRAIN]:  91%|█████████ | 3671/4032 [06:05<00:39,  9.17it/s, Loss=0.012382, Pos=0.012215, Vel=0.00008344]Epoch 1/200 [TRAIN]:  91%|█████████ | 3671/4032 [06:05<00:39,  9.17it/s, Loss=0.012390, Pos=0.012223, Vel=0.00008348]Epoch 1/200 [TRAIN]:  91%|█████████ | 3672/4032 [06:05<00:38,  9.25it/s, Loss=0.012390, Pos=0.012223, Vel=0.00008348]Epoch 1/200 [TRAIN]:  91%|█████████ | 3672/4032 [06:06<00:38,  9.25it/s, Loss=0.012388, Pos=0.012221, Vel=0.00008346]Epoch 1/200 [TRAIN]:  91%|█████████ | 3673/4032 [06:06<00:38,  9.40it/s, Loss=0.012388, Pos=0.012221, Vel=0.00008346]Epoch 1/200 [TRAIN]:  91%|█████████ | 3673/4032 [06:06<00:38,  9.40it/s, Loss=0.012385, Pos=0.012218, Vel=0.00008344]Epoch 1/200 [TRAIN]:  91%|█████████ | 3673/4032 [06:06<00:38,  9.40it/s, Loss=0.012382, Pos=0.012215, Vel=0.00008343]Epoch 1/200 [TRAIN]:  91%|█████████ | 3675/4032 [06:06<00:34, 10.29it/s, Loss=0.012382, Pos=0.012215, Vel=0.00008343]Epoch 1/200 [TRAIN]:  91%|█████████ | 3675/4032 [06:06<00:34, 10.29it/s, Loss=0.012381, Pos=0.012214, Vel=0.00008341]Epoch 1/200 [TRAIN]:  91%|█████████ | 3675/4032 [06:06<00:34, 10.29it/s, Loss=0.012380, Pos=0.012213, Vel=0.00008340]Epoch 1/200 [TRAIN]:  91%|█████████ | 3677/4032 [06:06<00:35, 10.06it/s, Loss=0.012380, Pos=0.012213, Vel=0.00008340]Epoch 1/200 [TRAIN]:  91%|█████████ | 3677/4032 [06:06<00:35, 10.06it/s, Loss=0.012379, Pos=0.012212, Vel=0.00008340]Epoch 1/200 [TRAIN]:  91%|█████████ | 3678/4032 [06:06<00:35,  9.86it/s, Loss=0.012379, Pos=0.012212, Vel=0.00008340]Epoch 1/200 [TRAIN]:  91%|█████████ | 3678/4032 [06:06<00:35,  9.86it/s, Loss=0.012380, Pos=0.012213, Vel=0.00008338]Epoch 1/200 [TRAIN]:  91%|█████████ | 3679/4032 [06:06<00:36,  9.70it/s, Loss=0.012380, Pos=0.012213, Vel=0.00008338]Epoch 1/200 [TRAIN]:  91%|█████████ | 3679/4032 [06:06<00:36,  9.70it/s, Loss=0.012378, Pos=0.012211, Vel=0.00008337]Epoch 1/200 [TRAIN]:  91%|█████████▏| 3680/4032 [06:06<00:36,  9.58it/s, Loss=0.012378, Pos=0.012211, Vel=0.00008337]Epoch 1/200 [TRAIN]:  91%|█████████▏| 3680/4032 [06:06<00:36,  9.58it/s, Loss=0.012376, Pos=0.012210, Vel=0.00008336]Epoch 1/200 [TRAIN]:  91%|█████████▏| 3680/4032 [06:06<00:36,  9.58it/s, Loss=0.012375, Pos=0.012208, Vel=0.00008334]Epoch 1/200 [TRAIN]:  91%|█████████▏| 3682/4032 [06:06<00:34, 10.22it/s, Loss=0.012375, Pos=0.012208, Vel=0.00008334]Epoch 1/200 [TRAIN]:  91%|█████████▏| 3682/4032 [06:07<00:34, 10.22it/s, Loss=0.012373, Pos=0.012207, Vel=0.00008333]Epoch 1/200 [TRAIN]:  91%|█████████▏| 3682/4032 [06:07<00:34, 10.22it/s, Loss=0.012371, Pos=0.012205, Vel=0.00008332]Epoch 1/200 [TRAIN]:  91%|█████████▏| 3684/4032 [06:07<00:35,  9.90it/s, Loss=0.012371, Pos=0.012205, Vel=0.00008332]Epoch 1/200 [TRAIN]:  91%|█████████▏| 3684/4032 [06:07<00:35,  9.90it/s, Loss=0.012370, Pos=0.012204, Vel=0.00008330]Epoch 1/200 [TRAIN]:  91%|█████████▏| 3685/4032 [06:07<00:35,  9.82it/s, Loss=0.012370, Pos=0.012204, Vel=0.00008330]Epoch 1/200 [TRAIN]:  91%|█████████▏| 3685/4032 [06:07<00:35,  9.82it/s, Loss=0.012370, Pos=0.012203, Vel=0.00008329]Epoch 1/200 [TRAIN]:  91%|█████████▏| 3686/4032 [06:07<00:36,  9.55it/s, Loss=0.012370, Pos=0.012203, Vel=0.00008329]Epoch 1/200 [TRAIN]:  91%|█████████▏| 3686/4032 [06:07<00:36,  9.55it/s, Loss=0.012367, Pos=0.012200, Vel=0.00008328]Epoch 1/200 [TRAIN]:  91%|█████████▏| 3687/4032 [06:07<00:35,  9.64it/s, Loss=0.012367, Pos=0.012200, Vel=0.00008328]Epoch 1/200 [TRAIN]:  91%|█████████▏| 3687/4032 [06:07<00:35,  9.64it/s, Loss=0.012365, Pos=0.012199, Vel=0.00008326]Epoch 1/200 [TRAIN]:  91%|█████████▏| 3687/4032 [06:07<00:35,  9.64it/s, Loss=0.012364, Pos=0.012198, Vel=0.00008325]Epoch 1/200 [TRAIN]:  91%|█████████▏| 3689/4032 [06:07<00:35,  9.64it/s, Loss=0.012364, Pos=0.012198, Vel=0.00008325]Epoch 1/200 [TRAIN]:  91%|█████████▏| 3689/4032 [06:07<00:35,  9.64it/s, Loss=0.012362, Pos=0.012195, Vel=0.00008325]Epoch 1/200 [TRAIN]:  92%|█████████▏| 3690/4032 [06:07<00:35,  9.66it/s, Loss=0.012362, Pos=0.012195, Vel=0.00008325]Epoch 1/200 [TRAIN]:  92%|█████████▏| 3690/4032 [06:07<00:35,  9.66it/s, Loss=0.012361, Pos=0.012195, Vel=0.00008325]Epoch 1/200 [TRAIN]:  92%|█████████▏| 3691/4032 [06:07<00:35,  9.53it/s, Loss=0.012361, Pos=0.012195, Vel=0.00008325]Epoch 1/200 [TRAIN]:  92%|█████████▏| 3691/4032 [06:08<00:35,  9.53it/s, Loss=0.012369, Pos=0.012202, Vel=0.00008327]Epoch 1/200 [TRAIN]:  92%|█████████▏| 3692/4032 [06:08<00:36,  9.22it/s, Loss=0.012369, Pos=0.012202, Vel=0.00008327]Epoch 1/200 [TRAIN]:  92%|█████████▏| 3692/4032 [06:08<00:36,  9.22it/s, Loss=0.012369, Pos=0.012203, Vel=0.00008328]Epoch 1/200 [TRAIN]:  92%|█████████▏| 3693/4032 [06:08<00:36,  9.30it/s, Loss=0.012369, Pos=0.012203, Vel=0.00008328]Epoch 1/200 [TRAIN]:  92%|█████████▏| 3693/4032 [06:08<00:36,  9.30it/s, Loss=0.012367, Pos=0.012201, Vel=0.00008327]Epoch 1/200 [TRAIN]:  92%|█████████▏| 3694/4032 [06:08<00:37,  8.99it/s, Loss=0.012367, Pos=0.012201, Vel=0.00008327]Epoch 1/200 [TRAIN]:  92%|█████████▏| 3694/4032 [06:08<00:37,  8.99it/s, Loss=0.012365, Pos=0.012198, Vel=0.00008326]Epoch 1/200 [TRAIN]:  92%|█████████▏| 3695/4032 [06:08<00:36,  9.14it/s, Loss=0.012365, Pos=0.012198, Vel=0.00008326]Epoch 1/200 [TRAIN]:  92%|█████████▏| 3695/4032 [06:08<00:36,  9.14it/s, Loss=0.012364, Pos=0.012197, Vel=0.00008325]Epoch 1/200 [TRAIN]:  92%|█████████▏| 3696/4032 [06:08<00:37,  9.05it/s, Loss=0.012364, Pos=0.012197, Vel=0.00008325]Epoch 1/200 [TRAIN]:  92%|█████████▏| 3696/4032 [06:08<00:37,  9.05it/s, Loss=0.012368, Pos=0.012201, Vel=0.00008327]Epoch 1/200 [TRAIN]:  92%|█████████▏| 3697/4032 [06:08<00:37,  8.92it/s, Loss=0.012368, Pos=0.012201, Vel=0.00008327]Epoch 1/200 [TRAIN]:  92%|█████████▏| 3697/4032 [06:08<00:37,  8.92it/s, Loss=0.012366, Pos=0.012200, Vel=0.00008326]Epoch 1/200 [TRAIN]:  92%|█████████▏| 3698/4032 [06:08<00:38,  8.73it/s, Loss=0.012366, Pos=0.012200, Vel=0.00008326]Epoch 1/200 [TRAIN]:  92%|█████████▏| 3698/4032 [06:08<00:38,  8.73it/s, Loss=0.012365, Pos=0.012199, Vel=0.00008325]Epoch 1/200 [TRAIN]:  92%|█████████▏| 3699/4032 [06:08<00:36,  9.01it/s, Loss=0.012365, Pos=0.012199, Vel=0.00008325]Epoch 1/200 [TRAIN]:  92%|█████████▏| 3699/4032 [06:08<00:36,  9.01it/s, Loss=0.012387, Pos=0.012221, Vel=0.00008326]Epoch 1/200 [TRAIN]:  92%|█████████▏| 3700/4032 [06:08<00:37,  8.88it/s, Loss=0.012387, Pos=0.012221, Vel=0.00008326]Epoch 1/200 [TRAIN]:  92%|█████████▏| 3700/4032 [06:09<00:37,  8.88it/s, Loss=0.012390, Pos=0.012223, Vel=0.00008325]Epoch 1/200 [TRAIN]:  92%|█████████▏| 3701/4032 [06:09<00:36,  9.07it/s, Loss=0.012390, Pos=0.012223, Vel=0.00008325]Epoch 1/200 [TRAIN]:  92%|█████████▏| 3701/4032 [06:09<00:36,  9.07it/s, Loss=0.012389, Pos=0.012223, Vel=0.00008324]Epoch 1/200 [TRAIN]:  92%|█████████▏| 3702/4032 [06:09<00:36,  9.05it/s, Loss=0.012389, Pos=0.012223, Vel=0.00008324]Epoch 1/200 [TRAIN]:  92%|█████████▏| 3702/4032 [06:09<00:36,  9.05it/s, Loss=0.012389, Pos=0.012222, Vel=0.00008322]Epoch 1/200 [TRAIN]:  92%|█████████▏| 3703/4032 [06:09<00:36,  8.96it/s, Loss=0.012389, Pos=0.012222, Vel=0.00008322]Epoch 1/200 [TRAIN]:  92%|█████████▏| 3703/4032 [06:09<00:36,  8.96it/s, Loss=0.012386, Pos=0.012220, Vel=0.00008321]Epoch 1/200 [TRAIN]:  92%|█████████▏| 3704/4032 [06:09<00:35,  9.21it/s, Loss=0.012386, Pos=0.012220, Vel=0.00008321]Epoch 1/200 [TRAIN]:  92%|█████████▏| 3704/4032 [06:09<00:35,  9.21it/s, Loss=0.012386, Pos=0.012220, Vel=0.00008321]Epoch 1/200 [TRAIN]:  92%|█████████▏| 3704/4032 [06:09<00:35,  9.21it/s, Loss=0.012387, Pos=0.012221, Vel=0.00008321]Epoch 1/200 [TRAIN]:  92%|█████████▏| 3706/4032 [06:09<00:35,  9.23it/s, Loss=0.012387, Pos=0.012221, Vel=0.00008321]Epoch 1/200 [TRAIN]:  92%|█████████▏| 3706/4032 [06:09<00:35,  9.23it/s, Loss=0.012385, Pos=0.012218, Vel=0.00008320]Epoch 1/200 [TRAIN]:  92%|█████████▏| 3706/4032 [06:09<00:35,  9.23it/s, Loss=0.012385, Pos=0.012219, Vel=0.00008322]Epoch 1/200 [TRAIN]:  92%|█████████▏| 3708/4032 [06:09<00:34,  9.34it/s, Loss=0.012385, Pos=0.012219, Vel=0.00008322]Epoch 1/200 [TRAIN]:  92%|█████████▏| 3708/4032 [06:09<00:34,  9.34it/s, Loss=0.012387, Pos=0.012220, Vel=0.00008321]Epoch 1/200 [TRAIN]:  92%|█████████▏| 3709/4032 [06:09<00:34,  9.32it/s, Loss=0.012387, Pos=0.012220, Vel=0.00008321]Epoch 1/200 [TRAIN]:  92%|█████████▏| 3709/4032 [06:09<00:34,  9.32it/s, Loss=0.012387, Pos=0.012220, Vel=0.00008322]Epoch 1/200 [TRAIN]:  92%|█████████▏| 3709/4032 [06:10<00:34,  9.32it/s, Loss=0.012387, Pos=0.012220, Vel=0.00008322]Epoch 1/200 [TRAIN]:  92%|█████████▏| 3711/4032 [06:10<00:30, 10.54it/s, Loss=0.012387, Pos=0.012220, Vel=0.00008322]Epoch 1/200 [TRAIN]:  92%|█████████▏| 3711/4032 [06:10<00:30, 10.54it/s, Loss=0.012384, Pos=0.012218, Vel=0.00008321]Epoch 1/200 [TRAIN]:  92%|█████████▏| 3711/4032 [06:10<00:30, 10.54it/s, Loss=0.012382, Pos=0.012215, Vel=0.00008320]Epoch 1/200 [TRAIN]:  92%|█████████▏| 3713/4032 [06:10<00:32,  9.82it/s, Loss=0.012382, Pos=0.012215, Vel=0.00008320]Epoch 1/200 [TRAIN]:  92%|█████████▏| 3713/4032 [06:10<00:32,  9.82it/s, Loss=0.012379, Pos=0.012213, Vel=0.00008319]Epoch 1/200 [TRAIN]:  92%|█████████▏| 3714/4032 [06:10<00:32,  9.81it/s, Loss=0.012379, Pos=0.012213, Vel=0.00008319]Epoch 1/200 [TRAIN]:  92%|█████████▏| 3714/4032 [06:10<00:32,  9.81it/s, Loss=0.012378, Pos=0.012212, Vel=0.00008320]Epoch 1/200 [TRAIN]:  92%|█████████▏| 3714/4032 [06:10<00:32,  9.81it/s, Loss=0.012375, Pos=0.012209, Vel=0.00008318]Epoch 1/200 [TRAIN]:  92%|█████████▏| 3716/4032 [06:10<00:31,  9.97it/s, Loss=0.012375, Pos=0.012209, Vel=0.00008318]Epoch 1/200 [TRAIN]:  92%|█████████▏| 3716/4032 [06:10<00:31,  9.97it/s, Loss=0.012373, Pos=0.012206, Vel=0.00008317]Epoch 1/200 [TRAIN]:  92%|█████████▏| 3716/4032 [06:10<00:31,  9.97it/s, Loss=0.012374, Pos=0.012208, Vel=0.00008316]Epoch 1/200 [TRAIN]:  92%|█████████▏| 3718/4032 [06:10<00:32,  9.67it/s, Loss=0.012374, Pos=0.012208, Vel=0.00008316]Epoch 1/200 [TRAIN]:  92%|█████████▏| 3718/4032 [06:10<00:32,  9.67it/s, Loss=0.012373, Pos=0.012206, Vel=0.00008316]Epoch 1/200 [TRAIN]:  92%|█████████▏| 3719/4032 [06:10<00:33,  9.47it/s, Loss=0.012373, Pos=0.012206, Vel=0.00008316]Epoch 1/200 [TRAIN]:  92%|█████████▏| 3719/4032 [06:11<00:33,  9.47it/s, Loss=0.012371, Pos=0.012205, Vel=0.00008316]Epoch 1/200 [TRAIN]:  92%|█████████▏| 3719/4032 [06:11<00:33,  9.47it/s, Loss=0.012370, Pos=0.012203, Vel=0.00008314]Epoch 1/200 [TRAIN]:  92%|█████████▏| 3721/4032 [06:11<00:32,  9.46it/s, Loss=0.012370, Pos=0.012203, Vel=0.00008314]Epoch 1/200 [TRAIN]:  92%|█████████▏| 3721/4032 [06:11<00:32,  9.46it/s, Loss=0.012368, Pos=0.012202, Vel=0.00008315]Epoch 1/200 [TRAIN]:  92%|█████████▏| 3722/4032 [06:11<00:33,  9.23it/s, Loss=0.012368, Pos=0.012202, Vel=0.00008315]Epoch 1/200 [TRAIN]:  92%|█████████▏| 3722/4032 [06:11<00:33,  9.23it/s, Loss=0.012369, Pos=0.012203, Vel=0.00008313]Epoch 1/200 [TRAIN]:  92%|█████████▏| 3723/4032 [06:11<00:32,  9.40it/s, Loss=0.012369, Pos=0.012203, Vel=0.00008313]Epoch 1/200 [TRAIN]:  92%|█████████▏| 3723/4032 [06:11<00:32,  9.40it/s, Loss=0.012368, Pos=0.012202, Vel=0.00008312]Epoch 1/200 [TRAIN]:  92%|█████████▏| 3724/4032 [06:11<00:33,  9.19it/s, Loss=0.012368, Pos=0.012202, Vel=0.00008312]Epoch 1/200 [TRAIN]:  92%|█████████▏| 3724/4032 [06:11<00:33,  9.19it/s, Loss=0.012367, Pos=0.012201, Vel=0.00008312]Epoch 1/200 [TRAIN]:  92%|█████████▏| 3725/4032 [06:11<00:33,  9.16it/s, Loss=0.012367, Pos=0.012201, Vel=0.00008312]Epoch 1/200 [TRAIN]:  92%|█████████▏| 3725/4032 [06:11<00:33,  9.16it/s, Loss=0.012365, Pos=0.012199, Vel=0.00008310]Epoch 1/200 [TRAIN]:  92%|█████████▏| 3726/4032 [06:11<00:34,  8.99it/s, Loss=0.012365, Pos=0.012199, Vel=0.00008310]Epoch 1/200 [TRAIN]:  92%|█████████▏| 3726/4032 [06:11<00:34,  8.99it/s, Loss=0.012362, Pos=0.012196, Vel=0.00008309]Epoch 1/200 [TRAIN]:  92%|█████████▏| 3727/4032 [06:11<00:33,  9.23it/s, Loss=0.012362, Pos=0.012196, Vel=0.00008309]Epoch 1/200 [TRAIN]:  92%|█████████▏| 3727/4032 [06:11<00:33,  9.23it/s, Loss=0.012361, Pos=0.012195, Vel=0.00008308]Epoch 1/200 [TRAIN]:  92%|█████████▏| 3728/4032 [06:11<00:32,  9.36it/s, Loss=0.012361, Pos=0.012195, Vel=0.00008308]Epoch 1/200 [TRAIN]:  92%|█████████▏| 3728/4032 [06:12<00:32,  9.36it/s, Loss=0.012360, Pos=0.012194, Vel=0.00008308]Epoch 1/200 [TRAIN]:  92%|█████████▏| 3729/4032 [06:12<00:32,  9.46it/s, Loss=0.012360, Pos=0.012194, Vel=0.00008308]Epoch 1/200 [TRAIN]:  92%|█████████▏| 3729/4032 [06:12<00:32,  9.46it/s, Loss=0.012360, Pos=0.012194, Vel=0.00008309]Epoch 1/200 [TRAIN]:  93%|█████████▎| 3730/4032 [06:12<00:31,  9.48it/s, Loss=0.012360, Pos=0.012194, Vel=0.00008309]Epoch 1/200 [TRAIN]:  93%|█████████▎| 3730/4032 [06:12<00:31,  9.48it/s, Loss=0.012365, Pos=0.012198, Vel=0.00008311]Epoch 1/200 [TRAIN]:  93%|█████████▎| 3731/4032 [06:12<00:32,  9.34it/s, Loss=0.012365, Pos=0.012198, Vel=0.00008311]Epoch 1/200 [TRAIN]:  93%|█████████▎| 3731/4032 [06:12<00:32,  9.34it/s, Loss=0.012362, Pos=0.012196, Vel=0.00008310]Epoch 1/200 [TRAIN]:  93%|█████████▎| 3732/4032 [06:12<00:31,  9.39it/s, Loss=0.012362, Pos=0.012196, Vel=0.00008310]Epoch 1/200 [TRAIN]:  93%|█████████▎| 3732/4032 [06:12<00:31,  9.39it/s, Loss=0.012361, Pos=0.012195, Vel=0.00008309]Epoch 1/200 [TRAIN]:  93%|█████████▎| 3733/4032 [06:12<00:31,  9.40it/s, Loss=0.012361, Pos=0.012195, Vel=0.00008309]Epoch 1/200 [TRAIN]:  93%|█████████▎| 3733/4032 [06:12<00:31,  9.40it/s, Loss=0.012358, Pos=0.012192, Vel=0.00008308]Epoch 1/200 [TRAIN]:  93%|█████████▎| 3733/4032 [06:12<00:31,  9.40it/s, Loss=0.012356, Pos=0.012190, Vel=0.00008306]Epoch 1/200 [TRAIN]:  93%|█████████▎| 3735/4032 [06:12<00:28, 10.25it/s, Loss=0.012356, Pos=0.012190, Vel=0.00008306]Epoch 1/200 [TRAIN]:  93%|█████████▎| 3735/4032 [06:12<00:28, 10.25it/s, Loss=0.012357, Pos=0.012190, Vel=0.00008306]Epoch 1/200 [TRAIN]:  93%|█████████▎| 3735/4032 [06:12<00:28, 10.25it/s, Loss=0.012358, Pos=0.012192, Vel=0.00008305]Epoch 1/200 [TRAIN]:  93%|█████████▎| 3737/4032 [06:12<00:29,  9.86it/s, Loss=0.012358, Pos=0.012192, Vel=0.00008305]Epoch 1/200 [TRAIN]:  93%|█████████▎| 3737/4032 [06:12<00:29,  9.86it/s, Loss=0.012356, Pos=0.012190, Vel=0.00008305]Epoch 1/200 [TRAIN]:  93%|█████████▎| 3738/4032 [06:12<00:30,  9.58it/s, Loss=0.012356, Pos=0.012190, Vel=0.00008305]Epoch 1/200 [TRAIN]:  93%|█████████▎| 3738/4032 [06:13<00:30,  9.58it/s, Loss=0.012354, Pos=0.012188, Vel=0.00008303]Epoch 1/200 [TRAIN]:  93%|█████████▎| 3739/4032 [06:13<00:31,  9.35it/s, Loss=0.012354, Pos=0.012188, Vel=0.00008303]Epoch 1/200 [TRAIN]:  93%|█████████▎| 3739/4032 [06:13<00:31,  9.35it/s, Loss=0.012355, Pos=0.012189, Vel=0.00008304]Epoch 1/200 [TRAIN]:  93%|█████████▎| 3740/4032 [06:13<00:31,  9.29it/s, Loss=0.012355, Pos=0.012189, Vel=0.00008304]Epoch 1/200 [TRAIN]:  93%|█████████▎| 3740/4032 [06:13<00:31,  9.29it/s, Loss=0.012352, Pos=0.012186, Vel=0.00008303]Epoch 1/200 [TRAIN]:  93%|█████████▎| 3741/4032 [06:13<00:31,  9.20it/s, Loss=0.012352, Pos=0.012186, Vel=0.00008303]Epoch 1/200 [TRAIN]:  93%|█████████▎| 3741/4032 [06:13<00:31,  9.20it/s, Loss=0.012351, Pos=0.012185, Vel=0.00008302]Epoch 1/200 [TRAIN]:  93%|█████████▎| 3742/4032 [06:13<00:32,  9.04it/s, Loss=0.012351, Pos=0.012185, Vel=0.00008302]Epoch 1/200 [TRAIN]:  93%|█████████▎| 3742/4032 [06:13<00:32,  9.04it/s, Loss=0.012353, Pos=0.012187, Vel=0.00008305]Epoch 1/200 [TRAIN]:  93%|█████████▎| 3742/4032 [06:13<00:32,  9.04it/s, Loss=0.012351, Pos=0.012185, Vel=0.00008304]Epoch 1/200 [TRAIN]:  93%|█████████▎| 3744/4032 [06:13<00:26, 10.88it/s, Loss=0.012351, Pos=0.012185, Vel=0.00008304]Epoch 1/200 [TRAIN]:  93%|█████████▎| 3744/4032 [06:13<00:26, 10.88it/s, Loss=0.012354, Pos=0.012188, Vel=0.00008302]Epoch 1/200 [TRAIN]:  93%|█████████▎| 3744/4032 [06:13<00:26, 10.88it/s, Loss=0.012355, Pos=0.012189, Vel=0.00008302]Epoch 1/200 [TRAIN]:  93%|█████████▎| 3746/4032 [06:13<00:24, 11.80it/s, Loss=0.012355, Pos=0.012189, Vel=0.00008302]Epoch 1/200 [TRAIN]:  93%|█████████▎| 3746/4032 [06:13<00:24, 11.80it/s, Loss=0.012367, Pos=0.012201, Vel=0.00008307]Epoch 1/200 [TRAIN]:  93%|█████████▎| 3746/4032 [06:13<00:24, 11.80it/s, Loss=0.012366, Pos=0.012200, Vel=0.00008306]Epoch 1/200 [TRAIN]:  93%|█████████▎| 3748/4032 [06:13<00:26, 10.76it/s, Loss=0.012366, Pos=0.012200, Vel=0.00008306]Epoch 1/200 [TRAIN]:  93%|█████████▎| 3748/4032 [06:14<00:26, 10.76it/s, Loss=0.012364, Pos=0.012198, Vel=0.00008304]Epoch 1/200 [TRAIN]:  93%|█████████▎| 3748/4032 [06:14<00:26, 10.76it/s, Loss=0.012363, Pos=0.012197, Vel=0.00008305]Epoch 1/200 [TRAIN]:  93%|█████████▎| 3750/4032 [06:14<00:28,  9.99it/s, Loss=0.012363, Pos=0.012197, Vel=0.00008305]Epoch 1/200 [TRAIN]:  93%|█████████▎| 3750/4032 [06:14<00:28,  9.99it/s, Loss=0.012362, Pos=0.012196, Vel=0.00008304]Epoch 1/200 [TRAIN]:  93%|█████████▎| 3750/4032 [06:14<00:28,  9.99it/s, Loss=0.012360, Pos=0.012194, Vel=0.00008302]Epoch 1/200 [TRAIN]:  93%|█████████▎| 3752/4032 [06:14<00:26, 10.66it/s, Loss=0.012360, Pos=0.012194, Vel=0.00008302]Epoch 1/200 [TRAIN]:  93%|█████████▎| 3752/4032 [06:14<00:26, 10.66it/s, Loss=0.012358, Pos=0.012192, Vel=0.00008301]Epoch 1/200 [TRAIN]:  93%|█████████▎| 3752/4032 [06:14<00:26, 10.66it/s, Loss=0.012359, Pos=0.012193, Vel=0.00008300]Epoch 1/200 [TRAIN]:  93%|█████████▎| 3754/4032 [06:14<00:26, 10.35it/s, Loss=0.012359, Pos=0.012193, Vel=0.00008300]Epoch 1/200 [TRAIN]:  93%|█████████▎| 3754/4032 [06:14<00:26, 10.35it/s, Loss=0.012358, Pos=0.012192, Vel=0.00008299]Epoch 1/200 [TRAIN]:  93%|█████████▎| 3754/4032 [06:14<00:26, 10.35it/s, Loss=0.012357, Pos=0.012191, Vel=0.00008298]Epoch 1/200 [TRAIN]:  93%|█████████▎| 3756/4032 [06:14<00:24, 11.26it/s, Loss=0.012357, Pos=0.012191, Vel=0.00008298]Epoch 1/200 [TRAIN]:  93%|█████████▎| 3756/4032 [06:14<00:24, 11.26it/s, Loss=0.012371, Pos=0.012205, Vel=0.00008297]Epoch 1/200 [TRAIN]:  93%|█████████▎| 3756/4032 [06:14<00:24, 11.26it/s, Loss=0.012370, Pos=0.012204, Vel=0.00008296]Epoch 1/200 [TRAIN]:  93%|█████████▎| 3758/4032 [06:14<00:26, 10.35it/s, Loss=0.012370, Pos=0.012204, Vel=0.00008296]Epoch 1/200 [TRAIN]:  93%|█████████▎| 3758/4032 [06:14<00:26, 10.35it/s, Loss=0.012366, Pos=0.012201, Vel=0.00008294]Epoch 1/200 [TRAIN]:  93%|█████████▎| 3758/4032 [06:15<00:26, 10.35it/s, Loss=0.012365, Pos=0.012199, Vel=0.00008294]Epoch 1/200 [TRAIN]:  93%|█████████▎| 3760/4032 [06:15<00:27,  9.94it/s, Loss=0.012365, Pos=0.012199, Vel=0.00008294]Epoch 1/200 [TRAIN]:  93%|█████████▎| 3760/4032 [06:15<00:27,  9.94it/s, Loss=0.012368, Pos=0.012202, Vel=0.00008295]Epoch 1/200 [TRAIN]:  93%|█████████▎| 3760/4032 [06:15<00:27,  9.94it/s, Loss=0.012365, Pos=0.012199, Vel=0.00008294]Epoch 1/200 [TRAIN]:  93%|█████████▎| 3762/4032 [06:15<00:27,  9.87it/s, Loss=0.012365, Pos=0.012199, Vel=0.00008294]Epoch 1/200 [TRAIN]:  93%|█████████▎| 3762/4032 [06:15<00:27,  9.87it/s, Loss=0.012363, Pos=0.012197, Vel=0.00008293]Epoch 1/200 [TRAIN]:  93%|█████████▎| 3762/4032 [06:15<00:27,  9.87it/s, Loss=0.012364, Pos=0.012198, Vel=0.00008291]Epoch 1/200 [TRAIN]:  93%|█████████▎| 3764/4032 [06:15<00:28,  9.47it/s, Loss=0.012364, Pos=0.012198, Vel=0.00008291]Epoch 1/200 [TRAIN]:  93%|█████████▎| 3764/4032 [06:15<00:28,  9.47it/s, Loss=0.012363, Pos=0.012197, Vel=0.00008291]Epoch 1/200 [TRAIN]:  93%|█████████▎| 3765/4032 [06:15<00:28,  9.44it/s, Loss=0.012363, Pos=0.012197, Vel=0.00008291]Epoch 1/200 [TRAIN]:  93%|█████████▎| 3765/4032 [06:15<00:28,  9.44it/s, Loss=0.012362, Pos=0.012196, Vel=0.00008289]Epoch 1/200 [TRAIN]:  93%|█████████▎| 3766/4032 [06:15<00:28,  9.25it/s, Loss=0.012362, Pos=0.012196, Vel=0.00008289]Epoch 1/200 [TRAIN]:  93%|█████████▎| 3766/4032 [06:15<00:28,  9.25it/s, Loss=0.012359, Pos=0.012193, Vel=0.00008289]Epoch 1/200 [TRAIN]:  93%|█████████▎| 3767/4032 [06:15<00:29,  9.12it/s, Loss=0.012359, Pos=0.012193, Vel=0.00008289]Epoch 1/200 [TRAIN]:  93%|█████████▎| 3767/4032 [06:15<00:29,  9.12it/s, Loss=0.012359, Pos=0.012193, Vel=0.00008290]Epoch 1/200 [TRAIN]:  93%|█████████▎| 3768/4032 [06:15<00:28,  9.28it/s, Loss=0.012359, Pos=0.012193, Vel=0.00008290]Epoch 1/200 [TRAIN]:  93%|█████████▎| 3768/4032 [06:16<00:28,  9.28it/s, Loss=0.012359, Pos=0.012193, Vel=0.00008289]Epoch 1/200 [TRAIN]:  93%|█████████▎| 3769/4032 [06:16<00:27,  9.45it/s, Loss=0.012359, Pos=0.012193, Vel=0.00008289]Epoch 1/200 [TRAIN]:  93%|█████████▎| 3769/4032 [06:16<00:27,  9.45it/s, Loss=0.012359, Pos=0.012193, Vel=0.00008289]Epoch 1/200 [TRAIN]:  94%|█████████▎| 3770/4032 [06:16<00:27,  9.58it/s, Loss=0.012359, Pos=0.012193, Vel=0.00008289]Epoch 1/200 [TRAIN]:  94%|█████████▎| 3770/4032 [06:16<00:27,  9.58it/s, Loss=0.012359, Pos=0.012193, Vel=0.00008288]Epoch 1/200 [TRAIN]:  94%|█████████▎| 3771/4032 [06:16<00:26,  9.69it/s, Loss=0.012359, Pos=0.012193, Vel=0.00008288]Epoch 1/200 [TRAIN]:  94%|█████████▎| 3771/4032 [06:16<00:26,  9.69it/s, Loss=0.012357, Pos=0.012192, Vel=0.00008287]Epoch 1/200 [TRAIN]:  94%|█████████▎| 3772/4032 [06:16<00:26,  9.77it/s, Loss=0.012357, Pos=0.012192, Vel=0.00008287]Epoch 1/200 [TRAIN]:  94%|█████████▎| 3772/4032 [06:16<00:26,  9.77it/s, Loss=0.012355, Pos=0.012189, Vel=0.00008286]Epoch 1/200 [TRAIN]:  94%|█████████▎| 3773/4032 [06:16<00:26,  9.68it/s, Loss=0.012355, Pos=0.012189, Vel=0.00008286]Epoch 1/200 [TRAIN]:  94%|█████████▎| 3773/4032 [06:16<00:26,  9.68it/s, Loss=0.012353, Pos=0.012188, Vel=0.00008287]Epoch 1/200 [TRAIN]:  94%|█████████▎| 3774/4032 [06:16<00:27,  9.39it/s, Loss=0.012353, Pos=0.012188, Vel=0.00008287]Epoch 1/200 [TRAIN]:  94%|█████████▎| 3774/4032 [06:16<00:27,  9.39it/s, Loss=0.012351, Pos=0.012185, Vel=0.00008286]Epoch 1/200 [TRAIN]:  94%|█████████▎| 3775/4032 [06:16<00:28,  9.10it/s, Loss=0.012351, Pos=0.012185, Vel=0.00008286]Epoch 1/200 [TRAIN]:  94%|█████████▎| 3775/4032 [06:16<00:28,  9.10it/s, Loss=0.012351, Pos=0.012185, Vel=0.00008285]Epoch 1/200 [TRAIN]:  94%|█████████▎| 3776/4032 [06:16<00:29,  8.72it/s, Loss=0.012351, Pos=0.012185, Vel=0.00008285]Epoch 1/200 [TRAIN]:  94%|█████████▎| 3776/4032 [06:16<00:29,  8.72it/s, Loss=0.012352, Pos=0.012187, Vel=0.00008284]Epoch 1/200 [TRAIN]:  94%|█████████▎| 3777/4032 [06:16<00:28,  8.99it/s, Loss=0.012352, Pos=0.012187, Vel=0.00008284]Epoch 1/200 [TRAIN]:  94%|█████████▎| 3777/4032 [06:17<00:28,  8.99it/s, Loss=0.012350, Pos=0.012185, Vel=0.00008284]Epoch 1/200 [TRAIN]:  94%|█████████▎| 3778/4032 [06:17<00:27,  9.07it/s, Loss=0.012350, Pos=0.012185, Vel=0.00008284]Epoch 1/200 [TRAIN]:  94%|█████████▎| 3778/4032 [06:17<00:27,  9.07it/s, Loss=0.012348, Pos=0.012182, Vel=0.00008283]Epoch 1/200 [TRAIN]:  94%|█████████▎| 3778/4032 [06:17<00:27,  9.07it/s, Loss=0.012346, Pos=0.012180, Vel=0.00008282]Epoch 1/200 [TRAIN]:  94%|█████████▍| 3780/4032 [06:17<00:25,  9.77it/s, Loss=0.012346, Pos=0.012180, Vel=0.00008282]Epoch 1/200 [TRAIN]:  94%|█████████▍| 3780/4032 [06:17<00:25,  9.77it/s, Loss=0.012351, Pos=0.012185, Vel=0.00008291]Epoch 1/200 [TRAIN]:  94%|█████████▍| 3781/4032 [06:17<00:26,  9.48it/s, Loss=0.012351, Pos=0.012185, Vel=0.00008291]Epoch 1/200 [TRAIN]:  94%|█████████▍| 3781/4032 [06:17<00:26,  9.48it/s, Loss=0.012348, Pos=0.012182, Vel=0.00008290]Epoch 1/200 [TRAIN]:  94%|█████████▍| 3781/4032 [06:17<00:26,  9.48it/s, Loss=0.012346, Pos=0.012180, Vel=0.00008288]Epoch 1/200 [TRAIN]:  94%|█████████▍| 3783/4032 [06:17<00:26,  9.52it/s, Loss=0.012346, Pos=0.012180, Vel=0.00008288]Epoch 1/200 [TRAIN]:  94%|█████████▍| 3783/4032 [06:17<00:26,  9.52it/s, Loss=0.012344, Pos=0.012178, Vel=0.00008287]Epoch 1/200 [TRAIN]:  94%|█████████▍| 3784/4032 [06:17<00:26,  9.37it/s, Loss=0.012344, Pos=0.012178, Vel=0.00008287]Epoch 1/200 [TRAIN]:  94%|█████████▍| 3784/4032 [06:17<00:26,  9.37it/s, Loss=0.012342, Pos=0.012176, Vel=0.00008287]Epoch 1/200 [TRAIN]:  94%|█████████▍| 3784/4032 [06:17<00:26,  9.37it/s, Loss=0.012346, Pos=0.012180, Vel=0.00008291]Epoch 1/200 [TRAIN]:  94%|█████████▍| 3786/4032 [06:17<00:23, 10.56it/s, Loss=0.012346, Pos=0.012180, Vel=0.00008291]Epoch 1/200 [TRAIN]:  94%|█████████▍| 3786/4032 [06:17<00:23, 10.56it/s, Loss=0.012344, Pos=0.012178, Vel=0.00008289]Epoch 1/200 [TRAIN]:  94%|█████████▍| 3786/4032 [06:18<00:23, 10.56it/s, Loss=0.012342, Pos=0.012176, Vel=0.00008288]Epoch 1/200 [TRAIN]:  94%|█████████▍| 3788/4032 [06:18<00:24,  9.91it/s, Loss=0.012342, Pos=0.012176, Vel=0.00008288]Epoch 1/200 [TRAIN]:  94%|█████████▍| 3788/4032 [06:18<00:24,  9.91it/s, Loss=0.012339, Pos=0.012174, Vel=0.00008286]Epoch 1/200 [TRAIN]:  94%|█████████▍| 3789/4032 [06:18<00:24,  9.75it/s, Loss=0.012339, Pos=0.012174, Vel=0.00008286]Epoch 1/200 [TRAIN]:  94%|█████████▍| 3789/4032 [06:18<00:24,  9.75it/s, Loss=0.012337, Pos=0.012172, Vel=0.00008285]Epoch 1/200 [TRAIN]:  94%|█████████▍| 3790/4032 [06:18<00:25,  9.52it/s, Loss=0.012337, Pos=0.012172, Vel=0.00008285]Epoch 1/200 [TRAIN]:  94%|█████████▍| 3790/4032 [06:18<00:25,  9.52it/s, Loss=0.012339, Pos=0.012173, Vel=0.00008288]Epoch 1/200 [TRAIN]:  94%|█████████▍| 3790/4032 [06:18<00:25,  9.52it/s, Loss=0.012337, Pos=0.012171, Vel=0.00008287]Epoch 1/200 [TRAIN]:  94%|█████████▍| 3790/4032 [06:18<00:25,  9.52it/s, Loss=0.012336, Pos=0.012170, Vel=0.00008286]Epoch 1/200 [TRAIN]:  94%|█████████▍| 3793/4032 [06:18<00:21, 11.17it/s, Loss=0.012336, Pos=0.012170, Vel=0.00008286]Epoch 1/200 [TRAIN]:  94%|█████████▍| 3793/4032 [06:18<00:21, 11.17it/s, Loss=0.012334, Pos=0.012169, Vel=0.00008285]Epoch 1/200 [TRAIN]:  94%|█████████▍| 3793/4032 [06:18<00:21, 11.17it/s, Loss=0.012332, Pos=0.012167, Vel=0.00008285]Epoch 1/200 [TRAIN]:  94%|█████████▍| 3795/4032 [06:18<00:20, 11.52it/s, Loss=0.012332, Pos=0.012167, Vel=0.00008285]Epoch 1/200 [TRAIN]:  94%|█████████▍| 3795/4032 [06:18<00:20, 11.52it/s, Loss=0.012332, Pos=0.012166, Vel=0.00008284]Epoch 1/200 [TRAIN]:  94%|█████████▍| 3795/4032 [06:18<00:20, 11.52it/s, Loss=0.012330, Pos=0.012164, Vel=0.00008283]Epoch 1/200 [TRAIN]:  94%|█████████▍| 3797/4032 [06:18<00:22, 10.23it/s, Loss=0.012330, Pos=0.012164, Vel=0.00008283]Epoch 1/200 [TRAIN]:  94%|█████████▍| 3797/4032 [06:18<00:22, 10.23it/s, Loss=0.012328, Pos=0.012162, Vel=0.00008281]Epoch 1/200 [TRAIN]:  94%|█████████▍| 3797/4032 [06:19<00:22, 10.23it/s, Loss=0.012333, Pos=0.012168, Vel=0.00008280]Epoch 1/200 [TRAIN]:  94%|█████████▍| 3799/4032 [06:19<00:22, 10.50it/s, Loss=0.012333, Pos=0.012168, Vel=0.00008280]Epoch 1/200 [TRAIN]:  94%|█████████▍| 3799/4032 [06:19<00:22, 10.50it/s, Loss=0.012332, Pos=0.012166, Vel=0.00008280]Epoch 1/200 [TRAIN]:  94%|█████████▍| 3799/4032 [06:19<00:22, 10.50it/s, Loss=0.012331, Pos=0.012166, Vel=0.00008278]Epoch 1/200 [TRAIN]:  94%|█████████▍| 3801/4032 [06:19<00:21, 10.92it/s, Loss=0.012331, Pos=0.012166, Vel=0.00008278]Epoch 1/200 [TRAIN]:  94%|█████████▍| 3801/4032 [06:19<00:21, 10.92it/s, Loss=0.012329, Pos=0.012163, Vel=0.00008278]Epoch 1/200 [TRAIN]:  94%|█████████▍| 3801/4032 [06:19<00:21, 10.92it/s, Loss=0.012328, Pos=0.012162, Vel=0.00008276]Epoch 1/200 [TRAIN]:  94%|█████████▍| 3803/4032 [06:19<00:22, 10.10it/s, Loss=0.012328, Pos=0.012162, Vel=0.00008276]Epoch 1/200 [TRAIN]:  94%|█████████▍| 3803/4032 [06:19<00:22, 10.10it/s, Loss=0.012327, Pos=0.012162, Vel=0.00008276]Epoch 1/200 [TRAIN]:  94%|█████████▍| 3803/4032 [06:19<00:22, 10.10it/s, Loss=0.012347, Pos=0.012181, Vel=0.00008283]Epoch 1/200 [TRAIN]:  94%|█████████▍| 3805/4032 [06:19<00:23,  9.54it/s, Loss=0.012347, Pos=0.012181, Vel=0.00008283]Epoch 1/200 [TRAIN]:  94%|█████████▍| 3805/4032 [06:19<00:23,  9.54it/s, Loss=0.012349, Pos=0.012183, Vel=0.00008285]Epoch 1/200 [TRAIN]:  94%|█████████▍| 3806/4032 [06:19<00:24,  9.36it/s, Loss=0.012349, Pos=0.012183, Vel=0.00008285]Epoch 1/200 [TRAIN]:  94%|█████████▍| 3806/4032 [06:19<00:24,  9.36it/s, Loss=0.012346, Pos=0.012181, Vel=0.00008284]Epoch 1/200 [TRAIN]:  94%|█████████▍| 3807/4032 [06:19<00:24,  9.22it/s, Loss=0.012346, Pos=0.012181, Vel=0.00008284]Epoch 1/200 [TRAIN]:  94%|█████████▍| 3807/4032 [06:19<00:24,  9.22it/s, Loss=0.012345, Pos=0.012180, Vel=0.00008282]Epoch 1/200 [TRAIN]:  94%|█████████▍| 3807/4032 [06:20<00:24,  9.22it/s, Loss=0.012344, Pos=0.012178, Vel=0.00008280]Epoch 1/200 [TRAIN]:  94%|█████████▍| 3809/4032 [06:20<00:21, 10.33it/s, Loss=0.012344, Pos=0.012178, Vel=0.00008280]Epoch 1/200 [TRAIN]:  94%|█████████▍| 3809/4032 [06:20<00:21, 10.33it/s, Loss=0.012342, Pos=0.012176, Vel=0.00008279]Epoch 1/200 [TRAIN]:  94%|█████████▍| 3809/4032 [06:20<00:21, 10.33it/s, Loss=0.012341, Pos=0.012176, Vel=0.00008278]Epoch 1/200 [TRAIN]:  95%|█████████▍| 3811/4032 [06:20<00:20, 10.94it/s, Loss=0.012341, Pos=0.012176, Vel=0.00008278]Epoch 1/200 [TRAIN]:  95%|█████████▍| 3811/4032 [06:20<00:20, 10.94it/s, Loss=0.012340, Pos=0.012175, Vel=0.00008277]Epoch 1/200 [TRAIN]:  95%|█████████▍| 3811/4032 [06:20<00:20, 10.94it/s, Loss=0.012338, Pos=0.012173, Vel=0.00008276]Epoch 1/200 [TRAIN]:  95%|█████████▍| 3813/4032 [06:20<00:21, 10.18it/s, Loss=0.012338, Pos=0.012173, Vel=0.00008276]Epoch 1/200 [TRAIN]:  95%|█████████▍| 3813/4032 [06:20<00:21, 10.18it/s, Loss=0.012337, Pos=0.012172, Vel=0.00008275]Epoch 1/200 [TRAIN]:  95%|█████████▍| 3813/4032 [06:20<00:21, 10.18it/s, Loss=0.012345, Pos=0.012180, Vel=0.00008274]Epoch 1/200 [TRAIN]:  95%|█████████▍| 3815/4032 [06:20<00:21, 10.06it/s, Loss=0.012345, Pos=0.012180, Vel=0.00008274]Epoch 1/200 [TRAIN]:  95%|█████████▍| 3815/4032 [06:20<00:21, 10.06it/s, Loss=0.012346, Pos=0.012181, Vel=0.00008273]Epoch 1/200 [TRAIN]:  95%|█████████▍| 3815/4032 [06:20<00:21, 10.06it/s, Loss=0.012345, Pos=0.012179, Vel=0.00008271]Epoch 1/200 [TRAIN]:  95%|█████████▍| 3817/4032 [06:20<00:22,  9.76it/s, Loss=0.012345, Pos=0.012179, Vel=0.00008271]Epoch 1/200 [TRAIN]:  95%|█████████▍| 3817/4032 [06:20<00:22,  9.76it/s, Loss=0.012342, Pos=0.012177, Vel=0.00008270]Epoch 1/200 [TRAIN]:  95%|█████████▍| 3818/4032 [06:20<00:22,  9.67it/s, Loss=0.012342, Pos=0.012177, Vel=0.00008270]Epoch 1/200 [TRAIN]:  95%|█████████▍| 3818/4032 [06:21<00:22,  9.67it/s, Loss=0.012342, Pos=0.012177, Vel=0.00008271]Epoch 1/200 [TRAIN]:  95%|█████████▍| 3819/4032 [06:21<00:22,  9.49it/s, Loss=0.012342, Pos=0.012177, Vel=0.00008271]Epoch 1/200 [TRAIN]:  95%|█████████▍| 3819/4032 [06:21<00:22,  9.49it/s, Loss=0.012341, Pos=0.012176, Vel=0.00008272]Epoch 1/200 [TRAIN]:  95%|█████████▍| 3820/4032 [06:21<00:22,  9.40it/s, Loss=0.012341, Pos=0.012176, Vel=0.00008272]Epoch 1/200 [TRAIN]:  95%|█████████▍| 3820/4032 [06:21<00:22,  9.40it/s, Loss=0.012354, Pos=0.012189, Vel=0.00008271]Epoch 1/200 [TRAIN]:  95%|█████████▍| 3821/4032 [06:21<00:22,  9.42it/s, Loss=0.012354, Pos=0.012189, Vel=0.00008271]Epoch 1/200 [TRAIN]:  95%|█████████▍| 3821/4032 [06:21<00:22,  9.42it/s, Loss=0.012353, Pos=0.012187, Vel=0.00008271]Epoch 1/200 [TRAIN]:  95%|█████████▍| 3822/4032 [06:21<00:21,  9.55it/s, Loss=0.012353, Pos=0.012187, Vel=0.00008271]Epoch 1/200 [TRAIN]:  95%|█████████▍| 3822/4032 [06:21<00:21,  9.55it/s, Loss=0.012351, Pos=0.012186, Vel=0.00008270]Epoch 1/200 [TRAIN]:  95%|█████████▍| 3823/4032 [06:21<00:22,  9.31it/s, Loss=0.012351, Pos=0.012186, Vel=0.00008270]Epoch 1/200 [TRAIN]:  95%|█████████▍| 3823/4032 [06:21<00:22,  9.31it/s, Loss=0.012351, Pos=0.012185, Vel=0.00008270]Epoch 1/200 [TRAIN]:  95%|█████████▍| 3824/4032 [06:21<00:22,  9.14it/s, Loss=0.012351, Pos=0.012185, Vel=0.00008270]Epoch 1/200 [TRAIN]:  95%|█████████▍| 3824/4032 [06:21<00:22,  9.14it/s, Loss=0.012349, Pos=0.012183, Vel=0.00008268]Epoch 1/200 [TRAIN]:  95%|█████████▍| 3825/4032 [06:21<00:22,  9.00it/s, Loss=0.012349, Pos=0.012183, Vel=0.00008268]Epoch 1/200 [TRAIN]:  95%|█████████▍| 3825/4032 [06:21<00:22,  9.00it/s, Loss=0.012347, Pos=0.012182, Vel=0.00008267]Epoch 1/200 [TRAIN]:  95%|█████████▍| 3826/4032 [06:21<00:22,  8.98it/s, Loss=0.012347, Pos=0.012182, Vel=0.00008267]Epoch 1/200 [TRAIN]:  95%|█████████▍| 3826/4032 [06:21<00:22,  8.98it/s, Loss=0.012347, Pos=0.012182, Vel=0.00008266]Epoch 1/200 [TRAIN]:  95%|█████████▍| 3827/4032 [06:21<00:22,  8.97it/s, Loss=0.012347, Pos=0.012182, Vel=0.00008266]Epoch 1/200 [TRAIN]:  95%|█████████▍| 3827/4032 [06:22<00:22,  8.97it/s, Loss=0.012346, Pos=0.012181, Vel=0.00008265]Epoch 1/200 [TRAIN]:  95%|█████████▍| 3828/4032 [06:22<00:22,  9.08it/s, Loss=0.012346, Pos=0.012181, Vel=0.00008265]Epoch 1/200 [TRAIN]:  95%|█████████▍| 3828/4032 [06:22<00:22,  9.08it/s, Loss=0.012344, Pos=0.012179, Vel=0.00008264]Epoch 1/200 [TRAIN]:  95%|█████████▍| 3829/4032 [06:22<00:22,  8.97it/s, Loss=0.012344, Pos=0.012179, Vel=0.00008264]Epoch 1/200 [TRAIN]:  95%|█████████▍| 3829/4032 [06:22<00:22,  8.97it/s, Loss=0.012344, Pos=0.012179, Vel=0.00008263]Epoch 1/200 [TRAIN]:  95%|█████████▍| 3830/4032 [06:22<00:22,  8.96it/s, Loss=0.012344, Pos=0.012179, Vel=0.00008263]Epoch 1/200 [TRAIN]:  95%|█████████▍| 3830/4032 [06:22<00:22,  8.96it/s, Loss=0.012354, Pos=0.012189, Vel=0.00008263]Epoch 1/200 [TRAIN]:  95%|█████████▌| 3831/4032 [06:22<00:22,  8.87it/s, Loss=0.012354, Pos=0.012189, Vel=0.00008263]Epoch 1/200 [TRAIN]:  95%|█████████▌| 3831/4032 [06:22<00:22,  8.87it/s, Loss=0.012354, Pos=0.012189, Vel=0.00008262]Epoch 1/200 [TRAIN]:  95%|█████████▌| 3832/4032 [06:22<00:22,  8.95it/s, Loss=0.012354, Pos=0.012189, Vel=0.00008262]Epoch 1/200 [TRAIN]:  95%|█████████▌| 3832/4032 [06:22<00:22,  8.95it/s, Loss=0.012352, Pos=0.012187, Vel=0.00008261]Epoch 1/200 [TRAIN]:  95%|█████████▌| 3833/4032 [06:22<00:22,  8.87it/s, Loss=0.012352, Pos=0.012187, Vel=0.00008261]Epoch 1/200 [TRAIN]:  95%|█████████▌| 3833/4032 [06:22<00:22,  8.87it/s, Loss=0.012352, Pos=0.012187, Vel=0.00008260]Epoch 1/200 [TRAIN]:  95%|█████████▌| 3833/4032 [06:22<00:22,  8.87it/s, Loss=0.012351, Pos=0.012186, Vel=0.00008259]Epoch 1/200 [TRAIN]:  95%|█████████▌| 3835/4032 [06:22<00:18, 10.47it/s, Loss=0.012351, Pos=0.012186, Vel=0.00008259]Epoch 1/200 [TRAIN]:  95%|█████████▌| 3835/4032 [06:22<00:18, 10.47it/s, Loss=0.012350, Pos=0.012185, Vel=0.00008259]Epoch 1/200 [TRAIN]:  95%|█████████▌| 3835/4032 [06:23<00:18, 10.47it/s, Loss=0.012349, Pos=0.012184, Vel=0.00008257]Epoch 1/200 [TRAIN]:  95%|█████████▌| 3837/4032 [06:23<00:19,  9.91it/s, Loss=0.012349, Pos=0.012184, Vel=0.00008257]Epoch 1/200 [TRAIN]:  95%|█████████▌| 3837/4032 [06:23<00:19,  9.91it/s, Loss=0.012347, Pos=0.012182, Vel=0.00008258]Epoch 1/200 [TRAIN]:  95%|█████████▌| 3838/4032 [06:23<00:20,  9.65it/s, Loss=0.012347, Pos=0.012182, Vel=0.00008258]Epoch 1/200 [TRAIN]:  95%|█████████▌| 3838/4032 [06:23<00:20,  9.65it/s, Loss=0.012345, Pos=0.012180, Vel=0.00008256]Epoch 1/200 [TRAIN]:  95%|█████████▌| 3839/4032 [06:23<00:20,  9.30it/s, Loss=0.012345, Pos=0.012180, Vel=0.00008256]Epoch 1/200 [TRAIN]:  95%|█████████▌| 3839/4032 [06:23<00:20,  9.30it/s, Loss=0.012343, Pos=0.012178, Vel=0.00008256]Epoch 1/200 [TRAIN]:  95%|█████████▌| 3840/4032 [06:23<00:20,  9.37it/s, Loss=0.012343, Pos=0.012178, Vel=0.00008256]Epoch 1/200 [TRAIN]:  95%|█████████▌| 3840/4032 [06:23<00:20,  9.37it/s, Loss=0.012344, Pos=0.012179, Vel=0.00008255]Epoch 1/200 [TRAIN]:  95%|█████████▌| 3841/4032 [06:23<00:21,  9.09it/s, Loss=0.012344, Pos=0.012179, Vel=0.00008255]Epoch 1/200 [TRAIN]:  95%|█████████▌| 3841/4032 [06:23<00:21,  9.09it/s, Loss=0.012347, Pos=0.012182, Vel=0.00008255]Epoch 1/200 [TRAIN]:  95%|█████████▌| 3842/4032 [06:23<00:21,  8.88it/s, Loss=0.012347, Pos=0.012182, Vel=0.00008255]Epoch 1/200 [TRAIN]:  95%|█████████▌| 3842/4032 [06:23<00:21,  8.88it/s, Loss=0.012345, Pos=0.012180, Vel=0.00008253]Epoch 1/200 [TRAIN]:  95%|█████████▌| 3843/4032 [06:23<00:21,  8.89it/s, Loss=0.012345, Pos=0.012180, Vel=0.00008253]Epoch 1/200 [TRAIN]:  95%|█████████▌| 3843/4032 [06:23<00:21,  8.89it/s, Loss=0.012342, Pos=0.012177, Vel=0.00008252]Epoch 1/200 [TRAIN]:  95%|█████████▌| 3844/4032 [06:23<00:20,  8.98it/s, Loss=0.012342, Pos=0.012177, Vel=0.00008252]Epoch 1/200 [TRAIN]:  95%|█████████▌| 3844/4032 [06:23<00:20,  8.98it/s, Loss=0.012339, Pos=0.012174, Vel=0.00008250]Epoch 1/200 [TRAIN]:  95%|█████████▌| 3844/4032 [06:24<00:20,  8.98it/s, Loss=0.012343, Pos=0.012179, Vel=0.00008249]Epoch 1/200 [TRAIN]:  95%|█████████▌| 3846/4032 [06:24<00:18,  9.90it/s, Loss=0.012343, Pos=0.012179, Vel=0.00008249]Epoch 1/200 [TRAIN]:  95%|█████████▌| 3846/4032 [06:24<00:18,  9.90it/s, Loss=0.012354, Pos=0.012189, Vel=0.00008254]Epoch 1/200 [TRAIN]:  95%|█████████▌| 3847/4032 [06:24<00:19,  9.71it/s, Loss=0.012354, Pos=0.012189, Vel=0.00008254]Epoch 1/200 [TRAIN]:  95%|█████████▌| 3847/4032 [06:24<00:19,  9.71it/s, Loss=0.012351, Pos=0.012186, Vel=0.00008253]Epoch 1/200 [TRAIN]:  95%|█████████▌| 3848/4032 [06:24<00:19,  9.46it/s, Loss=0.012351, Pos=0.012186, Vel=0.00008253]Epoch 1/200 [TRAIN]:  95%|█████████▌| 3848/4032 [06:24<00:19,  9.46it/s, Loss=0.012350, Pos=0.012185, Vel=0.00008252]Epoch 1/200 [TRAIN]:  95%|█████████▌| 3849/4032 [06:24<00:19,  9.40it/s, Loss=0.012350, Pos=0.012185, Vel=0.00008252]Epoch 1/200 [TRAIN]:  95%|█████████▌| 3849/4032 [06:24<00:19,  9.40it/s, Loss=0.012347, Pos=0.012182, Vel=0.00008251]Epoch 1/200 [TRAIN]:  95%|█████████▌| 3850/4032 [06:24<00:20,  9.10it/s, Loss=0.012347, Pos=0.012182, Vel=0.00008251]Epoch 1/200 [TRAIN]:  95%|█████████▌| 3850/4032 [06:24<00:20,  9.10it/s, Loss=0.012355, Pos=0.012190, Vel=0.00008250]Epoch 1/200 [TRAIN]:  96%|█████████▌| 3851/4032 [06:24<00:19,  9.25it/s, Loss=0.012355, Pos=0.012190, Vel=0.00008250]Epoch 1/200 [TRAIN]:  96%|█████████▌| 3851/4032 [06:24<00:19,  9.25it/s, Loss=0.012354, Pos=0.012189, Vel=0.00008250]Epoch 1/200 [TRAIN]:  96%|█████████▌| 3852/4032 [06:24<00:19,  9.38it/s, Loss=0.012354, Pos=0.012189, Vel=0.00008250]Epoch 1/200 [TRAIN]:  96%|█████████▌| 3852/4032 [06:24<00:19,  9.38it/s, Loss=0.012356, Pos=0.012191, Vel=0.00008251]Epoch 1/200 [TRAIN]:  96%|█████████▌| 3853/4032 [06:24<00:19,  9.02it/s, Loss=0.012356, Pos=0.012191, Vel=0.00008251]Epoch 1/200 [TRAIN]:  96%|█████████▌| 3853/4032 [06:24<00:19,  9.02it/s, Loss=0.012353, Pos=0.012188, Vel=0.00008249]Epoch 1/200 [TRAIN]:  96%|█████████▌| 3853/4032 [06:24<00:19,  9.02it/s, Loss=0.012356, Pos=0.012191, Vel=0.00008250]Epoch 1/200 [TRAIN]:  96%|█████████▌| 3855/4032 [06:24<00:16, 10.77it/s, Loss=0.012356, Pos=0.012191, Vel=0.00008250]Epoch 1/200 [TRAIN]:  96%|█████████▌| 3855/4032 [06:24<00:16, 10.77it/s, Loss=0.012355, Pos=0.012190, Vel=0.00008251]Epoch 1/200 [TRAIN]:  96%|█████████▌| 3855/4032 [06:25<00:16, 10.77it/s, Loss=0.012356, Pos=0.012191, Vel=0.00008250]Epoch 1/200 [TRAIN]:  96%|█████████▌| 3857/4032 [06:25<00:14, 11.72it/s, Loss=0.012356, Pos=0.012191, Vel=0.00008250]Epoch 1/200 [TRAIN]:  96%|█████████▌| 3857/4032 [06:25<00:14, 11.72it/s, Loss=0.012358, Pos=0.012193, Vel=0.00008254]Epoch 1/200 [TRAIN]:  96%|█████████▌| 3857/4032 [06:25<00:14, 11.72it/s, Loss=0.012355, Pos=0.012190, Vel=0.00008252]Epoch 1/200 [TRAIN]:  96%|█████████▌| 3859/4032 [06:25<00:15, 10.99it/s, Loss=0.012355, Pos=0.012190, Vel=0.00008252]Epoch 1/200 [TRAIN]:  96%|█████████▌| 3859/4032 [06:25<00:15, 10.99it/s, Loss=0.012353, Pos=0.012188, Vel=0.00008250]Epoch 1/200 [TRAIN]:  96%|█████████▌| 3859/4032 [06:25<00:15, 10.99it/s, Loss=0.012352, Pos=0.012187, Vel=0.00008250]Epoch 1/200 [TRAIN]:  96%|█████████▌| 3861/4032 [06:25<00:14, 11.95it/s, Loss=0.012352, Pos=0.012187, Vel=0.00008250]Epoch 1/200 [TRAIN]:  96%|█████████▌| 3861/4032 [06:25<00:14, 11.95it/s, Loss=0.012351, Pos=0.012186, Vel=0.00008249]Epoch 1/200 [TRAIN]:  96%|█████████▌| 3861/4032 [06:25<00:14, 11.95it/s, Loss=0.012349, Pos=0.012184, Vel=0.00008248]Epoch 1/200 [TRAIN]:  96%|█████████▌| 3863/4032 [06:25<00:15, 10.96it/s, Loss=0.012349, Pos=0.012184, Vel=0.00008248]Epoch 1/200 [TRAIN]:  96%|█████████▌| 3863/4032 [06:25<00:15, 10.96it/s, Loss=0.012348, Pos=0.012183, Vel=0.00008251]Epoch 1/200 [TRAIN]:  96%|█████████▌| 3863/4032 [06:25<00:15, 10.96it/s, Loss=0.012348, Pos=0.012183, Vel=0.00008252]Epoch 1/200 [TRAIN]:  96%|█████████▌| 3865/4032 [06:25<00:16, 10.28it/s, Loss=0.012348, Pos=0.012183, Vel=0.00008252]Epoch 1/200 [TRAIN]:  96%|█████████▌| 3865/4032 [06:25<00:16, 10.28it/s, Loss=0.012347, Pos=0.012182, Vel=0.00008252]Epoch 1/200 [TRAIN]:  96%|█████████▌| 3865/4032 [06:26<00:16, 10.28it/s, Loss=0.012347, Pos=0.012182, Vel=0.00008255]Epoch 1/200 [TRAIN]:  96%|█████████▌| 3867/4032 [06:26<00:16, 10.02it/s, Loss=0.012347, Pos=0.012182, Vel=0.00008255]Epoch 1/200 [TRAIN]:  96%|█████████▌| 3867/4032 [06:26<00:16, 10.02it/s, Loss=0.012347, Pos=0.012182, Vel=0.00008254]Epoch 1/200 [TRAIN]:  96%|█████████▌| 3867/4032 [06:26<00:16, 10.02it/s, Loss=0.012346, Pos=0.012181, Vel=0.00008253]Epoch 1/200 [TRAIN]:  96%|█████████▌| 3869/4032 [06:26<00:14, 10.99it/s, Loss=0.012346, Pos=0.012181, Vel=0.00008253]Epoch 1/200 [TRAIN]:  96%|█████████▌| 3869/4032 [06:26<00:14, 10.99it/s, Loss=0.012344, Pos=0.012179, Vel=0.00008253]Epoch 1/200 [TRAIN]:  96%|█████████▌| 3869/4032 [06:26<00:14, 10.99it/s, Loss=0.012342, Pos=0.012177, Vel=0.00008251]Epoch 1/200 [TRAIN]:  96%|█████████▌| 3871/4032 [06:26<00:15, 10.36it/s, Loss=0.012342, Pos=0.012177, Vel=0.00008251]Epoch 1/200 [TRAIN]:  96%|█████████▌| 3871/4032 [06:26<00:15, 10.36it/s, Loss=0.012352, Pos=0.012187, Vel=0.00008257]Epoch 1/200 [TRAIN]:  96%|█████████▌| 3871/4032 [06:26<00:15, 10.36it/s, Loss=0.012355, Pos=0.012190, Vel=0.00008260]Epoch 1/200 [TRAIN]:  96%|█████████▌| 3873/4032 [06:26<00:13, 11.37it/s, Loss=0.012355, Pos=0.012190, Vel=0.00008260]Epoch 1/200 [TRAIN]:  96%|█████████▌| 3873/4032 [06:26<00:13, 11.37it/s, Loss=0.012355, Pos=0.012190, Vel=0.00008259]Epoch 1/200 [TRAIN]:  96%|█████████▌| 3873/4032 [06:26<00:13, 11.37it/s, Loss=0.012356, Pos=0.012190, Vel=0.00008258]Epoch 1/200 [TRAIN]:  96%|█████████▌| 3875/4032 [06:26<00:14, 10.92it/s, Loss=0.012356, Pos=0.012190, Vel=0.00008258]Epoch 1/200 [TRAIN]:  96%|█████████▌| 3875/4032 [06:26<00:14, 10.92it/s, Loss=0.012354, Pos=0.012189, Vel=0.00008257]Epoch 1/200 [TRAIN]:  96%|█████████▌| 3875/4032 [06:26<00:14, 10.92it/s, Loss=0.012352, Pos=0.012187, Vel=0.00008256]Epoch 1/200 [TRAIN]:  96%|█████████▌| 3877/4032 [06:26<00:14, 10.67it/s, Loss=0.012352, Pos=0.012187, Vel=0.00008256]Epoch 1/200 [TRAIN]:  96%|█████████▌| 3877/4032 [06:27<00:14, 10.67it/s, Loss=0.012354, Pos=0.012189, Vel=0.00008257]Epoch 1/200 [TRAIN]:  96%|█████████▌| 3877/4032 [06:27<00:14, 10.67it/s, Loss=0.012352, Pos=0.012187, Vel=0.00008255]Epoch 1/200 [TRAIN]:  96%|█████████▌| 3879/4032 [06:27<00:14, 10.50it/s, Loss=0.012352, Pos=0.012187, Vel=0.00008255]Epoch 1/200 [TRAIN]:  96%|█████████▌| 3879/4032 [06:27<00:14, 10.50it/s, Loss=0.012352, Pos=0.012187, Vel=0.00008254]Epoch 1/200 [TRAIN]:  96%|█████████▌| 3879/4032 [06:27<00:14, 10.50it/s, Loss=0.012352, Pos=0.012187, Vel=0.00008253]Epoch 1/200 [TRAIN]:  96%|█████████▋| 3881/4032 [06:27<00:14, 10.25it/s, Loss=0.012352, Pos=0.012187, Vel=0.00008253]Epoch 1/200 [TRAIN]:  96%|█████████▋| 3881/4032 [06:27<00:14, 10.25it/s, Loss=0.012350, Pos=0.012185, Vel=0.00008252]Epoch 1/200 [TRAIN]:  96%|█████████▋| 3881/4032 [06:27<00:14, 10.25it/s, Loss=0.012363, Pos=0.012198, Vel=0.00008253]Epoch 1/200 [TRAIN]:  96%|█████████▋| 3883/4032 [06:27<00:13, 11.23it/s, Loss=0.012363, Pos=0.012198, Vel=0.00008253]Epoch 1/200 [TRAIN]:  96%|█████████▋| 3883/4032 [06:27<00:13, 11.23it/s, Loss=0.012380, Pos=0.012215, Vel=0.00008252]Epoch 1/200 [TRAIN]:  96%|█████████▋| 3883/4032 [06:27<00:13, 11.23it/s, Loss=0.012401, Pos=0.012236, Vel=0.00008252]Epoch 1/200 [TRAIN]:  96%|█████████▋| 3885/4032 [06:27<00:12, 11.69it/s, Loss=0.012401, Pos=0.012236, Vel=0.00008252]Epoch 1/200 [TRAIN]:  96%|█████████▋| 3885/4032 [06:27<00:12, 11.69it/s, Loss=0.012400, Pos=0.012235, Vel=0.00008250]Epoch 1/200 [TRAIN]:  96%|█████████▋| 3885/4032 [06:27<00:12, 11.69it/s, Loss=0.012399, Pos=0.012234, Vel=0.00008250]Epoch 1/200 [TRAIN]:  96%|█████████▋| 3887/4032 [06:27<00:13, 10.90it/s, Loss=0.012399, Pos=0.012234, Vel=0.00008250]Epoch 1/200 [TRAIN]:  96%|█████████▋| 3887/4032 [06:27<00:13, 10.90it/s, Loss=0.012404, Pos=0.012239, Vel=0.00008253]Epoch 1/200 [TRAIN]:  96%|█████████▋| 3887/4032 [06:28<00:13, 10.90it/s, Loss=0.012401, Pos=0.012236, Vel=0.00008251]Epoch 1/200 [TRAIN]:  96%|█████████▋| 3889/4032 [06:28<00:13, 10.66it/s, Loss=0.012401, Pos=0.012236, Vel=0.00008251]Epoch 1/200 [TRAIN]:  96%|█████████▋| 3889/4032 [06:28<00:13, 10.66it/s, Loss=0.012400, Pos=0.012235, Vel=0.00008250]Epoch 1/200 [TRAIN]:  96%|█████████▋| 3889/4032 [06:28<00:13, 10.66it/s, Loss=0.012398, Pos=0.012233, Vel=0.00008249]Epoch 1/200 [TRAIN]:  97%|█████████▋| 3891/4032 [06:28<00:13, 10.18it/s, Loss=0.012398, Pos=0.012233, Vel=0.00008249]Epoch 1/200 [TRAIN]:  97%|█████████▋| 3891/4032 [06:28<00:13, 10.18it/s, Loss=0.012397, Pos=0.012232, Vel=0.00008249]Epoch 1/200 [TRAIN]:  97%|█████████▋| 3891/4032 [06:28<00:13, 10.18it/s, Loss=0.012394, Pos=0.012229, Vel=0.00008248]Epoch 1/200 [TRAIN]:  97%|█████████▋| 3893/4032 [06:28<00:13, 10.05it/s, Loss=0.012394, Pos=0.012229, Vel=0.00008248]Epoch 1/200 [TRAIN]:  97%|█████████▋| 3893/4032 [06:28<00:13, 10.05it/s, Loss=0.012400, Pos=0.012235, Vel=0.00008247]Epoch 1/200 [TRAIN]:  97%|█████████▋| 3893/4032 [06:28<00:13, 10.05it/s, Loss=0.012400, Pos=0.012235, Vel=0.00008246]Epoch 1/200 [TRAIN]:  97%|█████████▋| 3895/4032 [06:28<00:13, 10.15it/s, Loss=0.012400, Pos=0.012235, Vel=0.00008246]Epoch 1/200 [TRAIN]:  97%|█████████▋| 3895/4032 [06:28<00:13, 10.15it/s, Loss=0.012399, Pos=0.012234, Vel=0.00008246]Epoch 1/200 [TRAIN]:  97%|█████████▋| 3895/4032 [06:28<00:13, 10.15it/s, Loss=0.012396, Pos=0.012231, Vel=0.00008245]Epoch 1/200 [TRAIN]:  97%|█████████▋| 3897/4032 [06:28<00:13,  9.97it/s, Loss=0.012396, Pos=0.012231, Vel=0.00008245]Epoch 1/200 [TRAIN]:  97%|█████████▋| 3897/4032 [06:28<00:13,  9.97it/s, Loss=0.012394, Pos=0.012229, Vel=0.00008244]Epoch 1/200 [TRAIN]:  97%|█████████▋| 3897/4032 [06:29<00:13,  9.97it/s, Loss=0.012393, Pos=0.012228, Vel=0.00008243]Epoch 1/200 [TRAIN]:  97%|█████████▋| 3899/4032 [06:29<00:13,  9.66it/s, Loss=0.012393, Pos=0.012228, Vel=0.00008243]Epoch 1/200 [TRAIN]:  97%|█████████▋| 3899/4032 [06:29<00:13,  9.66it/s, Loss=0.012393, Pos=0.012228, Vel=0.00008242]Epoch 1/200 [TRAIN]:  97%|█████████▋| 3899/4032 [06:29<00:13,  9.66it/s, Loss=0.012392, Pos=0.012227, Vel=0.00008242]Epoch 1/200 [TRAIN]:  97%|█████████▋| 3901/4032 [06:29<00:13,  9.88it/s, Loss=0.012392, Pos=0.012227, Vel=0.00008242]Epoch 1/200 [TRAIN]:  97%|█████████▋| 3901/4032 [06:29<00:13,  9.88it/s, Loss=0.012393, Pos=0.012228, Vel=0.00008241]Epoch 1/200 [TRAIN]:  97%|█████████▋| 3902/4032 [06:29<00:13,  9.56it/s, Loss=0.012393, Pos=0.012228, Vel=0.00008241]Epoch 1/200 [TRAIN]:  97%|█████████▋| 3902/4032 [06:29<00:13,  9.56it/s, Loss=0.012424, Pos=0.012259, Vel=0.00008242]Epoch 1/200 [TRAIN]:  97%|█████████▋| 3903/4032 [06:29<00:13,  9.57it/s, Loss=0.012424, Pos=0.012259, Vel=0.00008242]Epoch 1/200 [TRAIN]:  97%|█████████▋| 3903/4032 [06:29<00:13,  9.57it/s, Loss=0.012423, Pos=0.012258, Vel=0.00008242]Epoch 1/200 [TRAIN]:  97%|█████████▋| 3904/4032 [06:29<00:13,  9.41it/s, Loss=0.012423, Pos=0.012258, Vel=0.00008242]Epoch 1/200 [TRAIN]:  97%|█████████▋| 3904/4032 [06:29<00:13,  9.41it/s, Loss=0.012421, Pos=0.012256, Vel=0.00008242]Epoch 1/200 [TRAIN]:  97%|█████████▋| 3905/4032 [06:29<00:13,  9.40it/s, Loss=0.012421, Pos=0.012256, Vel=0.00008242]Epoch 1/200 [TRAIN]:  97%|█████████▋| 3905/4032 [06:29<00:13,  9.40it/s, Loss=0.012422, Pos=0.012258, Vel=0.00008242]Epoch 1/200 [TRAIN]:  97%|█████████▋| 3905/4032 [06:29<00:13,  9.40it/s, Loss=0.012422, Pos=0.012257, Vel=0.00008241]Epoch 1/200 [TRAIN]:  97%|█████████▋| 3907/4032 [06:29<00:11, 10.66it/s, Loss=0.012422, Pos=0.012257, Vel=0.00008241]Epoch 1/200 [TRAIN]:  97%|█████████▋| 3907/4032 [06:29<00:11, 10.66it/s, Loss=0.012422, Pos=0.012257, Vel=0.00008243]Epoch 1/200 [TRAIN]:  97%|█████████▋| 3907/4032 [06:30<00:11, 10.66it/s, Loss=0.012422, Pos=0.012257, Vel=0.00008245]Epoch 1/200 [TRAIN]:  97%|█████████▋| 3909/4032 [06:30<00:11, 10.42it/s, Loss=0.012422, Pos=0.012257, Vel=0.00008245]Epoch 1/200 [TRAIN]:  97%|█████████▋| 3909/4032 [06:30<00:11, 10.42it/s, Loss=0.012421, Pos=0.012256, Vel=0.00008244]Epoch 1/200 [TRAIN]:  97%|█████████▋| 3909/4032 [06:30<00:11, 10.42it/s, Loss=0.012421, Pos=0.012256, Vel=0.00008246]Epoch 1/200 [TRAIN]:  97%|█████████▋| 3911/4032 [06:30<00:11, 10.34it/s, Loss=0.012421, Pos=0.012256, Vel=0.00008246]Epoch 1/200 [TRAIN]:  97%|█████████▋| 3911/4032 [06:30<00:11, 10.34it/s, Loss=0.012422, Pos=0.012257, Vel=0.00008246]Epoch 1/200 [TRAIN]:  97%|█████████▋| 3911/4032 [06:30<00:11, 10.34it/s, Loss=0.012422, Pos=0.012257, Vel=0.00008246]Epoch 1/200 [TRAIN]:  97%|█████████▋| 3913/4032 [06:30<00:10, 11.19it/s, Loss=0.012422, Pos=0.012257, Vel=0.00008246]Epoch 1/200 [TRAIN]:  97%|█████████▋| 3913/4032 [06:30<00:10, 11.19it/s, Loss=0.012423, Pos=0.012258, Vel=0.00008246]Epoch 1/200 [TRAIN]:  97%|█████████▋| 3913/4032 [06:30<00:10, 11.19it/s, Loss=0.012425, Pos=0.012260, Vel=0.00008245]Epoch 1/200 [TRAIN]:  97%|█████████▋| 3915/4032 [06:30<00:10, 10.84it/s, Loss=0.012425, Pos=0.012260, Vel=0.00008245]Epoch 1/200 [TRAIN]:  97%|█████████▋| 3915/4032 [06:30<00:10, 10.84it/s, Loss=0.012426, Pos=0.012261, Vel=0.00008245]Epoch 1/200 [TRAIN]:  97%|█████████▋| 3915/4032 [06:30<00:10, 10.84it/s, Loss=0.012443, Pos=0.012278, Vel=0.00008244]Epoch 1/200 [TRAIN]:  97%|█████████▋| 3917/4032 [06:30<00:09, 11.66it/s, Loss=0.012443, Pos=0.012278, Vel=0.00008244]Epoch 1/200 [TRAIN]:  97%|█████████▋| 3917/4032 [06:30<00:09, 11.66it/s, Loss=0.012441, Pos=0.012276, Vel=0.00008244]Epoch 1/200 [TRAIN]:  97%|█████████▋| 3917/4032 [06:30<00:09, 11.66it/s, Loss=0.012439, Pos=0.012274, Vel=0.00008242]Epoch 1/200 [TRAIN]:  97%|█████████▋| 3919/4032 [06:30<00:10, 10.86it/s, Loss=0.012439, Pos=0.012274, Vel=0.00008242]Epoch 1/200 [TRAIN]:  97%|█████████▋| 3919/4032 [06:31<00:10, 10.86it/s, Loss=0.012437, Pos=0.012272, Vel=0.00008241]Epoch 1/200 [TRAIN]:  97%|█████████▋| 3919/4032 [06:31<00:10, 10.86it/s, Loss=0.012439, Pos=0.012274, Vel=0.00008240]Epoch 1/200 [TRAIN]:  97%|█████████▋| 3921/4032 [06:31<00:09, 11.75it/s, Loss=0.012439, Pos=0.012274, Vel=0.00008240]Epoch 1/200 [TRAIN]:  97%|█████████▋| 3921/4032 [06:31<00:09, 11.75it/s, Loss=0.012451, Pos=0.012287, Vel=0.00008239]Epoch 1/200 [TRAIN]:  97%|█████████▋| 3921/4032 [06:31<00:09, 11.75it/s, Loss=0.012451, Pos=0.012287, Vel=0.00008240]Epoch 1/200 [TRAIN]:  97%|█████████▋| 3923/4032 [06:31<00:09, 11.15it/s, Loss=0.012451, Pos=0.012287, Vel=0.00008240]Epoch 1/200 [TRAIN]:  97%|█████████▋| 3923/4032 [06:31<00:09, 11.15it/s, Loss=0.012451, Pos=0.012286, Vel=0.00008239]Epoch 1/200 [TRAIN]:  97%|█████████▋| 3923/4032 [06:31<00:09, 11.15it/s, Loss=0.012449, Pos=0.012284, Vel=0.00008238]Epoch 1/200 [TRAIN]:  97%|█████████▋| 3925/4032 [06:31<00:10, 10.48it/s, Loss=0.012449, Pos=0.012284, Vel=0.00008238]Epoch 1/200 [TRAIN]:  97%|█████████▋| 3925/4032 [06:31<00:10, 10.48it/s, Loss=0.012448, Pos=0.012284, Vel=0.00008237]Epoch 1/200 [TRAIN]:  97%|█████████▋| 3925/4032 [06:31<00:10, 10.48it/s, Loss=0.012447, Pos=0.012283, Vel=0.00008236]Epoch 1/200 [TRAIN]:  97%|█████████▋| 3927/4032 [06:31<00:10, 10.33it/s, Loss=0.012447, Pos=0.012283, Vel=0.00008236]Epoch 1/200 [TRAIN]:  97%|█████████▋| 3927/4032 [06:31<00:10, 10.33it/s, Loss=0.012445, Pos=0.012281, Vel=0.00008235]Epoch 1/200 [TRAIN]:  97%|█████████▋| 3927/4032 [06:31<00:10, 10.33it/s, Loss=0.012444, Pos=0.012280, Vel=0.00008234]Epoch 1/200 [TRAIN]:  97%|█████████▋| 3929/4032 [06:31<00:10,  9.94it/s, Loss=0.012444, Pos=0.012280, Vel=0.00008234]Epoch 1/200 [TRAIN]:  97%|█████████▋| 3929/4032 [06:32<00:10,  9.94it/s, Loss=0.012445, Pos=0.012280, Vel=0.00008233]Epoch 1/200 [TRAIN]:  97%|█████████▋| 3929/4032 [06:32<00:10,  9.94it/s, Loss=0.012446, Pos=0.012281, Vel=0.00008235]Epoch 1/200 [TRAIN]:  97%|█████████▋| 3931/4032 [06:32<00:10,  9.99it/s, Loss=0.012446, Pos=0.012281, Vel=0.00008235]Epoch 1/200 [TRAIN]:  97%|█████████▋| 3931/4032 [06:32<00:10,  9.99it/s, Loss=0.012446, Pos=0.012281, Vel=0.00008233]Epoch 1/200 [TRAIN]:  97%|█████████▋| 3931/4032 [06:32<00:10,  9.99it/s, Loss=0.012445, Pos=0.012280, Vel=0.00008232]Epoch 1/200 [TRAIN]:  98%|█████████▊| 3933/4032 [06:32<00:10,  9.71it/s, Loss=0.012445, Pos=0.012280, Vel=0.00008232]Epoch 1/200 [TRAIN]:  98%|█████████▊| 3933/4032 [06:32<00:10,  9.71it/s, Loss=0.012444, Pos=0.012280, Vel=0.00008231]Epoch 1/200 [TRAIN]:  98%|█████████▊| 3934/4032 [06:32<00:10,  9.76it/s, Loss=0.012444, Pos=0.012280, Vel=0.00008231]Epoch 1/200 [TRAIN]:  98%|█████████▊| 3934/4032 [06:32<00:10,  9.76it/s, Loss=0.012445, Pos=0.012281, Vel=0.00008233]Epoch 1/200 [TRAIN]:  98%|█████████▊| 3935/4032 [06:32<00:10,  9.70it/s, Loss=0.012445, Pos=0.012281, Vel=0.00008233]Epoch 1/200 [TRAIN]:  98%|█████████▊| 3935/4032 [06:32<00:10,  9.70it/s, Loss=0.012443, Pos=0.012278, Vel=0.00008231]Epoch 1/200 [TRAIN]:  98%|█████████▊| 3935/4032 [06:32<00:10,  9.70it/s, Loss=0.012440, Pos=0.012276, Vel=0.00008230]Epoch 1/200 [TRAIN]:  98%|█████████▊| 3937/4032 [06:32<00:09, 10.45it/s, Loss=0.012440, Pos=0.012276, Vel=0.00008230]Epoch 1/200 [TRAIN]:  98%|█████████▊| 3937/4032 [06:32<00:09, 10.45it/s, Loss=0.012444, Pos=0.012279, Vel=0.00008230]Epoch 1/200 [TRAIN]:  98%|█████████▊| 3937/4032 [06:32<00:09, 10.45it/s, Loss=0.012442, Pos=0.012277, Vel=0.00008229]Epoch 1/200 [TRAIN]:  98%|█████████▊| 3939/4032 [06:32<00:09,  9.93it/s, Loss=0.012442, Pos=0.012277, Vel=0.00008229]Epoch 1/200 [TRAIN]:  98%|█████████▊| 3939/4032 [06:33<00:09,  9.93it/s, Loss=0.012440, Pos=0.012275, Vel=0.00008228]Epoch 1/200 [TRAIN]:  98%|█████████▊| 3939/4032 [06:33<00:09,  9.93it/s, Loss=0.012444, Pos=0.012279, Vel=0.00008229]Epoch 1/200 [TRAIN]:  98%|█████████▊| 3941/4032 [06:33<00:09,  9.66it/s, Loss=0.012444, Pos=0.012279, Vel=0.00008229]Epoch 1/200 [TRAIN]:  98%|█████████▊| 3941/4032 [06:33<00:09,  9.66it/s, Loss=0.012442, Pos=0.012277, Vel=0.00008228]Epoch 1/200 [TRAIN]:  98%|█████████▊| 3942/4032 [06:33<00:09,  9.63it/s, Loss=0.012442, Pos=0.012277, Vel=0.00008228]Epoch 1/200 [TRAIN]:  98%|█████████▊| 3942/4032 [06:33<00:09,  9.63it/s, Loss=0.012443, Pos=0.012279, Vel=0.00008231]Epoch 1/200 [TRAIN]:  98%|█████████▊| 3942/4032 [06:33<00:09,  9.63it/s, Loss=0.012442, Pos=0.012277, Vel=0.00008232]Epoch 1/200 [TRAIN]:  98%|█████████▊| 3944/4032 [06:33<00:07, 11.22it/s, Loss=0.012442, Pos=0.012277, Vel=0.00008232]Epoch 1/200 [TRAIN]:  98%|█████████▊| 3944/4032 [06:33<00:07, 11.22it/s, Loss=0.012439, Pos=0.012275, Vel=0.00008231]Epoch 1/200 [TRAIN]:  98%|█████████▊| 3944/4032 [06:33<00:07, 11.22it/s, Loss=0.012441, Pos=0.012276, Vel=0.00008230]Epoch 1/200 [TRAIN]:  98%|█████████▊| 3946/4032 [06:33<00:07, 11.35it/s, Loss=0.012441, Pos=0.012276, Vel=0.00008230]Epoch 1/200 [TRAIN]:  98%|█████████▊| 3946/4032 [06:33<00:07, 11.35it/s, Loss=0.012439, Pos=0.012274, Vel=0.00008229]Epoch 1/200 [TRAIN]:  98%|█████████▊| 3946/4032 [06:33<00:07, 11.35it/s, Loss=0.012438, Pos=0.012273, Vel=0.00008228]Epoch 1/200 [TRAIN]:  98%|█████████▊| 3948/4032 [06:33<00:07, 10.56it/s, Loss=0.012438, Pos=0.012273, Vel=0.00008228]Epoch 1/200 [TRAIN]:  98%|█████████▊| 3948/4032 [06:33<00:07, 10.56it/s, Loss=0.012435, Pos=0.012271, Vel=0.00008227]Epoch 1/200 [TRAIN]:  98%|█████████▊| 3948/4032 [06:33<00:07, 10.56it/s, Loss=0.012433, Pos=0.012269, Vel=0.00008226]Epoch 1/200 [TRAIN]:  98%|█████████▊| 3948/4032 [06:33<00:07, 10.56it/s, Loss=0.012434, Pos=0.012269, Vel=0.00008225]Epoch 1/200 [TRAIN]:  98%|█████████▊| 3951/4032 [06:33<00:06, 12.18it/s, Loss=0.012434, Pos=0.012269, Vel=0.00008225]Epoch 1/200 [TRAIN]:  98%|█████████▊| 3951/4032 [06:34<00:06, 12.18it/s, Loss=0.012432, Pos=0.012268, Vel=0.00008224]Epoch 1/200 [TRAIN]:  98%|█████████▊| 3951/4032 [06:34<00:06, 12.18it/s, Loss=0.012430, Pos=0.012266, Vel=0.00008223]Epoch 1/200 [TRAIN]:  98%|█████████▊| 3953/4032 [06:34<00:06, 11.40it/s, Loss=0.012430, Pos=0.012266, Vel=0.00008223]Epoch 1/200 [TRAIN]:  98%|█████████▊| 3953/4032 [06:34<00:06, 11.40it/s, Loss=0.012431, Pos=0.012267, Vel=0.00008223]Epoch 1/200 [TRAIN]:  98%|█████████▊| 3953/4032 [06:34<00:06, 11.40it/s, Loss=0.012434, Pos=0.012270, Vel=0.00008223]Epoch 1/200 [TRAIN]:  98%|█████████▊| 3955/4032 [06:34<00:07, 10.90it/s, Loss=0.012434, Pos=0.012270, Vel=0.00008223]Epoch 1/200 [TRAIN]:  98%|█████████▊| 3955/4032 [06:34<00:07, 10.90it/s, Loss=0.012433, Pos=0.012269, Vel=0.00008222]Epoch 1/200 [TRAIN]:  98%|█████████▊| 3955/4032 [06:34<00:07, 10.90it/s, Loss=0.012432, Pos=0.012268, Vel=0.00008222]Epoch 1/200 [TRAIN]:  98%|█████████▊| 3957/4032 [06:34<00:07, 10.29it/s, Loss=0.012432, Pos=0.012268, Vel=0.00008222]Epoch 1/200 [TRAIN]:  98%|█████████▊| 3957/4032 [06:34<00:07, 10.29it/s, Loss=0.012431, Pos=0.012267, Vel=0.00008222]Epoch 1/200 [TRAIN]:  98%|█████████▊| 3957/4032 [06:34<00:07, 10.29it/s, Loss=0.012428, Pos=0.012264, Vel=0.00008220]Epoch 1/200 [TRAIN]:  98%|█████████▊| 3959/4032 [06:34<00:07,  9.94it/s, Loss=0.012428, Pos=0.012264, Vel=0.00008220]Epoch 1/200 [TRAIN]:  98%|█████████▊| 3959/4032 [06:34<00:07,  9.94it/s, Loss=0.012426, Pos=0.012262, Vel=0.00008219]Epoch 1/200 [TRAIN]:  98%|█████████▊| 3959/4032 [06:35<00:07,  9.94it/s, Loss=0.012425, Pos=0.012260, Vel=0.00008219]Epoch 1/200 [TRAIN]:  98%|█████████▊| 3961/4032 [06:35<00:07,  9.78it/s, Loss=0.012425, Pos=0.012260, Vel=0.00008219]Epoch 1/200 [TRAIN]:  98%|█████████▊| 3961/4032 [06:35<00:07,  9.78it/s, Loss=0.012423, Pos=0.012259, Vel=0.00008218]Epoch 1/200 [TRAIN]:  98%|█████████▊| 3962/4032 [06:35<00:07,  9.55it/s, Loss=0.012423, Pos=0.012259, Vel=0.00008218]Epoch 1/200 [TRAIN]:  98%|█████████▊| 3962/4032 [06:35<00:07,  9.55it/s, Loss=0.012422, Pos=0.012258, Vel=0.00008219]Epoch 1/200 [TRAIN]:  98%|█████████▊| 3962/4032 [06:35<00:07,  9.55it/s, Loss=0.012424, Pos=0.012260, Vel=0.00008220]Epoch 1/200 [TRAIN]:  98%|█████████▊| 3964/4032 [06:35<00:07,  9.62it/s, Loss=0.012424, Pos=0.012260, Vel=0.00008220]Epoch 1/200 [TRAIN]:  98%|█████████▊| 3964/4032 [06:35<00:07,  9.62it/s, Loss=0.012422, Pos=0.012258, Vel=0.00008220]Epoch 1/200 [TRAIN]:  98%|█████████▊| 3964/4032 [06:35<00:07,  9.62it/s, Loss=0.012423, Pos=0.012258, Vel=0.00008219]Epoch 1/200 [TRAIN]:  98%|█████████▊| 3966/4032 [06:35<00:06,  9.71it/s, Loss=0.012423, Pos=0.012258, Vel=0.00008219]Epoch 1/200 [TRAIN]:  98%|█████████▊| 3966/4032 [06:35<00:06,  9.71it/s, Loss=0.012420, Pos=0.012256, Vel=0.00008218]Epoch 1/200 [TRAIN]:  98%|█████████▊| 3967/4032 [06:35<00:06,  9.53it/s, Loss=0.012420, Pos=0.012256, Vel=0.00008218]Epoch 1/200 [TRAIN]:  98%|█████████▊| 3967/4032 [06:35<00:06,  9.53it/s, Loss=0.012431, Pos=0.012266, Vel=0.00008218]Epoch 1/200 [TRAIN]:  98%|█████████▊| 3967/4032 [06:35<00:06,  9.53it/s, Loss=0.012429, Pos=0.012265, Vel=0.00008218]Epoch 1/200 [TRAIN]:  98%|█████████▊| 3969/4032 [06:35<00:06,  9.88it/s, Loss=0.012429, Pos=0.012265, Vel=0.00008218]Epoch 1/200 [TRAIN]:  98%|█████████▊| 3969/4032 [06:36<00:06,  9.88it/s, Loss=0.012430, Pos=0.012266, Vel=0.00008218]Epoch 1/200 [TRAIN]:  98%|█████████▊| 3970/4032 [06:36<00:06,  9.54it/s, Loss=0.012430, Pos=0.012266, Vel=0.00008218]Epoch 1/200 [TRAIN]:  98%|█████████▊| 3970/4032 [06:36<00:06,  9.54it/s, Loss=0.012429, Pos=0.012264, Vel=0.00008217]Epoch 1/200 [TRAIN]:  98%|█████████▊| 3971/4032 [06:36<00:06,  9.56it/s, Loss=0.012429, Pos=0.012264, Vel=0.00008217]Epoch 1/200 [TRAIN]:  98%|█████████▊| 3971/4032 [06:36<00:06,  9.56it/s, Loss=0.012445, Pos=0.012280, Vel=0.00008226]Epoch 1/200 [TRAIN]:  99%|█████████▊| 3972/4032 [06:36<00:06,  9.61it/s, Loss=0.012445, Pos=0.012280, Vel=0.00008226]Epoch 1/200 [TRAIN]:  99%|█████████▊| 3972/4032 [06:36<00:06,  9.61it/s, Loss=0.012457, Pos=0.012292, Vel=0.00008226]Epoch 1/200 [TRAIN]:  99%|█████████▊| 3972/4032 [06:36<00:06,  9.61it/s, Loss=0.012455, Pos=0.012291, Vel=0.00008225]Epoch 1/200 [TRAIN]:  99%|█████████▊| 3974/4032 [06:36<00:04, 11.67it/s, Loss=0.012455, Pos=0.012291, Vel=0.00008225]Epoch 1/200 [TRAIN]:  99%|█████████▊| 3974/4032 [06:36<00:04, 11.67it/s, Loss=0.012455, Pos=0.012290, Vel=0.00008225]Epoch 1/200 [TRAIN]:  99%|█████████▊| 3974/4032 [06:36<00:04, 11.67it/s, Loss=0.012452, Pos=0.012288, Vel=0.00008223]Epoch 1/200 [TRAIN]:  99%|█████████▊| 3976/4032 [06:36<00:05, 11.15it/s, Loss=0.012452, Pos=0.012288, Vel=0.00008223]Epoch 1/200 [TRAIN]:  99%|█████████▊| 3976/4032 [06:36<00:05, 11.15it/s, Loss=0.012451, Pos=0.012286, Vel=0.00008222]Epoch 1/200 [TRAIN]:  99%|█████████▊| 3976/4032 [06:36<00:05, 11.15it/s, Loss=0.012450, Pos=0.012286, Vel=0.00008221]Epoch 1/200 [TRAIN]:  99%|█████████▊| 3978/4032 [06:36<00:05, 10.42it/s, Loss=0.012450, Pos=0.012286, Vel=0.00008221]Epoch 1/200 [TRAIN]:  99%|█████████▊| 3978/4032 [06:36<00:05, 10.42it/s, Loss=0.012449, Pos=0.012285, Vel=0.00008221]Epoch 1/200 [TRAIN]:  99%|█████████▊| 3978/4032 [06:36<00:05, 10.42it/s, Loss=0.012449, Pos=0.012285, Vel=0.00008220]Epoch 1/200 [TRAIN]:  99%|█████████▊| 3980/4032 [06:36<00:04, 10.95it/s, Loss=0.012449, Pos=0.012285, Vel=0.00008220]Epoch 1/200 [TRAIN]:  99%|█████████▊| 3980/4032 [06:36<00:04, 10.95it/s, Loss=0.012447, Pos=0.012283, Vel=0.00008218]Epoch 1/200 [TRAIN]:  99%|█████████▊| 3980/4032 [06:37<00:04, 10.95it/s, Loss=0.012449, Pos=0.012285, Vel=0.00008219]Epoch 1/200 [TRAIN]:  99%|█████████▉| 3982/4032 [06:37<00:04, 10.65it/s, Loss=0.012449, Pos=0.012285, Vel=0.00008219]Epoch 1/200 [TRAIN]:  99%|█████████▉| 3982/4032 [06:37<00:04, 10.65it/s, Loss=0.012447, Pos=0.012282, Vel=0.00008217]Epoch 1/200 [TRAIN]:  99%|█████████▉| 3982/4032 [06:37<00:04, 10.65it/s, Loss=0.012446, Pos=0.012281, Vel=0.00008216]Epoch 1/200 [TRAIN]:  99%|█████████▉| 3984/4032 [06:37<00:04, 10.55it/s, Loss=0.012446, Pos=0.012281, Vel=0.00008216]Epoch 1/200 [TRAIN]:  99%|█████████▉| 3984/4032 [06:37<00:04, 10.55it/s, Loss=0.012446, Pos=0.012282, Vel=0.00008217]Epoch 1/200 [TRAIN]:  99%|█████████▉| 3984/4032 [06:37<00:04, 10.55it/s, Loss=0.012447, Pos=0.012282, Vel=0.00008216]Epoch 1/200 [TRAIN]:  99%|█████████▉| 3986/4032 [06:37<00:04, 11.11it/s, Loss=0.012447, Pos=0.012282, Vel=0.00008216]Epoch 1/200 [TRAIN]:  99%|█████████▉| 3986/4032 [06:37<00:04, 11.11it/s, Loss=0.012464, Pos=0.012300, Vel=0.00008214]Epoch 1/200 [TRAIN]:  99%|█████████▉| 3986/4032 [06:37<00:04, 11.11it/s, Loss=0.012462, Pos=0.012298, Vel=0.00008213]Epoch 1/200 [TRAIN]:  99%|█████████▉| 3986/4032 [06:37<00:04, 11.11it/s, Loss=0.012467, Pos=0.012303, Vel=0.00008211]Epoch 1/200 [TRAIN]:  99%|█████████▉| 3989/4032 [06:37<00:03, 13.53it/s, Loss=0.012467, Pos=0.012303, Vel=0.00008211]Epoch 1/200 [TRAIN]:  99%|█████████▉| 3989/4032 [06:37<00:03, 13.53it/s, Loss=0.012465, Pos=0.012301, Vel=0.00008209]Epoch 1/200 [TRAIN]:  99%|█████████▉| 3989/4032 [06:37<00:03, 13.53it/s, Loss=0.012463, Pos=0.012299, Vel=0.00008208]Epoch 1/200 [TRAIN]:  99%|█████████▉| 3991/4032 [06:37<00:03, 12.37it/s, Loss=0.012463, Pos=0.012299, Vel=0.00008208]Epoch 1/200 [TRAIN]:  99%|█████████▉| 3991/4032 [06:37<00:03, 12.37it/s, Loss=0.012463, Pos=0.012299, Vel=0.00008209]Epoch 1/200 [TRAIN]:  99%|█████████▉| 3991/4032 [06:38<00:03, 12.37it/s, Loss=0.012465, Pos=0.012300, Vel=0.00008209]Epoch 1/200 [TRAIN]:  99%|█████████▉| 3993/4032 [06:38<00:03, 11.52it/s, Loss=0.012465, Pos=0.012300, Vel=0.00008209]Epoch 1/200 [TRAIN]:  99%|█████████▉| 3993/4032 [06:38<00:03, 11.52it/s, Loss=0.012468, Pos=0.012304, Vel=0.00008212]Epoch 1/200 [TRAIN]:  99%|█████████▉| 3993/4032 [06:38<00:03, 11.52it/s, Loss=0.012466, Pos=0.012302, Vel=0.00008211]Epoch 1/200 [TRAIN]:  99%|█████████▉| 3995/4032 [06:38<00:03, 10.79it/s, Loss=0.012466, Pos=0.012302, Vel=0.00008211]Epoch 1/200 [TRAIN]:  99%|█████████▉| 3995/4032 [06:38<00:03, 10.79it/s, Loss=0.012465, Pos=0.012301, Vel=0.00008209]Epoch 1/200 [TRAIN]:  99%|█████████▉| 3995/4032 [06:38<00:03, 10.79it/s, Loss=0.012463, Pos=0.012298, Vel=0.00008209]Epoch 1/200 [TRAIN]:  99%|█████████▉| 3997/4032 [06:38<00:03, 10.27it/s, Loss=0.012463, Pos=0.012298, Vel=0.00008209]Epoch 1/200 [TRAIN]:  99%|█████████▉| 3997/4032 [06:38<00:03, 10.27it/s, Loss=0.012470, Pos=0.012306, Vel=0.00008211]Epoch 1/200 [TRAIN]:  99%|█████████▉| 3997/4032 [06:38<00:03, 10.27it/s, Loss=0.012469, Pos=0.012305, Vel=0.00008214]Epoch 1/200 [TRAIN]:  99%|█████████▉| 3999/4032 [06:38<00:03,  9.98it/s, Loss=0.012469, Pos=0.012305, Vel=0.00008214]Epoch 1/200 [TRAIN]:  99%|█████████▉| 3999/4032 [06:38<00:03,  9.98it/s, Loss=0.012467, Pos=0.012303, Vel=0.00008213]Epoch 1/200 [TRAIN]:  99%|█████████▉| 3999/4032 [06:38<00:03,  9.98it/s, Loss=0.012465, Pos=0.012300, Vel=0.00008212]Epoch 1/200 [TRAIN]:  99%|█████████▉| 4001/4032 [06:38<00:03,  9.69it/s, Loss=0.012465, Pos=0.012300, Vel=0.00008212]Epoch 1/200 [TRAIN]:  99%|█████████▉| 4001/4032 [06:38<00:03,  9.69it/s, Loss=0.012462, Pos=0.012298, Vel=0.00008211]Epoch 1/200 [TRAIN]:  99%|█████████▉| 4002/4032 [06:38<00:03,  9.63it/s, Loss=0.012462, Pos=0.012298, Vel=0.00008211]Epoch 1/200 [TRAIN]:  99%|█████████▉| 4002/4032 [06:39<00:03,  9.63it/s, Loss=0.012460, Pos=0.012296, Vel=0.00008209]Epoch 1/200 [TRAIN]:  99%|█████████▉| 4002/4032 [06:39<00:03,  9.63it/s, Loss=0.012458, Pos=0.012294, Vel=0.00008210]Epoch 1/200 [TRAIN]:  99%|█████████▉| 4004/4032 [06:39<00:02,  9.83it/s, Loss=0.012458, Pos=0.012294, Vel=0.00008210]Epoch 1/200 [TRAIN]:  99%|█████████▉| 4004/4032 [06:39<00:02,  9.83it/s, Loss=0.012464, Pos=0.012299, Vel=0.00008212]Epoch 1/200 [TRAIN]:  99%|█████████▉| 4005/4032 [06:39<00:02,  9.54it/s, Loss=0.012464, Pos=0.012299, Vel=0.00008212]Epoch 1/200 [TRAIN]:  99%|█████████▉| 4005/4032 [06:39<00:02,  9.54it/s, Loss=0.012462, Pos=0.012298, Vel=0.00008211]Epoch 1/200 [TRAIN]:  99%|█████████▉| 4005/4032 [06:39<00:02,  9.54it/s, Loss=0.012462, Pos=0.012297, Vel=0.00008211]Epoch 1/200 [TRAIN]:  99%|█████████▉| 4007/4032 [06:39<00:02,  9.78it/s, Loss=0.012462, Pos=0.012297, Vel=0.00008211]Epoch 1/200 [TRAIN]:  99%|█████████▉| 4007/4032 [06:39<00:02,  9.78it/s, Loss=0.012459, Pos=0.012295, Vel=0.00008211]Epoch 1/200 [TRAIN]:  99%|█████████▉| 4007/4032 [06:39<00:02,  9.78it/s, Loss=0.012457, Pos=0.012293, Vel=0.00008210]Epoch 1/200 [TRAIN]:  99%|█████████▉| 4009/4032 [06:39<00:02, 11.04it/s, Loss=0.012457, Pos=0.012293, Vel=0.00008210]Epoch 1/200 [TRAIN]:  99%|█████████▉| 4009/4032 [06:39<00:02, 11.04it/s, Loss=0.012455, Pos=0.012291, Vel=0.00008209]Epoch 1/200 [TRAIN]:  99%|█████████▉| 4009/4032 [06:39<00:02, 11.04it/s, Loss=0.012456, Pos=0.012292, Vel=0.00008208]Epoch 1/200 [TRAIN]:  99%|█████████▉| 4011/4032 [06:39<00:01, 10.69it/s, Loss=0.012456, Pos=0.012292, Vel=0.00008208]Epoch 1/200 [TRAIN]:  99%|█████████▉| 4011/4032 [06:39<00:01, 10.69it/s, Loss=0.012454, Pos=0.012290, Vel=0.00008207]Epoch 1/200 [TRAIN]:  99%|█████████▉| 4011/4032 [06:40<00:01, 10.69it/s, Loss=0.012454, Pos=0.012290, Vel=0.00008206]Epoch 1/200 [TRAIN]: 100%|█████████▉| 4013/4032 [06:40<00:01, 10.12it/s, Loss=0.012454, Pos=0.012290, Vel=0.00008206]Epoch 1/200 [TRAIN]: 100%|█████████▉| 4013/4032 [06:40<00:01, 10.12it/s, Loss=0.012451, Pos=0.012287, Vel=0.00008204]Epoch 1/200 [TRAIN]: 100%|█████████▉| 4013/4032 [06:40<00:01, 10.12it/s, Loss=0.012449, Pos=0.012285, Vel=0.00008203]Epoch 1/200 [TRAIN]: 100%|█████████▉| 4015/4032 [06:40<00:01, 11.37it/s, Loss=0.012449, Pos=0.012285, Vel=0.00008203]Epoch 1/200 [TRAIN]: 100%|█████████▉| 4015/4032 [06:40<00:01, 11.37it/s, Loss=0.012452, Pos=0.012288, Vel=0.00008202]Epoch 1/200 [TRAIN]: 100%|█████████▉| 4015/4032 [06:40<00:01, 11.37it/s, Loss=0.012450, Pos=0.012286, Vel=0.00008202]Epoch 1/200 [TRAIN]: 100%|█████████▉| 4017/4032 [06:40<00:01, 12.13it/s, Loss=0.012450, Pos=0.012286, Vel=0.00008202]Epoch 1/200 [TRAIN]: 100%|█████████▉| 4017/4032 [06:40<00:01, 12.13it/s, Loss=0.012454, Pos=0.012290, Vel=0.00008202]Epoch 1/200 [TRAIN]: 100%|█████████▉| 4017/4032 [06:40<00:01, 12.13it/s, Loss=0.012452, Pos=0.012288, Vel=0.00008201]Epoch 1/200 [TRAIN]: 100%|█████████▉| 4019/4032 [06:40<00:01, 12.76it/s, Loss=0.012452, Pos=0.012288, Vel=0.00008201]Epoch 1/200 [TRAIN]: 100%|█████████▉| 4019/4032 [06:40<00:01, 12.76it/s, Loss=0.012458, Pos=0.012294, Vel=0.00008200]Epoch 1/200 [TRAIN]: 100%|█████████▉| 4019/4032 [06:40<00:01, 12.76it/s, Loss=0.012455, Pos=0.012291, Vel=0.00008199]Epoch 1/200 [TRAIN]: 100%|█████████▉| 4021/4032 [06:40<00:00, 11.44it/s, Loss=0.012455, Pos=0.012291, Vel=0.00008199]Epoch 1/200 [TRAIN]: 100%|█████████▉| 4021/4032 [06:40<00:00, 11.44it/s, Loss=0.012453, Pos=0.012289, Vel=0.00008199]Epoch 1/200 [TRAIN]: 100%|█████████▉| 4021/4032 [06:40<00:00, 11.44it/s, Loss=0.012454, Pos=0.012290, Vel=0.00008198]Epoch 1/200 [TRAIN]: 100%|█████████▉| 4023/4032 [06:40<00:00, 11.01it/s, Loss=0.012454, Pos=0.012290, Vel=0.00008198]Epoch 1/200 [TRAIN]: 100%|█████████▉| 4023/4032 [06:40<00:00, 11.01it/s, Loss=0.012452, Pos=0.012288, Vel=0.00008198]Epoch 1/200 [TRAIN]: 100%|█████████▉| 4023/4032 [06:41<00:00, 11.01it/s, Loss=0.012449, Pos=0.012286, Vel=0.00008198]Epoch 1/200 [TRAIN]: 100%|█████████▉| 4025/4032 [06:41<00:00, 10.77it/s, Loss=0.012449, Pos=0.012286, Vel=0.00008198]Epoch 1/200 [TRAIN]: 100%|█████████▉| 4025/4032 [06:41<00:00, 10.77it/s, Loss=0.012452, Pos=0.012288, Vel=0.00008199]Epoch 1/200 [TRAIN]: 100%|█████████▉| 4025/4032 [06:41<00:00, 10.77it/s, Loss=0.012450, Pos=0.012286, Vel=0.00008199]Epoch 1/200 [TRAIN]: 100%|█████████▉| 4027/4032 [06:41<00:00, 10.44it/s, Loss=0.012450, Pos=0.012286, Vel=0.00008199]Epoch 1/200 [TRAIN]: 100%|█████████▉| 4027/4032 [06:41<00:00, 10.44it/s, Loss=0.012449, Pos=0.012285, Vel=0.00008198]Epoch 1/200 [TRAIN]: 100%|█████████▉| 4027/4032 [06:41<00:00, 10.44it/s, Loss=0.012451, Pos=0.012287, Vel=0.00008197]Epoch 1/200 [TRAIN]: 100%|█████████▉| 4029/4032 [06:41<00:00, 10.36it/s, Loss=0.012451, Pos=0.012287, Vel=0.00008197]Epoch 1/200 [TRAIN]: 100%|█████████▉| 4029/4032 [06:41<00:00, 10.36it/s, Loss=0.012449, Pos=0.012285, Vel=0.00008196]Epoch 1/200 [TRAIN]: 100%|█████████▉| 4029/4032 [06:41<00:00, 10.36it/s, Loss=0.012448, Pos=0.012285, Vel=0.00008195]Epoch 1/200 [TRAIN]: 100%|█████████▉| 4031/4032 [06:41<00:00,  9.95it/s, Loss=0.012448, Pos=0.012285, Vel=0.00008195]Epoch 1/200 [TRAIN]: 100%|█████████▉| 4031/4032 [06:41<00:00,  9.95it/s, Loss=0.012446, Pos=0.012283, Vel=0.00008194]Epoch 1/200 [TRAIN]: 100%|██████████| 4032/4032 [06:41<00:00, 10.04it/s, Loss=0.012446, Pos=0.012283, Vel=0.00008194]
  Epoca 1/200 | Train: 0.012446 (Pos: 0.012283 | Vel: 0.00008194) | Val: 0.010739 (Pos: 0.010631 | Vel: 0.00005380) | LR: 1.00e-04 | Patience: 0/200 ★ BEST
Epoch 2/200 [TRAIN]:   0%|          | 0/4032 [00:00<?, ?it/s]Epoch 2/200 [TRAIN]:   0%|          | 0/4032 [00:00<?, ?it/s, Loss=0.004819, Pos=0.004776, Vel=0.00002182]Epoch 2/200 [TRAIN]:   0%|          | 1/4032 [00:00<07:49,  8.58it/s, Loss=0.004819, Pos=0.004776, Vel=0.00002182]Epoch 2/200 [TRAIN]:   0%|          | 1/4032 [00:00<07:49,  8.58it/s, Loss=0.011951, Pos=0.011893, Vel=0.00002876]Epoch 2/200 [TRAIN]:   0%|          | 1/4032 [00:00<07:49,  8.58it/s, Loss=0.009126, Pos=0.009079, Vel=0.00002346]Epoch 2/200 [TRAIN]:   0%|          | 3/4032 [00:00<05:00, 13.41it/s, Loss=0.009126, Pos=0.009079, Vel=0.00002346]Epoch 2/200 [TRAIN]:   0%|          | 3/4032 [00:00<05:00, 13.41it/s, Loss=0.007899, Pos=0.007853, Vel=0.00002298]Epoch 2/200 [TRAIN]:   0%|          | 3/4032 [00:00<05:00, 13.41it/s, Loss=0.008294, Pos=0.008227, Vel=0.00003344]Epoch 2/200 [TRAIN]:   0%|          | 5/4032 [00:00<06:11, 10.84it/s, Loss=0.008294, Pos=0.008227, Vel=0.00003344]Epoch 2/200 [TRAIN]:   0%|          | 5/4032 [00:00<06:11, 10.84it/s, Loss=0.009078, Pos=0.008978, Vel=0.00005041]Epoch 2/200 [TRAIN]:   0%|          | 5/4032 [00:00<06:11, 10.84it/s, Loss=0.009019, Pos=0.008888, Vel=0.00006533]Epoch 2/200 [TRAIN]:   0%|          | 7/4032 [00:00<06:31, 10.27it/s, Loss=0.009019, Pos=0.008888, Vel=0.00006533]Epoch 2/200 [TRAIN]:   0%|          | 7/4032 [00:00<06:31, 10.27it/s, Loss=0.009115, Pos=0.008991, Vel=0.00006208]Epoch 2/200 [TRAIN]:   0%|          | 7/4032 [00:00<06:31, 10.27it/s, Loss=0.008683, Pos=0.008566, Vel=0.00005825]Epoch 2/200 [TRAIN]:   0%|          | 9/4032 [00:00<06:40, 10.04it/s, Loss=0.008683, Pos=0.008566, Vel=0.00005825]Epoch 2/200 [TRAIN]:   0%|          | 9/4032 [00:00<06:40, 10.04it/s, Loss=0.008394, Pos=0.008282, Vel=0.00005584]Epoch 2/200 [TRAIN]:   0%|          | 9/4032 [00:01<06:40, 10.04it/s, Loss=0.009681, Pos=0.009559, Vel=0.00006139]Epoch 2/200 [TRAIN]:   0%|          | 11/4032 [00:01<06:54,  9.71it/s, Loss=0.009681, Pos=0.009559, Vel=0.00006139]Epoch 2/200 [TRAIN]:   0%|          | 11/4032 [00:01<06:54,  9.71it/s, Loss=0.009615, Pos=0.009499, Vel=0.00005785]Epoch 2/200 [TRAIN]:   0%|          | 12/4032 [00:01<06:52,  9.75it/s, Loss=0.009615, Pos=0.009499, Vel=0.00005785]Epoch 2/200 [TRAIN]:   0%|          | 12/4032 [00:01<06:52,  9.75it/s, Loss=0.009813, Pos=0.009687, Vel=0.00006301]Epoch 2/200 [TRAIN]:   0%|          | 13/4032 [00:01<07:09,  9.36it/s, Loss=0.009813, Pos=0.009687, Vel=0.00006301]Epoch 2/200 [TRAIN]:   0%|          | 13/4032 [00:01<07:09,  9.36it/s, Loss=0.009565, Pos=0.009444, Vel=0.00006007]Epoch 2/200 [TRAIN]:   0%|          | 14/4032 [00:01<07:02,  9.50it/s, Loss=0.009565, Pos=0.009444, Vel=0.00006007]Epoch 2/200 [TRAIN]:   0%|          | 14/4032 [00:01<07:02,  9.50it/s, Loss=0.009667, Pos=0.009544, Vel=0.00006144]Epoch 2/200 [TRAIN]:   0%|          | 15/4032 [00:01<07:20,  9.13it/s, Loss=0.009667, Pos=0.009544, Vel=0.00006144]Epoch 2/200 [TRAIN]:   0%|          | 15/4032 [00:01<07:20,  9.13it/s, Loss=0.009404, Pos=0.009286, Vel=0.00005917]Epoch 2/200 [TRAIN]:   0%|          | 16/4032 [00:01<07:13,  9.26it/s, Loss=0.009404, Pos=0.009286, Vel=0.00005917]Epoch 2/200 [TRAIN]:   0%|          | 16/4032 [00:01<07:13,  9.26it/s, Loss=0.009405, Pos=0.009288, Vel=0.00005895]Epoch 2/200 [TRAIN]:   0%|          | 17/4032 [00:01<07:09,  9.35it/s, Loss=0.009405, Pos=0.009288, Vel=0.00005895]Epoch 2/200 [TRAIN]:   0%|          | 17/4032 [00:01<07:09,  9.35it/s, Loss=0.008964, Pos=0.008850, Vel=0.00005742]Epoch 2/200 [TRAIN]:   0%|          | 17/4032 [00:01<07:09,  9.35it/s, Loss=0.008773, Pos=0.008658, Vel=0.00005794]Epoch 2/200 [TRAIN]:   0%|          | 19/4032 [00:01<06:04, 11.02it/s, Loss=0.008773, Pos=0.008658, Vel=0.00005794]Epoch 2/200 [TRAIN]:   0%|          | 19/4032 [00:01<06:04, 11.02it/s, Loss=0.008614, Pos=0.008500, Vel=0.00005686]Epoch 2/200 [TRAIN]:   0%|          | 19/4032 [00:02<06:04, 11.02it/s, Loss=0.014270, Pos=0.014153, Vel=0.00005851]Epoch 2/200 [TRAIN]:   1%|          | 21/4032 [00:02<06:30, 10.28it/s, Loss=0.014270, Pos=0.014153, Vel=0.00005851]Epoch 2/200 [TRAIN]:   1%|          | 21/4032 [00:02<06:30, 10.28it/s, Loss=0.014834, Pos=0.014708, Vel=0.00006303]Epoch 2/200 [TRAIN]:   1%|          | 21/4032 [00:02<06:30, 10.28it/s, Loss=0.014876, Pos=0.014750, Vel=0.00006292]Epoch 2/200 [TRAIN]:   1%|          | 23/4032 [00:02<06:51,  9.73it/s, Loss=0.014876, Pos=0.014750, Vel=0.00006292]Epoch 2/200 [TRAIN]:   1%|          | 23/4032 [00:02<06:51,  9.73it/s, Loss=0.014364, Pos=0.014241, Vel=0.00006167]Epoch 2/200 [TRAIN]:   1%|          | 24/4032 [00:02<07:07,  9.37it/s, Loss=0.014364, Pos=0.014241, Vel=0.00006167]Epoch 2/200 [TRAIN]:   1%|          | 24/4032 [00:02<07:07,  9.37it/s, Loss=0.014223, Pos=0.014096, Vel=0.00006366]Epoch 2/200 [TRAIN]:   1%|          | 25/4032 [00:02<07:03,  9.46it/s, Loss=0.014223, Pos=0.014096, Vel=0.00006366]Epoch 2/200 [TRAIN]:   1%|          | 25/4032 [00:02<07:03,  9.46it/s, Loss=0.014255, Pos=0.014131, Vel=0.00006200]Epoch 2/200 [TRAIN]:   1%|          | 25/4032 [00:02<07:03,  9.46it/s, Loss=0.013957, Pos=0.013834, Vel=0.00006109]Epoch 2/200 [TRAIN]:   1%|          | 27/4032 [00:02<06:24, 10.41it/s, Loss=0.013957, Pos=0.013834, Vel=0.00006109]Epoch 2/200 [TRAIN]:   1%|          | 27/4032 [00:02<06:24, 10.41it/s, Loss=0.013788, Pos=0.013664, Vel=0.00006190]Epoch 2/200 [TRAIN]:   1%|          | 27/4032 [00:02<06:24, 10.41it/s, Loss=0.013680, Pos=0.013554, Vel=0.00006259]Epoch 2/200 [TRAIN]:   1%|          | 29/4032 [00:02<06:41,  9.96it/s, Loss=0.013680, Pos=0.013554, Vel=0.00006259]Epoch 2/200 [TRAIN]:   1%|          | 29/4032 [00:03<06:41,  9.96it/s, Loss=0.013370, Pos=0.013248, Vel=0.00006112]Epoch 2/200 [TRAIN]:   1%|          | 29/4032 [00:03<06:41,  9.96it/s, Loss=0.013162, Pos=0.013040, Vel=0.00006112]Epoch 2/200 [TRAIN]:   1%|          | 31/4032 [00:03<06:56,  9.60it/s, Loss=0.013162, Pos=0.013040, Vel=0.00006112]Epoch 2/200 [TRAIN]:   1%|          | 31/4032 [00:03<06:56,  9.60it/s, Loss=0.012958, Pos=0.012838, Vel=0.00006008]Epoch 2/200 [TRAIN]:   1%|          | 32/4032 [00:03<06:55,  9.63it/s, Loss=0.012958, Pos=0.012838, Vel=0.00006008]Epoch 2/200 [TRAIN]:   1%|          | 32/4032 [00:03<06:55,  9.63it/s, Loss=0.012668, Pos=0.012549, Vel=0.00005975]Epoch 2/200 [TRAIN]:   1%|          | 32/4032 [00:03<06:55,  9.63it/s, Loss=0.012419, Pos=0.012297, Vel=0.00006098]Epoch 2/200 [TRAIN]:   1%|          | 34/4032 [00:03<06:45,  9.85it/s, Loss=0.012419, Pos=0.012297, Vel=0.00006098]Epoch 2/200 [TRAIN]:   1%|          | 34/4032 [00:03<06:45,  9.85it/s, Loss=0.012456, Pos=0.012337, Vel=0.00005986]Epoch 2/200 [TRAIN]:   1%|          | 35/4032 [00:03<06:46,  9.83it/s, Loss=0.012456, Pos=0.012337, Vel=0.00005986]Epoch 2/200 [TRAIN]:   1%|          | 35/4032 [00:03<06:46,  9.83it/s, Loss=0.012179, Pos=0.012061, Vel=0.00005893]Epoch 2/200 [TRAIN]:   1%|          | 36/4032 [00:03<07:04,  9.40it/s, Loss=0.012179, Pos=0.012061, Vel=0.00005893]Epoch 2/200 [TRAIN]:   1%|          | 36/4032 [00:03<07:04,  9.40it/s, Loss=0.012015, Pos=0.011898, Vel=0.00005847]Epoch 2/200 [TRAIN]:   1%|          | 37/4032 [00:03<07:02,  9.46it/s, Loss=0.012015, Pos=0.011898, Vel=0.00005847]Epoch 2/200 [TRAIN]:   1%|          | 37/4032 [00:03<07:02,  9.46it/s, Loss=0.012396, Pos=0.012281, Vel=0.00005754]Epoch 2/200 [TRAIN]:   1%|          | 37/4032 [00:03<07:02,  9.46it/s, Loss=0.012513, Pos=0.012397, Vel=0.00005818]Epoch 2/200 [TRAIN]:   1%|          | 39/4032 [00:03<06:06, 10.89it/s, Loss=0.012513, Pos=0.012397, Vel=0.00005818]Epoch 2/200 [TRAIN]:   1%|          | 39/4032 [00:03<06:06, 10.89it/s, Loss=0.012355, Pos=0.012237, Vel=0.00005862]Epoch 2/200 [TRAIN]:   1%|          | 39/4032 [00:04<06:06, 10.89it/s, Loss=0.012325, Pos=0.012210, Vel=0.00005784]Epoch 2/200 [TRAIN]:   1%|          | 41/4032 [00:04<06:06, 10.89it/s, Loss=0.012325, Pos=0.012210, Vel=0.00005784]Epoch 2/200 [TRAIN]:   1%|          | 41/4032 [00:04<06:06, 10.89it/s, Loss=0.012436, Pos=0.012318, Vel=0.00005881]Epoch 2/200 [TRAIN]:   1%|          | 41/4032 [00:04<06:06, 10.89it/s, Loss=0.012490, Pos=0.012372, Vel=0.00005909]Epoch 2/200 [TRAIN]:   1%|          | 43/4032 [00:04<06:23, 10.41it/s, Loss=0.012490, Pos=0.012372, Vel=0.00005909]Epoch 2/200 [TRAIN]:   1%|          | 43/4032 [00:04<06:23, 10.41it/s, Loss=0.012340, Pos=0.012223, Vel=0.00005830]Epoch 2/200 [TRAIN]:   1%|          | 43/4032 [00:04<06:23, 10.41it/s, Loss=0.012360, Pos=0.012242, Vel=0.00005896]Epoch 2/200 [TRAIN]:   1%|          | 45/4032 [00:04<06:42,  9.91it/s, Loss=0.012360, Pos=0.012242, Vel=0.00005896]Epoch 2/200 [TRAIN]:   1%|          | 45/4032 [00:04<06:42,  9.91it/s, Loss=0.012261, Pos=0.012144, Vel=0.00005832]Epoch 2/200 [TRAIN]:   1%|          | 45/4032 [00:04<06:42,  9.91it/s, Loss=0.012253, Pos=0.012135, Vel=0.00005890]Epoch 2/200 [TRAIN]:   1%|          | 47/4032 [00:04<06:54,  9.61it/s, Loss=0.012253, Pos=0.012135, Vel=0.00005890]Epoch 2/200 [TRAIN]:   1%|          | 47/4032 [00:04<06:54,  9.61it/s, Loss=0.012125, Pos=0.012004, Vel=0.00006074]Epoch 2/200 [TRAIN]:   1%|          | 47/4032 [00:04<06:54,  9.61it/s, Loss=0.012276, Pos=0.012153, Vel=0.00006181]Epoch 2/200 [TRAIN]:   1%|          | 49/4032 [00:04<06:24, 10.37it/s, Loss=0.012276, Pos=0.012153, Vel=0.00006181]Epoch 2/200 [TRAIN]:   1%|          | 49/4032 [00:05<06:24, 10.37it/s, Loss=0.012310, Pos=0.012188, Vel=0.00006126]Epoch 2/200 [TRAIN]:   1%|          | 49/4032 [00:05<06:24, 10.37it/s, Loss=0.012344, Pos=0.012222, Vel=0.00006088]Epoch 2/200 [TRAIN]:   1%|▏         | 51/4032 [00:05<06:32, 10.16it/s, Loss=0.012344, Pos=0.012222, Vel=0.00006088]Epoch 2/200 [TRAIN]:   1%|▏         | 51/4032 [00:05<06:32, 10.16it/s, Loss=0.012347, Pos=0.012223, Vel=0.00006179]Epoch 2/200 [TRAIN]:   1%|▏         | 51/4032 [00:05<06:32, 10.16it/s, Loss=0.012188, Pos=0.012065, Vel=0.00006124]Epoch 2/200 [TRAIN]:   1%|▏         | 53/4032 [00:05<06:55,  9.57it/s, Loss=0.012188, Pos=0.012065, Vel=0.00006124]Epoch 2/200 [TRAIN]:   1%|▏         | 53/4032 [00:05<06:55,  9.57it/s, Loss=0.011984, Pos=0.011863, Vel=0.00006069]Epoch 2/200 [TRAIN]:   1%|▏         | 54/4032 [00:05<06:58,  9.51it/s, Loss=0.011984, Pos=0.011863, Vel=0.00006069]Epoch 2/200 [TRAIN]:   1%|▏         | 54/4032 [00:05<06:58,  9.51it/s, Loss=0.011970, Pos=0.011850, Vel=0.00006020]Epoch 2/200 [TRAIN]:   1%|▏         | 55/4032 [00:05<06:58,  9.51it/s, Loss=0.011970, Pos=0.011850, Vel=0.00006020]Epoch 2/200 [TRAIN]:   1%|▏         | 55/4032 [00:05<06:58,  9.51it/s, Loss=0.011874, Pos=0.011755, Vel=0.00005979]Epoch 2/200 [TRAIN]:   1%|▏         | 56/4032 [00:05<06:59,  9.49it/s, Loss=0.011874, Pos=0.011755, Vel=0.00005979]Epoch 2/200 [TRAIN]:   1%|▏         | 56/4032 [00:05<06:59,  9.49it/s, Loss=0.011765, Pos=0.011645, Vel=0.00005959]Epoch 2/200 [TRAIN]:   1%|▏         | 57/4032 [00:05<07:18,  9.07it/s, Loss=0.011765, Pos=0.011645, Vel=0.00005959]Epoch 2/200 [TRAIN]:   1%|▏         | 57/4032 [00:05<07:18,  9.07it/s, Loss=0.011971, Pos=0.011849, Vel=0.00006103]Epoch 2/200 [TRAIN]:   1%|▏         | 57/4032 [00:05<07:18,  9.07it/s, Loss=0.011792, Pos=0.011670, Vel=0.00006065]Epoch 2/200 [TRAIN]:   1%|▏         | 59/4032 [00:05<06:59,  9.48it/s, Loss=0.011792, Pos=0.011670, Vel=0.00006065]Epoch 2/200 [TRAIN]:   1%|▏         | 59/4032 [00:06<06:59,  9.48it/s, Loss=0.011630, Pos=0.011509, Vel=0.00006067]Epoch 2/200 [TRAIN]:   1%|▏         | 60/4032 [00:06<07:09,  9.25it/s, Loss=0.011630, Pos=0.011509, Vel=0.00006067]Epoch 2/200 [TRAIN]:   1%|▏         | 60/4032 [00:06<07:09,  9.25it/s, Loss=0.011469, Pos=0.011349, Vel=0.00006000]Epoch 2/200 [TRAIN]:   1%|▏         | 60/4032 [00:06<07:09,  9.25it/s, Loss=0.011385, Pos=0.011266, Vel=0.00005962]Epoch 2/200 [TRAIN]:   2%|▏         | 62/4032 [00:06<06:24, 10.33it/s, Loss=0.011385, Pos=0.011266, Vel=0.00005962]Epoch 2/200 [TRAIN]:   2%|▏         | 62/4032 [00:06<06:24, 10.33it/s, Loss=0.011245, Pos=0.011127, Vel=0.00005915]Epoch 2/200 [TRAIN]:   2%|▏         | 62/4032 [00:06<06:24, 10.33it/s, Loss=0.011335, Pos=0.011216, Vel=0.00005938]Epoch 2/200 [TRAIN]:   2%|▏         | 64/4032 [00:06<05:50, 11.33it/s, Loss=0.011335, Pos=0.011216, Vel=0.00005938]Epoch 2/200 [TRAIN]:   2%|▏         | 64/4032 [00:06<05:50, 11.33it/s, Loss=0.011270, Pos=0.011153, Vel=0.00005885]Epoch 2/200 [TRAIN]:   2%|▏         | 64/4032 [00:06<05:50, 11.33it/s, Loss=0.011168, Pos=0.011051, Vel=0.00005851]Epoch 2/200 [TRAIN]:   2%|▏         | 66/4032 [00:06<06:25, 10.29it/s, Loss=0.011168, Pos=0.011051, Vel=0.00005851]Epoch 2/200 [TRAIN]:   2%|▏         | 66/4032 [00:06<06:25, 10.29it/s, Loss=0.011093, Pos=0.010974, Vel=0.00005935]Epoch 2/200 [TRAIN]:   2%|▏         | 66/4032 [00:06<06:25, 10.29it/s, Loss=0.011115, Pos=0.010995, Vel=0.00005956]Epoch 2/200 [TRAIN]:   2%|▏         | 68/4032 [00:06<05:55, 11.14it/s, Loss=0.011115, Pos=0.010995, Vel=0.00005956]Epoch 2/200 [TRAIN]:   2%|▏         | 68/4032 [00:06<05:55, 11.14it/s, Loss=0.011215, Pos=0.011096, Vel=0.00005918]Epoch 2/200 [TRAIN]:   2%|▏         | 68/4032 [00:07<05:55, 11.14it/s, Loss=0.011418, Pos=0.011299, Vel=0.00005959]Epoch 2/200 [TRAIN]:   2%|▏         | 70/4032 [00:07<06:20, 10.43it/s, Loss=0.011418, Pos=0.011299, Vel=0.00005959]Epoch 2/200 [TRAIN]:   2%|▏         | 70/4032 [00:07<06:20, 10.43it/s, Loss=0.011515, Pos=0.011395, Vel=0.00006019]Epoch 2/200 [TRAIN]:   2%|▏         | 70/4032 [00:07<06:20, 10.43it/s, Loss=0.011533, Pos=0.011412, Vel=0.00006052]Epoch 2/200 [TRAIN]:   2%|▏         | 72/4032 [00:07<06:29, 10.18it/s, Loss=0.011533, Pos=0.011412, Vel=0.00006052]Epoch 2/200 [TRAIN]:   2%|▏         | 72/4032 [00:07<06:29, 10.18it/s, Loss=0.011652, Pos=0.011531, Vel=0.00006058]Epoch 2/200 [TRAIN]:   2%|▏         | 72/4032 [00:07<06:29, 10.18it/s, Loss=0.011952, Pos=0.011825, Vel=0.00006354]Epoch 2/200 [TRAIN]:   2%|▏         | 74/4032 [00:07<06:31, 10.11it/s, Loss=0.011952, Pos=0.011825, Vel=0.00006354]Epoch 2/200 [TRAIN]:   2%|▏         | 74/4032 [00:07<06:31, 10.11it/s, Loss=0.011858, Pos=0.011731, Vel=0.00006306]Epoch 2/200 [TRAIN]:   2%|▏         | 74/4032 [00:07<06:31, 10.11it/s, Loss=0.011740, Pos=0.011615, Vel=0.00006272]Epoch 2/200 [TRAIN]:   2%|▏         | 76/4032 [00:07<06:08, 10.74it/s, Loss=0.011740, Pos=0.011615, Vel=0.00006272]Epoch 2/200 [TRAIN]:   2%|▏         | 76/4032 [00:07<06:08, 10.74it/s, Loss=0.011808, Pos=0.011682, Vel=0.00006257]Epoch 2/200 [TRAIN]:   2%|▏         | 76/4032 [00:07<06:08, 10.74it/s, Loss=0.011727, Pos=0.011603, Vel=0.00006225]Epoch 2/200 [TRAIN]:   2%|▏         | 78/4032 [00:07<06:18, 10.45it/s, Loss=0.011727, Pos=0.011603, Vel=0.00006225]Epoch 2/200 [TRAIN]:   2%|▏         | 78/4032 [00:07<06:18, 10.45it/s, Loss=0.011664, Pos=0.011540, Vel=0.00006192]Epoch 2/200 [TRAIN]:   2%|▏         | 78/4032 [00:07<06:18, 10.45it/s, Loss=0.011655, Pos=0.011531, Vel=0.00006223]Epoch 2/200 [TRAIN]:   2%|▏         | 80/4032 [00:07<05:56, 11.08it/s, Loss=0.011655, Pos=0.011531, Vel=0.00006223]Epoch 2/200 [TRAIN]:   2%|▏         | 80/4032 [00:08<05:56, 11.08it/s, Loss=0.011612, Pos=0.011488, Vel=0.00006208]Epoch 2/200 [TRAIN]:   2%|▏         | 80/4032 [00:08<05:56, 11.08it/s, Loss=0.011552, Pos=0.011428, Vel=0.00006183]Epoch 2/200 [TRAIN]:   2%|▏         | 82/4032 [00:08<06:29, 10.14it/s, Loss=0.011552, Pos=0.011428, Vel=0.00006183]Epoch 2/200 [TRAIN]:   2%|▏         | 82/4032 [00:08<06:29, 10.14it/s, Loss=0.011508, Pos=0.011385, Vel=0.00006162]Epoch 2/200 [TRAIN]:   2%|▏         | 82/4032 [00:08<06:29, 10.14it/s, Loss=0.011910, Pos=0.011780, Vel=0.00006487]Epoch 2/200 [TRAIN]:   2%|▏         | 84/4032 [00:08<06:34, 10.01it/s, Loss=0.011910, Pos=0.011780, Vel=0.00006487]Epoch 2/200 [TRAIN]:   2%|▏         | 84/4032 [00:08<06:34, 10.01it/s, Loss=0.011829, Pos=0.011700, Vel=0.00006448]Epoch 2/200 [TRAIN]:   2%|▏         | 84/4032 [00:08<06:34, 10.01it/s, Loss=0.011771, Pos=0.011643, Vel=0.00006427]Epoch 2/200 [TRAIN]:   2%|▏         | 86/4032 [00:08<06:43,  9.78it/s, Loss=0.011771, Pos=0.011643, Vel=0.00006427]Epoch 2/200 [TRAIN]:   2%|▏         | 86/4032 [00:08<06:43,  9.78it/s, Loss=0.012250, Pos=0.012121, Vel=0.00006413]Epoch 2/200 [TRAIN]:   2%|▏         | 86/4032 [00:08<06:43,  9.78it/s, Loss=0.012165, Pos=0.012038, Vel=0.00006364]Epoch 2/200 [TRAIN]:   2%|▏         | 88/4032 [00:08<05:52, 11.19it/s, Loss=0.012165, Pos=0.012038, Vel=0.00006364]Epoch 2/200 [TRAIN]:   2%|▏         | 88/4032 [00:08<05:52, 11.19it/s, Loss=0.012090, Pos=0.011963, Vel=0.00006331]Epoch 2/200 [TRAIN]:   2%|▏         | 88/4032 [00:08<05:52, 11.19it/s, Loss=0.012005, Pos=0.011878, Vel=0.00006358]Epoch 2/200 [TRAIN]:   2%|▏         | 90/4032 [00:08<06:11, 10.62it/s, Loss=0.012005, Pos=0.011878, Vel=0.00006358]Epoch 2/200 [TRAIN]:   2%|▏         | 90/4032 [00:09<06:11, 10.62it/s, Loss=0.012006, Pos=0.011879, Vel=0.00006354]Epoch 2/200 [TRAIN]:   2%|▏         | 90/4032 [00:09<06:11, 10.62it/s, Loss=0.011983, Pos=0.011855, Vel=0.00006403]Epoch 2/200 [TRAIN]:   2%|▏         | 92/4032 [00:09<06:26, 10.20it/s, Loss=0.011983, Pos=0.011855, Vel=0.00006403]Epoch 2/200 [TRAIN]:   2%|▏         | 92/4032 [00:09<06:26, 10.20it/s, Loss=0.011964, Pos=0.011837, Vel=0.00006374]Epoch 2/200 [TRAIN]:   2%|▏         | 92/4032 [00:09<06:26, 10.20it/s, Loss=0.011890, Pos=0.011762, Vel=0.00006378]Epoch 2/200 [TRAIN]:   2%|▏         | 94/4032 [00:09<06:46,  9.70it/s, Loss=0.011890, Pos=0.011762, Vel=0.00006378]Epoch 2/200 [TRAIN]:   2%|▏         | 94/4032 [00:09<06:46,  9.70it/s, Loss=0.011855, Pos=0.011726, Vel=0.00006403]Epoch 2/200 [TRAIN]:   2%|▏         | 94/4032 [00:09<06:46,  9.70it/s, Loss=0.012082, Pos=0.011954, Vel=0.00006393]Epoch 2/200 [TRAIN]:   2%|▏         | 96/4032 [00:09<06:29, 10.10it/s, Loss=0.012082, Pos=0.011954, Vel=0.00006393]Epoch 2/200 [TRAIN]:   2%|▏         | 96/4032 [00:09<06:29, 10.10it/s, Loss=0.012118, Pos=0.011991, Vel=0.00006368]Epoch 2/200 [TRAIN]:   2%|▏         | 96/4032 [00:09<06:29, 10.10it/s, Loss=0.012026, Pos=0.011898, Vel=0.00006376]Epoch 2/200 [TRAIN]:   2%|▏         | 98/4032 [00:09<06:38,  9.88it/s, Loss=0.012026, Pos=0.011898, Vel=0.00006376]Epoch 2/200 [TRAIN]:   2%|▏         | 98/4032 [00:09<06:38,  9.88it/s, Loss=0.011980, Pos=0.011853, Vel=0.00006358]Epoch 2/200 [TRAIN]:   2%|▏         | 98/4032 [00:09<06:38,  9.88it/s, Loss=0.011906, Pos=0.011779, Vel=0.00006373]Epoch 2/200 [TRAIN]:   2%|▏         | 100/4032 [00:09<06:53,  9.51it/s, Loss=0.011906, Pos=0.011779, Vel=0.00006373]Epoch 2/200 [TRAIN]:   2%|▏         | 100/4032 [00:10<06:53,  9.51it/s, Loss=0.011884, Pos=0.011757, Vel=0.00006336]Epoch 2/200 [TRAIN]:   2%|▏         | 100/4032 [00:10<06:53,  9.51it/s, Loss=0.011810, Pos=0.011684, Vel=0.00006305]Epoch 2/200 [TRAIN]:   3%|▎         | 102/4032 [00:10<06:20, 10.34it/s, Loss=0.011810, Pos=0.011684, Vel=0.00006305]Epoch 2/200 [TRAIN]:   3%|▎         | 102/4032 [00:10<06:20, 10.34it/s, Loss=0.011759, Pos=0.011633, Vel=0.00006285]Epoch 2/200 [TRAIN]:   3%|▎         | 102/4032 [00:10<06:20, 10.34it/s, Loss=0.011985, Pos=0.011860, Vel=0.00006247]Epoch 2/200 [TRAIN]:   3%|▎         | 104/4032 [00:10<06:28, 10.11it/s, Loss=0.011985, Pos=0.011860, Vel=0.00006247]Epoch 2/200 [TRAIN]:   3%|▎         | 104/4032 [00:10<06:28, 10.11it/s, Loss=0.011935, Pos=0.011810, Vel=0.00006234]Epoch 2/200 [TRAIN]:   3%|▎         | 104/4032 [00:10<06:28, 10.11it/s, Loss=0.011841, Pos=0.011717, Vel=0.00006204]Epoch 2/200 [TRAIN]:   3%|▎         | 106/4032 [00:10<06:35,  9.93it/s, Loss=0.011841, Pos=0.011717, Vel=0.00006204]Epoch 2/200 [TRAIN]:   3%|▎         | 106/4032 [00:10<06:35,  9.93it/s, Loss=0.011862, Pos=0.011737, Vel=0.00006252]Epoch 2/200 [TRAIN]:   3%|▎         | 106/4032 [00:10<06:35,  9.93it/s, Loss=0.011780, Pos=0.011655, Vel=0.00006268]Epoch 2/200 [TRAIN]:   3%|▎         | 108/4032 [00:10<06:37,  9.88it/s, Loss=0.011780, Pos=0.011655, Vel=0.00006268]Epoch 2/200 [TRAIN]:   3%|▎         | 108/4032 [00:10<06:37,  9.88it/s, Loss=0.011705, Pos=0.011580, Vel=0.00006281]Epoch 2/200 [TRAIN]:   3%|▎         | 108/4032 [00:10<06:37,  9.88it/s, Loss=0.011954, Pos=0.011829, Vel=0.00006248]Epoch 2/200 [TRAIN]:   3%|▎         | 110/4032 [00:10<06:35,  9.91it/s, Loss=0.011954, Pos=0.011829, Vel=0.00006248]Epoch 2/200 [TRAIN]:   3%|▎         | 110/4032 [00:11<06:35,  9.91it/s, Loss=0.011911, Pos=0.011785, Vel=0.00006297]Epoch 2/200 [TRAIN]:   3%|▎         | 111/4032 [00:11<06:38,  9.85it/s, Loss=0.011911, Pos=0.011785, Vel=0.00006297]Epoch 2/200 [TRAIN]:   3%|▎         | 111/4032 [00:11<06:38,  9.85it/s, Loss=0.011915, Pos=0.011789, Vel=0.00006295]Epoch 2/200 [TRAIN]:   3%|▎         | 112/4032 [00:11<06:42,  9.73it/s, Loss=0.011915, Pos=0.011789, Vel=0.00006295]Epoch 2/200 [TRAIN]:   3%|▎         | 112/4032 [00:11<06:42,  9.73it/s, Loss=0.012122, Pos=0.011996, Vel=0.00006303]Epoch 2/200 [TRAIN]:   3%|▎         | 113/4032 [00:11<06:44,  9.68it/s, Loss=0.012122, Pos=0.011996, Vel=0.00006303]Epoch 2/200 [TRAIN]:   3%|▎         | 113/4032 [00:11<06:44,  9.68it/s, Loss=0.012084, Pos=0.011958, Vel=0.00006291]Epoch 2/200 [TRAIN]:   3%|▎         | 114/4032 [00:11<06:46,  9.64it/s, Loss=0.012084, Pos=0.011958, Vel=0.00006291]Epoch 2/200 [TRAIN]:   3%|▎         | 114/4032 [00:11<06:46,  9.64it/s, Loss=0.012015, Pos=0.011890, Vel=0.00006263]Epoch 2/200 [TRAIN]:   3%|▎         | 115/4032 [00:11<07:10,  9.10it/s, Loss=0.012015, Pos=0.011890, Vel=0.00006263]Epoch 2/200 [TRAIN]:   3%|▎         | 115/4032 [00:11<07:10,  9.10it/s, Loss=0.011934, Pos=0.011809, Vel=0.00006230]Epoch 2/200 [TRAIN]:   3%|▎         | 116/4032 [00:11<07:07,  9.16it/s, Loss=0.011934, Pos=0.011809, Vel=0.00006230]Epoch 2/200 [TRAIN]:   3%|▎         | 116/4032 [00:11<07:07,  9.16it/s, Loss=0.011864, Pos=0.011740, Vel=0.00006204]Epoch 2/200 [TRAIN]:   3%|▎         | 117/4032 [00:11<07:00,  9.30it/s, Loss=0.011864, Pos=0.011740, Vel=0.00006204]Epoch 2/200 [TRAIN]:   3%|▎         | 117/4032 [00:11<07:00,  9.30it/s, Loss=0.011818, Pos=0.011694, Vel=0.00006212]Epoch 2/200 [TRAIN]:   3%|▎         | 118/4032 [00:11<07:14,  9.01it/s, Loss=0.011818, Pos=0.011694, Vel=0.00006212]Epoch 2/200 [TRAIN]:   3%|▎         | 118/4032 [00:11<07:14,  9.01it/s, Loss=0.011963, Pos=0.011837, Vel=0.00006256]Epoch 2/200 [TRAIN]:   3%|▎         | 119/4032 [00:11<07:09,  9.10it/s, Loss=0.011963, Pos=0.011837, Vel=0.00006256]Epoch 2/200 [TRAIN]:   3%|▎         | 119/4032 [00:12<07:09,  9.10it/s, Loss=0.011910, Pos=0.011786, Vel=0.00006222]Epoch 2/200 [TRAIN]:   3%|▎         | 120/4032 [00:12<07:02,  9.25it/s, Loss=0.011910, Pos=0.011786, Vel=0.00006222]Epoch 2/200 [TRAIN]:   3%|▎         | 120/4032 [00:12<07:02,  9.25it/s, Loss=0.011870, Pos=0.011745, Vel=0.00006205]Epoch 2/200 [TRAIN]:   3%|▎         | 120/4032 [00:12<07:02,  9.25it/s, Loss=0.011820, Pos=0.011697, Vel=0.00006182]Epoch 2/200 [TRAIN]:   3%|▎         | 122/4032 [00:12<06:49,  9.54it/s, Loss=0.011820, Pos=0.011697, Vel=0.00006182]Epoch 2/200 [TRAIN]:   3%|▎         | 122/4032 [00:12<06:49,  9.54it/s, Loss=0.011754, Pos=0.011630, Vel=0.00006153]Epoch 2/200 [TRAIN]:   3%|▎         | 123/4032 [00:12<06:47,  9.60it/s, Loss=0.011754, Pos=0.011630, Vel=0.00006153]Epoch 2/200 [TRAIN]:   3%|▎         | 123/4032 [00:12<06:47,  9.60it/s, Loss=0.011750, Pos=0.011627, Vel=0.00006138]Epoch 2/200 [TRAIN]:   3%|▎         | 123/4032 [00:12<06:47,  9.60it/s, Loss=0.011686, Pos=0.011564, Vel=0.00006121]Epoch 2/200 [TRAIN]:   3%|▎         | 125/4032 [00:12<05:35, 11.63it/s, Loss=0.011686, Pos=0.011564, Vel=0.00006121]Epoch 2/200 [TRAIN]:   3%|▎         | 125/4032 [00:12<05:35, 11.63it/s, Loss=0.011669, Pos=0.011547, Vel=0.00006103]Epoch 2/200 [TRAIN]:   3%|▎         | 125/4032 [00:12<05:35, 11.63it/s, Loss=0.011629, Pos=0.011508, Vel=0.00006078]Epoch 2/200 [TRAIN]:   3%|▎         | 127/4032 [00:12<06:12, 10.47it/s, Loss=0.011629, Pos=0.011508, Vel=0.00006078]Epoch 2/200 [TRAIN]:   3%|▎         | 127/4032 [00:12<06:12, 10.47it/s, Loss=0.011781, Pos=0.011655, Vel=0.00006291]Epoch 2/200 [TRAIN]:   3%|▎         | 127/4032 [00:12<06:12, 10.47it/s, Loss=0.011773, Pos=0.011647, Vel=0.00006272]Epoch 2/200 [TRAIN]:   3%|▎         | 129/4032 [00:12<05:52, 11.09it/s, Loss=0.011773, Pos=0.011647, Vel=0.00006272]Epoch 2/200 [TRAIN]:   3%|▎         | 129/4032 [00:12<05:52, 11.09it/s, Loss=0.011746, Pos=0.011621, Vel=0.00006246]Epoch 2/200 [TRAIN]:   3%|▎         | 129/4032 [00:12<05:52, 11.09it/s, Loss=0.011715, Pos=0.011589, Vel=0.00006269]Epoch 2/200 [TRAIN]:   3%|▎         | 131/4032 [00:12<05:15, 12.37it/s, Loss=0.011715, Pos=0.011589, Vel=0.00006269]Epoch 2/200 [TRAIN]:   3%|▎         | 131/4032 [00:13<05:15, 12.37it/s, Loss=0.011657, Pos=0.011532, Vel=0.00006261]Epoch 2/200 [TRAIN]:   3%|▎         | 131/4032 [00:13<05:15, 12.37it/s, Loss=0.011696, Pos=0.011571, Vel=0.00006247]Epoch 2/200 [TRAIN]:   3%|▎         | 133/4032 [00:13<05:47, 11.21it/s, Loss=0.011696, Pos=0.011571, Vel=0.00006247]Epoch 2/200 [TRAIN]:   3%|▎         | 133/4032 [00:13<05:47, 11.21it/s, Loss=0.011701, Pos=0.011576, Vel=0.00006238]Epoch 2/200 [TRAIN]:   3%|▎         | 133/4032 [00:13<05:47, 11.21it/s, Loss=0.011659, Pos=0.011534, Vel=0.00006223]Epoch 2/200 [TRAIN]:   3%|▎         | 135/4032 [00:13<06:14, 10.40it/s, Loss=0.011659, Pos=0.011534, Vel=0.00006223]Epoch 2/200 [TRAIN]:   3%|▎         | 135/4032 [00:13<06:14, 10.40it/s, Loss=0.011635, Pos=0.011511, Vel=0.00006242]Epoch 2/200 [TRAIN]:   3%|▎         | 135/4032 [00:13<06:14, 10.40it/s, Loss=0.011651, Pos=0.011527, Vel=0.00006236]Epoch 2/200 [TRAIN]:   3%|▎         | 137/4032 [00:13<06:28, 10.02it/s, Loss=0.011651, Pos=0.011527, Vel=0.00006236]Epoch 2/200 [TRAIN]:   3%|▎         | 137/4032 [00:13<06:28, 10.02it/s, Loss=0.011576, Pos=0.011452, Vel=0.00006205]Epoch 2/200 [TRAIN]:   3%|▎         | 137/4032 [00:13<06:28, 10.02it/s, Loss=0.011526, Pos=0.011402, Vel=0.00006197]Epoch 2/200 [TRAIN]:   3%|▎         | 139/4032 [00:13<06:44,  9.62it/s, Loss=0.011526, Pos=0.011402, Vel=0.00006197]Epoch 2/200 [TRAIN]:   3%|▎         | 139/4032 [00:13<06:44,  9.62it/s, Loss=0.011528, Pos=0.011404, Vel=0.00006213]Epoch 2/200 [TRAIN]:   3%|▎         | 139/4032 [00:14<06:44,  9.62it/s, Loss=0.011508, Pos=0.011384, Vel=0.00006218]Epoch 2/200 [TRAIN]:   3%|▎         | 141/4032 [00:14<06:48,  9.53it/s, Loss=0.011508, Pos=0.011384, Vel=0.00006218]Epoch 2/200 [TRAIN]:   3%|▎         | 141/4032 [00:14<06:48,  9.53it/s, Loss=0.011475, Pos=0.011352, Vel=0.00006183]Epoch 2/200 [TRAIN]:   3%|▎         | 141/4032 [00:14<06:48,  9.53it/s, Loss=0.011436, Pos=0.011313, Vel=0.00006160]Epoch 2/200 [TRAIN]:   4%|▎         | 143/4032 [00:14<06:39,  9.74it/s, Loss=0.011436, Pos=0.011313, Vel=0.00006160]Epoch 2/200 [TRAIN]:   4%|▎         | 143/4032 [00:14<06:39,  9.74it/s, Loss=0.011465, Pos=0.011342, Vel=0.00006146]Epoch 2/200 [TRAIN]:   4%|▎         | 143/4032 [00:14<06:39,  9.74it/s, Loss=0.011410, Pos=0.011287, Vel=0.00006122]Epoch 2/200 [TRAIN]:   4%|▎         | 145/4032 [00:14<06:30,  9.96it/s, Loss=0.011410, Pos=0.011287, Vel=0.00006122]Epoch 2/200 [TRAIN]:   4%|▎         | 145/4032 [00:14<06:30,  9.96it/s, Loss=0.011377, Pos=0.011254, Vel=0.00006138]Epoch 2/200 [TRAIN]:   4%|▎         | 145/4032 [00:14<06:30,  9.96it/s, Loss=0.011329, Pos=0.011207, Vel=0.00006118]Epoch 2/200 [TRAIN]:   4%|▎         | 147/4032 [00:14<05:48, 11.13it/s, Loss=0.011329, Pos=0.011207, Vel=0.00006118]Epoch 2/200 [TRAIN]:   4%|▎         | 147/4032 [00:14<05:48, 11.13it/s, Loss=0.011323, Pos=0.011200, Vel=0.00006122]Epoch 2/200 [TRAIN]:   4%|▎         | 147/4032 [00:14<05:48, 11.13it/s, Loss=0.011287, Pos=0.011164, Vel=0.00006131]Epoch 2/200 [TRAIN]:   4%|▎         | 149/4032 [00:14<06:17, 10.29it/s, Loss=0.011287, Pos=0.011164, Vel=0.00006131]Epoch 2/200 [TRAIN]:   4%|▎         | 149/4032 [00:14<06:17, 10.29it/s, Loss=0.011227, Pos=0.011104, Vel=0.00006120]Epoch 2/200 [TRAIN]:   4%|▎         | 149/4032 [00:15<06:17, 10.29it/s, Loss=0.011186, Pos=0.011064, Vel=0.00006111]Epoch 2/200 [TRAIN]:   4%|▎         | 151/4032 [00:15<06:22, 10.15it/s, Loss=0.011186, Pos=0.011064, Vel=0.00006111]Epoch 2/200 [TRAIN]:   4%|▎         | 151/4032 [00:15<06:22, 10.15it/s, Loss=0.011198, Pos=0.011076, Vel=0.00006120]Epoch 2/200 [TRAIN]:   4%|▎         | 151/4032 [00:15<06:22, 10.15it/s, Loss=0.011360, Pos=0.011237, Vel=0.00006129]Epoch 2/200 [TRAIN]:   4%|▍         | 153/4032 [00:15<06:19, 10.22it/s, Loss=0.011360, Pos=0.011237, Vel=0.00006129]Epoch 2/200 [TRAIN]:   4%|▍         | 153/4032 [00:15<06:19, 10.22it/s, Loss=0.011352, Pos=0.011230, Vel=0.00006130]Epoch 2/200 [TRAIN]:   4%|▍         | 153/4032 [00:15<06:19, 10.22it/s, Loss=0.011329, Pos=0.011207, Vel=0.00006125]Epoch 2/200 [TRAIN]:   4%|▍         | 155/4032 [00:15<06:09, 10.50it/s, Loss=0.011329, Pos=0.011207, Vel=0.00006125]Epoch 2/200 [TRAIN]:   4%|▍         | 155/4032 [00:15<06:09, 10.50it/s, Loss=0.011335, Pos=0.011213, Vel=0.00006104]Epoch 2/200 [TRAIN]:   4%|▍         | 155/4032 [00:15<06:09, 10.50it/s, Loss=0.011339, Pos=0.011217, Vel=0.00006097]Epoch 2/200 [TRAIN]:   4%|▍         | 157/4032 [00:15<06:27,  9.99it/s, Loss=0.011339, Pos=0.011217, Vel=0.00006097]Epoch 2/200 [TRAIN]:   4%|▍         | 157/4032 [00:15<06:27,  9.99it/s, Loss=0.011398, Pos=0.011275, Vel=0.00006123]Epoch 2/200 [TRAIN]:   4%|▍         | 157/4032 [00:15<06:27,  9.99it/s, Loss=0.011343, Pos=0.011221, Vel=0.00006098]Epoch 2/200 [TRAIN]:   4%|▍         | 159/4032 [00:15<06:37,  9.75it/s, Loss=0.011343, Pos=0.011221, Vel=0.00006098]Epoch 2/200 [TRAIN]:   4%|▍         | 159/4032 [00:15<06:37,  9.75it/s, Loss=0.011438, Pos=0.011316, Vel=0.00006068]Epoch 2/200 [TRAIN]:   4%|▍         | 160/4032 [00:15<06:47,  9.50it/s, Loss=0.011438, Pos=0.011316, Vel=0.00006068]Epoch 2/200 [TRAIN]:   4%|▍         | 160/4032 [00:16<06:47,  9.50it/s, Loss=0.011467, Pos=0.011345, Vel=0.00006081]Epoch 2/200 [TRAIN]:   4%|▍         | 160/4032 [00:16<06:47,  9.50it/s, Loss=0.011501, Pos=0.011379, Vel=0.00006100]Epoch 2/200 [TRAIN]:   4%|▍         | 162/4032 [00:16<06:51,  9.40it/s, Loss=0.011501, Pos=0.011379, Vel=0.00006100]Epoch 2/200 [TRAIN]:   4%|▍         | 162/4032 [00:16<06:51,  9.40it/s, Loss=0.011461, Pos=0.011339, Vel=0.00006087]Epoch 2/200 [TRAIN]:   4%|▍         | 162/4032 [00:16<06:51,  9.40it/s, Loss=0.011449, Pos=0.011327, Vel=0.00006076]Epoch 2/200 [TRAIN]:   4%|▍         | 164/4032 [00:16<06:53,  9.36it/s, Loss=0.011449, Pos=0.011327, Vel=0.00006076]Epoch 2/200 [TRAIN]:   4%|▍         | 164/4032 [00:16<06:53,  9.36it/s, Loss=0.011427, Pos=0.011305, Vel=0.00006078]Epoch 2/200 [TRAIN]:   4%|▍         | 164/4032 [00:16<06:53,  9.36it/s, Loss=0.011617, Pos=0.011496, Vel=0.00006074]Epoch 2/200 [TRAIN]:   4%|▍         | 166/4032 [00:16<06:13, 10.36it/s, Loss=0.011617, Pos=0.011496, Vel=0.00006074]Epoch 2/200 [TRAIN]:   4%|▍         | 166/4032 [00:16<06:13, 10.36it/s, Loss=0.011607, Pos=0.011485, Vel=0.00006090]Epoch 2/200 [TRAIN]:   4%|▍         | 166/4032 [00:16<06:13, 10.36it/s, Loss=0.011603, Pos=0.011482, Vel=0.00006078]Epoch 2/200 [TRAIN]:   4%|▍         | 168/4032 [00:16<06:36,  9.74it/s, Loss=0.011603, Pos=0.011482, Vel=0.00006078]Epoch 2/200 [TRAIN]:   4%|▍         | 168/4032 [00:16<06:36,  9.74it/s, Loss=0.011557, Pos=0.011435, Vel=0.00006091]Epoch 2/200 [TRAIN]:   4%|▍         | 168/4032 [00:16<06:36,  9.74it/s, Loss=0.011519, Pos=0.011397, Vel=0.00006087]Epoch 2/200 [TRAIN]:   4%|▍         | 170/4032 [00:16<06:37,  9.71it/s, Loss=0.011519, Pos=0.011397, Vel=0.00006087]Epoch 2/200 [TRAIN]:   4%|▍         | 170/4032 [00:17<06:37,  9.71it/s, Loss=0.011527, Pos=0.011405, Vel=0.00006091]Epoch 2/200 [TRAIN]:   4%|▍         | 171/4032 [00:17<06:50,  9.41it/s, Loss=0.011527, Pos=0.011405, Vel=0.00006091]Epoch 2/200 [TRAIN]:   4%|▍         | 171/4032 [00:17<06:50,  9.41it/s, Loss=0.011519, Pos=0.011398, Vel=0.00006078]Epoch 2/200 [TRAIN]:   4%|▍         | 171/4032 [00:17<06:50,  9.41it/s, Loss=0.011499, Pos=0.011378, Vel=0.00006065]Epoch 2/200 [TRAIN]:   4%|▍         | 173/4032 [00:17<06:51,  9.38it/s, Loss=0.011499, Pos=0.011378, Vel=0.00006065]Epoch 2/200 [TRAIN]:   4%|▍         | 173/4032 [00:17<06:51,  9.38it/s, Loss=0.011509, Pos=0.011388, Vel=0.00006053]Epoch 2/200 [TRAIN]:   4%|▍         | 174/4032 [00:17<06:47,  9.46it/s, Loss=0.011509, Pos=0.011388, Vel=0.00006053]Epoch 2/200 [TRAIN]:   4%|▍         | 174/4032 [00:17<06:47,  9.46it/s, Loss=0.011618, Pos=0.011497, Vel=0.00006060]Epoch 2/200 [TRAIN]:   4%|▍         | 175/4032 [00:17<07:01,  9.15it/s, Loss=0.011618, Pos=0.011497, Vel=0.00006060]Epoch 2/200 [TRAIN]:   4%|▍         | 175/4032 [00:17<07:01,  9.15it/s, Loss=0.011581, Pos=0.011460, Vel=0.00006054]Epoch 2/200 [TRAIN]:   4%|▍         | 175/4032 [00:17<07:01,  9.15it/s, Loss=0.011531, Pos=0.011410, Vel=0.00006055]Epoch 2/200 [TRAIN]:   4%|▍         | 177/4032 [00:17<07:01,  9.14it/s, Loss=0.011531, Pos=0.011410, Vel=0.00006055]Epoch 2/200 [TRAIN]:   4%|▍         | 177/4032 [00:17<07:01,  9.14it/s, Loss=0.011543, Pos=0.011422, Vel=0.00006058]Epoch 2/200 [TRAIN]:   4%|▍         | 178/4032 [00:17<06:56,  9.26it/s, Loss=0.011543, Pos=0.011422, Vel=0.00006058]Epoch 2/200 [TRAIN]:   4%|▍         | 178/4032 [00:17<06:56,  9.26it/s, Loss=0.011502, Pos=0.011381, Vel=0.00006040]Epoch 2/200 [TRAIN]:   4%|▍         | 179/4032 [00:17<07:02,  9.12it/s, Loss=0.011502, Pos=0.011381, Vel=0.00006040]Epoch 2/200 [TRAIN]:   4%|▍         | 179/4032 [00:18<07:02,  9.12it/s, Loss=0.011497, Pos=0.011376, Vel=0.00006045]Epoch 2/200 [TRAIN]:   4%|▍         | 179/4032 [00:18<07:02,  9.12it/s, Loss=0.011453, Pos=0.011332, Vel=0.00006026]Epoch 2/200 [TRAIN]:   4%|▍         | 181/4032 [00:18<06:49,  9.40it/s, Loss=0.011453, Pos=0.011332, Vel=0.00006026]Epoch 2/200 [TRAIN]:   4%|▍         | 181/4032 [00:18<06:49,  9.40it/s, Loss=0.011436, Pos=0.011316, Vel=0.00006021]Epoch 2/200 [TRAIN]:   5%|▍         | 182/4032 [00:18<06:44,  9.52it/s, Loss=0.011436, Pos=0.011316, Vel=0.00006021]Epoch 2/200 [TRAIN]:   5%|▍         | 182/4032 [00:18<06:44,  9.52it/s, Loss=0.011399, Pos=0.011279, Vel=0.00005998]Epoch 2/200 [TRAIN]:   5%|▍         | 183/4032 [00:18<06:49,  9.41it/s, Loss=0.011399, Pos=0.011279, Vel=0.00005998]Epoch 2/200 [TRAIN]:   5%|▍         | 183/4032 [00:18<06:49,  9.41it/s, Loss=0.011345, Pos=0.011225, Vel=0.00005975]Epoch 2/200 [TRAIN]:   5%|▍         | 183/4032 [00:18<06:49,  9.41it/s, Loss=0.011347, Pos=0.011228, Vel=0.00005959]Epoch 2/200 [TRAIN]:   5%|▍         | 185/4032 [00:18<06:47,  9.43it/s, Loss=0.011347, Pos=0.011228, Vel=0.00005959]Epoch 2/200 [TRAIN]:   5%|▍         | 185/4032 [00:18<06:47,  9.43it/s, Loss=0.011397, Pos=0.011277, Vel=0.00005964]Epoch 2/200 [TRAIN]:   5%|▍         | 185/4032 [00:18<06:47,  9.43it/s, Loss=0.011637, Pos=0.011517, Vel=0.00005977]Epoch 2/200 [TRAIN]:   5%|▍         | 187/4032 [00:18<05:46, 11.09it/s, Loss=0.011637, Pos=0.011517, Vel=0.00005977]Epoch 2/200 [TRAIN]:   5%|▍         | 187/4032 [00:18<05:46, 11.09it/s, Loss=0.011597, Pos=0.011478, Vel=0.00005986]Epoch 2/200 [TRAIN]:   5%|▍         | 187/4032 [00:18<05:46, 11.09it/s, Loss=0.011748, Pos=0.011628, Vel=0.00005995]Epoch 2/200 [TRAIN]:   5%|▍         | 189/4032 [00:18<05:23, 11.87it/s, Loss=0.011748, Pos=0.011628, Vel=0.00005995]Epoch 2/200 [TRAIN]:   5%|▍         | 189/4032 [00:18<05:23, 11.87it/s, Loss=0.011983, Pos=0.011861, Vel=0.00006129]Epoch 2/200 [TRAIN]:   5%|▍         | 189/4032 [00:19<05:23, 11.87it/s, Loss=0.011934, Pos=0.011812, Vel=0.00006104]Epoch 2/200 [TRAIN]:   5%|▍         | 191/4032 [00:19<05:47, 11.06it/s, Loss=0.011934, Pos=0.011812, Vel=0.00006104]Epoch 2/200 [TRAIN]:   5%|▍         | 191/4032 [00:19<05:47, 11.06it/s, Loss=0.011914, Pos=0.011792, Vel=0.00006082]Epoch 2/200 [TRAIN]:   5%|▍         | 191/4032 [00:19<05:47, 11.06it/s, Loss=0.011959, Pos=0.011838, Vel=0.00006082]Epoch 2/200 [TRAIN]:   5%|▍         | 193/4032 [00:19<06:07, 10.46it/s, Loss=0.011959, Pos=0.011838, Vel=0.00006082]Epoch 2/200 [TRAIN]:   5%|▍         | 193/4032 [00:19<06:07, 10.46it/s, Loss=0.011951, Pos=0.011830, Vel=0.00006084]Epoch 2/200 [TRAIN]:   5%|▍         | 193/4032 [00:19<06:07, 10.46it/s, Loss=0.011922, Pos=0.011800, Vel=0.00006072]Epoch 2/200 [TRAIN]:   5%|▍         | 195/4032 [00:19<06:23, 10.01it/s, Loss=0.011922, Pos=0.011800, Vel=0.00006072]Epoch 2/200 [TRAIN]:   5%|▍         | 195/4032 [00:19<06:23, 10.01it/s, Loss=0.011928, Pos=0.011807, Vel=0.00006081]Epoch 2/200 [TRAIN]:   5%|▍         | 195/4032 [00:19<06:23, 10.01it/s, Loss=0.011880, Pos=0.011759, Vel=0.00006091]Epoch 2/200 [TRAIN]:   5%|▍         | 197/4032 [00:19<06:25,  9.95it/s, Loss=0.011880, Pos=0.011759, Vel=0.00006091]Epoch 2/200 [TRAIN]:   5%|▍         | 197/4032 [00:19<06:25,  9.95it/s, Loss=0.011869, Pos=0.011747, Vel=0.00006105]Epoch 2/200 [TRAIN]:   5%|▍         | 197/4032 [00:20<06:25,  9.95it/s, Loss=0.011823, Pos=0.011701, Vel=0.00006092]Epoch 2/200 [TRAIN]:   5%|▍         | 199/4032 [00:20<07:55,  8.06it/s, Loss=0.011823, Pos=0.011701, Vel=0.00006092]Epoch 2/200 [TRAIN]:   5%|▍         | 199/4032 [00:20<07:55,  8.06it/s, Loss=0.011942, Pos=0.011820, Vel=0.00006093]Epoch 2/200 [TRAIN]:   5%|▍         | 200/4032 [00:20<07:45,  8.24it/s, Loss=0.011942, Pos=0.011820, Vel=0.00006093]Epoch 2/200 [TRAIN]:   5%|▍         | 200/4032 [00:20<07:45,  8.24it/s, Loss=0.011915, Pos=0.011794, Vel=0.00006083]Epoch 2/200 [TRAIN]:   5%|▍         | 201/4032 [00:20<07:30,  8.51it/s, Loss=0.011915, Pos=0.011794, Vel=0.00006083]Epoch 2/200 [TRAIN]:   5%|▍         | 201/4032 [00:20<07:30,  8.51it/s, Loss=0.012002, Pos=0.011880, Vel=0.00006105]Epoch 2/200 [TRAIN]:   5%|▌         | 202/4032 [00:20<07:24,  8.62it/s, Loss=0.012002, Pos=0.011880, Vel=0.00006105]Epoch 2/200 [TRAIN]:   5%|▌         | 202/4032 [00:20<07:24,  8.62it/s, Loss=0.011975, Pos=0.011853, Vel=0.00006090]Epoch 2/200 [TRAIN]:   5%|▌         | 203/4032 [00:20<07:16,  8.76it/s, Loss=0.011975, Pos=0.011853, Vel=0.00006090]Epoch 2/200 [TRAIN]:   5%|▌         | 203/4032 [00:20<07:16,  8.76it/s, Loss=0.011946, Pos=0.011824, Vel=0.00006095]Epoch 2/200 [TRAIN]:   5%|▌         | 204/4032 [00:20<07:09,  8.91it/s, Loss=0.011946, Pos=0.011824, Vel=0.00006095]Epoch 2/200 [TRAIN]:   5%|▌         | 204/4032 [00:20<07:09,  8.91it/s, Loss=0.011918, Pos=0.011796, Vel=0.00006102]Epoch 2/200 [TRAIN]:   5%|▌         | 205/4032 [00:20<07:05,  9.00it/s, Loss=0.011918, Pos=0.011796, Vel=0.00006102]Epoch 2/200 [TRAIN]:   5%|▌         | 205/4032 [00:20<07:05,  9.00it/s, Loss=0.011889, Pos=0.011767, Vel=0.00006092]Epoch 2/200 [TRAIN]:   5%|▌         | 206/4032 [00:20<06:58,  9.14it/s, Loss=0.011889, Pos=0.011767, Vel=0.00006092]Epoch 2/200 [TRAIN]:   5%|▌         | 206/4032 [00:20<06:58,  9.14it/s, Loss=0.011920, Pos=0.011798, Vel=0.00006083]Epoch 2/200 [TRAIN]:   5%|▌         | 207/4032 [00:20<06:58,  9.13it/s, Loss=0.011920, Pos=0.011798, Vel=0.00006083]Epoch 2/200 [TRAIN]:   5%|▌         | 207/4032 [00:21<06:58,  9.13it/s, Loss=0.011899, Pos=0.011778, Vel=0.00006068]Epoch 2/200 [TRAIN]:   5%|▌         | 208/4032 [00:21<06:51,  9.28it/s, Loss=0.011899, Pos=0.011778, Vel=0.00006068]Epoch 2/200 [TRAIN]:   5%|▌         | 208/4032 [00:21<06:51,  9.28it/s, Loss=0.011859, Pos=0.011737, Vel=0.00006069]Epoch 2/200 [TRAIN]:   5%|▌         | 209/4032 [00:21<06:52,  9.28it/s, Loss=0.011859, Pos=0.011737, Vel=0.00006069]Epoch 2/200 [TRAIN]:   5%|▌         | 209/4032 [00:21<06:52,  9.28it/s, Loss=0.011830, Pos=0.011708, Vel=0.00006061]Epoch 2/200 [TRAIN]:   5%|▌         | 209/4032 [00:21<06:52,  9.28it/s, Loss=0.011830, Pos=0.011709, Vel=0.00006067]Epoch 2/200 [TRAIN]:   5%|▌         | 211/4032 [00:21<06:35,  9.66it/s, Loss=0.011830, Pos=0.011709, Vel=0.00006067]Epoch 2/200 [TRAIN]:   5%|▌         | 211/4032 [00:21<06:35,  9.66it/s, Loss=0.011801, Pos=0.011680, Vel=0.00006056]Epoch 2/200 [TRAIN]:   5%|▌         | 212/4032 [00:21<06:39,  9.57it/s, Loss=0.011801, Pos=0.011680, Vel=0.00006056]Epoch 2/200 [TRAIN]:   5%|▌         | 212/4032 [00:21<06:39,  9.57it/s, Loss=0.011772, Pos=0.011651, Vel=0.00006043]Epoch 2/200 [TRAIN]:   5%|▌         | 213/4032 [00:21<06:51,  9.27it/s, Loss=0.011772, Pos=0.011651, Vel=0.00006043]Epoch 2/200 [TRAIN]:   5%|▌         | 213/4032 [00:21<06:51,  9.27it/s, Loss=0.011728, Pos=0.011608, Vel=0.00006035]Epoch 2/200 [TRAIN]:   5%|▌         | 214/4032 [00:21<06:46,  9.39it/s, Loss=0.011728, Pos=0.011608, Vel=0.00006035]Epoch 2/200 [TRAIN]:   5%|▌         | 214/4032 [00:21<06:46,  9.39it/s, Loss=0.011687, Pos=0.011567, Vel=0.00006031]Epoch 2/200 [TRAIN]:   5%|▌         | 215/4032 [00:21<06:48,  9.35it/s, Loss=0.011687, Pos=0.011567, Vel=0.00006031]Epoch 2/200 [TRAIN]:   5%|▌         | 215/4032 [00:21<06:48,  9.35it/s, Loss=0.011703, Pos=0.011582, Vel=0.00006031]Epoch 2/200 [TRAIN]:   5%|▌         | 215/4032 [00:21<06:48,  9.35it/s, Loss=0.011891, Pos=0.011769, Vel=0.00006111]Epoch 2/200 [TRAIN]:   5%|▌         | 217/4032 [00:21<06:12, 10.24it/s, Loss=0.011891, Pos=0.011769, Vel=0.00006111]Epoch 2/200 [TRAIN]:   5%|▌         | 217/4032 [00:22<06:12, 10.24it/s, Loss=0.011859, Pos=0.011737, Vel=0.00006094]Epoch 2/200 [TRAIN]:   5%|▌         | 217/4032 [00:22<06:12, 10.24it/s, Loss=0.011896, Pos=0.011773, Vel=0.00006126]Epoch 2/200 [TRAIN]:   5%|▌         | 219/4032 [00:22<06:06, 10.39it/s, Loss=0.011896, Pos=0.011773, Vel=0.00006126]Epoch 2/200 [TRAIN]:   5%|▌         | 219/4032 [00:22<06:06, 10.39it/s, Loss=0.011856, Pos=0.011734, Vel=0.00006108]Epoch 2/200 [TRAIN]:   5%|▌         | 219/4032 [00:22<06:06, 10.39it/s, Loss=0.011851, Pos=0.011729, Vel=0.00006090]Epoch 2/200 [TRAIN]:   5%|▌         | 221/4032 [00:22<05:29, 11.58it/s, Loss=0.011851, Pos=0.011729, Vel=0.00006090]Epoch 2/200 [TRAIN]:   5%|▌         | 221/4032 [00:22<05:29, 11.58it/s, Loss=0.011831, Pos=0.011709, Vel=0.00006070]Epoch 2/200 [TRAIN]:   5%|▌         | 221/4032 [00:22<05:29, 11.58it/s, Loss=0.011904, Pos=0.011782, Vel=0.00006059]Epoch 2/200 [TRAIN]:   6%|▌         | 223/4032 [00:22<06:01, 10.53it/s, Loss=0.011904, Pos=0.011782, Vel=0.00006059]Epoch 2/200 [TRAIN]:   6%|▌         | 223/4032 [00:22<06:01, 10.53it/s, Loss=0.011875, Pos=0.011754, Vel=0.00006066]Epoch 2/200 [TRAIN]:   6%|▌         | 223/4032 [00:22<06:01, 10.53it/s, Loss=0.011836, Pos=0.011715, Vel=0.00006062]Epoch 2/200 [TRAIN]:   6%|▌         | 225/4032 [00:22<06:11, 10.24it/s, Loss=0.011836, Pos=0.011715, Vel=0.00006062]Epoch 2/200 [TRAIN]:   6%|▌         | 225/4032 [00:22<06:11, 10.24it/s, Loss=0.011802, Pos=0.011681, Vel=0.00006052]Epoch 2/200 [TRAIN]:   6%|▌         | 225/4032 [00:22<06:11, 10.24it/s, Loss=0.012147, Pos=0.012026, Vel=0.00006081]Epoch 2/200 [TRAIN]:   6%|▌         | 227/4032 [00:22<06:33,  9.68it/s, Loss=0.012147, Pos=0.012026, Vel=0.00006081]Epoch 2/200 [TRAIN]:   6%|▌         | 227/4032 [00:23<06:33,  9.68it/s, Loss=0.012174, Pos=0.012052, Vel=0.00006100]Epoch 2/200 [TRAIN]:   6%|▌         | 227/4032 [00:23<06:33,  9.68it/s, Loss=0.012136, Pos=0.012014, Vel=0.00006080]Epoch 2/200 [TRAIN]:   6%|▌         | 229/4032 [00:23<06:29,  9.77it/s, Loss=0.012136, Pos=0.012014, Vel=0.00006080]Epoch 2/200 [TRAIN]:   6%|▌         | 229/4032 [00:23<06:29,  9.77it/s, Loss=0.012149, Pos=0.012028, Vel=0.00006089]Epoch 2/200 [TRAIN]:   6%|▌         | 229/4032 [00:23<06:29,  9.77it/s, Loss=0.012122, Pos=0.012001, Vel=0.00006074]Epoch 2/200 [TRAIN]:   6%|▌         | 231/4032 [00:23<06:21,  9.96it/s, Loss=0.012122, Pos=0.012001, Vel=0.00006074]Epoch 2/200 [TRAIN]:   6%|▌         | 231/4032 [00:23<06:21,  9.96it/s, Loss=0.012116, Pos=0.011995, Vel=0.00006067]Epoch 2/200 [TRAIN]:   6%|▌         | 231/4032 [00:23<06:21,  9.96it/s, Loss=0.012082, Pos=0.011961, Vel=0.00006055]Epoch 2/200 [TRAIN]:   6%|▌         | 233/4032 [00:23<06:35,  9.61it/s, Loss=0.012082, Pos=0.011961, Vel=0.00006055]Epoch 2/200 [TRAIN]:   6%|▌         | 233/4032 [00:23<06:35,  9.61it/s, Loss=0.012086, Pos=0.011964, Vel=0.00006106]Epoch 2/200 [TRAIN]:   6%|▌         | 233/4032 [00:23<06:35,  9.61it/s, Loss=0.012140, Pos=0.012016, Vel=0.00006180]Epoch 2/200 [TRAIN]:   6%|▌         | 235/4032 [00:23<05:49, 10.86it/s, Loss=0.012140, Pos=0.012016, Vel=0.00006180]Epoch 2/200 [TRAIN]:   6%|▌         | 235/4032 [00:23<05:49, 10.86it/s, Loss=0.012174, Pos=0.012050, Vel=0.00006193]Epoch 2/200 [TRAIN]:   6%|▌         | 235/4032 [00:23<05:49, 10.86it/s, Loss=0.012154, Pos=0.012030, Vel=0.00006191]Epoch 2/200 [TRAIN]:   6%|▌         | 237/4032 [00:23<05:20, 11.86it/s, Loss=0.012154, Pos=0.012030, Vel=0.00006191]Epoch 2/200 [TRAIN]:   6%|▌         | 237/4032 [00:23<05:20, 11.86it/s, Loss=0.012128, Pos=0.012005, Vel=0.00006182]Epoch 2/200 [TRAIN]:   6%|▌         | 237/4032 [00:24<05:20, 11.86it/s, Loss=0.012116, Pos=0.011992, Vel=0.00006189]Epoch 2/200 [TRAIN]:   6%|▌         | 239/4032 [00:24<05:43, 11.03it/s, Loss=0.012116, Pos=0.011992, Vel=0.00006189]Epoch 2/200 [TRAIN]:   6%|▌         | 239/4032 [00:24<05:43, 11.03it/s, Loss=0.012075, Pos=0.011952, Vel=0.00006177]Epoch 2/200 [TRAIN]:   6%|▌         | 239/4032 [00:24<05:43, 11.03it/s, Loss=0.012061, Pos=0.011938, Vel=0.00006167]Epoch 2/200 [TRAIN]:   6%|▌         | 241/4032 [00:24<06:07, 10.32it/s, Loss=0.012061, Pos=0.011938, Vel=0.00006167]Epoch 2/200 [TRAIN]:   6%|▌         | 241/4032 [00:24<06:07, 10.32it/s, Loss=0.012055, Pos=0.011932, Vel=0.00006155]Epoch 2/200 [TRAIN]:   6%|▌         | 241/4032 [00:24<06:07, 10.32it/s, Loss=0.012030, Pos=0.011906, Vel=0.00006164]Epoch 2/200 [TRAIN]:   6%|▌         | 243/4032 [00:24<06:18, 10.02it/s, Loss=0.012030, Pos=0.011906, Vel=0.00006164]Epoch 2/200 [TRAIN]:   6%|▌         | 243/4032 [00:24<06:18, 10.02it/s, Loss=0.012017, Pos=0.011893, Vel=0.00006169]Epoch 2/200 [TRAIN]:   6%|▌         | 243/4032 [00:24<06:18, 10.02it/s, Loss=0.012000, Pos=0.011877, Vel=0.00006160]Epoch 2/200 [TRAIN]:   6%|▌         | 245/4032 [00:24<06:15, 10.09it/s, Loss=0.012000, Pos=0.011877, Vel=0.00006160]Epoch 2/200 [TRAIN]:   6%|▌         | 245/4032 [00:24<06:15, 10.09it/s, Loss=0.011958, Pos=0.011835, Vel=0.00006155]Epoch 2/200 [TRAIN]:   6%|▌         | 245/4032 [00:24<06:15, 10.09it/s, Loss=0.011932, Pos=0.011809, Vel=0.00006158]Epoch 2/200 [TRAIN]:   6%|▌         | 247/4032 [00:24<06:29,  9.71it/s, Loss=0.011932, Pos=0.011809, Vel=0.00006158]Epoch 2/200 [TRAIN]:   6%|▌         | 247/4032 [00:24<06:29,  9.71it/s, Loss=0.011919, Pos=0.011796, Vel=0.00006148]Epoch 2/200 [TRAIN]:   6%|▌         | 247/4032 [00:25<06:29,  9.71it/s, Loss=0.011888, Pos=0.011765, Vel=0.00006132]Epoch 2/200 [TRAIN]:   6%|▌         | 249/4032 [00:25<06:26,  9.78it/s, Loss=0.011888, Pos=0.011765, Vel=0.00006132]Epoch 2/200 [TRAIN]:   6%|▌         | 249/4032 [00:25<06:26,  9.78it/s, Loss=0.011879, Pos=0.011757, Vel=0.00006116]Epoch 2/200 [TRAIN]:   6%|▌         | 250/4032 [00:25<06:40,  9.45it/s, Loss=0.011879, Pos=0.011757, Vel=0.00006116]Epoch 2/200 [TRAIN]:   6%|▌         | 250/4032 [00:25<06:40,  9.45it/s, Loss=0.011884, Pos=0.011762, Vel=0.00006107]Epoch 2/200 [TRAIN]:   6%|▌         | 251/4032 [00:25<06:37,  9.52it/s, Loss=0.011884, Pos=0.011762, Vel=0.00006107]Epoch 2/200 [TRAIN]:   6%|▌         | 251/4032 [00:25<06:37,  9.52it/s, Loss=0.011857, Pos=0.011735, Vel=0.00006142]Epoch 2/200 [TRAIN]:   6%|▋         | 252/4032 [00:25<06:49,  9.24it/s, Loss=0.011857, Pos=0.011735, Vel=0.00006142]Epoch 2/200 [TRAIN]:   6%|▋         | 252/4032 [00:25<06:49,  9.24it/s, Loss=0.011833, Pos=0.011710, Vel=0.00006130]Epoch 2/200 [TRAIN]:   6%|▋         | 252/4032 [00:25<06:49,  9.24it/s, Loss=0.011855, Pos=0.011732, Vel=0.00006132]Epoch 2/200 [TRAIN]:   6%|▋         | 254/4032 [00:25<06:45,  9.32it/s, Loss=0.011855, Pos=0.011732, Vel=0.00006132]Epoch 2/200 [TRAIN]:   6%|▋         | 254/4032 [00:25<06:45,  9.32it/s, Loss=0.011825, Pos=0.011702, Vel=0.00006133]Epoch 2/200 [TRAIN]:   6%|▋         | 255/4032 [00:25<06:46,  9.29it/s, Loss=0.011825, Pos=0.011702, Vel=0.00006133]Epoch 2/200 [TRAIN]:   6%|▋         | 255/4032 [00:25<06:46,  9.29it/s, Loss=0.011954, Pos=0.011830, Vel=0.00006188]Epoch 2/200 [TRAIN]:   6%|▋         | 255/4032 [00:25<06:46,  9.29it/s, Loss=0.011961, Pos=0.011837, Vel=0.00006242]Epoch 2/200 [TRAIN]:   6%|▋         | 257/4032 [00:25<06:29,  9.68it/s, Loss=0.011961, Pos=0.011837, Vel=0.00006242]Epoch 2/200 [TRAIN]:   6%|▋         | 257/4032 [00:26<06:29,  9.68it/s, Loss=0.011923, Pos=0.011798, Vel=0.00006248]Epoch 2/200 [TRAIN]:   6%|▋         | 257/4032 [00:26<06:29,  9.68it/s, Loss=0.011927, Pos=0.011802, Vel=0.00006239]Epoch 2/200 [TRAIN]:   6%|▋         | 259/4032 [00:26<06:28,  9.72it/s, Loss=0.011927, Pos=0.011802, Vel=0.00006239]Epoch 2/200 [TRAIN]:   6%|▋         | 259/4032 [00:26<06:28,  9.72it/s, Loss=0.011900, Pos=0.011776, Vel=0.00006227]Epoch 2/200 [TRAIN]:   6%|▋         | 260/4032 [00:26<06:32,  9.62it/s, Loss=0.011900, Pos=0.011776, Vel=0.00006227]Epoch 2/200 [TRAIN]:   6%|▋         | 260/4032 [00:26<06:32,  9.62it/s, Loss=0.011882, Pos=0.011757, Vel=0.00006211]Epoch 2/200 [TRAIN]:   6%|▋         | 261/4032 [00:26<06:35,  9.52it/s, Loss=0.011882, Pos=0.011757, Vel=0.00006211]Epoch 2/200 [TRAIN]:   6%|▋         | 261/4032 [00:26<06:35,  9.52it/s, Loss=0.011849, Pos=0.011725, Vel=0.00006194]Epoch 2/200 [TRAIN]:   6%|▋         | 262/4032 [00:26<06:34,  9.55it/s, Loss=0.011849, Pos=0.011725, Vel=0.00006194]Epoch 2/200 [TRAIN]:   6%|▋         | 262/4032 [00:26<06:34,  9.55it/s, Loss=0.011904, Pos=0.011780, Vel=0.00006245]Epoch 2/200 [TRAIN]:   7%|▋         | 263/4032 [00:26<06:48,  9.23it/s, Loss=0.011904, Pos=0.011780, Vel=0.00006245]Epoch 2/200 [TRAIN]:   7%|▋         | 263/4032 [00:26<06:48,  9.23it/s, Loss=0.011911, Pos=0.011786, Vel=0.00006274]Epoch 2/200 [TRAIN]:   7%|▋         | 263/4032 [00:26<06:48,  9.23it/s, Loss=0.011925, Pos=0.011800, Vel=0.00006273]Epoch 2/200 [TRAIN]:   7%|▋         | 265/4032 [00:26<06:28,  9.71it/s, Loss=0.011925, Pos=0.011800, Vel=0.00006273]Epoch 2/200 [TRAIN]:   7%|▋         | 265/4032 [00:26<06:28,  9.71it/s, Loss=0.012088, Pos=0.011962, Vel=0.00006307]Epoch 2/200 [TRAIN]:   7%|▋         | 265/4032 [00:26<06:28,  9.71it/s, Loss=0.012070, Pos=0.011944, Vel=0.00006297]Epoch 2/200 [TRAIN]:   7%|▋         | 267/4032 [00:26<05:48, 10.79it/s, Loss=0.012070, Pos=0.011944, Vel=0.00006297]Epoch 2/200 [TRAIN]:   7%|▋         | 267/4032 [00:27<05:48, 10.79it/s, Loss=0.012045, Pos=0.011920, Vel=0.00006283]Epoch 2/200 [TRAIN]:   7%|▋         | 267/4032 [00:27<05:48, 10.79it/s, Loss=0.012054, Pos=0.011929, Vel=0.00006275]Epoch 2/200 [TRAIN]:   7%|▋         | 269/4032 [00:27<06:03, 10.34it/s, Loss=0.012054, Pos=0.011929, Vel=0.00006275]Epoch 2/200 [TRAIN]:   7%|▋         | 269/4032 [00:27<06:03, 10.34it/s, Loss=0.012046, Pos=0.011920, Vel=0.00006299]Epoch 2/200 [TRAIN]:   7%|▋         | 269/4032 [00:27<06:03, 10.34it/s, Loss=0.012007, Pos=0.011882, Vel=0.00006283]Epoch 2/200 [TRAIN]:   7%|▋         | 271/4032 [00:27<06:15, 10.03it/s, Loss=0.012007, Pos=0.011882, Vel=0.00006283]Epoch 2/200 [TRAIN]:   7%|▋         | 271/4032 [00:27<06:15, 10.03it/s, Loss=0.012004, Pos=0.011879, Vel=0.00006284]Epoch 2/200 [TRAIN]:   7%|▋         | 271/4032 [00:27<06:15, 10.03it/s, Loss=0.012002, Pos=0.011877, Vel=0.00006275]Epoch 2/200 [TRAIN]:   7%|▋         | 273/4032 [00:27<06:30,  9.63it/s, Loss=0.012002, Pos=0.011877, Vel=0.00006275]Epoch 2/200 [TRAIN]:   7%|▋         | 273/4032 [00:27<06:30,  9.63it/s, Loss=0.011976, Pos=0.011851, Vel=0.00006276]Epoch 2/200 [TRAIN]:   7%|▋         | 273/4032 [00:27<06:30,  9.63it/s, Loss=0.011959, Pos=0.011833, Vel=0.00006291]Epoch 2/200 [TRAIN]:   7%|▋         | 275/4032 [00:27<06:20,  9.86it/s, Loss=0.011959, Pos=0.011833, Vel=0.00006291]Epoch 2/200 [TRAIN]:   7%|▋         | 275/4032 [00:27<06:20,  9.86it/s, Loss=0.012314, Pos=0.012187, Vel=0.00006339]Epoch 2/200 [TRAIN]:   7%|▋         | 275/4032 [00:27<06:20,  9.86it/s, Loss=0.012291, Pos=0.012165, Vel=0.00006331]Epoch 2/200 [TRAIN]:   7%|▋         | 277/4032 [00:27<06:19,  9.90it/s, Loss=0.012291, Pos=0.012165, Vel=0.00006331]Epoch 2/200 [TRAIN]:   7%|▋         | 277/4032 [00:28<06:19,  9.90it/s, Loss=0.012258, Pos=0.012131, Vel=0.00006321]Epoch 2/200 [TRAIN]:   7%|▋         | 277/4032 [00:28<06:19,  9.90it/s, Loss=0.012251, Pos=0.012125, Vel=0.00006316]Epoch 2/200 [TRAIN]:   7%|▋         | 279/4032 [00:28<06:24,  9.77it/s, Loss=0.012251, Pos=0.012125, Vel=0.00006316]Epoch 2/200 [TRAIN]:   7%|▋         | 279/4032 [00:28<06:24,  9.77it/s, Loss=0.012238, Pos=0.012112, Vel=0.00006326]Epoch 2/200 [TRAIN]:   7%|▋         | 280/4032 [00:28<06:34,  9.51it/s, Loss=0.012238, Pos=0.012112, Vel=0.00006326]Epoch 2/200 [TRAIN]:   7%|▋         | 280/4032 [00:28<06:34,  9.51it/s, Loss=0.012208, Pos=0.012082, Vel=0.00006327]Epoch 2/200 [TRAIN]:   7%|▋         | 280/4032 [00:28<06:34,  9.51it/s, Loss=0.012193, Pos=0.012067, Vel=0.00006314]Epoch 2/200 [TRAIN]:   7%|▋         | 282/4032 [00:28<06:33,  9.52it/s, Loss=0.012193, Pos=0.012067, Vel=0.00006314]Epoch 2/200 [TRAIN]:   7%|▋         | 282/4032 [00:28<06:33,  9.52it/s, Loss=0.012195, Pos=0.012069, Vel=0.00006304]Epoch 2/200 [TRAIN]:   7%|▋         | 283/4032 [00:28<06:41,  9.34it/s, Loss=0.012195, Pos=0.012069, Vel=0.00006304]Epoch 2/200 [TRAIN]:   7%|▋         | 283/4032 [00:28<06:41,  9.34it/s, Loss=0.012241, Pos=0.012115, Vel=0.00006311]Epoch 2/200 [TRAIN]:   7%|▋         | 283/4032 [00:28<06:41,  9.34it/s, Loss=0.012219, Pos=0.012093, Vel=0.00006315]Epoch 2/200 [TRAIN]:   7%|▋         | 285/4032 [00:28<06:28,  9.64it/s, Loss=0.012219, Pos=0.012093, Vel=0.00006315]Epoch 2/200 [TRAIN]:   7%|▋         | 285/4032 [00:28<06:28,  9.64it/s, Loss=0.012189, Pos=0.012062, Vel=0.00006311]Epoch 2/200 [TRAIN]:   7%|▋         | 286/4032 [00:28<06:33,  9.51it/s, Loss=0.012189, Pos=0.012062, Vel=0.00006311]Epoch 2/200 [TRAIN]:   7%|▋         | 286/4032 [00:29<06:33,  9.51it/s, Loss=0.012179, Pos=0.012053, Vel=0.00006314]Epoch 2/200 [TRAIN]:   7%|▋         | 287/4032 [00:29<06:32,  9.54it/s, Loss=0.012179, Pos=0.012053, Vel=0.00006314]Epoch 2/200 [TRAIN]:   7%|▋         | 287/4032 [00:29<06:32,  9.54it/s, Loss=0.012153, Pos=0.012027, Vel=0.00006302]Epoch 2/200 [TRAIN]:   7%|▋         | 288/4032 [00:29<06:33,  9.52it/s, Loss=0.012153, Pos=0.012027, Vel=0.00006302]Epoch 2/200 [TRAIN]:   7%|▋         | 288/4032 [00:29<06:33,  9.52it/s, Loss=0.012164, Pos=0.012037, Vel=0.00006315]Epoch 2/200 [TRAIN]:   7%|▋         | 288/4032 [00:29<06:33,  9.52it/s, Loss=0.012195, Pos=0.012069, Vel=0.00006306]Epoch 2/200 [TRAIN]:   7%|▋         | 290/4032 [00:29<05:56, 10.49it/s, Loss=0.012195, Pos=0.012069, Vel=0.00006306]Epoch 2/200 [TRAIN]:   7%|▋         | 290/4032 [00:29<05:56, 10.49it/s, Loss=0.012183, Pos=0.012057, Vel=0.00006301]Epoch 2/200 [TRAIN]:   7%|▋         | 290/4032 [00:29<05:56, 10.49it/s, Loss=0.012180, Pos=0.012055, Vel=0.00006291]Epoch 2/200 [TRAIN]:   7%|▋         | 292/4032 [00:29<06:11, 10.06it/s, Loss=0.012180, Pos=0.012055, Vel=0.00006291]Epoch 2/200 [TRAIN]:   7%|▋         | 292/4032 [00:29<06:11, 10.06it/s, Loss=0.012199, Pos=0.012073, Vel=0.00006291]Epoch 2/200 [TRAIN]:   7%|▋         | 292/4032 [00:29<06:11, 10.06it/s, Loss=0.012199, Pos=0.012074, Vel=0.00006281]Epoch 2/200 [TRAIN]:   7%|▋         | 294/4032 [00:29<06:23,  9.75it/s, Loss=0.012199, Pos=0.012074, Vel=0.00006281]Epoch 2/200 [TRAIN]:   7%|▋         | 294/4032 [00:29<06:23,  9.75it/s, Loss=0.012220, Pos=0.012095, Vel=0.00006284]Epoch 2/200 [TRAIN]:   7%|▋         | 295/4032 [00:29<06:22,  9.76it/s, Loss=0.012220, Pos=0.012095, Vel=0.00006284]Epoch 2/200 [TRAIN]:   7%|▋         | 295/4032 [00:29<06:22,  9.76it/s, Loss=0.012217, Pos=0.012092, Vel=0.00006293]Epoch 2/200 [TRAIN]:   7%|▋         | 296/4032 [00:29<06:34,  9.46it/s, Loss=0.012217, Pos=0.012092, Vel=0.00006293]Epoch 2/200 [TRAIN]:   7%|▋         | 296/4032 [00:30<06:34,  9.46it/s, Loss=0.012186, Pos=0.012060, Vel=0.00006287]Epoch 2/200 [TRAIN]:   7%|▋         | 296/4032 [00:30<06:34,  9.46it/s, Loss=0.012173, Pos=0.012048, Vel=0.00006277]Epoch 2/200 [TRAIN]:   7%|▋         | 298/4032 [00:30<06:22,  9.76it/s, Loss=0.012173, Pos=0.012048, Vel=0.00006277]Epoch 2/200 [TRAIN]:   7%|▋         | 298/4032 [00:30<06:22,  9.76it/s, Loss=0.012150, Pos=0.012024, Vel=0.00006276]Epoch 2/200 [TRAIN]:   7%|▋         | 298/4032 [00:30<06:22,  9.76it/s, Loss=0.012113, Pos=0.011988, Vel=0.00006262]Epoch 2/200 [TRAIN]:   7%|▋         | 300/4032 [00:30<06:02, 10.30it/s, Loss=0.012113, Pos=0.011988, Vel=0.00006262]Epoch 2/200 [TRAIN]:   7%|▋         | 300/4032 [00:30<06:02, 10.30it/s, Loss=0.012087, Pos=0.011962, Vel=0.00006250]Epoch 2/200 [TRAIN]:   7%|▋         | 300/4032 [00:30<06:02, 10.30it/s, Loss=0.012054, Pos=0.011930, Vel=0.00006238]Epoch 2/200 [TRAIN]:   7%|▋         | 302/4032 [00:30<05:32, 11.22it/s, Loss=0.012054, Pos=0.011930, Vel=0.00006238]Epoch 2/200 [TRAIN]:   7%|▋         | 302/4032 [00:30<05:32, 11.22it/s, Loss=0.012115, Pos=0.011990, Vel=0.00006244]Epoch 2/200 [TRAIN]:   7%|▋         | 302/4032 [00:30<05:32, 11.22it/s, Loss=0.012188, Pos=0.012061, Vel=0.00006330]Epoch 2/200 [TRAIN]:   8%|▊         | 304/4032 [00:30<05:33, 11.17it/s, Loss=0.012188, Pos=0.012061, Vel=0.00006330]Epoch 2/200 [TRAIN]:   8%|▊         | 304/4032 [00:30<05:33, 11.17it/s, Loss=0.012171, Pos=0.012044, Vel=0.00006337]Epoch 2/200 [TRAIN]:   8%|▊         | 304/4032 [00:30<05:33, 11.17it/s, Loss=0.012156, Pos=0.012029, Vel=0.00006324]Epoch 2/200 [TRAIN]:   8%|▊         | 306/4032 [00:30<05:52, 10.57it/s, Loss=0.012156, Pos=0.012029, Vel=0.00006324]Epoch 2/200 [TRAIN]:   8%|▊         | 306/4032 [00:30<05:52, 10.57it/s, Loss=0.012173, Pos=0.012046, Vel=0.00006327]Epoch 2/200 [TRAIN]:   8%|▊         | 306/4032 [00:30<05:52, 10.57it/s, Loss=0.012184, Pos=0.012058, Vel=0.00006315]Epoch 2/200 [TRAIN]:   8%|▊         | 308/4032 [00:30<05:13, 11.89it/s, Loss=0.012184, Pos=0.012058, Vel=0.00006315]Epoch 2/200 [TRAIN]:   8%|▊         | 308/4032 [00:31<05:13, 11.89it/s, Loss=0.012216, Pos=0.012090, Vel=0.00006312]Epoch 2/200 [TRAIN]:   8%|▊         | 308/4032 [00:31<05:13, 11.89it/s, Loss=0.012202, Pos=0.012076, Vel=0.00006308]Epoch 2/200 [TRAIN]:   8%|▊         | 310/4032 [00:31<05:04, 12.21it/s, Loss=0.012202, Pos=0.012076, Vel=0.00006308]Epoch 2/200 [TRAIN]:   8%|▊         | 310/4032 [00:31<05:04, 12.21it/s, Loss=0.012186, Pos=0.012060, Vel=0.00006300]Epoch 2/200 [TRAIN]:   8%|▊         | 310/4032 [00:31<05:04, 12.21it/s, Loss=0.012166, Pos=0.012039, Vel=0.00006306]Epoch 2/200 [TRAIN]:   8%|▊         | 312/4032 [00:31<05:33, 11.14it/s, Loss=0.012166, Pos=0.012039, Vel=0.00006306]Epoch 2/200 [TRAIN]:   8%|▊         | 312/4032 [00:31<05:33, 11.14it/s, Loss=0.012148, Pos=0.012022, Vel=0.00006306]Epoch 2/200 [TRAIN]:   8%|▊         | 312/4032 [00:31<05:33, 11.14it/s, Loss=0.012126, Pos=0.012000, Vel=0.00006298]Epoch 2/200 [TRAIN]:   8%|▊         | 314/4032 [00:31<05:59, 10.33it/s, Loss=0.012126, Pos=0.012000, Vel=0.00006298]Epoch 2/200 [TRAIN]:   8%|▊         | 314/4032 [00:31<05:59, 10.33it/s, Loss=0.012111, Pos=0.011985, Vel=0.00006298]Epoch 2/200 [TRAIN]:   8%|▊         | 314/4032 [00:31<05:59, 10.33it/s, Loss=0.012115, Pos=0.011989, Vel=0.00006306]Epoch 2/200 [TRAIN]:   8%|▊         | 316/4032 [00:31<06:13,  9.94it/s, Loss=0.012115, Pos=0.011989, Vel=0.00006306]Epoch 2/200 [TRAIN]:   8%|▊         | 316/4032 [00:31<06:13,  9.94it/s, Loss=0.012093, Pos=0.011967, Vel=0.00006305]Epoch 2/200 [TRAIN]:   8%|▊         | 316/4032 [00:32<06:13,  9.94it/s, Loss=0.012064, Pos=0.011938, Vel=0.00006298]Epoch 2/200 [TRAIN]:   8%|▊         | 318/4032 [00:32<06:21,  9.72it/s, Loss=0.012064, Pos=0.011938, Vel=0.00006298]Epoch 2/200 [TRAIN]:   8%|▊         | 318/4032 [00:32<06:21,  9.72it/s, Loss=0.012030, Pos=0.011905, Vel=0.00006285]Epoch 2/200 [TRAIN]:   8%|▊         | 318/4032 [00:32<06:21,  9.72it/s, Loss=0.012019, Pos=0.011893, Vel=0.00006298]Epoch 2/200 [TRAIN]:   8%|▊         | 320/4032 [00:32<06:07, 10.09it/s, Loss=0.012019, Pos=0.011893, Vel=0.00006298]Epoch 2/200 [TRAIN]:   8%|▊         | 320/4032 [00:32<06:07, 10.09it/s, Loss=0.012032, Pos=0.011906, Vel=0.00006288]Epoch 2/200 [TRAIN]:   8%|▊         | 320/4032 [00:32<06:07, 10.09it/s, Loss=0.011998, Pos=0.011872, Vel=0.00006282]Epoch 2/200 [TRAIN]:   8%|▊         | 322/4032 [00:32<06:24,  9.66it/s, Loss=0.011998, Pos=0.011872, Vel=0.00006282]Epoch 2/200 [TRAIN]:   8%|▊         | 322/4032 [00:32<06:24,  9.66it/s, Loss=0.012081, Pos=0.011955, Vel=0.00006297]Epoch 2/200 [TRAIN]:   8%|▊         | 323/4032 [00:32<06:22,  9.70it/s, Loss=0.012081, Pos=0.011955, Vel=0.00006297]Epoch 2/200 [TRAIN]:   8%|▊         | 323/4032 [00:32<06:22,  9.70it/s, Loss=0.012168, Pos=0.012041, Vel=0.00006341]Epoch 2/200 [TRAIN]:   8%|▊         | 324/4032 [00:32<06:27,  9.57it/s, Loss=0.012168, Pos=0.012041, Vel=0.00006341]Epoch 2/200 [TRAIN]:   8%|▊         | 324/4032 [00:32<06:27,  9.57it/s, Loss=0.012146, Pos=0.012019, Vel=0.00006330]Epoch 2/200 [TRAIN]:   8%|▊         | 325/4032 [00:32<06:25,  9.62it/s, Loss=0.012146, Pos=0.012019, Vel=0.00006330]Epoch 2/200 [TRAIN]:   8%|▊         | 325/4032 [00:32<06:25,  9.62it/s, Loss=0.012135, Pos=0.012008, Vel=0.00006324]Epoch 2/200 [TRAIN]:   8%|▊         | 325/4032 [00:32<06:25,  9.62it/s, Loss=0.012126, Pos=0.012000, Vel=0.00006316]Epoch 2/200 [TRAIN]:   8%|▊         | 327/4032 [00:32<06:19,  9.75it/s, Loss=0.012126, Pos=0.012000, Vel=0.00006316]Epoch 2/200 [TRAIN]:   8%|▊         | 327/4032 [00:33<06:19,  9.75it/s, Loss=0.012110, Pos=0.011983, Vel=0.00006337]Epoch 2/200 [TRAIN]:   8%|▊         | 328/4032 [00:33<06:23,  9.66it/s, Loss=0.012110, Pos=0.011983, Vel=0.00006337]Epoch 2/200 [TRAIN]:   8%|▊         | 328/4032 [00:33<06:23,  9.66it/s, Loss=0.012128, Pos=0.012001, Vel=0.00006340]Epoch 2/200 [TRAIN]:   8%|▊         | 329/4032 [00:33<06:32,  9.44it/s, Loss=0.012128, Pos=0.012001, Vel=0.00006340]Epoch 2/200 [TRAIN]:   8%|▊         | 329/4032 [00:33<06:32,  9.44it/s, Loss=0.012097, Pos=0.011970, Vel=0.00006334]Epoch 2/200 [TRAIN]:   8%|▊         | 329/4032 [00:33<06:32,  9.44it/s, Loss=0.012101, Pos=0.011974, Vel=0.00006327]Epoch 2/200 [TRAIN]:   8%|▊         | 331/4032 [00:33<05:35, 11.02it/s, Loss=0.012101, Pos=0.011974, Vel=0.00006327]Epoch 2/200 [TRAIN]:   8%|▊         | 331/4032 [00:33<05:35, 11.02it/s, Loss=0.012107, Pos=0.011980, Vel=0.00006322]Epoch 2/200 [TRAIN]:   8%|▊         | 331/4032 [00:33<05:35, 11.02it/s, Loss=0.012098, Pos=0.011972, Vel=0.00006325]Epoch 2/200 [TRAIN]:   8%|▊         | 333/4032 [00:33<05:53, 10.47it/s, Loss=0.012098, Pos=0.011972, Vel=0.00006325]Epoch 2/200 [TRAIN]:   8%|▊         | 333/4032 [00:33<05:53, 10.47it/s, Loss=0.012098, Pos=0.011971, Vel=0.00006324]Epoch 2/200 [TRAIN]:   8%|▊         | 333/4032 [00:33<05:53, 10.47it/s, Loss=0.012141, Pos=0.012014, Vel=0.00006334]Epoch 2/200 [TRAIN]:   8%|▊         | 335/4032 [00:33<05:49, 10.58it/s, Loss=0.012141, Pos=0.012014, Vel=0.00006334]Epoch 2/200 [TRAIN]:   8%|▊         | 335/4032 [00:33<05:49, 10.58it/s, Loss=0.012126, Pos=0.011999, Vel=0.00006331]Epoch 2/200 [TRAIN]:   8%|▊         | 335/4032 [00:33<05:49, 10.58it/s, Loss=0.012113, Pos=0.011986, Vel=0.00006332]Epoch 2/200 [TRAIN]:   8%|▊         | 337/4032 [00:33<05:48, 10.60it/s, Loss=0.012113, Pos=0.011986, Vel=0.00006332]Epoch 2/200 [TRAIN]:   8%|▊         | 337/4032 [00:33<05:48, 10.60it/s, Loss=0.012095, Pos=0.011969, Vel=0.00006326]Epoch 2/200 [TRAIN]:   8%|▊         | 337/4032 [00:34<05:48, 10.60it/s, Loss=0.012085, Pos=0.011959, Vel=0.00006331]Epoch 2/200 [TRAIN]:   8%|▊         | 339/4032 [00:34<05:58, 10.29it/s, Loss=0.012085, Pos=0.011959, Vel=0.00006331]Epoch 2/200 [TRAIN]:   8%|▊         | 339/4032 [00:34<05:58, 10.29it/s, Loss=0.012097, Pos=0.011971, Vel=0.00006317]Epoch 2/200 [TRAIN]:   8%|▊         | 339/4032 [00:34<05:58, 10.29it/s, Loss=0.012068, Pos=0.011942, Vel=0.00006310]Epoch 2/200 [TRAIN]:   8%|▊         | 341/4032 [00:34<05:25, 11.35it/s, Loss=0.012068, Pos=0.011942, Vel=0.00006310]Epoch 2/200 [TRAIN]:   8%|▊         | 341/4032 [00:34<05:25, 11.35it/s, Loss=0.012097, Pos=0.011970, Vel=0.00006313]Epoch 2/200 [TRAIN]:   8%|▊         | 341/4032 [00:34<05:25, 11.35it/s, Loss=0.012069, Pos=0.011943, Vel=0.00006304]Epoch 2/200 [TRAIN]:   9%|▊         | 343/4032 [00:34<05:45, 10.69it/s, Loss=0.012069, Pos=0.011943, Vel=0.00006304]Epoch 2/200 [TRAIN]:   9%|▊         | 343/4032 [00:34<05:45, 10.69it/s, Loss=0.012039, Pos=0.011913, Vel=0.00006295]Epoch 2/200 [TRAIN]:   9%|▊         | 343/4032 [00:34<05:45, 10.69it/s, Loss=0.012024, Pos=0.011898, Vel=0.00006294]Epoch 2/200 [TRAIN]:   9%|▊         | 345/4032 [00:34<05:32, 11.09it/s, Loss=0.012024, Pos=0.011898, Vel=0.00006294]Epoch 2/200 [TRAIN]:   9%|▊         | 345/4032 [00:34<05:32, 11.09it/s, Loss=0.012002, Pos=0.011877, Vel=0.00006284]Epoch 2/200 [TRAIN]:   9%|▊         | 345/4032 [00:34<05:32, 11.09it/s, Loss=0.011978, Pos=0.011853, Vel=0.00006275]Epoch 2/200 [TRAIN]:   9%|▊         | 347/4032 [00:34<05:37, 10.93it/s, Loss=0.011978, Pos=0.011853, Vel=0.00006275]Epoch 2/200 [TRAIN]:   9%|▊         | 347/4032 [00:34<05:37, 10.93it/s, Loss=0.011985, Pos=0.011860, Vel=0.00006275]Epoch 2/200 [TRAIN]:   9%|▊         | 347/4032 [00:34<05:37, 10.93it/s, Loss=0.012071, Pos=0.011945, Vel=0.00006278]Epoch 2/200 [TRAIN]:   9%|▊         | 349/4032 [00:34<05:53, 10.43it/s, Loss=0.012071, Pos=0.011945, Vel=0.00006278]Epoch 2/200 [TRAIN]:   9%|▊         | 349/4032 [00:35<05:53, 10.43it/s, Loss=0.012055, Pos=0.011929, Vel=0.00006276]Epoch 2/200 [TRAIN]:   9%|▊         | 349/4032 [00:35<05:53, 10.43it/s, Loss=0.012061, Pos=0.011935, Vel=0.00006270]Epoch 2/200 [TRAIN]:   9%|▊         | 351/4032 [00:35<05:24, 11.35it/s, Loss=0.012061, Pos=0.011935, Vel=0.00006270]Epoch 2/200 [TRAIN]:   9%|▊         | 351/4032 [00:35<05:24, 11.35it/s, Loss=0.012058, Pos=0.011933, Vel=0.00006261]Epoch 2/200 [TRAIN]:   9%|▊         | 351/4032 [00:35<05:24, 11.35it/s, Loss=0.012063, Pos=0.011937, Vel=0.00006279]Epoch 2/200 [TRAIN]:   9%|▉         | 353/4032 [00:35<05:45, 10.65it/s, Loss=0.012063, Pos=0.011937, Vel=0.00006279]Epoch 2/200 [TRAIN]:   9%|▉         | 353/4032 [00:35<05:45, 10.65it/s, Loss=0.012040, Pos=0.011915, Vel=0.00006264]Epoch 2/200 [TRAIN]:   9%|▉         | 353/4032 [00:35<05:45, 10.65it/s, Loss=0.012013, Pos=0.011888, Vel=0.00006253]Epoch 2/200 [TRAIN]:   9%|▉         | 355/4032 [00:35<06:00, 10.20it/s, Loss=0.012013, Pos=0.011888, Vel=0.00006253]Epoch 2/200 [TRAIN]:   9%|▉         | 355/4032 [00:35<06:00, 10.20it/s, Loss=0.012006, Pos=0.011881, Vel=0.00006254]Epoch 2/200 [TRAIN]:   9%|▉         | 355/4032 [00:35<06:00, 10.20it/s, Loss=0.012035, Pos=0.011910, Vel=0.00006251]Epoch 2/200 [TRAIN]:   9%|▉         | 357/4032 [00:35<05:35, 10.95it/s, Loss=0.012035, Pos=0.011910, Vel=0.00006251]Epoch 2/200 [TRAIN]:   9%|▉         | 357/4032 [00:35<05:35, 10.95it/s, Loss=0.012009, Pos=0.011884, Vel=0.00006250]Epoch 2/200 [TRAIN]:   9%|▉         | 357/4032 [00:35<05:35, 10.95it/s, Loss=0.011994, Pos=0.011869, Vel=0.00006244]Epoch 2/200 [TRAIN]:   9%|▉         | 359/4032 [00:35<05:19, 11.51it/s, Loss=0.011994, Pos=0.011869, Vel=0.00006244]Epoch 2/200 [TRAIN]:   9%|▉         | 359/4032 [00:35<05:19, 11.51it/s, Loss=0.011988, Pos=0.011864, Vel=0.00006237]Epoch 2/200 [TRAIN]:   9%|▉         | 359/4032 [00:36<05:19, 11.51it/s, Loss=0.011976, Pos=0.011851, Vel=0.00006226]Epoch 2/200 [TRAIN]:   9%|▉         | 361/4032 [00:36<05:23, 11.34it/s, Loss=0.011976, Pos=0.011851, Vel=0.00006226]Epoch 2/200 [TRAIN]:   9%|▉         | 361/4032 [00:36<05:23, 11.34it/s, Loss=0.011976, Pos=0.011851, Vel=0.00006226]Epoch 2/200 [TRAIN]:   9%|▉         | 361/4032 [00:36<05:23, 11.34it/s, Loss=0.011988, Pos=0.011864, Vel=0.00006225]Epoch 2/200 [TRAIN]:   9%|▉         | 363/4032 [00:36<05:41, 10.75it/s, Loss=0.011988, Pos=0.011864, Vel=0.00006225]Epoch 2/200 [TRAIN]:   9%|▉         | 363/4032 [00:36<05:41, 10.75it/s, Loss=0.011976, Pos=0.011852, Vel=0.00006218]Epoch 2/200 [TRAIN]:   9%|▉         | 363/4032 [00:36<05:41, 10.75it/s, Loss=0.011953, Pos=0.011829, Vel=0.00006212]Epoch 2/200 [TRAIN]:   9%|▉         | 365/4032 [00:36<05:57, 10.25it/s, Loss=0.011953, Pos=0.011829, Vel=0.00006212]Epoch 2/200 [TRAIN]:   9%|▉         | 365/4032 [00:36<05:57, 10.25it/s, Loss=0.011945, Pos=0.011821, Vel=0.00006208]Epoch 2/200 [TRAIN]:   9%|▉         | 365/4032 [00:36<05:57, 10.25it/s, Loss=0.011932, Pos=0.011808, Vel=0.00006214]Epoch 2/200 [TRAIN]:   9%|▉         | 367/4032 [00:36<06:14,  9.78it/s, Loss=0.011932, Pos=0.011808, Vel=0.00006214]Epoch 2/200 [TRAIN]:   9%|▉         | 367/4032 [00:36<06:14,  9.78it/s, Loss=0.011913, Pos=0.011789, Vel=0.00006213]Epoch 2/200 [TRAIN]:   9%|▉         | 368/4032 [00:36<06:14,  9.79it/s, Loss=0.011913, Pos=0.011789, Vel=0.00006213]Epoch 2/200 [TRAIN]:   9%|▉         | 368/4032 [00:36<06:14,  9.79it/s, Loss=0.011885, Pos=0.011761, Vel=0.00006202]Epoch 2/200 [TRAIN]:   9%|▉         | 369/4032 [00:36<06:28,  9.43it/s, Loss=0.011885, Pos=0.011761, Vel=0.00006202]Epoch 2/200 [TRAIN]:   9%|▉         | 369/4032 [00:37<06:28,  9.43it/s, Loss=0.011875, Pos=0.011751, Vel=0.00006192]Epoch 2/200 [TRAIN]:   9%|▉         | 370/4032 [00:37<06:26,  9.48it/s, Loss=0.011875, Pos=0.011751, Vel=0.00006192]Epoch 2/200 [TRAIN]:   9%|▉         | 370/4032 [00:37<06:26,  9.48it/s, Loss=0.011864, Pos=0.011741, Vel=0.00006195]Epoch 2/200 [TRAIN]:   9%|▉         | 370/4032 [00:37<06:26,  9.48it/s, Loss=0.011883, Pos=0.011759, Vel=0.00006193]Epoch 2/200 [TRAIN]:   9%|▉         | 372/4032 [00:37<05:37, 10.85it/s, Loss=0.011883, Pos=0.011759, Vel=0.00006193]Epoch 2/200 [TRAIN]:   9%|▉         | 372/4032 [00:37<05:37, 10.85it/s, Loss=0.011859, Pos=0.011735, Vel=0.00006180]Epoch 2/200 [TRAIN]:   9%|▉         | 372/4032 [00:37<05:37, 10.85it/s, Loss=0.011846, Pos=0.011722, Vel=0.00006193]Epoch 2/200 [TRAIN]:   9%|▉         | 374/4032 [00:37<05:57, 10.24it/s, Loss=0.011846, Pos=0.011722, Vel=0.00006193]Epoch 2/200 [TRAIN]:   9%|▉         | 374/4032 [00:37<05:57, 10.24it/s, Loss=0.011819, Pos=0.011695, Vel=0.00006186]Epoch 2/200 [TRAIN]:   9%|▉         | 374/4032 [00:37<05:57, 10.24it/s, Loss=0.011802, Pos=0.011678, Vel=0.00006182]Epoch 2/200 [TRAIN]:   9%|▉         | 376/4032 [00:37<05:27, 11.15it/s, Loss=0.011802, Pos=0.011678, Vel=0.00006182]Epoch 2/200 [TRAIN]:   9%|▉         | 376/4032 [00:37<05:27, 11.15it/s, Loss=0.011923, Pos=0.011799, Vel=0.00006179]Epoch 2/200 [TRAIN]:   9%|▉         | 376/4032 [00:37<05:27, 11.15it/s, Loss=0.012159, Pos=0.012035, Vel=0.00006210]Epoch 2/200 [TRAIN]:   9%|▉         | 378/4032 [00:37<05:48, 10.49it/s, Loss=0.012159, Pos=0.012035, Vel=0.00006210]Epoch 2/200 [TRAIN]:   9%|▉         | 378/4032 [00:37<05:48, 10.49it/s, Loss=0.012142, Pos=0.012018, Vel=0.00006200]Epoch 2/200 [TRAIN]:   9%|▉         | 378/4032 [00:37<05:48, 10.49it/s, Loss=0.012119, Pos=0.011995, Vel=0.00006192]Epoch 2/200 [TRAIN]:   9%|▉         | 380/4032 [00:37<05:56, 10.25it/s, Loss=0.012119, Pos=0.011995, Vel=0.00006192]Epoch 2/200 [TRAIN]:   9%|▉         | 380/4032 [00:38<05:56, 10.25it/s, Loss=0.012118, Pos=0.011994, Vel=0.00006181]Epoch 2/200 [TRAIN]:   9%|▉         | 380/4032 [00:38<05:56, 10.25it/s, Loss=0.012104, Pos=0.011980, Vel=0.00006188]Epoch 2/200 [TRAIN]:   9%|▉         | 382/4032 [00:38<06:08,  9.90it/s, Loss=0.012104, Pos=0.011980, Vel=0.00006188]Epoch 2/200 [TRAIN]:   9%|▉         | 382/4032 [00:38<06:08,  9.90it/s, Loss=0.012126, Pos=0.012003, Vel=0.00006198]Epoch 2/200 [TRAIN]:   9%|▉         | 382/4032 [00:38<06:08,  9.90it/s, Loss=0.012129, Pos=0.012005, Vel=0.00006226]Epoch 2/200 [TRAIN]:  10%|▉         | 384/4032 [00:38<06:29,  9.37it/s, Loss=0.012129, Pos=0.012005, Vel=0.00006226]Epoch 2/200 [TRAIN]:  10%|▉         | 384/4032 [00:38<06:29,  9.37it/s, Loss=0.012106, Pos=0.011981, Vel=0.00006226]Epoch 2/200 [TRAIN]:  10%|▉         | 384/4032 [00:38<06:29,  9.37it/s, Loss=0.012092, Pos=0.011967, Vel=0.00006219]Epoch 2/200 [TRAIN]:  10%|▉         | 386/4032 [00:38<06:33,  9.26it/s, Loss=0.012092, Pos=0.011967, Vel=0.00006219]Epoch 2/200 [TRAIN]:  10%|▉         | 386/4032 [00:38<06:33,  9.26it/s, Loss=0.012078, Pos=0.011954, Vel=0.00006224]Epoch 2/200 [TRAIN]:  10%|▉         | 386/4032 [00:38<06:33,  9.26it/s, Loss=0.012054, Pos=0.011930, Vel=0.00006217]Epoch 2/200 [TRAIN]:  10%|▉         | 388/4032 [00:38<06:16,  9.68it/s, Loss=0.012054, Pos=0.011930, Vel=0.00006217]Epoch 2/200 [TRAIN]:  10%|▉         | 388/4032 [00:38<06:16,  9.68it/s, Loss=0.012032, Pos=0.011908, Vel=0.00006208]Epoch 2/200 [TRAIN]:  10%|▉         | 389/4032 [00:38<06:14,  9.74it/s, Loss=0.012032, Pos=0.011908, Vel=0.00006208]Epoch 2/200 [TRAIN]:  10%|▉         | 389/4032 [00:39<06:14,  9.74it/s, Loss=0.012034, Pos=0.011910, Vel=0.00006201]Epoch 2/200 [TRAIN]:  10%|▉         | 390/4032 [00:39<06:24,  9.48it/s, Loss=0.012034, Pos=0.011910, Vel=0.00006201]Epoch 2/200 [TRAIN]:  10%|▉         | 390/4032 [00:39<06:24,  9.48it/s, Loss=0.012024, Pos=0.011900, Vel=0.00006209]Epoch 2/200 [TRAIN]:  10%|▉         | 390/4032 [00:39<06:24,  9.48it/s, Loss=0.011997, Pos=0.011873, Vel=0.00006200]Epoch 2/200 [TRAIN]:  10%|▉         | 392/4032 [00:39<06:18,  9.63it/s, Loss=0.011997, Pos=0.011873, Vel=0.00006200]Epoch 2/200 [TRAIN]:  10%|▉         | 392/4032 [00:39<06:18,  9.63it/s, Loss=0.011981, Pos=0.011857, Vel=0.00006198]Epoch 2/200 [TRAIN]:  10%|▉         | 393/4032 [00:39<06:15,  9.68it/s, Loss=0.011981, Pos=0.011857, Vel=0.00006198]Epoch 2/200 [TRAIN]:  10%|▉         | 393/4032 [00:39<06:15,  9.68it/s, Loss=0.011968, Pos=0.011844, Vel=0.00006190]Epoch 2/200 [TRAIN]:  10%|▉         | 394/4032 [00:39<06:28,  9.38it/s, Loss=0.011968, Pos=0.011844, Vel=0.00006190]Epoch 2/200 [TRAIN]:  10%|▉         | 394/4032 [00:39<06:28,  9.38it/s, Loss=0.011956, Pos=0.011832, Vel=0.00006181]Epoch 2/200 [TRAIN]:  10%|▉         | 394/4032 [00:39<06:28,  9.38it/s, Loss=0.011944, Pos=0.011820, Vel=0.00006179]Epoch 2/200 [TRAIN]:  10%|▉         | 396/4032 [00:39<06:29,  9.33it/s, Loss=0.011944, Pos=0.011820, Vel=0.00006179]Epoch 2/200 [TRAIN]:  10%|▉         | 396/4032 [00:39<06:29,  9.33it/s, Loss=0.012069, Pos=0.011945, Vel=0.00006194]Epoch 2/200 [TRAIN]:  10%|▉         | 396/4032 [00:39<06:29,  9.33it/s, Loss=0.012064, Pos=0.011940, Vel=0.00006189]Epoch 2/200 [TRAIN]:  10%|▉         | 398/4032 [00:39<06:27,  9.39it/s, Loss=0.012064, Pos=0.011940, Vel=0.00006189]Epoch 2/200 [TRAIN]:  10%|▉         | 398/4032 [00:39<06:27,  9.39it/s, Loss=0.012044, Pos=0.011920, Vel=0.00006178]Epoch 2/200 [TRAIN]:  10%|▉         | 398/4032 [00:40<06:27,  9.39it/s, Loss=0.012112, Pos=0.011989, Vel=0.00006192]Epoch 2/200 [TRAIN]:  10%|▉         | 400/4032 [00:40<06:28,  9.35it/s, Loss=0.012112, Pos=0.011989, Vel=0.00006192]Epoch 2/200 [TRAIN]:  10%|▉         | 400/4032 [00:40<06:28,  9.35it/s, Loss=0.012100, Pos=0.011977, Vel=0.00006186]Epoch 2/200 [TRAIN]:  10%|▉         | 400/4032 [00:40<06:28,  9.35it/s, Loss=0.012092, Pos=0.011968, Vel=0.00006194]Epoch 2/200 [TRAIN]:  10%|▉         | 402/4032 [00:40<05:49, 10.39it/s, Loss=0.012092, Pos=0.011968, Vel=0.00006194]Epoch 2/200 [TRAIN]:  10%|▉         | 402/4032 [00:40<05:49, 10.39it/s, Loss=0.012078, Pos=0.011954, Vel=0.00006189]Epoch 2/200 [TRAIN]:  10%|▉         | 402/4032 [00:40<05:49, 10.39it/s, Loss=0.012058, Pos=0.011935, Vel=0.00006181]Epoch 2/200 [TRAIN]:  10%|█         | 404/4032 [00:40<06:00, 10.05it/s, Loss=0.012058, Pos=0.011935, Vel=0.00006181]Epoch 2/200 [TRAIN]:  10%|█         | 404/4032 [00:40<06:00, 10.05it/s, Loss=0.012051, Pos=0.011928, Vel=0.00006173]Epoch 2/200 [TRAIN]:  10%|█         | 404/4032 [00:40<06:00, 10.05it/s, Loss=0.012054, Pos=0.011930, Vel=0.00006180]Epoch 2/200 [TRAIN]:  10%|█         | 406/4032 [00:40<06:20,  9.54it/s, Loss=0.012054, Pos=0.011930, Vel=0.00006180]Epoch 2/200 [TRAIN]:  10%|█         | 406/4032 [00:40<06:20,  9.54it/s, Loss=0.012039, Pos=0.011916, Vel=0.00006174]Epoch 2/200 [TRAIN]:  10%|█         | 406/4032 [00:40<06:20,  9.54it/s, Loss=0.012026, Pos=0.011903, Vel=0.00006166]Epoch 2/200 [TRAIN]:  10%|█         | 408/4032 [00:40<06:21,  9.49it/s, Loss=0.012026, Pos=0.011903, Vel=0.00006166]Epoch 2/200 [TRAIN]:  10%|█         | 408/4032 [00:40<06:21,  9.49it/s, Loss=0.012017, Pos=0.011894, Vel=0.00006159]Epoch 2/200 [TRAIN]:  10%|█         | 408/4032 [00:41<06:21,  9.49it/s, Loss=0.012014, Pos=0.011891, Vel=0.00006153]Epoch 2/200 [TRAIN]:  10%|█         | 410/4032 [00:41<06:18,  9.58it/s, Loss=0.012014, Pos=0.011891, Vel=0.00006153]Epoch 2/200 [TRAIN]:  10%|█         | 410/4032 [00:41<06:18,  9.58it/s, Loss=0.012012, Pos=0.011889, Vel=0.00006154]Epoch 2/200 [TRAIN]:  10%|█         | 411/4032 [00:41<06:16,  9.61it/s, Loss=0.012012, Pos=0.011889, Vel=0.00006154]Epoch 2/200 [TRAIN]:  10%|█         | 411/4032 [00:41<06:16,  9.61it/s, Loss=0.011993, Pos=0.011871, Vel=0.00006144]Epoch 2/200 [TRAIN]:  10%|█         | 412/4032 [00:41<06:27,  9.35it/s, Loss=0.011993, Pos=0.011871, Vel=0.00006144]Epoch 2/200 [TRAIN]:  10%|█         | 412/4032 [00:41<06:27,  9.35it/s, Loss=0.011982, Pos=0.011859, Vel=0.00006142]Epoch 2/200 [TRAIN]:  10%|█         | 413/4032 [00:41<06:22,  9.47it/s, Loss=0.011982, Pos=0.011859, Vel=0.00006142]Epoch 2/200 [TRAIN]:  10%|█         | 413/4032 [00:41<06:22,  9.47it/s, Loss=0.011972, Pos=0.011849, Vel=0.00006140]Epoch 2/200 [TRAIN]:  10%|█         | 414/4032 [00:41<06:34,  9.18it/s, Loss=0.011972, Pos=0.011849, Vel=0.00006140]Epoch 2/200 [TRAIN]:  10%|█         | 414/4032 [00:41<06:34,  9.18it/s, Loss=0.012024, Pos=0.011902, Vel=0.00006133]Epoch 2/200 [TRAIN]:  10%|█         | 414/4032 [00:41<06:34,  9.18it/s, Loss=0.012011, Pos=0.011888, Vel=0.00006127]Epoch 2/200 [TRAIN]:  10%|█         | 416/4032 [00:41<06:29,  9.28it/s, Loss=0.012011, Pos=0.011888, Vel=0.00006127]Epoch 2/200 [TRAIN]:  10%|█         | 416/4032 [00:41<06:29,  9.28it/s, Loss=0.012052, Pos=0.011929, Vel=0.00006153]Epoch 2/200 [TRAIN]:  10%|█         | 417/4032 [00:41<06:23,  9.42it/s, Loss=0.012052, Pos=0.011929, Vel=0.00006153]Epoch 2/200 [TRAIN]:  10%|█         | 417/4032 [00:41<06:23,  9.42it/s, Loss=0.012060, Pos=0.011935, Vel=0.00006205]Epoch 2/200 [TRAIN]:  10%|█         | 418/4032 [00:41<06:35,  9.14it/s, Loss=0.012060, Pos=0.011935, Vel=0.00006205]Epoch 2/200 [TRAIN]:  10%|█         | 418/4032 [00:42<06:35,  9.14it/s, Loss=0.012036, Pos=0.011911, Vel=0.00006204]Epoch 2/200 [TRAIN]:  10%|█         | 419/4032 [00:42<06:44,  8.93it/s, Loss=0.012036, Pos=0.011911, Vel=0.00006204]Epoch 2/200 [TRAIN]:  10%|█         | 419/4032 [00:42<06:44,  8.93it/s, Loss=0.012076, Pos=0.011952, Vel=0.00006224]Epoch 2/200 [TRAIN]:  10%|█         | 420/4032 [00:42<06:34,  9.16it/s, Loss=0.012076, Pos=0.011952, Vel=0.00006224]Epoch 2/200 [TRAIN]:  10%|█         | 420/4032 [00:42<06:34,  9.16it/s, Loss=0.012081, Pos=0.011955, Vel=0.00006303]Epoch 2/200 [TRAIN]:  10%|█         | 420/4032 [00:42<06:34,  9.16it/s, Loss=0.012062, Pos=0.011936, Vel=0.00006292]Epoch 2/200 [TRAIN]:  10%|█         | 422/4032 [00:42<06:10,  9.74it/s, Loss=0.012062, Pos=0.011936, Vel=0.00006292]Epoch 2/200 [TRAIN]:  10%|█         | 422/4032 [00:42<06:10,  9.74it/s, Loss=0.012060, Pos=0.011934, Vel=0.00006297]Epoch 2/200 [TRAIN]:  10%|█         | 422/4032 [00:42<06:10,  9.74it/s, Loss=0.012046, Pos=0.011920, Vel=0.00006299]Epoch 2/200 [TRAIN]:  11%|█         | 424/4032 [00:42<05:27, 11.00it/s, Loss=0.012046, Pos=0.011920, Vel=0.00006299]Epoch 2/200 [TRAIN]:  11%|█         | 424/4032 [00:42<05:27, 11.00it/s, Loss=0.012069, Pos=0.011942, Vel=0.00006340]Epoch 2/200 [TRAIN]:  11%|█         | 424/4032 [00:42<05:27, 11.00it/s, Loss=0.012127, Pos=0.012000, Vel=0.00006347]Epoch 2/200 [TRAIN]:  11%|█         | 426/4032 [00:42<05:48, 10.35it/s, Loss=0.012127, Pos=0.012000, Vel=0.00006347]Epoch 2/200 [TRAIN]:  11%|█         | 426/4032 [00:42<05:48, 10.35it/s, Loss=0.012147, Pos=0.012020, Vel=0.00006360]Epoch 2/200 [TRAIN]:  11%|█         | 426/4032 [00:42<05:48, 10.35it/s, Loss=0.012129, Pos=0.012002, Vel=0.00006360]Epoch 2/200 [TRAIN]:  11%|█         | 428/4032 [00:42<05:58, 10.05it/s, Loss=0.012129, Pos=0.012002, Vel=0.00006360]Epoch 2/200 [TRAIN]:  11%|█         | 428/4032 [00:43<05:58, 10.05it/s, Loss=0.012152, Pos=0.012025, Vel=0.00006377]Epoch 2/200 [TRAIN]:  11%|█         | 428/4032 [00:43<05:58, 10.05it/s, Loss=0.012146, Pos=0.012018, Vel=0.00006377]Epoch 2/200 [TRAIN]:  11%|█         | 430/4032 [00:43<06:09,  9.74it/s, Loss=0.012146, Pos=0.012018, Vel=0.00006377]Epoch 2/200 [TRAIN]:  11%|█         | 430/4032 [00:43<06:09,  9.74it/s, Loss=0.012130, Pos=0.012003, Vel=0.00006385]Epoch 2/200 [TRAIN]:  11%|█         | 430/4032 [00:43<06:09,  9.74it/s, Loss=0.012150, Pos=0.012023, Vel=0.00006389]Epoch 2/200 [TRAIN]:  11%|█         | 432/4032 [00:43<06:15,  9.59it/s, Loss=0.012150, Pos=0.012023, Vel=0.00006389]Epoch 2/200 [TRAIN]:  11%|█         | 432/4032 [00:43<06:15,  9.59it/s, Loss=0.012185, Pos=0.012057, Vel=0.00006415]Epoch 2/200 [TRAIN]:  11%|█         | 432/4032 [00:43<06:15,  9.59it/s, Loss=0.012164, Pos=0.012036, Vel=0.00006405]Epoch 2/200 [TRAIN]:  11%|█         | 434/4032 [00:43<06:18,  9.51it/s, Loss=0.012164, Pos=0.012036, Vel=0.00006405]Epoch 2/200 [TRAIN]:  11%|█         | 434/4032 [00:43<06:18,  9.51it/s, Loss=0.012204, Pos=0.012075, Vel=0.00006408]Epoch 2/200 [TRAIN]:  11%|█         | 434/4032 [00:43<06:18,  9.51it/s, Loss=0.012222, Pos=0.012094, Vel=0.00006410]Epoch 2/200 [TRAIN]:  11%|█         | 436/4032 [00:43<06:12,  9.65it/s, Loss=0.012222, Pos=0.012094, Vel=0.00006410]Epoch 2/200 [TRAIN]:  11%|█         | 436/4032 [00:43<06:12,  9.65it/s, Loss=0.012210, Pos=0.012082, Vel=0.00006402]Epoch 2/200 [TRAIN]:  11%|█         | 436/4032 [00:43<06:12,  9.65it/s, Loss=0.012321, Pos=0.012192, Vel=0.00006431]Epoch 2/200 [TRAIN]:  11%|█         | 438/4032 [00:43<05:56, 10.07it/s, Loss=0.012321, Pos=0.012192, Vel=0.00006431]Epoch 2/200 [TRAIN]:  11%|█         | 438/4032 [00:44<05:56, 10.07it/s, Loss=0.012306, Pos=0.012178, Vel=0.00006423]Epoch 2/200 [TRAIN]:  11%|█         | 438/4032 [00:44<05:56, 10.07it/s, Loss=0.012303, Pos=0.012174, Vel=0.00006416]Epoch 2/200 [TRAIN]:  11%|█         | 440/4032 [00:44<06:04,  9.85it/s, Loss=0.012303, Pos=0.012174, Vel=0.00006416]Epoch 2/200 [TRAIN]:  11%|█         | 440/4032 [00:44<06:04,  9.85it/s, Loss=0.012282, Pos=0.012154, Vel=0.00006404]Epoch 2/200 [TRAIN]:  11%|█         | 441/4032 [00:44<06:03,  9.87it/s, Loss=0.012282, Pos=0.012154, Vel=0.00006404]Epoch 2/200 [TRAIN]:  11%|█         | 441/4032 [00:44<06:03,  9.87it/s, Loss=0.012269, Pos=0.012141, Vel=0.00006402]Epoch 2/200 [TRAIN]:  11%|█         | 442/4032 [00:44<06:12,  9.63it/s, Loss=0.012269, Pos=0.012141, Vel=0.00006402]Epoch 2/200 [TRAIN]:  11%|█         | 442/4032 [00:44<06:12,  9.63it/s, Loss=0.012293, Pos=0.012165, Vel=0.00006413]Epoch 2/200 [TRAIN]:  11%|█         | 442/4032 [00:44<06:12,  9.63it/s, Loss=0.012359, Pos=0.012230, Vel=0.00006406]Epoch 2/200 [TRAIN]:  11%|█         | 444/4032 [00:44<06:17,  9.50it/s, Loss=0.012359, Pos=0.012230, Vel=0.00006406]Epoch 2/200 [TRAIN]:  11%|█         | 444/4032 [00:44<06:17,  9.50it/s, Loss=0.012350, Pos=0.012222, Vel=0.00006411]Epoch 2/200 [TRAIN]:  11%|█         | 445/4032 [00:44<06:15,  9.55it/s, Loss=0.012350, Pos=0.012222, Vel=0.00006411]Epoch 2/200 [TRAIN]:  11%|█         | 445/4032 [00:44<06:15,  9.55it/s, Loss=0.012422, Pos=0.012294, Vel=0.00006401]Epoch 2/200 [TRAIN]:  11%|█         | 446/4032 [00:44<06:24,  9.33it/s, Loss=0.012422, Pos=0.012294, Vel=0.00006401]Epoch 2/200 [TRAIN]:  11%|█         | 446/4032 [00:44<06:24,  9.33it/s, Loss=0.012410, Pos=0.012282, Vel=0.00006403]Epoch 2/200 [TRAIN]:  11%|█         | 446/4032 [00:45<06:24,  9.33it/s, Loss=0.012386, Pos=0.012258, Vel=0.00006391]Epoch 2/200 [TRAIN]:  11%|█         | 448/4032 [00:45<06:27,  9.25it/s, Loss=0.012386, Pos=0.012258, Vel=0.00006391]Epoch 2/200 [TRAIN]:  11%|█         | 448/4032 [00:45<06:27,  9.25it/s, Loss=0.012365, Pos=0.012237, Vel=0.00006385]Epoch 2/200 [TRAIN]:  11%|█         | 448/4032 [00:45<06:27,  9.25it/s, Loss=0.012348, Pos=0.012220, Vel=0.00006377]Epoch 2/200 [TRAIN]:  11%|█         | 450/4032 [00:45<06:01,  9.90it/s, Loss=0.012348, Pos=0.012220, Vel=0.00006377]Epoch 2/200 [TRAIN]:  11%|█         | 450/4032 [00:45<06:01,  9.90it/s, Loss=0.012335, Pos=0.012207, Vel=0.00006380]Epoch 2/200 [TRAIN]:  11%|█         | 451/4032 [00:45<06:12,  9.60it/s, Loss=0.012335, Pos=0.012207, Vel=0.00006380]Epoch 2/200 [TRAIN]:  11%|█         | 451/4032 [00:45<06:12,  9.60it/s, Loss=0.012316, Pos=0.012189, Vel=0.00006370]Epoch 2/200 [TRAIN]:  11%|█         | 451/4032 [00:45<06:12,  9.60it/s, Loss=0.012319, Pos=0.012192, Vel=0.00006369]Epoch 2/200 [TRAIN]:  11%|█         | 453/4032 [00:45<05:32, 10.78it/s, Loss=0.012319, Pos=0.012192, Vel=0.00006369]Epoch 2/200 [TRAIN]:  11%|█         | 453/4032 [00:45<05:32, 10.78it/s, Loss=0.012301, Pos=0.012174, Vel=0.00006361]Epoch 2/200 [TRAIN]:  11%|█         | 453/4032 [00:45<05:32, 10.78it/s, Loss=0.012301, Pos=0.012173, Vel=0.00006353]Epoch 2/200 [TRAIN]:  11%|█▏        | 455/4032 [00:45<05:39, 10.54it/s, Loss=0.012301, Pos=0.012173, Vel=0.00006353]Epoch 2/200 [TRAIN]:  11%|█▏        | 455/4032 [00:45<05:39, 10.54it/s, Loss=0.012332, Pos=0.012205, Vel=0.00006359]Epoch 2/200 [TRAIN]:  11%|█▏        | 455/4032 [00:45<05:39, 10.54it/s, Loss=0.012390, Pos=0.012262, Vel=0.00006368]Epoch 2/200 [TRAIN]:  11%|█▏        | 457/4032 [00:45<05:33, 10.73it/s, Loss=0.012390, Pos=0.012262, Vel=0.00006368]Epoch 2/200 [TRAIN]:  11%|█▏        | 457/4032 [00:45<05:33, 10.73it/s, Loss=0.012405, Pos=0.012277, Vel=0.00006371]Epoch 2/200 [TRAIN]:  11%|█▏        | 457/4032 [00:46<05:33, 10.73it/s, Loss=0.012394, Pos=0.012266, Vel=0.00006386]Epoch 2/200 [TRAIN]:  11%|█▏        | 459/4032 [00:46<05:42, 10.44it/s, Loss=0.012394, Pos=0.012266, Vel=0.00006386]Epoch 2/200 [TRAIN]:  11%|█▏        | 459/4032 [00:46<05:42, 10.44it/s, Loss=0.012389, Pos=0.012262, Vel=0.00006378]Epoch 2/200 [TRAIN]:  11%|█▏        | 459/4032 [00:46<05:42, 10.44it/s, Loss=0.012399, Pos=0.012272, Vel=0.00006372]Epoch 2/200 [TRAIN]:  11%|█▏        | 461/4032 [00:46<05:48, 10.25it/s, Loss=0.012399, Pos=0.012272, Vel=0.00006372]Epoch 2/200 [TRAIN]:  11%|█▏        | 461/4032 [00:46<05:48, 10.25it/s, Loss=0.012381, Pos=0.012254, Vel=0.00006367]Epoch 2/200 [TRAIN]:  11%|█▏        | 461/4032 [00:46<05:48, 10.25it/s, Loss=0.012373, Pos=0.012245, Vel=0.00006368]Epoch 2/200 [TRAIN]:  11%|█▏        | 463/4032 [00:46<06:02,  9.85it/s, Loss=0.012373, Pos=0.012245, Vel=0.00006368]Epoch 2/200 [TRAIN]:  11%|█▏        | 463/4032 [00:46<06:02,  9.85it/s, Loss=0.012412, Pos=0.012284, Vel=0.00006374]Epoch 2/200 [TRAIN]:  12%|█▏        | 464/4032 [00:46<06:04,  9.79it/s, Loss=0.012412, Pos=0.012284, Vel=0.00006374]Epoch 2/200 [TRAIN]:  12%|█▏        | 464/4032 [00:46<06:04,  9.79it/s, Loss=0.012438, Pos=0.012311, Vel=0.00006383]Epoch 2/200 [TRAIN]:  12%|█▏        | 465/4032 [00:46<06:10,  9.62it/s, Loss=0.012438, Pos=0.012311, Vel=0.00006383]Epoch 2/200 [TRAIN]:  12%|█▏        | 465/4032 [00:46<06:10,  9.62it/s, Loss=0.012433, Pos=0.012305, Vel=0.00006394]Epoch 2/200 [TRAIN]:  12%|█▏        | 466/4032 [00:46<06:16,  9.46it/s, Loss=0.012433, Pos=0.012305, Vel=0.00006394]Epoch 2/200 [TRAIN]:  12%|█▏        | 466/4032 [00:46<06:16,  9.46it/s, Loss=0.012413, Pos=0.012285, Vel=0.00006391]Epoch 2/200 [TRAIN]:  12%|█▏        | 466/4032 [00:47<06:16,  9.46it/s, Loss=0.012409, Pos=0.012282, Vel=0.00006387]Epoch 2/200 [TRAIN]:  12%|█▏        | 468/4032 [00:47<06:17,  9.43it/s, Loss=0.012409, Pos=0.012282, Vel=0.00006387]Epoch 2/200 [TRAIN]:  12%|█▏        | 468/4032 [00:47<06:17,  9.43it/s, Loss=0.012395, Pos=0.012267, Vel=0.00006379]Epoch 2/200 [TRAIN]:  12%|█▏        | 469/4032 [00:47<06:23,  9.28it/s, Loss=0.012395, Pos=0.012267, Vel=0.00006379]Epoch 2/200 [TRAIN]:  12%|█▏        | 469/4032 [00:47<06:23,  9.28it/s, Loss=0.012379, Pos=0.012251, Vel=0.00006372]Epoch 2/200 [TRAIN]:  12%|█▏        | 470/4032 [00:47<06:29,  9.16it/s, Loss=0.012379, Pos=0.012251, Vel=0.00006372]Epoch 2/200 [TRAIN]:  12%|█▏        | 470/4032 [00:47<06:29,  9.16it/s, Loss=0.012374, Pos=0.012247, Vel=0.00006382]Epoch 2/200 [TRAIN]:  12%|█▏        | 470/4032 [00:47<06:29,  9.16it/s, Loss=0.012384, Pos=0.012257, Vel=0.00006385]Epoch 2/200 [TRAIN]:  12%|█▏        | 472/4032 [00:47<06:18,  9.41it/s, Loss=0.012384, Pos=0.012257, Vel=0.00006385]Epoch 2/200 [TRAIN]:  12%|█▏        | 472/4032 [00:47<06:18,  9.41it/s, Loss=0.012383, Pos=0.012255, Vel=0.00006385]Epoch 2/200 [TRAIN]:  12%|█▏        | 473/4032 [00:47<06:16,  9.44it/s, Loss=0.012383, Pos=0.012255, Vel=0.00006385]Epoch 2/200 [TRAIN]:  12%|█▏        | 473/4032 [00:47<06:16,  9.44it/s, Loss=0.012372, Pos=0.012244, Vel=0.00006377]Epoch 2/200 [TRAIN]:  12%|█▏        | 473/4032 [00:47<06:16,  9.44it/s, Loss=0.012358, Pos=0.012230, Vel=0.00006395]Epoch 2/200 [TRAIN]:  12%|█▏        | 475/4032 [00:47<05:58,  9.92it/s, Loss=0.012358, Pos=0.012230, Vel=0.00006395]Epoch 2/200 [TRAIN]:  12%|█▏        | 475/4032 [00:47<05:58,  9.92it/s, Loss=0.012351, Pos=0.012223, Vel=0.00006392]Epoch 2/200 [TRAIN]:  12%|█▏        | 476/4032 [00:47<05:57,  9.93it/s, Loss=0.012351, Pos=0.012223, Vel=0.00006392]Epoch 2/200 [TRAIN]:  12%|█▏        | 476/4032 [00:47<05:57,  9.93it/s, Loss=0.012330, Pos=0.012202, Vel=0.00006384]Epoch 2/200 [TRAIN]:  12%|█▏        | 477/4032 [00:47<06:12,  9.54it/s, Loss=0.012330, Pos=0.012202, Vel=0.00006384]Epoch 2/200 [TRAIN]:  12%|█▏        | 477/4032 [00:48<06:12,  9.54it/s, Loss=0.012316, Pos=0.012189, Vel=0.00006384]Epoch 2/200 [TRAIN]:  12%|█▏        | 477/4032 [00:48<06:12,  9.54it/s, Loss=0.012316, Pos=0.012188, Vel=0.00006391]Epoch 2/200 [TRAIN]:  12%|█▏        | 479/4032 [00:48<05:43, 10.34it/s, Loss=0.012316, Pos=0.012188, Vel=0.00006391]Epoch 2/200 [TRAIN]:  12%|█▏        | 479/4032 [00:48<05:43, 10.34it/s, Loss=0.012318, Pos=0.012190, Vel=0.00006396]Epoch 2/200 [TRAIN]:  12%|█▏        | 479/4032 [00:48<05:43, 10.34it/s, Loss=0.012300, Pos=0.012172, Vel=0.00006391]Epoch 2/200 [TRAIN]:  12%|█▏        | 481/4032 [00:48<05:33, 10.66it/s, Loss=0.012300, Pos=0.012172, Vel=0.00006391]Epoch 2/200 [TRAIN]:  12%|█▏        | 481/4032 [00:48<05:33, 10.66it/s, Loss=0.012302, Pos=0.012175, Vel=0.00006385]Epoch 2/200 [TRAIN]:  12%|█▏        | 481/4032 [00:48<05:33, 10.66it/s, Loss=0.012298, Pos=0.012171, Vel=0.00006379]Epoch 2/200 [TRAIN]:  12%|█▏        | 483/4032 [00:48<05:51, 10.09it/s, Loss=0.012298, Pos=0.012171, Vel=0.00006379]Epoch 2/200 [TRAIN]:  12%|█▏        | 483/4032 [00:48<05:51, 10.09it/s, Loss=0.012303, Pos=0.012175, Vel=0.00006393]Epoch 2/200 [TRAIN]:  12%|█▏        | 483/4032 [00:48<05:51, 10.09it/s, Loss=0.012292, Pos=0.012165, Vel=0.00006386]Epoch 2/200 [TRAIN]:  12%|█▏        | 485/4032 [00:48<06:00,  9.85it/s, Loss=0.012292, Pos=0.012165, Vel=0.00006386]Epoch 2/200 [TRAIN]:  12%|█▏        | 485/4032 [00:48<06:00,  9.85it/s, Loss=0.012297, Pos=0.012169, Vel=0.00006382]Epoch 2/200 [TRAIN]:  12%|█▏        | 485/4032 [00:48<06:00,  9.85it/s, Loss=0.012278, Pos=0.012151, Vel=0.00006373]Epoch 2/200 [TRAIN]:  12%|█▏        | 487/4032 [00:48<06:07,  9.65it/s, Loss=0.012278, Pos=0.012151, Vel=0.00006373]Epoch 2/200 [TRAIN]:  12%|█▏        | 487/4032 [00:49<06:07,  9.65it/s, Loss=0.012284, Pos=0.012156, Vel=0.00006374]Epoch 2/200 [TRAIN]:  12%|█▏        | 487/4032 [00:49<06:07,  9.65it/s, Loss=0.012265, Pos=0.012138, Vel=0.00006381]Epoch 2/200 [TRAIN]:  12%|█▏        | 489/4032 [00:49<06:06,  9.66it/s, Loss=0.012265, Pos=0.012138, Vel=0.00006381]Epoch 2/200 [TRAIN]:  12%|█▏        | 489/4032 [00:49<06:06,  9.66it/s, Loss=0.012256, Pos=0.012128, Vel=0.00006379]Epoch 2/200 [TRAIN]:  12%|█▏        | 489/4032 [00:49<06:06,  9.66it/s, Loss=0.012258, Pos=0.012130, Vel=0.00006384]Epoch 2/200 [TRAIN]:  12%|█▏        | 491/4032 [00:49<05:58,  9.88it/s, Loss=0.012258, Pos=0.012130, Vel=0.00006384]Epoch 2/200 [TRAIN]:  12%|█▏        | 491/4032 [00:49<05:58,  9.88it/s, Loss=0.012248, Pos=0.012121, Vel=0.00006379]Epoch 2/200 [TRAIN]:  12%|█▏        | 492/4032 [00:49<05:58,  9.89it/s, Loss=0.012248, Pos=0.012121, Vel=0.00006379]Epoch 2/200 [TRAIN]:  12%|█▏        | 492/4032 [00:49<05:58,  9.89it/s, Loss=0.012239, Pos=0.012112, Vel=0.00006375]Epoch 2/200 [TRAIN]:  12%|█▏        | 493/4032 [00:49<06:05,  9.67it/s, Loss=0.012239, Pos=0.012112, Vel=0.00006375]Epoch 2/200 [TRAIN]:  12%|█▏        | 493/4032 [00:49<06:05,  9.67it/s, Loss=0.012245, Pos=0.012117, Vel=0.00006383]Epoch 2/200 [TRAIN]:  12%|█▏        | 494/4032 [00:49<06:03,  9.73it/s, Loss=0.012245, Pos=0.012117, Vel=0.00006383]Epoch 2/200 [TRAIN]:  12%|█▏        | 494/4032 [00:49<06:03,  9.73it/s, Loss=0.012241, Pos=0.012114, Vel=0.00006377]Epoch 2/200 [TRAIN]:  12%|█▏        | 495/4032 [00:49<06:17,  9.37it/s, Loss=0.012241, Pos=0.012114, Vel=0.00006377]Epoch 2/200 [TRAIN]:  12%|█▏        | 495/4032 [00:49<06:17,  9.37it/s, Loss=0.012228, Pos=0.012101, Vel=0.00006369]Epoch 2/200 [TRAIN]:  12%|█▏        | 495/4032 [00:50<06:17,  9.37it/s, Loss=0.012227, Pos=0.012099, Vel=0.00006379]Epoch 2/200 [TRAIN]:  12%|█▏        | 497/4032 [00:50<06:10,  9.53it/s, Loss=0.012227, Pos=0.012099, Vel=0.00006379]Epoch 2/200 [TRAIN]:  12%|█▏        | 497/4032 [00:50<06:10,  9.53it/s, Loss=0.012219, Pos=0.012091, Vel=0.00006370]Epoch 2/200 [TRAIN]:  12%|█▏        | 498/4032 [00:50<06:10,  9.54it/s, Loss=0.012219, Pos=0.012091, Vel=0.00006370]Epoch 2/200 [TRAIN]:  12%|█▏        | 498/4032 [00:50<06:10,  9.54it/s, Loss=0.012206, Pos=0.012078, Vel=0.00006373]Epoch 2/200 [TRAIN]:  12%|█▏        | 499/4032 [00:50<06:17,  9.36it/s, Loss=0.012206, Pos=0.012078, Vel=0.00006373]Epoch 2/200 [TRAIN]:  12%|█▏        | 499/4032 [00:50<06:17,  9.36it/s, Loss=0.012220, Pos=0.012093, Vel=0.00006367]Epoch 2/200 [TRAIN]:  12%|█▏        | 499/4032 [00:50<06:17,  9.36it/s, Loss=0.012239, Pos=0.012112, Vel=0.00006359]Epoch 2/200 [TRAIN]:  12%|█▏        | 501/4032 [00:50<06:17,  9.37it/s, Loss=0.012239, Pos=0.012112, Vel=0.00006359]Epoch 2/200 [TRAIN]:  12%|█▏        | 501/4032 [00:50<06:17,  9.37it/s, Loss=0.012229, Pos=0.012102, Vel=0.00006354]Epoch 2/200 [TRAIN]:  12%|█▏        | 501/4032 [00:50<06:17,  9.37it/s, Loss=0.012338, Pos=0.012211, Vel=0.00006350]Epoch 2/200 [TRAIN]:  12%|█▏        | 503/4032 [00:50<06:08,  9.59it/s, Loss=0.012338, Pos=0.012211, Vel=0.00006350]Epoch 2/200 [TRAIN]:  12%|█▏        | 503/4032 [00:50<06:08,  9.59it/s, Loss=0.012323, Pos=0.012196, Vel=0.00006341]Epoch 2/200 [TRAIN]:  12%|█▎        | 504/4032 [00:50<06:11,  9.50it/s, Loss=0.012323, Pos=0.012196, Vel=0.00006341]Epoch 2/200 [TRAIN]:  12%|█▎        | 504/4032 [00:50<06:11,  9.50it/s, Loss=0.012312, Pos=0.012186, Vel=0.00006332]Epoch 2/200 [TRAIN]:  12%|█▎        | 504/4032 [00:50<06:11,  9.50it/s, Loss=0.012293, Pos=0.012166, Vel=0.00006326]Epoch 2/200 [TRAIN]:  12%|█▎        | 504/4032 [00:50<06:11,  9.50it/s, Loss=0.012295, Pos=0.012168, Vel=0.00006319]Epoch 2/200 [TRAIN]:  13%|█▎        | 507/4032 [00:50<04:54, 11.96it/s, Loss=0.012295, Pos=0.012168, Vel=0.00006319]Epoch 2/200 [TRAIN]:  13%|█▎        | 507/4032 [00:51<04:54, 11.96it/s, Loss=0.012289, Pos=0.012163, Vel=0.00006315]Epoch 2/200 [TRAIN]:  13%|█▎        | 507/4032 [00:51<04:54, 11.96it/s, Loss=0.012311, Pos=0.012185, Vel=0.00006328]Epoch 2/200 [TRAIN]:  13%|█▎        | 509/4032 [00:51<05:10, 11.33it/s, Loss=0.012311, Pos=0.012185, Vel=0.00006328]Epoch 2/200 [TRAIN]:  13%|█▎        | 509/4032 [00:51<05:10, 11.33it/s, Loss=0.012302, Pos=0.012175, Vel=0.00006324]Epoch 2/200 [TRAIN]:  13%|█▎        | 509/4032 [00:51<05:10, 11.33it/s, Loss=0.012284, Pos=0.012157, Vel=0.00006326]Epoch 2/200 [TRAIN]:  13%|█▎        | 511/4032 [00:51<05:31, 10.62it/s, Loss=0.012284, Pos=0.012157, Vel=0.00006326]Epoch 2/200 [TRAIN]:  13%|█▎        | 511/4032 [00:51<05:31, 10.62it/s, Loss=0.012272, Pos=0.012146, Vel=0.00006320]Epoch 2/200 [TRAIN]:  13%|█▎        | 511/4032 [00:51<05:31, 10.62it/s, Loss=0.012257, Pos=0.012131, Vel=0.00006326]Epoch 2/200 [TRAIN]:  13%|█▎        | 513/4032 [00:51<05:42, 10.27it/s, Loss=0.012257, Pos=0.012131, Vel=0.00006326]Epoch 2/200 [TRAIN]:  13%|█▎        | 513/4032 [00:51<05:42, 10.27it/s, Loss=0.012246, Pos=0.012120, Vel=0.00006318]Epoch 2/200 [TRAIN]:  13%|█▎        | 513/4032 [00:51<05:42, 10.27it/s, Loss=0.012255, Pos=0.012129, Vel=0.00006321]Epoch 2/200 [TRAIN]:  13%|█▎        | 515/4032 [00:51<05:52,  9.98it/s, Loss=0.012255, Pos=0.012129, Vel=0.00006321]Epoch 2/200 [TRAIN]:  13%|█▎        | 515/4032 [00:51<05:52,  9.98it/s, Loss=0.012237, Pos=0.012111, Vel=0.00006312]Epoch 2/200 [TRAIN]:  13%|█▎        | 515/4032 [00:51<05:52,  9.98it/s, Loss=0.012291, Pos=0.012165, Vel=0.00006330]Epoch 2/200 [TRAIN]:  13%|█▎        | 517/4032 [00:51<05:59,  9.79it/s, Loss=0.012291, Pos=0.012165, Vel=0.00006330]Epoch 2/200 [TRAIN]:  13%|█▎        | 517/4032 [00:52<05:59,  9.79it/s, Loss=0.012298, Pos=0.012171, Vel=0.00006327]Epoch 2/200 [TRAIN]:  13%|█▎        | 518/4032 [00:52<06:08,  9.53it/s, Loss=0.012298, Pos=0.012171, Vel=0.00006327]Epoch 2/200 [TRAIN]:  13%|█▎        | 518/4032 [00:52<06:08,  9.53it/s, Loss=0.012283, Pos=0.012156, Vel=0.00006324]Epoch 2/200 [TRAIN]:  13%|█▎        | 518/4032 [00:52<06:08,  9.53it/s, Loss=0.012279, Pos=0.012153, Vel=0.00006322]Epoch 2/200 [TRAIN]:  13%|█▎        | 520/4032 [00:52<06:10,  9.49it/s, Loss=0.012279, Pos=0.012153, Vel=0.00006322]Epoch 2/200 [TRAIN]:  13%|█▎        | 520/4032 [00:52<06:10,  9.49it/s, Loss=0.012274, Pos=0.012148, Vel=0.00006334]Epoch 2/200 [TRAIN]:  13%|█▎        | 520/4032 [00:52<06:10,  9.49it/s, Loss=0.012265, Pos=0.012139, Vel=0.00006325]Epoch 2/200 [TRAIN]:  13%|█▎        | 522/4032 [00:52<05:55,  9.88it/s, Loss=0.012265, Pos=0.012139, Vel=0.00006325]Epoch 2/200 [TRAIN]:  13%|█▎        | 522/4032 [00:52<05:55,  9.88it/s, Loss=0.012268, Pos=0.012142, Vel=0.00006320]Epoch 2/200 [TRAIN]:  13%|█▎        | 523/4032 [00:52<05:58,  9.79it/s, Loss=0.012268, Pos=0.012142, Vel=0.00006320]Epoch 2/200 [TRAIN]:  13%|█▎        | 523/4032 [00:52<05:58,  9.79it/s, Loss=0.012300, Pos=0.012174, Vel=0.00006331]Epoch 2/200 [TRAIN]:  13%|█▎        | 524/4032 [00:52<05:59,  9.76it/s, Loss=0.012300, Pos=0.012174, Vel=0.00006331]Epoch 2/200 [TRAIN]:  13%|█▎        | 524/4032 [00:52<05:59,  9.76it/s, Loss=0.012282, Pos=0.012155, Vel=0.00006323]Epoch 2/200 [TRAIN]:  13%|█▎        | 524/4032 [00:52<05:59,  9.76it/s, Loss=0.012264, Pos=0.012138, Vel=0.00006314]Epoch 2/200 [TRAIN]:  13%|█▎        | 526/4032 [00:52<05:26, 10.73it/s, Loss=0.012264, Pos=0.012138, Vel=0.00006314]Epoch 2/200 [TRAIN]:  13%|█▎        | 526/4032 [00:52<05:26, 10.73it/s, Loss=0.012250, Pos=0.012123, Vel=0.00006306]Epoch 2/200 [TRAIN]:  13%|█▎        | 526/4032 [00:53<05:26, 10.73it/s, Loss=0.012251, Pos=0.012125, Vel=0.00006303]Epoch 2/200 [TRAIN]:  13%|█▎        | 528/4032 [00:53<05:01, 11.63it/s, Loss=0.012251, Pos=0.012125, Vel=0.00006303]Epoch 2/200 [TRAIN]:  13%|█▎        | 528/4032 [00:53<05:01, 11.63it/s, Loss=0.012233, Pos=0.012107, Vel=0.00006305]Epoch 2/200 [TRAIN]:  13%|█▎        | 528/4032 [00:53<05:01, 11.63it/s, Loss=0.012238, Pos=0.012112, Vel=0.00006313]Epoch 2/200 [TRAIN]:  13%|█▎        | 530/4032 [00:53<04:53, 11.92it/s, Loss=0.012238, Pos=0.012112, Vel=0.00006313]Epoch 2/200 [TRAIN]:  13%|█▎        | 530/4032 [00:53<04:53, 11.92it/s, Loss=0.012244, Pos=0.012118, Vel=0.00006310]Epoch 2/200 [TRAIN]:  13%|█▎        | 530/4032 [00:53<04:53, 11.92it/s, Loss=0.012229, Pos=0.012103, Vel=0.00006302]Epoch 2/200 [TRAIN]:  13%|█▎        | 532/4032 [00:53<05:22, 10.86it/s, Loss=0.012229, Pos=0.012103, Vel=0.00006302]Epoch 2/200 [TRAIN]:  13%|█▎        | 532/4032 [00:53<05:22, 10.86it/s, Loss=0.012231, Pos=0.012105, Vel=0.00006299]Epoch 2/200 [TRAIN]:  13%|█▎        | 532/4032 [00:53<05:22, 10.86it/s, Loss=0.012219, Pos=0.012093, Vel=0.00006292]Epoch 2/200 [TRAIN]:  13%|█▎        | 534/4032 [00:53<05:45, 10.11it/s, Loss=0.012219, Pos=0.012093, Vel=0.00006292]Epoch 2/200 [TRAIN]:  13%|█▎        | 534/4032 [00:53<05:45, 10.11it/s, Loss=0.012207, Pos=0.012081, Vel=0.00006294]Epoch 2/200 [TRAIN]:  13%|█▎        | 534/4032 [00:53<05:45, 10.11it/s, Loss=0.012206, Pos=0.012080, Vel=0.00006291]Epoch 2/200 [TRAIN]:  13%|█▎        | 536/4032 [00:53<05:42, 10.20it/s, Loss=0.012206, Pos=0.012080, Vel=0.00006291]Epoch 2/200 [TRAIN]:  13%|█▎        | 536/4032 [00:53<05:42, 10.20it/s, Loss=0.012190, Pos=0.012064, Vel=0.00006284]Epoch 2/200 [TRAIN]:  13%|█▎        | 536/4032 [00:53<05:42, 10.20it/s, Loss=0.012199, Pos=0.012073, Vel=0.00006277]Epoch 2/200 [TRAIN]:  13%|█▎        | 538/4032 [00:53<05:41, 10.22it/s, Loss=0.012199, Pos=0.012073, Vel=0.00006277]Epoch 2/200 [TRAIN]:  13%|█▎        | 538/4032 [00:54<05:41, 10.22it/s, Loss=0.012186, Pos=0.012060, Vel=0.00006277]Epoch 2/200 [TRAIN]:  13%|█▎        | 538/4032 [00:54<05:41, 10.22it/s, Loss=0.012193, Pos=0.012068, Vel=0.00006288]Epoch 2/200 [TRAIN]:  13%|█▎        | 540/4032 [00:54<05:39, 10.28it/s, Loss=0.012193, Pos=0.012068, Vel=0.00006288]Epoch 2/200 [TRAIN]:  13%|█▎        | 540/4032 [00:54<05:39, 10.28it/s, Loss=0.012229, Pos=0.012103, Vel=0.00006304]Epoch 2/200 [TRAIN]:  13%|█▎        | 540/4032 [00:54<05:39, 10.28it/s, Loss=0.012226, Pos=0.012100, Vel=0.00006298]Epoch 2/200 [TRAIN]:  13%|█▎        | 542/4032 [00:54<05:47, 10.04it/s, Loss=0.012226, Pos=0.012100, Vel=0.00006298]Epoch 2/200 [TRAIN]:  13%|█▎        | 542/4032 [00:54<05:47, 10.04it/s, Loss=0.012216, Pos=0.012090, Vel=0.00006295]Epoch 2/200 [TRAIN]:  13%|█▎        | 542/4032 [00:54<05:47, 10.04it/s, Loss=0.012200, Pos=0.012074, Vel=0.00006287]Epoch 2/200 [TRAIN]:  13%|█▎        | 544/4032 [00:54<05:53,  9.87it/s, Loss=0.012200, Pos=0.012074, Vel=0.00006287]Epoch 2/200 [TRAIN]:  13%|█▎        | 544/4032 [00:54<05:53,  9.87it/s, Loss=0.012185, Pos=0.012059, Vel=0.00006286]Epoch 2/200 [TRAIN]:  13%|█▎        | 544/4032 [00:54<05:53,  9.87it/s, Loss=0.012170, Pos=0.012044, Vel=0.00006278]Epoch 2/200 [TRAIN]:  14%|█▎        | 546/4032 [00:54<06:00,  9.67it/s, Loss=0.012170, Pos=0.012044, Vel=0.00006278]Epoch 2/200 [TRAIN]:  14%|█▎        | 546/4032 [00:54<06:00,  9.67it/s, Loss=0.012156, Pos=0.012030, Vel=0.00006270]Epoch 2/200 [TRAIN]:  14%|█▎        | 546/4032 [00:55<06:00,  9.67it/s, Loss=0.012147, Pos=0.012022, Vel=0.00006269]Epoch 2/200 [TRAIN]:  14%|█▎        | 548/4032 [00:55<06:00,  9.67it/s, Loss=0.012147, Pos=0.012022, Vel=0.00006269]Epoch 2/200 [TRAIN]:  14%|█▎        | 548/4032 [00:55<06:00,  9.67it/s, Loss=0.012135, Pos=0.012010, Vel=0.00006262]Epoch 2/200 [TRAIN]:  14%|█▎        | 548/4032 [00:55<06:00,  9.67it/s, Loss=0.012130, Pos=0.012005, Vel=0.00006269]Epoch 2/200 [TRAIN]:  14%|█▎        | 550/4032 [00:55<05:55,  9.79it/s, Loss=0.012130, Pos=0.012005, Vel=0.00006269]Epoch 2/200 [TRAIN]:  14%|█▎        | 550/4032 [00:55<05:55,  9.79it/s, Loss=0.012118, Pos=0.011993, Vel=0.00006264]Epoch 2/200 [TRAIN]:  14%|█▎        | 551/4032 [00:55<05:58,  9.72it/s, Loss=0.012118, Pos=0.011993, Vel=0.00006264]Epoch 2/200 [TRAIN]:  14%|█▎        | 551/4032 [00:55<05:58,  9.72it/s, Loss=0.012117, Pos=0.011991, Vel=0.00006278]Epoch 2/200 [TRAIN]:  14%|█▎        | 552/4032 [00:55<05:58,  9.71it/s, Loss=0.012117, Pos=0.011991, Vel=0.00006278]Epoch 2/200 [TRAIN]:  14%|█▎        | 552/4032 [00:55<05:58,  9.71it/s, Loss=0.012225, Pos=0.012099, Vel=0.00006296]Epoch 2/200 [TRAIN]:  14%|█▎        | 553/4032 [00:55<06:04,  9.55it/s, Loss=0.012225, Pos=0.012099, Vel=0.00006296]Epoch 2/200 [TRAIN]:  14%|█▎        | 553/4032 [00:55<06:04,  9.55it/s, Loss=0.012212, Pos=0.012087, Vel=0.00006289]Epoch 2/200 [TRAIN]:  14%|█▎        | 553/4032 [00:55<06:04,  9.55it/s, Loss=0.012259, Pos=0.012133, Vel=0.00006286]Epoch 2/200 [TRAIN]:  14%|█▍        | 555/4032 [00:55<05:04, 11.41it/s, Loss=0.012259, Pos=0.012133, Vel=0.00006286]Epoch 2/200 [TRAIN]:  14%|█▍        | 555/4032 [00:55<05:04, 11.41it/s, Loss=0.012242, Pos=0.012116, Vel=0.00006279]Epoch 2/200 [TRAIN]:  14%|█▍        | 555/4032 [00:55<05:04, 11.41it/s, Loss=0.012227, Pos=0.012101, Vel=0.00006275]Epoch 2/200 [TRAIN]:  14%|█▍        | 557/4032 [00:55<05:26, 10.66it/s, Loss=0.012227, Pos=0.012101, Vel=0.00006275]Epoch 2/200 [TRAIN]:  14%|█▍        | 557/4032 [00:56<05:26, 10.66it/s, Loss=0.012215, Pos=0.012089, Vel=0.00006267]Epoch 2/200 [TRAIN]:  14%|█▍        | 557/4032 [00:56<05:26, 10.66it/s, Loss=0.012212, Pos=0.012087, Vel=0.00006266]Epoch 2/200 [TRAIN]:  14%|█▍        | 559/4032 [00:56<05:45, 10.07it/s, Loss=0.012212, Pos=0.012087, Vel=0.00006266]Epoch 2/200 [TRAIN]:  14%|█▍        | 559/4032 [00:56<05:45, 10.07it/s, Loss=0.012206, Pos=0.012081, Vel=0.00006265]Epoch 2/200 [TRAIN]:  14%|█▍        | 559/4032 [00:56<05:45, 10.07it/s, Loss=0.012204, Pos=0.012079, Vel=0.00006261]Epoch 2/200 [TRAIN]:  14%|█▍        | 561/4032 [00:56<05:52,  9.85it/s, Loss=0.012204, Pos=0.012079, Vel=0.00006261]Epoch 2/200 [TRAIN]:  14%|█▍        | 561/4032 [00:56<05:52,  9.85it/s, Loss=0.012218, Pos=0.012093, Vel=0.00006261]Epoch 2/200 [TRAIN]:  14%|█▍        | 561/4032 [00:56<05:52,  9.85it/s, Loss=0.012344, Pos=0.012219, Vel=0.00006255]Epoch 2/200 [TRAIN]:  14%|█▍        | 563/4032 [00:56<05:21, 10.80it/s, Loss=0.012344, Pos=0.012219, Vel=0.00006255]Epoch 2/200 [TRAIN]:  14%|█▍        | 563/4032 [00:56<05:21, 10.80it/s, Loss=0.012324, Pos=0.012199, Vel=0.00006249]Epoch 2/200 [TRAIN]:  14%|█▍        | 563/4032 [00:56<05:21, 10.80it/s, Loss=0.012309, Pos=0.012184, Vel=0.00006240]Epoch 2/200 [TRAIN]:  14%|█▍        | 565/4032 [00:56<05:07, 11.27it/s, Loss=0.012309, Pos=0.012184, Vel=0.00006240]Epoch 2/200 [TRAIN]:  14%|█▍        | 565/4032 [00:56<05:07, 11.27it/s, Loss=0.012297, Pos=0.012172, Vel=0.00006246]Epoch 2/200 [TRAIN]:  14%|█▍        | 565/4032 [00:56<05:07, 11.27it/s, Loss=0.012287, Pos=0.012163, Vel=0.00006241]Epoch 2/200 [TRAIN]:  14%|█▍        | 567/4032 [00:56<05:28, 10.54it/s, Loss=0.012287, Pos=0.012163, Vel=0.00006241]Epoch 2/200 [TRAIN]:  14%|█▍        | 567/4032 [00:56<05:28, 10.54it/s, Loss=0.012279, Pos=0.012154, Vel=0.00006236]Epoch 2/200 [TRAIN]:  14%|█▍        | 567/4032 [00:57<05:28, 10.54it/s, Loss=0.012292, Pos=0.012167, Vel=0.00006244]Epoch 2/200 [TRAIN]:  14%|█▍        | 569/4032 [00:57<05:46,  9.99it/s, Loss=0.012292, Pos=0.012167, Vel=0.00006244]Epoch 2/200 [TRAIN]:  14%|█▍        | 569/4032 [00:57<05:46,  9.99it/s, Loss=0.012277, Pos=0.012153, Vel=0.00006247]Epoch 2/200 [TRAIN]:  14%|█▍        | 569/4032 [00:57<05:46,  9.99it/s, Loss=0.012264, Pos=0.012139, Vel=0.00006242]Epoch 2/200 [TRAIN]:  14%|█▍        | 571/4032 [00:57<05:58,  9.67it/s, Loss=0.012264, Pos=0.012139, Vel=0.00006242]Epoch 2/200 [TRAIN]:  14%|█▍        | 571/4032 [00:57<05:58,  9.67it/s, Loss=0.012254, Pos=0.012130, Vel=0.00006240]Epoch 2/200 [TRAIN]:  14%|█▍        | 572/4032 [00:57<06:08,  9.39it/s, Loss=0.012254, Pos=0.012130, Vel=0.00006240]Epoch 2/200 [TRAIN]:  14%|█▍        | 572/4032 [00:57<06:08,  9.39it/s, Loss=0.012238, Pos=0.012113, Vel=0.00006234]Epoch 2/200 [TRAIN]:  14%|█▍        | 572/4032 [00:57<06:08,  9.39it/s, Loss=0.012235, Pos=0.012111, Vel=0.00006233]Epoch 2/200 [TRAIN]:  14%|█▍        | 574/4032 [00:57<06:08,  9.39it/s, Loss=0.012235, Pos=0.012111, Vel=0.00006233]Epoch 2/200 [TRAIN]:  14%|█▍        | 574/4032 [00:57<06:08,  9.39it/s, Loss=0.012223, Pos=0.012099, Vel=0.00006229]Epoch 2/200 [TRAIN]:  14%|█▍        | 574/4032 [00:57<06:08,  9.39it/s, Loss=0.012228, Pos=0.012103, Vel=0.00006229]Epoch 2/200 [TRAIN]:  14%|█▍        | 576/4032 [00:57<06:07,  9.39it/s, Loss=0.012228, Pos=0.012103, Vel=0.00006229]Epoch 2/200 [TRAIN]:  14%|█▍        | 576/4032 [00:57<06:07,  9.39it/s, Loss=0.012215, Pos=0.012091, Vel=0.00006225]Epoch 2/200 [TRAIN]:  14%|█▍        | 576/4032 [00:58<06:07,  9.39it/s, Loss=0.012213, Pos=0.012089, Vel=0.00006222]Epoch 2/200 [TRAIN]:  14%|█▍        | 578/4032 [00:58<06:04,  9.47it/s, Loss=0.012213, Pos=0.012089, Vel=0.00006222]Epoch 2/200 [TRAIN]:  14%|█▍        | 578/4032 [00:58<06:04,  9.47it/s, Loss=0.012200, Pos=0.012075, Vel=0.00006219]Epoch 2/200 [TRAIN]:  14%|█▍        | 579/4032 [00:58<06:01,  9.54it/s, Loss=0.012200, Pos=0.012075, Vel=0.00006219]Epoch 2/200 [TRAIN]:  14%|█▍        | 579/4032 [00:58<06:01,  9.54it/s, Loss=0.012183, Pos=0.012059, Vel=0.00006216]Epoch 2/200 [TRAIN]:  14%|█▍        | 580/4032 [00:58<06:10,  9.31it/s, Loss=0.012183, Pos=0.012059, Vel=0.00006216]Epoch 2/200 [TRAIN]:  14%|█▍        | 580/4032 [00:58<06:10,  9.31it/s, Loss=0.012172, Pos=0.012048, Vel=0.00006209]Epoch 2/200 [TRAIN]:  14%|█▍        | 580/4032 [00:58<06:10,  9.31it/s, Loss=0.012179, Pos=0.012054, Vel=0.00006221]Epoch 2/200 [TRAIN]:  14%|█▍        | 582/4032 [00:58<05:35, 10.29it/s, Loss=0.012179, Pos=0.012054, Vel=0.00006221]Epoch 2/200 [TRAIN]:  14%|█▍        | 582/4032 [00:58<05:35, 10.29it/s, Loss=0.012167, Pos=0.012043, Vel=0.00006214]Epoch 2/200 [TRAIN]:  14%|█▍        | 582/4032 [00:58<05:35, 10.29it/s, Loss=0.012181, Pos=0.012057, Vel=0.00006209]Epoch 2/200 [TRAIN]:  14%|█▍        | 584/4032 [00:58<05:48,  9.90it/s, Loss=0.012181, Pos=0.012057, Vel=0.00006209]Epoch 2/200 [TRAIN]:  14%|█▍        | 584/4032 [00:58<05:48,  9.90it/s, Loss=0.012175, Pos=0.012051, Vel=0.00006204]Epoch 2/200 [TRAIN]:  14%|█▍        | 584/4032 [00:58<05:48,  9.90it/s, Loss=0.012163, Pos=0.012039, Vel=0.00006199]Epoch 2/200 [TRAIN]:  15%|█▍        | 586/4032 [00:58<05:54,  9.73it/s, Loss=0.012163, Pos=0.012039, Vel=0.00006199]Epoch 2/200 [TRAIN]:  15%|█▍        | 586/4032 [00:58<05:54,  9.73it/s, Loss=0.012176, Pos=0.012052, Vel=0.00006196]Epoch 2/200 [TRAIN]:  15%|█▍        | 586/4032 [00:59<05:54,  9.73it/s, Loss=0.012238, Pos=0.012114, Vel=0.00006196]Epoch 2/200 [TRAIN]:  15%|█▍        | 588/4032 [00:59<06:00,  9.55it/s, Loss=0.012238, Pos=0.012114, Vel=0.00006196]Epoch 2/200 [TRAIN]:  15%|█▍        | 588/4032 [00:59<06:00,  9.55it/s, Loss=0.012222, Pos=0.012098, Vel=0.00006191]Epoch 2/200 [TRAIN]:  15%|█▍        | 588/4032 [00:59<06:00,  9.55it/s, Loss=0.012216, Pos=0.012092, Vel=0.00006194]Epoch 2/200 [TRAIN]:  15%|█▍        | 590/4032 [00:59<05:58,  9.59it/s, Loss=0.012216, Pos=0.012092, Vel=0.00006194]Epoch 2/200 [TRAIN]:  15%|█▍        | 590/4032 [00:59<05:58,  9.59it/s, Loss=0.012203, Pos=0.012079, Vel=0.00006190]Epoch 2/200 [TRAIN]:  15%|█▍        | 591/4032 [00:59<05:58,  9.60it/s, Loss=0.012203, Pos=0.012079, Vel=0.00006190]Epoch 2/200 [TRAIN]:  15%|█▍        | 591/4032 [00:59<05:58,  9.60it/s, Loss=0.012216, Pos=0.012092, Vel=0.00006213]Epoch 2/200 [TRAIN]:  15%|█▍        | 591/4032 [00:59<05:58,  9.60it/s, Loss=0.012209, Pos=0.012084, Vel=0.00006215]Epoch 2/200 [TRAIN]:  15%|█▍        | 591/4032 [00:59<05:58,  9.60it/s, Loss=0.012195, Pos=0.012071, Vel=0.00006211]Epoch 2/200 [TRAIN]:  15%|█▍        | 594/4032 [00:59<05:02, 11.37it/s, Loss=0.012195, Pos=0.012071, Vel=0.00006211]Epoch 2/200 [TRAIN]:  15%|█▍        | 594/4032 [00:59<05:02, 11.37it/s, Loss=0.012198, Pos=0.012074, Vel=0.00006207]Epoch 2/200 [TRAIN]:  15%|█▍        | 594/4032 [00:59<05:02, 11.37it/s, Loss=0.012186, Pos=0.012062, Vel=0.00006199]Epoch 2/200 [TRAIN]:  15%|█▍        | 596/4032 [00:59<05:24, 10.60it/s, Loss=0.012186, Pos=0.012062, Vel=0.00006199]Epoch 2/200 [TRAIN]:  15%|█▍        | 596/4032 [00:59<05:24, 10.60it/s, Loss=0.012174, Pos=0.012050, Vel=0.00006193]Epoch 2/200 [TRAIN]:  15%|█▍        | 596/4032 [01:00<05:24, 10.60it/s, Loss=0.012170, Pos=0.012046, Vel=0.00006187]Epoch 2/200 [TRAIN]:  15%|█▍        | 598/4032 [01:00<05:32, 10.32it/s, Loss=0.012170, Pos=0.012046, Vel=0.00006187]Epoch 2/200 [TRAIN]:  15%|█▍        | 598/4032 [01:00<05:32, 10.32it/s, Loss=0.012155, Pos=0.012032, Vel=0.00006180]Epoch 2/200 [TRAIN]:  15%|█▍        | 598/4032 [01:00<05:32, 10.32it/s, Loss=0.012142, Pos=0.012019, Vel=0.00006174]Epoch 2/200 [TRAIN]:  15%|█▍        | 600/4032 [01:00<05:50,  9.78it/s, Loss=0.012142, Pos=0.012019, Vel=0.00006174]Epoch 2/200 [TRAIN]:  15%|█▍        | 600/4032 [01:00<05:50,  9.78it/s, Loss=0.012139, Pos=0.012015, Vel=0.00006183]Epoch 2/200 [TRAIN]:  15%|█▍        | 600/4032 [01:00<05:50,  9.78it/s, Loss=0.012179, Pos=0.012054, Vel=0.00006204]Epoch 2/200 [TRAIN]:  15%|█▍        | 602/4032 [01:00<05:49,  9.82it/s, Loss=0.012179, Pos=0.012054, Vel=0.00006204]Epoch 2/200 [TRAIN]:  15%|█▍        | 602/4032 [01:00<05:49,  9.82it/s, Loss=0.012175, Pos=0.012051, Vel=0.00006201]Epoch 2/200 [TRAIN]:  15%|█▍        | 603/4032 [01:00<06:00,  9.50it/s, Loss=0.012175, Pos=0.012051, Vel=0.00006201]Epoch 2/200 [TRAIN]:  15%|█▍        | 603/4032 [01:00<06:00,  9.50it/s, Loss=0.012159, Pos=0.012035, Vel=0.00006196]Epoch 2/200 [TRAIN]:  15%|█▍        | 603/4032 [01:00<06:00,  9.50it/s, Loss=0.012149, Pos=0.012025, Vel=0.00006190]Epoch 2/200 [TRAIN]:  15%|█▌        | 605/4032 [01:00<06:02,  9.45it/s, Loss=0.012149, Pos=0.012025, Vel=0.00006190]Epoch 2/200 [TRAIN]:  15%|█▌        | 605/4032 [01:00<06:02,  9.45it/s, Loss=0.012142, Pos=0.012018, Vel=0.00006191]Epoch 2/200 [TRAIN]:  15%|█▌        | 605/4032 [01:00<06:02,  9.45it/s, Loss=0.012129, Pos=0.012005, Vel=0.00006184]Epoch 2/200 [TRAIN]:  15%|█▌        | 607/4032 [01:00<05:53,  9.69it/s, Loss=0.012129, Pos=0.012005, Vel=0.00006184]Epoch 2/200 [TRAIN]:  15%|█▌        | 607/4032 [01:01<05:53,  9.69it/s, Loss=0.012118, Pos=0.011995, Vel=0.00006179]Epoch 2/200 [TRAIN]:  15%|█▌        | 607/4032 [01:01<05:53,  9.69it/s, Loss=0.012101, Pos=0.011977, Vel=0.00006176]Epoch 2/200 [TRAIN]:  15%|█▌        | 609/4032 [01:01<05:51,  9.74it/s, Loss=0.012101, Pos=0.011977, Vel=0.00006176]Epoch 2/200 [TRAIN]:  15%|█▌        | 609/4032 [01:01<05:51,  9.74it/s, Loss=0.012088, Pos=0.011964, Vel=0.00006171]Epoch 2/200 [TRAIN]:  15%|█▌        | 610/4032 [01:01<05:55,  9.62it/s, Loss=0.012088, Pos=0.011964, Vel=0.00006171]Epoch 2/200 [TRAIN]:  15%|█▌        | 610/4032 [01:01<05:55,  9.62it/s, Loss=0.012137, Pos=0.012014, Vel=0.00006172]Epoch 2/200 [TRAIN]:  15%|█▌        | 611/4032 [01:01<06:03,  9.41it/s, Loss=0.012137, Pos=0.012014, Vel=0.00006172]Epoch 2/200 [TRAIN]:  15%|█▌        | 611/4032 [01:01<06:03,  9.41it/s, Loss=0.012135, Pos=0.012011, Vel=0.00006171]Epoch 2/200 [TRAIN]:  15%|█▌        | 611/4032 [01:01<06:03,  9.41it/s, Loss=0.012164, Pos=0.012041, Vel=0.00006198]Epoch 2/200 [TRAIN]:  15%|█▌        | 613/4032 [01:01<05:57,  9.57it/s, Loss=0.012164, Pos=0.012041, Vel=0.00006198]Epoch 2/200 [TRAIN]:  15%|█▌        | 613/4032 [01:01<05:57,  9.57it/s, Loss=0.012163, Pos=0.012039, Vel=0.00006196]Epoch 2/200 [TRAIN]:  15%|█▌        | 613/4032 [01:01<05:57,  9.57it/s, Loss=0.012154, Pos=0.012030, Vel=0.00006192]Epoch 2/200 [TRAIN]:  15%|█▌        | 615/4032 [01:01<05:30, 10.34it/s, Loss=0.012154, Pos=0.012030, Vel=0.00006192]Epoch 2/200 [TRAIN]:  15%|█▌        | 615/4032 [01:01<05:30, 10.34it/s, Loss=0.012141, Pos=0.012018, Vel=0.00006187]Epoch 2/200 [TRAIN]:  15%|█▌        | 615/4032 [01:01<05:30, 10.34it/s, Loss=0.012131, Pos=0.012007, Vel=0.00006183]Epoch 2/200 [TRAIN]:  15%|█▌        | 617/4032 [01:01<05:45,  9.90it/s, Loss=0.012131, Pos=0.012007, Vel=0.00006183]Epoch 2/200 [TRAIN]:  15%|█▌        | 617/4032 [01:02<05:45,  9.90it/s, Loss=0.012127, Pos=0.012003, Vel=0.00006181]Epoch 2/200 [TRAIN]:  15%|█▌        | 618/4032 [01:02<05:45,  9.88it/s, Loss=0.012127, Pos=0.012003, Vel=0.00006181]Epoch 2/200 [TRAIN]:  15%|█▌        | 618/4032 [01:02<05:45,  9.88it/s, Loss=0.012112, Pos=0.011988, Vel=0.00006176]Epoch 2/200 [TRAIN]:  15%|█▌        | 619/4032 [01:02<05:58,  9.51it/s, Loss=0.012112, Pos=0.011988, Vel=0.00006176]Epoch 2/200 [TRAIN]:  15%|█▌        | 619/4032 [01:02<05:58,  9.51it/s, Loss=0.012109, Pos=0.011985, Vel=0.00006175]Epoch 2/200 [TRAIN]:  15%|█▌        | 620/4032 [01:02<05:56,  9.58it/s, Loss=0.012109, Pos=0.011985, Vel=0.00006175]Epoch 2/200 [TRAIN]:  15%|█▌        | 620/4032 [01:02<05:56,  9.58it/s, Loss=0.012102, Pos=0.011978, Vel=0.00006182]Epoch 2/200 [TRAIN]:  15%|█▌        | 621/4032 [01:02<06:00,  9.46it/s, Loss=0.012102, Pos=0.011978, Vel=0.00006182]Epoch 2/200 [TRAIN]:  15%|█▌        | 621/4032 [01:02<06:00,  9.46it/s, Loss=0.012093, Pos=0.011970, Vel=0.00006176]Epoch 2/200 [TRAIN]:  15%|█▌        | 622/4032 [01:02<06:12,  9.15it/s, Loss=0.012093, Pos=0.011970, Vel=0.00006176]Epoch 2/200 [TRAIN]:  15%|█▌        | 622/4032 [01:02<06:12,  9.15it/s, Loss=0.012077, Pos=0.011953, Vel=0.00006174]Epoch 2/200 [TRAIN]:  15%|█▌        | 623/4032 [01:02<06:20,  8.96it/s, Loss=0.012077, Pos=0.011953, Vel=0.00006174]Epoch 2/200 [TRAIN]:  15%|█▌        | 623/4032 [01:02<06:20,  8.96it/s, Loss=0.012080, Pos=0.011956, Vel=0.00006188]Epoch 2/200 [TRAIN]:  15%|█▌        | 623/4032 [01:02<06:20,  8.96it/s, Loss=0.012074, Pos=0.011950, Vel=0.00006188]Epoch 2/200 [TRAIN]:  16%|█▌        | 625/4032 [01:02<06:16,  9.06it/s, Loss=0.012074, Pos=0.011950, Vel=0.00006188]Epoch 2/200 [TRAIN]:  16%|█▌        | 625/4032 [01:02<06:16,  9.06it/s, Loss=0.012067, Pos=0.011944, Vel=0.00006193]Epoch 2/200 [TRAIN]:  16%|█▌        | 626/4032 [01:02<06:09,  9.23it/s, Loss=0.012067, Pos=0.011944, Vel=0.00006193]Epoch 2/200 [TRAIN]:  16%|█▌        | 626/4032 [01:03<06:09,  9.23it/s, Loss=0.012057, Pos=0.011933, Vel=0.00006187]Epoch 2/200 [TRAIN]:  16%|█▌        | 627/4032 [01:03<06:20,  8.95it/s, Loss=0.012057, Pos=0.011933, Vel=0.00006187]Epoch 2/200 [TRAIN]:  16%|█▌        | 627/4032 [01:03<06:20,  8.95it/s, Loss=0.012067, Pos=0.011943, Vel=0.00006211]Epoch 2/200 [TRAIN]:  16%|█▌        | 627/4032 [01:03<06:20,  8.95it/s, Loss=0.012051, Pos=0.011927, Vel=0.00006206]Epoch 2/200 [TRAIN]:  16%|█▌        | 629/4032 [01:03<05:12, 10.90it/s, Loss=0.012051, Pos=0.011927, Vel=0.00006206]Epoch 2/200 [TRAIN]:  16%|█▌        | 629/4032 [01:03<05:12, 10.90it/s, Loss=0.012046, Pos=0.011922, Vel=0.00006203]Epoch 2/200 [TRAIN]:  16%|█▌        | 629/4032 [01:03<05:12, 10.90it/s, Loss=0.012037, Pos=0.011913, Vel=0.00006201]Epoch 2/200 [TRAIN]:  16%|█▌        | 631/4032 [01:03<05:28, 10.35it/s, Loss=0.012037, Pos=0.011913, Vel=0.00006201]Epoch 2/200 [TRAIN]:  16%|█▌        | 631/4032 [01:03<05:28, 10.35it/s, Loss=0.012024, Pos=0.011900, Vel=0.00006195]Epoch 2/200 [TRAIN]:  16%|█▌        | 631/4032 [01:03<05:28, 10.35it/s, Loss=0.012026, Pos=0.011902, Vel=0.00006192]Epoch 2/200 [TRAIN]:  16%|█▌        | 633/4032 [01:03<05:42,  9.92it/s, Loss=0.012026, Pos=0.011902, Vel=0.00006192]Epoch 2/200 [TRAIN]:  16%|█▌        | 633/4032 [01:03<05:42,  9.92it/s, Loss=0.012017, Pos=0.011893, Vel=0.00006186]Epoch 2/200 [TRAIN]:  16%|█▌        | 633/4032 [01:03<05:42,  9.92it/s, Loss=0.012009, Pos=0.011885, Vel=0.00006184]Epoch 2/200 [TRAIN]:  16%|█▌        | 635/4032 [01:03<05:55,  9.54it/s, Loss=0.012009, Pos=0.011885, Vel=0.00006184]Epoch 2/200 [TRAIN]:  16%|█▌        | 635/4032 [01:03<05:55,  9.54it/s, Loss=0.011997, Pos=0.011874, Vel=0.00006180]Epoch 2/200 [TRAIN]:  16%|█▌        | 635/4032 [01:03<05:55,  9.54it/s, Loss=0.011992, Pos=0.011869, Vel=0.00006173]Epoch 2/200 [TRAIN]:  16%|█▌        | 637/4032 [01:03<05:08, 11.01it/s, Loss=0.011992, Pos=0.011869, Vel=0.00006173]Epoch 2/200 [TRAIN]:  16%|█▌        | 637/4032 [01:04<05:08, 11.01it/s, Loss=0.011983, Pos=0.011860, Vel=0.00006172]Epoch 2/200 [TRAIN]:  16%|█▌        | 637/4032 [01:04<05:08, 11.01it/s, Loss=0.011971, Pos=0.011848, Vel=0.00006167]Epoch 2/200 [TRAIN]:  16%|█▌        | 639/4032 [01:04<05:31, 10.24it/s, Loss=0.011971, Pos=0.011848, Vel=0.00006167]Epoch 2/200 [TRAIN]:  16%|█▌        | 639/4032 [01:04<05:31, 10.24it/s, Loss=0.011958, Pos=0.011834, Vel=0.00006171]Epoch 2/200 [TRAIN]:  16%|█▌        | 639/4032 [01:04<05:31, 10.24it/s, Loss=0.012079, Pos=0.011956, Vel=0.00006166]Epoch 2/200 [TRAIN]:  16%|█▌        | 641/4032 [01:04<05:46,  9.79it/s, Loss=0.012079, Pos=0.011956, Vel=0.00006166]Epoch 2/200 [TRAIN]:  16%|█▌        | 641/4032 [01:04<05:46,  9.79it/s, Loss=0.012083, Pos=0.011960, Vel=0.00006166]Epoch 2/200 [TRAIN]:  16%|█▌        | 641/4032 [01:04<05:46,  9.79it/s, Loss=0.012110, Pos=0.011987, Vel=0.00006161]Epoch 2/200 [TRAIN]:  16%|█▌        | 643/4032 [01:04<05:20, 10.56it/s, Loss=0.012110, Pos=0.011987, Vel=0.00006161]Epoch 2/200 [TRAIN]:  16%|█▌        | 643/4032 [01:04<05:20, 10.56it/s, Loss=0.012145, Pos=0.012022, Vel=0.00006161]Epoch 2/200 [TRAIN]:  16%|█▌        | 643/4032 [01:04<05:20, 10.56it/s, Loss=0.012152, Pos=0.012028, Vel=0.00006155]Epoch 2/200 [TRAIN]:  16%|█▌        | 645/4032 [01:04<05:39,  9.97it/s, Loss=0.012152, Pos=0.012028, Vel=0.00006155]Epoch 2/200 [TRAIN]:  16%|█▌        | 645/4032 [01:04<05:39,  9.97it/s, Loss=0.012138, Pos=0.012015, Vel=0.00006148]Epoch 2/200 [TRAIN]:  16%|█▌        | 645/4032 [01:05<05:39,  9.97it/s, Loss=0.012170, Pos=0.012048, Vel=0.00006143]Epoch 2/200 [TRAIN]:  16%|█▌        | 647/4032 [01:05<05:50,  9.66it/s, Loss=0.012170, Pos=0.012048, Vel=0.00006143]Epoch 2/200 [TRAIN]:  16%|█▌        | 647/4032 [01:05<05:50,  9.66it/s, Loss=0.012176, Pos=0.012053, Vel=0.00006139]Epoch 2/200 [TRAIN]:  16%|█▌        | 648/4032 [01:05<06:01,  9.36it/s, Loss=0.012176, Pos=0.012053, Vel=0.00006139]Epoch 2/200 [TRAIN]:  16%|█▌        | 648/4032 [01:05<06:01,  9.36it/s, Loss=0.012162, Pos=0.012039, Vel=0.00006134]Epoch 2/200 [TRAIN]:  16%|█▌        | 649/4032 [01:05<05:59,  9.41it/s, Loss=0.012162, Pos=0.012039, Vel=0.00006134]Epoch 2/200 [TRAIN]:  16%|█▌        | 649/4032 [01:05<05:59,  9.41it/s, Loss=0.012156, Pos=0.012033, Vel=0.00006132]Epoch 2/200 [TRAIN]:  16%|█▌        | 650/4032 [01:05<06:01,  9.36it/s, Loss=0.012156, Pos=0.012033, Vel=0.00006132]Epoch 2/200 [TRAIN]:  16%|█▌        | 650/4032 [01:05<06:01,  9.36it/s, Loss=0.012148, Pos=0.012026, Vel=0.00006130]Epoch 2/200 [TRAIN]:  16%|█▌        | 651/4032 [01:05<05:57,  9.46it/s, Loss=0.012148, Pos=0.012026, Vel=0.00006130]Epoch 2/200 [TRAIN]:  16%|█▌        | 651/4032 [01:05<05:57,  9.46it/s, Loss=0.012140, Pos=0.012017, Vel=0.00006136]Epoch 2/200 [TRAIN]:  16%|█▌        | 652/4032 [01:05<05:57,  9.45it/s, Loss=0.012140, Pos=0.012017, Vel=0.00006136]Epoch 2/200 [TRAIN]:  16%|█▌        | 652/4032 [01:05<05:57,  9.45it/s, Loss=0.012144, Pos=0.012022, Vel=0.00006134]Epoch 2/200 [TRAIN]:  16%|█▌        | 653/4032 [01:05<06:07,  9.18it/s, Loss=0.012144, Pos=0.012022, Vel=0.00006134]Epoch 2/200 [TRAIN]:  16%|█▌        | 653/4032 [01:05<06:07,  9.18it/s, Loss=0.012153, Pos=0.012030, Vel=0.00006133]Epoch 2/200 [TRAIN]:  16%|█▌        | 654/4032 [01:05<06:10,  9.11it/s, Loss=0.012153, Pos=0.012030, Vel=0.00006133]Epoch 2/200 [TRAIN]:  16%|█▌        | 654/4032 [01:05<06:10,  9.11it/s, Loss=0.012146, Pos=0.012023, Vel=0.00006127]Epoch 2/200 [TRAIN]:  16%|█▌        | 654/4032 [01:06<06:10,  9.11it/s, Loss=0.012146, Pos=0.012023, Vel=0.00006136]Epoch 2/200 [TRAIN]:  16%|█▋        | 656/4032 [01:06<06:00,  9.36it/s, Loss=0.012146, Pos=0.012023, Vel=0.00006136]Epoch 2/200 [TRAIN]:  16%|█▋        | 656/4032 [01:06<06:00,  9.36it/s, Loss=0.012140, Pos=0.012018, Vel=0.00006133]Epoch 2/200 [TRAIN]:  16%|█▋        | 657/4032 [01:06<05:55,  9.49it/s, Loss=0.012140, Pos=0.012018, Vel=0.00006133]Epoch 2/200 [TRAIN]:  16%|█▋        | 657/4032 [01:06<05:55,  9.49it/s, Loss=0.012125, Pos=0.012003, Vel=0.00006126]Epoch 2/200 [TRAIN]:  16%|█▋        | 658/4032 [01:06<06:07,  9.18it/s, Loss=0.012125, Pos=0.012003, Vel=0.00006126]Epoch 2/200 [TRAIN]:  16%|█▋        | 658/4032 [01:06<06:07,  9.18it/s, Loss=0.012116, Pos=0.011993, Vel=0.00006124]Epoch 2/200 [TRAIN]:  16%|█▋        | 659/4032 [01:06<06:04,  9.25it/s, Loss=0.012116, Pos=0.011993, Vel=0.00006124]Epoch 2/200 [TRAIN]:  16%|█▋        | 659/4032 [01:06<06:04,  9.25it/s, Loss=0.012116, Pos=0.011993, Vel=0.00006131]Epoch 2/200 [TRAIN]:  16%|█▋        | 660/4032 [01:06<06:16,  8.95it/s, Loss=0.012116, Pos=0.011993, Vel=0.00006131]Epoch 2/200 [TRAIN]:  16%|█▋        | 660/4032 [01:06<06:16,  8.95it/s, Loss=0.012104, Pos=0.011982, Vel=0.00006127]Epoch 2/200 [TRAIN]:  16%|█▋        | 660/4032 [01:06<06:16,  8.95it/s, Loss=0.012112, Pos=0.011989, Vel=0.00006134]Epoch 2/200 [TRAIN]:  16%|█▋        | 662/4032 [01:06<05:44,  9.77it/s, Loss=0.012112, Pos=0.011989, Vel=0.00006134]Epoch 2/200 [TRAIN]:  16%|█▋        | 662/4032 [01:06<05:44,  9.77it/s, Loss=0.012103, Pos=0.011980, Vel=0.00006134]Epoch 2/200 [TRAIN]:  16%|█▋        | 663/4032 [01:06<05:43,  9.80it/s, Loss=0.012103, Pos=0.011980, Vel=0.00006134]Epoch 2/200 [TRAIN]:  16%|█▋        | 663/4032 [01:06<05:43,  9.80it/s, Loss=0.012089, Pos=0.011967, Vel=0.00006134]Epoch 2/200 [TRAIN]:  16%|█▋        | 664/4032 [01:06<06:01,  9.32it/s, Loss=0.012089, Pos=0.011967, Vel=0.00006134]Epoch 2/200 [TRAIN]:  16%|█▋        | 664/4032 [01:06<06:01,  9.32it/s, Loss=0.012140, Pos=0.012017, Vel=0.00006156]Epoch 2/200 [TRAIN]:  16%|█▋        | 665/4032 [01:06<05:57,  9.43it/s, Loss=0.012140, Pos=0.012017, Vel=0.00006156]Epoch 2/200 [TRAIN]:  16%|█▋        | 665/4032 [01:07<05:57,  9.43it/s, Loss=0.012143, Pos=0.012019, Vel=0.00006183]Epoch 2/200 [TRAIN]:  16%|█▋        | 665/4032 [01:07<05:57,  9.43it/s, Loss=0.012239, Pos=0.012115, Vel=0.00006200]Epoch 2/200 [TRAIN]:  17%|█▋        | 667/4032 [01:07<05:04, 11.07it/s, Loss=0.012239, Pos=0.012115, Vel=0.00006200]Epoch 2/200 [TRAIN]:  17%|█▋        | 667/4032 [01:07<05:04, 11.07it/s, Loss=0.012239, Pos=0.012115, Vel=0.00006206]Epoch 2/200 [TRAIN]:  17%|█▋        | 667/4032 [01:07<05:04, 11.07it/s, Loss=0.012231, Pos=0.012107, Vel=0.00006206]Epoch 2/200 [TRAIN]:  17%|█▋        | 669/4032 [01:07<05:28, 10.25it/s, Loss=0.012231, Pos=0.012107, Vel=0.00006206]Epoch 2/200 [TRAIN]:  17%|█▋        | 669/4032 [01:07<05:28, 10.25it/s, Loss=0.012215, Pos=0.012091, Vel=0.00006201]Epoch 2/200 [TRAIN]:  17%|█▋        | 669/4032 [01:07<05:28, 10.25it/s, Loss=0.012205, Pos=0.012081, Vel=0.00006195]Epoch 2/200 [TRAIN]:  17%|█▋        | 671/4032 [01:07<05:14, 10.69it/s, Loss=0.012205, Pos=0.012081, Vel=0.00006195]Epoch 2/200 [TRAIN]:  17%|█▋        | 671/4032 [01:07<05:14, 10.69it/s, Loss=0.012193, Pos=0.012069, Vel=0.00006192]Epoch 2/200 [TRAIN]:  17%|█▋        | 671/4032 [01:07<05:14, 10.69it/s, Loss=0.012184, Pos=0.012060, Vel=0.00006197]Epoch 2/200 [TRAIN]:  17%|█▋        | 673/4032 [01:07<05:00, 11.16it/s, Loss=0.012184, Pos=0.012060, Vel=0.00006197]Epoch 2/200 [TRAIN]:  17%|█▋        | 673/4032 [01:07<05:00, 11.16it/s, Loss=0.012175, Pos=0.012051, Vel=0.00006191]Epoch 2/200 [TRAIN]:  17%|█▋        | 673/4032 [01:07<05:00, 11.16it/s, Loss=0.012161, Pos=0.012037, Vel=0.00006186]Epoch 2/200 [TRAIN]:  17%|█▋        | 675/4032 [01:07<04:45, 11.77it/s, Loss=0.012161, Pos=0.012037, Vel=0.00006186]Epoch 2/200 [TRAIN]:  17%|█▋        | 675/4032 [01:07<04:45, 11.77it/s, Loss=0.012150, Pos=0.012027, Vel=0.00006181]Epoch 2/200 [TRAIN]:  17%|█▋        | 675/4032 [01:08<04:45, 11.77it/s, Loss=0.012143, Pos=0.012020, Vel=0.00006176]Epoch 2/200 [TRAIN]:  17%|█▋        | 677/4032 [01:08<05:15, 10.63it/s, Loss=0.012143, Pos=0.012020, Vel=0.00006176]Epoch 2/200 [TRAIN]:  17%|█▋        | 677/4032 [01:08<05:15, 10.63it/s, Loss=0.012132, Pos=0.012008, Vel=0.00006180]Epoch 2/200 [TRAIN]:  17%|█▋        | 677/4032 [01:08<05:15, 10.63it/s, Loss=0.012150, Pos=0.012027, Vel=0.00006182]Epoch 2/200 [TRAIN]:  17%|█▋        | 679/4032 [01:08<04:44, 11.76it/s, Loss=0.012150, Pos=0.012027, Vel=0.00006182]Epoch 2/200 [TRAIN]:  17%|█▋        | 679/4032 [01:08<04:44, 11.76it/s, Loss=0.012139, Pos=0.012015, Vel=0.00006191]Epoch 2/200 [TRAIN]:  17%|█▋        | 679/4032 [01:08<04:44, 11.76it/s, Loss=0.012134, Pos=0.012010, Vel=0.00006187]Epoch 2/200 [TRAIN]:  17%|█▋        | 681/4032 [01:08<05:13, 10.68it/s, Loss=0.012134, Pos=0.012010, Vel=0.00006187]Epoch 2/200 [TRAIN]:  17%|█▋        | 681/4032 [01:08<05:13, 10.68it/s, Loss=0.012136, Pos=0.012012, Vel=0.00006188]Epoch 2/200 [TRAIN]:  17%|█▋        | 681/4032 [01:08<05:13, 10.68it/s, Loss=0.012125, Pos=0.012001, Vel=0.00006182]Epoch 2/200 [TRAIN]:  17%|█▋        | 683/4032 [01:08<05:27, 10.22it/s, Loss=0.012125, Pos=0.012001, Vel=0.00006182]Epoch 2/200 [TRAIN]:  17%|█▋        | 683/4032 [01:08<05:27, 10.22it/s, Loss=0.012113, Pos=0.011990, Vel=0.00006178]Epoch 2/200 [TRAIN]:  17%|█▋        | 683/4032 [01:08<05:27, 10.22it/s, Loss=0.012107, Pos=0.011983, Vel=0.00006175]Epoch 2/200 [TRAIN]:  17%|█▋        | 685/4032 [01:08<05:42,  9.76it/s, Loss=0.012107, Pos=0.011983, Vel=0.00006175]Epoch 2/200 [TRAIN]:  17%|█▋        | 685/4032 [01:08<05:42,  9.76it/s, Loss=0.012123, Pos=0.011999, Vel=0.00006185]Epoch 2/200 [TRAIN]:  17%|█▋        | 685/4032 [01:09<05:42,  9.76it/s, Loss=0.012240, Pos=0.012117, Vel=0.00006184]Epoch 2/200 [TRAIN]:  17%|█▋        | 687/4032 [01:09<05:50,  9.53it/s, Loss=0.012240, Pos=0.012117, Vel=0.00006184]Epoch 2/200 [TRAIN]:  17%|█▋        | 687/4032 [01:09<05:50,  9.53it/s, Loss=0.012227, Pos=0.012103, Vel=0.00006178]Epoch 2/200 [TRAIN]:  17%|█▋        | 688/4032 [01:09<05:53,  9.45it/s, Loss=0.012227, Pos=0.012103, Vel=0.00006178]Epoch 2/200 [TRAIN]:  17%|█▋        | 688/4032 [01:09<05:53,  9.45it/s, Loss=0.012224, Pos=0.012100, Vel=0.00006182]Epoch 2/200 [TRAIN]:  17%|█▋        | 689/4032 [01:09<05:53,  9.47it/s, Loss=0.012224, Pos=0.012100, Vel=0.00006182]Epoch 2/200 [TRAIN]:  17%|█▋        | 689/4032 [01:09<05:53,  9.47it/s, Loss=0.012227, Pos=0.012103, Vel=0.00006189]Epoch 2/200 [TRAIN]:  17%|█▋        | 689/4032 [01:09<05:53,  9.47it/s, Loss=0.012268, Pos=0.012144, Vel=0.00006185]Epoch 2/200 [TRAIN]:  17%|█▋        | 691/4032 [01:09<05:53,  9.45it/s, Loss=0.012268, Pos=0.012144, Vel=0.00006185]Epoch 2/200 [TRAIN]:  17%|█▋        | 691/4032 [01:09<05:53,  9.45it/s, Loss=0.012258, Pos=0.012134, Vel=0.00006181]Epoch 2/200 [TRAIN]:  17%|█▋        | 692/4032 [01:09<05:58,  9.32it/s, Loss=0.012258, Pos=0.012134, Vel=0.00006181]Epoch 2/200 [TRAIN]:  17%|█▋        | 692/4032 [01:09<05:58,  9.32it/s, Loss=0.012267, Pos=0.012143, Vel=0.00006177]Epoch 2/200 [TRAIN]:  17%|█▋        | 693/4032 [01:09<05:53,  9.46it/s, Loss=0.012267, Pos=0.012143, Vel=0.00006177]Epoch 2/200 [TRAIN]:  17%|█▋        | 693/4032 [01:09<05:53,  9.46it/s, Loss=0.012262, Pos=0.012138, Vel=0.00006172]Epoch 2/200 [TRAIN]:  17%|█▋        | 694/4032 [01:09<05:51,  9.51it/s, Loss=0.012262, Pos=0.012138, Vel=0.00006172]Epoch 2/200 [TRAIN]:  17%|█▋        | 694/4032 [01:09<05:51,  9.51it/s, Loss=0.012248, Pos=0.012124, Vel=0.00006171]Epoch 2/200 [TRAIN]:  17%|█▋        | 695/4032 [01:09<05:48,  9.56it/s, Loss=0.012248, Pos=0.012124, Vel=0.00006171]Epoch 2/200 [TRAIN]:  17%|█▋        | 695/4032 [01:10<05:48,  9.56it/s, Loss=0.012239, Pos=0.012116, Vel=0.00006165]Epoch 2/200 [TRAIN]:  17%|█▋        | 696/4032 [01:10<05:53,  9.43it/s, Loss=0.012239, Pos=0.012116, Vel=0.00006165]Epoch 2/200 [TRAIN]:  17%|█▋        | 696/4032 [01:10<05:53,  9.43it/s, Loss=0.012238, Pos=0.012115, Vel=0.00006160]Epoch 2/200 [TRAIN]:  17%|█▋        | 696/4032 [01:10<05:53,  9.43it/s, Loss=0.012238, Pos=0.012115, Vel=0.00006156]Epoch 2/200 [TRAIN]:  17%|█▋        | 698/4032 [01:10<05:20, 10.42it/s, Loss=0.012238, Pos=0.012115, Vel=0.00006156]Epoch 2/200 [TRAIN]:  17%|█▋        | 698/4032 [01:10<05:20, 10.42it/s, Loss=0.012245, Pos=0.012122, Vel=0.00006159]Epoch 2/200 [TRAIN]:  17%|█▋        | 698/4032 [01:10<05:20, 10.42it/s, Loss=0.012235, Pos=0.012112, Vel=0.00006156]Epoch 2/200 [TRAIN]:  17%|█▋        | 700/4032 [01:10<05:42,  9.74it/s, Loss=0.012235, Pos=0.012112, Vel=0.00006156]Epoch 2/200 [TRAIN]:  17%|█▋        | 700/4032 [01:10<05:42,  9.74it/s, Loss=0.012221, Pos=0.012098, Vel=0.00006151]Epoch 2/200 [TRAIN]:  17%|█▋        | 701/4032 [01:10<05:46,  9.61it/s, Loss=0.012221, Pos=0.012098, Vel=0.00006151]Epoch 2/200 [TRAIN]:  17%|█▋        | 701/4032 [01:10<05:46,  9.61it/s, Loss=0.012225, Pos=0.012102, Vel=0.00006146]Epoch 2/200 [TRAIN]:  17%|█▋        | 702/4032 [01:10<05:54,  9.39it/s, Loss=0.012225, Pos=0.012102, Vel=0.00006146]Epoch 2/200 [TRAIN]:  17%|█▋        | 702/4032 [01:10<05:54,  9.39it/s, Loss=0.012245, Pos=0.012122, Vel=0.00006143]Epoch 2/200 [TRAIN]:  17%|█▋        | 703/4032 [01:10<05:58,  9.29it/s, Loss=0.012245, Pos=0.012122, Vel=0.00006143]Epoch 2/200 [TRAIN]:  17%|█▋        | 703/4032 [01:10<05:58,  9.29it/s, Loss=0.012253, Pos=0.012130, Vel=0.00006145]Epoch 2/200 [TRAIN]:  17%|█▋        | 703/4032 [01:10<05:58,  9.29it/s, Loss=0.012241, Pos=0.012118, Vel=0.00006142]Epoch 2/200 [TRAIN]:  17%|█▋        | 705/4032 [01:10<05:50,  9.48it/s, Loss=0.012241, Pos=0.012118, Vel=0.00006142]Epoch 2/200 [TRAIN]:  17%|█▋        | 705/4032 [01:11<05:50,  9.48it/s, Loss=0.012251, Pos=0.012128, Vel=0.00006141]Epoch 2/200 [TRAIN]:  18%|█▊        | 706/4032 [01:11<05:58,  9.29it/s, Loss=0.012251, Pos=0.012128, Vel=0.00006141]Epoch 2/200 [TRAIN]:  18%|█▊        | 706/4032 [01:11<05:58,  9.29it/s, Loss=0.012239, Pos=0.012116, Vel=0.00006136]Epoch 2/200 [TRAIN]:  18%|█▊        | 707/4032 [01:11<06:08,  9.02it/s, Loss=0.012239, Pos=0.012116, Vel=0.00006136]Epoch 2/200 [TRAIN]:  18%|█▊        | 707/4032 [01:11<06:08,  9.02it/s, Loss=0.012233, Pos=0.012110, Vel=0.00006141]Epoch 2/200 [TRAIN]:  18%|█▊        | 708/4032 [01:11<05:59,  9.24it/s, Loss=0.012233, Pos=0.012110, Vel=0.00006141]Epoch 2/200 [TRAIN]:  18%|█▊        | 708/4032 [01:11<05:59,  9.24it/s, Loss=0.012231, Pos=0.012108, Vel=0.00006138]Epoch 2/200 [TRAIN]:  18%|█▊        | 709/4032 [01:11<06:06,  9.07it/s, Loss=0.012231, Pos=0.012108, Vel=0.00006138]Epoch 2/200 [TRAIN]:  18%|█▊        | 709/4032 [01:11<06:06,  9.07it/s, Loss=0.012220, Pos=0.012097, Vel=0.00006134]Epoch 2/200 [TRAIN]:  18%|█▊        | 709/4032 [01:11<06:06,  9.07it/s, Loss=0.012216, Pos=0.012094, Vel=0.00006131]Epoch 2/200 [TRAIN]:  18%|█▊        | 711/4032 [01:11<05:54,  9.36it/s, Loss=0.012216, Pos=0.012094, Vel=0.00006131]Epoch 2/200 [TRAIN]:  18%|█▊        | 711/4032 [01:11<05:54,  9.36it/s, Loss=0.012217, Pos=0.012094, Vel=0.00006125]Epoch 2/200 [TRAIN]:  18%|█▊        | 712/4032 [01:11<05:57,  9.29it/s, Loss=0.012217, Pos=0.012094, Vel=0.00006125]Epoch 2/200 [TRAIN]:  18%|█▊        | 712/4032 [01:11<05:57,  9.29it/s, Loss=0.012214, Pos=0.012092, Vel=0.00006121]Epoch 2/200 [TRAIN]:  18%|█▊        | 713/4032 [01:11<05:59,  9.23it/s, Loss=0.012214, Pos=0.012092, Vel=0.00006121]Epoch 2/200 [TRAIN]:  18%|█▊        | 713/4032 [01:11<05:59,  9.23it/s, Loss=0.012205, Pos=0.012083, Vel=0.00006130]Epoch 2/200 [TRAIN]:  18%|█▊        | 714/4032 [01:11<06:06,  9.06it/s, Loss=0.012205, Pos=0.012083, Vel=0.00006130]Epoch 2/200 [TRAIN]:  18%|█▊        | 714/4032 [01:12<06:06,  9.06it/s, Loss=0.012194, Pos=0.012071, Vel=0.00006128]Epoch 2/200 [TRAIN]:  18%|█▊        | 715/4032 [01:12<06:09,  8.97it/s, Loss=0.012194, Pos=0.012071, Vel=0.00006128]Epoch 2/200 [TRAIN]:  18%|█▊        | 715/4032 [01:12<06:09,  8.97it/s, Loss=0.012183, Pos=0.012060, Vel=0.00006123]Epoch 2/200 [TRAIN]:  18%|█▊        | 715/4032 [01:12<06:09,  8.97it/s, Loss=0.012171, Pos=0.012049, Vel=0.00006121]Epoch 2/200 [TRAIN]:  18%|█▊        | 717/4032 [01:12<05:37,  9.84it/s, Loss=0.012171, Pos=0.012049, Vel=0.00006121]Epoch 2/200 [TRAIN]:  18%|█▊        | 717/4032 [01:12<05:37,  9.84it/s, Loss=0.012164, Pos=0.012041, Vel=0.00006119]Epoch 2/200 [TRAIN]:  18%|█▊        | 718/4032 [01:12<05:43,  9.65it/s, Loss=0.012164, Pos=0.012041, Vel=0.00006119]Epoch 2/200 [TRAIN]:  18%|█▊        | 718/4032 [01:12<05:43,  9.65it/s, Loss=0.012168, Pos=0.012045, Vel=0.00006117]Epoch 2/200 [TRAIN]:  18%|█▊        | 719/4032 [01:12<05:54,  9.34it/s, Loss=0.012168, Pos=0.012045, Vel=0.00006117]Epoch 2/200 [TRAIN]:  18%|█▊        | 719/4032 [01:12<05:54,  9.34it/s, Loss=0.012164, Pos=0.012041, Vel=0.00006114]Epoch 2/200 [TRAIN]:  18%|█▊        | 720/4032 [01:12<05:56,  9.28it/s, Loss=0.012164, Pos=0.012041, Vel=0.00006114]Epoch 2/200 [TRAIN]:  18%|█▊        | 720/4032 [01:12<05:56,  9.28it/s, Loss=0.012164, Pos=0.012042, Vel=0.00006113]Epoch 2/200 [TRAIN]:  18%|█▊        | 721/4032 [01:12<05:58,  9.23it/s, Loss=0.012164, Pos=0.012042, Vel=0.00006113]Epoch 2/200 [TRAIN]:  18%|█▊        | 721/4032 [01:12<05:58,  9.23it/s, Loss=0.012151, Pos=0.012029, Vel=0.00006106]Epoch 2/200 [TRAIN]:  18%|█▊        | 722/4032 [01:12<06:00,  9.18it/s, Loss=0.012151, Pos=0.012029, Vel=0.00006106]Epoch 2/200 [TRAIN]:  18%|█▊        | 722/4032 [01:12<06:00,  9.18it/s, Loss=0.012155, Pos=0.012033, Vel=0.00006110]Epoch 2/200 [TRAIN]:  18%|█▊        | 723/4032 [01:12<06:06,  9.03it/s, Loss=0.012155, Pos=0.012033, Vel=0.00006110]Epoch 2/200 [TRAIN]:  18%|█▊        | 723/4032 [01:13<06:06,  9.03it/s, Loss=0.012168, Pos=0.012046, Vel=0.00006116]Epoch 2/200 [TRAIN]:  18%|█▊        | 724/4032 [01:13<06:07,  8.99it/s, Loss=0.012168, Pos=0.012046, Vel=0.00006116]Epoch 2/200 [TRAIN]:  18%|█▊        | 724/4032 [01:13<06:07,  8.99it/s, Loss=0.012163, Pos=0.012041, Vel=0.00006116]Epoch 2/200 [TRAIN]:  18%|█▊        | 725/4032 [01:13<06:11,  8.90it/s, Loss=0.012163, Pos=0.012041, Vel=0.00006116]Epoch 2/200 [TRAIN]:  18%|█▊        | 725/4032 [01:13<06:11,  8.90it/s, Loss=0.012154, Pos=0.012032, Vel=0.00006113]Epoch 2/200 [TRAIN]:  18%|█▊        | 726/4032 [01:13<06:14,  8.82it/s, Loss=0.012154, Pos=0.012032, Vel=0.00006113]Epoch 2/200 [TRAIN]:  18%|█▊        | 726/4032 [01:13<06:14,  8.82it/s, Loss=0.012141, Pos=0.012019, Vel=0.00006112]Epoch 2/200 [TRAIN]:  18%|█▊        | 727/4032 [01:13<06:14,  8.82it/s, Loss=0.012141, Pos=0.012019, Vel=0.00006112]Epoch 2/200 [TRAIN]:  18%|█▊        | 727/4032 [01:13<06:14,  8.82it/s, Loss=0.012236, Pos=0.012114, Vel=0.00006118]Epoch 2/200 [TRAIN]:  18%|█▊        | 728/4032 [01:13<06:08,  8.96it/s, Loss=0.012236, Pos=0.012114, Vel=0.00006118]Epoch 2/200 [TRAIN]:  18%|█▊        | 728/4032 [01:13<06:08,  8.96it/s, Loss=0.012226, Pos=0.012103, Vel=0.00006112]Epoch 2/200 [TRAIN]:  18%|█▊        | 729/4032 [01:13<06:02,  9.12it/s, Loss=0.012226, Pos=0.012103, Vel=0.00006112]Epoch 2/200 [TRAIN]:  18%|█▊        | 729/4032 [01:13<06:02,  9.12it/s, Loss=0.012242, Pos=0.012120, Vel=0.00006120]Epoch 2/200 [TRAIN]:  18%|█▊        | 730/4032 [01:13<06:05,  9.05it/s, Loss=0.012242, Pos=0.012120, Vel=0.00006120]Epoch 2/200 [TRAIN]:  18%|█▊        | 730/4032 [01:13<06:05,  9.05it/s, Loss=0.012243, Pos=0.012121, Vel=0.00006119]Epoch 2/200 [TRAIN]:  18%|█▊        | 731/4032 [01:13<06:09,  8.92it/s, Loss=0.012243, Pos=0.012121, Vel=0.00006119]Epoch 2/200 [TRAIN]:  18%|█▊        | 731/4032 [01:13<06:09,  8.92it/s, Loss=0.012232, Pos=0.012109, Vel=0.00006117]Epoch 2/200 [TRAIN]:  18%|█▊        | 732/4032 [01:13<06:11,  8.87it/s, Loss=0.012232, Pos=0.012109, Vel=0.00006117]Epoch 2/200 [TRAIN]:  18%|█▊        | 732/4032 [01:13<06:11,  8.87it/s, Loss=0.012221, Pos=0.012099, Vel=0.00006116]Epoch 2/200 [TRAIN]:  18%|█▊        | 732/4032 [01:14<06:11,  8.87it/s, Loss=0.012228, Pos=0.012106, Vel=0.00006122]Epoch 2/200 [TRAIN]:  18%|█▊        | 734/4032 [01:14<05:27, 10.07it/s, Loss=0.012228, Pos=0.012106, Vel=0.00006122]Epoch 2/200 [TRAIN]:  18%|█▊        | 734/4032 [01:14<05:27, 10.07it/s, Loss=0.012220, Pos=0.012098, Vel=0.00006118]Epoch 2/200 [TRAIN]:  18%|█▊        | 734/4032 [01:14<05:27, 10.07it/s, Loss=0.012232, Pos=0.012109, Vel=0.00006125]Epoch 2/200 [TRAIN]:  18%|█▊        | 736/4032 [01:14<05:17, 10.38it/s, Loss=0.012232, Pos=0.012109, Vel=0.00006125]Epoch 2/200 [TRAIN]:  18%|█▊        | 736/4032 [01:14<05:17, 10.38it/s, Loss=0.012222, Pos=0.012099, Vel=0.00006120]Epoch 2/200 [TRAIN]:  18%|█▊        | 736/4032 [01:14<05:17, 10.38it/s, Loss=0.012217, Pos=0.012095, Vel=0.00006117]Epoch 2/200 [TRAIN]:  18%|█▊        | 738/4032 [01:14<05:38,  9.73it/s, Loss=0.012217, Pos=0.012095, Vel=0.00006117]Epoch 2/200 [TRAIN]:  18%|█▊        | 738/4032 [01:14<05:38,  9.73it/s, Loss=0.012205, Pos=0.012082, Vel=0.00006122]Epoch 2/200 [TRAIN]:  18%|█▊        | 738/4032 [01:14<05:38,  9.73it/s, Loss=0.012195, Pos=0.012072, Vel=0.00006118]Epoch 2/200 [TRAIN]:  18%|█▊        | 740/4032 [01:14<05:17, 10.35it/s, Loss=0.012195, Pos=0.012072, Vel=0.00006118]Epoch 2/200 [TRAIN]:  18%|█▊        | 740/4032 [01:14<05:17, 10.35it/s, Loss=0.012193, Pos=0.012071, Vel=0.00006118]Epoch 2/200 [TRAIN]:  18%|█▊        | 740/4032 [01:14<05:17, 10.35it/s, Loss=0.012189, Pos=0.012066, Vel=0.00006113]Epoch 2/200 [TRAIN]:  18%|█▊        | 742/4032 [01:14<05:22, 10.21it/s, Loss=0.012189, Pos=0.012066, Vel=0.00006113]Epoch 2/200 [TRAIN]:  18%|█▊        | 742/4032 [01:14<05:22, 10.21it/s, Loss=0.012180, Pos=0.012058, Vel=0.00006118]Epoch 2/200 [TRAIN]:  18%|█▊        | 742/4032 [01:15<05:22, 10.21it/s, Loss=0.012165, Pos=0.012043, Vel=0.00006114]Epoch 2/200 [TRAIN]:  18%|█▊        | 744/4032 [01:15<05:35,  9.81it/s, Loss=0.012165, Pos=0.012043, Vel=0.00006114]Epoch 2/200 [TRAIN]:  18%|█▊        | 744/4032 [01:15<05:35,  9.81it/s, Loss=0.012168, Pos=0.012046, Vel=0.00006112]Epoch 2/200 [TRAIN]:  18%|█▊        | 745/4032 [01:15<05:41,  9.63it/s, Loss=0.012168, Pos=0.012046, Vel=0.00006112]Epoch 2/200 [TRAIN]:  18%|█▊        | 745/4032 [01:15<05:41,  9.63it/s, Loss=0.012164, Pos=0.012042, Vel=0.00006112]Epoch 2/200 [TRAIN]:  19%|█▊        | 746/4032 [01:15<05:47,  9.46it/s, Loss=0.012164, Pos=0.012042, Vel=0.00006112]Epoch 2/200 [TRAIN]:  19%|█▊        | 746/4032 [01:15<05:47,  9.46it/s, Loss=0.012168, Pos=0.012046, Vel=0.00006110]Epoch 2/200 [TRAIN]:  19%|█▊        | 747/4032 [01:15<05:52,  9.32it/s, Loss=0.012168, Pos=0.012046, Vel=0.00006110]Epoch 2/200 [TRAIN]:  19%|█▊        | 747/4032 [01:15<05:52,  9.32it/s, Loss=0.012188, Pos=0.012066, Vel=0.00006130]Epoch 2/200 [TRAIN]:  19%|█▊        | 748/4032 [01:15<05:56,  9.21it/s, Loss=0.012188, Pos=0.012066, Vel=0.00006130]Epoch 2/200 [TRAIN]:  19%|█▊        | 748/4032 [01:15<05:56,  9.21it/s, Loss=0.012176, Pos=0.012053, Vel=0.00006127]Epoch 2/200 [TRAIN]:  19%|█▊        | 748/4032 [01:15<05:56,  9.21it/s, Loss=0.012175, Pos=0.012052, Vel=0.00006129]Epoch 2/200 [TRAIN]:  19%|█▊        | 750/4032 [01:15<05:11, 10.55it/s, Loss=0.012175, Pos=0.012052, Vel=0.00006129]Epoch 2/200 [TRAIN]:  19%|█▊        | 750/4032 [01:15<05:11, 10.55it/s, Loss=0.012305, Pos=0.012182, Vel=0.00006133]Epoch 2/200 [TRAIN]:  19%|█▊        | 750/4032 [01:15<05:11, 10.55it/s, Loss=0.012401, Pos=0.012279, Vel=0.00006137]Epoch 2/200 [TRAIN]:  19%|█▊        | 750/4032 [01:15<05:11, 10.55it/s, Loss=0.012391, Pos=0.012268, Vel=0.00006134]Epoch 2/200 [TRAIN]:  19%|█▊        | 753/4032 [01:15<04:38, 11.79it/s, Loss=0.012391, Pos=0.012268, Vel=0.00006134]Epoch 2/200 [TRAIN]:  19%|█▊        | 753/4032 [01:15<04:38, 11.79it/s, Loss=0.012388, Pos=0.012266, Vel=0.00006132]Epoch 2/200 [TRAIN]:  19%|█▊        | 753/4032 [01:16<04:38, 11.79it/s, Loss=0.012385, Pos=0.012262, Vel=0.00006126]Epoch 2/200 [TRAIN]:  19%|█▊        | 755/4032 [01:16<04:48, 11.35it/s, Loss=0.012385, Pos=0.012262, Vel=0.00006126]Epoch 2/200 [TRAIN]:  19%|█▊        | 755/4032 [01:16<04:48, 11.35it/s, Loss=0.012373, Pos=0.012251, Vel=0.00006123]Epoch 2/200 [TRAIN]:  19%|█▊        | 755/4032 [01:16<04:48, 11.35it/s, Loss=0.012364, Pos=0.012242, Vel=0.00006117]Epoch 2/200 [TRAIN]:  19%|█▉        | 757/4032 [01:16<05:12, 10.49it/s, Loss=0.012364, Pos=0.012242, Vel=0.00006117]Epoch 2/200 [TRAIN]:  19%|█▉        | 757/4032 [01:16<05:12, 10.49it/s, Loss=0.012380, Pos=0.012257, Vel=0.00006121]Epoch 2/200 [TRAIN]:  19%|█▉        | 757/4032 [01:16<05:12, 10.49it/s, Loss=0.012376, Pos=0.012254, Vel=0.00006119]Epoch 2/200 [TRAIN]:  19%|█▉        | 759/4032 [01:16<05:15, 10.38it/s, Loss=0.012376, Pos=0.012254, Vel=0.00006119]Epoch 2/200 [TRAIN]:  19%|█▉        | 759/4032 [01:16<05:15, 10.38it/s, Loss=0.012380, Pos=0.012257, Vel=0.00006115]Epoch 2/200 [TRAIN]:  19%|█▉        | 759/4032 [01:16<05:15, 10.38it/s, Loss=0.012406, Pos=0.012284, Vel=0.00006114]Epoch 2/200 [TRAIN]:  19%|█▉        | 761/4032 [01:16<05:31,  9.87it/s, Loss=0.012406, Pos=0.012284, Vel=0.00006114]Epoch 2/200 [TRAIN]:  19%|█▉        | 761/4032 [01:16<05:31,  9.87it/s, Loss=0.012398, Pos=0.012276, Vel=0.00006108]Epoch 2/200 [TRAIN]:  19%|█▉        | 762/4032 [01:16<05:39,  9.62it/s, Loss=0.012398, Pos=0.012276, Vel=0.00006108]Epoch 2/200 [TRAIN]:  19%|█▉        | 762/4032 [01:16<05:39,  9.62it/s, Loss=0.012388, Pos=0.012266, Vel=0.00006107]Epoch 2/200 [TRAIN]:  19%|█▉        | 763/4032 [01:16<05:44,  9.49it/s, Loss=0.012388, Pos=0.012266, Vel=0.00006107]Epoch 2/200 [TRAIN]:  19%|█▉        | 763/4032 [01:17<05:44,  9.49it/s, Loss=0.012457, Pos=0.012335, Vel=0.00006102]Epoch 2/200 [TRAIN]:  19%|█▉        | 763/4032 [01:17<05:44,  9.49it/s, Loss=0.012465, Pos=0.012343, Vel=0.00006099]Epoch 2/200 [TRAIN]:  19%|█▉        | 765/4032 [01:17<05:31,  9.85it/s, Loss=0.012465, Pos=0.012343, Vel=0.00006099]Epoch 2/200 [TRAIN]:  19%|█▉        | 765/4032 [01:17<05:31,  9.85it/s, Loss=0.012453, Pos=0.012331, Vel=0.00006095]Epoch 2/200 [TRAIN]:  19%|█▉        | 765/4032 [01:17<05:31,  9.85it/s, Loss=0.012453, Pos=0.012331, Vel=0.00006091]Epoch 2/200 [TRAIN]:  19%|█▉        | 767/4032 [01:17<05:35,  9.73it/s, Loss=0.012453, Pos=0.012331, Vel=0.00006091]Epoch 2/200 [TRAIN]:  19%|█▉        | 767/4032 [01:17<05:35,  9.73it/s, Loss=0.012461, Pos=0.012339, Vel=0.00006087]Epoch 2/200 [TRAIN]:  19%|█▉        | 768/4032 [01:17<05:47,  9.39it/s, Loss=0.012461, Pos=0.012339, Vel=0.00006087]Epoch 2/200 [TRAIN]:  19%|█▉        | 768/4032 [01:17<05:47,  9.39it/s, Loss=0.012449, Pos=0.012327, Vel=0.00006082]Epoch 2/200 [TRAIN]:  19%|█▉        | 769/4032 [01:17<05:43,  9.50it/s, Loss=0.012449, Pos=0.012327, Vel=0.00006082]Epoch 2/200 [TRAIN]:  19%|█▉        | 769/4032 [01:17<05:43,  9.50it/s, Loss=0.012452, Pos=0.012331, Vel=0.00006079]Epoch 2/200 [TRAIN]:  19%|█▉        | 770/4032 [01:17<05:54,  9.20it/s, Loss=0.012452, Pos=0.012331, Vel=0.00006079]Epoch 2/200 [TRAIN]:  19%|█▉        | 770/4032 [01:17<05:54,  9.20it/s, Loss=0.012448, Pos=0.012327, Vel=0.00006077]Epoch 2/200 [TRAIN]:  19%|█▉        | 770/4032 [01:17<05:54,  9.20it/s, Loss=0.012443, Pos=0.012322, Vel=0.00006072]Epoch 2/200 [TRAIN]:  19%|█▉        | 772/4032 [01:17<05:56,  9.15it/s, Loss=0.012443, Pos=0.012322, Vel=0.00006072]Epoch 2/200 [TRAIN]:  19%|█▉        | 772/4032 [01:18<05:56,  9.15it/s, Loss=0.012438, Pos=0.012317, Vel=0.00006071]Epoch 2/200 [TRAIN]:  19%|█▉        | 772/4032 [01:18<05:56,  9.15it/s, Loss=0.012428, Pos=0.012307, Vel=0.00006069]Epoch 2/200 [TRAIN]:  19%|█▉        | 774/4032 [01:18<05:56,  9.15it/s, Loss=0.012428, Pos=0.012307, Vel=0.00006069]Epoch 2/200 [TRAIN]:  19%|█▉        | 774/4032 [01:18<05:56,  9.15it/s, Loss=0.012430, Pos=0.012309, Vel=0.00006066]Epoch 2/200 [TRAIN]:  19%|█▉        | 775/4032 [01:18<05:50,  9.29it/s, Loss=0.012430, Pos=0.012309, Vel=0.00006066]Epoch 2/200 [TRAIN]:  19%|█▉        | 775/4032 [01:18<05:50,  9.29it/s, Loss=0.012422, Pos=0.012301, Vel=0.00006061]Epoch 2/200 [TRAIN]:  19%|█▉        | 776/4032 [01:18<05:58,  9.07it/s, Loss=0.012422, Pos=0.012301, Vel=0.00006061]Epoch 2/200 [TRAIN]:  19%|█▉        | 776/4032 [01:18<05:58,  9.07it/s, Loss=0.012426, Pos=0.012304, Vel=0.00006062]Epoch 2/200 [TRAIN]:  19%|█▉        | 776/4032 [01:18<05:58,  9.07it/s, Loss=0.012527, Pos=0.012405, Vel=0.00006114]Epoch 2/200 [TRAIN]:  19%|█▉        | 778/4032 [01:18<05:56,  9.13it/s, Loss=0.012527, Pos=0.012405, Vel=0.00006114]Epoch 2/200 [TRAIN]:  19%|█▉        | 778/4032 [01:18<05:56,  9.13it/s, Loss=0.012522, Pos=0.012400, Vel=0.00006110]Epoch 2/200 [TRAIN]:  19%|█▉        | 778/4032 [01:18<05:56,  9.13it/s, Loss=0.012511, Pos=0.012389, Vel=0.00006105]Epoch 2/200 [TRAIN]:  19%|█▉        | 780/4032 [01:18<05:24, 10.04it/s, Loss=0.012511, Pos=0.012389, Vel=0.00006105]Epoch 2/200 [TRAIN]:  19%|█▉        | 780/4032 [01:18<05:24, 10.04it/s, Loss=0.012519, Pos=0.012397, Vel=0.00006102]Epoch 2/200 [TRAIN]:  19%|█▉        | 780/4032 [01:18<05:24, 10.04it/s, Loss=0.012508, Pos=0.012386, Vel=0.00006097]Epoch 2/200 [TRAIN]:  19%|█▉        | 782/4032 [01:18<05:38,  9.60it/s, Loss=0.012508, Pos=0.012386, Vel=0.00006097]Epoch 2/200 [TRAIN]:  19%|█▉        | 782/4032 [01:19<05:38,  9.60it/s, Loss=0.012496, Pos=0.012374, Vel=0.00006092]Epoch 2/200 [TRAIN]:  19%|█▉        | 782/4032 [01:19<05:38,  9.60it/s, Loss=0.012483, Pos=0.012362, Vel=0.00006092]Epoch 2/200 [TRAIN]:  19%|█▉        | 784/4032 [01:19<05:39,  9.55it/s, Loss=0.012483, Pos=0.012362, Vel=0.00006092]Epoch 2/200 [TRAIN]:  19%|█▉        | 784/4032 [01:19<05:39,  9.55it/s, Loss=0.012487, Pos=0.012366, Vel=0.00006093]Epoch 2/200 [TRAIN]:  19%|█▉        | 785/4032 [01:19<05:37,  9.61it/s, Loss=0.012487, Pos=0.012366, Vel=0.00006093]Epoch 2/200 [TRAIN]:  19%|█▉        | 785/4032 [01:19<05:37,  9.61it/s, Loss=0.012482, Pos=0.012360, Vel=0.00006096]Epoch 2/200 [TRAIN]:  19%|█▉        | 786/4032 [01:19<05:47,  9.33it/s, Loss=0.012482, Pos=0.012360, Vel=0.00006096]Epoch 2/200 [TRAIN]:  19%|█▉        | 786/4032 [01:19<05:47,  9.33it/s, Loss=0.012489, Pos=0.012367, Vel=0.00006101]Epoch 2/200 [TRAIN]:  20%|█▉        | 787/4032 [01:19<05:43,  9.45it/s, Loss=0.012489, Pos=0.012367, Vel=0.00006101]Epoch 2/200 [TRAIN]:  20%|█▉        | 787/4032 [01:19<05:43,  9.45it/s, Loss=0.012482, Pos=0.012360, Vel=0.00006098]Epoch 2/200 [TRAIN]:  20%|█▉        | 788/4032 [01:19<05:49,  9.27it/s, Loss=0.012482, Pos=0.012360, Vel=0.00006098]Epoch 2/200 [TRAIN]:  20%|█▉        | 788/4032 [01:19<05:49,  9.27it/s, Loss=0.012474, Pos=0.012352, Vel=0.00006093]Epoch 2/200 [TRAIN]:  20%|█▉        | 788/4032 [01:19<05:49,  9.27it/s, Loss=0.012464, Pos=0.012342, Vel=0.00006088]Epoch 2/200 [TRAIN]:  20%|█▉        | 790/4032 [01:19<05:45,  9.37it/s, Loss=0.012464, Pos=0.012342, Vel=0.00006088]Epoch 2/200 [TRAIN]:  20%|█▉        | 790/4032 [01:19<05:45,  9.37it/s, Loss=0.012466, Pos=0.012344, Vel=0.00006086]Epoch 2/200 [TRAIN]:  20%|█▉        | 791/4032 [01:19<05:53,  9.16it/s, Loss=0.012466, Pos=0.012344, Vel=0.00006086]Epoch 2/200 [TRAIN]:  20%|█▉        | 791/4032 [01:20<05:53,  9.16it/s, Loss=0.012454, Pos=0.012332, Vel=0.00006082]Epoch 2/200 [TRAIN]:  20%|█▉        | 791/4032 [01:20<05:53,  9.16it/s, Loss=0.012470, Pos=0.012348, Vel=0.00006082]Epoch 2/200 [TRAIN]:  20%|█▉        | 793/4032 [01:20<05:38,  9.56it/s, Loss=0.012470, Pos=0.012348, Vel=0.00006082]Epoch 2/200 [TRAIN]:  20%|█▉        | 793/4032 [01:20<05:38,  9.56it/s, Loss=0.012461, Pos=0.012339, Vel=0.00006082]Epoch 2/200 [TRAIN]:  20%|█▉        | 793/4032 [01:20<05:38,  9.56it/s, Loss=0.012455, Pos=0.012333, Vel=0.00006083]Epoch 2/200 [TRAIN]:  20%|█▉        | 795/4032 [01:20<05:37,  9.59it/s, Loss=0.012455, Pos=0.012333, Vel=0.00006083]Epoch 2/200 [TRAIN]:  20%|█▉        | 795/4032 [01:20<05:37,  9.59it/s, Loss=0.012482, Pos=0.012361, Vel=0.00006085]Epoch 2/200 [TRAIN]:  20%|█▉        | 796/4032 [01:20<05:37,  9.58it/s, Loss=0.012482, Pos=0.012361, Vel=0.00006085]Epoch 2/200 [TRAIN]:  20%|█▉        | 796/4032 [01:20<05:37,  9.58it/s, Loss=0.012488, Pos=0.012367, Vel=0.00006085]Epoch 2/200 [TRAIN]:  20%|█▉        | 796/4032 [01:20<05:37,  9.58it/s, Loss=0.012490, Pos=0.012368, Vel=0.00006086]Epoch 2/200 [TRAIN]:  20%|█▉        | 798/4032 [01:20<05:19, 10.12it/s, Loss=0.012490, Pos=0.012368, Vel=0.00006086]Epoch 2/200 [TRAIN]:  20%|█▉        | 798/4032 [01:20<05:19, 10.12it/s, Loss=0.012485, Pos=0.012363, Vel=0.00006093]Epoch 2/200 [TRAIN]:  20%|█▉        | 798/4032 [01:20<05:19, 10.12it/s, Loss=0.012485, Pos=0.012363, Vel=0.00006102]Epoch 2/200 [TRAIN]:  20%|█▉        | 800/4032 [01:20<04:40, 11.53it/s, Loss=0.012485, Pos=0.012363, Vel=0.00006102]Epoch 2/200 [TRAIN]:  20%|█▉        | 800/4032 [01:20<04:40, 11.53it/s, Loss=0.012518, Pos=0.012396, Vel=0.00006097]Epoch 2/200 [TRAIN]:  20%|█▉        | 800/4032 [01:20<04:40, 11.53it/s, Loss=0.012518, Pos=0.012396, Vel=0.00006096]Epoch 2/200 [TRAIN]:  20%|█▉        | 802/4032 [01:20<05:00, 10.74it/s, Loss=0.012518, Pos=0.012396, Vel=0.00006096]Epoch 2/200 [TRAIN]:  20%|█▉        | 802/4032 [01:21<05:00, 10.74it/s, Loss=0.012511, Pos=0.012390, Vel=0.00006092]Epoch 2/200 [TRAIN]:  20%|█▉        | 802/4032 [01:21<05:00, 10.74it/s, Loss=0.012503, Pos=0.012381, Vel=0.00006092]Epoch 2/200 [TRAIN]:  20%|█▉        | 804/4032 [01:21<05:21, 10.04it/s, Loss=0.012503, Pos=0.012381, Vel=0.00006092]Epoch 2/200 [TRAIN]:  20%|█▉        | 804/4032 [01:21<05:21, 10.04it/s, Loss=0.012493, Pos=0.012371, Vel=0.00006089]Epoch 2/200 [TRAIN]:  20%|█▉        | 804/4032 [01:21<05:21, 10.04it/s, Loss=0.012486, Pos=0.012364, Vel=0.00006091]Epoch 2/200 [TRAIN]:  20%|█▉        | 806/4032 [01:21<05:25,  9.91it/s, Loss=0.012486, Pos=0.012364, Vel=0.00006091]Epoch 2/200 [TRAIN]:  20%|█▉        | 806/4032 [01:21<05:25,  9.91it/s, Loss=0.012475, Pos=0.012353, Vel=0.00006089]Epoch 2/200 [TRAIN]:  20%|█▉        | 806/4032 [01:21<05:25,  9.91it/s, Loss=0.012482, Pos=0.012360, Vel=0.00006088]Epoch 2/200 [TRAIN]:  20%|██        | 808/4032 [01:21<05:23,  9.95it/s, Loss=0.012482, Pos=0.012360, Vel=0.00006088]Epoch 2/200 [TRAIN]:  20%|██        | 808/4032 [01:21<05:23,  9.95it/s, Loss=0.012470, Pos=0.012348, Vel=0.00006085]Epoch 2/200 [TRAIN]:  20%|██        | 808/4032 [01:21<05:23,  9.95it/s, Loss=0.012459, Pos=0.012337, Vel=0.00006082]Epoch 2/200 [TRAIN]:  20%|██        | 810/4032 [01:21<05:31,  9.73it/s, Loss=0.012459, Pos=0.012337, Vel=0.00006082]Epoch 2/200 [TRAIN]:  20%|██        | 810/4032 [01:21<05:31,  9.73it/s, Loss=0.012452, Pos=0.012330, Vel=0.00006078]Epoch 2/200 [TRAIN]:  20%|██        | 811/4032 [01:21<05:35,  9.60it/s, Loss=0.012452, Pos=0.012330, Vel=0.00006078]Epoch 2/200 [TRAIN]:  20%|██        | 811/4032 [01:22<05:35,  9.60it/s, Loss=0.012442, Pos=0.012320, Vel=0.00006072]Epoch 2/200 [TRAIN]:  20%|██        | 812/4032 [01:22<05:37,  9.53it/s, Loss=0.012442, Pos=0.012320, Vel=0.00006072]Epoch 2/200 [TRAIN]:  20%|██        | 812/4032 [01:22<05:37,  9.53it/s, Loss=0.012431, Pos=0.012310, Vel=0.00006068]Epoch 2/200 [TRAIN]:  20%|██        | 812/4032 [01:22<05:37,  9.53it/s, Loss=0.012470, Pos=0.012348, Vel=0.00006092]Epoch 2/200 [TRAIN]:  20%|██        | 814/4032 [01:22<04:33, 11.78it/s, Loss=0.012470, Pos=0.012348, Vel=0.00006092]Epoch 2/200 [TRAIN]:  20%|██        | 814/4032 [01:22<04:33, 11.78it/s, Loss=0.012469, Pos=0.012348, Vel=0.00006087]Epoch 2/200 [TRAIN]:  20%|██        | 814/4032 [01:22<04:33, 11.78it/s, Loss=0.012489, Pos=0.012367, Vel=0.00006086]Epoch 2/200 [TRAIN]:  20%|██        | 816/4032 [01:22<05:01, 10.68it/s, Loss=0.012489, Pos=0.012367, Vel=0.00006086]Epoch 2/200 [TRAIN]:  20%|██        | 816/4032 [01:22<05:01, 10.68it/s, Loss=0.012495, Pos=0.012374, Vel=0.00006083]Epoch 2/200 [TRAIN]:  20%|██        | 816/4032 [01:22<05:01, 10.68it/s, Loss=0.012527, Pos=0.012406, Vel=0.00006085]Epoch 2/200 [TRAIN]:  20%|██        | 818/4032 [01:22<05:14, 10.22it/s, Loss=0.012527, Pos=0.012406, Vel=0.00006085]Epoch 2/200 [TRAIN]:  20%|██        | 818/4032 [01:22<05:14, 10.22it/s, Loss=0.012532, Pos=0.012410, Vel=0.00006094]Epoch 2/200 [TRAIN]:  20%|██        | 818/4032 [01:22<05:14, 10.22it/s, Loss=0.012529, Pos=0.012407, Vel=0.00006092]Epoch 2/200 [TRAIN]:  20%|██        | 820/4032 [01:22<05:22,  9.95it/s, Loss=0.012529, Pos=0.012407, Vel=0.00006092]Epoch 2/200 [TRAIN]:  20%|██        | 820/4032 [01:22<05:22,  9.95it/s, Loss=0.012516, Pos=0.012394, Vel=0.00006089]Epoch 2/200 [TRAIN]:  20%|██        | 820/4032 [01:23<05:22,  9.95it/s, Loss=0.012524, Pos=0.012403, Vel=0.00006090]Epoch 2/200 [TRAIN]:  20%|██        | 822/4032 [01:23<05:27,  9.81it/s, Loss=0.012524, Pos=0.012403, Vel=0.00006090]Epoch 2/200 [TRAIN]:  20%|██        | 822/4032 [01:23<05:27,  9.81it/s, Loss=0.012524, Pos=0.012402, Vel=0.00006097]Epoch 2/200 [TRAIN]:  20%|██        | 822/4032 [01:23<05:27,  9.81it/s, Loss=0.012526, Pos=0.012404, Vel=0.00006103]Epoch 2/200 [TRAIN]:  20%|██        | 824/4032 [01:23<05:32,  9.65it/s, Loss=0.012526, Pos=0.012404, Vel=0.00006103]Epoch 2/200 [TRAIN]:  20%|██        | 824/4032 [01:23<05:32,  9.65it/s, Loss=0.012521, Pos=0.012398, Vel=0.00006102]Epoch 2/200 [TRAIN]:  20%|██        | 825/4032 [01:23<05:33,  9.62it/s, Loss=0.012521, Pos=0.012398, Vel=0.00006102]Epoch 2/200 [TRAIN]:  20%|██        | 825/4032 [01:23<05:33,  9.62it/s, Loss=0.012562, Pos=0.012440, Vel=0.00006102]Epoch 2/200 [TRAIN]:  20%|██        | 826/4032 [01:23<05:42,  9.35it/s, Loss=0.012562, Pos=0.012440, Vel=0.00006102]Epoch 2/200 [TRAIN]:  20%|██        | 826/4032 [01:23<05:42,  9.35it/s, Loss=0.012559, Pos=0.012437, Vel=0.00006098]Epoch 2/200 [TRAIN]:  21%|██        | 827/4032 [01:23<05:39,  9.45it/s, Loss=0.012559, Pos=0.012437, Vel=0.00006098]Epoch 2/200 [TRAIN]:  21%|██        | 827/4032 [01:23<05:39,  9.45it/s, Loss=0.012690, Pos=0.012567, Vel=0.00006114]Epoch 2/200 [TRAIN]:  21%|██        | 827/4032 [01:23<05:39,  9.45it/s, Loss=0.012678, Pos=0.012556, Vel=0.00006109]Epoch 2/200 [TRAIN]:  21%|██        | 829/4032 [01:23<05:42,  9.36it/s, Loss=0.012678, Pos=0.012556, Vel=0.00006109]Epoch 2/200 [TRAIN]:  21%|██        | 829/4032 [01:23<05:42,  9.36it/s, Loss=0.012683, Pos=0.012561, Vel=0.00006107]Epoch 2/200 [TRAIN]:  21%|██        | 829/4032 [01:23<05:42,  9.36it/s, Loss=0.012680, Pos=0.012558, Vel=0.00006109]Epoch 2/200 [TRAIN]:  21%|██        | 831/4032 [01:23<05:42,  9.35it/s, Loss=0.012680, Pos=0.012558, Vel=0.00006109]Epoch 2/200 [TRAIN]:  21%|██        | 831/4032 [01:24<05:42,  9.35it/s, Loss=0.012671, Pos=0.012549, Vel=0.00006107]Epoch 2/200 [TRAIN]:  21%|██        | 831/4032 [01:24<05:42,  9.35it/s, Loss=0.012675, Pos=0.012552, Vel=0.00006106]Epoch 2/200 [TRAIN]:  21%|██        | 833/4032 [01:24<05:42,  9.34it/s, Loss=0.012675, Pos=0.012552, Vel=0.00006106]Epoch 2/200 [TRAIN]:  21%|██        | 833/4032 [01:24<05:42,  9.34it/s, Loss=0.012663, Pos=0.012541, Vel=0.00006103]Epoch 2/200 [TRAIN]:  21%|██        | 833/4032 [01:24<05:42,  9.34it/s, Loss=0.012667, Pos=0.012545, Vel=0.00006109]Epoch 2/200 [TRAIN]:  21%|██        | 835/4032 [01:24<05:14, 10.18it/s, Loss=0.012667, Pos=0.012545, Vel=0.00006109]Epoch 2/200 [TRAIN]:  21%|██        | 835/4032 [01:24<05:14, 10.18it/s, Loss=0.012680, Pos=0.012558, Vel=0.00006113]Epoch 2/200 [TRAIN]:  21%|██        | 835/4032 [01:24<05:14, 10.18it/s, Loss=0.012685, Pos=0.012563, Vel=0.00006113]Epoch 2/200 [TRAIN]:  21%|██        | 837/4032 [01:24<05:10, 10.28it/s, Loss=0.012685, Pos=0.012563, Vel=0.00006113]Epoch 2/200 [TRAIN]:  21%|██        | 837/4032 [01:24<05:10, 10.28it/s, Loss=0.012678, Pos=0.012556, Vel=0.00006108]Epoch 2/200 [TRAIN]:  21%|██        | 837/4032 [01:24<05:10, 10.28it/s, Loss=0.012667, Pos=0.012545, Vel=0.00006104]Epoch 2/200 [TRAIN]:  21%|██        | 839/4032 [01:24<05:22,  9.90it/s, Loss=0.012667, Pos=0.012545, Vel=0.00006104]Epoch 2/200 [TRAIN]:  21%|██        | 839/4032 [01:24<05:22,  9.90it/s, Loss=0.012657, Pos=0.012535, Vel=0.00006100]Epoch 2/200 [TRAIN]:  21%|██        | 839/4032 [01:24<05:22,  9.90it/s, Loss=0.012645, Pos=0.012523, Vel=0.00006100]Epoch 2/200 [TRAIN]:  21%|██        | 841/4032 [01:24<05:16, 10.07it/s, Loss=0.012645, Pos=0.012523, Vel=0.00006100]Epoch 2/200 [TRAIN]:  21%|██        | 841/4032 [01:25<05:16, 10.07it/s, Loss=0.012631, Pos=0.012509, Vel=0.00006095]Epoch 2/200 [TRAIN]:  21%|██        | 841/4032 [01:25<05:16, 10.07it/s, Loss=0.012622, Pos=0.012501, Vel=0.00006094]Epoch 2/200 [TRAIN]:  21%|██        | 843/4032 [01:25<05:29,  9.69it/s, Loss=0.012622, Pos=0.012501, Vel=0.00006094]Epoch 2/200 [TRAIN]:  21%|██        | 843/4032 [01:25<05:29,  9.69it/s, Loss=0.012621, Pos=0.012499, Vel=0.00006093]Epoch 2/200 [TRAIN]:  21%|██        | 844/4032 [01:25<05:27,  9.74it/s, Loss=0.012621, Pos=0.012499, Vel=0.00006093]Epoch 2/200 [TRAIN]:  21%|██        | 844/4032 [01:25<05:27,  9.74it/s, Loss=0.012616, Pos=0.012494, Vel=0.00006094]Epoch 2/200 [TRAIN]:  21%|██        | 845/4032 [01:25<05:28,  9.70it/s, Loss=0.012616, Pos=0.012494, Vel=0.00006094]Epoch 2/200 [TRAIN]:  21%|██        | 845/4032 [01:25<05:28,  9.70it/s, Loss=0.012603, Pos=0.012481, Vel=0.00006089]Epoch 2/200 [TRAIN]:  21%|██        | 846/4032 [01:25<05:33,  9.55it/s, Loss=0.012603, Pos=0.012481, Vel=0.00006089]Epoch 2/200 [TRAIN]:  21%|██        | 846/4032 [01:25<05:33,  9.55it/s, Loss=0.012596, Pos=0.012474, Vel=0.00006085]Epoch 2/200 [TRAIN]:  21%|██        | 847/4032 [01:25<05:34,  9.53it/s, Loss=0.012596, Pos=0.012474, Vel=0.00006085]Epoch 2/200 [TRAIN]:  21%|██        | 847/4032 [01:25<05:34,  9.53it/s, Loss=0.012600, Pos=0.012479, Vel=0.00006081]Epoch 2/200 [TRAIN]:  21%|██        | 847/4032 [01:25<05:34,  9.53it/s, Loss=0.012601, Pos=0.012479, Vel=0.00006082]Epoch 2/200 [TRAIN]:  21%|██        | 849/4032 [01:25<05:27,  9.73it/s, Loss=0.012601, Pos=0.012479, Vel=0.00006082]Epoch 2/200 [TRAIN]:  21%|██        | 849/4032 [01:25<05:27,  9.73it/s, Loss=0.012592, Pos=0.012470, Vel=0.00006085]Epoch 2/200 [TRAIN]:  21%|██        | 849/4032 [01:26<05:27,  9.73it/s, Loss=0.012583, Pos=0.012461, Vel=0.00006086]Epoch 2/200 [TRAIN]:  21%|██        | 851/4032 [01:26<05:23,  9.84it/s, Loss=0.012583, Pos=0.012461, Vel=0.00006086]Epoch 2/200 [TRAIN]:  21%|██        | 851/4032 [01:26<05:23,  9.84it/s, Loss=0.012592, Pos=0.012470, Vel=0.00006087]Epoch 2/200 [TRAIN]:  21%|██        | 851/4032 [01:26<05:23,  9.84it/s, Loss=0.012650, Pos=0.012529, Vel=0.00006090]Epoch 2/200 [TRAIN]:  21%|██        | 853/4032 [01:26<04:47, 11.06it/s, Loss=0.012650, Pos=0.012529, Vel=0.00006090]Epoch 2/200 [TRAIN]:  21%|██        | 853/4032 [01:26<04:47, 11.06it/s, Loss=0.012651, Pos=0.012529, Vel=0.00006086]Epoch 2/200 [TRAIN]:  21%|██        | 853/4032 [01:26<04:47, 11.06it/s, Loss=0.012642, Pos=0.012521, Vel=0.00006084]Epoch 2/200 [TRAIN]:  21%|██        | 855/4032 [01:26<05:01, 10.55it/s, Loss=0.012642, Pos=0.012521, Vel=0.00006084]Epoch 2/200 [TRAIN]:  21%|██        | 855/4032 [01:26<05:01, 10.55it/s, Loss=0.012630, Pos=0.012509, Vel=0.00006084]Epoch 2/200 [TRAIN]:  21%|██        | 855/4032 [01:26<05:01, 10.55it/s, Loss=0.012628, Pos=0.012507, Vel=0.00006083]Epoch 2/200 [TRAIN]:  21%|██▏       | 857/4032 [01:26<05:13, 10.12it/s, Loss=0.012628, Pos=0.012507, Vel=0.00006083]Epoch 2/200 [TRAIN]:  21%|██▏       | 857/4032 [01:26<05:13, 10.12it/s, Loss=0.012646, Pos=0.012524, Vel=0.00006089]Epoch 2/200 [TRAIN]:  21%|██▏       | 857/4032 [01:26<05:13, 10.12it/s, Loss=0.012635, Pos=0.012513, Vel=0.00006093]Epoch 2/200 [TRAIN]:  21%|██▏       | 859/4032 [01:26<05:25,  9.75it/s, Loss=0.012635, Pos=0.012513, Vel=0.00006093]Epoch 2/200 [TRAIN]:  21%|██▏       | 859/4032 [01:26<05:25,  9.75it/s, Loss=0.012631, Pos=0.012509, Vel=0.00006096]Epoch 2/200 [TRAIN]:  21%|██▏       | 860/4032 [01:26<05:29,  9.63it/s, Loss=0.012631, Pos=0.012509, Vel=0.00006096]Epoch 2/200 [TRAIN]:  21%|██▏       | 860/4032 [01:27<05:29,  9.63it/s, Loss=0.012627, Pos=0.012506, Vel=0.00006092]Epoch 2/200 [TRAIN]:  21%|██▏       | 861/4032 [01:27<05:33,  9.52it/s, Loss=0.012627, Pos=0.012506, Vel=0.00006092]Epoch 2/200 [TRAIN]:  21%|██▏       | 861/4032 [01:27<05:33,  9.52it/s, Loss=0.012636, Pos=0.012514, Vel=0.00006105]Epoch 2/200 [TRAIN]:  21%|██▏       | 862/4032 [01:27<05:35,  9.46it/s, Loss=0.012636, Pos=0.012514, Vel=0.00006105]Epoch 2/200 [TRAIN]:  21%|██▏       | 862/4032 [01:27<05:35,  9.46it/s, Loss=0.012625, Pos=0.012503, Vel=0.00006103]Epoch 2/200 [TRAIN]:  21%|██▏       | 863/4032 [01:27<05:31,  9.55it/s, Loss=0.012625, Pos=0.012503, Vel=0.00006103]Epoch 2/200 [TRAIN]:  21%|██▏       | 863/4032 [01:27<05:31,  9.55it/s, Loss=0.012622, Pos=0.012500, Vel=0.00006101]Epoch 2/200 [TRAIN]:  21%|██▏       | 864/4032 [01:27<05:36,  9.43it/s, Loss=0.012622, Pos=0.012500, Vel=0.00006101]Epoch 2/200 [TRAIN]:  21%|██▏       | 864/4032 [01:27<05:36,  9.43it/s, Loss=0.012702, Pos=0.012579, Vel=0.00006114]Epoch 2/200 [TRAIN]:  21%|██▏       | 865/4032 [01:27<05:35,  9.44it/s, Loss=0.012702, Pos=0.012579, Vel=0.00006114]Epoch 2/200 [TRAIN]:  21%|██▏       | 865/4032 [01:27<05:35,  9.44it/s, Loss=0.012706, Pos=0.012584, Vel=0.00006123]Epoch 2/200 [TRAIN]:  21%|██▏       | 866/4032 [01:27<05:46,  9.14it/s, Loss=0.012706, Pos=0.012584, Vel=0.00006123]Epoch 2/200 [TRAIN]:  21%|██▏       | 866/4032 [01:27<05:46,  9.14it/s, Loss=0.012696, Pos=0.012574, Vel=0.00006119]Epoch 2/200 [TRAIN]:  21%|██▏       | 866/4032 [01:27<05:46,  9.14it/s, Loss=0.012694, Pos=0.012572, Vel=0.00006119]Epoch 2/200 [TRAIN]:  22%|██▏       | 868/4032 [01:27<05:36,  9.41it/s, Loss=0.012694, Pos=0.012572, Vel=0.00006119]Epoch 2/200 [TRAIN]:  22%|██▏       | 868/4032 [01:27<05:36,  9.41it/s, Loss=0.012717, Pos=0.012595, Vel=0.00006116]Epoch 2/200 [TRAIN]:  22%|██▏       | 869/4032 [01:27<05:49,  9.05it/s, Loss=0.012717, Pos=0.012595, Vel=0.00006116]Epoch 2/200 [TRAIN]:  22%|██▏       | 869/4032 [01:27<05:49,  9.05it/s, Loss=0.012706, Pos=0.012584, Vel=0.00006111]Epoch 2/200 [TRAIN]:  22%|██▏       | 869/4032 [01:28<05:49,  9.05it/s, Loss=0.012696, Pos=0.012574, Vel=0.00006113]Epoch 2/200 [TRAIN]:  22%|██▏       | 871/4032 [01:28<05:37,  9.35it/s, Loss=0.012696, Pos=0.012574, Vel=0.00006113]Epoch 2/200 [TRAIN]:  22%|██▏       | 871/4032 [01:28<05:37,  9.35it/s, Loss=0.012686, Pos=0.012564, Vel=0.00006111]Epoch 2/200 [TRAIN]:  22%|██▏       | 872/4032 [01:28<05:38,  9.34it/s, Loss=0.012686, Pos=0.012564, Vel=0.00006111]Epoch 2/200 [TRAIN]:  22%|██▏       | 872/4032 [01:28<05:38,  9.34it/s, Loss=0.012679, Pos=0.012557, Vel=0.00006110]Epoch 2/200 [TRAIN]:  22%|██▏       | 873/4032 [01:28<05:37,  9.37it/s, Loss=0.012679, Pos=0.012557, Vel=0.00006110]Epoch 2/200 [TRAIN]:  22%|██▏       | 873/4032 [01:28<05:37,  9.37it/s, Loss=0.012674, Pos=0.012552, Vel=0.00006118]Epoch 2/200 [TRAIN]:  22%|██▏       | 874/4032 [01:28<05:41,  9.26it/s, Loss=0.012674, Pos=0.012552, Vel=0.00006118]Epoch 2/200 [TRAIN]:  22%|██▏       | 874/4032 [01:28<05:41,  9.26it/s, Loss=0.012668, Pos=0.012546, Vel=0.00006129]Epoch 2/200 [TRAIN]:  22%|██▏       | 874/4032 [01:28<05:41,  9.26it/s, Loss=0.012688, Pos=0.012565, Vel=0.00006135]Epoch 2/200 [TRAIN]:  22%|██▏       | 876/4032 [01:28<05:22,  9.80it/s, Loss=0.012688, Pos=0.012565, Vel=0.00006135]Epoch 2/200 [TRAIN]:  22%|██▏       | 876/4032 [01:28<05:22,  9.80it/s, Loss=0.012676, Pos=0.012553, Vel=0.00006133]Epoch 2/200 [TRAIN]:  22%|██▏       | 876/4032 [01:28<05:22,  9.80it/s, Loss=0.012676, Pos=0.012553, Vel=0.00006129]Epoch 2/200 [TRAIN]:  22%|██▏       | 878/4032 [01:28<05:22,  9.78it/s, Loss=0.012676, Pos=0.012553, Vel=0.00006129]Epoch 2/200 [TRAIN]:  22%|██▏       | 878/4032 [01:28<05:22,  9.78it/s, Loss=0.012663, Pos=0.012540, Vel=0.00006127]Epoch 2/200 [TRAIN]:  22%|██▏       | 879/4032 [01:28<05:27,  9.61it/s, Loss=0.012663, Pos=0.012540, Vel=0.00006127]Epoch 2/200 [TRAIN]:  22%|██▏       | 879/4032 [01:29<05:27,  9.61it/s, Loss=0.012660, Pos=0.012537, Vel=0.00006133]Epoch 2/200 [TRAIN]:  22%|██▏       | 880/4032 [01:29<05:32,  9.49it/s, Loss=0.012660, Pos=0.012537, Vel=0.00006133]Epoch 2/200 [TRAIN]:  22%|██▏       | 880/4032 [01:29<05:32,  9.49it/s, Loss=0.012668, Pos=0.012545, Vel=0.00006133]Epoch 2/200 [TRAIN]:  22%|██▏       | 881/4032 [01:29<05:29,  9.55it/s, Loss=0.012668, Pos=0.012545, Vel=0.00006133]Epoch 2/200 [TRAIN]:  22%|██▏       | 881/4032 [01:29<05:29,  9.55it/s, Loss=0.012659, Pos=0.012537, Vel=0.00006130]Epoch 2/200 [TRAIN]:  22%|██▏       | 882/4032 [01:29<05:40,  9.26it/s, Loss=0.012659, Pos=0.012537, Vel=0.00006130]Epoch 2/200 [TRAIN]:  22%|██▏       | 882/4032 [01:29<05:40,  9.26it/s, Loss=0.012657, Pos=0.012535, Vel=0.00006127]Epoch 2/200 [TRAIN]:  22%|██▏       | 883/4032 [01:29<05:33,  9.44it/s, Loss=0.012657, Pos=0.012535, Vel=0.00006127]Epoch 2/200 [TRAIN]:  22%|██▏       | 883/4032 [01:29<05:33,  9.44it/s, Loss=0.012660, Pos=0.012538, Vel=0.00006130]Epoch 2/200 [TRAIN]:  22%|██▏       | 884/4032 [01:29<05:37,  9.34it/s, Loss=0.012660, Pos=0.012538, Vel=0.00006130]Epoch 2/200 [TRAIN]:  22%|██▏       | 884/4032 [01:29<05:37,  9.34it/s, Loss=0.012656, Pos=0.012533, Vel=0.00006134]Epoch 2/200 [TRAIN]:  22%|██▏       | 885/4032 [01:29<05:37,  9.32it/s, Loss=0.012656, Pos=0.012533, Vel=0.00006134]Epoch 2/200 [TRAIN]:  22%|██▏       | 885/4032 [01:29<05:37,  9.32it/s, Loss=0.012647, Pos=0.012524, Vel=0.00006130]Epoch 2/200 [TRAIN]:  22%|██▏       | 886/4032 [01:29<05:39,  9.26it/s, Loss=0.012647, Pos=0.012524, Vel=0.00006130]Epoch 2/200 [TRAIN]:  22%|██▏       | 886/4032 [01:29<05:39,  9.26it/s, Loss=0.012637, Pos=0.012514, Vel=0.00006125]Epoch 2/200 [TRAIN]:  22%|██▏       | 887/4032 [01:29<05:36,  9.34it/s, Loss=0.012637, Pos=0.012514, Vel=0.00006125]Epoch 2/200 [TRAIN]:  22%|██▏       | 887/4032 [01:29<05:36,  9.34it/s, Loss=0.012625, Pos=0.012502, Vel=0.00006122]Epoch 2/200 [TRAIN]:  22%|██▏       | 888/4032 [01:29<05:46,  9.07it/s, Loss=0.012625, Pos=0.012502, Vel=0.00006122]Epoch 2/200 [TRAIN]:  22%|██▏       | 888/4032 [01:29<05:46,  9.07it/s, Loss=0.012630, Pos=0.012508, Vel=0.00006120]Epoch 2/200 [TRAIN]:  22%|██▏       | 888/4032 [01:30<05:46,  9.07it/s, Loss=0.012647, Pos=0.012525, Vel=0.00006116]Epoch 2/200 [TRAIN]:  22%|██▏       | 890/4032 [01:30<05:42,  9.18it/s, Loss=0.012647, Pos=0.012525, Vel=0.00006116]Epoch 2/200 [TRAIN]:  22%|██▏       | 890/4032 [01:30<05:42,  9.18it/s, Loss=0.012646, Pos=0.012523, Vel=0.00006119]Epoch 2/200 [TRAIN]:  22%|██▏       | 891/4032 [01:30<05:37,  9.30it/s, Loss=0.012646, Pos=0.012523, Vel=0.00006119]Epoch 2/200 [TRAIN]:  22%|██▏       | 891/4032 [01:30<05:37,  9.30it/s, Loss=0.012634, Pos=0.012512, Vel=0.00006119]Epoch 2/200 [TRAIN]:  22%|██▏       | 892/4032 [01:30<05:33,  9.42it/s, Loss=0.012634, Pos=0.012512, Vel=0.00006119]Epoch 2/200 [TRAIN]:  22%|██▏       | 892/4032 [01:30<05:33,  9.42it/s, Loss=0.012627, Pos=0.012504, Vel=0.00006115]Epoch 2/200 [TRAIN]:  22%|██▏       | 893/4032 [01:30<05:36,  9.33it/s, Loss=0.012627, Pos=0.012504, Vel=0.00006115]Epoch 2/200 [TRAIN]:  22%|██▏       | 893/4032 [01:30<05:36,  9.33it/s, Loss=0.012619, Pos=0.012497, Vel=0.00006114]Epoch 2/200 [TRAIN]:  22%|██▏       | 894/4032 [01:30<05:42,  9.16it/s, Loss=0.012619, Pos=0.012497, Vel=0.00006114]Epoch 2/200 [TRAIN]:  22%|██▏       | 894/4032 [01:30<05:42,  9.16it/s, Loss=0.012632, Pos=0.012510, Vel=0.00006110]Epoch 2/200 [TRAIN]:  22%|██▏       | 895/4032 [01:30<05:35,  9.36it/s, Loss=0.012632, Pos=0.012510, Vel=0.00006110]Epoch 2/200 [TRAIN]:  22%|██▏       | 895/4032 [01:30<05:35,  9.36it/s, Loss=0.012636, Pos=0.012514, Vel=0.00006112]Epoch 2/200 [TRAIN]:  22%|██▏       | 896/4032 [01:30<05:47,  9.02it/s, Loss=0.012636, Pos=0.012514, Vel=0.00006112]Epoch 2/200 [TRAIN]:  22%|██▏       | 896/4032 [01:30<05:47,  9.02it/s, Loss=0.012636, Pos=0.012514, Vel=0.00006108]Epoch 2/200 [TRAIN]:  22%|██▏       | 897/4032 [01:30<05:38,  9.25it/s, Loss=0.012636, Pos=0.012514, Vel=0.00006108]Epoch 2/200 [TRAIN]:  22%|██▏       | 897/4032 [01:30<05:38,  9.25it/s, Loss=0.012629, Pos=0.012507, Vel=0.00006106]Epoch 2/200 [TRAIN]:  22%|██▏       | 898/4032 [01:30<05:48,  8.99it/s, Loss=0.012629, Pos=0.012507, Vel=0.00006106]Epoch 2/200 [TRAIN]:  22%|██▏       | 898/4032 [01:31<05:48,  8.99it/s, Loss=0.012633, Pos=0.012511, Vel=0.00006113]Epoch 2/200 [TRAIN]:  22%|██▏       | 899/4032 [01:31<05:38,  9.24it/s, Loss=0.012633, Pos=0.012511, Vel=0.00006113]Epoch 2/200 [TRAIN]:  22%|██▏       | 899/4032 [01:31<05:38,  9.24it/s, Loss=0.012699, Pos=0.012577, Vel=0.00006109]Epoch 2/200 [TRAIN]:  22%|██▏       | 900/4032 [01:31<05:48,  8.98it/s, Loss=0.012699, Pos=0.012577, Vel=0.00006109]Epoch 2/200 [TRAIN]:  22%|██▏       | 900/4032 [01:31<05:48,  8.98it/s, Loss=0.012689, Pos=0.012567, Vel=0.00006108]Epoch 2/200 [TRAIN]:  22%|██▏       | 900/4032 [01:31<05:48,  8.98it/s, Loss=0.012690, Pos=0.012568, Vel=0.00006117]Epoch 2/200 [TRAIN]:  22%|██▏       | 902/4032 [01:31<05:44,  9.08it/s, Loss=0.012690, Pos=0.012568, Vel=0.00006117]Epoch 2/200 [TRAIN]:  22%|██▏       | 902/4032 [01:31<05:44,  9.08it/s, Loss=0.012681, Pos=0.012559, Vel=0.00006112]Epoch 2/200 [TRAIN]:  22%|██▏       | 903/4032 [01:31<05:37,  9.27it/s, Loss=0.012681, Pos=0.012559, Vel=0.00006112]Epoch 2/200 [TRAIN]:  22%|██▏       | 903/4032 [01:31<05:37,  9.27it/s, Loss=0.012670, Pos=0.012548, Vel=0.00006107]Epoch 2/200 [TRAIN]:  22%|██▏       | 903/4032 [01:31<05:37,  9.27it/s, Loss=0.012669, Pos=0.012547, Vel=0.00006114]Epoch 2/200 [TRAIN]:  22%|██▏       | 905/4032 [01:31<05:16,  9.89it/s, Loss=0.012669, Pos=0.012547, Vel=0.00006114]Epoch 2/200 [TRAIN]:  22%|██▏       | 905/4032 [01:31<05:16,  9.89it/s, Loss=0.012662, Pos=0.012539, Vel=0.00006114]Epoch 2/200 [TRAIN]:  22%|██▏       | 906/4032 [01:31<05:16,  9.88it/s, Loss=0.012662, Pos=0.012539, Vel=0.00006114]Epoch 2/200 [TRAIN]:  22%|██▏       | 906/4032 [01:31<05:16,  9.88it/s, Loss=0.012690, Pos=0.012568, Vel=0.00006114]Epoch 2/200 [TRAIN]:  22%|██▏       | 907/4032 [01:31<05:25,  9.61it/s, Loss=0.012690, Pos=0.012568, Vel=0.00006114]Epoch 2/200 [TRAIN]:  22%|██▏       | 907/4032 [01:32<05:25,  9.61it/s, Loss=0.012682, Pos=0.012560, Vel=0.00006111]Epoch 2/200 [TRAIN]:  23%|██▎       | 908/4032 [01:32<05:30,  9.45it/s, Loss=0.012682, Pos=0.012560, Vel=0.00006111]Epoch 2/200 [TRAIN]:  23%|██▎       | 908/4032 [01:32<05:30,  9.45it/s, Loss=0.012683, Pos=0.012561, Vel=0.00006111]Epoch 2/200 [TRAIN]:  23%|██▎       | 909/4032 [01:32<05:36,  9.28it/s, Loss=0.012683, Pos=0.012561, Vel=0.00006111]Epoch 2/200 [TRAIN]:  23%|██▎       | 909/4032 [01:32<05:36,  9.28it/s, Loss=0.012672, Pos=0.012550, Vel=0.00006109]Epoch 2/200 [TRAIN]:  23%|██▎       | 909/4032 [01:32<05:36,  9.28it/s, Loss=0.012667, Pos=0.012545, Vel=0.00006110]Epoch 2/200 [TRAIN]:  23%|██▎       | 911/4032 [01:32<05:03, 10.29it/s, Loss=0.012667, Pos=0.012545, Vel=0.00006110]Epoch 2/200 [TRAIN]:  23%|██▎       | 911/4032 [01:32<05:03, 10.29it/s, Loss=0.012658, Pos=0.012536, Vel=0.00006106]Epoch 2/200 [TRAIN]:  23%|██▎       | 911/4032 [01:32<05:03, 10.29it/s, Loss=0.012661, Pos=0.012539, Vel=0.00006103]Epoch 2/200 [TRAIN]:  23%|██▎       | 913/4032 [01:32<04:36, 11.26it/s, Loss=0.012661, Pos=0.012539, Vel=0.00006103]Epoch 2/200 [TRAIN]:  23%|██▎       | 913/4032 [01:32<04:36, 11.26it/s, Loss=0.012682, Pos=0.012560, Vel=0.00006118]Epoch 2/200 [TRAIN]:  23%|██▎       | 913/4032 [01:32<04:36, 11.26it/s, Loss=0.012679, Pos=0.012556, Vel=0.00006124]Epoch 2/200 [TRAIN]:  23%|██▎       | 915/4032 [01:32<04:59, 10.41it/s, Loss=0.012679, Pos=0.012556, Vel=0.00006124]Epoch 2/200 [TRAIN]:  23%|██▎       | 915/4032 [01:32<04:59, 10.41it/s, Loss=0.012694, Pos=0.012571, Vel=0.00006122]Epoch 2/200 [TRAIN]:  23%|██▎       | 915/4032 [01:32<04:59, 10.41it/s, Loss=0.012690, Pos=0.012567, Vel=0.00006121]Epoch 2/200 [TRAIN]:  23%|██▎       | 917/4032 [01:32<05:08, 10.08it/s, Loss=0.012690, Pos=0.012567, Vel=0.00006121]Epoch 2/200 [TRAIN]:  23%|██▎       | 917/4032 [01:32<05:08, 10.08it/s, Loss=0.012681, Pos=0.012559, Vel=0.00006121]Epoch 2/200 [TRAIN]:  23%|██▎       | 917/4032 [01:33<05:08, 10.08it/s, Loss=0.012670, Pos=0.012548, Vel=0.00006117]Epoch 2/200 [TRAIN]:  23%|██▎       | 919/4032 [01:33<05:22,  9.65it/s, Loss=0.012670, Pos=0.012548, Vel=0.00006117]Epoch 2/200 [TRAIN]:  23%|██▎       | 919/4032 [01:33<05:22,  9.65it/s, Loss=0.012669, Pos=0.012546, Vel=0.00006119]Epoch 2/200 [TRAIN]:  23%|██▎       | 920/4032 [01:33<05:27,  9.50it/s, Loss=0.012669, Pos=0.012546, Vel=0.00006119]Epoch 2/200 [TRAIN]:  23%|██▎       | 920/4032 [01:33<05:27,  9.50it/s, Loss=0.012664, Pos=0.012541, Vel=0.00006114]Epoch 2/200 [TRAIN]:  23%|██▎       | 921/4032 [01:33<05:32,  9.36it/s, Loss=0.012664, Pos=0.012541, Vel=0.00006114]Epoch 2/200 [TRAIN]:  23%|██▎       | 921/4032 [01:33<05:32,  9.36it/s, Loss=0.012661, Pos=0.012539, Vel=0.00006117]Epoch 2/200 [TRAIN]:  23%|██▎       | 922/4032 [01:33<05:39,  9.16it/s, Loss=0.012661, Pos=0.012539, Vel=0.00006117]Epoch 2/200 [TRAIN]:  23%|██▎       | 922/4032 [01:33<05:39,  9.16it/s, Loss=0.012655, Pos=0.012533, Vel=0.00006121]Epoch 2/200 [TRAIN]:  23%|██▎       | 923/4032 [01:33<05:40,  9.13it/s, Loss=0.012655, Pos=0.012533, Vel=0.00006121]Epoch 2/200 [TRAIN]:  23%|██▎       | 923/4032 [01:33<05:40,  9.13it/s, Loss=0.012652, Pos=0.012530, Vel=0.00006122]Epoch 2/200 [TRAIN]:  23%|██▎       | 924/4032 [01:33<05:41,  9.11it/s, Loss=0.012652, Pos=0.012530, Vel=0.00006122]Epoch 2/200 [TRAIN]:  23%|██▎       | 924/4032 [01:33<05:41,  9.11it/s, Loss=0.012665, Pos=0.012542, Vel=0.00006125]Epoch 2/200 [TRAIN]:  23%|██▎       | 925/4032 [01:33<05:33,  9.31it/s, Loss=0.012665, Pos=0.012542, Vel=0.00006125]Epoch 2/200 [TRAIN]:  23%|██▎       | 925/4032 [01:33<05:33,  9.31it/s, Loss=0.012674, Pos=0.012551, Vel=0.00006139]Epoch 2/200 [TRAIN]:  23%|██▎       | 926/4032 [01:33<05:45,  8.98it/s, Loss=0.012674, Pos=0.012551, Vel=0.00006139]Epoch 2/200 [TRAIN]:  23%|██▎       | 926/4032 [01:33<05:45,  8.98it/s, Loss=0.012673, Pos=0.012550, Vel=0.00006136]Epoch 2/200 [TRAIN]:  23%|██▎       | 926/4032 [01:34<05:45,  8.98it/s, Loss=0.012664, Pos=0.012541, Vel=0.00006138]Epoch 2/200 [TRAIN]:  23%|██▎       | 928/4032 [01:34<05:32,  9.33it/s, Loss=0.012664, Pos=0.012541, Vel=0.00006138]Epoch 2/200 [TRAIN]:  23%|██▎       | 928/4032 [01:34<05:32,  9.33it/s, Loss=0.012655, Pos=0.012533, Vel=0.00006134]Epoch 2/200 [TRAIN]:  23%|██▎       | 929/4032 [01:34<05:36,  9.22it/s, Loss=0.012655, Pos=0.012533, Vel=0.00006134]Epoch 2/200 [TRAIN]:  23%|██▎       | 929/4032 [01:34<05:36,  9.22it/s, Loss=0.012655, Pos=0.012533, Vel=0.00006141]Epoch 2/200 [TRAIN]:  23%|██▎       | 930/4032 [01:34<05:41,  9.08it/s, Loss=0.012655, Pos=0.012533, Vel=0.00006141]Epoch 2/200 [TRAIN]:  23%|██▎       | 930/4032 [01:34<05:41,  9.08it/s, Loss=0.012646, Pos=0.012523, Vel=0.00006136]Epoch 2/200 [TRAIN]:  23%|██▎       | 931/4032 [01:34<05:41,  9.09it/s, Loss=0.012646, Pos=0.012523, Vel=0.00006136]Epoch 2/200 [TRAIN]:  23%|██▎       | 931/4032 [01:34<05:41,  9.09it/s, Loss=0.012643, Pos=0.012520, Vel=0.00006135]Epoch 2/200 [TRAIN]:  23%|██▎       | 932/4032 [01:34<05:47,  8.93it/s, Loss=0.012643, Pos=0.012520, Vel=0.00006135]Epoch 2/200 [TRAIN]:  23%|██▎       | 932/4032 [01:34<05:47,  8.93it/s, Loss=0.012636, Pos=0.012514, Vel=0.00006132]Epoch 2/200 [TRAIN]:  23%|██▎       | 933/4032 [01:34<05:44,  8.98it/s, Loss=0.012636, Pos=0.012514, Vel=0.00006132]Epoch 2/200 [TRAIN]:  23%|██▎       | 933/4032 [01:34<05:44,  8.98it/s, Loss=0.012625, Pos=0.012503, Vel=0.00006130]Epoch 2/200 [TRAIN]:  23%|██▎       | 934/4032 [01:34<05:47,  8.90it/s, Loss=0.012625, Pos=0.012503, Vel=0.00006130]Epoch 2/200 [TRAIN]:  23%|██▎       | 934/4032 [01:34<05:47,  8.90it/s, Loss=0.012695, Pos=0.012573, Vel=0.00006137]Epoch 2/200 [TRAIN]:  23%|██▎       | 935/4032 [01:34<05:50,  8.83it/s, Loss=0.012695, Pos=0.012573, Vel=0.00006137]Epoch 2/200 [TRAIN]:  23%|██▎       | 935/4032 [01:35<05:50,  8.83it/s, Loss=0.012687, Pos=0.012564, Vel=0.00006137]Epoch 2/200 [TRAIN]:  23%|██▎       | 936/4032 [01:35<05:48,  8.88it/s, Loss=0.012687, Pos=0.012564, Vel=0.00006137]Epoch 2/200 [TRAIN]:  23%|██▎       | 936/4032 [01:35<05:48,  8.88it/s, Loss=0.012686, Pos=0.012563, Vel=0.00006139]Epoch 2/200 [TRAIN]:  23%|██▎       | 937/4032 [01:35<05:48,  8.88it/s, Loss=0.012686, Pos=0.012563, Vel=0.00006139]Epoch 2/200 [TRAIN]:  23%|██▎       | 937/4032 [01:35<05:48,  8.88it/s, Loss=0.012680, Pos=0.012557, Vel=0.00006135]Epoch 2/200 [TRAIN]:  23%|██▎       | 938/4032 [01:35<05:45,  8.96it/s, Loss=0.012680, Pos=0.012557, Vel=0.00006135]Epoch 2/200 [TRAIN]:  23%|██▎       | 938/4032 [01:35<05:45,  8.96it/s, Loss=0.012681, Pos=0.012559, Vel=0.00006133]Epoch 2/200 [TRAIN]:  23%|██▎       | 939/4032 [01:35<05:42,  9.02it/s, Loss=0.012681, Pos=0.012559, Vel=0.00006133]Epoch 2/200 [TRAIN]:  23%|██▎       | 939/4032 [01:35<05:42,  9.02it/s, Loss=0.012669, Pos=0.012547, Vel=0.00006130]Epoch 2/200 [TRAIN]:  23%|██▎       | 940/4032 [01:35<05:42,  9.04it/s, Loss=0.012669, Pos=0.012547, Vel=0.00006130]Epoch 2/200 [TRAIN]:  23%|██▎       | 940/4032 [01:35<05:42,  9.04it/s, Loss=0.012673, Pos=0.012550, Vel=0.00006126]Epoch 2/200 [TRAIN]:  23%|██▎       | 940/4032 [01:35<05:42,  9.04it/s, Loss=0.012667, Pos=0.012544, Vel=0.00006127]Epoch 2/200 [TRAIN]:  23%|██▎       | 942/4032 [01:35<05:26,  9.46it/s, Loss=0.012667, Pos=0.012544, Vel=0.00006127]Epoch 2/200 [TRAIN]:  23%|██▎       | 942/4032 [01:35<05:26,  9.46it/s, Loss=0.012667, Pos=0.012544, Vel=0.00006124]Epoch 2/200 [TRAIN]:  23%|██▎       | 943/4032 [01:35<05:31,  9.31it/s, Loss=0.012667, Pos=0.012544, Vel=0.00006124]Epoch 2/200 [TRAIN]:  23%|██▎       | 943/4032 [01:35<05:31,  9.31it/s, Loss=0.012657, Pos=0.012534, Vel=0.00006123]Epoch 2/200 [TRAIN]:  23%|██▎       | 944/4032 [01:35<05:32,  9.28it/s, Loss=0.012657, Pos=0.012534, Vel=0.00006123]Epoch 2/200 [TRAIN]:  23%|██▎       | 944/4032 [01:35<05:32,  9.28it/s, Loss=0.012647, Pos=0.012525, Vel=0.00006121]Epoch 2/200 [TRAIN]:  23%|██▎       | 945/4032 [01:35<05:38,  9.11it/s, Loss=0.012647, Pos=0.012525, Vel=0.00006121]Epoch 2/200 [TRAIN]:  23%|██▎       | 945/4032 [01:36<05:38,  9.11it/s, Loss=0.012641, Pos=0.012518, Vel=0.00006118]Epoch 2/200 [TRAIN]:  23%|██▎       | 945/4032 [01:36<05:38,  9.11it/s, Loss=0.012629, Pos=0.012507, Vel=0.00006116]Epoch 2/200 [TRAIN]:  23%|██▎       | 947/4032 [01:36<05:28,  9.38it/s, Loss=0.012629, Pos=0.012507, Vel=0.00006116]Epoch 2/200 [TRAIN]:  23%|██▎       | 947/4032 [01:36<05:28,  9.38it/s, Loss=0.012633, Pos=0.012510, Vel=0.00006121]Epoch 2/200 [TRAIN]:  23%|██▎       | 947/4032 [01:36<05:28,  9.38it/s, Loss=0.012635, Pos=0.012512, Vel=0.00006117]Epoch 2/200 [TRAIN]:  24%|██▎       | 949/4032 [01:36<05:21,  9.58it/s, Loss=0.012635, Pos=0.012512, Vel=0.00006117]Epoch 2/200 [TRAIN]:  24%|██▎       | 949/4032 [01:36<05:21,  9.58it/s, Loss=0.012628, Pos=0.012506, Vel=0.00006118]Epoch 2/200 [TRAIN]:  24%|██▎       | 950/4032 [01:36<05:26,  9.43it/s, Loss=0.012628, Pos=0.012506, Vel=0.00006118]Epoch 2/200 [TRAIN]:  24%|██▎       | 950/4032 [01:36<05:26,  9.43it/s, Loss=0.012622, Pos=0.012500, Vel=0.00006119]Epoch 2/200 [TRAIN]:  24%|██▎       | 951/4032 [01:36<05:35,  9.17it/s, Loss=0.012622, Pos=0.012500, Vel=0.00006119]Epoch 2/200 [TRAIN]:  24%|██▎       | 951/4032 [01:36<05:35,  9.17it/s, Loss=0.012630, Pos=0.012507, Vel=0.00006140]Epoch 2/200 [TRAIN]:  24%|██▎       | 951/4032 [01:36<05:35,  9.17it/s, Loss=0.012623, Pos=0.012500, Vel=0.00006137]Epoch 2/200 [TRAIN]:  24%|██▎       | 953/4032 [01:36<04:58, 10.33it/s, Loss=0.012623, Pos=0.012500, Vel=0.00006137]Epoch 2/200 [TRAIN]:  24%|██▎       | 953/4032 [01:36<04:58, 10.33it/s, Loss=0.012638, Pos=0.012515, Vel=0.00006135]Epoch 2/200 [TRAIN]:  24%|██▎       | 953/4032 [01:36<04:58, 10.33it/s, Loss=0.012629, Pos=0.012507, Vel=0.00006133]Epoch 2/200 [TRAIN]:  24%|██▎       | 955/4032 [01:36<04:55, 10.42it/s, Loss=0.012629, Pos=0.012507, Vel=0.00006133]Epoch 2/200 [TRAIN]:  24%|██▎       | 955/4032 [01:37<04:55, 10.42it/s, Loss=0.012625, Pos=0.012502, Vel=0.00006133]Epoch 2/200 [TRAIN]:  24%|██▎       | 955/4032 [01:37<04:55, 10.42it/s, Loss=0.012625, Pos=0.012503, Vel=0.00006132]Epoch 2/200 [TRAIN]:  24%|██▎       | 957/4032 [01:37<05:02, 10.17it/s, Loss=0.012625, Pos=0.012503, Vel=0.00006132]Epoch 2/200 [TRAIN]:  24%|██▎       | 957/4032 [01:37<05:02, 10.17it/s, Loss=0.012613, Pos=0.012490, Vel=0.00006127]Epoch 2/200 [TRAIN]:  24%|██▎       | 957/4032 [01:37<05:02, 10.17it/s, Loss=0.012605, Pos=0.012483, Vel=0.00006124]Epoch 2/200 [TRAIN]:  24%|██▍       | 959/4032 [01:37<05:19,  9.61it/s, Loss=0.012605, Pos=0.012483, Vel=0.00006124]Epoch 2/200 [TRAIN]:  24%|██▍       | 959/4032 [01:37<05:19,  9.61it/s, Loss=0.012598, Pos=0.012475, Vel=0.00006119]Epoch 2/200 [TRAIN]:  24%|██▍       | 960/4032 [01:37<05:25,  9.45it/s, Loss=0.012598, Pos=0.012475, Vel=0.00006119]Epoch 2/200 [TRAIN]:  24%|██▍       | 960/4032 [01:37<05:25,  9.45it/s, Loss=0.012637, Pos=0.012514, Vel=0.00006127]Epoch 2/200 [TRAIN]:  24%|██▍       | 960/4032 [01:37<05:25,  9.45it/s, Loss=0.012668, Pos=0.012545, Vel=0.00006126]Epoch 2/200 [TRAIN]:  24%|██▍       | 962/4032 [01:37<04:59, 10.26it/s, Loss=0.012668, Pos=0.012545, Vel=0.00006126]Epoch 2/200 [TRAIN]:  24%|██▍       | 962/4032 [01:37<04:59, 10.26it/s, Loss=0.012663, Pos=0.012540, Vel=0.00006124]Epoch 2/200 [TRAIN]:  24%|██▍       | 962/4032 [01:37<04:59, 10.26it/s, Loss=0.012654, Pos=0.012531, Vel=0.00006123]Epoch 2/200 [TRAIN]:  24%|██▍       | 964/4032 [01:37<05:17,  9.65it/s, Loss=0.012654, Pos=0.012531, Vel=0.00006123]Epoch 2/200 [TRAIN]:  24%|██▍       | 964/4032 [01:38<05:17,  9.65it/s, Loss=0.012646, Pos=0.012524, Vel=0.00006121]Epoch 2/200 [TRAIN]:  24%|██▍       | 964/4032 [01:38<05:17,  9.65it/s, Loss=0.012636, Pos=0.012513, Vel=0.00006119]Epoch 2/200 [TRAIN]:  24%|██▍       | 966/4032 [01:38<05:20,  9.55it/s, Loss=0.012636, Pos=0.012513, Vel=0.00006119]Epoch 2/200 [TRAIN]:  24%|██▍       | 966/4032 [01:38<05:20,  9.55it/s, Loss=0.012625, Pos=0.012502, Vel=0.00006119]Epoch 2/200 [TRAIN]:  24%|██▍       | 967/4032 [01:38<05:30,  9.29it/s, Loss=0.012625, Pos=0.012502, Vel=0.00006119]Epoch 2/200 [TRAIN]:  24%|██▍       | 967/4032 [01:38<05:30,  9.29it/s, Loss=0.012623, Pos=0.012501, Vel=0.00006117]Epoch 2/200 [TRAIN]:  24%|██▍       | 967/4032 [01:38<05:30,  9.29it/s, Loss=0.012614, Pos=0.012492, Vel=0.00006113]Epoch 2/200 [TRAIN]:  24%|██▍       | 969/4032 [01:38<05:16,  9.68it/s, Loss=0.012614, Pos=0.012492, Vel=0.00006113]Epoch 2/200 [TRAIN]:  24%|██▍       | 969/4032 [01:38<05:16,  9.68it/s, Loss=0.012606, Pos=0.012484, Vel=0.00006112]Epoch 2/200 [TRAIN]:  24%|██▍       | 970/4032 [01:38<05:26,  9.37it/s, Loss=0.012606, Pos=0.012484, Vel=0.00006112]Epoch 2/200 [TRAIN]:  24%|██▍       | 970/4032 [01:38<05:26,  9.37it/s, Loss=0.012598, Pos=0.012476, Vel=0.00006108]Epoch 2/200 [TRAIN]:  24%|██▍       | 970/4032 [01:38<05:26,  9.37it/s, Loss=0.012590, Pos=0.012468, Vel=0.00006103]Epoch 2/200 [TRAIN]:  24%|██▍       | 972/4032 [01:38<05:27,  9.35it/s, Loss=0.012590, Pos=0.012468, Vel=0.00006103]Epoch 2/200 [TRAIN]:  24%|██▍       | 972/4032 [01:38<05:27,  9.35it/s, Loss=0.012581, Pos=0.012459, Vel=0.00006100]Epoch 2/200 [TRAIN]:  24%|██▍       | 972/4032 [01:38<05:27,  9.35it/s, Loss=0.012576, Pos=0.012454, Vel=0.00006107]Epoch 2/200 [TRAIN]:  24%|██▍       | 974/4032 [01:38<05:20,  9.54it/s, Loss=0.012576, Pos=0.012454, Vel=0.00006107]Epoch 2/200 [TRAIN]:  24%|██▍       | 974/4032 [01:39<05:20,  9.54it/s, Loss=0.012574, Pos=0.012452, Vel=0.00006104]Epoch 2/200 [TRAIN]:  24%|██▍       | 975/4032 [01:39<05:22,  9.47it/s, Loss=0.012574, Pos=0.012452, Vel=0.00006104]Epoch 2/200 [TRAIN]:  24%|██▍       | 975/4032 [01:39<05:22,  9.47it/s, Loss=0.012565, Pos=0.012443, Vel=0.00006110]Epoch 2/200 [TRAIN]:  24%|██▍       | 976/4032 [01:39<05:30,  9.26it/s, Loss=0.012565, Pos=0.012443, Vel=0.00006110]Epoch 2/200 [TRAIN]:  24%|██▍       | 976/4032 [01:39<05:30,  9.26it/s, Loss=0.012558, Pos=0.012436, Vel=0.00006106]Epoch 2/200 [TRAIN]:  24%|██▍       | 977/4032 [01:39<05:30,  9.23it/s, Loss=0.012558, Pos=0.012436, Vel=0.00006106]Epoch 2/200 [TRAIN]:  24%|██▍       | 977/4032 [01:39<05:30,  9.23it/s, Loss=0.012580, Pos=0.012457, Vel=0.00006113]Epoch 2/200 [TRAIN]:  24%|██▍       | 977/4032 [01:39<05:30,  9.23it/s, Loss=0.012582, Pos=0.012459, Vel=0.00006113]Epoch 2/200 [TRAIN]:  24%|██▍       | 979/4032 [01:39<04:58, 10.23it/s, Loss=0.012582, Pos=0.012459, Vel=0.00006113]Epoch 2/200 [TRAIN]:  24%|██▍       | 979/4032 [01:39<04:58, 10.23it/s, Loss=0.012576, Pos=0.012454, Vel=0.00006110]Epoch 2/200 [TRAIN]:  24%|██▍       | 979/4032 [01:39<04:58, 10.23it/s, Loss=0.012574, Pos=0.012452, Vel=0.00006112]Epoch 2/200 [TRAIN]:  24%|██▍       | 981/4032 [01:39<05:11,  9.79it/s, Loss=0.012574, Pos=0.012452, Vel=0.00006112]Epoch 2/200 [TRAIN]:  24%|██▍       | 981/4032 [01:39<05:11,  9.79it/s, Loss=0.012571, Pos=0.012449, Vel=0.00006109]Epoch 2/200 [TRAIN]:  24%|██▍       | 982/4032 [01:39<05:17,  9.61it/s, Loss=0.012571, Pos=0.012449, Vel=0.00006109]Epoch 2/200 [TRAIN]:  24%|██▍       | 982/4032 [01:39<05:17,  9.61it/s, Loss=0.012565, Pos=0.012443, Vel=0.00006109]Epoch 2/200 [TRAIN]:  24%|██▍       | 983/4032 [01:39<05:23,  9.43it/s, Loss=0.012565, Pos=0.012443, Vel=0.00006109]Epoch 2/200 [TRAIN]:  24%|██▍       | 983/4032 [01:40<05:23,  9.43it/s, Loss=0.012570, Pos=0.012447, Vel=0.00006109]Epoch 2/200 [TRAIN]:  24%|██▍       | 984/4032 [01:40<05:26,  9.34it/s, Loss=0.012570, Pos=0.012447, Vel=0.00006109]Epoch 2/200 [TRAIN]:  24%|██▍       | 984/4032 [01:40<05:26,  9.34it/s, Loss=0.012560, Pos=0.012438, Vel=0.00006107]Epoch 2/200 [TRAIN]:  24%|██▍       | 984/4032 [01:40<05:26,  9.34it/s, Loss=0.012562, Pos=0.012440, Vel=0.00006108]Epoch 2/200 [TRAIN]:  24%|██▍       | 986/4032 [01:40<05:17,  9.60it/s, Loss=0.012562, Pos=0.012440, Vel=0.00006108]Epoch 2/200 [TRAIN]:  24%|██▍       | 986/4032 [01:40<05:17,  9.60it/s, Loss=0.012552, Pos=0.012430, Vel=0.00006105]Epoch 2/200 [TRAIN]:  24%|██▍       | 987/4032 [01:40<05:26,  9.33it/s, Loss=0.012552, Pos=0.012430, Vel=0.00006105]Epoch 2/200 [TRAIN]:  24%|██▍       | 987/4032 [01:40<05:26,  9.33it/s, Loss=0.012546, Pos=0.012424, Vel=0.00006101]Epoch 2/200 [TRAIN]:  24%|██▍       | 987/4032 [01:40<05:26,  9.33it/s, Loss=0.012541, Pos=0.012419, Vel=0.00006103]Epoch 2/200 [TRAIN]:  25%|██▍       | 989/4032 [01:40<05:21,  9.45it/s, Loss=0.012541, Pos=0.012419, Vel=0.00006103]Epoch 2/200 [TRAIN]:  25%|██▍       | 989/4032 [01:40<05:21,  9.45it/s, Loss=0.012531, Pos=0.012409, Vel=0.00006100]Epoch 2/200 [TRAIN]:  25%|██▍       | 990/4032 [01:40<05:28,  9.26it/s, Loss=0.012531, Pos=0.012409, Vel=0.00006100]Epoch 2/200 [TRAIN]:  25%|██▍       | 990/4032 [01:40<05:28,  9.26it/s, Loss=0.012528, Pos=0.012406, Vel=0.00006098]Epoch 2/200 [TRAIN]:  25%|██▍       | 991/4032 [01:40<05:23,  9.41it/s, Loss=0.012528, Pos=0.012406, Vel=0.00006098]Epoch 2/200 [TRAIN]:  25%|██▍       | 991/4032 [01:40<05:23,  9.41it/s, Loss=0.012566, Pos=0.012444, Vel=0.00006094]Epoch 2/200 [TRAIN]:  25%|██▍       | 992/4032 [01:40<05:33,  9.11it/s, Loss=0.012566, Pos=0.012444, Vel=0.00006094]Epoch 2/200 [TRAIN]:  25%|██▍       | 992/4032 [01:40<05:33,  9.11it/s, Loss=0.012572, Pos=0.012450, Vel=0.00006101]Epoch 2/200 [TRAIN]:  25%|██▍       | 992/4032 [01:41<05:33,  9.11it/s, Loss=0.012583, Pos=0.012461, Vel=0.00006110]Epoch 2/200 [TRAIN]:  25%|██▍       | 994/4032 [01:41<05:07,  9.87it/s, Loss=0.012583, Pos=0.012461, Vel=0.00006110]Epoch 2/200 [TRAIN]:  25%|██▍       | 994/4032 [01:41<05:07,  9.87it/s, Loss=0.012694, Pos=0.012571, Vel=0.00006114]Epoch 2/200 [TRAIN]:  25%|██▍       | 995/4032 [01:41<05:20,  9.46it/s, Loss=0.012694, Pos=0.012571, Vel=0.00006114]Epoch 2/200 [TRAIN]:  25%|██▍       | 995/4032 [01:41<05:20,  9.46it/s, Loss=0.012684, Pos=0.012562, Vel=0.00006109]Epoch 2/200 [TRAIN]:  25%|██▍       | 995/4032 [01:41<05:20,  9.46it/s, Loss=0.012672, Pos=0.012550, Vel=0.00006105]Epoch 2/200 [TRAIN]:  25%|██▍       | 997/4032 [01:41<05:10,  9.78it/s, Loss=0.012672, Pos=0.012550, Vel=0.00006105]Epoch 2/200 [TRAIN]:  25%|██▍       | 997/4032 [01:41<05:10,  9.78it/s, Loss=0.012663, Pos=0.012541, Vel=0.00006104]Epoch 2/200 [TRAIN]:  25%|██▍       | 997/4032 [01:41<05:10,  9.78it/s, Loss=0.012672, Pos=0.012550, Vel=0.00006103]Epoch 2/200 [TRAIN]:  25%|██▍       | 999/4032 [01:41<04:55, 10.26it/s, Loss=0.012672, Pos=0.012550, Vel=0.00006103]Epoch 2/200 [TRAIN]:  25%|██▍       | 999/4032 [01:41<04:55, 10.26it/s, Loss=0.012670, Pos=0.012548, Vel=0.00006101]Epoch 2/200 [TRAIN]:  25%|██▍       | 999/4032 [01:41<04:55, 10.26it/s, Loss=0.012662, Pos=0.012540, Vel=0.00006104]Epoch 2/200 [TRAIN]:  25%|██▍       | 1001/4032 [01:41<05:05,  9.92it/s, Loss=0.012662, Pos=0.012540, Vel=0.00006104]Epoch 2/200 [TRAIN]:  25%|██▍       | 1001/4032 [01:41<05:05,  9.92it/s, Loss=0.012674, Pos=0.012552, Vel=0.00006115]Epoch 2/200 [TRAIN]:  25%|██▍       | 1002/4032 [01:41<05:08,  9.82it/s, Loss=0.012674, Pos=0.012552, Vel=0.00006115]Epoch 2/200 [TRAIN]:  25%|██▍       | 1002/4032 [01:41<05:08,  9.82it/s, Loss=0.012666, Pos=0.012544, Vel=0.00006118]Epoch 2/200 [TRAIN]:  25%|██▍       | 1003/4032 [01:41<05:19,  9.48it/s, Loss=0.012666, Pos=0.012544, Vel=0.00006118]Epoch 2/200 [TRAIN]:  25%|██▍       | 1003/4032 [01:42<05:19,  9.48it/s, Loss=0.012666, Pos=0.012544, Vel=0.00006118]Epoch 2/200 [TRAIN]:  25%|██▍       | 1004/4032 [01:42<05:17,  9.53it/s, Loss=0.012666, Pos=0.012544, Vel=0.00006118]Epoch 2/200 [TRAIN]:  25%|██▍       | 1004/4032 [01:42<05:17,  9.53it/s, Loss=0.012660, Pos=0.012538, Vel=0.00006114]Epoch 2/200 [TRAIN]:  25%|██▍       | 1004/4032 [01:42<05:17,  9.53it/s, Loss=0.012656, Pos=0.012534, Vel=0.00006111]Epoch 2/200 [TRAIN]:  25%|██▍       | 1006/4032 [01:42<04:20, 11.62it/s, Loss=0.012656, Pos=0.012534, Vel=0.00006111]Epoch 2/200 [TRAIN]:  25%|██▍       | 1006/4032 [01:42<04:20, 11.62it/s, Loss=0.012654, Pos=0.012532, Vel=0.00006119]Epoch 2/200 [TRAIN]:  25%|██▍       | 1006/4032 [01:42<04:20, 11.62it/s, Loss=0.012649, Pos=0.012527, Vel=0.00006115]Epoch 2/200 [TRAIN]:  25%|██▌       | 1008/4032 [01:42<04:21, 11.55it/s, Loss=0.012649, Pos=0.012527, Vel=0.00006115]Epoch 2/200 [TRAIN]:  25%|██▌       | 1008/4032 [01:42<04:21, 11.55it/s, Loss=0.012644, Pos=0.012522, Vel=0.00006118]Epoch 2/200 [TRAIN]:  25%|██▌       | 1008/4032 [01:42<04:21, 11.55it/s, Loss=0.012647, Pos=0.012524, Vel=0.00006137]Epoch 2/200 [TRAIN]:  25%|██▌       | 1010/4032 [01:42<04:44, 10.62it/s, Loss=0.012647, Pos=0.012524, Vel=0.00006137]Epoch 2/200 [TRAIN]:  25%|██▌       | 1010/4032 [01:42<04:44, 10.62it/s, Loss=0.012656, Pos=0.012534, Vel=0.00006140]Epoch 2/200 [TRAIN]:  25%|██▌       | 1010/4032 [01:42<04:44, 10.62it/s, Loss=0.012649, Pos=0.012526, Vel=0.00006143]Epoch 2/200 [TRAIN]:  25%|██▌       | 1012/4032 [01:42<05:02, 10.00it/s, Loss=0.012649, Pos=0.012526, Vel=0.00006143]Epoch 2/200 [TRAIN]:  25%|██▌       | 1012/4032 [01:42<05:02, 10.00it/s, Loss=0.012639, Pos=0.012516, Vel=0.00006139]Epoch 2/200 [TRAIN]:  25%|██▌       | 1012/4032 [01:43<05:02, 10.00it/s, Loss=0.012631, Pos=0.012508, Vel=0.00006138]Epoch 2/200 [TRAIN]:  25%|██▌       | 1014/4032 [01:43<05:12,  9.66it/s, Loss=0.012631, Pos=0.012508, Vel=0.00006138]Epoch 2/200 [TRAIN]:  25%|██▌       | 1014/4032 [01:43<05:12,  9.66it/s, Loss=0.012623, Pos=0.012500, Vel=0.00006136]Epoch 2/200 [TRAIN]:  25%|██▌       | 1014/4032 [01:43<05:12,  9.66it/s, Loss=0.012615, Pos=0.012492, Vel=0.00006136]Epoch 2/200 [TRAIN]:  25%|██▌       | 1016/4032 [01:43<05:15,  9.56it/s, Loss=0.012615, Pos=0.012492, Vel=0.00006136]Epoch 2/200 [TRAIN]:  25%|██▌       | 1016/4032 [01:43<05:15,  9.56it/s, Loss=0.012609, Pos=0.012486, Vel=0.00006134]Epoch 2/200 [TRAIN]:  25%|██▌       | 1017/4032 [01:43<05:14,  9.57it/s, Loss=0.012609, Pos=0.012486, Vel=0.00006134]Epoch 2/200 [TRAIN]:  25%|██▌       | 1017/4032 [01:43<05:14,  9.57it/s, Loss=0.012602, Pos=0.012479, Vel=0.00006130]Epoch 2/200 [TRAIN]:  25%|██▌       | 1017/4032 [01:43<05:14,  9.57it/s, Loss=0.012624, Pos=0.012502, Vel=0.00006127]Epoch 2/200 [TRAIN]:  25%|██▌       | 1019/4032 [01:43<04:41, 10.70it/s, Loss=0.012624, Pos=0.012502, Vel=0.00006127]Epoch 2/200 [TRAIN]:  25%|██▌       | 1019/4032 [01:43<04:41, 10.70it/s, Loss=0.012619, Pos=0.012497, Vel=0.00006129]Epoch 2/200 [TRAIN]:  25%|██▌       | 1019/4032 [01:43<04:41, 10.70it/s, Loss=0.012617, Pos=0.012494, Vel=0.00006127]Epoch 2/200 [TRAIN]:  25%|██▌       | 1021/4032 [01:43<04:58, 10.10it/s, Loss=0.012617, Pos=0.012494, Vel=0.00006127]Epoch 2/200 [TRAIN]:  25%|██▌       | 1021/4032 [01:43<04:58, 10.10it/s, Loss=0.012614, Pos=0.012491, Vel=0.00006123]Epoch 2/200 [TRAIN]:  25%|██▌       | 1021/4032 [01:43<04:58, 10.10it/s, Loss=0.012605, Pos=0.012483, Vel=0.00006121]Epoch 2/200 [TRAIN]:  25%|██▌       | 1023/4032 [01:43<05:05,  9.85it/s, Loss=0.012605, Pos=0.012483, Vel=0.00006121]Epoch 2/200 [TRAIN]:  25%|██▌       | 1023/4032 [01:44<05:05,  9.85it/s, Loss=0.012598, Pos=0.012475, Vel=0.00006119]Epoch 2/200 [TRAIN]:  25%|██▌       | 1023/4032 [01:44<05:05,  9.85it/s, Loss=0.012588, Pos=0.012466, Vel=0.00006117]Epoch 2/200 [TRAIN]:  25%|██▌       | 1025/4032 [01:44<05:12,  9.62it/s, Loss=0.012588, Pos=0.012466, Vel=0.00006117]Epoch 2/200 [TRAIN]:  25%|██▌       | 1025/4032 [01:44<05:12,  9.62it/s, Loss=0.012588, Pos=0.012466, Vel=0.00006114]Epoch 2/200 [TRAIN]:  25%|██▌       | 1025/4032 [01:44<05:12,  9.62it/s, Loss=0.012581, Pos=0.012459, Vel=0.00006111]Epoch 2/200 [TRAIN]:  25%|██▌       | 1027/4032 [01:44<04:53, 10.25it/s, Loss=0.012581, Pos=0.012459, Vel=0.00006111]Epoch 2/200 [TRAIN]:  25%|██▌       | 1027/4032 [01:44<04:53, 10.25it/s, Loss=0.012588, Pos=0.012466, Vel=0.00006110]Epoch 2/200 [TRAIN]:  25%|██▌       | 1027/4032 [01:44<04:53, 10.25it/s, Loss=0.012598, Pos=0.012476, Vel=0.00006115]Epoch 2/200 [TRAIN]:  26%|██▌       | 1029/4032 [01:44<04:28, 11.19it/s, Loss=0.012598, Pos=0.012476, Vel=0.00006115]Epoch 2/200 [TRAIN]:  26%|██▌       | 1029/4032 [01:44<04:28, 11.19it/s, Loss=0.012602, Pos=0.012480, Vel=0.00006112]Epoch 2/200 [TRAIN]:  26%|██▌       | 1029/4032 [01:44<04:28, 11.19it/s, Loss=0.012594, Pos=0.012472, Vel=0.00006109]Epoch 2/200 [TRAIN]:  26%|██▌       | 1031/4032 [01:44<04:40, 10.72it/s, Loss=0.012594, Pos=0.012472, Vel=0.00006109]Epoch 2/200 [TRAIN]:  26%|██▌       | 1031/4032 [01:44<04:40, 10.72it/s, Loss=0.012593, Pos=0.012471, Vel=0.00006107]Epoch 2/200 [TRAIN]:  26%|██▌       | 1031/4032 [01:44<04:40, 10.72it/s, Loss=0.012588, Pos=0.012466, Vel=0.00006102]Epoch 2/200 [TRAIN]:  26%|██▌       | 1033/4032 [01:44<04:24, 11.33it/s, Loss=0.012588, Pos=0.012466, Vel=0.00006102]Epoch 2/200 [TRAIN]:  26%|██▌       | 1033/4032 [01:44<04:24, 11.33it/s, Loss=0.012585, Pos=0.012463, Vel=0.00006103]Epoch 2/200 [TRAIN]:  26%|██▌       | 1033/4032 [01:45<04:24, 11.33it/s, Loss=0.012581, Pos=0.012459, Vel=0.00006101]Epoch 2/200 [TRAIN]:  26%|██▌       | 1035/4032 [01:45<04:44, 10.55it/s, Loss=0.012581, Pos=0.012459, Vel=0.00006101]Epoch 2/200 [TRAIN]:  26%|██▌       | 1035/4032 [01:45<04:44, 10.55it/s, Loss=0.012573, Pos=0.012451, Vel=0.00006105]Epoch 2/200 [TRAIN]:  26%|██▌       | 1035/4032 [01:45<04:44, 10.55it/s, Loss=0.012564, Pos=0.012442, Vel=0.00006103]Epoch 2/200 [TRAIN]:  26%|██▌       | 1037/4032 [01:45<04:58, 10.04it/s, Loss=0.012564, Pos=0.012442, Vel=0.00006103]Epoch 2/200 [TRAIN]:  26%|██▌       | 1037/4032 [01:45<04:58, 10.04it/s, Loss=0.012568, Pos=0.012446, Vel=0.00006100]Epoch 2/200 [TRAIN]:  26%|██▌       | 1037/4032 [01:45<04:58, 10.04it/s, Loss=0.012562, Pos=0.012440, Vel=0.00006101]Epoch 2/200 [TRAIN]:  26%|██▌       | 1039/4032 [01:45<04:59,  9.98it/s, Loss=0.012562, Pos=0.012440, Vel=0.00006101]Epoch 2/200 [TRAIN]:  26%|██▌       | 1039/4032 [01:45<04:59,  9.98it/s, Loss=0.012553, Pos=0.012431, Vel=0.00006096]Epoch 2/200 [TRAIN]:  26%|██▌       | 1039/4032 [01:45<04:59,  9.98it/s, Loss=0.012564, Pos=0.012442, Vel=0.00006103]Epoch 2/200 [TRAIN]:  26%|██▌       | 1041/4032 [01:45<04:33, 10.93it/s, Loss=0.012564, Pos=0.012442, Vel=0.00006103]Epoch 2/200 [TRAIN]:  26%|██▌       | 1041/4032 [01:45<04:33, 10.93it/s, Loss=0.012563, Pos=0.012441, Vel=0.00006100]Epoch 2/200 [TRAIN]:  26%|██▌       | 1041/4032 [01:45<04:33, 10.93it/s, Loss=0.012558, Pos=0.012436, Vel=0.00006097]Epoch 2/200 [TRAIN]:  26%|██▌       | 1043/4032 [01:45<04:49, 10.32it/s, Loss=0.012558, Pos=0.012436, Vel=0.00006097]Epoch 2/200 [TRAIN]:  26%|██▌       | 1043/4032 [01:45<04:49, 10.32it/s, Loss=0.012565, Pos=0.012443, Vel=0.00006100]Epoch 2/200 [TRAIN]:  26%|██▌       | 1043/4032 [01:46<04:49, 10.32it/s, Loss=0.012570, Pos=0.012448, Vel=0.00006107]Epoch 2/200 [TRAIN]:  26%|██▌       | 1045/4032 [01:46<05:01,  9.89it/s, Loss=0.012570, Pos=0.012448, Vel=0.00006107]Epoch 2/200 [TRAIN]:  26%|██▌       | 1045/4032 [01:46<05:01,  9.89it/s, Loss=0.012569, Pos=0.012446, Vel=0.00006108]Epoch 2/200 [TRAIN]:  26%|██▌       | 1045/4032 [01:46<05:01,  9.89it/s, Loss=0.012569, Pos=0.012447, Vel=0.00006105]Epoch 2/200 [TRAIN]:  26%|██▌       | 1047/4032 [01:46<04:33, 10.91it/s, Loss=0.012569, Pos=0.012447, Vel=0.00006105]Epoch 2/200 [TRAIN]:  26%|██▌       | 1047/4032 [01:46<04:33, 10.91it/s, Loss=0.012561, Pos=0.012439, Vel=0.00006103]Epoch 2/200 [TRAIN]:  26%|██▌       | 1047/4032 [01:46<04:33, 10.91it/s, Loss=0.012554, Pos=0.012432, Vel=0.00006108]Epoch 2/200 [TRAIN]:  26%|██▌       | 1049/4032 [01:46<04:48, 10.33it/s, Loss=0.012554, Pos=0.012432, Vel=0.00006108]Epoch 2/200 [TRAIN]:  26%|██▌       | 1049/4032 [01:46<04:48, 10.33it/s, Loss=0.012548, Pos=0.012426, Vel=0.00006106]Epoch 2/200 [TRAIN]:  26%|██▌       | 1049/4032 [01:46<04:48, 10.33it/s, Loss=0.012543, Pos=0.012421, Vel=0.00006110]Epoch 2/200 [TRAIN]:  26%|██▌       | 1051/4032 [01:46<04:58,  9.99it/s, Loss=0.012543, Pos=0.012421, Vel=0.00006110]Epoch 2/200 [TRAIN]:  26%|██▌       | 1051/4032 [01:46<04:58,  9.99it/s, Loss=0.012538, Pos=0.012416, Vel=0.00006107]Epoch 2/200 [TRAIN]:  26%|██▌       | 1051/4032 [01:46<04:58,  9.99it/s, Loss=0.012540, Pos=0.012418, Vel=0.00006108]Epoch 2/200 [TRAIN]:  26%|██▌       | 1053/4032 [01:46<05:12,  9.54it/s, Loss=0.012540, Pos=0.012418, Vel=0.00006108]Epoch 2/200 [TRAIN]:  26%|██▌       | 1053/4032 [01:46<05:12,  9.54it/s, Loss=0.012539, Pos=0.012416, Vel=0.00006116]Epoch 2/200 [TRAIN]:  26%|██▌       | 1053/4032 [01:47<05:12,  9.54it/s, Loss=0.012625, Pos=0.012502, Vel=0.00006112]Epoch 2/200 [TRAIN]:  26%|██▌       | 1055/4032 [01:47<05:17,  9.38it/s, Loss=0.012625, Pos=0.012502, Vel=0.00006112]Epoch 2/200 [TRAIN]:  26%|██▌       | 1055/4032 [01:47<05:17,  9.38it/s, Loss=0.012619, Pos=0.012497, Vel=0.00006109]Epoch 2/200 [TRAIN]:  26%|██▌       | 1056/4032 [01:47<05:14,  9.46it/s, Loss=0.012619, Pos=0.012497, Vel=0.00006109]Epoch 2/200 [TRAIN]:  26%|██▌       | 1056/4032 [01:47<05:14,  9.46it/s, Loss=0.012611, Pos=0.012488, Vel=0.00006106]Epoch 2/200 [TRAIN]:  26%|██▌       | 1057/4032 [01:47<05:25,  9.13it/s, Loss=0.012611, Pos=0.012488, Vel=0.00006106]Epoch 2/200 [TRAIN]:  26%|██▌       | 1057/4032 [01:47<05:25,  9.13it/s, Loss=0.012606, Pos=0.012484, Vel=0.00006104]Epoch 2/200 [TRAIN]:  26%|██▌       | 1058/4032 [01:47<05:20,  9.27it/s, Loss=0.012606, Pos=0.012484, Vel=0.00006104]Epoch 2/200 [TRAIN]:  26%|██▌       | 1058/4032 [01:47<05:20,  9.27it/s, Loss=0.012618, Pos=0.012495, Vel=0.00006103]Epoch 2/200 [TRAIN]:  26%|██▋       | 1059/4032 [01:47<05:15,  9.42it/s, Loss=0.012618, Pos=0.012495, Vel=0.00006103]Epoch 2/200 [TRAIN]:  26%|██▋       | 1059/4032 [01:47<05:15,  9.42it/s, Loss=0.012613, Pos=0.012491, Vel=0.00006100]Epoch 2/200 [TRAIN]:  26%|██▋       | 1060/4032 [01:47<05:28,  9.04it/s, Loss=0.012613, Pos=0.012491, Vel=0.00006100]Epoch 2/200 [TRAIN]:  26%|██▋       | 1060/4032 [01:47<05:28,  9.04it/s, Loss=0.012611, Pos=0.012489, Vel=0.00006098]Epoch 2/200 [TRAIN]:  26%|██▋       | 1060/4032 [01:47<05:28,  9.04it/s, Loss=0.012617, Pos=0.012495, Vel=0.00006093]Epoch 2/200 [TRAIN]:  26%|██▋       | 1062/4032 [01:47<05:14,  9.46it/s, Loss=0.012617, Pos=0.012495, Vel=0.00006093]Epoch 2/200 [TRAIN]:  26%|██▋       | 1062/4032 [01:47<05:14,  9.46it/s, Loss=0.012610, Pos=0.012489, Vel=0.00006091]Epoch 2/200 [TRAIN]:  26%|██▋       | 1062/4032 [01:48<05:14,  9.46it/s, Loss=0.012601, Pos=0.012480, Vel=0.00006087]Epoch 2/200 [TRAIN]:  26%|██▋       | 1064/4032 [01:48<05:13,  9.46it/s, Loss=0.012601, Pos=0.012480, Vel=0.00006087]Epoch 2/200 [TRAIN]:  26%|██▋       | 1064/4032 [01:48<05:13,  9.46it/s, Loss=0.012603, Pos=0.012481, Vel=0.00006087]Epoch 2/200 [TRAIN]:  26%|██▋       | 1064/4032 [01:48<05:13,  9.46it/s, Loss=0.012606, Pos=0.012484, Vel=0.00006085]Epoch 2/200 [TRAIN]:  26%|██▋       | 1066/4032 [01:48<05:12,  9.49it/s, Loss=0.012606, Pos=0.012484, Vel=0.00006085]Epoch 2/200 [TRAIN]:  26%|██▋       | 1066/4032 [01:48<05:12,  9.49it/s, Loss=0.012600, Pos=0.012478, Vel=0.00006084]Epoch 2/200 [TRAIN]:  26%|██▋       | 1067/4032 [01:48<05:10,  9.54it/s, Loss=0.012600, Pos=0.012478, Vel=0.00006084]Epoch 2/200 [TRAIN]:  26%|██▋       | 1067/4032 [01:48<05:10,  9.54it/s, Loss=0.012591, Pos=0.012470, Vel=0.00006080]Epoch 2/200 [TRAIN]:  26%|██▋       | 1068/4032 [01:48<05:23,  9.16it/s, Loss=0.012591, Pos=0.012470, Vel=0.00006080]Epoch 2/200 [TRAIN]:  26%|██▋       | 1068/4032 [01:48<05:23,  9.16it/s, Loss=0.012588, Pos=0.012466, Vel=0.00006079]Epoch 2/200 [TRAIN]:  27%|██▋       | 1069/4032 [01:48<05:19,  9.28it/s, Loss=0.012588, Pos=0.012466, Vel=0.00006079]Epoch 2/200 [TRAIN]:  27%|██▋       | 1069/4032 [01:48<05:19,  9.28it/s, Loss=0.012582, Pos=0.012460, Vel=0.00006077]Epoch 2/200 [TRAIN]:  27%|██▋       | 1069/4032 [01:48<05:19,  9.28it/s, Loss=0.012577, Pos=0.012456, Vel=0.00006075]Epoch 2/200 [TRAIN]:  27%|██▋       | 1071/4032 [01:48<04:50, 10.18it/s, Loss=0.012577, Pos=0.012456, Vel=0.00006075]Epoch 2/200 [TRAIN]:  27%|██▋       | 1071/4032 [01:48<04:50, 10.18it/s, Loss=0.012621, Pos=0.012499, Vel=0.00006076]Epoch 2/200 [TRAIN]:  27%|██▋       | 1071/4032 [01:48<04:50, 10.18it/s, Loss=0.012611, Pos=0.012490, Vel=0.00006071]Epoch 2/200 [TRAIN]:  27%|██▋       | 1073/4032 [01:48<04:26, 11.08it/s, Loss=0.012611, Pos=0.012490, Vel=0.00006071]Epoch 2/200 [TRAIN]:  27%|██▋       | 1073/4032 [01:49<04:26, 11.08it/s, Loss=0.012605, Pos=0.012483, Vel=0.00006071]Epoch 2/200 [TRAIN]:  27%|██▋       | 1073/4032 [01:49<04:26, 11.08it/s, Loss=0.012598, Pos=0.012477, Vel=0.00006070]Epoch 2/200 [TRAIN]:  27%|██▋       | 1075/4032 [01:49<04:38, 10.60it/s, Loss=0.012598, Pos=0.012477, Vel=0.00006070]Epoch 2/200 [TRAIN]:  27%|██▋       | 1075/4032 [01:49<04:38, 10.60it/s, Loss=0.012591, Pos=0.012469, Vel=0.00006068]Epoch 2/200 [TRAIN]:  27%|██▋       | 1075/4032 [01:49<04:38, 10.60it/s, Loss=0.012586, Pos=0.012465, Vel=0.00006066]Epoch 2/200 [TRAIN]:  27%|██▋       | 1077/4032 [01:49<04:52, 10.09it/s, Loss=0.012586, Pos=0.012465, Vel=0.00006066]Epoch 2/200 [TRAIN]:  27%|██▋       | 1077/4032 [01:49<04:52, 10.09it/s, Loss=0.012579, Pos=0.012458, Vel=0.00006065]Epoch 2/200 [TRAIN]:  27%|██▋       | 1077/4032 [01:49<04:52, 10.09it/s, Loss=0.012585, Pos=0.012463, Vel=0.00006087]Epoch 2/200 [TRAIN]:  27%|██▋       | 1079/4032 [01:49<04:22, 11.26it/s, Loss=0.012585, Pos=0.012463, Vel=0.00006087]Epoch 2/200 [TRAIN]:  27%|██▋       | 1079/4032 [01:49<04:22, 11.26it/s, Loss=0.012596, Pos=0.012475, Vel=0.00006085]Epoch 2/200 [TRAIN]:  27%|██▋       | 1079/4032 [01:49<04:22, 11.26it/s, Loss=0.012595, Pos=0.012473, Vel=0.00006082]Epoch 2/200 [TRAIN]:  27%|██▋       | 1081/4032 [01:49<04:33, 10.78it/s, Loss=0.012595, Pos=0.012473, Vel=0.00006082]Epoch 2/200 [TRAIN]:  27%|██▋       | 1081/4032 [01:49<04:33, 10.78it/s, Loss=0.012601, Pos=0.012479, Vel=0.00006084]Epoch 2/200 [TRAIN]:  27%|██▋       | 1081/4032 [01:49<04:33, 10.78it/s, Loss=0.012613, Pos=0.012491, Vel=0.00006085]Epoch 2/200 [TRAIN]:  27%|██▋       | 1083/4032 [01:49<04:11, 11.72it/s, Loss=0.012613, Pos=0.012491, Vel=0.00006085]Epoch 2/200 [TRAIN]:  27%|██▋       | 1083/4032 [01:49<04:11, 11.72it/s, Loss=0.012606, Pos=0.012484, Vel=0.00006086]Epoch 2/200 [TRAIN]:  27%|██▋       | 1083/4032 [01:50<04:11, 11.72it/s, Loss=0.012600, Pos=0.012478, Vel=0.00006084]Epoch 2/200 [TRAIN]:  27%|██▋       | 1085/4032 [01:50<04:32, 10.81it/s, Loss=0.012600, Pos=0.012478, Vel=0.00006084]Epoch 2/200 [TRAIN]:  27%|██▋       | 1085/4032 [01:50<04:32, 10.81it/s, Loss=0.012592, Pos=0.012470, Vel=0.00006082]Epoch 2/200 [TRAIN]:  27%|██▋       | 1085/4032 [01:50<04:32, 10.81it/s, Loss=0.012587, Pos=0.012465, Vel=0.00006082]Epoch 2/200 [TRAIN]:  27%|██▋       | 1087/4032 [01:50<04:35, 10.71it/s, Loss=0.012587, Pos=0.012465, Vel=0.00006082]Epoch 2/200 [TRAIN]:  27%|██▋       | 1087/4032 [01:50<04:35, 10.71it/s, Loss=0.012578, Pos=0.012456, Vel=0.00006078]Epoch 2/200 [TRAIN]:  27%|██▋       | 1087/4032 [01:50<04:35, 10.71it/s, Loss=0.012593, Pos=0.012471, Vel=0.00006114]Epoch 2/200 [TRAIN]:  27%|██▋       | 1089/4032 [01:50<04:53, 10.03it/s, Loss=0.012593, Pos=0.012471, Vel=0.00006114]Epoch 2/200 [TRAIN]:  27%|██▋       | 1089/4032 [01:50<04:53, 10.03it/s, Loss=0.012625, Pos=0.012502, Vel=0.00006142]Epoch 2/200 [TRAIN]:  27%|██▋       | 1089/4032 [01:50<04:53, 10.03it/s, Loss=0.012624, Pos=0.012501, Vel=0.00006152]Epoch 2/200 [TRAIN]:  27%|██▋       | 1091/4032 [01:50<04:51, 10.10it/s, Loss=0.012624, Pos=0.012501, Vel=0.00006152]Epoch 2/200 [TRAIN]:  27%|██▋       | 1091/4032 [01:50<04:51, 10.10it/s, Loss=0.012632, Pos=0.012509, Vel=0.00006148]Epoch 2/200 [TRAIN]:  27%|██▋       | 1091/4032 [01:50<04:51, 10.10it/s, Loss=0.012639, Pos=0.012516, Vel=0.00006149]Epoch 2/200 [TRAIN]:  27%|██▋       | 1093/4032 [01:50<05:05,  9.61it/s, Loss=0.012639, Pos=0.012516, Vel=0.00006149]Epoch 2/200 [TRAIN]:  27%|██▋       | 1093/4032 [01:50<05:05,  9.61it/s, Loss=0.012632, Pos=0.012509, Vel=0.00006152]Epoch 2/200 [TRAIN]:  27%|██▋       | 1094/4032 [01:50<05:04,  9.64it/s, Loss=0.012632, Pos=0.012509, Vel=0.00006152]Epoch 2/200 [TRAIN]:  27%|██▋       | 1094/4032 [01:51<05:04,  9.64it/s, Loss=0.012639, Pos=0.012516, Vel=0.00006152]Epoch 2/200 [TRAIN]:  27%|██▋       | 1095/4032 [01:51<05:10,  9.46it/s, Loss=0.012639, Pos=0.012516, Vel=0.00006152]Epoch 2/200 [TRAIN]:  27%|██▋       | 1095/4032 [01:51<05:10,  9.46it/s, Loss=0.012636, Pos=0.012514, Vel=0.00006148]Epoch 2/200 [TRAIN]:  27%|██▋       | 1095/4032 [01:51<05:10,  9.46it/s, Loss=0.012630, Pos=0.012507, Vel=0.00006144]Epoch 2/200 [TRAIN]:  27%|██▋       | 1095/4032 [01:51<05:10,  9.46it/s, Loss=0.012629, Pos=0.012506, Vel=0.00006141]Epoch 2/200 [TRAIN]:  27%|██▋       | 1098/4032 [01:51<04:05, 11.94it/s, Loss=0.012629, Pos=0.012506, Vel=0.00006141]Epoch 2/200 [TRAIN]:  27%|██▋       | 1098/4032 [01:51<04:05, 11.94it/s, Loss=0.012637, Pos=0.012514, Vel=0.00006145]Epoch 2/200 [TRAIN]:  27%|██▋       | 1098/4032 [01:51<04:05, 11.94it/s, Loss=0.012634, Pos=0.012511, Vel=0.00006156]Epoch 2/200 [TRAIN]:  27%|██▋       | 1100/4032 [01:51<03:58, 12.27it/s, Loss=0.012634, Pos=0.012511, Vel=0.00006156]Epoch 2/200 [TRAIN]:  27%|██▋       | 1100/4032 [01:51<03:58, 12.27it/s, Loss=0.012627, Pos=0.012504, Vel=0.00006152]Epoch 2/200 [TRAIN]:  27%|██▋       | 1100/4032 [01:51<03:58, 12.27it/s, Loss=0.012658, Pos=0.012535, Vel=0.00006154]Epoch 2/200 [TRAIN]:  27%|██▋       | 1102/4032 [01:51<03:51, 12.65it/s, Loss=0.012658, Pos=0.012535, Vel=0.00006154]Epoch 2/200 [TRAIN]:  27%|██▋       | 1102/4032 [01:51<03:51, 12.65it/s, Loss=0.012656, Pos=0.012533, Vel=0.00006153]Epoch 2/200 [TRAIN]:  27%|██▋       | 1102/4032 [01:51<03:51, 12.65it/s, Loss=0.012650, Pos=0.012527, Vel=0.00006155]Epoch 2/200 [TRAIN]:  27%|██▋       | 1104/4032 [01:51<04:16, 11.42it/s, Loss=0.012650, Pos=0.012527, Vel=0.00006155]Epoch 2/200 [TRAIN]:  27%|██▋       | 1104/4032 [01:51<04:16, 11.42it/s, Loss=0.012649, Pos=0.012526, Vel=0.00006163]Epoch 2/200 [TRAIN]:  27%|██▋       | 1104/4032 [01:51<04:16, 11.42it/s, Loss=0.012649, Pos=0.012526, Vel=0.00006167]Epoch 2/200 [TRAIN]:  27%|██▋       | 1106/4032 [01:51<04:32, 10.74it/s, Loss=0.012649, Pos=0.012526, Vel=0.00006167]Epoch 2/200 [TRAIN]:  27%|██▋       | 1106/4032 [01:52<04:32, 10.74it/s, Loss=0.012649, Pos=0.012525, Vel=0.00006163]Epoch 2/200 [TRAIN]:  27%|██▋       | 1106/4032 [01:52<04:32, 10.74it/s, Loss=0.012645, Pos=0.012522, Vel=0.00006159]Epoch 2/200 [TRAIN]:  27%|██▋       | 1108/4032 [01:52<04:47, 10.16it/s, Loss=0.012645, Pos=0.012522, Vel=0.00006159]Epoch 2/200 [TRAIN]:  27%|██▋       | 1108/4032 [01:52<04:47, 10.16it/s, Loss=0.012645, Pos=0.012522, Vel=0.00006159]Epoch 2/200 [TRAIN]:  27%|██▋       | 1108/4032 [01:52<04:47, 10.16it/s, Loss=0.012639, Pos=0.012516, Vel=0.00006155]Epoch 2/200 [TRAIN]:  28%|██▊       | 1110/4032 [01:52<04:18, 11.30it/s, Loss=0.012639, Pos=0.012516, Vel=0.00006155]Epoch 2/200 [TRAIN]:  28%|██▊       | 1110/4032 [01:52<04:18, 11.30it/s, Loss=0.012632, Pos=0.012509, Vel=0.00006152]Epoch 2/200 [TRAIN]:  28%|██▊       | 1110/4032 [01:52<04:18, 11.30it/s, Loss=0.012625, Pos=0.012502, Vel=0.00006150]Epoch 2/200 [TRAIN]:  28%|██▊       | 1112/4032 [01:52<04:33, 10.66it/s, Loss=0.012625, Pos=0.012502, Vel=0.00006150]Epoch 2/200 [TRAIN]:  28%|██▊       | 1112/4032 [01:52<04:33, 10.66it/s, Loss=0.012623, Pos=0.012500, Vel=0.00006156]Epoch 2/200 [TRAIN]:  28%|██▊       | 1112/4032 [01:52<04:33, 10.66it/s, Loss=0.012621, Pos=0.012497, Vel=0.00006155]Epoch 2/200 [TRAIN]:  28%|██▊       | 1114/4032 [01:52<04:42, 10.34it/s, Loss=0.012621, Pos=0.012497, Vel=0.00006155]Epoch 2/200 [TRAIN]:  28%|██▊       | 1114/4032 [01:52<04:42, 10.34it/s, Loss=0.012626, Pos=0.012503, Vel=0.00006157]Epoch 2/200 [TRAIN]:  28%|██▊       | 1114/4032 [01:52<04:42, 10.34it/s, Loss=0.012620, Pos=0.012497, Vel=0.00006160]Epoch 2/200 [TRAIN]:  28%|██▊       | 1116/4032 [01:52<04:50, 10.05it/s, Loss=0.012620, Pos=0.012497, Vel=0.00006160]Epoch 2/200 [TRAIN]:  28%|██▊       | 1116/4032 [01:53<04:50, 10.05it/s, Loss=0.012612, Pos=0.012489, Vel=0.00006157]Epoch 2/200 [TRAIN]:  28%|██▊       | 1116/4032 [01:53<04:50, 10.05it/s, Loss=0.012606, Pos=0.012483, Vel=0.00006155]Epoch 2/200 [TRAIN]:  28%|██▊       | 1118/4032 [01:53<04:57,  9.81it/s, Loss=0.012606, Pos=0.012483, Vel=0.00006155]Epoch 2/200 [TRAIN]:  28%|██▊       | 1118/4032 [01:53<04:57,  9.81it/s, Loss=0.012606, Pos=0.012483, Vel=0.00006152]Epoch 2/200 [TRAIN]:  28%|██▊       | 1118/4032 [01:53<04:57,  9.81it/s, Loss=0.012597, Pos=0.012474, Vel=0.00006156]Epoch 2/200 [TRAIN]:  28%|██▊       | 1120/4032 [01:53<04:24, 11.01it/s, Loss=0.012597, Pos=0.012474, Vel=0.00006156]Epoch 2/200 [TRAIN]:  28%|██▊       | 1120/4032 [01:53<04:24, 11.01it/s, Loss=0.012605, Pos=0.012481, Vel=0.00006189]Epoch 2/200 [TRAIN]:  28%|██▊       | 1120/4032 [01:53<04:24, 11.01it/s, Loss=0.012617, Pos=0.012493, Vel=0.00006186]Epoch 2/200 [TRAIN]:  28%|██▊       | 1122/4032 [01:53<04:40, 10.39it/s, Loss=0.012617, Pos=0.012493, Vel=0.00006186]Epoch 2/200 [TRAIN]:  28%|██▊       | 1122/4032 [01:53<04:40, 10.39it/s, Loss=0.012614, Pos=0.012491, Vel=0.00006182]Epoch 2/200 [TRAIN]:  28%|██▊       | 1122/4032 [01:53<04:40, 10.39it/s, Loss=0.012605, Pos=0.012481, Vel=0.00006179]Epoch 2/200 [TRAIN]:  28%|██▊       | 1124/4032 [01:53<04:51,  9.98it/s, Loss=0.012605, Pos=0.012481, Vel=0.00006179]Epoch 2/200 [TRAIN]:  28%|██▊       | 1124/4032 [01:53<04:51,  9.98it/s, Loss=0.012615, Pos=0.012492, Vel=0.00006176]Epoch 2/200 [TRAIN]:  28%|██▊       | 1124/4032 [01:53<04:51,  9.98it/s, Loss=0.012610, Pos=0.012486, Vel=0.00006176]Epoch 2/200 [TRAIN]:  28%|██▊       | 1126/4032 [01:53<05:00,  9.67it/s, Loss=0.012610, Pos=0.012486, Vel=0.00006176]Epoch 2/200 [TRAIN]:  28%|██▊       | 1126/4032 [01:54<05:00,  9.67it/s, Loss=0.012603, Pos=0.012479, Vel=0.00006173]Epoch 2/200 [TRAIN]:  28%|██▊       | 1127/4032 [01:54<04:59,  9.70it/s, Loss=0.012603, Pos=0.012479, Vel=0.00006173]Epoch 2/200 [TRAIN]:  28%|██▊       | 1127/4032 [01:54<04:59,  9.70it/s, Loss=0.012595, Pos=0.012472, Vel=0.00006170]Epoch 2/200 [TRAIN]:  28%|██▊       | 1128/4032 [01:54<05:08,  9.41it/s, Loss=0.012595, Pos=0.012472, Vel=0.00006170]Epoch 2/200 [TRAIN]:  28%|██▊       | 1128/4032 [01:54<05:08,  9.41it/s, Loss=0.012592, Pos=0.012468, Vel=0.00006174]Epoch 2/200 [TRAIN]:  28%|██▊       | 1128/4032 [01:54<05:08,  9.41it/s, Loss=0.012584, Pos=0.012461, Vel=0.00006171]Epoch 2/200 [TRAIN]:  28%|██▊       | 1130/4032 [01:54<05:09,  9.39it/s, Loss=0.012584, Pos=0.012461, Vel=0.00006171]Epoch 2/200 [TRAIN]:  28%|██▊       | 1130/4032 [01:54<05:09,  9.39it/s, Loss=0.012577, Pos=0.012454, Vel=0.00006178]Epoch 2/200 [TRAIN]:  28%|██▊       | 1130/4032 [01:54<05:09,  9.39it/s, Loss=0.012570, Pos=0.012446, Vel=0.00006175]Epoch 2/200 [TRAIN]:  28%|██▊       | 1132/4032 [01:54<04:39, 10.36it/s, Loss=0.012570, Pos=0.012446, Vel=0.00006175]Epoch 2/200 [TRAIN]:  28%|██▊       | 1132/4032 [01:54<04:39, 10.36it/s, Loss=0.012605, Pos=0.012482, Vel=0.00006176]Epoch 2/200 [TRAIN]:  28%|██▊       | 1132/4032 [01:54<04:39, 10.36it/s, Loss=0.012617, Pos=0.012493, Vel=0.00006173]Epoch 2/200 [TRAIN]:  28%|██▊       | 1134/4032 [01:54<04:49, 10.02it/s, Loss=0.012617, Pos=0.012493, Vel=0.00006173]Epoch 2/200 [TRAIN]:  28%|██▊       | 1134/4032 [01:54<04:49, 10.02it/s, Loss=0.012607, Pos=0.012484, Vel=0.00006169]Epoch 2/200 [TRAIN]:  28%|██▊       | 1134/4032 [01:54<04:49, 10.02it/s, Loss=0.012600, Pos=0.012477, Vel=0.00006166]Epoch 2/200 [TRAIN]:  28%|██▊       | 1136/4032 [01:54<04:54,  9.82it/s, Loss=0.012600, Pos=0.012477, Vel=0.00006166]Epoch 2/200 [TRAIN]:  28%|██▊       | 1136/4032 [01:55<04:54,  9.82it/s, Loss=0.012592, Pos=0.012469, Vel=0.00006164]Epoch 2/200 [TRAIN]:  28%|██▊       | 1136/4032 [01:55<04:54,  9.82it/s, Loss=0.012588, Pos=0.012464, Vel=0.00006170]Epoch 2/200 [TRAIN]:  28%|██▊       | 1138/4032 [01:55<04:51,  9.93it/s, Loss=0.012588, Pos=0.012464, Vel=0.00006170]Epoch 2/200 [TRAIN]:  28%|██▊       | 1138/4032 [01:55<04:51,  9.93it/s, Loss=0.012585, Pos=0.012461, Vel=0.00006167]Epoch 2/200 [TRAIN]:  28%|██▊       | 1138/4032 [01:55<04:51,  9.93it/s, Loss=0.012583, Pos=0.012459, Vel=0.00006168]Epoch 2/200 [TRAIN]:  28%|██▊       | 1140/4032 [01:55<04:56,  9.76it/s, Loss=0.012583, Pos=0.012459, Vel=0.00006168]Epoch 2/200 [TRAIN]:  28%|██▊       | 1140/4032 [01:55<04:56,  9.76it/s, Loss=0.012575, Pos=0.012451, Vel=0.00006165]Epoch 2/200 [TRAIN]:  28%|██▊       | 1141/4032 [01:55<05:02,  9.55it/s, Loss=0.012575, Pos=0.012451, Vel=0.00006165]Epoch 2/200 [TRAIN]:  28%|██▊       | 1141/4032 [01:55<05:02,  9.55it/s, Loss=0.012571, Pos=0.012448, Vel=0.00006162]Epoch 2/200 [TRAIN]:  28%|██▊       | 1141/4032 [01:55<05:02,  9.55it/s, Loss=0.012568, Pos=0.012445, Vel=0.00006161]Epoch 2/200 [TRAIN]:  28%|██▊       | 1143/4032 [01:55<05:04,  9.49it/s, Loss=0.012568, Pos=0.012445, Vel=0.00006161]Epoch 2/200 [TRAIN]:  28%|██▊       | 1143/4032 [01:55<05:04,  9.49it/s, Loss=0.012562, Pos=0.012439, Vel=0.00006157]Epoch 2/200 [TRAIN]:  28%|██▊       | 1143/4032 [01:55<05:04,  9.49it/s, Loss=0.012563, Pos=0.012440, Vel=0.00006158]Epoch 2/200 [TRAIN]:  28%|██▊       | 1145/4032 [01:55<05:04,  9.47it/s, Loss=0.012563, Pos=0.012440, Vel=0.00006158]Epoch 2/200 [TRAIN]:  28%|██▊       | 1145/4032 [01:56<05:04,  9.47it/s, Loss=0.012559, Pos=0.012435, Vel=0.00006158]Epoch 2/200 [TRAIN]:  28%|██▊       | 1146/4032 [01:56<05:09,  9.34it/s, Loss=0.012559, Pos=0.012435, Vel=0.00006158]Epoch 2/200 [TRAIN]:  28%|██▊       | 1146/4032 [01:56<05:09,  9.34it/s, Loss=0.012554, Pos=0.012431, Vel=0.00006155]Epoch 2/200 [TRAIN]:  28%|██▊       | 1147/4032 [01:56<05:08,  9.34it/s, Loss=0.012554, Pos=0.012431, Vel=0.00006155]Epoch 2/200 [TRAIN]:  28%|██▊       | 1147/4032 [01:56<05:08,  9.34it/s, Loss=0.012550, Pos=0.012426, Vel=0.00006154]Epoch 2/200 [TRAIN]:  28%|██▊       | 1148/4032 [01:56<05:09,  9.32it/s, Loss=0.012550, Pos=0.012426, Vel=0.00006154]Epoch 2/200 [TRAIN]:  28%|██▊       | 1148/4032 [01:56<05:09,  9.32it/s, Loss=0.012559, Pos=0.012436, Vel=0.00006165]Epoch 2/200 [TRAIN]:  28%|██▊       | 1149/4032 [01:56<05:04,  9.46it/s, Loss=0.012559, Pos=0.012436, Vel=0.00006165]Epoch 2/200 [TRAIN]:  28%|██▊       | 1149/4032 [01:56<05:04,  9.46it/s, Loss=0.012551, Pos=0.012428, Vel=0.00006161]Epoch 2/200 [TRAIN]:  29%|██▊       | 1150/4032 [01:56<05:08,  9.34it/s, Loss=0.012551, Pos=0.012428, Vel=0.00006161]Epoch 2/200 [TRAIN]:  29%|██▊       | 1150/4032 [01:56<05:08,  9.34it/s, Loss=0.012545, Pos=0.012422, Vel=0.00006157]Epoch 2/200 [TRAIN]:  29%|██▊       | 1151/4032 [01:56<05:09,  9.30it/s, Loss=0.012545, Pos=0.012422, Vel=0.00006157]Epoch 2/200 [TRAIN]:  29%|██▊       | 1151/4032 [01:56<05:09,  9.30it/s, Loss=0.012544, Pos=0.012421, Vel=0.00006156]Epoch 2/200 [TRAIN]:  29%|██▊       | 1152/4032 [01:56<05:07,  9.37it/s, Loss=0.012544, Pos=0.012421, Vel=0.00006156]Epoch 2/200 [TRAIN]:  29%|██▊       | 1152/4032 [01:56<05:07,  9.37it/s, Loss=0.012537, Pos=0.012414, Vel=0.00006154]Epoch 2/200 [TRAIN]:  29%|██▊       | 1153/4032 [01:56<05:13,  9.17it/s, Loss=0.012537, Pos=0.012414, Vel=0.00006154]Epoch 2/200 [TRAIN]:  29%|██▊       | 1153/4032 [01:56<05:13,  9.17it/s, Loss=0.012532, Pos=0.012409, Vel=0.00006152]Epoch 2/200 [TRAIN]:  29%|██▊       | 1154/4032 [01:56<05:22,  8.94it/s, Loss=0.012532, Pos=0.012409, Vel=0.00006152]Epoch 2/200 [TRAIN]:  29%|██▊       | 1154/4032 [01:57<05:22,  8.94it/s, Loss=0.012528, Pos=0.012405, Vel=0.00006148]Epoch 2/200 [TRAIN]:  29%|██▊       | 1154/4032 [01:57<05:22,  8.94it/s, Loss=0.012520, Pos=0.012397, Vel=0.00006147]Epoch 2/200 [TRAIN]:  29%|██▊       | 1156/4032 [01:57<05:10,  9.27it/s, Loss=0.012520, Pos=0.012397, Vel=0.00006147]Epoch 2/200 [TRAIN]:  29%|██▊       | 1156/4032 [01:57<05:10,  9.27it/s, Loss=0.012546, Pos=0.012423, Vel=0.00006144]Epoch 2/200 [TRAIN]:  29%|██▊       | 1157/4032 [01:57<05:05,  9.41it/s, Loss=0.012546, Pos=0.012423, Vel=0.00006144]Epoch 2/200 [TRAIN]:  29%|██▊       | 1157/4032 [01:57<05:05,  9.41it/s, Loss=0.012545, Pos=0.012422, Vel=0.00006144]Epoch 2/200 [TRAIN]:  29%|██▊       | 1157/4032 [01:57<05:05,  9.41it/s, Loss=0.012538, Pos=0.012415, Vel=0.00006143]Epoch 2/200 [TRAIN]:  29%|██▊       | 1159/4032 [01:57<04:48,  9.96it/s, Loss=0.012538, Pos=0.012415, Vel=0.00006143]Epoch 2/200 [TRAIN]:  29%|██▊       | 1159/4032 [01:57<04:48,  9.96it/s, Loss=0.012536, Pos=0.012413, Vel=0.00006147]Epoch 2/200 [TRAIN]:  29%|██▊       | 1159/4032 [01:57<04:48,  9.96it/s, Loss=0.012530, Pos=0.012408, Vel=0.00006145]Epoch 2/200 [TRAIN]:  29%|██▉       | 1161/4032 [01:57<04:54,  9.76it/s, Loss=0.012530, Pos=0.012408, Vel=0.00006145]Epoch 2/200 [TRAIN]:  29%|██▉       | 1161/4032 [01:57<04:54,  9.76it/s, Loss=0.012527, Pos=0.012404, Vel=0.00006142]Epoch 2/200 [TRAIN]:  29%|██▉       | 1161/4032 [01:57<04:54,  9.76it/s, Loss=0.012520, Pos=0.012397, Vel=0.00006140]Epoch 2/200 [TRAIN]:  29%|██▉       | 1163/4032 [01:57<04:59,  9.59it/s, Loss=0.012520, Pos=0.012397, Vel=0.00006140]Epoch 2/200 [TRAIN]:  29%|██▉       | 1163/4032 [01:57<04:59,  9.59it/s, Loss=0.012513, Pos=0.012390, Vel=0.00006137]Epoch 2/200 [TRAIN]:  29%|██▉       | 1163/4032 [01:58<04:59,  9.59it/s, Loss=0.012508, Pos=0.012385, Vel=0.00006133]Epoch 2/200 [TRAIN]:  29%|██▉       | 1165/4032 [01:58<04:43, 10.11it/s, Loss=0.012508, Pos=0.012385, Vel=0.00006133]Epoch 2/200 [TRAIN]:  29%|██▉       | 1165/4032 [01:58<04:43, 10.11it/s, Loss=0.012501, Pos=0.012379, Vel=0.00006131]Epoch 2/200 [TRAIN]:  29%|██▉       | 1165/4032 [01:58<04:43, 10.11it/s, Loss=0.012504, Pos=0.012382, Vel=0.00006128]Epoch 2/200 [TRAIN]:  29%|██▉       | 1167/4032 [01:58<04:50,  9.86it/s, Loss=0.012504, Pos=0.012382, Vel=0.00006128]Epoch 2/200 [TRAIN]:  29%|██▉       | 1167/4032 [01:58<04:50,  9.86it/s, Loss=0.012512, Pos=0.012390, Vel=0.00006127]Epoch 2/200 [TRAIN]:  29%|██▉       | 1168/4032 [01:58<04:55,  9.69it/s, Loss=0.012512, Pos=0.012390, Vel=0.00006127]Epoch 2/200 [TRAIN]:  29%|██▉       | 1168/4032 [01:58<04:55,  9.69it/s, Loss=0.012518, Pos=0.012396, Vel=0.00006131]Epoch 2/200 [TRAIN]:  29%|██▉       | 1169/4032 [01:58<05:04,  9.39it/s, Loss=0.012518, Pos=0.012396, Vel=0.00006131]Epoch 2/200 [TRAIN]:  29%|██▉       | 1169/4032 [01:58<05:04,  9.39it/s, Loss=0.012515, Pos=0.012392, Vel=0.00006128]Epoch 2/200 [TRAIN]:  29%|██▉       | 1170/4032 [01:58<05:00,  9.52it/s, Loss=0.012515, Pos=0.012392, Vel=0.00006128]Epoch 2/200 [TRAIN]:  29%|██▉       | 1170/4032 [01:58<05:00,  9.52it/s, Loss=0.012506, Pos=0.012383, Vel=0.00006125]Epoch 2/200 [TRAIN]:  29%|██▉       | 1171/4032 [01:58<05:02,  9.45it/s, Loss=0.012506, Pos=0.012383, Vel=0.00006125]Epoch 2/200 [TRAIN]:  29%|██▉       | 1171/4032 [01:58<05:02,  9.45it/s, Loss=0.012498, Pos=0.012376, Vel=0.00006128]Epoch 2/200 [TRAIN]:  29%|██▉       | 1172/4032 [01:58<05:03,  9.42it/s, Loss=0.012498, Pos=0.012376, Vel=0.00006128]Epoch 2/200 [TRAIN]:  29%|██▉       | 1172/4032 [01:58<05:03,  9.42it/s, Loss=0.012504, Pos=0.012381, Vel=0.00006125]Epoch 2/200 [TRAIN]:  29%|██▉       | 1172/4032 [01:58<05:03,  9.42it/s, Loss=0.012502, Pos=0.012379, Vel=0.00006124]Epoch 2/200 [TRAIN]:  29%|██▉       | 1174/4032 [01:58<04:18, 11.04it/s, Loss=0.012502, Pos=0.012379, Vel=0.00006124]Epoch 2/200 [TRAIN]:  29%|██▉       | 1174/4032 [01:59<04:18, 11.04it/s, Loss=0.012516, Pos=0.012393, Vel=0.00006123]Epoch 2/200 [TRAIN]:  29%|██▉       | 1174/4032 [01:59<04:18, 11.04it/s, Loss=0.012509, Pos=0.012386, Vel=0.00006122]Epoch 2/200 [TRAIN]:  29%|██▉       | 1176/4032 [01:59<04:35, 10.38it/s, Loss=0.012509, Pos=0.012386, Vel=0.00006122]Epoch 2/200 [TRAIN]:  29%|██▉       | 1176/4032 [01:59<04:35, 10.38it/s, Loss=0.012500, Pos=0.012377, Vel=0.00006121]Epoch 2/200 [TRAIN]:  29%|██▉       | 1176/4032 [01:59<04:35, 10.38it/s, Loss=0.012498, Pos=0.012375, Vel=0.00006117]Epoch 2/200 [TRAIN]:  29%|██▉       | 1178/4032 [01:59<04:44, 10.02it/s, Loss=0.012498, Pos=0.012375, Vel=0.00006117]Epoch 2/200 [TRAIN]:  29%|██▉       | 1178/4032 [01:59<04:44, 10.02it/s, Loss=0.012503, Pos=0.012381, Vel=0.00006126]Epoch 2/200 [TRAIN]:  29%|██▉       | 1178/4032 [01:59<04:44, 10.02it/s, Loss=0.012500, Pos=0.012377, Vel=0.00006131]Epoch 2/200 [TRAIN]:  29%|██▉       | 1180/4032 [01:59<04:22, 10.88it/s, Loss=0.012500, Pos=0.012377, Vel=0.00006131]Epoch 2/200 [TRAIN]:  29%|██▉       | 1180/4032 [01:59<04:22, 10.88it/s, Loss=0.012495, Pos=0.012373, Vel=0.00006131]Epoch 2/200 [TRAIN]:  29%|██▉       | 1180/4032 [01:59<04:22, 10.88it/s, Loss=0.012497, Pos=0.012374, Vel=0.00006128]Epoch 2/200 [TRAIN]:  29%|██▉       | 1182/4032 [01:59<04:35, 10.33it/s, Loss=0.012497, Pos=0.012374, Vel=0.00006128]Epoch 2/200 [TRAIN]:  29%|██▉       | 1182/4032 [01:59<04:35, 10.33it/s, Loss=0.012492, Pos=0.012370, Vel=0.00006125]Epoch 2/200 [TRAIN]:  29%|██▉       | 1182/4032 [01:59<04:35, 10.33it/s, Loss=0.012486, Pos=0.012363, Vel=0.00006121]Epoch 2/200 [TRAIN]:  29%|██▉       | 1184/4032 [01:59<04:50,  9.79it/s, Loss=0.012486, Pos=0.012363, Vel=0.00006121]Epoch 2/200 [TRAIN]:  29%|██▉       | 1184/4032 [02:00<04:50,  9.79it/s, Loss=0.012486, Pos=0.012364, Vel=0.00006124]Epoch 2/200 [TRAIN]:  29%|██▉       | 1184/4032 [02:00<04:50,  9.79it/s, Loss=0.012482, Pos=0.012359, Vel=0.00006123]Epoch 2/200 [TRAIN]:  29%|██▉       | 1186/4032 [02:00<05:00,  9.48it/s, Loss=0.012482, Pos=0.012359, Vel=0.00006123]Epoch 2/200 [TRAIN]:  29%|██▉       | 1186/4032 [02:00<05:00,  9.48it/s, Loss=0.012522, Pos=0.012399, Vel=0.00006125]Epoch 2/200 [TRAIN]:  29%|██▉       | 1187/4032 [02:00<05:04,  9.34it/s, Loss=0.012522, Pos=0.012399, Vel=0.00006125]Epoch 2/200 [TRAIN]:  29%|██▉       | 1187/4032 [02:00<05:04,  9.34it/s, Loss=0.012516, Pos=0.012393, Vel=0.00006124]Epoch 2/200 [TRAIN]:  29%|██▉       | 1188/4032 [02:00<05:13,  9.07it/s, Loss=0.012516, Pos=0.012393, Vel=0.00006124]Epoch 2/200 [TRAIN]:  29%|██▉       | 1188/4032 [02:00<05:13,  9.07it/s, Loss=0.012515, Pos=0.012393, Vel=0.00006123]Epoch 2/200 [TRAIN]:  29%|██▉       | 1188/4032 [02:00<05:13,  9.07it/s, Loss=0.012508, Pos=0.012386, Vel=0.00006119]Epoch 2/200 [TRAIN]:  30%|██▉       | 1190/4032 [02:00<05:04,  9.32it/s, Loss=0.012508, Pos=0.012386, Vel=0.00006119]Epoch 2/200 [TRAIN]:  30%|██▉       | 1190/4032 [02:00<05:04,  9.32it/s, Loss=0.012501, Pos=0.012379, Vel=0.00006116]Epoch 2/200 [TRAIN]:  30%|██▉       | 1191/4032 [02:00<05:05,  9.30it/s, Loss=0.012501, Pos=0.012379, Vel=0.00006116]Epoch 2/200 [TRAIN]:  30%|██▉       | 1191/4032 [02:00<05:05,  9.30it/s, Loss=0.012500, Pos=0.012378, Vel=0.00006115]Epoch 2/200 [TRAIN]:  30%|██▉       | 1192/4032 [02:00<05:05,  9.29it/s, Loss=0.012500, Pos=0.012378, Vel=0.00006115]Epoch 2/200 [TRAIN]:  30%|██▉       | 1192/4032 [02:00<05:05,  9.29it/s, Loss=0.012497, Pos=0.012375, Vel=0.00006126]Epoch 2/200 [TRAIN]:  30%|██▉       | 1192/4032 [02:00<05:05,  9.29it/s, Loss=0.012501, Pos=0.012379, Vel=0.00006124]Epoch 2/200 [TRAIN]:  30%|██▉       | 1194/4032 [02:00<04:36, 10.25it/s, Loss=0.012501, Pos=0.012379, Vel=0.00006124]Epoch 2/200 [TRAIN]:  30%|██▉       | 1194/4032 [02:01<04:36, 10.25it/s, Loss=0.012511, Pos=0.012388, Vel=0.00006123]Epoch 2/200 [TRAIN]:  30%|██▉       | 1194/4032 [02:01<04:36, 10.25it/s, Loss=0.012505, Pos=0.012382, Vel=0.00006123]Epoch 2/200 [TRAIN]:  30%|██▉       | 1196/4032 [02:01<04:07, 11.45it/s, Loss=0.012505, Pos=0.012382, Vel=0.00006123]Epoch 2/200 [TRAIN]:  30%|██▉       | 1196/4032 [02:01<04:07, 11.45it/s, Loss=0.012503, Pos=0.012381, Vel=0.00006120]Epoch 2/200 [TRAIN]:  30%|██▉       | 1196/4032 [02:01<04:07, 11.45it/s, Loss=0.012507, Pos=0.012384, Vel=0.00006124]Epoch 2/200 [TRAIN]:  30%|██▉       | 1198/4032 [02:01<03:52, 12.18it/s, Loss=0.012507, Pos=0.012384, Vel=0.00006124]Epoch 2/200 [TRAIN]:  30%|██▉       | 1198/4032 [02:01<03:52, 12.18it/s, Loss=0.012511, Pos=0.012389, Vel=0.00006122]Epoch 2/200 [TRAIN]:  30%|██▉       | 1198/4032 [02:01<03:52, 12.18it/s, Loss=0.012517, Pos=0.012395, Vel=0.00006121]Epoch 2/200 [TRAIN]:  30%|██▉       | 1200/4032 [02:01<04:18, 10.96it/s, Loss=0.012517, Pos=0.012395, Vel=0.00006121]Epoch 2/200 [TRAIN]:  30%|██▉       | 1200/4032 [02:01<04:18, 10.96it/s, Loss=0.012514, Pos=0.012392, Vel=0.00006121]Epoch 2/200 [TRAIN]:  30%|██▉       | 1200/4032 [02:01<04:18, 10.96it/s, Loss=0.012507, Pos=0.012385, Vel=0.00006118]Epoch 2/200 [TRAIN]:  30%|██▉       | 1202/4032 [02:01<04:32, 10.37it/s, Loss=0.012507, Pos=0.012385, Vel=0.00006118]Epoch 2/200 [TRAIN]:  30%|██▉       | 1202/4032 [02:01<04:32, 10.37it/s, Loss=0.012500, Pos=0.012378, Vel=0.00006117]Epoch 2/200 [TRAIN]:  30%|██▉       | 1202/4032 [02:01<04:32, 10.37it/s, Loss=0.012507, Pos=0.012384, Vel=0.00006121]Epoch 2/200 [TRAIN]:  30%|██▉       | 1204/4032 [02:01<04:43,  9.96it/s, Loss=0.012507, Pos=0.012384, Vel=0.00006121]Epoch 2/200 [TRAIN]:  30%|██▉       | 1204/4032 [02:02<04:43,  9.96it/s, Loss=0.012502, Pos=0.012379, Vel=0.00006119]Epoch 2/200 [TRAIN]:  30%|██▉       | 1204/4032 [02:02<04:43,  9.96it/s, Loss=0.012499, Pos=0.012376, Vel=0.00006119]Epoch 2/200 [TRAIN]:  30%|██▉       | 1206/4032 [02:02<04:27, 10.56it/s, Loss=0.012499, Pos=0.012376, Vel=0.00006119]Epoch 2/200 [TRAIN]:  30%|██▉       | 1206/4032 [02:02<04:27, 10.56it/s, Loss=0.012490, Pos=0.012368, Vel=0.00006117]Epoch 2/200 [TRAIN]:  30%|██▉       | 1206/4032 [02:02<04:27, 10.56it/s, Loss=0.012482, Pos=0.012360, Vel=0.00006114]Epoch 2/200 [TRAIN]:  30%|██▉       | 1208/4032 [02:02<04:36, 10.21it/s, Loss=0.012482, Pos=0.012360, Vel=0.00006114]Epoch 2/200 [TRAIN]:  30%|██▉       | 1208/4032 [02:02<04:36, 10.21it/s, Loss=0.012479, Pos=0.012357, Vel=0.00006110]Epoch 2/200 [TRAIN]:  30%|██▉       | 1208/4032 [02:02<04:36, 10.21it/s, Loss=0.012471, Pos=0.012349, Vel=0.00006109]Epoch 2/200 [TRAIN]:  30%|███       | 1210/4032 [02:02<04:52,  9.66it/s, Loss=0.012471, Pos=0.012349, Vel=0.00006109]Epoch 2/200 [TRAIN]:  30%|███       | 1210/4032 [02:02<04:52,  9.66it/s, Loss=0.012464, Pos=0.012342, Vel=0.00006108]Epoch 2/200 [TRAIN]:  30%|███       | 1211/4032 [02:02<04:51,  9.68it/s, Loss=0.012464, Pos=0.012342, Vel=0.00006108]Epoch 2/200 [TRAIN]:  30%|███       | 1211/4032 [02:02<04:51,  9.68it/s, Loss=0.012464, Pos=0.012342, Vel=0.00006119]Epoch 2/200 [TRAIN]:  30%|███       | 1212/4032 [02:02<04:49,  9.74it/s, Loss=0.012464, Pos=0.012342, Vel=0.00006119]Epoch 2/200 [TRAIN]:  30%|███       | 1212/4032 [02:02<04:49,  9.74it/s, Loss=0.012465, Pos=0.012343, Vel=0.00006117]Epoch 2/200 [TRAIN]:  30%|███       | 1212/4032 [02:02<04:49,  9.74it/s, Loss=0.012465, Pos=0.012342, Vel=0.00006118]Epoch 2/200 [TRAIN]:  30%|███       | 1214/4032 [02:02<04:39, 10.10it/s, Loss=0.012465, Pos=0.012342, Vel=0.00006118]Epoch 2/200 [TRAIN]:  30%|███       | 1214/4032 [02:02<04:39, 10.10it/s, Loss=0.012458, Pos=0.012335, Vel=0.00006114]Epoch 2/200 [TRAIN]:  30%|███       | 1214/4032 [02:03<04:39, 10.10it/s, Loss=0.012466, Pos=0.012344, Vel=0.00006117]Epoch 2/200 [TRAIN]:  30%|███       | 1216/4032 [02:03<04:13, 11.09it/s, Loss=0.012466, Pos=0.012344, Vel=0.00006117]Epoch 2/200 [TRAIN]:  30%|███       | 1216/4032 [02:03<04:13, 11.09it/s, Loss=0.012473, Pos=0.012351, Vel=0.00006125]Epoch 2/200 [TRAIN]:  30%|███       | 1216/4032 [02:03<04:13, 11.09it/s, Loss=0.012470, Pos=0.012348, Vel=0.00006133]Epoch 2/200 [TRAIN]:  30%|███       | 1218/4032 [02:03<04:25, 10.59it/s, Loss=0.012470, Pos=0.012348, Vel=0.00006133]Epoch 2/200 [TRAIN]:  30%|███       | 1218/4032 [02:03<04:25, 10.59it/s, Loss=0.012491, Pos=0.012368, Vel=0.00006155]Epoch 2/200 [TRAIN]:  30%|███       | 1218/4032 [02:03<04:25, 10.59it/s, Loss=0.012486, Pos=0.012363, Vel=0.00006155]Epoch 2/200 [TRAIN]:  30%|███       | 1220/4032 [02:03<04:41,  9.98it/s, Loss=0.012486, Pos=0.012363, Vel=0.00006155]Epoch 2/200 [TRAIN]:  30%|███       | 1220/4032 [02:03<04:41,  9.98it/s, Loss=0.012491, Pos=0.012367, Vel=0.00006154]Epoch 2/200 [TRAIN]:  30%|███       | 1220/4032 [02:03<04:41,  9.98it/s, Loss=0.012483, Pos=0.012359, Vel=0.00006152]Epoch 2/200 [TRAIN]:  30%|███       | 1222/4032 [02:03<04:50,  9.68it/s, Loss=0.012483, Pos=0.012359, Vel=0.00006152]Epoch 2/200 [TRAIN]:  30%|███       | 1222/4032 [02:03<04:50,  9.68it/s, Loss=0.012478, Pos=0.012355, Vel=0.00006148]Epoch 2/200 [TRAIN]:  30%|███       | 1223/4032 [02:03<04:58,  9.42it/s, Loss=0.012478, Pos=0.012355, Vel=0.00006148]Epoch 2/200 [TRAIN]:  30%|███       | 1223/4032 [02:03<04:58,  9.42it/s, Loss=0.012476, Pos=0.012353, Vel=0.00006148]Epoch 2/200 [TRAIN]:  30%|███       | 1224/4032 [02:03<04:55,  9.50it/s, Loss=0.012476, Pos=0.012353, Vel=0.00006148]Epoch 2/200 [TRAIN]:  30%|███       | 1224/4032 [02:04<04:55,  9.50it/s, Loss=0.012467, Pos=0.012344, Vel=0.00006147]Epoch 2/200 [TRAIN]:  30%|███       | 1225/4032 [02:04<05:02,  9.27it/s, Loss=0.012467, Pos=0.012344, Vel=0.00006147]Epoch 2/200 [TRAIN]:  30%|███       | 1225/4032 [02:04<05:02,  9.27it/s, Loss=0.012471, Pos=0.012348, Vel=0.00006150]Epoch 2/200 [TRAIN]:  30%|███       | 1225/4032 [02:04<05:02,  9.27it/s, Loss=0.012471, Pos=0.012348, Vel=0.00006157]Epoch 2/200 [TRAIN]:  30%|███       | 1227/4032 [02:04<04:31, 10.33it/s, Loss=0.012471, Pos=0.012348, Vel=0.00006157]Epoch 2/200 [TRAIN]:  30%|███       | 1227/4032 [02:04<04:31, 10.33it/s, Loss=0.012468, Pos=0.012345, Vel=0.00006156]Epoch 2/200 [TRAIN]:  30%|███       | 1227/4032 [02:04<04:31, 10.33it/s, Loss=0.012461, Pos=0.012338, Vel=0.00006156]Epoch 2/200 [TRAIN]:  30%|███       | 1229/4032 [02:04<04:42,  9.91it/s, Loss=0.012461, Pos=0.012338, Vel=0.00006156]Epoch 2/200 [TRAIN]:  30%|███       | 1229/4032 [02:04<04:42,  9.91it/s, Loss=0.012454, Pos=0.012331, Vel=0.00006154]Epoch 2/200 [TRAIN]:  31%|███       | 1230/4032 [02:04<04:51,  9.61it/s, Loss=0.012454, Pos=0.012331, Vel=0.00006154]Epoch 2/200 [TRAIN]:  31%|███       | 1230/4032 [02:04<04:51,  9.61it/s, Loss=0.012449, Pos=0.012326, Vel=0.00006152]Epoch 2/200 [TRAIN]:  31%|███       | 1230/4032 [02:04<04:51,  9.61it/s, Loss=0.012458, Pos=0.012335, Vel=0.00006153]Epoch 2/200 [TRAIN]:  31%|███       | 1232/4032 [02:04<04:47,  9.75it/s, Loss=0.012458, Pos=0.012335, Vel=0.00006153]Epoch 2/200 [TRAIN]:  31%|███       | 1232/4032 [02:04<04:47,  9.75it/s, Loss=0.012451, Pos=0.012328, Vel=0.00006152]Epoch 2/200 [TRAIN]:  31%|███       | 1233/4032 [02:04<04:59,  9.36it/s, Loss=0.012451, Pos=0.012328, Vel=0.00006152]Epoch 2/200 [TRAIN]:  31%|███       | 1233/4032 [02:04<04:59,  9.36it/s, Loss=0.012447, Pos=0.012324, Vel=0.00006152]Epoch 2/200 [TRAIN]:  31%|███       | 1234/4032 [02:04<04:54,  9.50it/s, Loss=0.012447, Pos=0.012324, Vel=0.00006152]Epoch 2/200 [TRAIN]:  31%|███       | 1234/4032 [02:05<04:54,  9.50it/s, Loss=0.012449, Pos=0.012326, Vel=0.00006148]Epoch 2/200 [TRAIN]:  31%|███       | 1234/4032 [02:05<04:54,  9.50it/s, Loss=0.012450, Pos=0.012327, Vel=0.00006149]Epoch 2/200 [TRAIN]:  31%|███       | 1236/4032 [02:05<04:57,  9.40it/s, Loss=0.012450, Pos=0.012327, Vel=0.00006149]Epoch 2/200 [TRAIN]:  31%|███       | 1236/4032 [02:05<04:57,  9.40it/s, Loss=0.012462, Pos=0.012339, Vel=0.00006145]Epoch 2/200 [TRAIN]:  31%|███       | 1237/4032 [02:05<04:55,  9.47it/s, Loss=0.012462, Pos=0.012339, Vel=0.00006145]Epoch 2/200 [TRAIN]:  31%|███       | 1237/4032 [02:05<04:55,  9.47it/s, Loss=0.012464, Pos=0.012341, Vel=0.00006142]Epoch 2/200 [TRAIN]:  31%|███       | 1238/4032 [02:05<05:07,  9.10it/s, Loss=0.012464, Pos=0.012341, Vel=0.00006142]Epoch 2/200 [TRAIN]:  31%|███       | 1238/4032 [02:05<05:07,  9.10it/s, Loss=0.012457, Pos=0.012334, Vel=0.00006140]Epoch 2/200 [TRAIN]:  31%|███       | 1239/4032 [02:05<05:03,  9.20it/s, Loss=0.012457, Pos=0.012334, Vel=0.00006140]Epoch 2/200 [TRAIN]:  31%|███       | 1239/4032 [02:05<05:03,  9.20it/s, Loss=0.012450, Pos=0.012327, Vel=0.00006136]Epoch 2/200 [TRAIN]:  31%|███       | 1240/4032 [02:05<04:58,  9.35it/s, Loss=0.012450, Pos=0.012327, Vel=0.00006136]Epoch 2/200 [TRAIN]:  31%|███       | 1240/4032 [02:05<04:58,  9.35it/s, Loss=0.012443, Pos=0.012320, Vel=0.00006132]Epoch 2/200 [TRAIN]:  31%|███       | 1241/4032 [02:05<05:08,  9.06it/s, Loss=0.012443, Pos=0.012320, Vel=0.00006132]Epoch 2/200 [TRAIN]:  31%|███       | 1241/4032 [02:05<05:08,  9.06it/s, Loss=0.012437, Pos=0.012314, Vel=0.00006129]Epoch 2/200 [TRAIN]:  31%|███       | 1242/4032 [02:05<05:00,  9.30it/s, Loss=0.012437, Pos=0.012314, Vel=0.00006129]Epoch 2/200 [TRAIN]:  31%|███       | 1242/4032 [02:05<05:00,  9.30it/s, Loss=0.012432, Pos=0.012310, Vel=0.00006128]Epoch 2/200 [TRAIN]:  31%|███       | 1243/4032 [02:05<04:56,  9.42it/s, Loss=0.012432, Pos=0.012310, Vel=0.00006128]Epoch 2/200 [TRAIN]:  31%|███       | 1243/4032 [02:06<04:56,  9.42it/s, Loss=0.012424, Pos=0.012301, Vel=0.00006128]Epoch 2/200 [TRAIN]:  31%|███       | 1244/4032 [02:06<05:01,  9.26it/s, Loss=0.012424, Pos=0.012301, Vel=0.00006128]Epoch 2/200 [TRAIN]:  31%|███       | 1244/4032 [02:06<05:01,  9.26it/s, Loss=0.012425, Pos=0.012302, Vel=0.00006134]Epoch 2/200 [TRAIN]:  31%|███       | 1245/4032 [02:06<05:09,  9.01it/s, Loss=0.012425, Pos=0.012302, Vel=0.00006134]Epoch 2/200 [TRAIN]:  31%|███       | 1245/4032 [02:06<05:09,  9.01it/s, Loss=0.012421, Pos=0.012298, Vel=0.00006133]Epoch 2/200 [TRAIN]:  31%|███       | 1246/4032 [02:06<05:01,  9.25it/s, Loss=0.012421, Pos=0.012298, Vel=0.00006133]Epoch 2/200 [TRAIN]:  31%|███       | 1246/4032 [02:06<05:01,  9.25it/s, Loss=0.012474, Pos=0.012352, Vel=0.00006136]Epoch 2/200 [TRAIN]:  31%|███       | 1247/4032 [02:06<05:08,  9.04it/s, Loss=0.012474, Pos=0.012352, Vel=0.00006136]Epoch 2/200 [TRAIN]:  31%|███       | 1247/4032 [02:06<05:08,  9.04it/s, Loss=0.012469, Pos=0.012346, Vel=0.00006132]Epoch 2/200 [TRAIN]:  31%|███       | 1248/4032 [02:06<05:00,  9.26it/s, Loss=0.012469, Pos=0.012346, Vel=0.00006132]Epoch 2/200 [TRAIN]:  31%|███       | 1248/4032 [02:06<05:00,  9.26it/s, Loss=0.012460, Pos=0.012338, Vel=0.00006131]Epoch 2/200 [TRAIN]:  31%|███       | 1249/4032 [02:06<05:06,  9.08it/s, Loss=0.012460, Pos=0.012338, Vel=0.00006131]Epoch 2/200 [TRAIN]:  31%|███       | 1249/4032 [02:06<05:06,  9.08it/s, Loss=0.012461, Pos=0.012338, Vel=0.00006129]Epoch 2/200 [TRAIN]:  31%|███       | 1249/4032 [02:06<05:06,  9.08it/s, Loss=0.012490, Pos=0.012368, Vel=0.00006125]Epoch 2/200 [TRAIN]:  31%|███       | 1251/4032 [02:06<04:15, 10.90it/s, Loss=0.012490, Pos=0.012368, Vel=0.00006125]Epoch 2/200 [TRAIN]:  31%|███       | 1251/4032 [02:06<04:15, 10.90it/s, Loss=0.012482, Pos=0.012359, Vel=0.00006121]Epoch 2/200 [TRAIN]:  31%|███       | 1251/4032 [02:06<04:15, 10.90it/s, Loss=0.012475, Pos=0.012353, Vel=0.00006120]Epoch 2/200 [TRAIN]:  31%|███       | 1253/4032 [02:06<04:05, 11.33it/s, Loss=0.012475, Pos=0.012353, Vel=0.00006120]Epoch 2/200 [TRAIN]:  31%|███       | 1253/4032 [02:07<04:05, 11.33it/s, Loss=0.012469, Pos=0.012347, Vel=0.00006118]Epoch 2/200 [TRAIN]:  31%|███       | 1253/4032 [02:07<04:05, 11.33it/s, Loss=0.012461, Pos=0.012338, Vel=0.00006114]Epoch 2/200 [TRAIN]:  31%|███       | 1255/4032 [02:07<04:24, 10.51it/s, Loss=0.012461, Pos=0.012338, Vel=0.00006114]Epoch 2/200 [TRAIN]:  31%|███       | 1255/4032 [02:07<04:24, 10.51it/s, Loss=0.012453, Pos=0.012331, Vel=0.00006110]Epoch 2/200 [TRAIN]:  31%|███       | 1255/4032 [02:07<04:24, 10.51it/s, Loss=0.012450, Pos=0.012328, Vel=0.00006107]Epoch 2/200 [TRAIN]:  31%|███       | 1257/4032 [02:07<04:40,  9.88it/s, Loss=0.012450, Pos=0.012328, Vel=0.00006107]Epoch 2/200 [TRAIN]:  31%|███       | 1257/4032 [02:07<04:40,  9.88it/s, Loss=0.012442, Pos=0.012320, Vel=0.00006104]Epoch 2/200 [TRAIN]:  31%|███       | 1257/4032 [02:07<04:40,  9.88it/s, Loss=0.012450, Pos=0.012328, Vel=0.00006108]Epoch 2/200 [TRAIN]:  31%|███       | 1259/4032 [02:07<04:51,  9.52it/s, Loss=0.012450, Pos=0.012328, Vel=0.00006108]Epoch 2/200 [TRAIN]:  31%|███       | 1259/4032 [02:07<04:51,  9.52it/s, Loss=0.012460, Pos=0.012338, Vel=0.00006119]Epoch 2/200 [TRAIN]:  31%|███▏      | 1260/4032 [02:07<04:50,  9.54it/s, Loss=0.012460, Pos=0.012338, Vel=0.00006119]Epoch 2/200 [TRAIN]:  31%|███▏      | 1260/4032 [02:07<04:50,  9.54it/s, Loss=0.012470, Pos=0.012347, Vel=0.00006120]Epoch 2/200 [TRAIN]:  31%|███▏      | 1261/4032 [02:07<04:50,  9.54it/s, Loss=0.012470, Pos=0.012347, Vel=0.00006120]Epoch 2/200 [TRAIN]:  31%|███▏      | 1261/4032 [02:07<04:50,  9.54it/s, Loss=0.012467, Pos=0.012345, Vel=0.00006116]Epoch 2/200 [TRAIN]:  31%|███▏      | 1262/4032 [02:07<04:47,  9.64it/s, Loss=0.012467, Pos=0.012345, Vel=0.00006116]Epoch 2/200 [TRAIN]:  31%|███▏      | 1262/4032 [02:08<04:47,  9.64it/s, Loss=0.012459, Pos=0.012336, Vel=0.00006115]Epoch 2/200 [TRAIN]:  31%|███▏      | 1263/4032 [02:08<05:02,  9.16it/s, Loss=0.012459, Pos=0.012336, Vel=0.00006115]Epoch 2/200 [TRAIN]:  31%|███▏      | 1263/4032 [02:08<05:02,  9.16it/s, Loss=0.012452, Pos=0.012330, Vel=0.00006116]Epoch 2/200 [TRAIN]:  31%|███▏      | 1263/4032 [02:08<05:02,  9.16it/s, Loss=0.012446, Pos=0.012323, Vel=0.00006118]Epoch 2/200 [TRAIN]:  31%|███▏      | 1265/4032 [02:08<04:51,  9.51it/s, Loss=0.012446, Pos=0.012323, Vel=0.00006118]Epoch 2/200 [TRAIN]:  31%|███▏      | 1265/4032 [02:08<04:51,  9.51it/s, Loss=0.012438, Pos=0.012316, Vel=0.00006116]Epoch 2/200 [TRAIN]:  31%|███▏      | 1266/4032 [02:08<05:01,  9.17it/s, Loss=0.012438, Pos=0.012316, Vel=0.00006116]Epoch 2/200 [TRAIN]:  31%|███▏      | 1266/4032 [02:08<05:01,  9.17it/s, Loss=0.012435, Pos=0.012312, Vel=0.00006112]Epoch 2/200 [TRAIN]:  31%|███▏      | 1267/4032 [02:08<04:59,  9.24it/s, Loss=0.012435, Pos=0.012312, Vel=0.00006112]Epoch 2/200 [TRAIN]:  31%|███▏      | 1267/4032 [02:08<04:59,  9.24it/s, Loss=0.012437, Pos=0.012315, Vel=0.00006112]Epoch 2/200 [TRAIN]:  31%|███▏      | 1268/4032 [02:08<05:04,  9.08it/s, Loss=0.012437, Pos=0.012315, Vel=0.00006112]Epoch 2/200 [TRAIN]:  31%|███▏      | 1268/4032 [02:08<05:04,  9.08it/s, Loss=0.012430, Pos=0.012307, Vel=0.00006112]Epoch 2/200 [TRAIN]:  31%|███▏      | 1269/4032 [02:08<04:58,  9.25it/s, Loss=0.012430, Pos=0.012307, Vel=0.00006112]Epoch 2/200 [TRAIN]:  31%|███▏      | 1269/4032 [02:08<04:58,  9.25it/s, Loss=0.012430, Pos=0.012307, Vel=0.00006114]Epoch 2/200 [TRAIN]:  31%|███▏      | 1270/4032 [02:08<05:09,  8.92it/s, Loss=0.012430, Pos=0.012307, Vel=0.00006114]Epoch 2/200 [TRAIN]:  31%|███▏      | 1270/4032 [02:08<05:09,  8.92it/s, Loss=0.012423, Pos=0.012300, Vel=0.00006112]Epoch 2/200 [TRAIN]:  32%|███▏      | 1271/4032 [02:08<05:05,  9.04it/s, Loss=0.012423, Pos=0.012300, Vel=0.00006112]Epoch 2/200 [TRAIN]:  32%|███▏      | 1271/4032 [02:08<05:05,  9.04it/s, Loss=0.012417, Pos=0.012295, Vel=0.00006110]Epoch 2/200 [TRAIN]:  32%|███▏      | 1272/4032 [02:08<04:57,  9.27it/s, Loss=0.012417, Pos=0.012295, Vel=0.00006110]Epoch 2/200 [TRAIN]:  32%|███▏      | 1272/4032 [02:09<04:57,  9.27it/s, Loss=0.012412, Pos=0.012290, Vel=0.00006108]Epoch 2/200 [TRAIN]:  32%|███▏      | 1273/4032 [02:09<05:02,  9.11it/s, Loss=0.012412, Pos=0.012290, Vel=0.00006108]Epoch 2/200 [TRAIN]:  32%|███▏      | 1273/4032 [02:09<05:02,  9.11it/s, Loss=0.012405, Pos=0.012283, Vel=0.00006105]Epoch 2/200 [TRAIN]:  32%|███▏      | 1274/4032 [02:09<05:02,  9.12it/s, Loss=0.012405, Pos=0.012283, Vel=0.00006105]Epoch 2/200 [TRAIN]:  32%|███▏      | 1274/4032 [02:09<05:02,  9.12it/s, Loss=0.012398, Pos=0.012276, Vel=0.00006105]Epoch 2/200 [TRAIN]:  32%|███▏      | 1275/4032 [02:09<05:14,  8.78it/s, Loss=0.012398, Pos=0.012276, Vel=0.00006105]Epoch 2/200 [TRAIN]:  32%|███▏      | 1275/4032 [02:09<05:14,  8.78it/s, Loss=0.012400, Pos=0.012278, Vel=0.00006106]Epoch 2/200 [TRAIN]:  32%|███▏      | 1275/4032 [02:09<05:14,  8.78it/s, Loss=0.012397, Pos=0.012275, Vel=0.00006104]Epoch 2/200 [TRAIN]:  32%|███▏      | 1277/4032 [02:09<04:15, 10.80it/s, Loss=0.012397, Pos=0.012275, Vel=0.00006104]Epoch 2/200 [TRAIN]:  32%|███▏      | 1277/4032 [02:09<04:15, 10.80it/s, Loss=0.012390, Pos=0.012268, Vel=0.00006106]Epoch 2/200 [TRAIN]:  32%|███▏      | 1277/4032 [02:09<04:15, 10.80it/s, Loss=0.012384, Pos=0.012262, Vel=0.00006104]Epoch 2/200 [TRAIN]:  32%|███▏      | 1279/4032 [02:09<03:56, 11.62it/s, Loss=0.012384, Pos=0.012262, Vel=0.00006104]Epoch 2/200 [TRAIN]:  32%|███▏      | 1279/4032 [02:09<03:56, 11.62it/s, Loss=0.012380, Pos=0.012258, Vel=0.00006104]Epoch 2/200 [TRAIN]:  32%|███▏      | 1279/4032 [02:09<03:56, 11.62it/s, Loss=0.012393, Pos=0.012271, Vel=0.00006103]Epoch 2/200 [TRAIN]:  32%|███▏      | 1281/4032 [02:09<03:48, 12.02it/s, Loss=0.012393, Pos=0.012271, Vel=0.00006103]Epoch 2/200 [TRAIN]:  32%|███▏      | 1281/4032 [02:09<03:48, 12.02it/s, Loss=0.012396, Pos=0.012274, Vel=0.00006102]Epoch 2/200 [TRAIN]:  32%|███▏      | 1281/4032 [02:09<03:48, 12.02it/s, Loss=0.012396, Pos=0.012274, Vel=0.00006104]Epoch 2/200 [TRAIN]:  32%|███▏      | 1283/4032 [02:09<04:09, 11.01it/s, Loss=0.012396, Pos=0.012274, Vel=0.00006104]Epoch 2/200 [TRAIN]:  32%|███▏      | 1283/4032 [02:10<04:09, 11.01it/s, Loss=0.012401, Pos=0.012279, Vel=0.00006101]Epoch 2/200 [TRAIN]:  32%|███▏      | 1283/4032 [02:10<04:09, 11.01it/s, Loss=0.012394, Pos=0.012272, Vel=0.00006099]Epoch 2/200 [TRAIN]:  32%|███▏      | 1285/4032 [02:10<04:14, 10.80it/s, Loss=0.012394, Pos=0.012272, Vel=0.00006099]Epoch 2/200 [TRAIN]:  32%|███▏      | 1285/4032 [02:10<04:14, 10.80it/s, Loss=0.012390, Pos=0.012268, Vel=0.00006097]Epoch 2/200 [TRAIN]:  32%|███▏      | 1285/4032 [02:10<04:14, 10.80it/s, Loss=0.012384, Pos=0.012262, Vel=0.00006095]Epoch 2/200 [TRAIN]:  32%|███▏      | 1287/4032 [02:10<04:22, 10.46it/s, Loss=0.012384, Pos=0.012262, Vel=0.00006095]Epoch 2/200 [TRAIN]:  32%|███▏      | 1287/4032 [02:10<04:22, 10.46it/s, Loss=0.012381, Pos=0.012259, Vel=0.00006092]Epoch 2/200 [TRAIN]:  32%|███▏      | 1287/4032 [02:10<04:22, 10.46it/s, Loss=0.012374, Pos=0.012252, Vel=0.00006089]Epoch 2/200 [TRAIN]:  32%|███▏      | 1289/4032 [02:10<04:32, 10.06it/s, Loss=0.012374, Pos=0.012252, Vel=0.00006089]Epoch 2/200 [TRAIN]:  32%|███▏      | 1289/4032 [02:10<04:32, 10.06it/s, Loss=0.012373, Pos=0.012251, Vel=0.00006086]Epoch 2/200 [TRAIN]:  32%|███▏      | 1289/4032 [02:10<04:32, 10.06it/s, Loss=0.012381, Pos=0.012259, Vel=0.00006094]Epoch 2/200 [TRAIN]:  32%|███▏      | 1291/4032 [02:10<04:17, 10.67it/s, Loss=0.012381, Pos=0.012259, Vel=0.00006094]Epoch 2/200 [TRAIN]:  32%|███▏      | 1291/4032 [02:10<04:17, 10.67it/s, Loss=0.012375, Pos=0.012253, Vel=0.00006091]Epoch 2/200 [TRAIN]:  32%|███▏      | 1291/4032 [02:10<04:17, 10.67it/s, Loss=0.012369, Pos=0.012248, Vel=0.00006088]Epoch 2/200 [TRAIN]:  32%|███▏      | 1293/4032 [02:10<04:11, 10.91it/s, Loss=0.012369, Pos=0.012248, Vel=0.00006088]Epoch 2/200 [TRAIN]:  32%|███▏      | 1293/4032 [02:11<04:11, 10.91it/s, Loss=0.012366, Pos=0.012244, Vel=0.00006088]Epoch 2/200 [TRAIN]:  32%|███▏      | 1293/4032 [02:11<04:11, 10.91it/s, Loss=0.012364, Pos=0.012242, Vel=0.00006096]Epoch 2/200 [TRAIN]:  32%|███▏      | 1295/4032 [02:11<04:23, 10.37it/s, Loss=0.012364, Pos=0.012242, Vel=0.00006096]Epoch 2/200 [TRAIN]:  32%|███▏      | 1295/4032 [02:11<04:23, 10.37it/s, Loss=0.012358, Pos=0.012236, Vel=0.00006094]Epoch 2/200 [TRAIN]:  32%|███▏      | 1295/4032 [02:11<04:23, 10.37it/s, Loss=0.012352, Pos=0.012231, Vel=0.00006091]Epoch 2/200 [TRAIN]:  32%|███▏      | 1297/4032 [02:11<04:37,  9.86it/s, Loss=0.012352, Pos=0.012231, Vel=0.00006091]Epoch 2/200 [TRAIN]:  32%|███▏      | 1297/4032 [02:11<04:37,  9.86it/s, Loss=0.012349, Pos=0.012227, Vel=0.00006092]Epoch 2/200 [TRAIN]:  32%|███▏      | 1297/4032 [02:11<04:37,  9.86it/s, Loss=0.012350, Pos=0.012228, Vel=0.00006103]Epoch 2/200 [TRAIN]:  32%|███▏      | 1299/4032 [02:11<04:31, 10.07it/s, Loss=0.012350, Pos=0.012228, Vel=0.00006103]Epoch 2/200 [TRAIN]:  32%|███▏      | 1299/4032 [02:11<04:31, 10.07it/s, Loss=0.012344, Pos=0.012222, Vel=0.00006104]Epoch 2/200 [TRAIN]:  32%|███▏      | 1299/4032 [02:11<04:31, 10.07it/s, Loss=0.012336, Pos=0.012214, Vel=0.00006101]Epoch 2/200 [TRAIN]:  32%|███▏      | 1301/4032 [02:11<04:00, 11.35it/s, Loss=0.012336, Pos=0.012214, Vel=0.00006101]Epoch 2/200 [TRAIN]:  32%|███▏      | 1301/4032 [02:11<04:00, 11.35it/s, Loss=0.012335, Pos=0.012213, Vel=0.00006099]Epoch 2/200 [TRAIN]:  32%|███▏      | 1301/4032 [02:11<04:00, 11.35it/s, Loss=0.012331, Pos=0.012209, Vel=0.00006101]Epoch 2/200 [TRAIN]:  32%|███▏      | 1303/4032 [02:11<04:16, 10.65it/s, Loss=0.012331, Pos=0.012209, Vel=0.00006101]Epoch 2/200 [TRAIN]:  32%|███▏      | 1303/4032 [02:12<04:16, 10.65it/s, Loss=0.012330, Pos=0.012208, Vel=0.00006099]Epoch 2/200 [TRAIN]:  32%|███▏      | 1303/4032 [02:12<04:16, 10.65it/s, Loss=0.012333, Pos=0.012211, Vel=0.00006105]Epoch 2/200 [TRAIN]:  32%|███▏      | 1305/4032 [02:12<04:22, 10.39it/s, Loss=0.012333, Pos=0.012211, Vel=0.00006105]Epoch 2/200 [TRAIN]:  32%|███▏      | 1305/4032 [02:12<04:22, 10.39it/s, Loss=0.012326, Pos=0.012204, Vel=0.00006104]Epoch 2/200 [TRAIN]:  32%|███▏      | 1305/4032 [02:12<04:22, 10.39it/s, Loss=0.012331, Pos=0.012208, Vel=0.00006104]Epoch 2/200 [TRAIN]:  32%|███▏      | 1307/4032 [02:12<04:33,  9.97it/s, Loss=0.012331, Pos=0.012208, Vel=0.00006104]Epoch 2/200 [TRAIN]:  32%|███▏      | 1307/4032 [02:12<04:33,  9.97it/s, Loss=0.012325, Pos=0.012203, Vel=0.00006106]Epoch 2/200 [TRAIN]:  32%|███▏      | 1307/4032 [02:12<04:33,  9.97it/s, Loss=0.012321, Pos=0.012199, Vel=0.00006103]Epoch 2/200 [TRAIN]:  32%|███▏      | 1309/4032 [02:12<04:46,  9.50it/s, Loss=0.012321, Pos=0.012199, Vel=0.00006103]Epoch 2/200 [TRAIN]:  32%|███▏      | 1309/4032 [02:12<04:46,  9.50it/s, Loss=0.012321, Pos=0.012199, Vel=0.00006107]Epoch 2/200 [TRAIN]:  32%|███▏      | 1310/4032 [02:12<04:44,  9.58it/s, Loss=0.012321, Pos=0.012199, Vel=0.00006107]Epoch 2/200 [TRAIN]:  32%|███▏      | 1310/4032 [02:12<04:44,  9.58it/s, Loss=0.012340, Pos=0.012217, Vel=0.00006112]Epoch 2/200 [TRAIN]:  33%|███▎      | 1311/4032 [02:12<04:41,  9.66it/s, Loss=0.012340, Pos=0.012217, Vel=0.00006112]Epoch 2/200 [TRAIN]:  33%|███▎      | 1311/4032 [02:12<04:41,  9.66it/s, Loss=0.012331, Pos=0.012209, Vel=0.00006112]Epoch 2/200 [TRAIN]:  33%|███▎      | 1312/4032 [02:12<04:48,  9.43it/s, Loss=0.012331, Pos=0.012209, Vel=0.00006112]Epoch 2/200 [TRAIN]:  33%|███▎      | 1312/4032 [02:12<04:48,  9.43it/s, Loss=0.012326, Pos=0.012204, Vel=0.00006109]Epoch 2/200 [TRAIN]:  33%|███▎      | 1313/4032 [02:12<04:48,  9.41it/s, Loss=0.012326, Pos=0.012204, Vel=0.00006109]Epoch 2/200 [TRAIN]:  33%|███▎      | 1313/4032 [02:13<04:48,  9.41it/s, Loss=0.012319, Pos=0.012196, Vel=0.00006106]Epoch 2/200 [TRAIN]:  33%|███▎      | 1314/4032 [02:13<04:51,  9.34it/s, Loss=0.012319, Pos=0.012196, Vel=0.00006106]Epoch 2/200 [TRAIN]:  33%|███▎      | 1314/4032 [02:13<04:51,  9.34it/s, Loss=0.012315, Pos=0.012193, Vel=0.00006106]Epoch 2/200 [TRAIN]:  33%|███▎      | 1315/4032 [02:13<04:50,  9.34it/s, Loss=0.012315, Pos=0.012193, Vel=0.00006106]Epoch 2/200 [TRAIN]:  33%|███▎      | 1315/4032 [02:13<04:50,  9.34it/s, Loss=0.012312, Pos=0.012190, Vel=0.00006108]Epoch 2/200 [TRAIN]:  33%|███▎      | 1316/4032 [02:13<04:52,  9.28it/s, Loss=0.012312, Pos=0.012190, Vel=0.00006108]Epoch 2/200 [TRAIN]:  33%|███▎      | 1316/4032 [02:13<04:52,  9.28it/s, Loss=0.012404, Pos=0.012281, Vel=0.00006112]Epoch 2/200 [TRAIN]:  33%|███▎      | 1317/4032 [02:13<04:59,  9.05it/s, Loss=0.012404, Pos=0.012281, Vel=0.00006112]Epoch 2/200 [TRAIN]:  33%|███▎      | 1317/4032 [02:13<04:59,  9.05it/s, Loss=0.012403, Pos=0.012281, Vel=0.00006114]Epoch 2/200 [TRAIN]:  33%|███▎      | 1318/4032 [02:13<04:58,  9.08it/s, Loss=0.012403, Pos=0.012281, Vel=0.00006114]Epoch 2/200 [TRAIN]:  33%|███▎      | 1318/4032 [02:13<04:58,  9.08it/s, Loss=0.012395, Pos=0.012273, Vel=0.00006113]Epoch 2/200 [TRAIN]:  33%|███▎      | 1318/4032 [02:13<04:58,  9.08it/s, Loss=0.012393, Pos=0.012270, Vel=0.00006117]Epoch 2/200 [TRAIN]:  33%|███▎      | 1320/4032 [02:13<04:47,  9.44it/s, Loss=0.012393, Pos=0.012270, Vel=0.00006117]Epoch 2/200 [TRAIN]:  33%|███▎      | 1320/4032 [02:13<04:47,  9.44it/s, Loss=0.012400, Pos=0.012277, Vel=0.00006117]Epoch 2/200 [TRAIN]:  33%|███▎      | 1320/4032 [02:13<04:47,  9.44it/s, Loss=0.012396, Pos=0.012274, Vel=0.00006116]Epoch 2/200 [TRAIN]:  33%|███▎      | 1322/4032 [02:13<04:27, 10.14it/s, Loss=0.012396, Pos=0.012274, Vel=0.00006116]Epoch 2/200 [TRAIN]:  33%|███▎      | 1322/4032 [02:14<04:27, 10.14it/s, Loss=0.012396, Pos=0.012274, Vel=0.00006113]Epoch 2/200 [TRAIN]:  33%|███▎      | 1323/4032 [02:14<04:29, 10.06it/s, Loss=0.012396, Pos=0.012274, Vel=0.00006113]Epoch 2/200 [TRAIN]:  33%|███▎      | 1323/4032 [02:14<04:29, 10.06it/s, Loss=0.012395, Pos=0.012273, Vel=0.00006111]Epoch 2/200 [TRAIN]:  33%|███▎      | 1324/4032 [02:14<04:38,  9.71it/s, Loss=0.012395, Pos=0.012273, Vel=0.00006111]Epoch 2/200 [TRAIN]:  33%|███▎      | 1324/4032 [02:14<04:38,  9.71it/s, Loss=0.012390, Pos=0.012268, Vel=0.00006110]Epoch 2/200 [TRAIN]:  33%|███▎      | 1325/4032 [02:14<04:51,  9.29it/s, Loss=0.012390, Pos=0.012268, Vel=0.00006110]Epoch 2/200 [TRAIN]:  33%|███▎      | 1325/4032 [02:14<04:51,  9.29it/s, Loss=0.012384, Pos=0.012262, Vel=0.00006109]Epoch 2/200 [TRAIN]:  33%|███▎      | 1325/4032 [02:14<04:51,  9.29it/s, Loss=0.012376, Pos=0.012254, Vel=0.00006108]Epoch 2/200 [TRAIN]:  33%|███▎      | 1327/4032 [02:14<03:57, 11.41it/s, Loss=0.012376, Pos=0.012254, Vel=0.00006108]Epoch 2/200 [TRAIN]:  33%|███▎      | 1327/4032 [02:14<03:57, 11.41it/s, Loss=0.012368, Pos=0.012246, Vel=0.00006109]Epoch 2/200 [TRAIN]:  33%|███▎      | 1327/4032 [02:14<03:57, 11.41it/s, Loss=0.012363, Pos=0.012240, Vel=0.00006109]Epoch 2/200 [TRAIN]:  33%|███▎      | 1329/4032 [02:14<03:51, 11.67it/s, Loss=0.012363, Pos=0.012240, Vel=0.00006109]Epoch 2/200 [TRAIN]:  33%|███▎      | 1329/4032 [02:14<03:51, 11.67it/s, Loss=0.012363, Pos=0.012241, Vel=0.00006107]Epoch 2/200 [TRAIN]:  33%|███▎      | 1329/4032 [02:14<03:51, 11.67it/s, Loss=0.012355, Pos=0.012233, Vel=0.00006107]Epoch 2/200 [TRAIN]:  33%|███▎      | 1331/4032 [02:14<03:35, 12.53it/s, Loss=0.012355, Pos=0.012233, Vel=0.00006107]Epoch 2/200 [TRAIN]:  33%|███▎      | 1331/4032 [02:14<03:35, 12.53it/s, Loss=0.012355, Pos=0.012233, Vel=0.00006105]Epoch 2/200 [TRAIN]:  33%|███▎      | 1331/4032 [02:14<03:35, 12.53it/s, Loss=0.012352, Pos=0.012230, Vel=0.00006102]Epoch 2/200 [TRAIN]:  33%|███▎      | 1333/4032 [02:14<03:56, 11.42it/s, Loss=0.012352, Pos=0.012230, Vel=0.00006102]Epoch 2/200 [TRAIN]:  33%|███▎      | 1333/4032 [02:14<03:56, 11.42it/s, Loss=0.012346, Pos=0.012224, Vel=0.00006099]Epoch 2/200 [TRAIN]:  33%|███▎      | 1333/4032 [02:15<03:56, 11.42it/s, Loss=0.012340, Pos=0.012218, Vel=0.00006097]Epoch 2/200 [TRAIN]:  33%|███▎      | 1335/4032 [02:15<04:11, 10.73it/s, Loss=0.012340, Pos=0.012218, Vel=0.00006097]Epoch 2/200 [TRAIN]:  33%|███▎      | 1335/4032 [02:15<04:11, 10.73it/s, Loss=0.012339, Pos=0.012217, Vel=0.00006097]Epoch 2/200 [TRAIN]:  33%|███▎      | 1335/4032 [02:15<04:11, 10.73it/s, Loss=0.012335, Pos=0.012213, Vel=0.00006095]Epoch 2/200 [TRAIN]:  33%|███▎      | 1337/4032 [02:15<04:25, 10.16it/s, Loss=0.012335, Pos=0.012213, Vel=0.00006095]Epoch 2/200 [TRAIN]:  33%|███▎      | 1337/4032 [02:15<04:25, 10.16it/s, Loss=0.012370, Pos=0.012248, Vel=0.00006110]Epoch 2/200 [TRAIN]:  33%|███▎      | 1337/4032 [02:15<04:25, 10.16it/s, Loss=0.012369, Pos=0.012247, Vel=0.00006108]Epoch 2/200 [TRAIN]:  33%|███▎      | 1339/4032 [02:15<04:34,  9.80it/s, Loss=0.012369, Pos=0.012247, Vel=0.00006108]Epoch 2/200 [TRAIN]:  33%|███▎      | 1339/4032 [02:15<04:34,  9.80it/s, Loss=0.012389, Pos=0.012267, Vel=0.00006109]Epoch 2/200 [TRAIN]:  33%|███▎      | 1339/4032 [02:15<04:34,  9.80it/s, Loss=0.012381, Pos=0.012259, Vel=0.00006105]Epoch 2/200 [TRAIN]:  33%|███▎      | 1341/4032 [02:15<04:23, 10.23it/s, Loss=0.012381, Pos=0.012259, Vel=0.00006105]Epoch 2/200 [TRAIN]:  33%|███▎      | 1341/4032 [02:15<04:23, 10.23it/s, Loss=0.012378, Pos=0.012256, Vel=0.00006104]Epoch 2/200 [TRAIN]:  33%|███▎      | 1341/4032 [02:15<04:23, 10.23it/s, Loss=0.012404, Pos=0.012282, Vel=0.00006104]Epoch 2/200 [TRAIN]:  33%|███▎      | 1343/4032 [02:15<04:36,  9.72it/s, Loss=0.012404, Pos=0.012282, Vel=0.00006104]Epoch 2/200 [TRAIN]:  33%|███▎      | 1343/4032 [02:16<04:36,  9.72it/s, Loss=0.012429, Pos=0.012307, Vel=0.00006117]Epoch 2/200 [TRAIN]:  33%|███▎      | 1344/4032 [02:16<04:42,  9.53it/s, Loss=0.012429, Pos=0.012307, Vel=0.00006117]Epoch 2/200 [TRAIN]:  33%|███▎      | 1344/4032 [02:16<04:42,  9.53it/s, Loss=0.012427, Pos=0.012305, Vel=0.00006114]Epoch 2/200 [TRAIN]:  33%|███▎      | 1344/4032 [02:16<04:42,  9.53it/s, Loss=0.012422, Pos=0.012300, Vel=0.00006113]Epoch 2/200 [TRAIN]:  33%|███▎      | 1346/4032 [02:16<04:36,  9.71it/s, Loss=0.012422, Pos=0.012300, Vel=0.00006113]Epoch 2/200 [TRAIN]:  33%|███▎      | 1346/4032 [02:16<04:36,  9.71it/s, Loss=0.012419, Pos=0.012297, Vel=0.00006114]Epoch 2/200 [TRAIN]:  33%|███▎      | 1347/4032 [02:16<04:44,  9.44it/s, Loss=0.012419, Pos=0.012297, Vel=0.00006114]Epoch 2/200 [TRAIN]:  33%|███▎      | 1347/4032 [02:16<04:44,  9.44it/s, Loss=0.012418, Pos=0.012296, Vel=0.00006114]Epoch 2/200 [TRAIN]:  33%|███▎      | 1348/4032 [02:16<04:43,  9.47it/s, Loss=0.012418, Pos=0.012296, Vel=0.00006114]Epoch 2/200 [TRAIN]:  33%|███▎      | 1348/4032 [02:16<04:43,  9.47it/s, Loss=0.012412, Pos=0.012290, Vel=0.00006112]Epoch 2/200 [TRAIN]:  33%|███▎      | 1349/4032 [02:16<04:50,  9.22it/s, Loss=0.012412, Pos=0.012290, Vel=0.00006112]Epoch 2/200 [TRAIN]:  33%|███▎      | 1349/4032 [02:16<04:50,  9.22it/s, Loss=0.012404, Pos=0.012282, Vel=0.00006108]Epoch 2/200 [TRAIN]:  33%|███▎      | 1349/4032 [02:16<04:50,  9.22it/s, Loss=0.012398, Pos=0.012276, Vel=0.00006106]Epoch 2/200 [TRAIN]:  34%|███▎      | 1351/4032 [02:16<03:55, 11.38it/s, Loss=0.012398, Pos=0.012276, Vel=0.00006106]Epoch 2/200 [TRAIN]:  34%|███▎      | 1351/4032 [02:16<03:55, 11.38it/s, Loss=0.012393, Pos=0.012271, Vel=0.00006104]Epoch 2/200 [TRAIN]:  34%|███▎      | 1351/4032 [02:16<03:55, 11.38it/s, Loss=0.012391, Pos=0.012269, Vel=0.00006101]Epoch 2/200 [TRAIN]:  34%|███▎      | 1353/4032 [02:16<04:19, 10.33it/s, Loss=0.012391, Pos=0.012269, Vel=0.00006101]Epoch 2/200 [TRAIN]:  34%|███▎      | 1353/4032 [02:16<04:19, 10.33it/s, Loss=0.012392, Pos=0.012270, Vel=0.00006109]Epoch 2/200 [TRAIN]:  34%|███▎      | 1353/4032 [02:17<04:19, 10.33it/s, Loss=0.012391, Pos=0.012269, Vel=0.00006110]Epoch 2/200 [TRAIN]:  34%|███▎      | 1355/4032 [02:17<03:58, 11.21it/s, Loss=0.012391, Pos=0.012269, Vel=0.00006110]Epoch 2/200 [TRAIN]:  34%|███▎      | 1355/4032 [02:17<03:58, 11.21it/s, Loss=0.012406, Pos=0.012283, Vel=0.00006116]Epoch 2/200 [TRAIN]:  34%|███▎      | 1355/4032 [02:17<03:58, 11.21it/s, Loss=0.012408, Pos=0.012286, Vel=0.00006116]Epoch 2/200 [TRAIN]:  34%|███▎      | 1357/4032 [02:17<04:13, 10.54it/s, Loss=0.012408, Pos=0.012286, Vel=0.00006116]Epoch 2/200 [TRAIN]:  34%|███▎      | 1357/4032 [02:17<04:13, 10.54it/s, Loss=0.012401, Pos=0.012279, Vel=0.00006113]Epoch 2/200 [TRAIN]:  34%|███▎      | 1357/4032 [02:17<04:13, 10.54it/s, Loss=0.012398, Pos=0.012275, Vel=0.00006121]Epoch 2/200 [TRAIN]:  34%|███▎      | 1359/4032 [02:17<04:25, 10.07it/s, Loss=0.012398, Pos=0.012275, Vel=0.00006121]Epoch 2/200 [TRAIN]:  34%|███▎      | 1359/4032 [02:17<04:25, 10.07it/s, Loss=0.012390, Pos=0.012268, Vel=0.00006120]Epoch 2/200 [TRAIN]:  34%|███▎      | 1359/4032 [02:17<04:25, 10.07it/s, Loss=0.012384, Pos=0.012262, Vel=0.00006117]Epoch 2/200 [TRAIN]:  34%|███▍      | 1361/4032 [02:17<04:33,  9.76it/s, Loss=0.012384, Pos=0.012262, Vel=0.00006117]Epoch 2/200 [TRAIN]:  34%|███▍      | 1361/4032 [02:17<04:33,  9.76it/s, Loss=0.012379, Pos=0.012257, Vel=0.00006114]Epoch 2/200 [TRAIN]:  34%|███▍      | 1361/4032 [02:17<04:33,  9.76it/s, Loss=0.012375, Pos=0.012252, Vel=0.00006118]Epoch 2/200 [TRAIN]:  34%|███▍      | 1363/4032 [02:17<04:41,  9.48it/s, Loss=0.012375, Pos=0.012252, Vel=0.00006118]Epoch 2/200 [TRAIN]:  34%|███▍      | 1363/4032 [02:18<04:41,  9.48it/s, Loss=0.012375, Pos=0.012253, Vel=0.00006122]Epoch 2/200 [TRAIN]:  34%|███▍      | 1364/4032 [02:18<04:42,  9.46it/s, Loss=0.012375, Pos=0.012253, Vel=0.00006122]Epoch 2/200 [TRAIN]:  34%|███▍      | 1364/4032 [02:18<04:42,  9.46it/s, Loss=0.012377, Pos=0.012255, Vel=0.00006124]Epoch 2/200 [TRAIN]:  34%|███▍      | 1365/4032 [02:18<04:43,  9.42it/s, Loss=0.012377, Pos=0.012255, Vel=0.00006124]Epoch 2/200 [TRAIN]:  34%|███▍      | 1365/4032 [02:18<04:43,  9.42it/s, Loss=0.012372, Pos=0.012250, Vel=0.00006121]Epoch 2/200 [TRAIN]:  34%|███▍      | 1366/4032 [02:18<04:45,  9.35it/s, Loss=0.012372, Pos=0.012250, Vel=0.00006121]Epoch 2/200 [TRAIN]:  34%|███▍      | 1366/4032 [02:18<04:45,  9.35it/s, Loss=0.012368, Pos=0.012245, Vel=0.00006119]Epoch 2/200 [TRAIN]:  34%|███▍      | 1366/4032 [02:18<04:45,  9.35it/s, Loss=0.012368, Pos=0.012246, Vel=0.00006121]Epoch 2/200 [TRAIN]:  34%|███▍      | 1368/4032 [02:18<04:31,  9.80it/s, Loss=0.012368, Pos=0.012246, Vel=0.00006121]Epoch 2/200 [TRAIN]:  34%|███▍      | 1368/4032 [02:18<04:31,  9.80it/s, Loss=0.012379, Pos=0.012256, Vel=0.00006131]Epoch 2/200 [TRAIN]:  34%|███▍      | 1369/4032 [02:18<04:33,  9.72it/s, Loss=0.012379, Pos=0.012256, Vel=0.00006131]Epoch 2/200 [TRAIN]:  34%|███▍      | 1369/4032 [02:18<04:33,  9.72it/s, Loss=0.012378, Pos=0.012255, Vel=0.00006129]Epoch 2/200 [TRAIN]:  34%|███▍      | 1370/4032 [02:18<04:44,  9.36it/s, Loss=0.012378, Pos=0.012255, Vel=0.00006129]Epoch 2/200 [TRAIN]:  34%|███▍      | 1370/4032 [02:18<04:44,  9.36it/s, Loss=0.012380, Pos=0.012257, Vel=0.00006133]Epoch 2/200 [TRAIN]:  34%|███▍      | 1371/4032 [02:18<04:42,  9.42it/s, Loss=0.012380, Pos=0.012257, Vel=0.00006133]Epoch 2/200 [TRAIN]:  34%|███▍      | 1371/4032 [02:18<04:42,  9.42it/s, Loss=0.012383, Pos=0.012260, Vel=0.00006135]Epoch 2/200 [TRAIN]:  34%|███▍      | 1371/4032 [02:19<04:42,  9.42it/s, Loss=0.012384, Pos=0.012261, Vel=0.00006135]Epoch 2/200 [TRAIN]:  34%|███▍      | 1373/4032 [02:19<04:38,  9.54it/s, Loss=0.012384, Pos=0.012261, Vel=0.00006135]Epoch 2/200 [TRAIN]:  34%|███▍      | 1373/4032 [02:19<04:38,  9.54it/s, Loss=0.012376, Pos=0.012253, Vel=0.00006131]Epoch 2/200 [TRAIN]:  34%|███▍      | 1374/4032 [02:19<04:42,  9.42it/s, Loss=0.012376, Pos=0.012253, Vel=0.00006131]Epoch 2/200 [TRAIN]:  34%|███▍      | 1374/4032 [02:19<04:42,  9.42it/s, Loss=0.012380, Pos=0.012257, Vel=0.00006135]Epoch 2/200 [TRAIN]:  34%|███▍      | 1375/4032 [02:19<04:45,  9.30it/s, Loss=0.012380, Pos=0.012257, Vel=0.00006135]Epoch 2/200 [TRAIN]:  34%|███▍      | 1375/4032 [02:19<04:45,  9.30it/s, Loss=0.012384, Pos=0.012261, Vel=0.00006132]Epoch 2/200 [TRAIN]:  34%|███▍      | 1375/4032 [02:19<04:45,  9.30it/s, Loss=0.012382, Pos=0.012260, Vel=0.00006130]Epoch 2/200 [TRAIN]:  34%|███▍      | 1377/4032 [02:19<04:06, 10.76it/s, Loss=0.012382, Pos=0.012260, Vel=0.00006130]Epoch 2/200 [TRAIN]:  34%|███▍      | 1377/4032 [02:19<04:06, 10.76it/s, Loss=0.012382, Pos=0.012260, Vel=0.00006129]Epoch 2/200 [TRAIN]:  34%|███▍      | 1377/4032 [02:19<04:06, 10.76it/s, Loss=0.012377, Pos=0.012254, Vel=0.00006131]Epoch 2/200 [TRAIN]:  34%|███▍      | 1379/4032 [02:19<04:17, 10.30it/s, Loss=0.012377, Pos=0.012254, Vel=0.00006131]Epoch 2/200 [TRAIN]:  34%|███▍      | 1379/4032 [02:19<04:17, 10.30it/s, Loss=0.012376, Pos=0.012253, Vel=0.00006130]Epoch 2/200 [TRAIN]:  34%|███▍      | 1379/4032 [02:19<04:17, 10.30it/s, Loss=0.012369, Pos=0.012247, Vel=0.00006128]Epoch 2/200 [TRAIN]:  34%|███▍      | 1381/4032 [02:19<04:26,  9.95it/s, Loss=0.012369, Pos=0.012247, Vel=0.00006128]Epoch 2/200 [TRAIN]:  34%|███▍      | 1381/4032 [02:19<04:26,  9.95it/s, Loss=0.012367, Pos=0.012244, Vel=0.00006127]Epoch 2/200 [TRAIN]:  34%|███▍      | 1381/4032 [02:19<04:26,  9.95it/s, Loss=0.012389, Pos=0.012267, Vel=0.00006124]Epoch 2/200 [TRAIN]:  34%|███▍      | 1383/4032 [02:19<04:06, 10.73it/s, Loss=0.012389, Pos=0.012267, Vel=0.00006124]Epoch 2/200 [TRAIN]:  34%|███▍      | 1383/4032 [02:20<04:06, 10.73it/s, Loss=0.012389, Pos=0.012267, Vel=0.00006123]Epoch 2/200 [TRAIN]:  34%|███▍      | 1383/4032 [02:20<04:06, 10.73it/s, Loss=0.012402, Pos=0.012279, Vel=0.00006124]Epoch 2/200 [TRAIN]:  34%|███▍      | 1385/4032 [02:20<04:29,  9.84it/s, Loss=0.012402, Pos=0.012279, Vel=0.00006124]Epoch 2/200 [TRAIN]:  34%|███▍      | 1385/4032 [02:20<04:29,  9.84it/s, Loss=0.012398, Pos=0.012275, Vel=0.00006122]Epoch 2/200 [TRAIN]:  34%|███▍      | 1385/4032 [02:20<04:29,  9.84it/s, Loss=0.012396, Pos=0.012273, Vel=0.00006119]Epoch 2/200 [TRAIN]:  34%|███▍      | 1387/4032 [02:20<04:31,  9.74it/s, Loss=0.012396, Pos=0.012273, Vel=0.00006119]Epoch 2/200 [TRAIN]:  34%|███▍      | 1387/4032 [02:20<04:31,  9.74it/s, Loss=0.012398, Pos=0.012275, Vel=0.00006118]Epoch 2/200 [TRAIN]:  34%|███▍      | 1388/4032 [02:20<04:35,  9.59it/s, Loss=0.012398, Pos=0.012275, Vel=0.00006118]Epoch 2/200 [TRAIN]:  34%|███▍      | 1388/4032 [02:20<04:35,  9.59it/s, Loss=0.012391, Pos=0.012269, Vel=0.00006115]Epoch 2/200 [TRAIN]:  34%|███▍      | 1389/4032 [02:20<04:39,  9.45it/s, Loss=0.012391, Pos=0.012269, Vel=0.00006115]Epoch 2/200 [TRAIN]:  34%|███▍      | 1389/4032 [02:20<04:39,  9.45it/s, Loss=0.012389, Pos=0.012267, Vel=0.00006113]Epoch 2/200 [TRAIN]:  34%|███▍      | 1390/4032 [02:20<04:47,  9.20it/s, Loss=0.012389, Pos=0.012267, Vel=0.00006113]Epoch 2/200 [TRAIN]:  34%|███▍      | 1390/4032 [02:20<04:47,  9.20it/s, Loss=0.012383, Pos=0.012261, Vel=0.00006112]Epoch 2/200 [TRAIN]:  34%|███▍      | 1390/4032 [02:20<04:47,  9.20it/s, Loss=0.012376, Pos=0.012254, Vel=0.00006109]Epoch 2/200 [TRAIN]:  35%|███▍      | 1392/4032 [02:20<04:09, 10.59it/s, Loss=0.012376, Pos=0.012254, Vel=0.00006109]Epoch 2/200 [TRAIN]:  35%|███▍      | 1392/4032 [02:20<04:09, 10.59it/s, Loss=0.012370, Pos=0.012248, Vel=0.00006106]Epoch 2/200 [TRAIN]:  35%|███▍      | 1392/4032 [02:21<04:09, 10.59it/s, Loss=0.012365, Pos=0.012243, Vel=0.00006105]Epoch 2/200 [TRAIN]:  35%|███▍      | 1394/4032 [02:21<03:52, 11.35it/s, Loss=0.012365, Pos=0.012243, Vel=0.00006105]Epoch 2/200 [TRAIN]:  35%|███▍      | 1394/4032 [02:21<03:52, 11.35it/s, Loss=0.012368, Pos=0.012246, Vel=0.00006103]Epoch 2/200 [TRAIN]:  35%|███▍      | 1394/4032 [02:21<03:52, 11.35it/s, Loss=0.012364, Pos=0.012242, Vel=0.00006104]Epoch 2/200 [TRAIN]:  35%|███▍      | 1396/4032 [02:21<04:09, 10.57it/s, Loss=0.012364, Pos=0.012242, Vel=0.00006104]Epoch 2/200 [TRAIN]:  35%|███▍      | 1396/4032 [02:21<04:09, 10.57it/s, Loss=0.012356, Pos=0.012234, Vel=0.00006102]Epoch 2/200 [TRAIN]:  35%|███▍      | 1396/4032 [02:21<04:09, 10.57it/s, Loss=0.012348, Pos=0.012226, Vel=0.00006099]Epoch 2/200 [TRAIN]:  35%|███▍      | 1398/4032 [02:21<04:11, 10.47it/s, Loss=0.012348, Pos=0.012226, Vel=0.00006099]Epoch 2/200 [TRAIN]:  35%|███▍      | 1398/4032 [02:21<04:11, 10.47it/s, Loss=0.012346, Pos=0.012224, Vel=0.00006098]Epoch 2/200 [TRAIN]:  35%|███▍      | 1398/4032 [02:21<04:11, 10.47it/s, Loss=0.012339, Pos=0.012217, Vel=0.00006095]Epoch 2/200 [TRAIN]:  35%|███▍      | 1400/4032 [02:21<04:25,  9.90it/s, Loss=0.012339, Pos=0.012217, Vel=0.00006095]Epoch 2/200 [TRAIN]:  35%|███▍      | 1400/4032 [02:21<04:25,  9.90it/s, Loss=0.012341, Pos=0.012219, Vel=0.00006098]Epoch 2/200 [TRAIN]:  35%|███▍      | 1400/4032 [02:21<04:25,  9.90it/s, Loss=0.012334, Pos=0.012212, Vel=0.00006095]Epoch 2/200 [TRAIN]:  35%|███▍      | 1402/4032 [02:21<04:30,  9.74it/s, Loss=0.012334, Pos=0.012212, Vel=0.00006095]Epoch 2/200 [TRAIN]:  35%|███▍      | 1402/4032 [02:21<04:30,  9.74it/s, Loss=0.012374, Pos=0.012252, Vel=0.00006093]Epoch 2/200 [TRAIN]:  35%|███▍      | 1402/4032 [02:22<04:30,  9.74it/s, Loss=0.012372, Pos=0.012250, Vel=0.00006091]Epoch 2/200 [TRAIN]:  35%|███▍      | 1404/4032 [02:22<04:07, 10.60it/s, Loss=0.012372, Pos=0.012250, Vel=0.00006091]Epoch 2/200 [TRAIN]:  35%|███▍      | 1404/4032 [02:22<04:07, 10.60it/s, Loss=0.012376, Pos=0.012254, Vel=0.00006098]Epoch 2/200 [TRAIN]:  35%|███▍      | 1404/4032 [02:22<04:07, 10.60it/s, Loss=0.012374, Pos=0.012252, Vel=0.00006095]Epoch 2/200 [TRAIN]:  35%|███▍      | 1406/4032 [02:22<04:19, 10.10it/s, Loss=0.012374, Pos=0.012252, Vel=0.00006095]Epoch 2/200 [TRAIN]:  35%|███▍      | 1406/4032 [02:22<04:19, 10.10it/s, Loss=0.012368, Pos=0.012246, Vel=0.00006096]Epoch 2/200 [TRAIN]:  35%|███▍      | 1406/4032 [02:22<04:19, 10.10it/s, Loss=0.012361, Pos=0.012239, Vel=0.00006094]Epoch 2/200 [TRAIN]:  35%|███▍      | 1408/4032 [02:22<04:28,  9.77it/s, Loss=0.012361, Pos=0.012239, Vel=0.00006094]Epoch 2/200 [TRAIN]:  35%|███▍      | 1408/4032 [02:22<04:28,  9.77it/s, Loss=0.012368, Pos=0.012246, Vel=0.00006102]Epoch 2/200 [TRAIN]:  35%|███▍      | 1408/4032 [02:22<04:28,  9.77it/s, Loss=0.012362, Pos=0.012240, Vel=0.00006100]Epoch 2/200 [TRAIN]:  35%|███▍      | 1410/4032 [02:22<04:30,  9.71it/s, Loss=0.012362, Pos=0.012240, Vel=0.00006100]Epoch 2/200 [TRAIN]:  35%|███▍      | 1410/4032 [02:22<04:30,  9.71it/s, Loss=0.012360, Pos=0.012238, Vel=0.00006101]Epoch 2/200 [TRAIN]:  35%|███▍      | 1410/4032 [02:22<04:30,  9.71it/s, Loss=0.012361, Pos=0.012239, Vel=0.00006106]Epoch 2/200 [TRAIN]:  35%|███▌      | 1412/4032 [02:22<04:32,  9.62it/s, Loss=0.012361, Pos=0.012239, Vel=0.00006106]Epoch 2/200 [TRAIN]:  35%|███▌      | 1412/4032 [02:22<04:32,  9.62it/s, Loss=0.012360, Pos=0.012238, Vel=0.00006106]Epoch 2/200 [TRAIN]:  35%|███▌      | 1413/4032 [02:22<04:30,  9.67it/s, Loss=0.012360, Pos=0.012238, Vel=0.00006106]Epoch 2/200 [TRAIN]:  35%|███▌      | 1413/4032 [02:23<04:30,  9.67it/s, Loss=0.012354, Pos=0.012232, Vel=0.00006106]Epoch 2/200 [TRAIN]:  35%|███▌      | 1414/4032 [02:23<04:38,  9.39it/s, Loss=0.012354, Pos=0.012232, Vel=0.00006106]Epoch 2/200 [TRAIN]:  35%|███▌      | 1414/4032 [02:23<04:38,  9.39it/s, Loss=0.012357, Pos=0.012235, Vel=0.00006108]Epoch 2/200 [TRAIN]:  35%|███▌      | 1414/4032 [02:23<04:38,  9.39it/s, Loss=0.012351, Pos=0.012229, Vel=0.00006106]Epoch 2/200 [TRAIN]:  35%|███▌      | 1416/4032 [02:23<04:41,  9.28it/s, Loss=0.012351, Pos=0.012229, Vel=0.00006106]Epoch 2/200 [TRAIN]:  35%|███▌      | 1416/4032 [02:23<04:41,  9.28it/s, Loss=0.012346, Pos=0.012224, Vel=0.00006104]Epoch 2/200 [TRAIN]:  35%|███▌      | 1416/4032 [02:23<04:41,  9.28it/s, Loss=0.012344, Pos=0.012222, Vel=0.00006102]Epoch 2/200 [TRAIN]:  35%|███▌      | 1418/4032 [02:23<04:42,  9.26it/s, Loss=0.012344, Pos=0.012222, Vel=0.00006102]Epoch 2/200 [TRAIN]:  35%|███▌      | 1418/4032 [02:23<04:42,  9.26it/s, Loss=0.012341, Pos=0.012219, Vel=0.00006104]Epoch 2/200 [TRAIN]:  35%|███▌      | 1419/4032 [02:23<04:38,  9.38it/s, Loss=0.012341, Pos=0.012219, Vel=0.00006104]Epoch 2/200 [TRAIN]:  35%|███▌      | 1419/4032 [02:23<04:38,  9.38it/s, Loss=0.012342, Pos=0.012219, Vel=0.00006114]Epoch 2/200 [TRAIN]:  35%|███▌      | 1420/4032 [02:23<04:45,  9.16it/s, Loss=0.012342, Pos=0.012219, Vel=0.00006114]Epoch 2/200 [TRAIN]:  35%|███▌      | 1420/4032 [02:23<04:45,  9.16it/s, Loss=0.012335, Pos=0.012213, Vel=0.00006113]Epoch 2/200 [TRAIN]:  35%|███▌      | 1421/4032 [02:23<04:40,  9.31it/s, Loss=0.012335, Pos=0.012213, Vel=0.00006113]Epoch 2/200 [TRAIN]:  35%|███▌      | 1421/4032 [02:23<04:40,  9.31it/s, Loss=0.012343, Pos=0.012221, Vel=0.00006113]Epoch 2/200 [TRAIN]:  35%|███▌      | 1422/4032 [02:23<04:48,  9.03it/s, Loss=0.012343, Pos=0.012221, Vel=0.00006113]Epoch 2/200 [TRAIN]:  35%|███▌      | 1422/4032 [02:24<04:48,  9.03it/s, Loss=0.012358, Pos=0.012236, Vel=0.00006120]Epoch 2/200 [TRAIN]:  35%|███▌      | 1423/4032 [02:24<04:42,  9.25it/s, Loss=0.012358, Pos=0.012236, Vel=0.00006120]Epoch 2/200 [TRAIN]:  35%|███▌      | 1423/4032 [02:24<04:42,  9.25it/s, Loss=0.012355, Pos=0.012232, Vel=0.00006118]Epoch 2/200 [TRAIN]:  35%|███▌      | 1423/4032 [02:24<04:42,  9.25it/s, Loss=0.012356, Pos=0.012234, Vel=0.00006116]Epoch 2/200 [TRAIN]:  35%|███▌      | 1425/4032 [02:24<04:01, 10.79it/s, Loss=0.012356, Pos=0.012234, Vel=0.00006116]Epoch 2/200 [TRAIN]:  35%|███▌      | 1425/4032 [02:24<04:01, 10.79it/s, Loss=0.012357, Pos=0.012235, Vel=0.00006114]Epoch 2/200 [TRAIN]:  35%|███▌      | 1425/4032 [02:24<04:01, 10.79it/s, Loss=0.012355, Pos=0.012233, Vel=0.00006112]Epoch 2/200 [TRAIN]:  35%|███▌      | 1427/4032 [02:24<04:16, 10.15it/s, Loss=0.012355, Pos=0.012233, Vel=0.00006112]Epoch 2/200 [TRAIN]:  35%|███▌      | 1427/4032 [02:24<04:16, 10.15it/s, Loss=0.012349, Pos=0.012227, Vel=0.00006110]Epoch 2/200 [TRAIN]:  35%|███▌      | 1427/4032 [02:24<04:16, 10.15it/s, Loss=0.012344, Pos=0.012222, Vel=0.00006107]Epoch 2/200 [TRAIN]:  35%|███▌      | 1429/4032 [02:24<04:25,  9.80it/s, Loss=0.012344, Pos=0.012222, Vel=0.00006107]Epoch 2/200 [TRAIN]:  35%|███▌      | 1429/4032 [02:24<04:25,  9.80it/s, Loss=0.012344, Pos=0.012222, Vel=0.00006105]Epoch 2/200 [TRAIN]:  35%|███▌      | 1429/4032 [02:24<04:25,  9.80it/s, Loss=0.012344, Pos=0.012222, Vel=0.00006110]Epoch 2/200 [TRAIN]:  35%|███▌      | 1431/4032 [02:24<04:20,  9.99it/s, Loss=0.012344, Pos=0.012222, Vel=0.00006110]Epoch 2/200 [TRAIN]:  35%|███▌      | 1431/4032 [02:24<04:20,  9.99it/s, Loss=0.012340, Pos=0.012218, Vel=0.00006112]Epoch 2/200 [TRAIN]:  35%|███▌      | 1431/4032 [02:25<04:20,  9.99it/s, Loss=0.012341, Pos=0.012218, Vel=0.00006114]Epoch 2/200 [TRAIN]:  36%|███▌      | 1433/4032 [02:25<04:17, 10.10it/s, Loss=0.012341, Pos=0.012218, Vel=0.00006114]Epoch 2/200 [TRAIN]:  36%|███▌      | 1433/4032 [02:25<04:17, 10.10it/s, Loss=0.012341, Pos=0.012219, Vel=0.00006112]Epoch 2/200 [TRAIN]:  36%|███▌      | 1433/4032 [02:25<04:17, 10.10it/s, Loss=0.012347, Pos=0.012225, Vel=0.00006111]Epoch 2/200 [TRAIN]:  36%|███▌      | 1435/4032 [02:25<03:51, 11.22it/s, Loss=0.012347, Pos=0.012225, Vel=0.00006111]Epoch 2/200 [TRAIN]:  36%|███▌      | 1435/4032 [02:25<03:51, 11.22it/s, Loss=0.012345, Pos=0.012223, Vel=0.00006109]Epoch 2/200 [TRAIN]:  36%|███▌      | 1435/4032 [02:25<03:51, 11.22it/s, Loss=0.012341, Pos=0.012219, Vel=0.00006111]Epoch 2/200 [TRAIN]:  36%|███▌      | 1437/4032 [02:25<04:07, 10.47it/s, Loss=0.012341, Pos=0.012219, Vel=0.00006111]Epoch 2/200 [TRAIN]:  36%|███▌      | 1437/4032 [02:25<04:07, 10.47it/s, Loss=0.012340, Pos=0.012218, Vel=0.00006115]Epoch 2/200 [TRAIN]:  36%|███▌      | 1437/4032 [02:25<04:07, 10.47it/s, Loss=0.012335, Pos=0.012213, Vel=0.00006114]Epoch 2/200 [TRAIN]:  36%|███▌      | 1439/4032 [02:25<03:43, 11.60it/s, Loss=0.012335, Pos=0.012213, Vel=0.00006114]Epoch 2/200 [TRAIN]:  36%|███▌      | 1439/4032 [02:25<03:43, 11.60it/s, Loss=0.012342, Pos=0.012220, Vel=0.00006116]Epoch 2/200 [TRAIN]:  36%|███▌      | 1439/4032 [02:25<03:43, 11.60it/s, Loss=0.012339, Pos=0.012217, Vel=0.00006114]Epoch 2/200 [TRAIN]:  36%|███▌      | 1441/4032 [02:25<04:01, 10.71it/s, Loss=0.012339, Pos=0.012217, Vel=0.00006114]Epoch 2/200 [TRAIN]:  36%|███▌      | 1441/4032 [02:25<04:01, 10.71it/s, Loss=0.012341, Pos=0.012219, Vel=0.00006114]Epoch 2/200 [TRAIN]:  36%|███▌      | 1441/4032 [02:25<04:01, 10.71it/s, Loss=0.012336, Pos=0.012214, Vel=0.00006111]Epoch 2/200 [TRAIN]:  36%|███▌      | 1443/4032 [02:25<04:13, 10.23it/s, Loss=0.012336, Pos=0.012214, Vel=0.00006111]Epoch 2/200 [TRAIN]:  36%|███▌      | 1443/4032 [02:26<04:13, 10.23it/s, Loss=0.012329, Pos=0.012207, Vel=0.00006108]Epoch 2/200 [TRAIN]:  36%|███▌      | 1443/4032 [02:26<04:13, 10.23it/s, Loss=0.012357, Pos=0.012235, Vel=0.00006109]Epoch 2/200 [TRAIN]:  36%|███▌      | 1445/4032 [02:26<04:23,  9.82it/s, Loss=0.012357, Pos=0.012235, Vel=0.00006109]Epoch 2/200 [TRAIN]:  36%|███▌      | 1445/4032 [02:26<04:23,  9.82it/s, Loss=0.012351, Pos=0.012229, Vel=0.00006107]Epoch 2/200 [TRAIN]:  36%|███▌      | 1445/4032 [02:26<04:23,  9.82it/s, Loss=0.012346, Pos=0.012224, Vel=0.00006106]Epoch 2/200 [TRAIN]:  36%|███▌      | 1447/4032 [02:26<04:29,  9.61it/s, Loss=0.012346, Pos=0.012224, Vel=0.00006106]Epoch 2/200 [TRAIN]:  36%|███▌      | 1447/4032 [02:26<04:29,  9.61it/s, Loss=0.012342, Pos=0.012220, Vel=0.00006105]Epoch 2/200 [TRAIN]:  36%|███▌      | 1448/4032 [02:26<04:38,  9.28it/s, Loss=0.012342, Pos=0.012220, Vel=0.00006105]Epoch 2/200 [TRAIN]:  36%|███▌      | 1448/4032 [02:26<04:38,  9.28it/s, Loss=0.012345, Pos=0.012223, Vel=0.00006103]Epoch 2/200 [TRAIN]:  36%|███▌      | 1449/4032 [02:26<04:34,  9.41it/s, Loss=0.012345, Pos=0.012223, Vel=0.00006103]Epoch 2/200 [TRAIN]:  36%|███▌      | 1449/4032 [02:26<04:34,  9.41it/s, Loss=0.012340, Pos=0.012218, Vel=0.00006102]Epoch 2/200 [TRAIN]:  36%|███▌      | 1449/4032 [02:26<04:34,  9.41it/s, Loss=0.012334, Pos=0.012212, Vel=0.00006100]Epoch 2/200 [TRAIN]:  36%|███▌      | 1451/4032 [02:26<03:58, 10.83it/s, Loss=0.012334, Pos=0.012212, Vel=0.00006100]Epoch 2/200 [TRAIN]:  36%|███▌      | 1451/4032 [02:26<03:58, 10.83it/s, Loss=0.012332, Pos=0.012210, Vel=0.00006101]Epoch 2/200 [TRAIN]:  36%|███▌      | 1451/4032 [02:26<03:58, 10.83it/s, Loss=0.012328, Pos=0.012206, Vel=0.00006098]Epoch 2/200 [TRAIN]:  36%|███▌      | 1453/4032 [02:26<04:12, 10.21it/s, Loss=0.012328, Pos=0.012206, Vel=0.00006098]Epoch 2/200 [TRAIN]:  36%|███▌      | 1453/4032 [02:27<04:12, 10.21it/s, Loss=0.012324, Pos=0.012202, Vel=0.00006096]Epoch 2/200 [TRAIN]:  36%|███▌      | 1453/4032 [02:27<04:12, 10.21it/s, Loss=0.012333, Pos=0.012211, Vel=0.00006101]Epoch 2/200 [TRAIN]:  36%|███▌      | 1455/4032 [02:27<04:05, 10.50it/s, Loss=0.012333, Pos=0.012211, Vel=0.00006101]Epoch 2/200 [TRAIN]:  36%|███▌      | 1455/4032 [02:27<04:05, 10.50it/s, Loss=0.012327, Pos=0.012205, Vel=0.00006098]Epoch 2/200 [TRAIN]:  36%|███▌      | 1455/4032 [02:27<04:05, 10.50it/s, Loss=0.012337, Pos=0.012215, Vel=0.00006095]Epoch 2/200 [TRAIN]:  36%|███▌      | 1457/4032 [02:27<04:15, 10.09it/s, Loss=0.012337, Pos=0.012215, Vel=0.00006095]Epoch 2/200 [TRAIN]:  36%|███▌      | 1457/4032 [02:27<04:15, 10.09it/s, Loss=0.012340, Pos=0.012218, Vel=0.00006100]Epoch 2/200 [TRAIN]:  36%|███▌      | 1457/4032 [02:27<04:15, 10.09it/s, Loss=0.012339, Pos=0.012217, Vel=0.00006099]Epoch 2/200 [TRAIN]:  36%|███▌      | 1459/4032 [02:27<04:14, 10.09it/s, Loss=0.012339, Pos=0.012217, Vel=0.00006099]Epoch 2/200 [TRAIN]:  36%|███▌      | 1459/4032 [02:27<04:14, 10.09it/s, Loss=0.012332, Pos=0.012210, Vel=0.00006098]Epoch 2/200 [TRAIN]:  36%|███▌      | 1459/4032 [02:27<04:14, 10.09it/s, Loss=0.012328, Pos=0.012206, Vel=0.00006096]Epoch 2/200 [TRAIN]:  36%|███▌      | 1461/4032 [02:27<04:21,  9.85it/s, Loss=0.012328, Pos=0.012206, Vel=0.00006096]Epoch 2/200 [TRAIN]:  36%|███▌      | 1461/4032 [02:27<04:21,  9.85it/s, Loss=0.012329, Pos=0.012207, Vel=0.00006098]Epoch 2/200 [TRAIN]:  36%|███▋      | 1462/4032 [02:27<04:25,  9.69it/s, Loss=0.012329, Pos=0.012207, Vel=0.00006098]Epoch 2/200 [TRAIN]:  36%|███▋      | 1462/4032 [02:28<04:25,  9.69it/s, Loss=0.012343, Pos=0.012222, Vel=0.00006095]Epoch 2/200 [TRAIN]:  36%|███▋      | 1463/4032 [02:28<04:30,  9.51it/s, Loss=0.012343, Pos=0.012222, Vel=0.00006095]Epoch 2/200 [TRAIN]:  36%|███▋      | 1463/4032 [02:28<04:30,  9.51it/s, Loss=0.012342, Pos=0.012221, Vel=0.00006093]Epoch 2/200 [TRAIN]:  36%|███▋      | 1464/4032 [02:28<04:37,  9.26it/s, Loss=0.012342, Pos=0.012221, Vel=0.00006093]Epoch 2/200 [TRAIN]:  36%|███▋      | 1464/4032 [02:28<04:37,  9.26it/s, Loss=0.012344, Pos=0.012222, Vel=0.00006095]Epoch 2/200 [TRAIN]:  36%|███▋      | 1465/4032 [02:28<04:40,  9.14it/s, Loss=0.012344, Pos=0.012222, Vel=0.00006095]Epoch 2/200 [TRAIN]:  36%|███▋      | 1465/4032 [02:28<04:40,  9.14it/s, Loss=0.012343, Pos=0.012221, Vel=0.00006094]Epoch 2/200 [TRAIN]:  36%|███▋      | 1466/4032 [02:28<04:44,  9.02it/s, Loss=0.012343, Pos=0.012221, Vel=0.00006094]Epoch 2/200 [TRAIN]:  36%|███▋      | 1466/4032 [02:28<04:44,  9.02it/s, Loss=0.012352, Pos=0.012231, Vel=0.00006094]Epoch 2/200 [TRAIN]:  36%|███▋      | 1467/4032 [02:28<04:50,  8.83it/s, Loss=0.012352, Pos=0.012231, Vel=0.00006094]Epoch 2/200 [TRAIN]:  36%|███▋      | 1467/4032 [02:28<04:50,  8.83it/s, Loss=0.012345, Pos=0.012223, Vel=0.00006092]Epoch 2/200 [TRAIN]:  36%|███▋      | 1467/4032 [02:28<04:50,  8.83it/s, Loss=0.012356, Pos=0.012234, Vel=0.00006097]Epoch 2/200 [TRAIN]:  36%|███▋      | 1469/4032 [02:28<04:02, 10.55it/s, Loss=0.012356, Pos=0.012234, Vel=0.00006097]Epoch 2/200 [TRAIN]:  36%|███▋      | 1469/4032 [02:28<04:02, 10.55it/s, Loss=0.012350, Pos=0.012228, Vel=0.00006098]Epoch 2/200 [TRAIN]:  36%|███▋      | 1469/4032 [02:28<04:02, 10.55it/s, Loss=0.012345, Pos=0.012224, Vel=0.00006096]Epoch 2/200 [TRAIN]:  36%|███▋      | 1471/4032 [02:28<04:15, 10.04it/s, Loss=0.012345, Pos=0.012224, Vel=0.00006096]Epoch 2/200 [TRAIN]:  36%|███▋      | 1471/4032 [02:28<04:15, 10.04it/s, Loss=0.012343, Pos=0.012221, Vel=0.00006094]Epoch 2/200 [TRAIN]:  36%|███▋      | 1471/4032 [02:29<04:15, 10.04it/s, Loss=0.012336, Pos=0.012215, Vel=0.00006093]Epoch 2/200 [TRAIN]:  37%|███▋      | 1473/4032 [02:29<04:27,  9.55it/s, Loss=0.012336, Pos=0.012215, Vel=0.00006093]Epoch 2/200 [TRAIN]:  37%|███▋      | 1473/4032 [02:29<04:27,  9.55it/s, Loss=0.012334, Pos=0.012212, Vel=0.00006090]Epoch 2/200 [TRAIN]:  37%|███▋      | 1474/4032 [02:29<04:34,  9.33it/s, Loss=0.012334, Pos=0.012212, Vel=0.00006090]Epoch 2/200 [TRAIN]:  37%|███▋      | 1474/4032 [02:29<04:34,  9.33it/s, Loss=0.012332, Pos=0.012210, Vel=0.00006089]Epoch 2/200 [TRAIN]:  37%|███▋      | 1475/4032 [02:29<04:31,  9.40it/s, Loss=0.012332, Pos=0.012210, Vel=0.00006089]Epoch 2/200 [TRAIN]:  37%|███▋      | 1475/4032 [02:29<04:31,  9.40it/s, Loss=0.012336, Pos=0.012214, Vel=0.00006087]Epoch 2/200 [TRAIN]:  37%|███▋      | 1476/4032 [02:29<04:39,  9.13it/s, Loss=0.012336, Pos=0.012214, Vel=0.00006087]Epoch 2/200 [TRAIN]:  37%|███▋      | 1476/4032 [02:29<04:39,  9.13it/s, Loss=0.012334, Pos=0.012212, Vel=0.00006086]Epoch 2/200 [TRAIN]:  37%|███▋      | 1476/4032 [02:29<04:39,  9.13it/s, Loss=0.012340, Pos=0.012218, Vel=0.00006089]Epoch 2/200 [TRAIN]:  37%|███▋      | 1478/4032 [02:29<04:00, 10.61it/s, Loss=0.012340, Pos=0.012218, Vel=0.00006089]Epoch 2/200 [TRAIN]:  37%|███▋      | 1478/4032 [02:29<04:00, 10.61it/s, Loss=0.012350, Pos=0.012228, Vel=0.00006093]Epoch 2/200 [TRAIN]:  37%|███▋      | 1478/4032 [02:29<04:00, 10.61it/s, Loss=0.012345, Pos=0.012223, Vel=0.00006093]Epoch 2/200 [TRAIN]:  37%|███▋      | 1480/4032 [02:29<04:06, 10.34it/s, Loss=0.012345, Pos=0.012223, Vel=0.00006093]Epoch 2/200 [TRAIN]:  37%|███▋      | 1480/4032 [02:29<04:06, 10.34it/s, Loss=0.012344, Pos=0.012222, Vel=0.00006093]Epoch 2/200 [TRAIN]:  37%|███▋      | 1480/4032 [02:29<04:06, 10.34it/s, Loss=0.012351, Pos=0.012229, Vel=0.00006091]Epoch 2/200 [TRAIN]:  37%|███▋      | 1482/4032 [02:29<04:09, 10.21it/s, Loss=0.012351, Pos=0.012229, Vel=0.00006091]Epoch 2/200 [TRAIN]:  37%|███▋      | 1482/4032 [02:30<04:09, 10.21it/s, Loss=0.012350, Pos=0.012228, Vel=0.00006098]Epoch 2/200 [TRAIN]:  37%|███▋      | 1482/4032 [02:30<04:09, 10.21it/s, Loss=0.012347, Pos=0.012225, Vel=0.00006098]Epoch 2/200 [TRAIN]:  37%|███▋      | 1484/4032 [02:30<04:08, 10.24it/s, Loss=0.012347, Pos=0.012225, Vel=0.00006098]Epoch 2/200 [TRAIN]:  37%|███▋      | 1484/4032 [02:30<04:08, 10.24it/s, Loss=0.012348, Pos=0.012226, Vel=0.00006101]Epoch 2/200 [TRAIN]:  37%|███▋      | 1484/4032 [02:30<04:08, 10.24it/s, Loss=0.012344, Pos=0.012222, Vel=0.00006103]Epoch 2/200 [TRAIN]:  37%|███▋      | 1486/4032 [02:30<04:06, 10.32it/s, Loss=0.012344, Pos=0.012222, Vel=0.00006103]Epoch 2/200 [TRAIN]:  37%|███▋      | 1486/4032 [02:30<04:06, 10.32it/s, Loss=0.012339, Pos=0.012217, Vel=0.00006104]Epoch 2/200 [TRAIN]:  37%|███▋      | 1486/4032 [02:30<04:06, 10.32it/s, Loss=0.012354, Pos=0.012231, Vel=0.00006121]Epoch 2/200 [TRAIN]:  37%|███▋      | 1488/4032 [02:30<04:06, 10.34it/s, Loss=0.012354, Pos=0.012231, Vel=0.00006121]Epoch 2/200 [TRAIN]:  37%|███▋      | 1488/4032 [02:30<04:06, 10.34it/s, Loss=0.012348, Pos=0.012226, Vel=0.00006121]Epoch 2/200 [TRAIN]:  37%|███▋      | 1488/4032 [02:30<04:06, 10.34it/s, Loss=0.012347, Pos=0.012225, Vel=0.00006118]Epoch 2/200 [TRAIN]:  37%|███▋      | 1490/4032 [02:30<03:40, 11.52it/s, Loss=0.012347, Pos=0.012225, Vel=0.00006118]Epoch 2/200 [TRAIN]:  37%|███▋      | 1490/4032 [02:30<03:40, 11.52it/s, Loss=0.012344, Pos=0.012222, Vel=0.00006119]Epoch 2/200 [TRAIN]:  37%|███▋      | 1490/4032 [02:30<03:40, 11.52it/s, Loss=0.012340, Pos=0.012218, Vel=0.00006117]Epoch 2/200 [TRAIN]:  37%|███▋      | 1492/4032 [02:30<03:47, 11.16it/s, Loss=0.012340, Pos=0.012218, Vel=0.00006117]Epoch 2/200 [TRAIN]:  37%|███▋      | 1492/4032 [02:30<03:47, 11.16it/s, Loss=0.012344, Pos=0.012221, Vel=0.00006118]Epoch 2/200 [TRAIN]:  37%|███▋      | 1492/4032 [02:31<03:47, 11.16it/s, Loss=0.012337, Pos=0.012215, Vel=0.00006118]Epoch 2/200 [TRAIN]:  37%|███▋      | 1494/4032 [02:31<03:53, 10.88it/s, Loss=0.012337, Pos=0.012215, Vel=0.00006118]Epoch 2/200 [TRAIN]:  37%|███▋      | 1494/4032 [02:31<03:53, 10.88it/s, Loss=0.012333, Pos=0.012211, Vel=0.00006115]Epoch 2/200 [TRAIN]:  37%|███▋      | 1494/4032 [02:31<03:53, 10.88it/s, Loss=0.012331, Pos=0.012209, Vel=0.00006113]Epoch 2/200 [TRAIN]:  37%|███▋      | 1496/4032 [02:31<03:55, 10.78it/s, Loss=0.012331, Pos=0.012209, Vel=0.00006113]Epoch 2/200 [TRAIN]:  37%|███▋      | 1496/4032 [02:31<03:55, 10.78it/s, Loss=0.012336, Pos=0.012214, Vel=0.00006112]Epoch 2/200 [TRAIN]:  37%|███▋      | 1496/4032 [02:31<03:55, 10.78it/s, Loss=0.012337, Pos=0.012215, Vel=0.00006113]Epoch 2/200 [TRAIN]:  37%|███▋      | 1498/4032 [02:31<03:44, 11.26it/s, Loss=0.012337, Pos=0.012215, Vel=0.00006113]Epoch 2/200 [TRAIN]:  37%|███▋      | 1498/4032 [02:31<03:44, 11.26it/s, Loss=0.012332, Pos=0.012210, Vel=0.00006114]Epoch 2/200 [TRAIN]:  37%|███▋      | 1498/4032 [02:31<03:44, 11.26it/s, Loss=0.012335, Pos=0.012213, Vel=0.00006118]Epoch 2/200 [TRAIN]:  37%|███▋      | 1500/4032 [02:31<03:45, 11.25it/s, Loss=0.012335, Pos=0.012213, Vel=0.00006118]Epoch 2/200 [TRAIN]:  37%|███▋      | 1500/4032 [02:31<03:45, 11.25it/s, Loss=0.012334, Pos=0.012211, Vel=0.00006116]Epoch 2/200 [TRAIN]:  37%|███▋      | 1500/4032 [02:31<03:45, 11.25it/s, Loss=0.012345, Pos=0.012222, Vel=0.00006113]Epoch 2/200 [TRAIN]:  37%|███▋      | 1502/4032 [02:31<03:24, 12.40it/s, Loss=0.012345, Pos=0.012222, Vel=0.00006113]Epoch 2/200 [TRAIN]:  37%|███▋      | 1502/4032 [02:31<03:24, 12.40it/s, Loss=0.012338, Pos=0.012216, Vel=0.00006111]Epoch 2/200 [TRAIN]:  37%|███▋      | 1502/4032 [02:31<03:24, 12.40it/s, Loss=0.012339, Pos=0.012217, Vel=0.00006108]Epoch 2/200 [TRAIN]:  37%|███▋      | 1504/4032 [02:31<03:37, 11.63it/s, Loss=0.012339, Pos=0.012217, Vel=0.00006108]Epoch 2/200 [TRAIN]:  37%|███▋      | 1504/4032 [02:32<03:37, 11.63it/s, Loss=0.012335, Pos=0.012213, Vel=0.00006107]Epoch 2/200 [TRAIN]:  37%|███▋      | 1504/4032 [02:32<03:37, 11.63it/s, Loss=0.012360, Pos=0.012238, Vel=0.00006107]Epoch 2/200 [TRAIN]:  37%|███▋      | 1506/4032 [02:32<03:44, 11.25it/s, Loss=0.012360, Pos=0.012238, Vel=0.00006107]Epoch 2/200 [TRAIN]:  37%|███▋      | 1506/4032 [02:32<03:44, 11.25it/s, Loss=0.012354, Pos=0.012232, Vel=0.00006106]Epoch 2/200 [TRAIN]:  37%|███▋      | 1506/4032 [02:32<03:44, 11.25it/s, Loss=0.012348, Pos=0.012225, Vel=0.00006103]Epoch 2/200 [TRAIN]:  37%|███▋      | 1508/4032 [02:32<03:48, 11.04it/s, Loss=0.012348, Pos=0.012225, Vel=0.00006103]Epoch 2/200 [TRAIN]:  37%|███▋      | 1508/4032 [02:32<03:48, 11.04it/s, Loss=0.012342, Pos=0.012220, Vel=0.00006106]Epoch 2/200 [TRAIN]:  37%|███▋      | 1508/4032 [02:32<03:48, 11.04it/s, Loss=0.012339, Pos=0.012217, Vel=0.00006103]Epoch 2/200 [TRAIN]:  37%|███▋      | 1510/4032 [02:32<03:53, 10.80it/s, Loss=0.012339, Pos=0.012217, Vel=0.00006103]Epoch 2/200 [TRAIN]:  37%|███▋      | 1510/4032 [02:32<03:53, 10.80it/s, Loss=0.012338, Pos=0.012216, Vel=0.00006102]Epoch 2/200 [TRAIN]:  37%|███▋      | 1510/4032 [02:32<03:53, 10.80it/s, Loss=0.012333, Pos=0.012211, Vel=0.00006102]Epoch 2/200 [TRAIN]:  38%|███▊      | 1512/4032 [02:32<03:59, 10.53it/s, Loss=0.012333, Pos=0.012211, Vel=0.00006102]Epoch 2/200 [TRAIN]:  38%|███▊      | 1512/4032 [02:32<03:59, 10.53it/s, Loss=0.012330, Pos=0.012208, Vel=0.00006099]Epoch 2/200 [TRAIN]:  38%|███▊      | 1512/4032 [02:32<03:59, 10.53it/s, Loss=0.012333, Pos=0.012211, Vel=0.00006102]Epoch 2/200 [TRAIN]:  38%|███▊      | 1514/4032 [02:32<03:58, 10.58it/s, Loss=0.012333, Pos=0.012211, Vel=0.00006102]Epoch 2/200 [TRAIN]:  38%|███▊      | 1514/4032 [02:32<03:58, 10.58it/s, Loss=0.012330, Pos=0.012208, Vel=0.00006101]Epoch 2/200 [TRAIN]:  38%|███▊      | 1514/4032 [02:33<03:58, 10.58it/s, Loss=0.012324, Pos=0.012202, Vel=0.00006099]Epoch 2/200 [TRAIN]:  38%|███▊      | 1516/4032 [02:33<03:49, 10.96it/s, Loss=0.012324, Pos=0.012202, Vel=0.00006099]Epoch 2/200 [TRAIN]:  38%|███▊      | 1516/4032 [02:33<03:49, 10.96it/s, Loss=0.012319, Pos=0.012197, Vel=0.00006098]Epoch 2/200 [TRAIN]:  38%|███▊      | 1516/4032 [02:33<03:49, 10.96it/s, Loss=0.012311, Pos=0.012190, Vel=0.00006095]Epoch 2/200 [TRAIN]:  38%|███▊      | 1518/4032 [02:33<04:00, 10.44it/s, Loss=0.012311, Pos=0.012190, Vel=0.00006095]Epoch 2/200 [TRAIN]:  38%|███▊      | 1518/4032 [02:33<04:00, 10.44it/s, Loss=0.012307, Pos=0.012185, Vel=0.00006098]Epoch 2/200 [TRAIN]:  38%|███▊      | 1518/4032 [02:33<04:00, 10.44it/s, Loss=0.012303, Pos=0.012181, Vel=0.00006099]Epoch 2/200 [TRAIN]:  38%|███▊      | 1520/4032 [02:33<03:40, 11.42it/s, Loss=0.012303, Pos=0.012181, Vel=0.00006099]Epoch 2/200 [TRAIN]:  38%|███▊      | 1520/4032 [02:33<03:40, 11.42it/s, Loss=0.012308, Pos=0.012186, Vel=0.00006103]Epoch 2/200 [TRAIN]:  38%|███▊      | 1520/4032 [02:33<03:40, 11.42it/s, Loss=0.012328, Pos=0.012206, Vel=0.00006116]Epoch 2/200 [TRAIN]:  38%|███▊      | 1522/4032 [02:33<03:37, 11.52it/s, Loss=0.012328, Pos=0.012206, Vel=0.00006116]Epoch 2/200 [TRAIN]:  38%|███▊      | 1522/4032 [02:33<03:37, 11.52it/s, Loss=0.012325, Pos=0.012203, Vel=0.00006117]Epoch 2/200 [TRAIN]:  38%|███▊      | 1522/4032 [02:33<03:37, 11.52it/s, Loss=0.012318, Pos=0.012195, Vel=0.00006114]Epoch 2/200 [TRAIN]:  38%|███▊      | 1524/4032 [02:33<03:49, 10.91it/s, Loss=0.012318, Pos=0.012195, Vel=0.00006114]Epoch 2/200 [TRAIN]:  38%|███▊      | 1524/4032 [02:33<03:49, 10.91it/s, Loss=0.012312, Pos=0.012190, Vel=0.00006114]Epoch 2/200 [TRAIN]:  38%|███▊      | 1524/4032 [02:33<03:49, 10.91it/s, Loss=0.012313, Pos=0.012191, Vel=0.00006113]Epoch 2/200 [TRAIN]:  38%|███▊      | 1526/4032 [02:33<04:04, 10.24it/s, Loss=0.012313, Pos=0.012191, Vel=0.00006113]Epoch 2/200 [TRAIN]:  38%|███▊      | 1526/4032 [02:34<04:04, 10.24it/s, Loss=0.012329, Pos=0.012207, Vel=0.00006115]Epoch 2/200 [TRAIN]:  38%|███▊      | 1526/4032 [02:34<04:04, 10.24it/s, Loss=0.012335, Pos=0.012212, Vel=0.00006116]Epoch 2/200 [TRAIN]:  38%|███▊      | 1528/4032 [02:34<04:16,  9.78it/s, Loss=0.012335, Pos=0.012212, Vel=0.00006116]Epoch 2/200 [TRAIN]:  38%|███▊      | 1528/4032 [02:34<04:16,  9.78it/s, Loss=0.012332, Pos=0.012210, Vel=0.00006124]Epoch 2/200 [TRAIN]:  38%|███▊      | 1528/4032 [02:34<04:16,  9.78it/s, Loss=0.012331, Pos=0.012209, Vel=0.00006125]Epoch 2/200 [TRAIN]:  38%|███▊      | 1530/4032 [02:34<04:02, 10.32it/s, Loss=0.012331, Pos=0.012209, Vel=0.00006125]Epoch 2/200 [TRAIN]:  38%|███▊      | 1530/4032 [02:34<04:02, 10.32it/s, Loss=0.012331, Pos=0.012208, Vel=0.00006128]Epoch 2/200 [TRAIN]:  38%|███▊      | 1530/4032 [02:34<04:02, 10.32it/s, Loss=0.012328, Pos=0.012205, Vel=0.00006127]Epoch 2/200 [TRAIN]:  38%|███▊      | 1532/4032 [02:34<03:42, 11.24it/s, Loss=0.012328, Pos=0.012205, Vel=0.00006127]Epoch 2/200 [TRAIN]:  38%|███▊      | 1532/4032 [02:34<03:42, 11.24it/s, Loss=0.012326, Pos=0.012203, Vel=0.00006129]Epoch 2/200 [TRAIN]:  38%|███▊      | 1532/4032 [02:34<03:42, 11.24it/s, Loss=0.012340, Pos=0.012218, Vel=0.00006131]Epoch 2/200 [TRAIN]:  38%|███▊      | 1534/4032 [02:34<03:54, 10.64it/s, Loss=0.012340, Pos=0.012218, Vel=0.00006131]Epoch 2/200 [TRAIN]:  38%|███▊      | 1534/4032 [02:34<03:54, 10.64it/s, Loss=0.012342, Pos=0.012220, Vel=0.00006130]Epoch 2/200 [TRAIN]:  38%|███▊      | 1534/4032 [02:34<03:54, 10.64it/s, Loss=0.012339, Pos=0.012216, Vel=0.00006128]Epoch 2/200 [TRAIN]:  38%|███▊      | 1536/4032 [02:34<03:47, 10.98it/s, Loss=0.012339, Pos=0.012216, Vel=0.00006128]Epoch 2/200 [TRAIN]:  38%|███▊      | 1536/4032 [02:35<03:47, 10.98it/s, Loss=0.012347, Pos=0.012225, Vel=0.00006129]Epoch 2/200 [TRAIN]:  38%|███▊      | 1536/4032 [02:35<03:47, 10.98it/s, Loss=0.012352, Pos=0.012230, Vel=0.00006128]Epoch 2/200 [TRAIN]:  38%|███▊      | 1538/4032 [02:35<04:04, 10.18it/s, Loss=0.012352, Pos=0.012230, Vel=0.00006128]Epoch 2/200 [TRAIN]:  38%|███▊      | 1538/4032 [02:35<04:04, 10.18it/s, Loss=0.012352, Pos=0.012230, Vel=0.00006135]Epoch 2/200 [TRAIN]:  38%|███▊      | 1538/4032 [02:35<04:04, 10.18it/s, Loss=0.012349, Pos=0.012226, Vel=0.00006135]Epoch 2/200 [TRAIN]:  38%|███▊      | 1540/4032 [02:35<04:12,  9.88it/s, Loss=0.012349, Pos=0.012226, Vel=0.00006135]Epoch 2/200 [TRAIN]:  38%|███▊      | 1540/4032 [02:35<04:12,  9.88it/s, Loss=0.012346, Pos=0.012223, Vel=0.00006133]Epoch 2/200 [TRAIN]:  38%|███▊      | 1540/4032 [02:35<04:12,  9.88it/s, Loss=0.012342, Pos=0.012220, Vel=0.00006130]Epoch 2/200 [TRAIN]:  38%|███▊      | 1542/4032 [02:35<04:13,  9.84it/s, Loss=0.012342, Pos=0.012220, Vel=0.00006130]Epoch 2/200 [TRAIN]:  38%|███▊      | 1542/4032 [02:35<04:13,  9.84it/s, Loss=0.012345, Pos=0.012223, Vel=0.00006132]Epoch 2/200 [TRAIN]:  38%|███▊      | 1542/4032 [02:35<04:13,  9.84it/s, Loss=0.012338, Pos=0.012216, Vel=0.00006130]Epoch 2/200 [TRAIN]:  38%|███▊      | 1544/4032 [02:35<04:19,  9.57it/s, Loss=0.012338, Pos=0.012216, Vel=0.00006130]Epoch 2/200 [TRAIN]:  38%|███▊      | 1544/4032 [02:35<04:19,  9.57it/s, Loss=0.012336, Pos=0.012213, Vel=0.00006130]Epoch 2/200 [TRAIN]:  38%|███▊      | 1545/4032 [02:35<04:25,  9.35it/s, Loss=0.012336, Pos=0.012213, Vel=0.00006130]Epoch 2/200 [TRAIN]:  38%|███▊      | 1545/4032 [02:35<04:25,  9.35it/s, Loss=0.012340, Pos=0.012218, Vel=0.00006131]Epoch 2/200 [TRAIN]:  38%|███▊      | 1545/4032 [02:36<04:25,  9.35it/s, Loss=0.012337, Pos=0.012214, Vel=0.00006128]Epoch 2/200 [TRAIN]:  38%|███▊      | 1547/4032 [02:36<04:05, 10.13it/s, Loss=0.012337, Pos=0.012214, Vel=0.00006128]Epoch 2/200 [TRAIN]:  38%|███▊      | 1547/4032 [02:36<04:05, 10.13it/s, Loss=0.012342, Pos=0.012220, Vel=0.00006129]Epoch 2/200 [TRAIN]:  38%|███▊      | 1547/4032 [02:36<04:05, 10.13it/s, Loss=0.012344, Pos=0.012222, Vel=0.00006127]Epoch 2/200 [TRAIN]:  38%|███▊      | 1549/4032 [02:36<04:10,  9.92it/s, Loss=0.012344, Pos=0.012222, Vel=0.00006127]Epoch 2/200 [TRAIN]:  38%|███▊      | 1549/4032 [02:36<04:10,  9.92it/s, Loss=0.012340, Pos=0.012217, Vel=0.00006126]Epoch 2/200 [TRAIN]:  38%|███▊      | 1550/4032 [02:36<04:13,  9.80it/s, Loss=0.012340, Pos=0.012217, Vel=0.00006126]Epoch 2/200 [TRAIN]:  38%|███▊      | 1550/4032 [02:36<04:13,  9.80it/s, Loss=0.012347, Pos=0.012224, Vel=0.00006124]Epoch 2/200 [TRAIN]:  38%|███▊      | 1550/4032 [02:36<04:13,  9.80it/s, Loss=0.012340, Pos=0.012218, Vel=0.00006122]Epoch 2/200 [TRAIN]:  38%|███▊      | 1552/4032 [02:36<04:12,  9.84it/s, Loss=0.012340, Pos=0.012218, Vel=0.00006122]Epoch 2/200 [TRAIN]:  38%|███▊      | 1552/4032 [02:36<04:12,  9.84it/s, Loss=0.012349, Pos=0.012227, Vel=0.00006130]Epoch 2/200 [TRAIN]:  39%|███▊      | 1553/4032 [02:36<04:18,  9.59it/s, Loss=0.012349, Pos=0.012227, Vel=0.00006130]Epoch 2/200 [TRAIN]:  39%|███▊      | 1553/4032 [02:36<04:18,  9.59it/s, Loss=0.012344, Pos=0.012221, Vel=0.00006131]Epoch 2/200 [TRAIN]:  39%|███▊      | 1553/4032 [02:36<04:18,  9.59it/s, Loss=0.012349, Pos=0.012227, Vel=0.00006131]Epoch 2/200 [TRAIN]:  39%|███▊      | 1555/4032 [02:36<04:23,  9.42it/s, Loss=0.012349, Pos=0.012227, Vel=0.00006131]Epoch 2/200 [TRAIN]:  39%|███▊      | 1555/4032 [02:37<04:23,  9.42it/s, Loss=0.012343, Pos=0.012221, Vel=0.00006129]Epoch 2/200 [TRAIN]:  39%|███▊      | 1556/4032 [02:37<04:28,  9.21it/s, Loss=0.012343, Pos=0.012221, Vel=0.00006129]Epoch 2/200 [TRAIN]:  39%|███▊      | 1556/4032 [02:37<04:28,  9.21it/s, Loss=0.012340, Pos=0.012218, Vel=0.00006128]Epoch 2/200 [TRAIN]:  39%|███▊      | 1557/4032 [02:37<04:25,  9.34it/s, Loss=0.012340, Pos=0.012218, Vel=0.00006128]Epoch 2/200 [TRAIN]:  39%|███▊      | 1557/4032 [02:37<04:25,  9.34it/s, Loss=0.012342, Pos=0.012219, Vel=0.00006130]Epoch 2/200 [TRAIN]:  39%|███▊      | 1558/4032 [02:37<04:31,  9.13it/s, Loss=0.012342, Pos=0.012219, Vel=0.00006130]Epoch 2/200 [TRAIN]:  39%|███▊      | 1558/4032 [02:37<04:31,  9.13it/s, Loss=0.012335, Pos=0.012212, Vel=0.00006133]Epoch 2/200 [TRAIN]:  39%|███▊      | 1558/4032 [02:37<04:31,  9.13it/s, Loss=0.012332, Pos=0.012209, Vel=0.00006132]Epoch 2/200 [TRAIN]:  39%|███▊      | 1560/4032 [02:37<03:56, 10.47it/s, Loss=0.012332, Pos=0.012209, Vel=0.00006132]Epoch 2/200 [TRAIN]:  39%|███▊      | 1560/4032 [02:37<03:56, 10.47it/s, Loss=0.012329, Pos=0.012206, Vel=0.00006131]Epoch 2/200 [TRAIN]:  39%|███▊      | 1560/4032 [02:37<03:56, 10.47it/s, Loss=0.012325, Pos=0.012203, Vel=0.00006131]Epoch 2/200 [TRAIN]:  39%|███▊      | 1562/4032 [02:37<04:05, 10.05it/s, Loss=0.012325, Pos=0.012203, Vel=0.00006131]Epoch 2/200 [TRAIN]:  39%|███▊      | 1562/4032 [02:37<04:05, 10.05it/s, Loss=0.012322, Pos=0.012199, Vel=0.00006129]Epoch 2/200 [TRAIN]:  39%|███▊      | 1562/4032 [02:37<04:05, 10.05it/s, Loss=0.012320, Pos=0.012198, Vel=0.00006129]Epoch 2/200 [TRAIN]:  39%|███▉      | 1564/4032 [02:37<03:59, 10.31it/s, Loss=0.012320, Pos=0.012198, Vel=0.00006129]Epoch 2/200 [TRAIN]:  39%|███▉      | 1564/4032 [02:37<03:59, 10.31it/s, Loss=0.012320, Pos=0.012197, Vel=0.00006127]Epoch 2/200 [TRAIN]:  39%|███▉      | 1564/4032 [02:38<03:59, 10.31it/s, Loss=0.012316, Pos=0.012193, Vel=0.00006125]Epoch 2/200 [TRAIN]:  39%|███▉      | 1566/4032 [02:38<04:07,  9.98it/s, Loss=0.012316, Pos=0.012193, Vel=0.00006125]Epoch 2/200 [TRAIN]:  39%|███▉      | 1566/4032 [02:38<04:07,  9.98it/s, Loss=0.012316, Pos=0.012193, Vel=0.00006125]Epoch 2/200 [TRAIN]:  39%|███▉      | 1566/4032 [02:38<04:07,  9.98it/s, Loss=0.012328, Pos=0.012206, Vel=0.00006123]Epoch 2/200 [TRAIN]:  39%|███▉      | 1568/4032 [02:38<04:09,  9.87it/s, Loss=0.012328, Pos=0.012206, Vel=0.00006123]Epoch 2/200 [TRAIN]:  39%|███▉      | 1568/4032 [02:38<04:09,  9.87it/s, Loss=0.012326, Pos=0.012203, Vel=0.00006121]Epoch 2/200 [TRAIN]:  39%|███▉      | 1569/4032 [02:38<04:21,  9.40it/s, Loss=0.012326, Pos=0.012203, Vel=0.00006121]Epoch 2/200 [TRAIN]:  39%|███▉      | 1569/4032 [02:38<04:21,  9.40it/s, Loss=0.012323, Pos=0.012200, Vel=0.00006120]Epoch 2/200 [TRAIN]:  39%|███▉      | 1569/4032 [02:38<04:21,  9.40it/s, Loss=0.012321, Pos=0.012198, Vel=0.00006120]Epoch 2/200 [TRAIN]:  39%|███▉      | 1571/4032 [02:38<04:07,  9.94it/s, Loss=0.012321, Pos=0.012198, Vel=0.00006120]Epoch 2/200 [TRAIN]:  39%|███▉      | 1571/4032 [02:38<04:07,  9.94it/s, Loss=0.012315, Pos=0.012193, Vel=0.00006118]Epoch 2/200 [TRAIN]:  39%|███▉      | 1571/4032 [02:38<04:07,  9.94it/s, Loss=0.012314, Pos=0.012191, Vel=0.00006120]Epoch 2/200 [TRAIN]:  39%|███▉      | 1573/4032 [02:38<03:46, 10.85it/s, Loss=0.012314, Pos=0.012191, Vel=0.00006120]Epoch 2/200 [TRAIN]:  39%|███▉      | 1573/4032 [02:38<03:46, 10.85it/s, Loss=0.012313, Pos=0.012190, Vel=0.00006122]Epoch 2/200 [TRAIN]:  39%|███▉      | 1573/4032 [02:38<03:46, 10.85it/s, Loss=0.012308, Pos=0.012186, Vel=0.00006118]Epoch 2/200 [TRAIN]:  39%|███▉      | 1575/4032 [02:38<04:06,  9.97it/s, Loss=0.012308, Pos=0.012186, Vel=0.00006118]Epoch 2/200 [TRAIN]:  39%|███▉      | 1575/4032 [02:39<04:06,  9.97it/s, Loss=0.012304, Pos=0.012182, Vel=0.00006118]Epoch 2/200 [TRAIN]:  39%|███▉      | 1575/4032 [02:39<04:06,  9.97it/s, Loss=0.012305, Pos=0.012183, Vel=0.00006120]Epoch 2/200 [TRAIN]:  39%|███▉      | 1577/4032 [02:39<04:08,  9.88it/s, Loss=0.012305, Pos=0.012183, Vel=0.00006120]Epoch 2/200 [TRAIN]:  39%|███▉      | 1577/4032 [02:39<04:08,  9.88it/s, Loss=0.012301, Pos=0.012178, Vel=0.00006120]Epoch 2/200 [TRAIN]:  39%|███▉      | 1577/4032 [02:39<04:08,  9.88it/s, Loss=0.012295, Pos=0.012173, Vel=0.00006119]Epoch 2/200 [TRAIN]:  39%|███▉      | 1579/4032 [02:39<03:56, 10.37it/s, Loss=0.012295, Pos=0.012173, Vel=0.00006119]Epoch 2/200 [TRAIN]:  39%|███▉      | 1579/4032 [02:39<03:56, 10.37it/s, Loss=0.012290, Pos=0.012168, Vel=0.00006120]Epoch 2/200 [TRAIN]:  39%|███▉      | 1579/4032 [02:39<03:56, 10.37it/s, Loss=0.012283, Pos=0.012161, Vel=0.00006117]Epoch 2/200 [TRAIN]:  39%|███▉      | 1581/4032 [02:39<04:06,  9.93it/s, Loss=0.012283, Pos=0.012161, Vel=0.00006117]Epoch 2/200 [TRAIN]:  39%|███▉      | 1581/4032 [02:39<04:06,  9.93it/s, Loss=0.012277, Pos=0.012155, Vel=0.00006114]Epoch 2/200 [TRAIN]:  39%|███▉      | 1581/4032 [02:39<04:06,  9.93it/s, Loss=0.012277, Pos=0.012155, Vel=0.00006116]Epoch 2/200 [TRAIN]:  39%|███▉      | 1583/4032 [02:39<04:13,  9.66it/s, Loss=0.012277, Pos=0.012155, Vel=0.00006116]Epoch 2/200 [TRAIN]:  39%|███▉      | 1583/4032 [02:39<04:13,  9.66it/s, Loss=0.012277, Pos=0.012155, Vel=0.00006114]Epoch 2/200 [TRAIN]:  39%|███▉      | 1584/4032 [02:39<04:15,  9.58it/s, Loss=0.012277, Pos=0.012155, Vel=0.00006114]Epoch 2/200 [TRAIN]:  39%|███▉      | 1584/4032 [02:39<04:15,  9.58it/s, Loss=0.012274, Pos=0.012152, Vel=0.00006112]Epoch 2/200 [TRAIN]:  39%|███▉      | 1585/4032 [02:39<04:17,  9.49it/s, Loss=0.012274, Pos=0.012152, Vel=0.00006112]Epoch 2/200 [TRAIN]:  39%|███▉      | 1585/4032 [02:40<04:17,  9.49it/s, Loss=0.012273, Pos=0.012151, Vel=0.00006110]Epoch 2/200 [TRAIN]:  39%|███▉      | 1586/4032 [02:40<04:20,  9.40it/s, Loss=0.012273, Pos=0.012151, Vel=0.00006110]Epoch 2/200 [TRAIN]:  39%|███▉      | 1586/4032 [02:40<04:20,  9.40it/s, Loss=0.012269, Pos=0.012146, Vel=0.00006107]Epoch 2/200 [TRAIN]:  39%|███▉      | 1587/4032 [02:40<04:20,  9.39it/s, Loss=0.012269, Pos=0.012146, Vel=0.00006107]Epoch 2/200 [TRAIN]:  39%|███▉      | 1587/4032 [02:40<04:20,  9.39it/s, Loss=0.012268, Pos=0.012146, Vel=0.00006109]Epoch 2/200 [TRAIN]:  39%|███▉      | 1588/4032 [02:40<04:20,  9.38it/s, Loss=0.012268, Pos=0.012146, Vel=0.00006109]Epoch 2/200 [TRAIN]:  39%|███▉      | 1588/4032 [02:40<04:20,  9.38it/s, Loss=0.012294, Pos=0.012172, Vel=0.00006111]Epoch 2/200 [TRAIN]:  39%|███▉      | 1588/4032 [02:40<04:20,  9.38it/s, Loss=0.012293, Pos=0.012171, Vel=0.00006110]Epoch 2/200 [TRAIN]:  39%|███▉      | 1590/4032 [02:40<03:50, 10.59it/s, Loss=0.012293, Pos=0.012171, Vel=0.00006110]Epoch 2/200 [TRAIN]:  39%|███▉      | 1590/4032 [02:40<03:50, 10.59it/s, Loss=0.012288, Pos=0.012166, Vel=0.00006107]Epoch 2/200 [TRAIN]:  39%|███▉      | 1590/4032 [02:40<03:50, 10.59it/s, Loss=0.012290, Pos=0.012168, Vel=0.00006106]Epoch 2/200 [TRAIN]:  39%|███▉      | 1592/4032 [02:40<04:07,  9.86it/s, Loss=0.012290, Pos=0.012168, Vel=0.00006106]Epoch 2/200 [TRAIN]:  39%|███▉      | 1592/4032 [02:40<04:07,  9.86it/s, Loss=0.012287, Pos=0.012165, Vel=0.00006103]Epoch 2/200 [TRAIN]:  40%|███▉      | 1593/4032 [02:40<04:10,  9.75it/s, Loss=0.012287, Pos=0.012165, Vel=0.00006103]Epoch 2/200 [TRAIN]:  40%|███▉      | 1593/4032 [02:40<04:10,  9.75it/s, Loss=0.012286, Pos=0.012164, Vel=0.00006102]Epoch 2/200 [TRAIN]:  40%|███▉      | 1594/4032 [02:40<04:13,  9.62it/s, Loss=0.012286, Pos=0.012164, Vel=0.00006102]Epoch 2/200 [TRAIN]:  40%|███▉      | 1594/4032 [02:40<04:13,  9.62it/s, Loss=0.012294, Pos=0.012172, Vel=0.00006102]Epoch 2/200 [TRAIN]:  40%|███▉      | 1595/4032 [02:40<04:22,  9.28it/s, Loss=0.012294, Pos=0.012172, Vel=0.00006102]Epoch 2/200 [TRAIN]:  40%|███▉      | 1595/4032 [02:41<04:22,  9.28it/s, Loss=0.012291, Pos=0.012169, Vel=0.00006099]Epoch 2/200 [TRAIN]:  40%|███▉      | 1596/4032 [02:41<04:22,  9.29it/s, Loss=0.012291, Pos=0.012169, Vel=0.00006099]Epoch 2/200 [TRAIN]:  40%|███▉      | 1596/4032 [02:41<04:22,  9.29it/s, Loss=0.012293, Pos=0.012171, Vel=0.00006097]Epoch 2/200 [TRAIN]:  40%|███▉      | 1597/4032 [02:41<04:24,  9.22it/s, Loss=0.012293, Pos=0.012171, Vel=0.00006097]Epoch 2/200 [TRAIN]:  40%|███▉      | 1597/4032 [02:41<04:24,  9.22it/s, Loss=0.012288, Pos=0.012166, Vel=0.00006097]Epoch 2/200 [TRAIN]:  40%|███▉      | 1598/4032 [02:41<04:25,  9.16it/s, Loss=0.012288, Pos=0.012166, Vel=0.00006097]Epoch 2/200 [TRAIN]:  40%|███▉      | 1598/4032 [02:41<04:25,  9.16it/s, Loss=0.012287, Pos=0.012165, Vel=0.00006097]Epoch 2/200 [TRAIN]:  40%|███▉      | 1598/4032 [02:41<04:25,  9.16it/s, Loss=0.012286, Pos=0.012164, Vel=0.00006097]Epoch 2/200 [TRAIN]:  40%|███▉      | 1600/4032 [02:41<04:20,  9.35it/s, Loss=0.012286, Pos=0.012164, Vel=0.00006097]Epoch 2/200 [TRAIN]:  40%|███▉      | 1600/4032 [02:41<04:20,  9.35it/s, Loss=0.012284, Pos=0.012162, Vel=0.00006098]Epoch 2/200 [TRAIN]:  40%|███▉      | 1601/4032 [02:41<04:19,  9.36it/s, Loss=0.012284, Pos=0.012162, Vel=0.00006098]Epoch 2/200 [TRAIN]:  40%|███▉      | 1601/4032 [02:41<04:19,  9.36it/s, Loss=0.012297, Pos=0.012175, Vel=0.00006101]Epoch 2/200 [TRAIN]:  40%|███▉      | 1602/4032 [02:41<04:27,  9.08it/s, Loss=0.012297, Pos=0.012175, Vel=0.00006101]Epoch 2/200 [TRAIN]:  40%|███▉      | 1602/4032 [02:41<04:27,  9.08it/s, Loss=0.012296, Pos=0.012174, Vel=0.00006099]Epoch 2/200 [TRAIN]:  40%|███▉      | 1602/4032 [02:41<04:27,  9.08it/s, Loss=0.012312, Pos=0.012190, Vel=0.00006100]Epoch 2/200 [TRAIN]:  40%|███▉      | 1604/4032 [02:41<04:23,  9.22it/s, Loss=0.012312, Pos=0.012190, Vel=0.00006100]Epoch 2/200 [TRAIN]:  40%|███▉      | 1604/4032 [02:42<04:23,  9.22it/s, Loss=0.012308, Pos=0.012186, Vel=0.00006100]Epoch 2/200 [TRAIN]:  40%|███▉      | 1604/4032 [02:42<04:23,  9.22it/s, Loss=0.012321, Pos=0.012199, Vel=0.00006100]Epoch 2/200 [TRAIN]:  40%|███▉      | 1606/4032 [02:42<04:19,  9.35it/s, Loss=0.012321, Pos=0.012199, Vel=0.00006100]Epoch 2/200 [TRAIN]:  40%|███▉      | 1606/4032 [02:42<04:19,  9.35it/s, Loss=0.012317, Pos=0.012195, Vel=0.00006099]Epoch 2/200 [TRAIN]:  40%|███▉      | 1607/4032 [02:42<04:16,  9.44it/s, Loss=0.012317, Pos=0.012195, Vel=0.00006099]Epoch 2/200 [TRAIN]:  40%|███▉      | 1607/4032 [02:42<04:16,  9.44it/s, Loss=0.012313, Pos=0.012191, Vel=0.00006097]Epoch 2/200 [TRAIN]:  40%|███▉      | 1608/4032 [02:42<04:18,  9.38it/s, Loss=0.012313, Pos=0.012191, Vel=0.00006097]Epoch 2/200 [TRAIN]:  40%|███▉      | 1608/4032 [02:42<04:18,  9.38it/s, Loss=0.012318, Pos=0.012196, Vel=0.00006097]Epoch 2/200 [TRAIN]:  40%|███▉      | 1608/4032 [02:42<04:18,  9.38it/s, Loss=0.012320, Pos=0.012198, Vel=0.00006097]Epoch 2/200 [TRAIN]:  40%|███▉      | 1610/4032 [02:42<03:53, 10.38it/s, Loss=0.012320, Pos=0.012198, Vel=0.00006097]Epoch 2/200 [TRAIN]:  40%|███▉      | 1610/4032 [02:42<03:53, 10.38it/s, Loss=0.012314, Pos=0.012192, Vel=0.00006095]Epoch 2/200 [TRAIN]:  40%|███▉      | 1610/4032 [02:42<03:53, 10.38it/s, Loss=0.012310, Pos=0.012188, Vel=0.00006092]Epoch 2/200 [TRAIN]:  40%|███▉      | 1612/4032 [02:42<04:05,  9.85it/s, Loss=0.012310, Pos=0.012188, Vel=0.00006092]Epoch 2/200 [TRAIN]:  40%|███▉      | 1612/4032 [02:42<04:05,  9.85it/s, Loss=0.012315, Pos=0.012193, Vel=0.00006096]Epoch 2/200 [TRAIN]:  40%|████      | 1613/4032 [02:42<04:15,  9.47it/s, Loss=0.012315, Pos=0.012193, Vel=0.00006096]Epoch 2/200 [TRAIN]:  40%|████      | 1613/4032 [02:42<04:15,  9.47it/s, Loss=0.012308, Pos=0.012186, Vel=0.00006094]Epoch 2/200 [TRAIN]:  40%|████      | 1613/4032 [02:43<04:15,  9.47it/s, Loss=0.012304, Pos=0.012182, Vel=0.00006096]Epoch 2/200 [TRAIN]:  40%|████      | 1615/4032 [02:43<03:58, 10.12it/s, Loss=0.012304, Pos=0.012182, Vel=0.00006096]Epoch 2/200 [TRAIN]:  40%|████      | 1615/4032 [02:43<03:58, 10.12it/s, Loss=0.012304, Pos=0.012183, Vel=0.00006094]Epoch 2/200 [TRAIN]:  40%|████      | 1615/4032 [02:43<03:58, 10.12it/s, Loss=0.012300, Pos=0.012178, Vel=0.00006091]Epoch 2/200 [TRAIN]:  40%|████      | 1617/4032 [02:43<04:06,  9.81it/s, Loss=0.012300, Pos=0.012178, Vel=0.00006091]Epoch 2/200 [TRAIN]:  40%|████      | 1617/4032 [02:43<04:06,  9.81it/s, Loss=0.012301, Pos=0.012179, Vel=0.00006093]Epoch 2/200 [TRAIN]:  40%|████      | 1617/4032 [02:43<04:06,  9.81it/s, Loss=0.012295, Pos=0.012173, Vel=0.00006094]Epoch 2/200 [TRAIN]:  40%|████      | 1619/4032 [02:43<04:04,  9.88it/s, Loss=0.012295, Pos=0.012173, Vel=0.00006094]Epoch 2/200 [TRAIN]:  40%|████      | 1619/4032 [02:43<04:04,  9.88it/s, Loss=0.012294, Pos=0.012172, Vel=0.00006104]Epoch 2/200 [TRAIN]:  40%|████      | 1620/4032 [02:43<04:09,  9.66it/s, Loss=0.012294, Pos=0.012172, Vel=0.00006104]Epoch 2/200 [TRAIN]:  40%|████      | 1620/4032 [02:43<04:09,  9.66it/s, Loss=0.012289, Pos=0.012167, Vel=0.00006102]Epoch 2/200 [TRAIN]:  40%|████      | 1620/4032 [02:43<04:09,  9.66it/s, Loss=0.012286, Pos=0.012164, Vel=0.00006100]Epoch 2/200 [TRAIN]:  40%|████      | 1622/4032 [02:43<04:11,  9.60it/s, Loss=0.012286, Pos=0.012164, Vel=0.00006100]Epoch 2/200 [TRAIN]:  40%|████      | 1622/4032 [02:43<04:11,  9.60it/s, Loss=0.012280, Pos=0.012158, Vel=0.00006098]Epoch 2/200 [TRAIN]:  40%|████      | 1622/4032 [02:44<04:11,  9.60it/s, Loss=0.012298, Pos=0.012176, Vel=0.00006097]Epoch 2/200 [TRAIN]:  40%|████      | 1624/4032 [02:44<04:08,  9.67it/s, Loss=0.012298, Pos=0.012176, Vel=0.00006097]Epoch 2/200 [TRAIN]:  40%|████      | 1624/4032 [02:44<04:08,  9.67it/s, Loss=0.012299, Pos=0.012177, Vel=0.00006099]Epoch 2/200 [TRAIN]:  40%|████      | 1624/4032 [02:44<04:08,  9.67it/s, Loss=0.012297, Pos=0.012175, Vel=0.00006098]Epoch 2/200 [TRAIN]:  40%|████      | 1626/4032 [02:44<04:01,  9.97it/s, Loss=0.012297, Pos=0.012175, Vel=0.00006098]Epoch 2/200 [TRAIN]:  40%|████      | 1626/4032 [02:44<04:01,  9.97it/s, Loss=0.012298, Pos=0.012176, Vel=0.00006105]Epoch 2/200 [TRAIN]:  40%|████      | 1626/4032 [02:44<04:01,  9.97it/s, Loss=0.012293, Pos=0.012171, Vel=0.00006104]Epoch 2/200 [TRAIN]:  40%|████      | 1628/4032 [02:44<04:06,  9.74it/s, Loss=0.012293, Pos=0.012171, Vel=0.00006104]Epoch 2/200 [TRAIN]:  40%|████      | 1628/4032 [02:44<04:06,  9.74it/s, Loss=0.012289, Pos=0.012167, Vel=0.00006102]Epoch 2/200 [TRAIN]:  40%|████      | 1628/4032 [02:44<04:06,  9.74it/s, Loss=0.012287, Pos=0.012165, Vel=0.00006100]Epoch 2/200 [TRAIN]:  40%|████      | 1630/4032 [02:44<04:02,  9.91it/s, Loss=0.012287, Pos=0.012165, Vel=0.00006100]Epoch 2/200 [TRAIN]:  40%|████      | 1630/4032 [02:44<04:02,  9.91it/s, Loss=0.012299, Pos=0.012177, Vel=0.00006100]Epoch 2/200 [TRAIN]:  40%|████      | 1631/4032 [02:44<04:10,  9.57it/s, Loss=0.012299, Pos=0.012177, Vel=0.00006100]Epoch 2/200 [TRAIN]:  40%|████      | 1631/4032 [02:44<04:10,  9.57it/s, Loss=0.012303, Pos=0.012181, Vel=0.00006099]Epoch 2/200 [TRAIN]:  40%|████      | 1631/4032 [02:44<04:10,  9.57it/s, Loss=0.012302, Pos=0.012180, Vel=0.00006104]Epoch 2/200 [TRAIN]:  41%|████      | 1633/4032 [02:44<04:08,  9.66it/s, Loss=0.012302, Pos=0.012180, Vel=0.00006104]Epoch 2/200 [TRAIN]:  41%|████      | 1633/4032 [02:44<04:08,  9.66it/s, Loss=0.012305, Pos=0.012183, Vel=0.00006102]Epoch 2/200 [TRAIN]:  41%|████      | 1633/4032 [02:45<04:08,  9.66it/s, Loss=0.012328, Pos=0.012206, Vel=0.00006104]Epoch 2/200 [TRAIN]:  41%|████      | 1635/4032 [02:45<03:45, 10.61it/s, Loss=0.012328, Pos=0.012206, Vel=0.00006104]Epoch 2/200 [TRAIN]:  41%|████      | 1635/4032 [02:45<03:45, 10.61it/s, Loss=0.012322, Pos=0.012200, Vel=0.00006103]Epoch 2/200 [TRAIN]:  41%|████      | 1635/4032 [02:45<03:45, 10.61it/s, Loss=0.012353, Pos=0.012231, Vel=0.00006122]Epoch 2/200 [TRAIN]:  41%|████      | 1637/4032 [02:45<03:55, 10.17it/s, Loss=0.012353, Pos=0.012231, Vel=0.00006122]Epoch 2/200 [TRAIN]:  41%|████      | 1637/4032 [02:45<03:55, 10.17it/s, Loss=0.012349, Pos=0.012227, Vel=0.00006127]Epoch 2/200 [TRAIN]:  41%|████      | 1637/4032 [02:45<03:55, 10.17it/s, Loss=0.012348, Pos=0.012226, Vel=0.00006126]Epoch 2/200 [TRAIN]:  41%|████      | 1639/4032 [02:45<04:01,  9.90it/s, Loss=0.012348, Pos=0.012226, Vel=0.00006126]Epoch 2/200 [TRAIN]:  41%|████      | 1639/4032 [02:45<04:01,  9.90it/s, Loss=0.012343, Pos=0.012221, Vel=0.00006123]Epoch 2/200 [TRAIN]:  41%|████      | 1640/4032 [02:45<04:02,  9.88it/s, Loss=0.012343, Pos=0.012221, Vel=0.00006123]Epoch 2/200 [TRAIN]:  41%|████      | 1640/4032 [02:45<04:02,  9.88it/s, Loss=0.012339, Pos=0.012216, Vel=0.00006121]Epoch 2/200 [TRAIN]:  41%|████      | 1641/4032 [02:45<04:09,  9.56it/s, Loss=0.012339, Pos=0.012216, Vel=0.00006121]Epoch 2/200 [TRAIN]:  41%|████      | 1641/4032 [02:45<04:09,  9.56it/s, Loss=0.012333, Pos=0.012210, Vel=0.00006120]Epoch 2/200 [TRAIN]:  41%|████      | 1642/4032 [02:45<04:08,  9.62it/s, Loss=0.012333, Pos=0.012210, Vel=0.00006120]Epoch 2/200 [TRAIN]:  41%|████      | 1642/4032 [02:45<04:08,  9.62it/s, Loss=0.012328, Pos=0.012206, Vel=0.00006122]Epoch 2/200 [TRAIN]:  41%|████      | 1643/4032 [02:45<04:10,  9.53it/s, Loss=0.012328, Pos=0.012206, Vel=0.00006122]Epoch 2/200 [TRAIN]:  41%|████      | 1643/4032 [02:46<04:10,  9.53it/s, Loss=0.012325, Pos=0.012202, Vel=0.00006120]Epoch 2/200 [TRAIN]:  41%|████      | 1644/4032 [02:46<04:12,  9.46it/s, Loss=0.012325, Pos=0.012202, Vel=0.00006120]Epoch 2/200 [TRAIN]:  41%|████      | 1644/4032 [02:46<04:12,  9.46it/s, Loss=0.012322, Pos=0.012200, Vel=0.00006118]Epoch 2/200 [TRAIN]:  41%|████      | 1645/4032 [02:46<04:21,  9.14it/s, Loss=0.012322, Pos=0.012200, Vel=0.00006118]Epoch 2/200 [TRAIN]:  41%|████      | 1645/4032 [02:46<04:21,  9.14it/s, Loss=0.012321, Pos=0.012199, Vel=0.00006117]Epoch 2/200 [TRAIN]:  41%|████      | 1645/4032 [02:46<04:21,  9.14it/s, Loss=0.012319, Pos=0.012197, Vel=0.00006115]Epoch 2/200 [TRAIN]:  41%|████      | 1647/4032 [02:46<04:22,  9.10it/s, Loss=0.012319, Pos=0.012197, Vel=0.00006115]Epoch 2/200 [TRAIN]:  41%|████      | 1647/4032 [02:46<04:22,  9.10it/s, Loss=0.012318, Pos=0.012195, Vel=0.00006117]Epoch 2/200 [TRAIN]:  41%|████      | 1648/4032 [02:46<04:17,  9.25it/s, Loss=0.012318, Pos=0.012195, Vel=0.00006117]Epoch 2/200 [TRAIN]:  41%|████      | 1648/4032 [02:46<04:17,  9.25it/s, Loss=0.012317, Pos=0.012194, Vel=0.00006116]Epoch 2/200 [TRAIN]:  41%|████      | 1649/4032 [02:46<04:19,  9.19it/s, Loss=0.012317, Pos=0.012194, Vel=0.00006116]Epoch 2/200 [TRAIN]:  41%|████      | 1649/4032 [02:46<04:19,  9.19it/s, Loss=0.012316, Pos=0.012194, Vel=0.00006114]Epoch 2/200 [TRAIN]:  41%|████      | 1649/4032 [02:46<04:19,  9.19it/s, Loss=0.012313, Pos=0.012191, Vel=0.00006111]Epoch 2/200 [TRAIN]:  41%|████      | 1651/4032 [02:46<04:16,  9.29it/s, Loss=0.012313, Pos=0.012191, Vel=0.00006111]Epoch 2/200 [TRAIN]:  41%|████      | 1651/4032 [02:46<04:16,  9.29it/s, Loss=0.012307, Pos=0.012185, Vel=0.00006111]Epoch 2/200 [TRAIN]:  41%|████      | 1652/4032 [02:46<04:16,  9.28it/s, Loss=0.012307, Pos=0.012185, Vel=0.00006111]Epoch 2/200 [TRAIN]:  41%|████      | 1652/4032 [02:47<04:16,  9.28it/s, Loss=0.012303, Pos=0.012180, Vel=0.00006112]Epoch 2/200 [TRAIN]:  41%|████      | 1653/4032 [02:47<04:19,  9.18it/s, Loss=0.012303, Pos=0.012180, Vel=0.00006112]Epoch 2/200 [TRAIN]:  41%|████      | 1653/4032 [02:47<04:19,  9.18it/s, Loss=0.012299, Pos=0.012177, Vel=0.00006113]Epoch 2/200 [TRAIN]:  41%|████      | 1653/4032 [02:47<04:19,  9.18it/s, Loss=0.012294, Pos=0.012171, Vel=0.00006110]Epoch 2/200 [TRAIN]:  41%|████      | 1655/4032 [02:47<03:49, 10.36it/s, Loss=0.012294, Pos=0.012171, Vel=0.00006110]Epoch 2/200 [TRAIN]:  41%|████      | 1655/4032 [02:47<03:49, 10.36it/s, Loss=0.012290, Pos=0.012168, Vel=0.00006110]Epoch 2/200 [TRAIN]:  41%|████      | 1655/4032 [02:47<03:49, 10.36it/s, Loss=0.012288, Pos=0.012166, Vel=0.00006107]Epoch 2/200 [TRAIN]:  41%|████      | 1657/4032 [02:47<04:05,  9.66it/s, Loss=0.012288, Pos=0.012166, Vel=0.00006107]Epoch 2/200 [TRAIN]:  41%|████      | 1657/4032 [02:47<04:05,  9.66it/s, Loss=0.012298, Pos=0.012176, Vel=0.00006110]Epoch 2/200 [TRAIN]:  41%|████      | 1657/4032 [02:47<04:05,  9.66it/s, Loss=0.012294, Pos=0.012172, Vel=0.00006109]Epoch 2/200 [TRAIN]:  41%|████      | 1659/4032 [02:47<03:48, 10.40it/s, Loss=0.012294, Pos=0.012172, Vel=0.00006109]Epoch 2/200 [TRAIN]:  41%|████      | 1659/4032 [02:47<03:48, 10.40it/s, Loss=0.012291, Pos=0.012168, Vel=0.00006108]Epoch 2/200 [TRAIN]:  41%|████      | 1659/4032 [02:47<03:48, 10.40it/s, Loss=0.012288, Pos=0.012166, Vel=0.00006107]Epoch 2/200 [TRAIN]:  41%|████      | 1661/4032 [02:47<03:36, 10.94it/s, Loss=0.012288, Pos=0.012166, Vel=0.00006107]Epoch 2/200 [TRAIN]:  41%|████      | 1661/4032 [02:47<03:36, 10.94it/s, Loss=0.012285, Pos=0.012163, Vel=0.00006105]Epoch 2/200 [TRAIN]:  41%|████      | 1661/4032 [02:47<03:36, 10.94it/s, Loss=0.012283, Pos=0.012161, Vel=0.00006104]Epoch 2/200 [TRAIN]:  41%|████      | 1663/4032 [02:47<03:48, 10.38it/s, Loss=0.012283, Pos=0.012161, Vel=0.00006104]Epoch 2/200 [TRAIN]:  41%|████      | 1663/4032 [02:48<03:48, 10.38it/s, Loss=0.012291, Pos=0.012169, Vel=0.00006103]Epoch 2/200 [TRAIN]:  41%|████      | 1663/4032 [02:48<03:48, 10.38it/s, Loss=0.012286, Pos=0.012163, Vel=0.00006101]Epoch 2/200 [TRAIN]:  41%|████▏     | 1665/4032 [02:48<03:38, 10.85it/s, Loss=0.012286, Pos=0.012163, Vel=0.00006101]Epoch 2/200 [TRAIN]:  41%|████▏     | 1665/4032 [02:48<03:38, 10.85it/s, Loss=0.012285, Pos=0.012163, Vel=0.00006099]Epoch 2/200 [TRAIN]:  41%|████▏     | 1665/4032 [02:48<03:38, 10.85it/s, Loss=0.012281, Pos=0.012159, Vel=0.00006098]Epoch 2/200 [TRAIN]:  41%|████▏     | 1667/4032 [02:48<03:24, 11.55it/s, Loss=0.012281, Pos=0.012159, Vel=0.00006098]Epoch 2/200 [TRAIN]:  41%|████▏     | 1667/4032 [02:48<03:24, 11.55it/s, Loss=0.012277, Pos=0.012155, Vel=0.00006098]Epoch 2/200 [TRAIN]:  41%|████▏     | 1667/4032 [02:48<03:24, 11.55it/s, Loss=0.012276, Pos=0.012154, Vel=0.00006100]Epoch 2/200 [TRAIN]:  41%|████▏     | 1669/4032 [02:48<02:58, 13.26it/s, Loss=0.012276, Pos=0.012154, Vel=0.00006100]Epoch 2/200 [TRAIN]:  41%|████▏     | 1669/4032 [02:48<02:58, 13.26it/s, Loss=0.012274, Pos=0.012152, Vel=0.00006099]Epoch 2/200 [TRAIN]:  41%|████▏     | 1669/4032 [02:48<02:58, 13.26it/s, Loss=0.012273, Pos=0.012151, Vel=0.00006098]Epoch 2/200 [TRAIN]:  41%|████▏     | 1671/4032 [02:48<03:23, 11.59it/s, Loss=0.012273, Pos=0.012151, Vel=0.00006098]Epoch 2/200 [TRAIN]:  41%|████▏     | 1671/4032 [02:48<03:23, 11.59it/s, Loss=0.012281, Pos=0.012159, Vel=0.00006102]Epoch 2/200 [TRAIN]:  41%|████▏     | 1671/4032 [02:48<03:23, 11.59it/s, Loss=0.012276, Pos=0.012154, Vel=0.00006100]Epoch 2/200 [TRAIN]:  41%|████▏     | 1673/4032 [02:48<03:44, 10.53it/s, Loss=0.012276, Pos=0.012154, Vel=0.00006100]Epoch 2/200 [TRAIN]:  41%|████▏     | 1673/4032 [02:48<03:44, 10.53it/s, Loss=0.012273, Pos=0.012151, Vel=0.00006099]Epoch 2/200 [TRAIN]:  41%|████▏     | 1673/4032 [02:49<03:44, 10.53it/s, Loss=0.012282, Pos=0.012160, Vel=0.00006103]Epoch 2/200 [TRAIN]:  42%|████▏     | 1675/4032 [02:49<03:51, 10.19it/s, Loss=0.012282, Pos=0.012160, Vel=0.00006103]Epoch 2/200 [TRAIN]:  42%|████▏     | 1675/4032 [02:49<03:51, 10.19it/s, Loss=0.012278, Pos=0.012156, Vel=0.00006101]Epoch 2/200 [TRAIN]:  42%|████▏     | 1675/4032 [02:49<03:51, 10.19it/s, Loss=0.012310, Pos=0.012188, Vel=0.00006101]Epoch 2/200 [TRAIN]:  42%|████▏     | 1677/4032 [02:49<03:45, 10.46it/s, Loss=0.012310, Pos=0.012188, Vel=0.00006101]Epoch 2/200 [TRAIN]:  42%|████▏     | 1677/4032 [02:49<03:45, 10.46it/s, Loss=0.012304, Pos=0.012182, Vel=0.00006099]Epoch 2/200 [TRAIN]:  42%|████▏     | 1677/4032 [02:49<03:45, 10.46it/s, Loss=0.012300, Pos=0.012178, Vel=0.00006096]Epoch 2/200 [TRAIN]:  42%|████▏     | 1679/4032 [02:49<03:43, 10.53it/s, Loss=0.012300, Pos=0.012178, Vel=0.00006096]Epoch 2/200 [TRAIN]:  42%|████▏     | 1679/4032 [02:49<03:43, 10.53it/s, Loss=0.012298, Pos=0.012176, Vel=0.00006094]Epoch 2/200 [TRAIN]:  42%|████▏     | 1679/4032 [02:49<03:43, 10.53it/s, Loss=0.012292, Pos=0.012170, Vel=0.00006093]Epoch 2/200 [TRAIN]:  42%|████▏     | 1681/4032 [02:49<03:57,  9.91it/s, Loss=0.012292, Pos=0.012170, Vel=0.00006093]Epoch 2/200 [TRAIN]:  42%|████▏     | 1681/4032 [02:49<03:57,  9.91it/s, Loss=0.012287, Pos=0.012166, Vel=0.00006090]Epoch 2/200 [TRAIN]:  42%|████▏     | 1681/4032 [02:49<03:57,  9.91it/s, Loss=0.012285, Pos=0.012164, Vel=0.00006091]Epoch 2/200 [TRAIN]:  42%|████▏     | 1683/4032 [02:49<04:03,  9.67it/s, Loss=0.012285, Pos=0.012164, Vel=0.00006091]Epoch 2/200 [TRAIN]:  42%|████▏     | 1683/4032 [02:49<04:03,  9.67it/s, Loss=0.012282, Pos=0.012160, Vel=0.00006092]Epoch 2/200 [TRAIN]:  42%|████▏     | 1683/4032 [02:50<04:03,  9.67it/s, Loss=0.012276, Pos=0.012155, Vel=0.00006089]Epoch 2/200 [TRAIN]:  42%|████▏     | 1685/4032 [02:50<04:02,  9.66it/s, Loss=0.012276, Pos=0.012155, Vel=0.00006089]Epoch 2/200 [TRAIN]:  42%|████▏     | 1685/4032 [02:50<04:02,  9.66it/s, Loss=0.012274, Pos=0.012153, Vel=0.00006090]Epoch 2/200 [TRAIN]:  42%|████▏     | 1685/4032 [02:50<04:02,  9.66it/s, Loss=0.012270, Pos=0.012148, Vel=0.00006089]Epoch 2/200 [TRAIN]:  42%|████▏     | 1687/4032 [02:50<03:54, 10.00it/s, Loss=0.012270, Pos=0.012148, Vel=0.00006089]Epoch 2/200 [TRAIN]:  42%|████▏     | 1687/4032 [02:50<03:54, 10.00it/s, Loss=0.012270, Pos=0.012148, Vel=0.00006088]Epoch 2/200 [TRAIN]:  42%|████▏     | 1687/4032 [02:50<03:54, 10.00it/s, Loss=0.012272, Pos=0.012151, Vel=0.00006089]Epoch 2/200 [TRAIN]:  42%|████▏     | 1689/4032 [02:50<03:57,  9.85it/s, Loss=0.012272, Pos=0.012151, Vel=0.00006089]Epoch 2/200 [TRAIN]:  42%|████▏     | 1689/4032 [02:50<03:57,  9.85it/s, Loss=0.012268, Pos=0.012146, Vel=0.00006087]Epoch 2/200 [TRAIN]:  42%|████▏     | 1690/4032 [02:50<04:02,  9.66it/s, Loss=0.012268, Pos=0.012146, Vel=0.00006087]Epoch 2/200 [TRAIN]:  42%|████▏     | 1690/4032 [02:50<04:02,  9.66it/s, Loss=0.012268, Pos=0.012146, Vel=0.00006089]Epoch 2/200 [TRAIN]:  42%|████▏     | 1691/4032 [02:50<04:08,  9.43it/s, Loss=0.012268, Pos=0.012146, Vel=0.00006089]Epoch 2/200 [TRAIN]:  42%|████▏     | 1691/4032 [02:50<04:08,  9.43it/s, Loss=0.012264, Pos=0.012142, Vel=0.00006090]Epoch 2/200 [TRAIN]:  42%|████▏     | 1691/4032 [02:50<04:08,  9.43it/s, Loss=0.012259, Pos=0.012137, Vel=0.00006092]Epoch 2/200 [TRAIN]:  42%|████▏     | 1693/4032 [02:50<04:00,  9.74it/s, Loss=0.012259, Pos=0.012137, Vel=0.00006092]Epoch 2/200 [TRAIN]:  42%|████▏     | 1693/4032 [02:50<04:00,  9.74it/s, Loss=0.012289, Pos=0.012167, Vel=0.00006095]Epoch 2/200 [TRAIN]:  42%|████▏     | 1694/4032 [02:50<04:07,  9.45it/s, Loss=0.012289, Pos=0.012167, Vel=0.00006095]Epoch 2/200 [TRAIN]:  42%|████▏     | 1694/4032 [02:51<04:07,  9.45it/s, Loss=0.012286, Pos=0.012164, Vel=0.00006094]Epoch 2/200 [TRAIN]:  42%|████▏     | 1695/4032 [02:51<04:05,  9.51it/s, Loss=0.012286, Pos=0.012164, Vel=0.00006094]Epoch 2/200 [TRAIN]:  42%|████▏     | 1695/4032 [02:51<04:05,  9.51it/s, Loss=0.012282, Pos=0.012160, Vel=0.00006096]Epoch 2/200 [TRAIN]:  42%|████▏     | 1696/4032 [02:51<04:12,  9.24it/s, Loss=0.012282, Pos=0.012160, Vel=0.00006096]Epoch 2/200 [TRAIN]:  42%|████▏     | 1696/4032 [02:51<04:12,  9.24it/s, Loss=0.012278, Pos=0.012156, Vel=0.00006093]Epoch 2/200 [TRAIN]:  42%|████▏     | 1696/4032 [02:51<04:12,  9.24it/s, Loss=0.012278, Pos=0.012157, Vel=0.00006093]Epoch 2/200 [TRAIN]:  42%|████▏     | 1698/4032 [02:51<03:36, 10.76it/s, Loss=0.012278, Pos=0.012157, Vel=0.00006093]Epoch 2/200 [TRAIN]:  42%|████▏     | 1698/4032 [02:51<03:36, 10.76it/s, Loss=0.012276, Pos=0.012154, Vel=0.00006092]Epoch 2/200 [TRAIN]:  42%|████▏     | 1698/4032 [02:51<03:36, 10.76it/s, Loss=0.012272, Pos=0.012150, Vel=0.00006096]Epoch 2/200 [TRAIN]:  42%|████▏     | 1700/4032 [02:51<03:58,  9.77it/s, Loss=0.012272, Pos=0.012150, Vel=0.00006096]Epoch 2/200 [TRAIN]:  42%|████▏     | 1700/4032 [02:51<03:58,  9.77it/s, Loss=0.012269, Pos=0.012147, Vel=0.00006095]Epoch 2/200 [TRAIN]:  42%|████▏     | 1700/4032 [02:51<03:58,  9.77it/s, Loss=0.012265, Pos=0.012143, Vel=0.00006095]Epoch 2/200 [TRAIN]:  42%|████▏     | 1702/4032 [02:51<03:34, 10.85it/s, Loss=0.012265, Pos=0.012143, Vel=0.00006095]Epoch 2/200 [TRAIN]:  42%|████▏     | 1702/4032 [02:51<03:34, 10.85it/s, Loss=0.012263, Pos=0.012141, Vel=0.00006094]Epoch 2/200 [TRAIN]:  42%|████▏     | 1702/4032 [02:51<03:34, 10.85it/s, Loss=0.012260, Pos=0.012138, Vel=0.00006093]Epoch 2/200 [TRAIN]:  42%|████▏     | 1704/4032 [02:51<03:39, 10.61it/s, Loss=0.012260, Pos=0.012138, Vel=0.00006093]Epoch 2/200 [TRAIN]:  42%|████▏     | 1704/4032 [02:51<03:39, 10.61it/s, Loss=0.012274, Pos=0.012152, Vel=0.00006094]Epoch 2/200 [TRAIN]:  42%|████▏     | 1704/4032 [02:52<03:39, 10.61it/s, Loss=0.012272, Pos=0.012150, Vel=0.00006092]Epoch 2/200 [TRAIN]:  42%|████▏     | 1706/4032 [02:52<03:23, 11.42it/s, Loss=0.012272, Pos=0.012150, Vel=0.00006092]Epoch 2/200 [TRAIN]:  42%|████▏     | 1706/4032 [02:52<03:23, 11.42it/s, Loss=0.012268, Pos=0.012146, Vel=0.00006090]Epoch 2/200 [TRAIN]:  42%|████▏     | 1706/4032 [02:52<03:23, 11.42it/s, Loss=0.012266, Pos=0.012144, Vel=0.00006091]Epoch 2/200 [TRAIN]:  42%|████▏     | 1708/4032 [02:52<03:39, 10.60it/s, Loss=0.012266, Pos=0.012144, Vel=0.00006091]Epoch 2/200 [TRAIN]:  42%|████▏     | 1708/4032 [02:52<03:39, 10.60it/s, Loss=0.012263, Pos=0.012141, Vel=0.00006092]Epoch 2/200 [TRAIN]:  42%|████▏     | 1708/4032 [02:52<03:39, 10.60it/s, Loss=0.012276, Pos=0.012154, Vel=0.00006108]Epoch 2/200 [TRAIN]:  42%|████▏     | 1710/4032 [02:52<03:46, 10.23it/s, Loss=0.012276, Pos=0.012154, Vel=0.00006108]Epoch 2/200 [TRAIN]:  42%|████▏     | 1710/4032 [02:52<03:46, 10.23it/s, Loss=0.012277, Pos=0.012155, Vel=0.00006111]Epoch 2/200 [TRAIN]:  42%|████▏     | 1710/4032 [02:52<03:46, 10.23it/s, Loss=0.012274, Pos=0.012152, Vel=0.00006110]Epoch 2/200 [TRAIN]:  42%|████▏     | 1712/4032 [02:52<03:55,  9.86it/s, Loss=0.012274, Pos=0.012152, Vel=0.00006110]Epoch 2/200 [TRAIN]:  42%|████▏     | 1712/4032 [02:52<03:55,  9.86it/s, Loss=0.012268, Pos=0.012146, Vel=0.00006109]Epoch 2/200 [TRAIN]:  42%|████▏     | 1712/4032 [02:52<03:55,  9.86it/s, Loss=0.012293, Pos=0.012171, Vel=0.00006120]Epoch 2/200 [TRAIN]:  43%|████▎     | 1714/4032 [02:52<04:00,  9.64it/s, Loss=0.012293, Pos=0.012171, Vel=0.00006120]Epoch 2/200 [TRAIN]:  43%|████▎     | 1714/4032 [02:53<04:00,  9.64it/s, Loss=0.012290, Pos=0.012168, Vel=0.00006118]Epoch 2/200 [TRAIN]:  43%|████▎     | 1715/4032 [02:53<04:04,  9.48it/s, Loss=0.012290, Pos=0.012168, Vel=0.00006118]Epoch 2/200 [TRAIN]:  43%|████▎     | 1715/4032 [02:53<04:04,  9.48it/s, Loss=0.012285, Pos=0.012163, Vel=0.00006116]Epoch 2/200 [TRAIN]:  43%|████▎     | 1715/4032 [02:53<04:04,  9.48it/s, Loss=0.012333, Pos=0.012211, Vel=0.00006119]Epoch 2/200 [TRAIN]:  43%|████▎     | 1717/4032 [02:53<03:51, 10.00it/s, Loss=0.012333, Pos=0.012211, Vel=0.00006119]Epoch 2/200 [TRAIN]:  43%|████▎     | 1717/4032 [02:53<03:51, 10.00it/s, Loss=0.012336, Pos=0.012213, Vel=0.00006122]Epoch 2/200 [TRAIN]:  43%|████▎     | 1717/4032 [02:53<03:51, 10.00it/s, Loss=0.012330, Pos=0.012208, Vel=0.00006119]Epoch 2/200 [TRAIN]:  43%|████▎     | 1719/4032 [02:53<03:56,  9.77it/s, Loss=0.012330, Pos=0.012208, Vel=0.00006119]Epoch 2/200 [TRAIN]:  43%|████▎     | 1719/4032 [02:53<03:56,  9.77it/s, Loss=0.012326, Pos=0.012204, Vel=0.00006117]Epoch 2/200 [TRAIN]:  43%|████▎     | 1720/4032 [02:53<04:02,  9.54it/s, Loss=0.012326, Pos=0.012204, Vel=0.00006117]Epoch 2/200 [TRAIN]:  43%|████▎     | 1720/4032 [02:53<04:02,  9.54it/s, Loss=0.012322, Pos=0.012200, Vel=0.00006115]Epoch 2/200 [TRAIN]:  43%|████▎     | 1720/4032 [02:53<04:02,  9.54it/s, Loss=0.012324, Pos=0.012202, Vel=0.00006113]Epoch 2/200 [TRAIN]:  43%|████▎     | 1722/4032 [02:53<03:59,  9.65it/s, Loss=0.012324, Pos=0.012202, Vel=0.00006113]Epoch 2/200 [TRAIN]:  43%|████▎     | 1722/4032 [02:53<03:59,  9.65it/s, Loss=0.012319, Pos=0.012197, Vel=0.00006111]Epoch 2/200 [TRAIN]:  43%|████▎     | 1723/4032 [02:53<04:07,  9.33it/s, Loss=0.012319, Pos=0.012197, Vel=0.00006111]Epoch 2/200 [TRAIN]:  43%|████▎     | 1723/4032 [02:53<04:07,  9.33it/s, Loss=0.012318, Pos=0.012195, Vel=0.00006110]Epoch 2/200 [TRAIN]:  43%|████▎     | 1723/4032 [02:54<04:07,  9.33it/s, Loss=0.012313, Pos=0.012191, Vel=0.00006108]Epoch 2/200 [TRAIN]:  43%|████▎     | 1725/4032 [02:54<03:25, 11.21it/s, Loss=0.012313, Pos=0.012191, Vel=0.00006108]Epoch 2/200 [TRAIN]:  43%|████▎     | 1725/4032 [02:54<03:25, 11.21it/s, Loss=0.012310, Pos=0.012188, Vel=0.00006108]Epoch 2/200 [TRAIN]:  43%|████▎     | 1725/4032 [02:54<03:25, 11.21it/s, Loss=0.012309, Pos=0.012186, Vel=0.00006109]Epoch 2/200 [TRAIN]:  43%|████▎     | 1727/4032 [02:54<03:46, 10.16it/s, Loss=0.012309, Pos=0.012186, Vel=0.00006109]Epoch 2/200 [TRAIN]:  43%|████▎     | 1727/4032 [02:54<03:46, 10.16it/s, Loss=0.012304, Pos=0.012182, Vel=0.00006118]Epoch 2/200 [TRAIN]:  43%|████▎     | 1727/4032 [02:54<03:46, 10.16it/s, Loss=0.012307, Pos=0.012184, Vel=0.00006119]Epoch 2/200 [TRAIN]:  43%|████▎     | 1729/4032 [02:54<03:24, 11.27it/s, Loss=0.012307, Pos=0.012184, Vel=0.00006119]Epoch 2/200 [TRAIN]:  43%|████▎     | 1729/4032 [02:54<03:24, 11.27it/s, Loss=0.012306, Pos=0.012183, Vel=0.00006121]Epoch 2/200 [TRAIN]:  43%|████▎     | 1729/4032 [02:54<03:24, 11.27it/s, Loss=0.012303, Pos=0.012181, Vel=0.00006120]Epoch 2/200 [TRAIN]:  43%|████▎     | 1731/4032 [02:54<03:31, 10.87it/s, Loss=0.012303, Pos=0.012181, Vel=0.00006120]Epoch 2/200 [TRAIN]:  43%|████▎     | 1731/4032 [02:54<03:31, 10.87it/s, Loss=0.012306, Pos=0.012184, Vel=0.00006120]Epoch 2/200 [TRAIN]:  43%|████▎     | 1731/4032 [02:54<03:31, 10.87it/s, Loss=0.012301, Pos=0.012178, Vel=0.00006119]Epoch 2/200 [TRAIN]:  43%|████▎     | 1733/4032 [02:54<03:42, 10.31it/s, Loss=0.012301, Pos=0.012178, Vel=0.00006119]Epoch 2/200 [TRAIN]:  43%|████▎     | 1733/4032 [02:54<03:42, 10.31it/s, Loss=0.012294, Pos=0.012172, Vel=0.00006116]Epoch 2/200 [TRAIN]:  43%|████▎     | 1733/4032 [02:55<03:42, 10.31it/s, Loss=0.012289, Pos=0.012167, Vel=0.00006116]Epoch 2/200 [TRAIN]:  43%|████▎     | 1735/4032 [02:55<03:52,  9.89it/s, Loss=0.012289, Pos=0.012167, Vel=0.00006116]Epoch 2/200 [TRAIN]:  43%|████▎     | 1735/4032 [02:55<03:52,  9.89it/s, Loss=0.012288, Pos=0.012165, Vel=0.00006116]Epoch 2/200 [TRAIN]:  43%|████▎     | 1735/4032 [02:55<03:52,  9.89it/s, Loss=0.012283, Pos=0.012161, Vel=0.00006118]Epoch 2/200 [TRAIN]:  43%|████▎     | 1737/4032 [02:55<03:58,  9.61it/s, Loss=0.012283, Pos=0.012161, Vel=0.00006118]Epoch 2/200 [TRAIN]:  43%|████▎     | 1737/4032 [02:55<03:58,  9.61it/s, Loss=0.012297, Pos=0.012174, Vel=0.00006117]Epoch 2/200 [TRAIN]:  43%|████▎     | 1738/4032 [02:55<04:07,  9.26it/s, Loss=0.012297, Pos=0.012174, Vel=0.00006117]Epoch 2/200 [TRAIN]:  43%|████▎     | 1738/4032 [02:55<04:07,  9.26it/s, Loss=0.012303, Pos=0.012181, Vel=0.00006115]Epoch 2/200 [TRAIN]:  43%|████▎     | 1738/4032 [02:55<04:07,  9.26it/s, Loss=0.012319, Pos=0.012196, Vel=0.00006113]Epoch 2/200 [TRAIN]:  43%|████▎     | 1740/4032 [02:55<04:06,  9.28it/s, Loss=0.012319, Pos=0.012196, Vel=0.00006113]Epoch 2/200 [TRAIN]:  43%|████▎     | 1740/4032 [02:55<04:06,  9.28it/s, Loss=0.012319, Pos=0.012196, Vel=0.00006113]Epoch 2/200 [TRAIN]:  43%|████▎     | 1741/4032 [02:55<04:09,  9.19it/s, Loss=0.012319, Pos=0.012196, Vel=0.00006113]Epoch 2/200 [TRAIN]:  43%|████▎     | 1741/4032 [02:55<04:09,  9.19it/s, Loss=0.012314, Pos=0.012191, Vel=0.00006110]Epoch 2/200 [TRAIN]:  43%|████▎     | 1741/4032 [02:55<04:09,  9.19it/s, Loss=0.012311, Pos=0.012189, Vel=0.00006109]Epoch 2/200 [TRAIN]:  43%|████▎     | 1743/4032 [02:55<03:38, 10.46it/s, Loss=0.012311, Pos=0.012189, Vel=0.00006109]Epoch 2/200 [TRAIN]:  43%|████▎     | 1743/4032 [02:55<03:38, 10.46it/s, Loss=0.012305, Pos=0.012183, Vel=0.00006106]Epoch 2/200 [TRAIN]:  43%|████▎     | 1743/4032 [02:55<03:38, 10.46it/s, Loss=0.012300, Pos=0.012178, Vel=0.00006106]Epoch 2/200 [TRAIN]:  43%|████▎     | 1745/4032 [02:55<03:25, 11.14it/s, Loss=0.012300, Pos=0.012178, Vel=0.00006106]Epoch 2/200 [TRAIN]:  43%|████▎     | 1745/4032 [02:56<03:25, 11.14it/s, Loss=0.012302, Pos=0.012180, Vel=0.00006104]Epoch 2/200 [TRAIN]:  43%|████▎     | 1745/4032 [02:56<03:25, 11.14it/s, Loss=0.012302, Pos=0.012180, Vel=0.00006102]Epoch 2/200 [TRAIN]:  43%|████▎     | 1747/4032 [02:56<03:09, 12.03it/s, Loss=0.012302, Pos=0.012180, Vel=0.00006102]Epoch 2/200 [TRAIN]:  43%|████▎     | 1747/4032 [02:56<03:09, 12.03it/s, Loss=0.012297, Pos=0.012175, Vel=0.00006100]Epoch 2/200 [TRAIN]:  43%|████▎     | 1747/4032 [02:56<03:09, 12.03it/s, Loss=0.012293, Pos=0.012171, Vel=0.00006099]Epoch 2/200 [TRAIN]:  43%|████▎     | 1749/4032 [02:56<03:34, 10.64it/s, Loss=0.012293, Pos=0.012171, Vel=0.00006099]Epoch 2/200 [TRAIN]:  43%|████▎     | 1749/4032 [02:56<03:34, 10.64it/s, Loss=0.012288, Pos=0.012166, Vel=0.00006097]Epoch 2/200 [TRAIN]:  43%|████▎     | 1749/4032 [02:56<03:34, 10.64it/s, Loss=0.012327, Pos=0.012205, Vel=0.00006101]Epoch 2/200 [TRAIN]:  43%|████▎     | 1751/4032 [02:56<03:41, 10.28it/s, Loss=0.012327, Pos=0.012205, Vel=0.00006101]Epoch 2/200 [TRAIN]:  43%|████▎     | 1751/4032 [02:56<03:41, 10.28it/s, Loss=0.012322, Pos=0.012200, Vel=0.00006099]Epoch 2/200 [TRAIN]:  43%|████▎     | 1751/4032 [02:56<03:41, 10.28it/s, Loss=0.012317, Pos=0.012195, Vel=0.00006097]Epoch 2/200 [TRAIN]:  43%|████▎     | 1753/4032 [02:56<03:50,  9.90it/s, Loss=0.012317, Pos=0.012195, Vel=0.00006097]Epoch 2/200 [TRAIN]:  43%|████▎     | 1753/4032 [02:56<03:50,  9.90it/s, Loss=0.012339, Pos=0.012217, Vel=0.00006101]Epoch 2/200 [TRAIN]:  43%|████▎     | 1753/4032 [02:56<03:50,  9.90it/s, Loss=0.012345, Pos=0.012223, Vel=0.00006102]Epoch 2/200 [TRAIN]:  44%|████▎     | 1755/4032 [02:56<03:36, 10.51it/s, Loss=0.012345, Pos=0.012223, Vel=0.00006102]Epoch 2/200 [TRAIN]:  44%|████▎     | 1755/4032 [02:57<03:36, 10.51it/s, Loss=0.012346, Pos=0.012224, Vel=0.00006103]Epoch 2/200 [TRAIN]:  44%|████▎     | 1755/4032 [02:57<03:36, 10.51it/s, Loss=0.012341, Pos=0.012219, Vel=0.00006103]Epoch 2/200 [TRAIN]:  44%|████▎     | 1757/4032 [02:57<03:46, 10.03it/s, Loss=0.012341, Pos=0.012219, Vel=0.00006103]Epoch 2/200 [TRAIN]:  44%|████▎     | 1757/4032 [02:57<03:46, 10.03it/s, Loss=0.012341, Pos=0.012219, Vel=0.00006101]Epoch 2/200 [TRAIN]:  44%|████▎     | 1757/4032 [02:57<03:46, 10.03it/s, Loss=0.012336, Pos=0.012214, Vel=0.00006100]Epoch 2/200 [TRAIN]:  44%|████▎     | 1759/4032 [02:57<03:52,  9.79it/s, Loss=0.012336, Pos=0.012214, Vel=0.00006100]Epoch 2/200 [TRAIN]:  44%|████▎     | 1759/4032 [02:57<03:52,  9.79it/s, Loss=0.012338, Pos=0.012216, Vel=0.00006098]Epoch 2/200 [TRAIN]:  44%|████▎     | 1760/4032 [02:57<03:52,  9.79it/s, Loss=0.012338, Pos=0.012216, Vel=0.00006098]Epoch 2/200 [TRAIN]:  44%|████▎     | 1760/4032 [02:57<03:52,  9.79it/s, Loss=0.012335, Pos=0.012213, Vel=0.00006098]Epoch 2/200 [TRAIN]:  44%|████▎     | 1761/4032 [02:57<03:55,  9.63it/s, Loss=0.012335, Pos=0.012213, Vel=0.00006098]Epoch 2/200 [TRAIN]:  44%|████▎     | 1761/4032 [02:57<03:55,  9.63it/s, Loss=0.012337, Pos=0.012215, Vel=0.00006096]Epoch 2/200 [TRAIN]:  44%|████▎     | 1762/4032 [02:57<03:54,  9.68it/s, Loss=0.012337, Pos=0.012215, Vel=0.00006096]Epoch 2/200 [TRAIN]:  44%|████▎     | 1762/4032 [02:57<03:54,  9.68it/s, Loss=0.012333, Pos=0.012211, Vel=0.00006097]Epoch 2/200 [TRAIN]:  44%|████▎     | 1762/4032 [02:57<03:54,  9.68it/s, Loss=0.012332, Pos=0.012210, Vel=0.00006095]Epoch 2/200 [TRAIN]:  44%|████▎     | 1762/4032 [02:57<03:54,  9.68it/s, Loss=0.012328, Pos=0.012206, Vel=0.00006093]Epoch 2/200 [TRAIN]:  44%|████▍     | 1765/4032 [02:57<02:43, 13.88it/s, Loss=0.012328, Pos=0.012206, Vel=0.00006093]Epoch 2/200 [TRAIN]:  44%|████▍     | 1765/4032 [02:57<02:43, 13.88it/s, Loss=0.012326, Pos=0.012204, Vel=0.00006091]Epoch 2/200 [TRAIN]:  44%|████▍     | 1765/4032 [02:58<02:43, 13.88it/s, Loss=0.012327, Pos=0.012206, Vel=0.00006091]Epoch 2/200 [TRAIN]:  44%|████▍     | 1767/4032 [02:58<03:08, 12.02it/s, Loss=0.012327, Pos=0.012206, Vel=0.00006091]Epoch 2/200 [TRAIN]:  44%|████▍     | 1767/4032 [02:58<03:08, 12.02it/s, Loss=0.012321, Pos=0.012199, Vel=0.00006089]Epoch 2/200 [TRAIN]:  44%|████▍     | 1767/4032 [02:58<03:08, 12.02it/s, Loss=0.012317, Pos=0.012195, Vel=0.00006088]Epoch 2/200 [TRAIN]:  44%|████▍     | 1769/4032 [02:58<03:23, 11.14it/s, Loss=0.012317, Pos=0.012195, Vel=0.00006088]Epoch 2/200 [TRAIN]:  44%|████▍     | 1769/4032 [02:58<03:23, 11.14it/s, Loss=0.012320, Pos=0.012198, Vel=0.00006089]Epoch 2/200 [TRAIN]:  44%|████▍     | 1769/4032 [02:58<03:23, 11.14it/s, Loss=0.012319, Pos=0.012197, Vel=0.00006089]Epoch 2/200 [TRAIN]:  44%|████▍     | 1771/4032 [02:58<03:39, 10.29it/s, Loss=0.012319, Pos=0.012197, Vel=0.00006089]Epoch 2/200 [TRAIN]:  44%|████▍     | 1771/4032 [02:58<03:39, 10.29it/s, Loss=0.012317, Pos=0.012195, Vel=0.00006087]Epoch 2/200 [TRAIN]:  44%|████▍     | 1771/4032 [02:58<03:39, 10.29it/s, Loss=0.012317, Pos=0.012195, Vel=0.00006084]Epoch 2/200 [TRAIN]:  44%|████▍     | 1773/4032 [02:58<03:40, 10.24it/s, Loss=0.012317, Pos=0.012195, Vel=0.00006084]Epoch 2/200 [TRAIN]:  44%|████▍     | 1773/4032 [02:58<03:40, 10.24it/s, Loss=0.012314, Pos=0.012193, Vel=0.00006082]Epoch 2/200 [TRAIN]:  44%|████▍     | 1773/4032 [02:58<03:40, 10.24it/s, Loss=0.012311, Pos=0.012190, Vel=0.00006081]Epoch 2/200 [TRAIN]:  44%|████▍     | 1775/4032 [02:58<03:36, 10.41it/s, Loss=0.012311, Pos=0.012190, Vel=0.00006081]Epoch 2/200 [TRAIN]:  44%|████▍     | 1775/4032 [02:58<03:36, 10.41it/s, Loss=0.012323, Pos=0.012202, Vel=0.00006083]Epoch 2/200 [TRAIN]:  44%|████▍     | 1775/4032 [02:59<03:36, 10.41it/s, Loss=0.012321, Pos=0.012199, Vel=0.00006086]Epoch 2/200 [TRAIN]:  44%|████▍     | 1777/4032 [02:59<03:26, 10.94it/s, Loss=0.012321, Pos=0.012199, Vel=0.00006086]Epoch 2/200 [TRAIN]:  44%|████▍     | 1777/4032 [02:59<03:26, 10.94it/s, Loss=0.012318, Pos=0.012196, Vel=0.00006094]Epoch 2/200 [TRAIN]:  44%|████▍     | 1777/4032 [02:59<03:26, 10.94it/s, Loss=0.012316, Pos=0.012194, Vel=0.00006096]Epoch 2/200 [TRAIN]:  44%|████▍     | 1779/4032 [02:59<03:33, 10.54it/s, Loss=0.012316, Pos=0.012194, Vel=0.00006096]Epoch 2/200 [TRAIN]:  44%|████▍     | 1779/4032 [02:59<03:33, 10.54it/s, Loss=0.012327, Pos=0.012205, Vel=0.00006095]Epoch 2/200 [TRAIN]:  44%|████▍     | 1779/4032 [02:59<03:33, 10.54it/s, Loss=0.012323, Pos=0.012201, Vel=0.00006097]Epoch 2/200 [TRAIN]:  44%|████▍     | 1781/4032 [02:59<03:41, 10.15it/s, Loss=0.012323, Pos=0.012201, Vel=0.00006097]Epoch 2/200 [TRAIN]:  44%|████▍     | 1781/4032 [02:59<03:41, 10.15it/s, Loss=0.012323, Pos=0.012201, Vel=0.00006096]Epoch 2/200 [TRAIN]:  44%|████▍     | 1781/4032 [02:59<03:41, 10.15it/s, Loss=0.012320, Pos=0.012198, Vel=0.00006098]Epoch 2/200 [TRAIN]:  44%|████▍     | 1783/4032 [02:59<03:49,  9.81it/s, Loss=0.012320, Pos=0.012198, Vel=0.00006098]Epoch 2/200 [TRAIN]:  44%|████▍     | 1783/4032 [02:59<03:49,  9.81it/s, Loss=0.012314, Pos=0.012192, Vel=0.00006096]Epoch 2/200 [TRAIN]:  44%|████▍     | 1784/4032 [02:59<03:49,  9.78it/s, Loss=0.012314, Pos=0.012192, Vel=0.00006096]Epoch 2/200 [TRAIN]:  44%|████▍     | 1784/4032 [02:59<03:49,  9.78it/s, Loss=0.012315, Pos=0.012193, Vel=0.00006094]Epoch 2/200 [TRAIN]:  44%|████▍     | 1785/4032 [02:59<03:53,  9.63it/s, Loss=0.012315, Pos=0.012193, Vel=0.00006094]Epoch 2/200 [TRAIN]:  44%|████▍     | 1785/4032 [02:59<03:53,  9.63it/s, Loss=0.012311, Pos=0.012189, Vel=0.00006093]Epoch 2/200 [TRAIN]:  44%|████▍     | 1786/4032 [02:59<03:58,  9.43it/s, Loss=0.012311, Pos=0.012189, Vel=0.00006093]Epoch 2/200 [TRAIN]:  44%|████▍     | 1786/4032 [03:00<03:58,  9.43it/s, Loss=0.012315, Pos=0.012193, Vel=0.00006093]Epoch 2/200 [TRAIN]:  44%|████▍     | 1787/4032 [03:00<03:57,  9.45it/s, Loss=0.012315, Pos=0.012193, Vel=0.00006093]Epoch 2/200 [TRAIN]:  44%|████▍     | 1787/4032 [03:00<03:57,  9.45it/s, Loss=0.012310, Pos=0.012189, Vel=0.00006092]Epoch 2/200 [TRAIN]:  44%|████▍     | 1788/4032 [03:00<04:04,  9.18it/s, Loss=0.012310, Pos=0.012189, Vel=0.00006092]Epoch 2/200 [TRAIN]:  44%|████▍     | 1788/4032 [03:00<04:04,  9.18it/s, Loss=0.012308, Pos=0.012186, Vel=0.00006092]Epoch 2/200 [TRAIN]:  44%|████▍     | 1789/4032 [03:00<03:59,  9.36it/s, Loss=0.012308, Pos=0.012186, Vel=0.00006092]Epoch 2/200 [TRAIN]:  44%|████▍     | 1789/4032 [03:00<03:59,  9.36it/s, Loss=0.012304, Pos=0.012182, Vel=0.00006089]Epoch 2/200 [TRAIN]:  44%|████▍     | 1790/4032 [03:00<03:57,  9.45it/s, Loss=0.012304, Pos=0.012182, Vel=0.00006089]Epoch 2/200 [TRAIN]:  44%|████▍     | 1790/4032 [03:00<03:57,  9.45it/s, Loss=0.012306, Pos=0.012184, Vel=0.00006090]Epoch 2/200 [TRAIN]:  44%|████▍     | 1791/4032 [03:00<04:00,  9.31it/s, Loss=0.012306, Pos=0.012184, Vel=0.00006090]Epoch 2/200 [TRAIN]:  44%|████▍     | 1791/4032 [03:00<04:00,  9.31it/s, Loss=0.012302, Pos=0.012180, Vel=0.00006089]Epoch 2/200 [TRAIN]:  44%|████▍     | 1792/4032 [03:00<03:57,  9.41it/s, Loss=0.012302, Pos=0.012180, Vel=0.00006089]Epoch 2/200 [TRAIN]:  44%|████▍     | 1792/4032 [03:00<03:57,  9.41it/s, Loss=0.012297, Pos=0.012176, Vel=0.00006088]Epoch 2/200 [TRAIN]:  44%|████▍     | 1793/4032 [03:00<03:57,  9.41it/s, Loss=0.012297, Pos=0.012176, Vel=0.00006088]Epoch 2/200 [TRAIN]:  44%|████▍     | 1793/4032 [03:00<03:57,  9.41it/s, Loss=0.012293, Pos=0.012172, Vel=0.00006087]Epoch 2/200 [TRAIN]:  44%|████▍     | 1793/4032 [03:00<03:57,  9.41it/s, Loss=0.012289, Pos=0.012167, Vel=0.00006086]Epoch 2/200 [TRAIN]:  45%|████▍     | 1795/4032 [03:00<03:56,  9.48it/s, Loss=0.012289, Pos=0.012167, Vel=0.00006086]Epoch 2/200 [TRAIN]:  45%|████▍     | 1795/4032 [03:01<03:56,  9.48it/s, Loss=0.012288, Pos=0.012166, Vel=0.00006084]Epoch 2/200 [TRAIN]:  45%|████▍     | 1796/4032 [03:01<03:59,  9.34it/s, Loss=0.012288, Pos=0.012166, Vel=0.00006084]Epoch 2/200 [TRAIN]:  45%|████▍     | 1796/4032 [03:01<03:59,  9.34it/s, Loss=0.012282, Pos=0.012160, Vel=0.00006083]Epoch 2/200 [TRAIN]:  45%|████▍     | 1797/4032 [03:01<04:01,  9.24it/s, Loss=0.012282, Pos=0.012160, Vel=0.00006083]Epoch 2/200 [TRAIN]:  45%|████▍     | 1797/4032 [03:01<04:01,  9.24it/s, Loss=0.012277, Pos=0.012155, Vel=0.00006082]Epoch 2/200 [TRAIN]:  45%|████▍     | 1798/4032 [03:01<04:04,  9.15it/s, Loss=0.012277, Pos=0.012155, Vel=0.00006082]Epoch 2/200 [TRAIN]:  45%|████▍     | 1798/4032 [03:01<04:04,  9.15it/s, Loss=0.012273, Pos=0.012151, Vel=0.00006080]Epoch 2/200 [TRAIN]:  45%|████▍     | 1799/4032 [03:01<04:08,  9.00it/s, Loss=0.012273, Pos=0.012151, Vel=0.00006080]Epoch 2/200 [TRAIN]:  45%|████▍     | 1799/4032 [03:01<04:08,  9.00it/s, Loss=0.012267, Pos=0.012146, Vel=0.00006079]Epoch 2/200 [TRAIN]:  45%|████▍     | 1800/4032 [03:01<04:04,  9.13it/s, Loss=0.012267, Pos=0.012146, Vel=0.00006079]Epoch 2/200 [TRAIN]:  45%|████▍     | 1800/4032 [03:01<04:04,  9.13it/s, Loss=0.012263, Pos=0.012141, Vel=0.00006077]Epoch 2/200 [TRAIN]:  45%|████▍     | 1801/4032 [03:01<04:02,  9.18it/s, Loss=0.012263, Pos=0.012141, Vel=0.00006077]Epoch 2/200 [TRAIN]:  45%|████▍     | 1801/4032 [03:01<04:02,  9.18it/s, Loss=0.012257, Pos=0.012136, Vel=0.00006075]Epoch 2/200 [TRAIN]:  45%|████▍     | 1802/4032 [03:01<04:03,  9.17it/s, Loss=0.012257, Pos=0.012136, Vel=0.00006075]Epoch 2/200 [TRAIN]:  45%|████▍     | 1802/4032 [03:01<04:03,  9.17it/s, Loss=0.012255, Pos=0.012134, Vel=0.00006075]Epoch 2/200 [TRAIN]:  45%|████▍     | 1803/4032 [03:01<04:03,  9.14it/s, Loss=0.012255, Pos=0.012134, Vel=0.00006075]Epoch 2/200 [TRAIN]:  45%|████▍     | 1803/4032 [03:01<04:03,  9.14it/s, Loss=0.012285, Pos=0.012164, Vel=0.00006076]Epoch 2/200 [TRAIN]:  45%|████▍     | 1804/4032 [03:01<04:02,  9.19it/s, Loss=0.012285, Pos=0.012164, Vel=0.00006076]Epoch 2/200 [TRAIN]:  45%|████▍     | 1804/4032 [03:02<04:02,  9.19it/s, Loss=0.012288, Pos=0.012166, Vel=0.00006079]Epoch 2/200 [TRAIN]:  45%|████▍     | 1805/4032 [03:02<04:01,  9.24it/s, Loss=0.012288, Pos=0.012166, Vel=0.00006079]Epoch 2/200 [TRAIN]:  45%|████▍     | 1805/4032 [03:02<04:01,  9.24it/s, Loss=0.012331, Pos=0.012209, Vel=0.00006081]Epoch 2/200 [TRAIN]:  45%|████▍     | 1806/4032 [03:02<04:02,  9.19it/s, Loss=0.012331, Pos=0.012209, Vel=0.00006081]Epoch 2/200 [TRAIN]:  45%|████▍     | 1806/4032 [03:02<04:02,  9.19it/s, Loss=0.012330, Pos=0.012208, Vel=0.00006081]Epoch 2/200 [TRAIN]:  45%|████▍     | 1807/4032 [03:02<03:59,  9.29it/s, Loss=0.012330, Pos=0.012208, Vel=0.00006081]Epoch 2/200 [TRAIN]:  45%|████▍     | 1807/4032 [03:02<03:59,  9.29it/s, Loss=0.012325, Pos=0.012203, Vel=0.00006079]Epoch 2/200 [TRAIN]:  45%|████▍     | 1808/4032 [03:02<04:01,  9.20it/s, Loss=0.012325, Pos=0.012203, Vel=0.00006079]Epoch 2/200 [TRAIN]:  45%|████▍     | 1808/4032 [03:02<04:01,  9.20it/s, Loss=0.012319, Pos=0.012197, Vel=0.00006077]Epoch 2/200 [TRAIN]:  45%|████▍     | 1809/4032 [03:02<03:56,  9.40it/s, Loss=0.012319, Pos=0.012197, Vel=0.00006077]Epoch 2/200 [TRAIN]:  45%|████▍     | 1809/4032 [03:02<03:56,  9.40it/s, Loss=0.012316, Pos=0.012194, Vel=0.00006081]Epoch 2/200 [TRAIN]:  45%|████▍     | 1810/4032 [03:02<03:56,  9.38it/s, Loss=0.012316, Pos=0.012194, Vel=0.00006081]Epoch 2/200 [TRAIN]:  45%|████▍     | 1810/4032 [03:02<03:56,  9.38it/s, Loss=0.012311, Pos=0.012189, Vel=0.00006080]Epoch 2/200 [TRAIN]:  45%|████▍     | 1811/4032 [03:02<04:06,  9.02it/s, Loss=0.012311, Pos=0.012189, Vel=0.00006080]Epoch 2/200 [TRAIN]:  45%|████▍     | 1811/4032 [03:02<04:06,  9.02it/s, Loss=0.012312, Pos=0.012190, Vel=0.00006082]Epoch 2/200 [TRAIN]:  45%|████▍     | 1812/4032 [03:02<03:59,  9.28it/s, Loss=0.012312, Pos=0.012190, Vel=0.00006082]Epoch 2/200 [TRAIN]:  45%|████▍     | 1812/4032 [03:02<03:59,  9.28it/s, Loss=0.012316, Pos=0.012194, Vel=0.00006083]Epoch 2/200 [TRAIN]:  45%|████▍     | 1813/4032 [03:02<04:01,  9.19it/s, Loss=0.012316, Pos=0.012194, Vel=0.00006083]Epoch 2/200 [TRAIN]:  45%|████▍     | 1813/4032 [03:03<04:01,  9.19it/s, Loss=0.012312, Pos=0.012190, Vel=0.00006082]Epoch 2/200 [TRAIN]:  45%|████▍     | 1814/4032 [03:03<03:58,  9.28it/s, Loss=0.012312, Pos=0.012190, Vel=0.00006082]Epoch 2/200 [TRAIN]:  45%|████▍     | 1814/4032 [03:03<03:58,  9.28it/s, Loss=0.012313, Pos=0.012191, Vel=0.00006080]Epoch 2/200 [TRAIN]:  45%|████▌     | 1815/4032 [03:03<03:55,  9.43it/s, Loss=0.012313, Pos=0.012191, Vel=0.00006080]Epoch 2/200 [TRAIN]:  45%|████▌     | 1815/4032 [03:03<03:55,  9.43it/s, Loss=0.012316, Pos=0.012194, Vel=0.00006078]Epoch 2/200 [TRAIN]:  45%|████▌     | 1816/4032 [03:03<04:00,  9.23it/s, Loss=0.012316, Pos=0.012194, Vel=0.00006078]Epoch 2/200 [TRAIN]:  45%|████▌     | 1816/4032 [03:03<04:00,  9.23it/s, Loss=0.012311, Pos=0.012190, Vel=0.00006076]Epoch 2/200 [TRAIN]:  45%|████▌     | 1817/4032 [03:03<04:03,  9.08it/s, Loss=0.012311, Pos=0.012190, Vel=0.00006076]Epoch 2/200 [TRAIN]:  45%|████▌     | 1817/4032 [03:03<04:03,  9.08it/s, Loss=0.012308, Pos=0.012186, Vel=0.00006075]Epoch 2/200 [TRAIN]:  45%|████▌     | 1818/4032 [03:03<04:03,  9.11it/s, Loss=0.012308, Pos=0.012186, Vel=0.00006075]Epoch 2/200 [TRAIN]:  45%|████▌     | 1818/4032 [03:03<04:03,  9.11it/s, Loss=0.012310, Pos=0.012188, Vel=0.00006077]Epoch 2/200 [TRAIN]:  45%|████▌     | 1819/4032 [03:03<04:04,  9.07it/s, Loss=0.012310, Pos=0.012188, Vel=0.00006077]Epoch 2/200 [TRAIN]:  45%|████▌     | 1819/4032 [03:03<04:04,  9.07it/s, Loss=0.012306, Pos=0.012185, Vel=0.00006076]Epoch 2/200 [TRAIN]:  45%|████▌     | 1820/4032 [03:03<04:06,  8.98it/s, Loss=0.012306, Pos=0.012185, Vel=0.00006076]Epoch 2/200 [TRAIN]:  45%|████▌     | 1820/4032 [03:03<04:06,  8.98it/s, Loss=0.012302, Pos=0.012181, Vel=0.00006074]Epoch 2/200 [TRAIN]:  45%|████▌     | 1821/4032 [03:03<04:08,  8.89it/s, Loss=0.012302, Pos=0.012181, Vel=0.00006074]Epoch 2/200 [TRAIN]:  45%|████▌     | 1821/4032 [03:03<04:08,  8.89it/s, Loss=0.012304, Pos=0.012182, Vel=0.00006073]Epoch 2/200 [TRAIN]:  45%|████▌     | 1822/4032 [03:03<04:10,  8.84it/s, Loss=0.012304, Pos=0.012182, Vel=0.00006073]Epoch 2/200 [TRAIN]:  45%|████▌     | 1822/4032 [03:04<04:10,  8.84it/s, Loss=0.012310, Pos=0.012188, Vel=0.00006073]Epoch 2/200 [TRAIN]:  45%|████▌     | 1822/4032 [03:04<04:10,  8.84it/s, Loss=0.012305, Pos=0.012184, Vel=0.00006073]Epoch 2/200 [TRAIN]:  45%|████▌     | 1824/4032 [03:04<04:02,  9.12it/s, Loss=0.012305, Pos=0.012184, Vel=0.00006073]Epoch 2/200 [TRAIN]:  45%|████▌     | 1824/4032 [03:04<04:02,  9.12it/s, Loss=0.012316, Pos=0.012194, Vel=0.00006071]Epoch 2/200 [TRAIN]:  45%|████▌     | 1825/4032 [03:04<04:04,  9.02it/s, Loss=0.012316, Pos=0.012194, Vel=0.00006071]Epoch 2/200 [TRAIN]:  45%|████▌     | 1825/4032 [03:04<04:04,  9.02it/s, Loss=0.012311, Pos=0.012189, Vel=0.00006070]Epoch 2/200 [TRAIN]:  45%|████▌     | 1825/4032 [03:04<04:04,  9.02it/s, Loss=0.012309, Pos=0.012188, Vel=0.00006071]Epoch 2/200 [TRAIN]:  45%|████▌     | 1827/4032 [03:04<03:44,  9.81it/s, Loss=0.012309, Pos=0.012188, Vel=0.00006071]Epoch 2/200 [TRAIN]:  45%|████▌     | 1827/4032 [03:04<03:44,  9.81it/s, Loss=0.012307, Pos=0.012185, Vel=0.00006071]Epoch 2/200 [TRAIN]:  45%|████▌     | 1827/4032 [03:04<03:44,  9.81it/s, Loss=0.012304, Pos=0.012183, Vel=0.00006077]Epoch 2/200 [TRAIN]:  45%|████▌     | 1829/4032 [03:04<03:41,  9.94it/s, Loss=0.012304, Pos=0.012183, Vel=0.00006077]Epoch 2/200 [TRAIN]:  45%|████▌     | 1829/4032 [03:04<03:41,  9.94it/s, Loss=0.012301, Pos=0.012179, Vel=0.00006077]Epoch 2/200 [TRAIN]:  45%|████▌     | 1830/4032 [03:04<03:50,  9.56it/s, Loss=0.012301, Pos=0.012179, Vel=0.00006077]Epoch 2/200 [TRAIN]:  45%|████▌     | 1830/4032 [03:04<03:50,  9.56it/s, Loss=0.012304, Pos=0.012182, Vel=0.00006077]Epoch 2/200 [TRAIN]:  45%|████▌     | 1830/4032 [03:04<03:50,  9.56it/s, Loss=0.012300, Pos=0.012178, Vel=0.00006077]Epoch 2/200 [TRAIN]:  45%|████▌     | 1832/4032 [03:04<03:47,  9.67it/s, Loss=0.012300, Pos=0.012178, Vel=0.00006077]Epoch 2/200 [TRAIN]:  45%|████▌     | 1832/4032 [03:05<03:47,  9.67it/s, Loss=0.012304, Pos=0.012183, Vel=0.00006077]Epoch 2/200 [TRAIN]:  45%|████▌     | 1832/4032 [03:05<03:47,  9.67it/s, Loss=0.012302, Pos=0.012180, Vel=0.00006075]Epoch 2/200 [TRAIN]:  45%|████▌     | 1834/4032 [03:05<03:45,  9.76it/s, Loss=0.012302, Pos=0.012180, Vel=0.00006075]Epoch 2/200 [TRAIN]:  45%|████▌     | 1834/4032 [03:05<03:45,  9.76it/s, Loss=0.012298, Pos=0.012176, Vel=0.00006073]Epoch 2/200 [TRAIN]:  45%|████▌     | 1834/4032 [03:05<03:45,  9.76it/s, Loss=0.012300, Pos=0.012178, Vel=0.00006073]Epoch 2/200 [TRAIN]:  46%|████▌     | 1836/4032 [03:05<03:13, 11.35it/s, Loss=0.012300, Pos=0.012178, Vel=0.00006073]Epoch 2/200 [TRAIN]:  46%|████▌     | 1836/4032 [03:05<03:13, 11.35it/s, Loss=0.012304, Pos=0.012182, Vel=0.00006081]Epoch 2/200 [TRAIN]:  46%|████▌     | 1836/4032 [03:05<03:13, 11.35it/s, Loss=0.012311, Pos=0.012189, Vel=0.00006087]Epoch 2/200 [TRAIN]:  46%|████▌     | 1838/4032 [03:05<03:28, 10.54it/s, Loss=0.012311, Pos=0.012189, Vel=0.00006087]Epoch 2/200 [TRAIN]:  46%|████▌     | 1838/4032 [03:05<03:28, 10.54it/s, Loss=0.012313, Pos=0.012191, Vel=0.00006087]Epoch 2/200 [TRAIN]:  46%|████▌     | 1838/4032 [03:05<03:28, 10.54it/s, Loss=0.012315, Pos=0.012193, Vel=0.00006085]Epoch 2/200 [TRAIN]:  46%|████▌     | 1840/4032 [03:05<03:28, 10.53it/s, Loss=0.012315, Pos=0.012193, Vel=0.00006085]Epoch 2/200 [TRAIN]:  46%|████▌     | 1840/4032 [03:05<03:28, 10.53it/s, Loss=0.012310, Pos=0.012189, Vel=0.00006083]Epoch 2/200 [TRAIN]:  46%|████▌     | 1840/4032 [03:05<03:28, 10.53it/s, Loss=0.012304, Pos=0.012182, Vel=0.00006080]Epoch 2/200 [TRAIN]:  46%|████▌     | 1840/4032 [03:05<03:28, 10.53it/s, Loss=0.012302, Pos=0.012181, Vel=0.00006078]Epoch 2/200 [TRAIN]:  46%|████▌     | 1843/4032 [03:05<03:06, 11.76it/s, Loss=0.012302, Pos=0.012181, Vel=0.00006078]Epoch 2/200 [TRAIN]:  46%|████▌     | 1843/4032 [03:05<03:06, 11.76it/s, Loss=0.012306, Pos=0.012185, Vel=0.00006079]Epoch 2/200 [TRAIN]:  46%|████▌     | 1843/4032 [03:06<03:06, 11.76it/s, Loss=0.012303, Pos=0.012182, Vel=0.00006078]Epoch 2/200 [TRAIN]:  46%|████▌     | 1845/4032 [03:06<03:08, 11.60it/s, Loss=0.012303, Pos=0.012182, Vel=0.00006078]Epoch 2/200 [TRAIN]:  46%|████▌     | 1845/4032 [03:06<03:08, 11.60it/s, Loss=0.012298, Pos=0.012177, Vel=0.00006077]Epoch 2/200 [TRAIN]:  46%|████▌     | 1845/4032 [03:06<03:08, 11.60it/s, Loss=0.012294, Pos=0.012172, Vel=0.00006075]Epoch 2/200 [TRAIN]:  46%|████▌     | 1847/4032 [03:06<03:23, 10.74it/s, Loss=0.012294, Pos=0.012172, Vel=0.00006075]Epoch 2/200 [TRAIN]:  46%|████▌     | 1847/4032 [03:06<03:23, 10.74it/s, Loss=0.012290, Pos=0.012169, Vel=0.00006072]Epoch 2/200 [TRAIN]:  46%|████▌     | 1847/4032 [03:06<03:23, 10.74it/s, Loss=0.012289, Pos=0.012168, Vel=0.00006071]Epoch 2/200 [TRAIN]:  46%|████▌     | 1849/4032 [03:06<03:35, 10.12it/s, Loss=0.012289, Pos=0.012168, Vel=0.00006071]Epoch 2/200 [TRAIN]:  46%|████▌     | 1849/4032 [03:06<03:35, 10.12it/s, Loss=0.012285, Pos=0.012164, Vel=0.00006069]Epoch 2/200 [TRAIN]:  46%|████▌     | 1849/4032 [03:06<03:35, 10.12it/s, Loss=0.012292, Pos=0.012171, Vel=0.00006075]Epoch 2/200 [TRAIN]:  46%|████▌     | 1851/4032 [03:06<03:40,  9.90it/s, Loss=0.012292, Pos=0.012171, Vel=0.00006075]Epoch 2/200 [TRAIN]:  46%|████▌     | 1851/4032 [03:06<03:40,  9.90it/s, Loss=0.012286, Pos=0.012165, Vel=0.00006072]Epoch 2/200 [TRAIN]:  46%|████▌     | 1851/4032 [03:06<03:40,  9.90it/s, Loss=0.012283, Pos=0.012161, Vel=0.00006071]Epoch 2/200 [TRAIN]:  46%|████▌     | 1853/4032 [03:06<03:45,  9.65it/s, Loss=0.012283, Pos=0.012161, Vel=0.00006071]Epoch 2/200 [TRAIN]:  46%|████▌     | 1853/4032 [03:07<03:45,  9.65it/s, Loss=0.012282, Pos=0.012161, Vel=0.00006069]Epoch 2/200 [TRAIN]:  46%|████▌     | 1854/4032 [03:07<03:49,  9.49it/s, Loss=0.012282, Pos=0.012161, Vel=0.00006069]Epoch 2/200 [TRAIN]:  46%|████▌     | 1854/4032 [03:07<03:49,  9.49it/s, Loss=0.012279, Pos=0.012157, Vel=0.00006069]Epoch 2/200 [TRAIN]:  46%|████▌     | 1855/4032 [03:07<03:52,  9.36it/s, Loss=0.012279, Pos=0.012157, Vel=0.00006069]Epoch 2/200 [TRAIN]:  46%|████▌     | 1855/4032 [03:07<03:52,  9.36it/s, Loss=0.012275, Pos=0.012153, Vel=0.00006067]Epoch 2/200 [TRAIN]:  46%|████▌     | 1856/4032 [03:07<03:53,  9.30it/s, Loss=0.012275, Pos=0.012153, Vel=0.00006067]Epoch 2/200 [TRAIN]:  46%|████▌     | 1856/4032 [03:07<03:53,  9.30it/s, Loss=0.012269, Pos=0.012147, Vel=0.00006064]Epoch 2/200 [TRAIN]:  46%|████▌     | 1857/4032 [03:07<03:55,  9.25it/s, Loss=0.012269, Pos=0.012147, Vel=0.00006064]Epoch 2/200 [TRAIN]:  46%|████▌     | 1857/4032 [03:07<03:55,  9.25it/s, Loss=0.012264, Pos=0.012143, Vel=0.00006063]Epoch 2/200 [TRAIN]:  46%|████▌     | 1857/4032 [03:07<03:55,  9.25it/s, Loss=0.012268, Pos=0.012147, Vel=0.00006068]Epoch 2/200 [TRAIN]:  46%|████▌     | 1859/4032 [03:07<03:26, 10.53it/s, Loss=0.012268, Pos=0.012147, Vel=0.00006068]Epoch 2/200 [TRAIN]:  46%|████▌     | 1859/4032 [03:07<03:26, 10.53it/s, Loss=0.012265, Pos=0.012144, Vel=0.00006068]Epoch 2/200 [TRAIN]:  46%|████▌     | 1859/4032 [03:07<03:26, 10.53it/s, Loss=0.012262, Pos=0.012140, Vel=0.00006068]Epoch 2/200 [TRAIN]:  46%|████▌     | 1861/4032 [03:07<03:34, 10.13it/s, Loss=0.012262, Pos=0.012140, Vel=0.00006068]Epoch 2/200 [TRAIN]:  46%|████▌     | 1861/4032 [03:07<03:34, 10.13it/s, Loss=0.012266, Pos=0.012145, Vel=0.00006074]Epoch 2/200 [TRAIN]:  46%|████▌     | 1861/4032 [03:07<03:34, 10.13it/s, Loss=0.012263, Pos=0.012142, Vel=0.00006075]Epoch 2/200 [TRAIN]:  46%|████▌     | 1863/4032 [03:07<03:24, 10.61it/s, Loss=0.012263, Pos=0.012142, Vel=0.00006075]Epoch 2/200 [TRAIN]:  46%|████▌     | 1863/4032 [03:08<03:24, 10.61it/s, Loss=0.012259, Pos=0.012138, Vel=0.00006073]Epoch 2/200 [TRAIN]:  46%|████▌     | 1863/4032 [03:08<03:24, 10.61it/s, Loss=0.012258, Pos=0.012137, Vel=0.00006072]Epoch 2/200 [TRAIN]:  46%|████▋     | 1865/4032 [03:08<03:36, 10.01it/s, Loss=0.012258, Pos=0.012137, Vel=0.00006072]Epoch 2/200 [TRAIN]:  46%|████▋     | 1865/4032 [03:08<03:36, 10.01it/s, Loss=0.012255, Pos=0.012134, Vel=0.00006070]Epoch 2/200 [TRAIN]:  46%|████▋     | 1865/4032 [03:08<03:36, 10.01it/s, Loss=0.012256, Pos=0.012134, Vel=0.00006073]Epoch 2/200 [TRAIN]:  46%|████▋     | 1867/4032 [03:08<03:37,  9.95it/s, Loss=0.012256, Pos=0.012134, Vel=0.00006073]Epoch 2/200 [TRAIN]:  46%|████▋     | 1867/4032 [03:08<03:37,  9.95it/s, Loss=0.012252, Pos=0.012131, Vel=0.00006073]Epoch 2/200 [TRAIN]:  46%|████▋     | 1867/4032 [03:08<03:37,  9.95it/s, Loss=0.012248, Pos=0.012127, Vel=0.00006070]Epoch 2/200 [TRAIN]:  46%|████▋     | 1869/4032 [03:08<03:46,  9.55it/s, Loss=0.012248, Pos=0.012127, Vel=0.00006070]Epoch 2/200 [TRAIN]:  46%|████▋     | 1869/4032 [03:08<03:46,  9.55it/s, Loss=0.012246, Pos=0.012124, Vel=0.00006072]Epoch 2/200 [TRAIN]:  46%|████▋     | 1869/4032 [03:08<03:46,  9.55it/s, Loss=0.012248, Pos=0.012126, Vel=0.00006073]Epoch 2/200 [TRAIN]:  46%|████▋     | 1871/4032 [03:08<03:28, 10.34it/s, Loss=0.012248, Pos=0.012126, Vel=0.00006073]Epoch 2/200 [TRAIN]:  46%|████▋     | 1871/4032 [03:08<03:28, 10.34it/s, Loss=0.012250, Pos=0.012128, Vel=0.00006071]Epoch 2/200 [TRAIN]:  46%|████▋     | 1871/4032 [03:08<03:28, 10.34it/s, Loss=0.012252, Pos=0.012130, Vel=0.00006069]Epoch 2/200 [TRAIN]:  46%|████▋     | 1873/4032 [03:08<03:33, 10.09it/s, Loss=0.012252, Pos=0.012130, Vel=0.00006069]Epoch 2/200 [TRAIN]:  46%|████▋     | 1873/4032 [03:09<03:33, 10.09it/s, Loss=0.012255, Pos=0.012133, Vel=0.00006070]Epoch 2/200 [TRAIN]:  46%|████▋     | 1873/4032 [03:09<03:33, 10.09it/s, Loss=0.012249, Pos=0.012128, Vel=0.00006069]Epoch 2/200 [TRAIN]:  47%|████▋     | 1875/4032 [03:09<03:43,  9.65it/s, Loss=0.012249, Pos=0.012128, Vel=0.00006069]Epoch 2/200 [TRAIN]:  47%|████▋     | 1875/4032 [03:09<03:43,  9.65it/s, Loss=0.012246, Pos=0.012125, Vel=0.00006067]Epoch 2/200 [TRAIN]:  47%|████▋     | 1876/4032 [03:09<03:46,  9.51it/s, Loss=0.012246, Pos=0.012125, Vel=0.00006067]Epoch 2/200 [TRAIN]:  47%|████▋     | 1876/4032 [03:09<03:46,  9.51it/s, Loss=0.012250, Pos=0.012128, Vel=0.00006068]Epoch 2/200 [TRAIN]:  47%|████▋     | 1877/4032 [03:09<03:49,  9.37it/s, Loss=0.012250, Pos=0.012128, Vel=0.00006068]Epoch 2/200 [TRAIN]:  47%|████▋     | 1877/4032 [03:09<03:49,  9.37it/s, Loss=0.012250, Pos=0.012128, Vel=0.00006069]Epoch 2/200 [TRAIN]:  47%|████▋     | 1878/4032 [03:09<03:52,  9.26it/s, Loss=0.012250, Pos=0.012128, Vel=0.00006069]Epoch 2/200 [TRAIN]:  47%|████▋     | 1878/4032 [03:09<03:52,  9.26it/s, Loss=0.012244, Pos=0.012122, Vel=0.00006067]Epoch 2/200 [TRAIN]:  47%|████▋     | 1879/4032 [03:09<03:49,  9.40it/s, Loss=0.012244, Pos=0.012122, Vel=0.00006067]Epoch 2/200 [TRAIN]:  47%|████▋     | 1879/4032 [03:09<03:49,  9.40it/s, Loss=0.012239, Pos=0.012118, Vel=0.00006066]Epoch 2/200 [TRAIN]:  47%|████▋     | 1880/4032 [03:09<03:47,  9.46it/s, Loss=0.012239, Pos=0.012118, Vel=0.00006066]Epoch 2/200 [TRAIN]:  47%|████▋     | 1880/4032 [03:09<03:47,  9.46it/s, Loss=0.012238, Pos=0.012117, Vel=0.00006068]Epoch 2/200 [TRAIN]:  47%|████▋     | 1881/4032 [03:09<03:44,  9.58it/s, Loss=0.012238, Pos=0.012117, Vel=0.00006068]Epoch 2/200 [TRAIN]:  47%|████▋     | 1881/4032 [03:09<03:44,  9.58it/s, Loss=0.012244, Pos=0.012122, Vel=0.00006067]Epoch 2/200 [TRAIN]:  47%|████▋     | 1882/4032 [03:09<03:50,  9.32it/s, Loss=0.012244, Pos=0.012122, Vel=0.00006067]Epoch 2/200 [TRAIN]:  47%|████▋     | 1882/4032 [03:10<03:50,  9.32it/s, Loss=0.012244, Pos=0.012122, Vel=0.00006066]Epoch 2/200 [TRAIN]:  47%|████▋     | 1883/4032 [03:10<03:50,  9.33it/s, Loss=0.012244, Pos=0.012122, Vel=0.00006066]Epoch 2/200 [TRAIN]:  47%|████▋     | 1883/4032 [03:10<03:50,  9.33it/s, Loss=0.012244, Pos=0.012123, Vel=0.00006065]Epoch 2/200 [TRAIN]:  47%|████▋     | 1884/4032 [03:10<03:46,  9.49it/s, Loss=0.012244, Pos=0.012123, Vel=0.00006065]Epoch 2/200 [TRAIN]:  47%|████▋     | 1884/4032 [03:10<03:46,  9.49it/s, Loss=0.012243, Pos=0.012122, Vel=0.00006063]Epoch 2/200 [TRAIN]:  47%|████▋     | 1885/4032 [03:10<03:46,  9.49it/s, Loss=0.012243, Pos=0.012122, Vel=0.00006063]Epoch 2/200 [TRAIN]:  47%|████▋     | 1885/4032 [03:10<03:46,  9.49it/s, Loss=0.012310, Pos=0.012188, Vel=0.00006066]Epoch 2/200 [TRAIN]:  47%|████▋     | 1886/4032 [03:10<03:50,  9.31it/s, Loss=0.012310, Pos=0.012188, Vel=0.00006066]Epoch 2/200 [TRAIN]:  47%|████▋     | 1886/4032 [03:10<03:50,  9.31it/s, Loss=0.012306, Pos=0.012185, Vel=0.00006064]Epoch 2/200 [TRAIN]:  47%|████▋     | 1887/4032 [03:10<03:51,  9.27it/s, Loss=0.012306, Pos=0.012185, Vel=0.00006064]Epoch 2/200 [TRAIN]:  47%|████▋     | 1887/4032 [03:10<03:51,  9.27it/s, Loss=0.012302, Pos=0.012181, Vel=0.00006063]Epoch 2/200 [TRAIN]:  47%|████▋     | 1888/4032 [03:10<04:01,  8.89it/s, Loss=0.012302, Pos=0.012181, Vel=0.00006063]Epoch 2/200 [TRAIN]:  47%|████▋     | 1888/4032 [03:10<04:01,  8.89it/s, Loss=0.012299, Pos=0.012178, Vel=0.00006062]Epoch 2/200 [TRAIN]:  47%|████▋     | 1888/4032 [03:10<04:01,  8.89it/s, Loss=0.012298, Pos=0.012177, Vel=0.00006062]Epoch 2/200 [TRAIN]:  47%|████▋     | 1890/4032 [03:10<03:49,  9.33it/s, Loss=0.012298, Pos=0.012177, Vel=0.00006062]Epoch 2/200 [TRAIN]:  47%|████▋     | 1890/4032 [03:10<03:49,  9.33it/s, Loss=0.012295, Pos=0.012174, Vel=0.00006063]Epoch 2/200 [TRAIN]:  47%|████▋     | 1891/4032 [03:10<03:57,  9.03it/s, Loss=0.012295, Pos=0.012174, Vel=0.00006063]Epoch 2/200 [TRAIN]:  47%|████▋     | 1891/4032 [03:10<03:57,  9.03it/s, Loss=0.012292, Pos=0.012171, Vel=0.00006063]Epoch 2/200 [TRAIN]:  47%|████▋     | 1892/4032 [03:10<03:54,  9.14it/s, Loss=0.012292, Pos=0.012171, Vel=0.00006063]Epoch 2/200 [TRAIN]:  47%|████▋     | 1892/4032 [03:11<03:54,  9.14it/s, Loss=0.012304, Pos=0.012183, Vel=0.00006063]Epoch 2/200 [TRAIN]:  47%|████▋     | 1893/4032 [03:11<03:56,  9.03it/s, Loss=0.012304, Pos=0.012183, Vel=0.00006063]Epoch 2/200 [TRAIN]:  47%|████▋     | 1893/4032 [03:11<03:56,  9.03it/s, Loss=0.012319, Pos=0.012198, Vel=0.00006062]Epoch 2/200 [TRAIN]:  47%|████▋     | 1894/4032 [03:11<03:51,  9.24it/s, Loss=0.012319, Pos=0.012198, Vel=0.00006062]Epoch 2/200 [TRAIN]:  47%|████▋     | 1894/4032 [03:11<03:51,  9.24it/s, Loss=0.012315, Pos=0.012194, Vel=0.00006062]Epoch 2/200 [TRAIN]:  47%|████▋     | 1895/4032 [03:11<03:54,  9.12it/s, Loss=0.012315, Pos=0.012194, Vel=0.00006062]Epoch 2/200 [TRAIN]:  47%|████▋     | 1895/4032 [03:11<03:54,  9.12it/s, Loss=0.012312, Pos=0.012190, Vel=0.00006066]Epoch 2/200 [TRAIN]:  47%|████▋     | 1896/4032 [03:11<03:57,  9.00it/s, Loss=0.012312, Pos=0.012190, Vel=0.00006066]Epoch 2/200 [TRAIN]:  47%|████▋     | 1896/4032 [03:11<03:57,  9.00it/s, Loss=0.012308, Pos=0.012187, Vel=0.00006070]Epoch 2/200 [TRAIN]:  47%|████▋     | 1896/4032 [03:11<03:57,  9.00it/s, Loss=0.012304, Pos=0.012183, Vel=0.00006068]Epoch 2/200 [TRAIN]:  47%|████▋     | 1898/4032 [03:11<03:44,  9.51it/s, Loss=0.012304, Pos=0.012183, Vel=0.00006068]Epoch 2/200 [TRAIN]:  47%|████▋     | 1898/4032 [03:11<03:44,  9.51it/s, Loss=0.012300, Pos=0.012179, Vel=0.00006069]Epoch 2/200 [TRAIN]:  47%|████▋     | 1898/4032 [03:11<03:44,  9.51it/s, Loss=0.012303, Pos=0.012182, Vel=0.00006073]Epoch 2/200 [TRAIN]:  47%|████▋     | 1900/4032 [03:11<03:21, 10.60it/s, Loss=0.012303, Pos=0.012182, Vel=0.00006073]Epoch 2/200 [TRAIN]:  47%|████▋     | 1900/4032 [03:11<03:21, 10.60it/s, Loss=0.012299, Pos=0.012178, Vel=0.00006072]Epoch 2/200 [TRAIN]:  47%|████▋     | 1900/4032 [03:12<03:21, 10.60it/s, Loss=0.012295, Pos=0.012173, Vel=0.00006070]Epoch 2/200 [TRAIN]:  47%|████▋     | 1902/4032 [03:12<03:33,  9.98it/s, Loss=0.012295, Pos=0.012173, Vel=0.00006070]Epoch 2/200 [TRAIN]:  47%|████▋     | 1902/4032 [03:12<03:33,  9.98it/s, Loss=0.012295, Pos=0.012173, Vel=0.00006072]Epoch 2/200 [TRAIN]:  47%|████▋     | 1902/4032 [03:12<03:33,  9.98it/s, Loss=0.012292, Pos=0.012170, Vel=0.00006073]Epoch 2/200 [TRAIN]:  47%|████▋     | 1904/4032 [03:12<03:24, 10.42it/s, Loss=0.012292, Pos=0.012170, Vel=0.00006073]Epoch 2/200 [TRAIN]:  47%|████▋     | 1904/4032 [03:12<03:24, 10.42it/s, Loss=0.012290, Pos=0.012168, Vel=0.00006072]Epoch 2/200 [TRAIN]:  47%|████▋     | 1904/4032 [03:12<03:24, 10.42it/s, Loss=0.012290, Pos=0.012169, Vel=0.00006071]Epoch 2/200 [TRAIN]:  47%|████▋     | 1906/4032 [03:12<03:33,  9.94it/s, Loss=0.012290, Pos=0.012169, Vel=0.00006071]Epoch 2/200 [TRAIN]:  47%|████▋     | 1906/4032 [03:12<03:33,  9.94it/s, Loss=0.012288, Pos=0.012167, Vel=0.00006079]Epoch 2/200 [TRAIN]:  47%|████▋     | 1906/4032 [03:12<03:33,  9.94it/s, Loss=0.012285, Pos=0.012163, Vel=0.00006078]Epoch 2/200 [TRAIN]:  47%|████▋     | 1908/4032 [03:12<03:23, 10.46it/s, Loss=0.012285, Pos=0.012163, Vel=0.00006078]Epoch 2/200 [TRAIN]:  47%|████▋     | 1908/4032 [03:12<03:23, 10.46it/s, Loss=0.012280, Pos=0.012159, Vel=0.00006076]Epoch 2/200 [TRAIN]:  47%|████▋     | 1908/4032 [03:12<03:23, 10.46it/s, Loss=0.012284, Pos=0.012162, Vel=0.00006076]Epoch 2/200 [TRAIN]:  47%|████▋     | 1910/4032 [03:12<03:30, 10.06it/s, Loss=0.012284, Pos=0.012162, Vel=0.00006076]Epoch 2/200 [TRAIN]:  47%|████▋     | 1910/4032 [03:12<03:30, 10.06it/s, Loss=0.012291, Pos=0.012169, Vel=0.00006083]Epoch 2/200 [TRAIN]:  47%|████▋     | 1910/4032 [03:13<03:30, 10.06it/s, Loss=0.012286, Pos=0.012164, Vel=0.00006082]Epoch 2/200 [TRAIN]:  47%|████▋     | 1912/4032 [03:13<03:36,  9.77it/s, Loss=0.012286, Pos=0.012164, Vel=0.00006082]Epoch 2/200 [TRAIN]:  47%|████▋     | 1912/4032 [03:13<03:36,  9.77it/s, Loss=0.012282, Pos=0.012160, Vel=0.00006081]Epoch 2/200 [TRAIN]:  47%|████▋     | 1913/4032 [03:13<03:37,  9.75it/s, Loss=0.012282, Pos=0.012160, Vel=0.00006081]Epoch 2/200 [TRAIN]:  47%|████▋     | 1913/4032 [03:13<03:37,  9.75it/s, Loss=0.012298, Pos=0.012176, Vel=0.00006101]Epoch 2/200 [TRAIN]:  47%|████▋     | 1914/4032 [03:13<03:42,  9.52it/s, Loss=0.012298, Pos=0.012176, Vel=0.00006101]Epoch 2/200 [TRAIN]:  47%|████▋     | 1914/4032 [03:13<03:42,  9.52it/s, Loss=0.012299, Pos=0.012177, Vel=0.00006104]Epoch 2/200 [TRAIN]:  47%|████▋     | 1914/4032 [03:13<03:42,  9.52it/s, Loss=0.012298, Pos=0.012175, Vel=0.00006109]Epoch 2/200 [TRAIN]:  48%|████▊     | 1916/4032 [03:13<03:37,  9.71it/s, Loss=0.012298, Pos=0.012175, Vel=0.00006109]Epoch 2/200 [TRAIN]:  48%|████▊     | 1916/4032 [03:13<03:37,  9.71it/s, Loss=0.012299, Pos=0.012177, Vel=0.00006111]Epoch 2/200 [TRAIN]:  48%|████▊     | 1917/4032 [03:13<03:45,  9.38it/s, Loss=0.012299, Pos=0.012177, Vel=0.00006111]Epoch 2/200 [TRAIN]:  48%|████▊     | 1917/4032 [03:13<03:45,  9.38it/s, Loss=0.012298, Pos=0.012175, Vel=0.00006110]Epoch 2/200 [TRAIN]:  48%|████▊     | 1917/4032 [03:13<03:45,  9.38it/s, Loss=0.012294, Pos=0.012172, Vel=0.00006111]Epoch 2/200 [TRAIN]:  48%|████▊     | 1919/4032 [03:13<03:32,  9.92it/s, Loss=0.012294, Pos=0.012172, Vel=0.00006111]Epoch 2/200 [TRAIN]:  48%|████▊     | 1919/4032 [03:13<03:32,  9.92it/s, Loss=0.012330, Pos=0.012208, Vel=0.00006110]Epoch 2/200 [TRAIN]:  48%|████▊     | 1919/4032 [03:13<03:32,  9.92it/s, Loss=0.012327, Pos=0.012204, Vel=0.00006109]Epoch 2/200 [TRAIN]:  48%|████▊     | 1921/4032 [03:13<03:19, 10.56it/s, Loss=0.012327, Pos=0.012204, Vel=0.00006109]Epoch 2/200 [TRAIN]:  48%|████▊     | 1921/4032 [03:14<03:19, 10.56it/s, Loss=0.012328, Pos=0.012206, Vel=0.00006109]Epoch 2/200 [TRAIN]:  48%|████▊     | 1921/4032 [03:14<03:19, 10.56it/s, Loss=0.012327, Pos=0.012205, Vel=0.00006109]Epoch 2/200 [TRAIN]:  48%|████▊     | 1923/4032 [03:14<03:31,  9.96it/s, Loss=0.012327, Pos=0.012205, Vel=0.00006109]Epoch 2/200 [TRAIN]:  48%|████▊     | 1923/4032 [03:14<03:31,  9.96it/s, Loss=0.012328, Pos=0.012206, Vel=0.00006109]Epoch 2/200 [TRAIN]:  48%|████▊     | 1923/4032 [03:14<03:31,  9.96it/s, Loss=0.012325, Pos=0.012203, Vel=0.00006107]Epoch 2/200 [TRAIN]:  48%|████▊     | 1925/4032 [03:14<03:32,  9.90it/s, Loss=0.012325, Pos=0.012203, Vel=0.00006107]Epoch 2/200 [TRAIN]:  48%|████▊     | 1925/4032 [03:14<03:32,  9.90it/s, Loss=0.012326, Pos=0.012204, Vel=0.00006105]Epoch 2/200 [TRAIN]:  48%|████▊     | 1926/4032 [03:14<03:32,  9.91it/s, Loss=0.012326, Pos=0.012204, Vel=0.00006105]Epoch 2/200 [TRAIN]:  48%|████▊     | 1926/4032 [03:14<03:32,  9.91it/s, Loss=0.012328, Pos=0.012206, Vel=0.00006107]Epoch 2/200 [TRAIN]:  48%|████▊     | 1927/4032 [03:14<03:33,  9.87it/s, Loss=0.012328, Pos=0.012206, Vel=0.00006107]Epoch 2/200 [TRAIN]:  48%|████▊     | 1927/4032 [03:14<03:33,  9.87it/s, Loss=0.012330, Pos=0.012208, Vel=0.00006107]Epoch 2/200 [TRAIN]:  48%|████▊     | 1928/4032 [03:14<03:36,  9.70it/s, Loss=0.012330, Pos=0.012208, Vel=0.00006107]Epoch 2/200 [TRAIN]:  48%|████▊     | 1928/4032 [03:14<03:36,  9.70it/s, Loss=0.012329, Pos=0.012206, Vel=0.00006106]Epoch 2/200 [TRAIN]:  48%|████▊     | 1929/4032 [03:14<03:39,  9.57it/s, Loss=0.012329, Pos=0.012206, Vel=0.00006106]Epoch 2/200 [TRAIN]:  48%|████▊     | 1929/4032 [03:14<03:39,  9.57it/s, Loss=0.012335, Pos=0.012213, Vel=0.00006106]Epoch 2/200 [TRAIN]:  48%|████▊     | 1930/4032 [03:14<03:42,  9.43it/s, Loss=0.012335, Pos=0.012213, Vel=0.00006106]Epoch 2/200 [TRAIN]:  48%|████▊     | 1930/4032 [03:14<03:42,  9.43it/s, Loss=0.012332, Pos=0.012210, Vel=0.00006105]Epoch 2/200 [TRAIN]:  48%|████▊     | 1931/4032 [03:14<03:50,  9.13it/s, Loss=0.012332, Pos=0.012210, Vel=0.00006105]Epoch 2/200 [TRAIN]:  48%|████▊     | 1931/4032 [03:15<03:50,  9.13it/s, Loss=0.012334, Pos=0.012212, Vel=0.00006110]Epoch 2/200 [TRAIN]:  48%|████▊     | 1931/4032 [03:15<03:50,  9.13it/s, Loss=0.012329, Pos=0.012207, Vel=0.00006108]Epoch 2/200 [TRAIN]:  48%|████▊     | 1933/4032 [03:15<03:23, 10.33it/s, Loss=0.012329, Pos=0.012207, Vel=0.00006108]Epoch 2/200 [TRAIN]:  48%|████▊     | 1933/4032 [03:15<03:23, 10.33it/s, Loss=0.012323, Pos=0.012201, Vel=0.00006105]Epoch 2/200 [TRAIN]:  48%|████▊     | 1933/4032 [03:15<03:23, 10.33it/s, Loss=0.012337, Pos=0.012215, Vel=0.00006108]Epoch 2/200 [TRAIN]:  48%|████▊     | 1935/4032 [03:15<03:37,  9.63it/s, Loss=0.012337, Pos=0.012215, Vel=0.00006108]Epoch 2/200 [TRAIN]:  48%|████▊     | 1935/4032 [03:15<03:37,  9.63it/s, Loss=0.012340, Pos=0.012218, Vel=0.00006106]Epoch 2/200 [TRAIN]:  48%|████▊     | 1935/4032 [03:15<03:37,  9.63it/s, Loss=0.012335, Pos=0.012213, Vel=0.00006104]Epoch 2/200 [TRAIN]:  48%|████▊     | 1937/4032 [03:15<03:18, 10.57it/s, Loss=0.012335, Pos=0.012213, Vel=0.00006104]Epoch 2/200 [TRAIN]:  48%|████▊     | 1937/4032 [03:15<03:18, 10.57it/s, Loss=0.012336, Pos=0.012214, Vel=0.00006103]Epoch 2/200 [TRAIN]:  48%|████▊     | 1937/4032 [03:15<03:18, 10.57it/s, Loss=0.012332, Pos=0.012210, Vel=0.00006105]Epoch 2/200 [TRAIN]:  48%|████▊     | 1939/4032 [03:15<03:31,  9.87it/s, Loss=0.012332, Pos=0.012210, Vel=0.00006105]Epoch 2/200 [TRAIN]:  48%|████▊     | 1939/4032 [03:15<03:31,  9.87it/s, Loss=0.012326, Pos=0.012204, Vel=0.00006103]Epoch 2/200 [TRAIN]:  48%|████▊     | 1939/4032 [03:15<03:31,  9.87it/s, Loss=0.012324, Pos=0.012202, Vel=0.00006104]Epoch 2/200 [TRAIN]:  48%|████▊     | 1941/4032 [03:15<03:33,  9.78it/s, Loss=0.012324, Pos=0.012202, Vel=0.00006104]Epoch 2/200 [TRAIN]:  48%|████▊     | 1941/4032 [03:16<03:33,  9.78it/s, Loss=0.012319, Pos=0.012197, Vel=0.00006105]Epoch 2/200 [TRAIN]:  48%|████▊     | 1942/4032 [03:16<03:35,  9.71it/s, Loss=0.012319, Pos=0.012197, Vel=0.00006105]Epoch 2/200 [TRAIN]:  48%|████▊     | 1942/4032 [03:16<03:35,  9.71it/s, Loss=0.012318, Pos=0.012196, Vel=0.00006104]Epoch 2/200 [TRAIN]:  48%|████▊     | 1943/4032 [03:16<03:38,  9.57it/s, Loss=0.012318, Pos=0.012196, Vel=0.00006104]Epoch 2/200 [TRAIN]:  48%|████▊     | 1943/4032 [03:16<03:38,  9.57it/s, Loss=0.012315, Pos=0.012193, Vel=0.00006104]Epoch 2/200 [TRAIN]:  48%|████▊     | 1944/4032 [03:16<03:40,  9.47it/s, Loss=0.012315, Pos=0.012193, Vel=0.00006104]Epoch 2/200 [TRAIN]:  48%|████▊     | 1944/4032 [03:16<03:40,  9.47it/s, Loss=0.012322, Pos=0.012200, Vel=0.00006102]Epoch 2/200 [TRAIN]:  48%|████▊     | 1945/4032 [03:16<03:45,  9.26it/s, Loss=0.012322, Pos=0.012200, Vel=0.00006102]Epoch 2/200 [TRAIN]:  48%|████▊     | 1945/4032 [03:16<03:45,  9.26it/s, Loss=0.012326, Pos=0.012204, Vel=0.00006109]Epoch 2/200 [TRAIN]:  48%|████▊     | 1946/4032 [03:16<03:41,  9.41it/s, Loss=0.012326, Pos=0.012204, Vel=0.00006109]Epoch 2/200 [TRAIN]:  48%|████▊     | 1946/4032 [03:16<03:41,  9.41it/s, Loss=0.012325, Pos=0.012203, Vel=0.00006108]Epoch 2/200 [TRAIN]:  48%|████▊     | 1947/4032 [03:16<03:46,  9.19it/s, Loss=0.012325, Pos=0.012203, Vel=0.00006108]Epoch 2/200 [TRAIN]:  48%|████▊     | 1947/4032 [03:16<03:46,  9.19it/s, Loss=0.012321, Pos=0.012199, Vel=0.00006107]Epoch 2/200 [TRAIN]:  48%|████▊     | 1948/4032 [03:16<03:48,  9.11it/s, Loss=0.012321, Pos=0.012199, Vel=0.00006107]Epoch 2/200 [TRAIN]:  48%|████▊     | 1948/4032 [03:16<03:48,  9.11it/s, Loss=0.012318, Pos=0.012195, Vel=0.00006105]Epoch 2/200 [TRAIN]:  48%|████▊     | 1949/4032 [03:16<03:51,  8.99it/s, Loss=0.012318, Pos=0.012195, Vel=0.00006105]Epoch 2/200 [TRAIN]:  48%|████▊     | 1949/4032 [03:16<03:51,  8.99it/s, Loss=0.012313, Pos=0.012191, Vel=0.00006105]Epoch 2/200 [TRAIN]:  48%|████▊     | 1950/4032 [03:16<03:53,  8.90it/s, Loss=0.012313, Pos=0.012191, Vel=0.00006105]Epoch 2/200 [TRAIN]:  48%|████▊     | 1950/4032 [03:17<03:53,  8.90it/s, Loss=0.012308, Pos=0.012186, Vel=0.00006104]Epoch 2/200 [TRAIN]:  48%|████▊     | 1951/4032 [03:17<03:55,  8.84it/s, Loss=0.012308, Pos=0.012186, Vel=0.00006104]Epoch 2/200 [TRAIN]:  48%|████▊     | 1951/4032 [03:17<03:55,  8.84it/s, Loss=0.012306, Pos=0.012184, Vel=0.00006104]Epoch 2/200 [TRAIN]:  48%|████▊     | 1952/4032 [03:17<03:49,  9.05it/s, Loss=0.012306, Pos=0.012184, Vel=0.00006104]Epoch 2/200 [TRAIN]:  48%|████▊     | 1952/4032 [03:17<03:49,  9.05it/s, Loss=0.012302, Pos=0.012180, Vel=0.00006101]Epoch 2/200 [TRAIN]:  48%|████▊     | 1953/4032 [03:17<03:48,  9.08it/s, Loss=0.012302, Pos=0.012180, Vel=0.00006101]Epoch 2/200 [TRAIN]:  48%|████▊     | 1953/4032 [03:17<03:48,  9.08it/s, Loss=0.012298, Pos=0.012176, Vel=0.00006101]Epoch 2/200 [TRAIN]:  48%|████▊     | 1954/4032 [03:17<04:01,  8.61it/s, Loss=0.012298, Pos=0.012176, Vel=0.00006101]Epoch 2/200 [TRAIN]:  48%|████▊     | 1954/4032 [03:17<04:01,  8.61it/s, Loss=0.012296, Pos=0.012174, Vel=0.00006100]Epoch 2/200 [TRAIN]:  48%|████▊     | 1955/4032 [03:17<03:51,  8.97it/s, Loss=0.012296, Pos=0.012174, Vel=0.00006100]Epoch 2/200 [TRAIN]:  48%|████▊     | 1955/4032 [03:17<03:51,  8.97it/s, Loss=0.012296, Pos=0.012174, Vel=0.00006098]Epoch 2/200 [TRAIN]:  49%|████▊     | 1956/4032 [03:17<03:45,  9.19it/s, Loss=0.012296, Pos=0.012174, Vel=0.00006098]Epoch 2/200 [TRAIN]:  49%|████▊     | 1956/4032 [03:17<03:45,  9.19it/s, Loss=0.012294, Pos=0.012172, Vel=0.00006097]Epoch 2/200 [TRAIN]:  49%|████▊     | 1957/4032 [03:17<03:43,  9.27it/s, Loss=0.012294, Pos=0.012172, Vel=0.00006097]Epoch 2/200 [TRAIN]:  49%|████▊     | 1957/4032 [03:17<03:43,  9.27it/s, Loss=0.012297, Pos=0.012176, Vel=0.00006095]Epoch 2/200 [TRAIN]:  49%|████▊     | 1958/4032 [03:17<03:51,  8.97it/s, Loss=0.012297, Pos=0.012176, Vel=0.00006095]Epoch 2/200 [TRAIN]:  49%|████▊     | 1958/4032 [03:17<03:51,  8.97it/s, Loss=0.012294, Pos=0.012172, Vel=0.00006093]Epoch 2/200 [TRAIN]:  49%|████▊     | 1959/4032 [03:17<03:45,  9.19it/s, Loss=0.012294, Pos=0.012172, Vel=0.00006093]Epoch 2/200 [TRAIN]:  49%|████▊     | 1959/4032 [03:18<03:45,  9.19it/s, Loss=0.012302, Pos=0.012180, Vel=0.00006102]Epoch 2/200 [TRAIN]:  49%|████▊     | 1960/4032 [03:18<03:41,  9.35it/s, Loss=0.012302, Pos=0.012180, Vel=0.00006102]Epoch 2/200 [TRAIN]:  49%|████▊     | 1960/4032 [03:18<03:41,  9.35it/s, Loss=0.012304, Pos=0.012182, Vel=0.00006107]Epoch 2/200 [TRAIN]:  49%|████▊     | 1961/4032 [03:18<03:41,  9.35it/s, Loss=0.012304, Pos=0.012182, Vel=0.00006107]Epoch 2/200 [TRAIN]:  49%|████▊     | 1961/4032 [03:18<03:41,  9.35it/s, Loss=0.012300, Pos=0.012177, Vel=0.00006106]Epoch 2/200 [TRAIN]:  49%|████▊     | 1962/4032 [03:18<03:42,  9.28it/s, Loss=0.012300, Pos=0.012177, Vel=0.00006106]Epoch 2/200 [TRAIN]:  49%|████▊     | 1962/4032 [03:18<03:42,  9.28it/s, Loss=0.012298, Pos=0.012175, Vel=0.00006106]Epoch 2/200 [TRAIN]:  49%|████▊     | 1962/4032 [03:18<03:42,  9.28it/s, Loss=0.012301, Pos=0.012178, Vel=0.00006104]Epoch 2/200 [TRAIN]:  49%|████▊     | 1964/4032 [03:18<03:42,  9.28it/s, Loss=0.012301, Pos=0.012178, Vel=0.00006104]Epoch 2/200 [TRAIN]:  49%|████▊     | 1964/4032 [03:18<03:42,  9.28it/s, Loss=0.012297, Pos=0.012175, Vel=0.00006104]Epoch 2/200 [TRAIN]:  49%|████▊     | 1965/4032 [03:18<03:46,  9.12it/s, Loss=0.012297, Pos=0.012175, Vel=0.00006104]Epoch 2/200 [TRAIN]:  49%|████▊     | 1965/4032 [03:18<03:46,  9.12it/s, Loss=0.012314, Pos=0.012192, Vel=0.00006103]Epoch 2/200 [TRAIN]:  49%|████▉     | 1966/4032 [03:18<03:46,  9.11it/s, Loss=0.012314, Pos=0.012192, Vel=0.00006103]Epoch 2/200 [TRAIN]:  49%|████▉     | 1966/4032 [03:18<03:46,  9.11it/s, Loss=0.012320, Pos=0.012197, Vel=0.00006103]Epoch 2/200 [TRAIN]:  49%|████▉     | 1967/4032 [03:18<03:48,  9.02it/s, Loss=0.012320, Pos=0.012197, Vel=0.00006103]Epoch 2/200 [TRAIN]:  49%|████▉     | 1967/4032 [03:18<03:48,  9.02it/s, Loss=0.012316, Pos=0.012194, Vel=0.00006101]Epoch 2/200 [TRAIN]:  49%|████▉     | 1968/4032 [03:18<03:51,  8.92it/s, Loss=0.012316, Pos=0.012194, Vel=0.00006101]Epoch 2/200 [TRAIN]:  49%|████▉     | 1968/4032 [03:19<03:51,  8.92it/s, Loss=0.012312, Pos=0.012190, Vel=0.00006101]Epoch 2/200 [TRAIN]:  49%|████▉     | 1969/4032 [03:19<03:51,  8.91it/s, Loss=0.012312, Pos=0.012190, Vel=0.00006101]Epoch 2/200 [TRAIN]:  49%|████▉     | 1969/4032 [03:19<03:51,  8.91it/s, Loss=0.012309, Pos=0.012187, Vel=0.00006099]Epoch 2/200 [TRAIN]:  49%|████▉     | 1970/4032 [03:19<03:52,  8.87it/s, Loss=0.012309, Pos=0.012187, Vel=0.00006099]Epoch 2/200 [TRAIN]:  49%|████▉     | 1970/4032 [03:19<03:52,  8.87it/s, Loss=0.012305, Pos=0.012183, Vel=0.00006097]Epoch 2/200 [TRAIN]:  49%|████▉     | 1971/4032 [03:19<03:57,  8.66it/s, Loss=0.012305, Pos=0.012183, Vel=0.00006097]Epoch 2/200 [TRAIN]:  49%|████▉     | 1971/4032 [03:19<03:57,  8.66it/s, Loss=0.012301, Pos=0.012179, Vel=0.00006100]Epoch 2/200 [TRAIN]:  49%|████▉     | 1971/4032 [03:19<03:57,  8.66it/s, Loss=0.012296, Pos=0.012174, Vel=0.00006099]Epoch 2/200 [TRAIN]:  49%|████▉     | 1973/4032 [03:19<03:13, 10.64it/s, Loss=0.012296, Pos=0.012174, Vel=0.00006099]Epoch 2/200 [TRAIN]:  49%|████▉     | 1973/4032 [03:19<03:13, 10.64it/s, Loss=0.012292, Pos=0.012170, Vel=0.00006098]Epoch 2/200 [TRAIN]:  49%|████▉     | 1973/4032 [03:19<03:13, 10.64it/s, Loss=0.012297, Pos=0.012175, Vel=0.00006100]Epoch 2/200 [TRAIN]:  49%|████▉     | 1975/4032 [03:19<03:28,  9.84it/s, Loss=0.012297, Pos=0.012175, Vel=0.00006100]Epoch 2/200 [TRAIN]:  49%|████▉     | 1975/4032 [03:19<03:28,  9.84it/s, Loss=0.012340, Pos=0.012218, Vel=0.00006101]Epoch 2/200 [TRAIN]:  49%|████▉     | 1976/4032 [03:19<03:31,  9.73it/s, Loss=0.012340, Pos=0.012218, Vel=0.00006101]Epoch 2/200 [TRAIN]:  49%|████▉     | 1976/4032 [03:19<03:31,  9.73it/s, Loss=0.012337, Pos=0.012214, Vel=0.00006104]Epoch 2/200 [TRAIN]:  49%|████▉     | 1977/4032 [03:19<03:38,  9.43it/s, Loss=0.012337, Pos=0.012214, Vel=0.00006104]Epoch 2/200 [TRAIN]:  49%|████▉     | 1977/4032 [03:19<03:38,  9.43it/s, Loss=0.012334, Pos=0.012212, Vel=0.00006103]Epoch 2/200 [TRAIN]:  49%|████▉     | 1978/4032 [03:19<03:39,  9.35it/s, Loss=0.012334, Pos=0.012212, Vel=0.00006103]Epoch 2/200 [TRAIN]:  49%|████▉     | 1978/4032 [03:20<03:39,  9.35it/s, Loss=0.012334, Pos=0.012212, Vel=0.00006110]Epoch 2/200 [TRAIN]:  49%|████▉     | 1978/4032 [03:20<03:39,  9.35it/s, Loss=0.012332, Pos=0.012210, Vel=0.00006109]Epoch 2/200 [TRAIN]:  49%|████▉     | 1980/4032 [03:20<03:31,  9.71it/s, Loss=0.012332, Pos=0.012210, Vel=0.00006109]Epoch 2/200 [TRAIN]:  49%|████▉     | 1980/4032 [03:20<03:31,  9.71it/s, Loss=0.012328, Pos=0.012206, Vel=0.00006107]Epoch 2/200 [TRAIN]:  49%|████▉     | 1980/4032 [03:20<03:31,  9.71it/s, Loss=0.012329, Pos=0.012207, Vel=0.00006106]Epoch 2/200 [TRAIN]:  49%|████▉     | 1982/4032 [03:20<03:28,  9.83it/s, Loss=0.012329, Pos=0.012207, Vel=0.00006106]Epoch 2/200 [TRAIN]:  49%|████▉     | 1982/4032 [03:20<03:28,  9.83it/s, Loss=0.012330, Pos=0.012208, Vel=0.00006106]Epoch 2/200 [TRAIN]:  49%|████▉     | 1983/4032 [03:20<03:31,  9.67it/s, Loss=0.012330, Pos=0.012208, Vel=0.00006106]Epoch 2/200 [TRAIN]:  49%|████▉     | 1983/4032 [03:20<03:31,  9.67it/s, Loss=0.012341, Pos=0.012219, Vel=0.00006108]Epoch 2/200 [TRAIN]:  49%|████▉     | 1984/4032 [03:20<03:37,  9.41it/s, Loss=0.012341, Pos=0.012219, Vel=0.00006108]Epoch 2/200 [TRAIN]:  49%|████▉     | 1984/4032 [03:20<03:37,  9.41it/s, Loss=0.012338, Pos=0.012216, Vel=0.00006107]Epoch 2/200 [TRAIN]:  49%|████▉     | 1984/4032 [03:20<03:37,  9.41it/s, Loss=0.012392, Pos=0.012270, Vel=0.00006109]Epoch 2/200 [TRAIN]:  49%|████▉     | 1986/4032 [03:20<03:36,  9.46it/s, Loss=0.012392, Pos=0.012270, Vel=0.00006109]Epoch 2/200 [TRAIN]:  49%|████▉     | 1986/4032 [03:20<03:36,  9.46it/s, Loss=0.012400, Pos=0.012278, Vel=0.00006109]Epoch 2/200 [TRAIN]:  49%|████▉     | 1987/4032 [03:20<03:38,  9.37it/s, Loss=0.012400, Pos=0.012278, Vel=0.00006109]Epoch 2/200 [TRAIN]:  49%|████▉     | 1987/4032 [03:21<03:38,  9.37it/s, Loss=0.012398, Pos=0.012276, Vel=0.00006108]Epoch 2/200 [TRAIN]:  49%|████▉     | 1988/4032 [03:21<03:39,  9.30it/s, Loss=0.012398, Pos=0.012276, Vel=0.00006108]Epoch 2/200 [TRAIN]:  49%|████▉     | 1988/4032 [03:21<03:39,  9.30it/s, Loss=0.012396, Pos=0.012273, Vel=0.00006110]Epoch 2/200 [TRAIN]:  49%|████▉     | 1989/4032 [03:21<03:45,  9.07it/s, Loss=0.012396, Pos=0.012273, Vel=0.00006110]Epoch 2/200 [TRAIN]:  49%|████▉     | 1989/4032 [03:21<03:45,  9.07it/s, Loss=0.012391, Pos=0.012269, Vel=0.00006110]Epoch 2/200 [TRAIN]:  49%|████▉     | 1989/4032 [03:21<03:45,  9.07it/s, Loss=0.012393, Pos=0.012271, Vel=0.00006118]Epoch 2/200 [TRAIN]:  49%|████▉     | 1991/4032 [03:21<03:41,  9.20it/s, Loss=0.012393, Pos=0.012271, Vel=0.00006118]Epoch 2/200 [TRAIN]:  49%|████▉     | 1991/4032 [03:21<03:41,  9.20it/s, Loss=0.012399, Pos=0.012276, Vel=0.00006121]Epoch 2/200 [TRAIN]:  49%|████▉     | 1992/4032 [03:21<03:38,  9.35it/s, Loss=0.012399, Pos=0.012276, Vel=0.00006121]Epoch 2/200 [TRAIN]:  49%|████▉     | 1992/4032 [03:21<03:38,  9.35it/s, Loss=0.012401, Pos=0.012278, Vel=0.00006121]Epoch 2/200 [TRAIN]:  49%|████▉     | 1992/4032 [03:21<03:38,  9.35it/s, Loss=0.012400, Pos=0.012277, Vel=0.00006120]Epoch 2/200 [TRAIN]:  49%|████▉     | 1994/4032 [03:21<03:40,  9.23it/s, Loss=0.012400, Pos=0.012277, Vel=0.00006120]Epoch 2/200 [TRAIN]:  49%|████▉     | 1994/4032 [03:21<03:40,  9.23it/s, Loss=0.012396, Pos=0.012274, Vel=0.00006118]Epoch 2/200 [TRAIN]:  49%|████▉     | 1995/4032 [03:21<03:38,  9.32it/s, Loss=0.012396, Pos=0.012274, Vel=0.00006118]Epoch 2/200 [TRAIN]:  49%|████▉     | 1995/4032 [03:21<03:38,  9.32it/s, Loss=0.012399, Pos=0.012276, Vel=0.00006121]Epoch 2/200 [TRAIN]:  50%|████▉     | 1996/4032 [03:21<03:35,  9.46it/s, Loss=0.012399, Pos=0.012276, Vel=0.00006121]Epoch 2/200 [TRAIN]:  50%|████▉     | 1996/4032 [03:21<03:35,  9.46it/s, Loss=0.012394, Pos=0.012272, Vel=0.00006120]Epoch 2/200 [TRAIN]:  50%|████▉     | 1996/4032 [03:22<03:35,  9.46it/s, Loss=0.012401, Pos=0.012278, Vel=0.00006123]Epoch 2/200 [TRAIN]:  50%|████▉     | 1998/4032 [03:22<03:29,  9.72it/s, Loss=0.012401, Pos=0.012278, Vel=0.00006123]Epoch 2/200 [TRAIN]:  50%|████▉     | 1998/4032 [03:22<03:29,  9.72it/s, Loss=0.012402, Pos=0.012280, Vel=0.00006122]Epoch 2/200 [TRAIN]:  50%|████▉     | 1998/4032 [03:22<03:29,  9.72it/s, Loss=0.012398, Pos=0.012276, Vel=0.00006121]Epoch 2/200 [TRAIN]:  50%|████▉     | 2000/4032 [03:22<03:01, 11.21it/s, Loss=0.012398, Pos=0.012276, Vel=0.00006121]Epoch 2/200 [TRAIN]:  50%|████▉     | 2000/4032 [03:22<03:01, 11.21it/s, Loss=0.012402, Pos=0.012279, Vel=0.00006119]Epoch 2/200 [TRAIN]:  50%|████▉     | 2000/4032 [03:22<03:01, 11.21it/s, Loss=0.012398, Pos=0.012276, Vel=0.00006118]Epoch 2/200 [TRAIN]:  50%|████▉     | 2002/4032 [03:22<03:14, 10.42it/s, Loss=0.012398, Pos=0.012276, Vel=0.00006118]Epoch 2/200 [TRAIN]:  50%|████▉     | 2002/4032 [03:22<03:14, 10.42it/s, Loss=0.012417, Pos=0.012295, Vel=0.00006119]Epoch 2/200 [TRAIN]:  50%|████▉     | 2002/4032 [03:22<03:14, 10.42it/s, Loss=0.012413, Pos=0.012291, Vel=0.00006118]Epoch 2/200 [TRAIN]:  50%|████▉     | 2004/4032 [03:22<03:20, 10.13it/s, Loss=0.012413, Pos=0.012291, Vel=0.00006118]Epoch 2/200 [TRAIN]:  50%|████▉     | 2004/4032 [03:22<03:20, 10.13it/s, Loss=0.012409, Pos=0.012287, Vel=0.00006117]Epoch 2/200 [TRAIN]:  50%|████▉     | 2004/4032 [03:22<03:20, 10.13it/s, Loss=0.012419, Pos=0.012296, Vel=0.00006120]Epoch 2/200 [TRAIN]:  50%|████▉     | 2006/4032 [03:22<03:05, 10.95it/s, Loss=0.012419, Pos=0.012296, Vel=0.00006120]Epoch 2/200 [TRAIN]:  50%|████▉     | 2006/4032 [03:22<03:05, 10.95it/s, Loss=0.012421, Pos=0.012299, Vel=0.00006118]Epoch 2/200 [TRAIN]:  50%|████▉     | 2006/4032 [03:22<03:05, 10.95it/s, Loss=0.012421, Pos=0.012298, Vel=0.00006120]Epoch 2/200 [TRAIN]:  50%|████▉     | 2008/4032 [03:22<03:03, 11.00it/s, Loss=0.012421, Pos=0.012298, Vel=0.00006120]Epoch 2/200 [TRAIN]:  50%|████▉     | 2008/4032 [03:23<03:03, 11.00it/s, Loss=0.012420, Pos=0.012298, Vel=0.00006120]Epoch 2/200 [TRAIN]:  50%|████▉     | 2008/4032 [03:23<03:03, 11.00it/s, Loss=0.012418, Pos=0.012296, Vel=0.00006120]Epoch 2/200 [TRAIN]:  50%|████▉     | 2010/4032 [03:23<03:20, 10.11it/s, Loss=0.012418, Pos=0.012296, Vel=0.00006120]Epoch 2/200 [TRAIN]:  50%|████▉     | 2010/4032 [03:23<03:20, 10.11it/s, Loss=0.012419, Pos=0.012297, Vel=0.00006119]Epoch 2/200 [TRAIN]:  50%|████▉     | 2010/4032 [03:23<03:20, 10.11it/s, Loss=0.012417, Pos=0.012294, Vel=0.00006119]Epoch 2/200 [TRAIN]:  50%|████▉     | 2012/4032 [03:23<02:49, 11.91it/s, Loss=0.012417, Pos=0.012294, Vel=0.00006119]Epoch 2/200 [TRAIN]:  50%|████▉     | 2012/4032 [03:23<02:49, 11.91it/s, Loss=0.012416, Pos=0.012294, Vel=0.00006117]Epoch 2/200 [TRAIN]:  50%|████▉     | 2012/4032 [03:23<02:49, 11.91it/s, Loss=0.012412, Pos=0.012289, Vel=0.00006116]Epoch 2/200 [TRAIN]:  50%|████▉     | 2014/4032 [03:23<03:04, 10.96it/s, Loss=0.012412, Pos=0.012289, Vel=0.00006116]Epoch 2/200 [TRAIN]:  50%|████▉     | 2014/4032 [03:23<03:04, 10.96it/s, Loss=0.012413, Pos=0.012290, Vel=0.00006122]Epoch 2/200 [TRAIN]:  50%|████▉     | 2014/4032 [03:23<03:04, 10.96it/s, Loss=0.012414, Pos=0.012291, Vel=0.00006126]Epoch 2/200 [TRAIN]:  50%|█████     | 2016/4032 [03:23<03:16, 10.24it/s, Loss=0.012414, Pos=0.012291, Vel=0.00006126]Epoch 2/200 [TRAIN]:  50%|█████     | 2016/4032 [03:23<03:16, 10.24it/s, Loss=0.012413, Pos=0.012290, Vel=0.00006128]Epoch 2/200 [TRAIN]:  50%|█████     | 2016/4032 [03:23<03:16, 10.24it/s, Loss=0.012410, Pos=0.012288, Vel=0.00006126]Epoch 2/200 [TRAIN]:  50%|█████     | 2018/4032 [03:23<03:17, 10.19it/s, Loss=0.012410, Pos=0.012288, Vel=0.00006126]Epoch 2/200 [TRAIN]:  50%|█████     | 2018/4032 [03:24<03:17, 10.19it/s, Loss=0.012407, Pos=0.012285, Vel=0.00006124]Epoch 2/200 [TRAIN]:  50%|█████     | 2018/4032 [03:24<03:17, 10.19it/s, Loss=0.012405, Pos=0.012282, Vel=0.00006124]Epoch 2/200 [TRAIN]:  50%|█████     | 2020/4032 [03:24<03:22,  9.91it/s, Loss=0.012405, Pos=0.012282, Vel=0.00006124]Epoch 2/200 [TRAIN]:  50%|█████     | 2020/4032 [03:24<03:22,  9.91it/s, Loss=0.012403, Pos=0.012280, Vel=0.00006129]Epoch 2/200 [TRAIN]:  50%|█████     | 2020/4032 [03:24<03:22,  9.91it/s, Loss=0.012399, Pos=0.012277, Vel=0.00006128]Epoch 2/200 [TRAIN]:  50%|█████     | 2022/4032 [03:24<03:27,  9.69it/s, Loss=0.012399, Pos=0.012277, Vel=0.00006128]Epoch 2/200 [TRAIN]:  50%|█████     | 2022/4032 [03:24<03:27,  9.69it/s, Loss=0.012409, Pos=0.012286, Vel=0.00006137]Epoch 2/200 [TRAIN]:  50%|█████     | 2022/4032 [03:24<03:27,  9.69it/s, Loss=0.012412, Pos=0.012289, Vel=0.00006137]Epoch 2/200 [TRAIN]:  50%|█████     | 2024/4032 [03:24<03:30,  9.52it/s, Loss=0.012412, Pos=0.012289, Vel=0.00006137]Epoch 2/200 [TRAIN]:  50%|█████     | 2024/4032 [03:24<03:30,  9.52it/s, Loss=0.012407, Pos=0.012284, Vel=0.00006135]Epoch 2/200 [TRAIN]:  50%|█████     | 2024/4032 [03:24<03:30,  9.52it/s, Loss=0.012402, Pos=0.012279, Vel=0.00006135]Epoch 2/200 [TRAIN]:  50%|█████     | 2026/4032 [03:24<03:27,  9.67it/s, Loss=0.012402, Pos=0.012279, Vel=0.00006135]Epoch 2/200 [TRAIN]:  50%|█████     | 2026/4032 [03:24<03:27,  9.67it/s, Loss=0.012399, Pos=0.012277, Vel=0.00006135]Epoch 2/200 [TRAIN]:  50%|█████     | 2027/4032 [03:24<03:28,  9.64it/s, Loss=0.012399, Pos=0.012277, Vel=0.00006135]Epoch 2/200 [TRAIN]:  50%|█████     | 2027/4032 [03:25<03:28,  9.64it/s, Loss=0.012399, Pos=0.012276, Vel=0.00006135]Epoch 2/200 [TRAIN]:  50%|█████     | 2028/4032 [03:25<03:26,  9.70it/s, Loss=0.012399, Pos=0.012276, Vel=0.00006135]Epoch 2/200 [TRAIN]:  50%|█████     | 2028/4032 [03:25<03:26,  9.70it/s, Loss=0.012397, Pos=0.012274, Vel=0.00006137]Epoch 2/200 [TRAIN]:  50%|█████     | 2029/4032 [03:25<03:33,  9.39it/s, Loss=0.012397, Pos=0.012274, Vel=0.00006137]Epoch 2/200 [TRAIN]:  50%|█████     | 2029/4032 [03:25<03:33,  9.39it/s, Loss=0.012396, Pos=0.012274, Vel=0.00006139]Epoch 2/200 [TRAIN]:  50%|█████     | 2030/4032 [03:25<03:30,  9.49it/s, Loss=0.012396, Pos=0.012274, Vel=0.00006139]Epoch 2/200 [TRAIN]:  50%|█████     | 2030/4032 [03:25<03:30,  9.49it/s, Loss=0.012394, Pos=0.012271, Vel=0.00006138]Epoch 2/200 [TRAIN]:  50%|█████     | 2030/4032 [03:25<03:30,  9.49it/s, Loss=0.012405, Pos=0.012282, Vel=0.00006143]Epoch 2/200 [TRAIN]:  50%|█████     | 2032/4032 [03:25<03:28,  9.59it/s, Loss=0.012405, Pos=0.012282, Vel=0.00006143]Epoch 2/200 [TRAIN]:  50%|█████     | 2032/4032 [03:25<03:28,  9.59it/s, Loss=0.012401, Pos=0.012278, Vel=0.00006141]Epoch 2/200 [TRAIN]:  50%|█████     | 2032/4032 [03:25<03:28,  9.59it/s, Loss=0.012401, Pos=0.012278, Vel=0.00006140]Epoch 2/200 [TRAIN]:  50%|█████     | 2034/4032 [03:25<03:32,  9.41it/s, Loss=0.012401, Pos=0.012278, Vel=0.00006140]Epoch 2/200 [TRAIN]:  50%|█████     | 2034/4032 [03:25<03:32,  9.41it/s, Loss=0.012399, Pos=0.012277, Vel=0.00006139]Epoch 2/200 [TRAIN]:  50%|█████     | 2035/4032 [03:25<03:30,  9.49it/s, Loss=0.012399, Pos=0.012277, Vel=0.00006139]Epoch 2/200 [TRAIN]:  50%|█████     | 2035/4032 [03:25<03:30,  9.49it/s, Loss=0.012402, Pos=0.012279, Vel=0.00006139]Epoch 2/200 [TRAIN]:  50%|█████     | 2035/4032 [03:25<03:30,  9.49it/s, Loss=0.012404, Pos=0.012281, Vel=0.00006146]Epoch 2/200 [TRAIN]:  51%|█████     | 2037/4032 [03:25<03:29,  9.53it/s, Loss=0.012404, Pos=0.012281, Vel=0.00006146]Epoch 2/200 [TRAIN]:  51%|█████     | 2037/4032 [03:26<03:29,  9.53it/s, Loss=0.012400, Pos=0.012277, Vel=0.00006148]Epoch 2/200 [TRAIN]:  51%|█████     | 2038/4032 [03:26<03:34,  9.31it/s, Loss=0.012400, Pos=0.012277, Vel=0.00006148]Epoch 2/200 [TRAIN]:  51%|█████     | 2038/4032 [03:26<03:34,  9.31it/s, Loss=0.012400, Pos=0.012277, Vel=0.00006148]Epoch 2/200 [TRAIN]:  51%|█████     | 2039/4032 [03:26<03:30,  9.45it/s, Loss=0.012400, Pos=0.012277, Vel=0.00006148]Epoch 2/200 [TRAIN]:  51%|█████     | 2039/4032 [03:26<03:30,  9.45it/s, Loss=0.012397, Pos=0.012274, Vel=0.00006146]Epoch 2/200 [TRAIN]:  51%|█████     | 2039/4032 [03:26<03:30,  9.45it/s, Loss=0.012396, Pos=0.012273, Vel=0.00006145]Epoch 2/200 [TRAIN]:  51%|█████     | 2041/4032 [03:26<03:04, 10.79it/s, Loss=0.012396, Pos=0.012273, Vel=0.00006145]Epoch 2/200 [TRAIN]:  51%|█████     | 2041/4032 [03:26<03:04, 10.79it/s, Loss=0.012396, Pos=0.012273, Vel=0.00006146]Epoch 2/200 [TRAIN]:  51%|█████     | 2041/4032 [03:26<03:04, 10.79it/s, Loss=0.012392, Pos=0.012269, Vel=0.00006144]Epoch 2/200 [TRAIN]:  51%|█████     | 2043/4032 [03:26<03:06, 10.64it/s, Loss=0.012392, Pos=0.012269, Vel=0.00006144]Epoch 2/200 [TRAIN]:  51%|█████     | 2043/4032 [03:26<03:06, 10.64it/s, Loss=0.012392, Pos=0.012270, Vel=0.00006143]Epoch 2/200 [TRAIN]:  51%|█████     | 2043/4032 [03:26<03:06, 10.64it/s, Loss=0.012390, Pos=0.012267, Vel=0.00006142]Epoch 2/200 [TRAIN]:  51%|█████     | 2045/4032 [03:26<03:16, 10.13it/s, Loss=0.012390, Pos=0.012267, Vel=0.00006142]Epoch 2/200 [TRAIN]:  51%|█████     | 2045/4032 [03:26<03:16, 10.13it/s, Loss=0.012385, Pos=0.012262, Vel=0.00006141]Epoch 2/200 [TRAIN]:  51%|█████     | 2045/4032 [03:26<03:16, 10.13it/s, Loss=0.012380, Pos=0.012257, Vel=0.00006140]Epoch 2/200 [TRAIN]:  51%|█████     | 2047/4032 [03:26<03:23,  9.76it/s, Loss=0.012380, Pos=0.012257, Vel=0.00006140]Epoch 2/200 [TRAIN]:  51%|█████     | 2047/4032 [03:27<03:23,  9.76it/s, Loss=0.012377, Pos=0.012254, Vel=0.00006143]Epoch 2/200 [TRAIN]:  51%|█████     | 2048/4032 [03:27<03:27,  9.56it/s, Loss=0.012377, Pos=0.012254, Vel=0.00006143]Epoch 2/200 [TRAIN]:  51%|█████     | 2048/4032 [03:27<03:27,  9.56it/s, Loss=0.012380, Pos=0.012258, Vel=0.00006145]Epoch 2/200 [TRAIN]:  51%|█████     | 2048/4032 [03:27<03:27,  9.56it/s, Loss=0.012381, Pos=0.012258, Vel=0.00006145]Epoch 2/200 [TRAIN]:  51%|█████     | 2050/4032 [03:27<03:25,  9.64it/s, Loss=0.012381, Pos=0.012258, Vel=0.00006145]Epoch 2/200 [TRAIN]:  51%|█████     | 2050/4032 [03:27<03:25,  9.64it/s, Loss=0.012384, Pos=0.012261, Vel=0.00006146]Epoch 2/200 [TRAIN]:  51%|█████     | 2051/4032 [03:27<03:31,  9.35it/s, Loss=0.012384, Pos=0.012261, Vel=0.00006146]Epoch 2/200 [TRAIN]:  51%|█████     | 2051/4032 [03:27<03:31,  9.35it/s, Loss=0.012398, Pos=0.012275, Vel=0.00006144]Epoch 2/200 [TRAIN]:  51%|█████     | 2051/4032 [03:27<03:31,  9.35it/s, Loss=0.012400, Pos=0.012277, Vel=0.00006147]Epoch 2/200 [TRAIN]:  51%|█████     | 2053/4032 [03:27<03:27,  9.55it/s, Loss=0.012400, Pos=0.012277, Vel=0.00006147]Epoch 2/200 [TRAIN]:  51%|█████     | 2053/4032 [03:27<03:27,  9.55it/s, Loss=0.012396, Pos=0.012273, Vel=0.00006147]Epoch 2/200 [TRAIN]:  51%|█████     | 2054/4032 [03:27<03:28,  9.47it/s, Loss=0.012396, Pos=0.012273, Vel=0.00006147]Epoch 2/200 [TRAIN]:  51%|█████     | 2054/4032 [03:27<03:28,  9.47it/s, Loss=0.012392, Pos=0.012269, Vel=0.00006147]Epoch 2/200 [TRAIN]:  51%|█████     | 2055/4032 [03:27<03:31,  9.36it/s, Loss=0.012392, Pos=0.012269, Vel=0.00006147]Epoch 2/200 [TRAIN]:  51%|█████     | 2055/4032 [03:27<03:31,  9.36it/s, Loss=0.012399, Pos=0.012276, Vel=0.00006148]Epoch 2/200 [TRAIN]:  51%|█████     | 2056/4032 [03:27<03:33,  9.26it/s, Loss=0.012399, Pos=0.012276, Vel=0.00006148]Epoch 2/200 [TRAIN]:  51%|█████     | 2056/4032 [03:28<03:33,  9.26it/s, Loss=0.012397, Pos=0.012274, Vel=0.00006148]Epoch 2/200 [TRAIN]:  51%|█████     | 2057/4032 [03:28<03:34,  9.20it/s, Loss=0.012397, Pos=0.012274, Vel=0.00006148]Epoch 2/200 [TRAIN]:  51%|█████     | 2057/4032 [03:28<03:34,  9.20it/s, Loss=0.012395, Pos=0.012272, Vel=0.00006148]Epoch 2/200 [TRAIN]:  51%|█████     | 2058/4032 [03:28<03:32,  9.27it/s, Loss=0.012395, Pos=0.012272, Vel=0.00006148]Epoch 2/200 [TRAIN]:  51%|█████     | 2058/4032 [03:28<03:32,  9.27it/s, Loss=0.012396, Pos=0.012273, Vel=0.00006150]Epoch 2/200 [TRAIN]:  51%|█████     | 2059/4032 [03:28<03:32,  9.27it/s, Loss=0.012396, Pos=0.012273, Vel=0.00006150]Epoch 2/200 [TRAIN]:  51%|█████     | 2059/4032 [03:28<03:32,  9.27it/s, Loss=0.012392, Pos=0.012269, Vel=0.00006149]Epoch 2/200 [TRAIN]:  51%|█████     | 2060/4032 [03:28<03:32,  9.28it/s, Loss=0.012392, Pos=0.012269, Vel=0.00006149]Epoch 2/200 [TRAIN]:  51%|█████     | 2060/4032 [03:28<03:32,  9.28it/s, Loss=0.012392, Pos=0.012269, Vel=0.00006154]Epoch 2/200 [TRAIN]:  51%|█████     | 2061/4032 [03:28<03:28,  9.47it/s, Loss=0.012392, Pos=0.012269, Vel=0.00006154]Epoch 2/200 [TRAIN]:  51%|█████     | 2061/4032 [03:28<03:28,  9.47it/s, Loss=0.012396, Pos=0.012273, Vel=0.00006156]Epoch 2/200 [TRAIN]:  51%|█████     | 2062/4032 [03:28<03:32,  9.27it/s, Loss=0.012396, Pos=0.012273, Vel=0.00006156]Epoch 2/200 [TRAIN]:  51%|█████     | 2062/4032 [03:28<03:32,  9.27it/s, Loss=0.012397, Pos=0.012274, Vel=0.00006163]Epoch 2/200 [TRAIN]:  51%|█████     | 2063/4032 [03:28<03:28,  9.42it/s, Loss=0.012397, Pos=0.012274, Vel=0.00006163]Epoch 2/200 [TRAIN]:  51%|█████     | 2063/4032 [03:28<03:28,  9.42it/s, Loss=0.012393, Pos=0.012270, Vel=0.00006161]Epoch 2/200 [TRAIN]:  51%|█████     | 2064/4032 [03:28<03:31,  9.30it/s, Loss=0.012393, Pos=0.012270, Vel=0.00006161]Epoch 2/200 [TRAIN]:  51%|█████     | 2064/4032 [03:28<03:31,  9.30it/s, Loss=0.012392, Pos=0.012268, Vel=0.00006163]Epoch 2/200 [TRAIN]:  51%|█████     | 2065/4032 [03:28<03:38,  8.99it/s, Loss=0.012392, Pos=0.012268, Vel=0.00006163]Epoch 2/200 [TRAIN]:  51%|█████     | 2065/4032 [03:29<03:38,  8.99it/s, Loss=0.012392, Pos=0.012268, Vel=0.00006163]Epoch 2/200 [TRAIN]:  51%|█████     | 2065/4032 [03:29<03:38,  8.99it/s, Loss=0.012393, Pos=0.012269, Vel=0.00006162]Epoch 2/200 [TRAIN]:  51%|█████▏    | 2067/4032 [03:29<02:52, 11.41it/s, Loss=0.012393, Pos=0.012269, Vel=0.00006162]Epoch 2/200 [TRAIN]:  51%|█████▏    | 2067/4032 [03:29<02:52, 11.41it/s, Loss=0.012391, Pos=0.012267, Vel=0.00006161]Epoch 2/200 [TRAIN]:  51%|█████▏    | 2067/4032 [03:29<02:52, 11.41it/s, Loss=0.012391, Pos=0.012268, Vel=0.00006160]Epoch 2/200 [TRAIN]:  51%|█████▏    | 2069/4032 [03:29<02:42, 12.11it/s, Loss=0.012391, Pos=0.012268, Vel=0.00006160]Epoch 2/200 [TRAIN]:  51%|█████▏    | 2069/4032 [03:29<02:42, 12.11it/s, Loss=0.012390, Pos=0.012267, Vel=0.00006159]Epoch 2/200 [TRAIN]:  51%|█████▏    | 2069/4032 [03:29<02:42, 12.11it/s, Loss=0.012386, Pos=0.012263, Vel=0.00006157]Epoch 2/200 [TRAIN]:  51%|█████▏    | 2071/4032 [03:29<02:22, 13.74it/s, Loss=0.012386, Pos=0.012263, Vel=0.00006157]Epoch 2/200 [TRAIN]:  51%|█████▏    | 2071/4032 [03:29<02:22, 13.74it/s, Loss=0.012382, Pos=0.012259, Vel=0.00006156]Epoch 2/200 [TRAIN]:  51%|█████▏    | 2071/4032 [03:29<02:22, 13.74it/s, Loss=0.012380, Pos=0.012257, Vel=0.00006155]Epoch 2/200 [TRAIN]:  51%|█████▏    | 2073/4032 [03:29<02:19, 14.04it/s, Loss=0.012380, Pos=0.012257, Vel=0.00006155]Epoch 2/200 [TRAIN]:  51%|█████▏    | 2073/4032 [03:29<02:19, 14.04it/s, Loss=0.012379, Pos=0.012256, Vel=0.00006153]Epoch 2/200 [TRAIN]:  51%|█████▏    | 2073/4032 [03:29<02:19, 14.04it/s, Loss=0.012375, Pos=0.012252, Vel=0.00006152]Epoch 2/200 [TRAIN]:  51%|█████▏    | 2075/4032 [03:29<02:43, 11.94it/s, Loss=0.012375, Pos=0.012252, Vel=0.00006152]Epoch 2/200 [TRAIN]:  51%|█████▏    | 2075/4032 [03:29<02:43, 11.94it/s, Loss=0.012378, Pos=0.012255, Vel=0.00006150]Epoch 2/200 [TRAIN]:  51%|█████▏    | 2075/4032 [03:29<02:43, 11.94it/s, Loss=0.012376, Pos=0.012253, Vel=0.00006149]Epoch 2/200 [TRAIN]:  52%|█████▏    | 2077/4032 [03:29<02:57, 11.00it/s, Loss=0.012376, Pos=0.012253, Vel=0.00006149]Epoch 2/200 [TRAIN]:  52%|█████▏    | 2077/4032 [03:29<02:57, 11.00it/s, Loss=0.012375, Pos=0.012252, Vel=0.00006147]Epoch 2/200 [TRAIN]:  52%|█████▏    | 2077/4032 [03:30<02:57, 11.00it/s, Loss=0.012373, Pos=0.012250, Vel=0.00006146]Epoch 2/200 [TRAIN]:  52%|█████▏    | 2079/4032 [03:30<03:04, 10.61it/s, Loss=0.012373, Pos=0.012250, Vel=0.00006146]Epoch 2/200 [TRAIN]:  52%|█████▏    | 2079/4032 [03:30<03:04, 10.61it/s, Loss=0.012370, Pos=0.012247, Vel=0.00006144]Epoch 2/200 [TRAIN]:  52%|█████▏    | 2079/4032 [03:30<03:04, 10.61it/s, Loss=0.012369, Pos=0.012246, Vel=0.00006142]Epoch 2/200 [TRAIN]:  52%|█████▏    | 2081/4032 [03:30<03:10, 10.25it/s, Loss=0.012369, Pos=0.012246, Vel=0.00006142]Epoch 2/200 [TRAIN]:  52%|█████▏    | 2081/4032 [03:30<03:10, 10.25it/s, Loss=0.012365, Pos=0.012242, Vel=0.00006140]Epoch 2/200 [TRAIN]:  52%|█████▏    | 2081/4032 [03:30<03:10, 10.25it/s, Loss=0.012366, Pos=0.012243, Vel=0.00006144]Epoch 2/200 [TRAIN]:  52%|█████▏    | 2083/4032 [03:30<03:14, 10.00it/s, Loss=0.012366, Pos=0.012243, Vel=0.00006144]Epoch 2/200 [TRAIN]:  52%|█████▏    | 2083/4032 [03:30<03:14, 10.00it/s, Loss=0.012365, Pos=0.012242, Vel=0.00006146]Epoch 2/200 [TRAIN]:  52%|█████▏    | 2083/4032 [03:30<03:14, 10.00it/s, Loss=0.012377, Pos=0.012254, Vel=0.00006155]Epoch 2/200 [TRAIN]:  52%|█████▏    | 2085/4032 [03:30<03:06, 10.43it/s, Loss=0.012377, Pos=0.012254, Vel=0.00006155]Epoch 2/200 [TRAIN]:  52%|█████▏    | 2085/4032 [03:30<03:06, 10.43it/s, Loss=0.012373, Pos=0.012250, Vel=0.00006154]Epoch 2/200 [TRAIN]:  52%|█████▏    | 2085/4032 [03:30<03:06, 10.43it/s, Loss=0.012374, Pos=0.012251, Vel=0.00006154]Epoch 2/200 [TRAIN]:  52%|█████▏    | 2087/4032 [03:30<03:08, 10.31it/s, Loss=0.012374, Pos=0.012251, Vel=0.00006154]Epoch 2/200 [TRAIN]:  52%|█████▏    | 2087/4032 [03:30<03:08, 10.31it/s, Loss=0.012373, Pos=0.012250, Vel=0.00006157]Epoch 2/200 [TRAIN]:  52%|█████▏    | 2087/4032 [03:31<03:08, 10.31it/s, Loss=0.012370, Pos=0.012246, Vel=0.00006155]Epoch 2/200 [TRAIN]:  52%|█████▏    | 2089/4032 [03:31<03:12, 10.10it/s, Loss=0.012370, Pos=0.012246, Vel=0.00006155]Epoch 2/200 [TRAIN]:  52%|█████▏    | 2089/4032 [03:31<03:12, 10.10it/s, Loss=0.012382, Pos=0.012259, Vel=0.00006157]Epoch 2/200 [TRAIN]:  52%|█████▏    | 2089/4032 [03:31<03:12, 10.10it/s, Loss=0.012383, Pos=0.012260, Vel=0.00006159]Epoch 2/200 [TRAIN]:  52%|█████▏    | 2091/4032 [03:31<03:16,  9.86it/s, Loss=0.012383, Pos=0.012260, Vel=0.00006159]Epoch 2/200 [TRAIN]:  52%|█████▏    | 2091/4032 [03:31<03:16,  9.86it/s, Loss=0.012382, Pos=0.012259, Vel=0.00006160]Epoch 2/200 [TRAIN]:  52%|█████▏    | 2091/4032 [03:31<03:16,  9.86it/s, Loss=0.012400, Pos=0.012276, Vel=0.00006169]Epoch 2/200 [TRAIN]:  52%|█████▏    | 2093/4032 [03:31<03:15,  9.91it/s, Loss=0.012400, Pos=0.012276, Vel=0.00006169]Epoch 2/200 [TRAIN]:  52%|█████▏    | 2093/4032 [03:31<03:15,  9.91it/s, Loss=0.012397, Pos=0.012273, Vel=0.00006169]Epoch 2/200 [TRAIN]:  52%|█████▏    | 2094/4032 [03:31<03:18,  9.75it/s, Loss=0.012397, Pos=0.012273, Vel=0.00006169]Epoch 2/200 [TRAIN]:  52%|█████▏    | 2094/4032 [03:31<03:18,  9.75it/s, Loss=0.012395, Pos=0.012272, Vel=0.00006168]Epoch 2/200 [TRAIN]:  52%|█████▏    | 2095/4032 [03:31<03:17,  9.80it/s, Loss=0.012395, Pos=0.012272, Vel=0.00006168]Epoch 2/200 [TRAIN]:  52%|█████▏    | 2095/4032 [03:31<03:17,  9.80it/s, Loss=0.012397, Pos=0.012274, Vel=0.00006169]Epoch 2/200 [TRAIN]:  52%|█████▏    | 2095/4032 [03:31<03:17,  9.80it/s, Loss=0.012406, Pos=0.012283, Vel=0.00006167]Epoch 2/200 [TRAIN]:  52%|█████▏    | 2097/4032 [03:31<03:16,  9.85it/s, Loss=0.012406, Pos=0.012283, Vel=0.00006167]Epoch 2/200 [TRAIN]:  52%|█████▏    | 2097/4032 [03:31<03:16,  9.85it/s, Loss=0.012424, Pos=0.012301, Vel=0.00006167]Epoch 2/200 [TRAIN]:  52%|█████▏    | 2097/4032 [03:32<03:16,  9.85it/s, Loss=0.012423, Pos=0.012300, Vel=0.00006168]Epoch 2/200 [TRAIN]:  52%|█████▏    | 2099/4032 [03:32<03:20,  9.62it/s, Loss=0.012423, Pos=0.012300, Vel=0.00006168]Epoch 2/200 [TRAIN]:  52%|█████▏    | 2099/4032 [03:32<03:20,  9.62it/s, Loss=0.012421, Pos=0.012297, Vel=0.00006168]Epoch 2/200 [TRAIN]:  52%|█████▏    | 2100/4032 [03:32<03:19,  9.68it/s, Loss=0.012421, Pos=0.012297, Vel=0.00006168]Epoch 2/200 [TRAIN]:  52%|█████▏    | 2100/4032 [03:32<03:19,  9.68it/s, Loss=0.012418, Pos=0.012295, Vel=0.00006168]Epoch 2/200 [TRAIN]:  52%|█████▏    | 2101/4032 [03:32<03:26,  9.33it/s, Loss=0.012418, Pos=0.012295, Vel=0.00006168]Epoch 2/200 [TRAIN]:  52%|█████▏    | 2101/4032 [03:32<03:26,  9.33it/s, Loss=0.012420, Pos=0.012296, Vel=0.00006172]Epoch 2/200 [TRAIN]:  52%|█████▏    | 2101/4032 [03:32<03:26,  9.33it/s, Loss=0.012419, Pos=0.012295, Vel=0.00006170]Epoch 2/200 [TRAIN]:  52%|█████▏    | 2103/4032 [03:32<03:21,  9.57it/s, Loss=0.012419, Pos=0.012295, Vel=0.00006170]Epoch 2/200 [TRAIN]:  52%|█████▏    | 2103/4032 [03:32<03:21,  9.57it/s, Loss=0.012418, Pos=0.012294, Vel=0.00006171]Epoch 2/200 [TRAIN]:  52%|█████▏    | 2104/4032 [03:32<03:25,  9.39it/s, Loss=0.012418, Pos=0.012294, Vel=0.00006171]Epoch 2/200 [TRAIN]:  52%|█████▏    | 2104/4032 [03:32<03:25,  9.39it/s, Loss=0.012415, Pos=0.012291, Vel=0.00006168]Epoch 2/200 [TRAIN]:  52%|█████▏    | 2105/4032 [03:32<03:27,  9.29it/s, Loss=0.012415, Pos=0.012291, Vel=0.00006168]Epoch 2/200 [TRAIN]:  52%|█████▏    | 2105/4032 [03:32<03:27,  9.29it/s, Loss=0.012413, Pos=0.012289, Vel=0.00006167]Epoch 2/200 [TRAIN]:  52%|█████▏    | 2106/4032 [03:32<03:25,  9.37it/s, Loss=0.012413, Pos=0.012289, Vel=0.00006167]Epoch 2/200 [TRAIN]:  52%|█████▏    | 2106/4032 [03:32<03:25,  9.37it/s, Loss=0.012410, Pos=0.012287, Vel=0.00006179]Epoch 2/200 [TRAIN]:  52%|█████▏    | 2107/4032 [03:32<03:28,  9.22it/s, Loss=0.012410, Pos=0.012287, Vel=0.00006179]Epoch 2/200 [TRAIN]:  52%|█████▏    | 2107/4032 [03:33<03:28,  9.22it/s, Loss=0.012407, Pos=0.012283, Vel=0.00006177]Epoch 2/200 [TRAIN]:  52%|█████▏    | 2108/4032 [03:33<03:32,  9.04it/s, Loss=0.012407, Pos=0.012283, Vel=0.00006177]Epoch 2/200 [TRAIN]:  52%|█████▏    | 2108/4032 [03:33<03:32,  9.04it/s, Loss=0.012410, Pos=0.012287, Vel=0.00006176]Epoch 2/200 [TRAIN]:  52%|█████▏    | 2108/4032 [03:33<03:32,  9.04it/s, Loss=0.012408, Pos=0.012284, Vel=0.00006176]Epoch 2/200 [TRAIN]:  52%|█████▏    | 2110/4032 [03:33<03:08, 10.21it/s, Loss=0.012408, Pos=0.012284, Vel=0.00006176]Epoch 2/200 [TRAIN]:  52%|█████▏    | 2110/4032 [03:33<03:08, 10.21it/s, Loss=0.012411, Pos=0.012288, Vel=0.00006180]Epoch 2/200 [TRAIN]:  52%|█████▏    | 2110/4032 [03:33<03:08, 10.21it/s, Loss=0.012407, Pos=0.012284, Vel=0.00006183]Epoch 2/200 [TRAIN]:  52%|█████▏    | 2112/4032 [03:33<02:50, 11.25it/s, Loss=0.012407, Pos=0.012284, Vel=0.00006183]Epoch 2/200 [TRAIN]:  52%|█████▏    | 2112/4032 [03:33<02:50, 11.25it/s, Loss=0.012414, Pos=0.012291, Vel=0.00006184]Epoch 2/200 [TRAIN]:  52%|█████▏    | 2112/4032 [03:33<02:50, 11.25it/s, Loss=0.012414, Pos=0.012290, Vel=0.00006189]Epoch 2/200 [TRAIN]:  52%|█████▏    | 2114/4032 [03:33<03:00, 10.61it/s, Loss=0.012414, Pos=0.012290, Vel=0.00006189]Epoch 2/200 [TRAIN]:  52%|█████▏    | 2114/4032 [03:33<03:00, 10.61it/s, Loss=0.012416, Pos=0.012292, Vel=0.00006189]Epoch 2/200 [TRAIN]:  52%|█████▏    | 2114/4032 [03:33<03:00, 10.61it/s, Loss=0.012416, Pos=0.012293, Vel=0.00006187]Epoch 2/200 [TRAIN]:  52%|█████▏    | 2116/4032 [03:33<03:11, 10.01it/s, Loss=0.012416, Pos=0.012293, Vel=0.00006187]Epoch 2/200 [TRAIN]:  52%|█████▏    | 2116/4032 [03:33<03:11, 10.01it/s, Loss=0.012411, Pos=0.012287, Vel=0.00006186]Epoch 2/200 [TRAIN]:  52%|█████▏    | 2116/4032 [03:34<03:11, 10.01it/s, Loss=0.012410, Pos=0.012286, Vel=0.00006185]Epoch 2/200 [TRAIN]:  53%|█████▎    | 2118/4032 [03:34<03:19,  9.58it/s, Loss=0.012410, Pos=0.012286, Vel=0.00006185]Epoch 2/200 [TRAIN]:  53%|█████▎    | 2118/4032 [03:34<03:19,  9.58it/s, Loss=0.012409, Pos=0.012285, Vel=0.00006184]Epoch 2/200 [TRAIN]:  53%|█████▎    | 2119/4032 [03:34<03:18,  9.63it/s, Loss=0.012409, Pos=0.012285, Vel=0.00006184]Epoch 2/200 [TRAIN]:  53%|█████▎    | 2119/4032 [03:34<03:18,  9.63it/s, Loss=0.012404, Pos=0.012281, Vel=0.00006182]Epoch 2/200 [TRAIN]:  53%|█████▎    | 2120/4032 [03:34<03:18,  9.61it/s, Loss=0.012404, Pos=0.012281, Vel=0.00006182]Epoch 2/200 [TRAIN]:  53%|█████▎    | 2120/4032 [03:34<03:18,  9.61it/s, Loss=0.012403, Pos=0.012280, Vel=0.00006181]Epoch 2/200 [TRAIN]:  53%|█████▎    | 2121/4032 [03:34<03:20,  9.54it/s, Loss=0.012403, Pos=0.012280, Vel=0.00006181]Epoch 2/200 [TRAIN]:  53%|█████▎    | 2121/4032 [03:34<03:20,  9.54it/s, Loss=0.012400, Pos=0.012277, Vel=0.00006179]Epoch 2/200 [TRAIN]:  53%|█████▎    | 2122/4032 [03:34<03:26,  9.25it/s, Loss=0.012400, Pos=0.012277, Vel=0.00006179]Epoch 2/200 [TRAIN]:  53%|█████▎    | 2122/4032 [03:34<03:26,  9.25it/s, Loss=0.012398, Pos=0.012275, Vel=0.00006180]Epoch 2/200 [TRAIN]:  53%|█████▎    | 2123/4032 [03:34<03:23,  9.40it/s, Loss=0.012398, Pos=0.012275, Vel=0.00006180]Epoch 2/200 [TRAIN]:  53%|█████▎    | 2123/4032 [03:34<03:23,  9.40it/s, Loss=0.012394, Pos=0.012270, Vel=0.00006178]Epoch 2/200 [TRAIN]:  53%|█████▎    | 2124/4032 [03:34<03:24,  9.31it/s, Loss=0.012394, Pos=0.012270, Vel=0.00006178]Epoch 2/200 [TRAIN]:  53%|█████▎    | 2124/4032 [03:34<03:24,  9.31it/s, Loss=0.012397, Pos=0.012274, Vel=0.00006178]Epoch 2/200 [TRAIN]:  53%|█████▎    | 2125/4032 [03:34<03:23,  9.37it/s, Loss=0.012397, Pos=0.012274, Vel=0.00006178]Epoch 2/200 [TRAIN]:  53%|█████▎    | 2125/4032 [03:34<03:23,  9.37it/s, Loss=0.012395, Pos=0.012272, Vel=0.00006176]Epoch 2/200 [TRAIN]:  53%|█████▎    | 2126/4032 [03:34<03:22,  9.41it/s, Loss=0.012395, Pos=0.012272, Vel=0.00006176]Epoch 2/200 [TRAIN]:  53%|█████▎    | 2126/4032 [03:35<03:22,  9.41it/s, Loss=0.012393, Pos=0.012269, Vel=0.00006174]Epoch 2/200 [TRAIN]:  53%|█████▎    | 2127/4032 [03:35<03:21,  9.46it/s, Loss=0.012393, Pos=0.012269, Vel=0.00006174]Epoch 2/200 [TRAIN]:  53%|█████▎    | 2127/4032 [03:35<03:21,  9.46it/s, Loss=0.012388, Pos=0.012264, Vel=0.00006172]Epoch 2/200 [TRAIN]:  53%|█████▎    | 2127/4032 [03:35<03:21,  9.46it/s, Loss=0.012390, Pos=0.012267, Vel=0.00006171]Epoch 2/200 [TRAIN]:  53%|█████▎    | 2129/4032 [03:35<02:51, 11.07it/s, Loss=0.012390, Pos=0.012267, Vel=0.00006171]Epoch 2/200 [TRAIN]:  53%|█████▎    | 2129/4032 [03:35<02:51, 11.07it/s, Loss=0.012387, Pos=0.012263, Vel=0.00006169]Epoch 2/200 [TRAIN]:  53%|█████▎    | 2129/4032 [03:35<02:51, 11.07it/s, Loss=0.012387, Pos=0.012264, Vel=0.00006169]Epoch 2/200 [TRAIN]:  53%|█████▎    | 2131/4032 [03:35<03:06, 10.22it/s, Loss=0.012387, Pos=0.012264, Vel=0.00006169]Epoch 2/200 [TRAIN]:  53%|█████▎    | 2131/4032 [03:35<03:06, 10.22it/s, Loss=0.012386, Pos=0.012262, Vel=0.00006174]Epoch 2/200 [TRAIN]:  53%|█████▎    | 2131/4032 [03:35<03:06, 10.22it/s, Loss=0.012381, Pos=0.012257, Vel=0.00006173]Epoch 2/200 [TRAIN]:  53%|█████▎    | 2133/4032 [03:35<02:43, 11.59it/s, Loss=0.012381, Pos=0.012257, Vel=0.00006173]Epoch 2/200 [TRAIN]:  53%|█████▎    | 2133/4032 [03:35<02:43, 11.59it/s, Loss=0.012389, Pos=0.012266, Vel=0.00006175]Epoch 2/200 [TRAIN]:  53%|█████▎    | 2133/4032 [03:35<02:43, 11.59it/s, Loss=0.012387, Pos=0.012263, Vel=0.00006175]Epoch 2/200 [TRAIN]:  53%|█████▎    | 2135/4032 [03:35<02:55, 10.84it/s, Loss=0.012387, Pos=0.012263, Vel=0.00006175]Epoch 2/200 [TRAIN]:  53%|█████▎    | 2135/4032 [03:35<02:55, 10.84it/s, Loss=0.012382, Pos=0.012259, Vel=0.00006173]Epoch 2/200 [TRAIN]:  53%|█████▎    | 2135/4032 [03:35<02:55, 10.84it/s, Loss=0.012385, Pos=0.012261, Vel=0.00006194]Epoch 2/200 [TRAIN]:  53%|█████▎    | 2137/4032 [03:35<03:04, 10.29it/s, Loss=0.012385, Pos=0.012261, Vel=0.00006194]Epoch 2/200 [TRAIN]:  53%|█████▎    | 2137/4032 [03:36<03:04, 10.29it/s, Loss=0.012387, Pos=0.012263, Vel=0.00006194]Epoch 2/200 [TRAIN]:  53%|█████▎    | 2137/4032 [03:36<03:04, 10.29it/s, Loss=0.012389, Pos=0.012265, Vel=0.00006194]Epoch 2/200 [TRAIN]:  53%|█████▎    | 2139/4032 [03:36<02:50, 11.08it/s, Loss=0.012389, Pos=0.012265, Vel=0.00006194]Epoch 2/200 [TRAIN]:  53%|█████▎    | 2139/4032 [03:36<02:50, 11.08it/s, Loss=0.012395, Pos=0.012272, Vel=0.00006197]Epoch 2/200 [TRAIN]:  53%|█████▎    | 2139/4032 [03:36<02:50, 11.08it/s, Loss=0.012396, Pos=0.012272, Vel=0.00006196]Epoch 2/200 [TRAIN]:  53%|█████▎    | 2141/4032 [03:36<03:00, 10.47it/s, Loss=0.012396, Pos=0.012272, Vel=0.00006196]Epoch 2/200 [TRAIN]:  53%|█████▎    | 2141/4032 [03:36<03:00, 10.47it/s, Loss=0.012404, Pos=0.012280, Vel=0.00006194]Epoch 2/200 [TRAIN]:  53%|█████▎    | 2141/4032 [03:36<03:00, 10.47it/s, Loss=0.012401, Pos=0.012277, Vel=0.00006193]Epoch 2/200 [TRAIN]:  53%|█████▎    | 2143/4032 [03:36<03:00, 10.46it/s, Loss=0.012401, Pos=0.012277, Vel=0.00006193]Epoch 2/200 [TRAIN]:  53%|█████▎    | 2143/4032 [03:36<03:00, 10.46it/s, Loss=0.012400, Pos=0.012276, Vel=0.00006192]Epoch 2/200 [TRAIN]:  53%|█████▎    | 2143/4032 [03:36<03:00, 10.46it/s, Loss=0.012407, Pos=0.012283, Vel=0.00006189]Epoch 2/200 [TRAIN]:  53%|█████▎    | 2145/4032 [03:36<02:46, 11.33it/s, Loss=0.012407, Pos=0.012283, Vel=0.00006189]Epoch 2/200 [TRAIN]:  53%|█████▎    | 2145/4032 [03:36<02:46, 11.33it/s, Loss=0.012405, Pos=0.012281, Vel=0.00006188]Epoch 2/200 [TRAIN]:  53%|█████▎    | 2145/4032 [03:36<02:46, 11.33it/s, Loss=0.012402, Pos=0.012278, Vel=0.00006186]Epoch 2/200 [TRAIN]:  53%|█████▎    | 2147/4032 [03:36<02:55, 10.72it/s, Loss=0.012402, Pos=0.012278, Vel=0.00006186]Epoch 2/200 [TRAIN]:  53%|█████▎    | 2147/4032 [03:36<02:55, 10.72it/s, Loss=0.012397, Pos=0.012274, Vel=0.00006184]Epoch 2/200 [TRAIN]:  53%|█████▎    | 2147/4032 [03:37<02:55, 10.72it/s, Loss=0.012393, Pos=0.012269, Vel=0.00006183]Epoch 2/200 [TRAIN]:  53%|█████▎    | 2149/4032 [03:37<03:06, 10.10it/s, Loss=0.012393, Pos=0.012269, Vel=0.00006183]Epoch 2/200 [TRAIN]:  53%|█████▎    | 2149/4032 [03:37<03:06, 10.10it/s, Loss=0.012393, Pos=0.012269, Vel=0.00006182]Epoch 2/200 [TRAIN]:  53%|█████▎    | 2149/4032 [03:37<03:06, 10.10it/s, Loss=0.012390, Pos=0.012266, Vel=0.00006179]Epoch 2/200 [TRAIN]:  53%|█████▎    | 2151/4032 [03:37<03:11,  9.81it/s, Loss=0.012390, Pos=0.012266, Vel=0.00006179]Epoch 2/200 [TRAIN]:  53%|█████▎    | 2151/4032 [03:37<03:11,  9.81it/s, Loss=0.012387, Pos=0.012263, Vel=0.00006178]Epoch 2/200 [TRAIN]:  53%|█████▎    | 2151/4032 [03:37<03:11,  9.81it/s, Loss=0.012385, Pos=0.012261, Vel=0.00006180]Epoch 2/200 [TRAIN]:  53%|█████▎    | 2153/4032 [03:37<03:16,  9.58it/s, Loss=0.012385, Pos=0.012261, Vel=0.00006180]Epoch 2/200 [TRAIN]:  53%|█████▎    | 2153/4032 [03:37<03:16,  9.58it/s, Loss=0.012380, Pos=0.012257, Vel=0.00006180]Epoch 2/200 [TRAIN]:  53%|█████▎    | 2154/4032 [03:37<03:16,  9.55it/s, Loss=0.012380, Pos=0.012257, Vel=0.00006180]Epoch 2/200 [TRAIN]:  53%|█████▎    | 2154/4032 [03:37<03:16,  9.55it/s, Loss=0.012379, Pos=0.012256, Vel=0.00006179]Epoch 2/200 [TRAIN]:  53%|█████▎    | 2155/4032 [03:37<03:15,  9.59it/s, Loss=0.012379, Pos=0.012256, Vel=0.00006179]Epoch 2/200 [TRAIN]:  53%|█████▎    | 2155/4032 [03:37<03:15,  9.59it/s, Loss=0.012381, Pos=0.012257, Vel=0.00006181]Epoch 2/200 [TRAIN]:  53%|█████▎    | 2156/4032 [03:37<03:21,  9.30it/s, Loss=0.012381, Pos=0.012257, Vel=0.00006181]Epoch 2/200 [TRAIN]:  53%|█████▎    | 2156/4032 [03:37<03:21,  9.30it/s, Loss=0.012377, Pos=0.012253, Vel=0.00006179]Epoch 2/200 [TRAIN]:  53%|█████▎    | 2156/4032 [03:38<03:21,  9.30it/s, Loss=0.012373, Pos=0.012250, Vel=0.00006177]Epoch 2/200 [TRAIN]:  54%|█████▎    | 2158/4032 [03:38<03:20,  9.35it/s, Loss=0.012373, Pos=0.012250, Vel=0.00006177]Epoch 2/200 [TRAIN]:  54%|█████▎    | 2158/4032 [03:38<03:20,  9.35it/s, Loss=0.012385, Pos=0.012262, Vel=0.00006174]Epoch 2/200 [TRAIN]:  54%|█████▎    | 2158/4032 [03:38<03:20,  9.35it/s, Loss=0.012414, Pos=0.012290, Vel=0.00006173]Epoch 2/200 [TRAIN]:  54%|█████▎    | 2160/4032 [03:38<03:17,  9.46it/s, Loss=0.012414, Pos=0.012290, Vel=0.00006173]Epoch 2/200 [TRAIN]:  54%|█████▎    | 2160/4032 [03:38<03:17,  9.46it/s, Loss=0.012413, Pos=0.012289, Vel=0.00006178]Epoch 2/200 [TRAIN]:  54%|█████▎    | 2161/4032 [03:38<03:21,  9.29it/s, Loss=0.012413, Pos=0.012289, Vel=0.00006178]Epoch 2/200 [TRAIN]:  54%|█████▎    | 2161/4032 [03:38<03:21,  9.29it/s, Loss=0.012410, Pos=0.012287, Vel=0.00006178]Epoch 2/200 [TRAIN]:  54%|█████▎    | 2162/4032 [03:38<03:18,  9.41it/s, Loss=0.012410, Pos=0.012287, Vel=0.00006178]Epoch 2/200 [TRAIN]:  54%|█████▎    | 2162/4032 [03:38<03:18,  9.41it/s, Loss=0.012415, Pos=0.012292, Vel=0.00006181]Epoch 2/200 [TRAIN]:  54%|█████▎    | 2163/4032 [03:38<03:19,  9.37it/s, Loss=0.012415, Pos=0.012292, Vel=0.00006181]Epoch 2/200 [TRAIN]:  54%|█████▎    | 2163/4032 [03:38<03:19,  9.37it/s, Loss=0.012416, Pos=0.012292, Vel=0.00006183]Epoch 2/200 [TRAIN]:  54%|█████▎    | 2164/4032 [03:38<03:16,  9.50it/s, Loss=0.012416, Pos=0.012292, Vel=0.00006183]Epoch 2/200 [TRAIN]:  54%|█████▎    | 2164/4032 [03:38<03:16,  9.50it/s, Loss=0.012414, Pos=0.012291, Vel=0.00006182]Epoch 2/200 [TRAIN]:  54%|█████▎    | 2165/4032 [03:38<03:20,  9.29it/s, Loss=0.012414, Pos=0.012291, Vel=0.00006182]Epoch 2/200 [TRAIN]:  54%|█████▎    | 2165/4032 [03:38<03:20,  9.29it/s, Loss=0.012409, Pos=0.012286, Vel=0.00006180]Epoch 2/200 [TRAIN]:  54%|█████▎    | 2165/4032 [03:38<03:20,  9.29it/s, Loss=0.012405, Pos=0.012281, Vel=0.00006181]Epoch 2/200 [TRAIN]:  54%|█████▎    | 2167/4032 [03:38<02:57, 10.53it/s, Loss=0.012405, Pos=0.012281, Vel=0.00006181]Epoch 2/200 [TRAIN]:  54%|█████▎    | 2167/4032 [03:39<02:57, 10.53it/s, Loss=0.012405, Pos=0.012282, Vel=0.00006180]Epoch 2/200 [TRAIN]:  54%|█████▎    | 2167/4032 [03:39<02:57, 10.53it/s, Loss=0.012403, Pos=0.012280, Vel=0.00006179]Epoch 2/200 [TRAIN]:  54%|█████▍    | 2169/4032 [03:39<03:03, 10.15it/s, Loss=0.012403, Pos=0.012280, Vel=0.00006179]Epoch 2/200 [TRAIN]:  54%|█████▍    | 2169/4032 [03:39<03:03, 10.15it/s, Loss=0.012401, Pos=0.012277, Vel=0.00006177]Epoch 2/200 [TRAIN]:  54%|█████▍    | 2169/4032 [03:39<03:03, 10.15it/s, Loss=0.012397, Pos=0.012273, Vel=0.00006175]Epoch 2/200 [TRAIN]:  54%|█████▍    | 2171/4032 [03:39<03:08,  9.88it/s, Loss=0.012397, Pos=0.012273, Vel=0.00006175]Epoch 2/200 [TRAIN]:  54%|█████▍    | 2171/4032 [03:39<03:08,  9.88it/s, Loss=0.012396, Pos=0.012273, Vel=0.00006175]Epoch 2/200 [TRAIN]:  54%|█████▍    | 2172/4032 [03:39<03:12,  9.66it/s, Loss=0.012396, Pos=0.012273, Vel=0.00006175]Epoch 2/200 [TRAIN]:  54%|█████▍    | 2172/4032 [03:39<03:12,  9.66it/s, Loss=0.012392, Pos=0.012269, Vel=0.00006173]Epoch 2/200 [TRAIN]:  54%|█████▍    | 2172/4032 [03:39<03:12,  9.66it/s, Loss=0.012388, Pos=0.012265, Vel=0.00006171]Epoch 2/200 [TRAIN]:  54%|█████▍    | 2174/4032 [03:39<03:14,  9.56it/s, Loss=0.012388, Pos=0.012265, Vel=0.00006171]Epoch 2/200 [TRAIN]:  54%|█████▍    | 2174/4032 [03:39<03:14,  9.56it/s, Loss=0.012385, Pos=0.012262, Vel=0.00006170]Epoch 2/200 [TRAIN]:  54%|█████▍    | 2174/4032 [03:39<03:14,  9.56it/s, Loss=0.012384, Pos=0.012260, Vel=0.00006175]Epoch 2/200 [TRAIN]:  54%|█████▍    | 2176/4032 [03:39<03:16,  9.46it/s, Loss=0.012384, Pos=0.012260, Vel=0.00006175]Epoch 2/200 [TRAIN]:  54%|█████▍    | 2176/4032 [03:39<03:16,  9.46it/s, Loss=0.012386, Pos=0.012262, Vel=0.00006173]Epoch 2/200 [TRAIN]:  54%|█████▍    | 2176/4032 [03:40<03:16,  9.46it/s, Loss=0.012395, Pos=0.012271, Vel=0.00006180]Epoch 2/200 [TRAIN]:  54%|█████▍    | 2178/4032 [03:40<02:58, 10.38it/s, Loss=0.012395, Pos=0.012271, Vel=0.00006180]Epoch 2/200 [TRAIN]:  54%|█████▍    | 2178/4032 [03:40<02:58, 10.38it/s, Loss=0.012393, Pos=0.012269, Vel=0.00006179]Epoch 2/200 [TRAIN]:  54%|█████▍    | 2178/4032 [03:40<02:58, 10.38it/s, Loss=0.012403, Pos=0.012279, Vel=0.00006185]Epoch 2/200 [TRAIN]:  54%|█████▍    | 2180/4032 [03:40<03:04, 10.02it/s, Loss=0.012403, Pos=0.012279, Vel=0.00006185]Epoch 2/200 [TRAIN]:  54%|█████▍    | 2180/4032 [03:40<03:04, 10.02it/s, Loss=0.012421, Pos=0.012297, Vel=0.00006195]Epoch 2/200 [TRAIN]:  54%|█████▍    | 2180/4032 [03:40<03:04, 10.02it/s, Loss=0.012421, Pos=0.012297, Vel=0.00006197]Epoch 2/200 [TRAIN]:  54%|█████▍    | 2182/4032 [03:40<02:48, 10.96it/s, Loss=0.012421, Pos=0.012297, Vel=0.00006197]Epoch 2/200 [TRAIN]:  54%|█████▍    | 2182/4032 [03:40<02:48, 10.96it/s, Loss=0.012422, Pos=0.012298, Vel=0.00006198]Epoch 2/200 [TRAIN]:  54%|█████▍    | 2182/4032 [03:40<02:48, 10.96it/s, Loss=0.012420, Pos=0.012296, Vel=0.00006198]Epoch 2/200 [TRAIN]:  54%|█████▍    | 2184/4032 [03:40<02:54, 10.58it/s, Loss=0.012420, Pos=0.012296, Vel=0.00006198]Epoch 2/200 [TRAIN]:  54%|█████▍    | 2184/4032 [03:40<02:54, 10.58it/s, Loss=0.012423, Pos=0.012299, Vel=0.00006197]Epoch 2/200 [TRAIN]:  54%|█████▍    | 2184/4032 [03:40<02:54, 10.58it/s, Loss=0.012419, Pos=0.012295, Vel=0.00006195]Epoch 2/200 [TRAIN]:  54%|█████▍    | 2186/4032 [03:40<03:00, 10.20it/s, Loss=0.012419, Pos=0.012295, Vel=0.00006195]Epoch 2/200 [TRAIN]:  54%|█████▍    | 2186/4032 [03:40<03:00, 10.20it/s, Loss=0.012418, Pos=0.012294, Vel=0.00006194]Epoch 2/200 [TRAIN]:  54%|█████▍    | 2186/4032 [03:41<03:00, 10.20it/s, Loss=0.012418, Pos=0.012295, Vel=0.00006195]Epoch 2/200 [TRAIN]:  54%|█████▍    | 2188/4032 [03:41<03:11,  9.63it/s, Loss=0.012418, Pos=0.012295, Vel=0.00006195]Epoch 2/200 [TRAIN]:  54%|█████▍    | 2188/4032 [03:41<03:11,  9.63it/s, Loss=0.012415, Pos=0.012291, Vel=0.00006192]Epoch 2/200 [TRAIN]:  54%|█████▍    | 2189/4032 [03:41<03:13,  9.53it/s, Loss=0.012415, Pos=0.012291, Vel=0.00006192]Epoch 2/200 [TRAIN]:  54%|█████▍    | 2189/4032 [03:41<03:13,  9.53it/s, Loss=0.012411, Pos=0.012287, Vel=0.00006190]Epoch 2/200 [TRAIN]:  54%|█████▍    | 2190/4032 [03:41<03:15,  9.43it/s, Loss=0.012411, Pos=0.012287, Vel=0.00006190]Epoch 2/200 [TRAIN]:  54%|█████▍    | 2190/4032 [03:41<03:15,  9.43it/s, Loss=0.012433, Pos=0.012309, Vel=0.00006194]Epoch 2/200 [TRAIN]:  54%|█████▍    | 2191/4032 [03:41<03:14,  9.46it/s, Loss=0.012433, Pos=0.012309, Vel=0.00006194]Epoch 2/200 [TRAIN]:  54%|█████▍    | 2191/4032 [03:41<03:14,  9.46it/s, Loss=0.012429, Pos=0.012305, Vel=0.00006196]Epoch 2/200 [TRAIN]:  54%|█████▍    | 2192/4032 [03:41<03:15,  9.41it/s, Loss=0.012429, Pos=0.012305, Vel=0.00006196]Epoch 2/200 [TRAIN]:  54%|█████▍    | 2192/4032 [03:41<03:15,  9.41it/s, Loss=0.012424, Pos=0.012301, Vel=0.00006195]Epoch 2/200 [TRAIN]:  54%|█████▍    | 2193/4032 [03:41<03:15,  9.39it/s, Loss=0.012424, Pos=0.012301, Vel=0.00006195]Epoch 2/200 [TRAIN]:  54%|█████▍    | 2193/4032 [03:41<03:15,  9.39it/s, Loss=0.012420, Pos=0.012296, Vel=0.00006193]Epoch 2/200 [TRAIN]:  54%|█████▍    | 2194/4032 [03:41<03:16,  9.36it/s, Loss=0.012420, Pos=0.012296, Vel=0.00006193]Epoch 2/200 [TRAIN]:  54%|█████▍    | 2194/4032 [03:41<03:16,  9.36it/s, Loss=0.012423, Pos=0.012299, Vel=0.00006197]Epoch 2/200 [TRAIN]:  54%|█████▍    | 2195/4032 [03:41<03:16,  9.35it/s, Loss=0.012423, Pos=0.012299, Vel=0.00006197]Epoch 2/200 [TRAIN]:  54%|█████▍    | 2195/4032 [03:41<03:16,  9.35it/s, Loss=0.012422, Pos=0.012298, Vel=0.00006197]Epoch 2/200 [TRAIN]:  54%|█████▍    | 2196/4032 [03:41<03:18,  9.26it/s, Loss=0.012422, Pos=0.012298, Vel=0.00006197]Epoch 2/200 [TRAIN]:  54%|█████▍    | 2196/4032 [03:41<03:18,  9.26it/s, Loss=0.012419, Pos=0.012295, Vel=0.00006195]Epoch 2/200 [TRAIN]:  54%|█████▍    | 2196/4032 [03:42<03:18,  9.26it/s, Loss=0.012418, Pos=0.012294, Vel=0.00006194]Epoch 2/200 [TRAIN]:  55%|█████▍    | 2198/4032 [03:42<03:00, 10.15it/s, Loss=0.012418, Pos=0.012294, Vel=0.00006194]Epoch 2/200 [TRAIN]:  55%|█████▍    | 2198/4032 [03:42<03:00, 10.15it/s, Loss=0.012417, Pos=0.012293, Vel=0.00006192]Epoch 2/200 [TRAIN]:  55%|█████▍    | 2198/4032 [03:42<03:00, 10.15it/s, Loss=0.012413, Pos=0.012289, Vel=0.00006191]Epoch 2/200 [TRAIN]:  55%|█████▍    | 2200/4032 [03:42<02:48, 10.90it/s, Loss=0.012413, Pos=0.012289, Vel=0.00006191]Epoch 2/200 [TRAIN]:  55%|█████▍    | 2200/4032 [03:42<02:48, 10.90it/s, Loss=0.012412, Pos=0.012288, Vel=0.00006190]Epoch 2/200 [TRAIN]:  55%|█████▍    | 2200/4032 [03:42<02:48, 10.90it/s, Loss=0.012409, Pos=0.012285, Vel=0.00006189]Epoch 2/200 [TRAIN]:  55%|█████▍    | 2202/4032 [03:42<02:57, 10.32it/s, Loss=0.012409, Pos=0.012285, Vel=0.00006189]Epoch 2/200 [TRAIN]:  55%|█████▍    | 2202/4032 [03:42<02:57, 10.32it/s, Loss=0.012407, Pos=0.012284, Vel=0.00006188]Epoch 2/200 [TRAIN]:  55%|█████▍    | 2202/4032 [03:42<02:57, 10.32it/s, Loss=0.012403, Pos=0.012279, Vel=0.00006188]Epoch 2/200 [TRAIN]:  55%|█████▍    | 2204/4032 [03:42<03:06,  9.79it/s, Loss=0.012403, Pos=0.012279, Vel=0.00006188]Epoch 2/200 [TRAIN]:  55%|█████▍    | 2204/4032 [03:42<03:06,  9.79it/s, Loss=0.012401, Pos=0.012277, Vel=0.00006186]Epoch 2/200 [TRAIN]:  55%|█████▍    | 2204/4032 [03:42<03:06,  9.79it/s, Loss=0.012398, Pos=0.012275, Vel=0.00006186]Epoch 2/200 [TRAIN]:  55%|█████▍    | 2206/4032 [03:42<03:02, 10.00it/s, Loss=0.012398, Pos=0.012275, Vel=0.00006186]Epoch 2/200 [TRAIN]:  55%|█████▍    | 2206/4032 [03:43<03:02, 10.00it/s, Loss=0.012400, Pos=0.012276, Vel=0.00006186]Epoch 2/200 [TRAIN]:  55%|█████▍    | 2206/4032 [03:43<03:02, 10.00it/s, Loss=0.012397, Pos=0.012273, Vel=0.00006184]Epoch 2/200 [TRAIN]:  55%|█████▍    | 2208/4032 [03:43<02:48, 10.82it/s, Loss=0.012397, Pos=0.012273, Vel=0.00006184]Epoch 2/200 [TRAIN]:  55%|█████▍    | 2208/4032 [03:43<02:48, 10.82it/s, Loss=0.012393, Pos=0.012269, Vel=0.00006182]Epoch 2/200 [TRAIN]:  55%|█████▍    | 2208/4032 [03:43<02:48, 10.82it/s, Loss=0.012390, Pos=0.012266, Vel=0.00006181]Epoch 2/200 [TRAIN]:  55%|█████▍    | 2210/4032 [03:43<02:55, 10.38it/s, Loss=0.012390, Pos=0.012266, Vel=0.00006181]Epoch 2/200 [TRAIN]:  55%|█████▍    | 2210/4032 [03:43<02:55, 10.38it/s, Loss=0.012395, Pos=0.012271, Vel=0.00006183]Epoch 2/200 [TRAIN]:  55%|█████▍    | 2210/4032 [03:43<02:55, 10.38it/s, Loss=0.012393, Pos=0.012269, Vel=0.00006187]Epoch 2/200 [TRAIN]:  55%|█████▍    | 2212/4032 [03:43<03:01, 10.03it/s, Loss=0.012393, Pos=0.012269, Vel=0.00006187]Epoch 2/200 [TRAIN]:  55%|█████▍    | 2212/4032 [03:43<03:01, 10.03it/s, Loss=0.012389, Pos=0.012265, Vel=0.00006185]Epoch 2/200 [TRAIN]:  55%|█████▍    | 2212/4032 [03:43<03:01, 10.03it/s, Loss=0.012385, Pos=0.012261, Vel=0.00006183]Epoch 2/200 [TRAIN]:  55%|█████▍    | 2214/4032 [03:43<03:04,  9.84it/s, Loss=0.012385, Pos=0.012261, Vel=0.00006183]Epoch 2/200 [TRAIN]:  55%|█████▍    | 2214/4032 [03:43<03:04,  9.84it/s, Loss=0.012385, Pos=0.012261, Vel=0.00006181]Epoch 2/200 [TRAIN]:  55%|█████▍    | 2215/4032 [03:43<03:04,  9.86it/s, Loss=0.012385, Pos=0.012261, Vel=0.00006181]Epoch 2/200 [TRAIN]:  55%|█████▍    | 2215/4032 [03:43<03:04,  9.86it/s, Loss=0.012381, Pos=0.012258, Vel=0.00006182]Epoch 2/200 [TRAIN]:  55%|█████▍    | 2216/4032 [03:43<03:10,  9.51it/s, Loss=0.012381, Pos=0.012258, Vel=0.00006182]Epoch 2/200 [TRAIN]:  55%|█████▍    | 2216/4032 [03:44<03:10,  9.51it/s, Loss=0.012376, Pos=0.012253, Vel=0.00006182]Epoch 2/200 [TRAIN]:  55%|█████▍    | 2217/4032 [03:44<03:08,  9.62it/s, Loss=0.012376, Pos=0.012253, Vel=0.00006182]Epoch 2/200 [TRAIN]:  55%|█████▍    | 2217/4032 [03:44<03:08,  9.62it/s, Loss=0.012373, Pos=0.012249, Vel=0.00006180]Epoch 2/200 [TRAIN]:  55%|█████▌    | 2218/4032 [03:44<03:13,  9.37it/s, Loss=0.012373, Pos=0.012249, Vel=0.00006180]Epoch 2/200 [TRAIN]:  55%|█████▌    | 2218/4032 [03:44<03:13,  9.37it/s, Loss=0.012371, Pos=0.012248, Vel=0.00006179]Epoch 2/200 [TRAIN]:  55%|█████▌    | 2219/4032 [03:44<03:14,  9.31it/s, Loss=0.012371, Pos=0.012248, Vel=0.00006179]Epoch 2/200 [TRAIN]:  55%|█████▌    | 2219/4032 [03:44<03:14,  9.31it/s, Loss=0.012367, Pos=0.012244, Vel=0.00006177]Epoch 2/200 [TRAIN]:  55%|█████▌    | 2220/4032 [03:44<03:16,  9.24it/s, Loss=0.012367, Pos=0.012244, Vel=0.00006177]Epoch 2/200 [TRAIN]:  55%|█████▌    | 2220/4032 [03:44<03:16,  9.24it/s, Loss=0.012370, Pos=0.012246, Vel=0.00006179]Epoch 2/200 [TRAIN]:  55%|█████▌    | 2221/4032 [03:44<03:17,  9.15it/s, Loss=0.012370, Pos=0.012246, Vel=0.00006179]Epoch 2/200 [TRAIN]:  55%|█████▌    | 2221/4032 [03:44<03:17,  9.15it/s, Loss=0.012365, Pos=0.012241, Vel=0.00006180]Epoch 2/200 [TRAIN]:  55%|█████▌    | 2222/4032 [03:44<03:17,  9.18it/s, Loss=0.012365, Pos=0.012241, Vel=0.00006180]Epoch 2/200 [TRAIN]:  55%|█████▌    | 2222/4032 [03:44<03:17,  9.18it/s, Loss=0.012368, Pos=0.012244, Vel=0.00006181]Epoch 2/200 [TRAIN]:  55%|█████▌    | 2223/4032 [03:44<03:14,  9.32it/s, Loss=0.012368, Pos=0.012244, Vel=0.00006181]Epoch 2/200 [TRAIN]:  55%|█████▌    | 2223/4032 [03:44<03:14,  9.32it/s, Loss=0.012365, Pos=0.012242, Vel=0.00006179]Epoch 2/200 [TRAIN]:  55%|█████▌    | 2223/4032 [03:44<03:14,  9.32it/s, Loss=0.012382, Pos=0.012259, Vel=0.00006180]Epoch 2/200 [TRAIN]:  55%|█████▌    | 2225/4032 [03:44<02:54, 10.33it/s, Loss=0.012382, Pos=0.012259, Vel=0.00006180]Epoch 2/200 [TRAIN]:  55%|█████▌    | 2225/4032 [03:44<02:54, 10.33it/s, Loss=0.012381, Pos=0.012257, Vel=0.00006180]Epoch 2/200 [TRAIN]:  55%|█████▌    | 2225/4032 [03:44<02:54, 10.33it/s, Loss=0.012380, Pos=0.012256, Vel=0.00006178]Epoch 2/200 [TRAIN]:  55%|█████▌    | 2227/4032 [03:44<02:41, 11.20it/s, Loss=0.012380, Pos=0.012256, Vel=0.00006178]Epoch 2/200 [TRAIN]:  55%|█████▌    | 2227/4032 [03:45<02:41, 11.20it/s, Loss=0.012375, Pos=0.012252, Vel=0.00006176]Epoch 2/200 [TRAIN]:  55%|█████▌    | 2227/4032 [03:45<02:41, 11.20it/s, Loss=0.012377, Pos=0.012254, Vel=0.00006176]Epoch 2/200 [TRAIN]:  55%|█████▌    | 2229/4032 [03:45<02:52, 10.48it/s, Loss=0.012377, Pos=0.012254, Vel=0.00006176]Epoch 2/200 [TRAIN]:  55%|█████▌    | 2229/4032 [03:45<02:52, 10.48it/s, Loss=0.012377, Pos=0.012254, Vel=0.00006176]Epoch 2/200 [TRAIN]:  55%|█████▌    | 2229/4032 [03:45<02:52, 10.48it/s, Loss=0.012374, Pos=0.012251, Vel=0.00006174]Epoch 2/200 [TRAIN]:  55%|█████▌    | 2231/4032 [03:45<03:01,  9.93it/s, Loss=0.012374, Pos=0.012251, Vel=0.00006174]Epoch 2/200 [TRAIN]:  55%|█████▌    | 2231/4032 [03:45<03:01,  9.93it/s, Loss=0.012370, Pos=0.012247, Vel=0.00006175]Epoch 2/200 [TRAIN]:  55%|█████▌    | 2231/4032 [03:45<03:01,  9.93it/s, Loss=0.012368, Pos=0.012245, Vel=0.00006173]Epoch 2/200 [TRAIN]:  55%|█████▌    | 2233/4032 [03:45<03:05,  9.68it/s, Loss=0.012368, Pos=0.012245, Vel=0.00006173]Epoch 2/200 [TRAIN]:  55%|█████▌    | 2233/4032 [03:45<03:05,  9.68it/s, Loss=0.012370, Pos=0.012247, Vel=0.00006172]Epoch 2/200 [TRAIN]:  55%|█████▌    | 2233/4032 [03:45<03:05,  9.68it/s, Loss=0.012367, Pos=0.012244, Vel=0.00006171]Epoch 2/200 [TRAIN]:  55%|█████▌    | 2235/4032 [03:45<02:58, 10.09it/s, Loss=0.012367, Pos=0.012244, Vel=0.00006171]Epoch 2/200 [TRAIN]:  55%|█████▌    | 2235/4032 [03:45<02:58, 10.09it/s, Loss=0.012365, Pos=0.012242, Vel=0.00006173]Epoch 2/200 [TRAIN]:  55%|█████▌    | 2235/4032 [03:45<02:58, 10.09it/s, Loss=0.012362, Pos=0.012239, Vel=0.00006174]Epoch 2/200 [TRAIN]:  55%|█████▌    | 2237/4032 [03:45<02:45, 10.84it/s, Loss=0.012362, Pos=0.012239, Vel=0.00006174]Epoch 2/200 [TRAIN]:  55%|█████▌    | 2237/4032 [03:46<02:45, 10.84it/s, Loss=0.012364, Pos=0.012241, Vel=0.00006174]Epoch 2/200 [TRAIN]:  55%|█████▌    | 2237/4032 [03:46<02:45, 10.84it/s, Loss=0.012360, Pos=0.012237, Vel=0.00006173]Epoch 2/200 [TRAIN]:  56%|█████▌    | 2239/4032 [03:46<02:58, 10.06it/s, Loss=0.012360, Pos=0.012237, Vel=0.00006173]Epoch 2/200 [TRAIN]:  56%|█████▌    | 2239/4032 [03:46<02:58, 10.06it/s, Loss=0.012358, Pos=0.012234, Vel=0.00006172]Epoch 2/200 [TRAIN]:  56%|█████▌    | 2239/4032 [03:46<02:58, 10.06it/s, Loss=0.012353, Pos=0.012230, Vel=0.00006172]Epoch 2/200 [TRAIN]:  56%|█████▌    | 2241/4032 [03:46<02:35, 11.48it/s, Loss=0.012353, Pos=0.012230, Vel=0.00006172]Epoch 2/200 [TRAIN]:  56%|█████▌    | 2241/4032 [03:46<02:35, 11.48it/s, Loss=0.012348, Pos=0.012225, Vel=0.00006171]Epoch 2/200 [TRAIN]:  56%|█████▌    | 2241/4032 [03:46<02:35, 11.48it/s, Loss=0.012345, Pos=0.012221, Vel=0.00006170]Epoch 2/200 [TRAIN]:  56%|█████▌    | 2243/4032 [03:46<02:49, 10.56it/s, Loss=0.012345, Pos=0.012221, Vel=0.00006170]Epoch 2/200 [TRAIN]:  56%|█████▌    | 2243/4032 [03:46<02:49, 10.56it/s, Loss=0.012347, Pos=0.012223, Vel=0.00006174]Epoch 2/200 [TRAIN]:  56%|█████▌    | 2243/4032 [03:46<02:49, 10.56it/s, Loss=0.012343, Pos=0.012220, Vel=0.00006172]Epoch 2/200 [TRAIN]:  56%|█████▌    | 2245/4032 [03:46<02:48, 10.64it/s, Loss=0.012343, Pos=0.012220, Vel=0.00006172]Epoch 2/200 [TRAIN]:  56%|█████▌    | 2245/4032 [03:46<02:48, 10.64it/s, Loss=0.012340, Pos=0.012216, Vel=0.00006172]Epoch 2/200 [TRAIN]:  56%|█████▌    | 2245/4032 [03:46<02:48, 10.64it/s, Loss=0.012339, Pos=0.012215, Vel=0.00006174]Epoch 2/200 [TRAIN]:  56%|█████▌    | 2247/4032 [03:46<02:37, 11.31it/s, Loss=0.012339, Pos=0.012215, Vel=0.00006174]Epoch 2/200 [TRAIN]:  56%|█████▌    | 2247/4032 [03:46<02:37, 11.31it/s, Loss=0.012345, Pos=0.012221, Vel=0.00006179]Epoch 2/200 [TRAIN]:  56%|█████▌    | 2247/4032 [03:47<02:37, 11.31it/s, Loss=0.012351, Pos=0.012228, Vel=0.00006177]Epoch 2/200 [TRAIN]:  56%|█████▌    | 2249/4032 [03:47<02:48, 10.61it/s, Loss=0.012351, Pos=0.012228, Vel=0.00006177]Epoch 2/200 [TRAIN]:  56%|█████▌    | 2249/4032 [03:47<02:48, 10.61it/s, Loss=0.012372, Pos=0.012248, Vel=0.00006176]Epoch 2/200 [TRAIN]:  56%|█████▌    | 2249/4032 [03:47<02:48, 10.61it/s, Loss=0.012368, Pos=0.012245, Vel=0.00006177]Epoch 2/200 [TRAIN]:  56%|█████▌    | 2251/4032 [03:47<02:54, 10.18it/s, Loss=0.012368, Pos=0.012245, Vel=0.00006177]Epoch 2/200 [TRAIN]:  56%|█████▌    | 2251/4032 [03:47<02:54, 10.18it/s, Loss=0.012364, Pos=0.012241, Vel=0.00006175]Epoch 2/200 [TRAIN]:  56%|█████▌    | 2251/4032 [03:47<02:54, 10.18it/s, Loss=0.012361, Pos=0.012237, Vel=0.00006176]Epoch 2/200 [TRAIN]:  56%|█████▌    | 2253/4032 [03:47<02:59,  9.89it/s, Loss=0.012361, Pos=0.012237, Vel=0.00006176]Epoch 2/200 [TRAIN]:  56%|█████▌    | 2253/4032 [03:47<02:59,  9.89it/s, Loss=0.012356, Pos=0.012232, Vel=0.00006175]Epoch 2/200 [TRAIN]:  56%|█████▌    | 2253/4032 [03:47<02:59,  9.89it/s, Loss=0.012350, Pos=0.012227, Vel=0.00006173]Epoch 2/200 [TRAIN]:  56%|█████▌    | 2255/4032 [03:47<03:00,  9.82it/s, Loss=0.012350, Pos=0.012227, Vel=0.00006173]Epoch 2/200 [TRAIN]:  56%|█████▌    | 2255/4032 [03:47<03:00,  9.82it/s, Loss=0.012350, Pos=0.012227, Vel=0.00006173]Epoch 2/200 [TRAIN]:  56%|█████▌    | 2256/4032 [03:47<03:03,  9.68it/s, Loss=0.012350, Pos=0.012227, Vel=0.00006173]Epoch 2/200 [TRAIN]:  56%|█████▌    | 2256/4032 [03:47<03:03,  9.68it/s, Loss=0.012353, Pos=0.012229, Vel=0.00006172]Epoch 2/200 [TRAIN]:  56%|█████▌    | 2257/4032 [03:47<03:02,  9.71it/s, Loss=0.012353, Pos=0.012229, Vel=0.00006172]Epoch 2/200 [TRAIN]:  56%|█████▌    | 2257/4032 [03:48<03:02,  9.71it/s, Loss=0.012349, Pos=0.012225, Vel=0.00006170]Epoch 2/200 [TRAIN]:  56%|█████▌    | 2258/4032 [03:48<03:07,  9.47it/s, Loss=0.012349, Pos=0.012225, Vel=0.00006170]Epoch 2/200 [TRAIN]:  56%|█████▌    | 2258/4032 [03:48<03:07,  9.47it/s, Loss=0.012357, Pos=0.012233, Vel=0.00006176]Epoch 2/200 [TRAIN]:  56%|█████▌    | 2259/4032 [03:48<03:05,  9.56it/s, Loss=0.012357, Pos=0.012233, Vel=0.00006176]Epoch 2/200 [TRAIN]:  56%|█████▌    | 2259/4032 [03:48<03:05,  9.56it/s, Loss=0.012355, Pos=0.012232, Vel=0.00006176]Epoch 2/200 [TRAIN]:  56%|█████▌    | 2260/4032 [03:48<03:12,  9.22it/s, Loss=0.012355, Pos=0.012232, Vel=0.00006176]Epoch 2/200 [TRAIN]:  56%|█████▌    | 2260/4032 [03:48<03:12,  9.22it/s, Loss=0.012356, Pos=0.012232, Vel=0.00006180]Epoch 2/200 [TRAIN]:  56%|█████▌    | 2261/4032 [03:48<03:08,  9.39it/s, Loss=0.012356, Pos=0.012232, Vel=0.00006180]Epoch 2/200 [TRAIN]:  56%|█████▌    | 2261/4032 [03:48<03:08,  9.39it/s, Loss=0.012356, Pos=0.012233, Vel=0.00006178]Epoch 2/200 [TRAIN]:  56%|█████▌    | 2262/4032 [03:48<03:13,  9.16it/s, Loss=0.012356, Pos=0.012233, Vel=0.00006178]Epoch 2/200 [TRAIN]:  56%|█████▌    | 2262/4032 [03:48<03:13,  9.16it/s, Loss=0.012354, Pos=0.012231, Vel=0.00006177]Epoch 2/200 [TRAIN]:  56%|█████▌    | 2263/4032 [03:48<03:09,  9.33it/s, Loss=0.012354, Pos=0.012231, Vel=0.00006177]Epoch 2/200 [TRAIN]:  56%|█████▌    | 2263/4032 [03:48<03:09,  9.33it/s, Loss=0.012352, Pos=0.012228, Vel=0.00006175]Epoch 2/200 [TRAIN]:  56%|█████▌    | 2264/4032 [03:48<03:14,  9.10it/s, Loss=0.012352, Pos=0.012228, Vel=0.00006175]Epoch 2/200 [TRAIN]:  56%|█████▌    | 2264/4032 [03:48<03:14,  9.10it/s, Loss=0.012349, Pos=0.012225, Vel=0.00006174]Epoch 2/200 [TRAIN]:  56%|█████▌    | 2264/4032 [03:48<03:14,  9.10it/s, Loss=0.012346, Pos=0.012222, Vel=0.00006175]Epoch 2/200 [TRAIN]:  56%|█████▌    | 2266/4032 [03:48<03:09,  9.30it/s, Loss=0.012346, Pos=0.012222, Vel=0.00006175]Epoch 2/200 [TRAIN]:  56%|█████▌    | 2266/4032 [03:49<03:09,  9.30it/s, Loss=0.012346, Pos=0.012223, Vel=0.00006173]Epoch 2/200 [TRAIN]:  56%|█████▌    | 2266/4032 [03:49<03:09,  9.30it/s, Loss=0.012347, Pos=0.012224, Vel=0.00006175]Epoch 2/200 [TRAIN]:  56%|█████▋    | 2268/4032 [03:49<03:09,  9.33it/s, Loss=0.012347, Pos=0.012224, Vel=0.00006175]Epoch 2/200 [TRAIN]:  56%|█████▋    | 2268/4032 [03:49<03:09,  9.33it/s, Loss=0.012349, Pos=0.012226, Vel=0.00006174]Epoch 2/200 [TRAIN]:  56%|█████▋    | 2268/4032 [03:49<03:09,  9.33it/s, Loss=0.012354, Pos=0.012230, Vel=0.00006173]Epoch 2/200 [TRAIN]:  56%|█████▋    | 2270/4032 [03:49<03:10,  9.25it/s, Loss=0.012354, Pos=0.012230, Vel=0.00006173]Epoch 2/200 [TRAIN]:  56%|█████▋    | 2270/4032 [03:49<03:10,  9.25it/s, Loss=0.012351, Pos=0.012228, Vel=0.00006174]Epoch 2/200 [TRAIN]:  56%|█████▋    | 2270/4032 [03:49<03:10,  9.25it/s, Loss=0.012349, Pos=0.012226, Vel=0.00006174]Epoch 2/200 [TRAIN]:  56%|█████▋    | 2272/4032 [03:49<03:04,  9.53it/s, Loss=0.012349, Pos=0.012226, Vel=0.00006174]Epoch 2/200 [TRAIN]:  56%|█████▋    | 2272/4032 [03:49<03:04,  9.53it/s, Loss=0.012348, Pos=0.012224, Vel=0.00006174]Epoch 2/200 [TRAIN]:  56%|█████▋    | 2273/4032 [03:49<03:08,  9.32it/s, Loss=0.012348, Pos=0.012224, Vel=0.00006174]Epoch 2/200 [TRAIN]:  56%|█████▋    | 2273/4032 [03:49<03:08,  9.32it/s, Loss=0.012345, Pos=0.012221, Vel=0.00006175]Epoch 2/200 [TRAIN]:  56%|█████▋    | 2273/4032 [03:49<03:08,  9.32it/s, Loss=0.012344, Pos=0.012220, Vel=0.00006174]Epoch 2/200 [TRAIN]:  56%|█████▋    | 2275/4032 [03:49<03:10,  9.24it/s, Loss=0.012344, Pos=0.012220, Vel=0.00006174]Epoch 2/200 [TRAIN]:  56%|█████▋    | 2275/4032 [03:49<03:10,  9.24it/s, Loss=0.012340, Pos=0.012217, Vel=0.00006172]Epoch 2/200 [TRAIN]:  56%|█████▋    | 2276/4032 [03:49<03:08,  9.33it/s, Loss=0.012340, Pos=0.012217, Vel=0.00006172]Epoch 2/200 [TRAIN]:  56%|█████▋    | 2276/4032 [03:50<03:08,  9.33it/s, Loss=0.012339, Pos=0.012215, Vel=0.00006173]Epoch 2/200 [TRAIN]:  56%|█████▋    | 2277/4032 [03:50<03:09,  9.25it/s, Loss=0.012339, Pos=0.012215, Vel=0.00006173]Epoch 2/200 [TRAIN]:  56%|█████▋    | 2277/4032 [03:50<03:09,  9.25it/s, Loss=0.012334, Pos=0.012211, Vel=0.00006171]Epoch 2/200 [TRAIN]:  56%|█████▋    | 2277/4032 [03:50<03:09,  9.25it/s, Loss=0.012332, Pos=0.012209, Vel=0.00006169]Epoch 2/200 [TRAIN]:  57%|█████▋    | 2279/4032 [03:50<02:54, 10.02it/s, Loss=0.012332, Pos=0.012209, Vel=0.00006169]Epoch 2/200 [TRAIN]:  57%|█████▋    | 2279/4032 [03:50<02:54, 10.02it/s, Loss=0.012328, Pos=0.012205, Vel=0.00006169]Epoch 2/200 [TRAIN]:  57%|█████▋    | 2279/4032 [03:50<02:54, 10.02it/s, Loss=0.012325, Pos=0.012202, Vel=0.00006168]Epoch 2/200 [TRAIN]:  57%|█████▋    | 2281/4032 [03:50<02:55,  9.97it/s, Loss=0.012325, Pos=0.012202, Vel=0.00006168]Epoch 2/200 [TRAIN]:  57%|█████▋    | 2281/4032 [03:50<02:55,  9.97it/s, Loss=0.012326, Pos=0.012203, Vel=0.00006168]Epoch 2/200 [TRAIN]:  57%|█████▋    | 2282/4032 [03:50<02:57,  9.86it/s, Loss=0.012326, Pos=0.012203, Vel=0.00006168]Epoch 2/200 [TRAIN]:  57%|█████▋    | 2282/4032 [03:50<02:57,  9.86it/s, Loss=0.012327, Pos=0.012203, Vel=0.00006166]Epoch 2/200 [TRAIN]:  57%|█████▋    | 2282/4032 [03:50<02:57,  9.86it/s, Loss=0.012323, Pos=0.012200, Vel=0.00006166]Epoch 2/200 [TRAIN]:  57%|█████▋    | 2284/4032 [03:50<02:56,  9.89it/s, Loss=0.012323, Pos=0.012200, Vel=0.00006166]Epoch 2/200 [TRAIN]:  57%|█████▋    | 2284/4032 [03:50<02:56,  9.89it/s, Loss=0.012328, Pos=0.012205, Vel=0.00006165]Epoch 2/200 [TRAIN]:  57%|█████▋    | 2285/4032 [03:50<02:56,  9.88it/s, Loss=0.012328, Pos=0.012205, Vel=0.00006165]Epoch 2/200 [TRAIN]:  57%|█████▋    | 2285/4032 [03:50<02:56,  9.88it/s, Loss=0.012325, Pos=0.012202, Vel=0.00006164]Epoch 2/200 [TRAIN]:  57%|█████▋    | 2286/4032 [03:51<02:58,  9.78it/s, Loss=0.012325, Pos=0.012202, Vel=0.00006164]Epoch 2/200 [TRAIN]:  57%|█████▋    | 2286/4032 [03:51<02:58,  9.78it/s, Loss=0.012321, Pos=0.012198, Vel=0.00006163]Epoch 2/200 [TRAIN]:  57%|█████▋    | 2287/4032 [03:51<03:05,  9.40it/s, Loss=0.012321, Pos=0.012198, Vel=0.00006163]Epoch 2/200 [TRAIN]:  57%|█████▋    | 2287/4032 [03:51<03:05,  9.40it/s, Loss=0.012321, Pos=0.012197, Vel=0.00006163]Epoch 2/200 [TRAIN]:  57%|█████▋    | 2288/4032 [03:51<03:05,  9.43it/s, Loss=0.012321, Pos=0.012197, Vel=0.00006163]Epoch 2/200 [TRAIN]:  57%|█████▋    | 2288/4032 [03:51<03:05,  9.43it/s, Loss=0.012317, Pos=0.012193, Vel=0.00006161]Epoch 2/200 [TRAIN]:  57%|█████▋    | 2289/4032 [03:51<03:02,  9.54it/s, Loss=0.012317, Pos=0.012193, Vel=0.00006161]Epoch 2/200 [TRAIN]:  57%|█████▋    | 2289/4032 [03:51<03:02,  9.54it/s, Loss=0.012314, Pos=0.012191, Vel=0.00006162]Epoch 2/200 [TRAIN]:  57%|█████▋    | 2290/4032 [03:51<03:05,  9.39it/s, Loss=0.012314, Pos=0.012191, Vel=0.00006162]Epoch 2/200 [TRAIN]:  57%|█████▋    | 2290/4032 [03:51<03:05,  9.39it/s, Loss=0.012313, Pos=0.012190, Vel=0.00006164]Epoch 2/200 [TRAIN]:  57%|█████▋    | 2291/4032 [03:51<03:07,  9.27it/s, Loss=0.012313, Pos=0.012190, Vel=0.00006164]Epoch 2/200 [TRAIN]:  57%|█████▋    | 2291/4032 [03:51<03:07,  9.27it/s, Loss=0.012314, Pos=0.012191, Vel=0.00006163]Epoch 2/200 [TRAIN]:  57%|█████▋    | 2291/4032 [03:51<03:07,  9.27it/s, Loss=0.012315, Pos=0.012192, Vel=0.00006162]Epoch 2/200 [TRAIN]:  57%|█████▋    | 2293/4032 [03:51<02:44, 10.56it/s, Loss=0.012315, Pos=0.012192, Vel=0.00006162]Epoch 2/200 [TRAIN]:  57%|█████▋    | 2293/4032 [03:51<02:44, 10.56it/s, Loss=0.012330, Pos=0.012206, Vel=0.00006175]Epoch 2/200 [TRAIN]:  57%|█████▋    | 2293/4032 [03:51<02:44, 10.56it/s, Loss=0.012327, Pos=0.012203, Vel=0.00006174]Epoch 2/200 [TRAIN]:  57%|█████▋    | 2295/4032 [03:51<02:38, 10.99it/s, Loss=0.012327, Pos=0.012203, Vel=0.00006174]Epoch 2/200 [TRAIN]:  57%|█████▋    | 2295/4032 [03:51<02:38, 10.99it/s, Loss=0.012325, Pos=0.012202, Vel=0.00006172]Epoch 2/200 [TRAIN]:  57%|█████▋    | 2295/4032 [03:52<02:38, 10.99it/s, Loss=0.012323, Pos=0.012199, Vel=0.00006171]Epoch 2/200 [TRAIN]:  57%|█████▋    | 2297/4032 [03:52<02:48, 10.30it/s, Loss=0.012323, Pos=0.012199, Vel=0.00006171]Epoch 2/200 [TRAIN]:  57%|█████▋    | 2297/4032 [03:52<02:48, 10.30it/s, Loss=0.012318, Pos=0.012194, Vel=0.00006169]Epoch 2/200 [TRAIN]:  57%|█████▋    | 2297/4032 [03:52<02:48, 10.30it/s, Loss=0.012318, Pos=0.012194, Vel=0.00006169]Epoch 2/200 [TRAIN]:  57%|█████▋    | 2299/4032 [03:52<03:01,  9.55it/s, Loss=0.012318, Pos=0.012194, Vel=0.00006169]Epoch 2/200 [TRAIN]:  57%|█████▋    | 2299/4032 [03:52<03:01,  9.55it/s, Loss=0.012328, Pos=0.012205, Vel=0.00006168]Epoch 2/200 [TRAIN]:  57%|█████▋    | 2299/4032 [03:52<03:01,  9.55it/s, Loss=0.012325, Pos=0.012201, Vel=0.00006168]Epoch 2/200 [TRAIN]:  57%|█████▋    | 2301/4032 [03:52<02:46, 10.38it/s, Loss=0.012325, Pos=0.012201, Vel=0.00006168]Epoch 2/200 [TRAIN]:  57%|█████▋    | 2301/4032 [03:52<02:46, 10.38it/s, Loss=0.012322, Pos=0.012198, Vel=0.00006166]Epoch 2/200 [TRAIN]:  57%|█████▋    | 2301/4032 [03:52<02:46, 10.38it/s, Loss=0.012325, Pos=0.012201, Vel=0.00006167]Epoch 2/200 [TRAIN]:  57%|█████▋    | 2303/4032 [03:52<02:54,  9.91it/s, Loss=0.012325, Pos=0.012201, Vel=0.00006167]Epoch 2/200 [TRAIN]:  57%|█████▋    | 2303/4032 [03:52<02:54,  9.91it/s, Loss=0.012326, Pos=0.012202, Vel=0.00006167]Epoch 2/200 [TRAIN]:  57%|█████▋    | 2303/4032 [03:52<02:54,  9.91it/s, Loss=0.012323, Pos=0.012200, Vel=0.00006166]Epoch 2/200 [TRAIN]:  57%|█████▋    | 2305/4032 [03:52<02:58,  9.69it/s, Loss=0.012323, Pos=0.012200, Vel=0.00006166]Epoch 2/200 [TRAIN]:  57%|█████▋    | 2305/4032 [03:52<02:58,  9.69it/s, Loss=0.012318, Pos=0.012195, Vel=0.00006164]Epoch 2/200 [TRAIN]:  57%|█████▋    | 2305/4032 [03:53<02:58,  9.69it/s, Loss=0.012321, Pos=0.012198, Vel=0.00006166]Epoch 2/200 [TRAIN]:  57%|█████▋    | 2307/4032 [03:53<02:43, 10.57it/s, Loss=0.012321, Pos=0.012198, Vel=0.00006166]Epoch 2/200 [TRAIN]:  57%|█████▋    | 2307/4032 [03:53<02:43, 10.57it/s, Loss=0.012318, Pos=0.012195, Vel=0.00006165]Epoch 2/200 [TRAIN]:  57%|█████▋    | 2307/4032 [03:53<02:43, 10.57it/s, Loss=0.012315, Pos=0.012192, Vel=0.00006164]Epoch 2/200 [TRAIN]:  57%|█████▋    | 2309/4032 [03:53<02:31, 11.36it/s, Loss=0.012315, Pos=0.012192, Vel=0.00006164]Epoch 2/200 [TRAIN]:  57%|█████▋    | 2309/4032 [03:53<02:31, 11.36it/s, Loss=0.012313, Pos=0.012190, Vel=0.00006164]Epoch 2/200 [TRAIN]:  57%|█████▋    | 2309/4032 [03:53<02:31, 11.36it/s, Loss=0.012309, Pos=0.012185, Vel=0.00006163]Epoch 2/200 [TRAIN]:  57%|█████▋    | 2311/4032 [03:53<02:40, 10.70it/s, Loss=0.012309, Pos=0.012185, Vel=0.00006163]Epoch 2/200 [TRAIN]:  57%|█████▋    | 2311/4032 [03:53<02:40, 10.70it/s, Loss=0.012306, Pos=0.012183, Vel=0.00006163]Epoch 2/200 [TRAIN]:  57%|█████▋    | 2311/4032 [03:53<02:40, 10.70it/s, Loss=0.012301, Pos=0.012178, Vel=0.00006161]Epoch 2/200 [TRAIN]:  57%|█████▋    | 2313/4032 [03:53<02:47, 10.23it/s, Loss=0.012301, Pos=0.012178, Vel=0.00006161]Epoch 2/200 [TRAIN]:  57%|█████▋    | 2313/4032 [03:53<02:47, 10.23it/s, Loss=0.012321, Pos=0.012198, Vel=0.00006161]Epoch 2/200 [TRAIN]:  57%|█████▋    | 2313/4032 [03:53<02:47, 10.23it/s, Loss=0.012319, Pos=0.012195, Vel=0.00006159]Epoch 2/200 [TRAIN]:  57%|█████▋    | 2315/4032 [03:53<02:52,  9.96it/s, Loss=0.012319, Pos=0.012195, Vel=0.00006159]Epoch 2/200 [TRAIN]:  57%|█████▋    | 2315/4032 [03:53<02:52,  9.96it/s, Loss=0.012321, Pos=0.012198, Vel=0.00006162]Epoch 2/200 [TRAIN]:  57%|█████▋    | 2315/4032 [03:54<02:52,  9.96it/s, Loss=0.012323, Pos=0.012199, Vel=0.00006168]Epoch 2/200 [TRAIN]:  57%|█████▋    | 2317/4032 [03:54<02:42, 10.56it/s, Loss=0.012323, Pos=0.012199, Vel=0.00006168]Epoch 2/200 [TRAIN]:  57%|█████▋    | 2317/4032 [03:54<02:42, 10.56it/s, Loss=0.012322, Pos=0.012198, Vel=0.00006167]Epoch 2/200 [TRAIN]:  57%|█████▋    | 2317/4032 [03:54<02:42, 10.56it/s, Loss=0.012321, Pos=0.012197, Vel=0.00006171]Epoch 2/200 [TRAIN]:  58%|█████▊    | 2319/4032 [03:54<02:52,  9.95it/s, Loss=0.012321, Pos=0.012197, Vel=0.00006171]Epoch 2/200 [TRAIN]:  58%|█████▊    | 2319/4032 [03:54<02:52,  9.95it/s, Loss=0.012317, Pos=0.012194, Vel=0.00006171]Epoch 2/200 [TRAIN]:  58%|█████▊    | 2319/4032 [03:54<02:52,  9.95it/s, Loss=0.012318, Pos=0.012194, Vel=0.00006171]Epoch 2/200 [TRAIN]:  58%|█████▊    | 2321/4032 [03:54<02:34, 11.04it/s, Loss=0.012318, Pos=0.012194, Vel=0.00006171]Epoch 2/200 [TRAIN]:  58%|█████▊    | 2321/4032 [03:54<02:34, 11.04it/s, Loss=0.012318, Pos=0.012195, Vel=0.00006172]Epoch 2/200 [TRAIN]:  58%|█████▊    | 2321/4032 [03:54<02:34, 11.04it/s, Loss=0.012352, Pos=0.012229, Vel=0.00006171]Epoch 2/200 [TRAIN]:  58%|█████▊    | 2323/4032 [03:54<02:45, 10.33it/s, Loss=0.012352, Pos=0.012229, Vel=0.00006171]Epoch 2/200 [TRAIN]:  58%|█████▊    | 2323/4032 [03:54<02:45, 10.33it/s, Loss=0.012352, Pos=0.012228, Vel=0.00006174]Epoch 2/200 [TRAIN]:  58%|█████▊    | 2323/4032 [03:54<02:45, 10.33it/s, Loss=0.012353, Pos=0.012229, Vel=0.00006175]Epoch 2/200 [TRAIN]:  58%|█████▊    | 2325/4032 [03:54<02:51,  9.94it/s, Loss=0.012353, Pos=0.012229, Vel=0.00006175]Epoch 2/200 [TRAIN]:  58%|█████▊    | 2325/4032 [03:54<02:51,  9.94it/s, Loss=0.012357, Pos=0.012233, Vel=0.00006173]Epoch 2/200 [TRAIN]:  58%|█████▊    | 2325/4032 [03:55<02:51,  9.94it/s, Loss=0.012354, Pos=0.012230, Vel=0.00006172]Epoch 2/200 [TRAIN]:  58%|█████▊    | 2327/4032 [03:55<02:56,  9.65it/s, Loss=0.012354, Pos=0.012230, Vel=0.00006172]Epoch 2/200 [TRAIN]:  58%|█████▊    | 2327/4032 [03:55<02:56,  9.65it/s, Loss=0.012351, Pos=0.012228, Vel=0.00006171]Epoch 2/200 [TRAIN]:  58%|█████▊    | 2328/4032 [03:55<02:57,  9.58it/s, Loss=0.012351, Pos=0.012228, Vel=0.00006171]Epoch 2/200 [TRAIN]:  58%|█████▊    | 2328/4032 [03:55<02:57,  9.58it/s, Loss=0.012349, Pos=0.012225, Vel=0.00006173]Epoch 2/200 [TRAIN]:  58%|█████▊    | 2329/4032 [03:55<03:02,  9.33it/s, Loss=0.012349, Pos=0.012225, Vel=0.00006173]Epoch 2/200 [TRAIN]:  58%|█████▊    | 2329/4032 [03:55<03:02,  9.33it/s, Loss=0.012347, Pos=0.012224, Vel=0.00006175]Epoch 2/200 [TRAIN]:  58%|█████▊    | 2329/4032 [03:55<03:02,  9.33it/s, Loss=0.012347, Pos=0.012224, Vel=0.00006175]Epoch 2/200 [TRAIN]:  58%|█████▊    | 2331/4032 [03:55<02:57,  9.61it/s, Loss=0.012347, Pos=0.012224, Vel=0.00006175]Epoch 2/200 [TRAIN]:  58%|█████▊    | 2331/4032 [03:55<02:57,  9.61it/s, Loss=0.012346, Pos=0.012222, Vel=0.00006173]Epoch 2/200 [TRAIN]:  58%|█████▊    | 2332/4032 [03:55<03:01,  9.35it/s, Loss=0.012346, Pos=0.012222, Vel=0.00006173]Epoch 2/200 [TRAIN]:  58%|█████▊    | 2332/4032 [03:55<03:01,  9.35it/s, Loss=0.012342, Pos=0.012218, Vel=0.00006173]Epoch 2/200 [TRAIN]:  58%|█████▊    | 2332/4032 [03:55<03:01,  9.35it/s, Loss=0.012339, Pos=0.012216, Vel=0.00006171]Epoch 2/200 [TRAIN]:  58%|█████▊    | 2334/4032 [03:55<02:59,  9.45it/s, Loss=0.012339, Pos=0.012216, Vel=0.00006171]Epoch 2/200 [TRAIN]:  58%|█████▊    | 2334/4032 [03:55<02:59,  9.45it/s, Loss=0.012337, Pos=0.012214, Vel=0.00006169]Epoch 2/200 [TRAIN]:  58%|█████▊    | 2335/4032 [03:55<03:03,  9.24it/s, Loss=0.012337, Pos=0.012214, Vel=0.00006169]Epoch 2/200 [TRAIN]:  58%|█████▊    | 2335/4032 [03:56<03:03,  9.24it/s, Loss=0.012334, Pos=0.012210, Vel=0.00006168]Epoch 2/200 [TRAIN]:  58%|█████▊    | 2335/4032 [03:56<03:03,  9.24it/s, Loss=0.012335, Pos=0.012212, Vel=0.00006171]Epoch 2/200 [TRAIN]:  58%|█████▊    | 2337/4032 [03:56<02:59,  9.43it/s, Loss=0.012335, Pos=0.012212, Vel=0.00006171]Epoch 2/200 [TRAIN]:  58%|█████▊    | 2337/4032 [03:56<02:59,  9.43it/s, Loss=0.012334, Pos=0.012211, Vel=0.00006169]Epoch 2/200 [TRAIN]:  58%|█████▊    | 2338/4032 [03:56<03:00,  9.38it/s, Loss=0.012334, Pos=0.012211, Vel=0.00006169]Epoch 2/200 [TRAIN]:  58%|█████▊    | 2338/4032 [03:56<03:00,  9.38it/s, Loss=0.012333, Pos=0.012209, Vel=0.00006168]Epoch 2/200 [TRAIN]:  58%|█████▊    | 2338/4032 [03:56<03:00,  9.38it/s, Loss=0.012328, Pos=0.012205, Vel=0.00006166]Epoch 2/200 [TRAIN]:  58%|█████▊    | 2338/4032 [03:56<03:00,  9.38it/s, Loss=0.012334, Pos=0.012211, Vel=0.00006170]Epoch 2/200 [TRAIN]:  58%|█████▊    | 2341/4032 [03:56<02:08, 13.16it/s, Loss=0.012334, Pos=0.012211, Vel=0.00006170]Epoch 2/200 [TRAIN]:  58%|█████▊    | 2341/4032 [03:56<02:08, 13.16it/s, Loss=0.012332, Pos=0.012208, Vel=0.00006168]Epoch 2/200 [TRAIN]:  58%|█████▊    | 2341/4032 [03:56<02:08, 13.16it/s, Loss=0.012333, Pos=0.012209, Vel=0.00006171]Epoch 2/200 [TRAIN]:  58%|█████▊    | 2343/4032 [03:56<02:24, 11.66it/s, Loss=0.012333, Pos=0.012209, Vel=0.00006171]Epoch 2/200 [TRAIN]:  58%|█████▊    | 2343/4032 [03:56<02:24, 11.66it/s, Loss=0.012335, Pos=0.012212, Vel=0.00006174]Epoch 2/200 [TRAIN]:  58%|█████▊    | 2343/4032 [03:56<02:24, 11.66it/s, Loss=0.012339, Pos=0.012216, Vel=0.00006176]Epoch 2/200 [TRAIN]:  58%|█████▊    | 2345/4032 [03:56<02:40, 10.51it/s, Loss=0.012339, Pos=0.012216, Vel=0.00006176]Epoch 2/200 [TRAIN]:  58%|█████▊    | 2345/4032 [03:56<02:40, 10.51it/s, Loss=0.012336, Pos=0.012212, Vel=0.00006174]Epoch 2/200 [TRAIN]:  58%|█████▊    | 2345/4032 [03:57<02:40, 10.51it/s, Loss=0.012346, Pos=0.012223, Vel=0.00006177]Epoch 2/200 [TRAIN]:  58%|█████▊    | 2347/4032 [03:57<02:46, 10.14it/s, Loss=0.012346, Pos=0.012223, Vel=0.00006177]Epoch 2/200 [TRAIN]:  58%|█████▊    | 2347/4032 [03:57<02:46, 10.14it/s, Loss=0.012348, Pos=0.012224, Vel=0.00006178]Epoch 2/200 [TRAIN]:  58%|█████▊    | 2347/4032 [03:57<02:46, 10.14it/s, Loss=0.012346, Pos=0.012222, Vel=0.00006177]Epoch 2/200 [TRAIN]:  58%|█████▊    | 2349/4032 [03:57<02:49,  9.93it/s, Loss=0.012346, Pos=0.012222, Vel=0.00006177]Epoch 2/200 [TRAIN]:  58%|█████▊    | 2349/4032 [03:57<02:49,  9.93it/s, Loss=0.012342, Pos=0.012219, Vel=0.00006176]Epoch 2/200 [TRAIN]:  58%|█████▊    | 2349/4032 [03:57<02:49,  9.93it/s, Loss=0.012355, Pos=0.012232, Vel=0.00006175]Epoch 2/200 [TRAIN]:  58%|█████▊    | 2351/4032 [03:57<02:47, 10.04it/s, Loss=0.012355, Pos=0.012232, Vel=0.00006175]Epoch 2/200 [TRAIN]:  58%|█████▊    | 2351/4032 [03:57<02:47, 10.04it/s, Loss=0.012357, Pos=0.012233, Vel=0.00006176]Epoch 2/200 [TRAIN]:  58%|█████▊    | 2351/4032 [03:57<02:47, 10.04it/s, Loss=0.012355, Pos=0.012232, Vel=0.00006174]Epoch 2/200 [TRAIN]:  58%|█████▊    | 2353/4032 [03:57<02:53,  9.69it/s, Loss=0.012355, Pos=0.012232, Vel=0.00006174]Epoch 2/200 [TRAIN]:  58%|█████▊    | 2353/4032 [03:57<02:53,  9.69it/s, Loss=0.012357, Pos=0.012234, Vel=0.00006174]Epoch 2/200 [TRAIN]:  58%|█████▊    | 2353/4032 [03:57<02:53,  9.69it/s, Loss=0.012353, Pos=0.012230, Vel=0.00006172]Epoch 2/200 [TRAIN]:  58%|█████▊    | 2355/4032 [03:57<02:54,  9.61it/s, Loss=0.012353, Pos=0.012230, Vel=0.00006172]Epoch 2/200 [TRAIN]:  58%|█████▊    | 2355/4032 [03:57<02:54,  9.61it/s, Loss=0.012352, Pos=0.012228, Vel=0.00006171]Epoch 2/200 [TRAIN]:  58%|█████▊    | 2356/4032 [03:57<02:53,  9.67it/s, Loss=0.012352, Pos=0.012228, Vel=0.00006171]Epoch 2/200 [TRAIN]:  58%|█████▊    | 2356/4032 [03:58<02:53,  9.67it/s, Loss=0.012352, Pos=0.012229, Vel=0.00006169]Epoch 2/200 [TRAIN]:  58%|█████▊    | 2357/4032 [03:58<02:54,  9.59it/s, Loss=0.012352, Pos=0.012229, Vel=0.00006169]Epoch 2/200 [TRAIN]:  58%|█████▊    | 2357/4032 [03:58<02:54,  9.59it/s, Loss=0.012348, Pos=0.012224, Vel=0.00006167]Epoch 2/200 [TRAIN]:  58%|█████▊    | 2358/4032 [03:58<02:59,  9.32it/s, Loss=0.012348, Pos=0.012224, Vel=0.00006167]Epoch 2/200 [TRAIN]:  58%|█████▊    | 2358/4032 [03:58<02:59,  9.32it/s, Loss=0.012345, Pos=0.012221, Vel=0.00006166]Epoch 2/200 [TRAIN]:  58%|█████▊    | 2358/4032 [03:58<02:59,  9.32it/s, Loss=0.012342, Pos=0.012219, Vel=0.00006165]Epoch 2/200 [TRAIN]:  59%|█████▊    | 2360/4032 [03:58<02:58,  9.35it/s, Loss=0.012342, Pos=0.012219, Vel=0.00006165]Epoch 2/200 [TRAIN]:  59%|█████▊    | 2360/4032 [03:58<02:58,  9.35it/s, Loss=0.012343, Pos=0.012219, Vel=0.00006165]Epoch 2/200 [TRAIN]:  59%|█████▊    | 2361/4032 [03:58<02:59,  9.33it/s, Loss=0.012343, Pos=0.012219, Vel=0.00006165]Epoch 2/200 [TRAIN]:  59%|█████▊    | 2361/4032 [03:58<02:59,  9.33it/s, Loss=0.012340, Pos=0.012217, Vel=0.00006167]Epoch 2/200 [TRAIN]:  59%|█████▊    | 2361/4032 [03:58<02:59,  9.33it/s, Loss=0.012335, Pos=0.012212, Vel=0.00006165]Epoch 2/200 [TRAIN]:  59%|█████▊    | 2363/4032 [03:58<02:36, 10.67it/s, Loss=0.012335, Pos=0.012212, Vel=0.00006165]Epoch 2/200 [TRAIN]:  59%|█████▊    | 2363/4032 [03:58<02:36, 10.67it/s, Loss=0.012335, Pos=0.012211, Vel=0.00006164]Epoch 2/200 [TRAIN]:  59%|█████▊    | 2363/4032 [03:58<02:36, 10.67it/s, Loss=0.012332, Pos=0.012208, Vel=0.00006166]Epoch 2/200 [TRAIN]:  59%|█████▊    | 2365/4032 [03:58<02:42, 10.28it/s, Loss=0.012332, Pos=0.012208, Vel=0.00006166]Epoch 2/200 [TRAIN]:  59%|█████▊    | 2365/4032 [03:58<02:42, 10.28it/s, Loss=0.012329, Pos=0.012205, Vel=0.00006165]Epoch 2/200 [TRAIN]:  59%|█████▊    | 2365/4032 [03:59<02:42, 10.28it/s, Loss=0.012325, Pos=0.012202, Vel=0.00006166]Epoch 2/200 [TRAIN]:  59%|█████▊    | 2367/4032 [03:59<02:47,  9.94it/s, Loss=0.012325, Pos=0.012202, Vel=0.00006166]Epoch 2/200 [TRAIN]:  59%|█████▊    | 2367/4032 [03:59<02:47,  9.94it/s, Loss=0.012323, Pos=0.012199, Vel=0.00006167]Epoch 2/200 [TRAIN]:  59%|█████▊    | 2367/4032 [03:59<02:47,  9.94it/s, Loss=0.012319, Pos=0.012196, Vel=0.00006166]Epoch 2/200 [TRAIN]:  59%|█████▉    | 2369/4032 [03:59<02:44, 10.09it/s, Loss=0.012319, Pos=0.012196, Vel=0.00006166]Epoch 2/200 [TRAIN]:  59%|█████▉    | 2369/4032 [03:59<02:44, 10.09it/s, Loss=0.012316, Pos=0.012193, Vel=0.00006165]Epoch 2/200 [TRAIN]:  59%|█████▉    | 2369/4032 [03:59<02:44, 10.09it/s, Loss=0.012312, Pos=0.012189, Vel=0.00006163]Epoch 2/200 [TRAIN]:  59%|█████▉    | 2371/4032 [03:59<02:28, 11.21it/s, Loss=0.012312, Pos=0.012189, Vel=0.00006163]Epoch 2/200 [TRAIN]:  59%|█████▉    | 2371/4032 [03:59<02:28, 11.21it/s, Loss=0.012310, Pos=0.012187, Vel=0.00006164]Epoch 2/200 [TRAIN]:  59%|█████▉    | 2371/4032 [03:59<02:28, 11.21it/s, Loss=0.012306, Pos=0.012183, Vel=0.00006163]Epoch 2/200 [TRAIN]:  59%|█████▉    | 2373/4032 [03:59<02:39, 10.42it/s, Loss=0.012306, Pos=0.012183, Vel=0.00006163]Epoch 2/200 [TRAIN]:  59%|█████▉    | 2373/4032 [03:59<02:39, 10.42it/s, Loss=0.012312, Pos=0.012188, Vel=0.00006165]Epoch 2/200 [TRAIN]:  59%|█████▉    | 2373/4032 [03:59<02:39, 10.42it/s, Loss=0.012308, Pos=0.012185, Vel=0.00006163]Epoch 2/200 [TRAIN]:  59%|█████▉    | 2375/4032 [03:59<02:47,  9.91it/s, Loss=0.012308, Pos=0.012185, Vel=0.00006163]Epoch 2/200 [TRAIN]:  59%|█████▉    | 2375/4032 [03:59<02:47,  9.91it/s, Loss=0.012304, Pos=0.012181, Vel=0.00006161]Epoch 2/200 [TRAIN]:  59%|█████▉    | 2375/4032 [04:00<02:47,  9.91it/s, Loss=0.012302, Pos=0.012179, Vel=0.00006160]Epoch 2/200 [TRAIN]:  59%|█████▉    | 2377/4032 [04:00<02:43, 10.14it/s, Loss=0.012302, Pos=0.012179, Vel=0.00006160]Epoch 2/200 [TRAIN]:  59%|█████▉    | 2377/4032 [04:00<02:43, 10.14it/s, Loss=0.012302, Pos=0.012179, Vel=0.00006162]Epoch 2/200 [TRAIN]:  59%|█████▉    | 2377/4032 [04:00<02:43, 10.14it/s, Loss=0.012302, Pos=0.012178, Vel=0.00006161]Epoch 2/200 [TRAIN]:  59%|█████▉    | 2379/4032 [04:00<02:47,  9.86it/s, Loss=0.012302, Pos=0.012178, Vel=0.00006161]Epoch 2/200 [TRAIN]:  59%|█████▉    | 2379/4032 [04:00<02:47,  9.86it/s, Loss=0.012304, Pos=0.012180, Vel=0.00006160]Epoch 2/200 [TRAIN]:  59%|█████▉    | 2379/4032 [04:00<02:47,  9.86it/s, Loss=0.012305, Pos=0.012181, Vel=0.00006162]Epoch 2/200 [TRAIN]:  59%|█████▉    | 2381/4032 [04:00<02:35, 10.64it/s, Loss=0.012305, Pos=0.012181, Vel=0.00006162]Epoch 2/200 [TRAIN]:  59%|█████▉    | 2381/4032 [04:00<02:35, 10.64it/s, Loss=0.012307, Pos=0.012184, Vel=0.00006165]Epoch 2/200 [TRAIN]:  59%|█████▉    | 2381/4032 [04:00<02:35, 10.64it/s, Loss=0.012308, Pos=0.012185, Vel=0.00006163]Epoch 2/200 [TRAIN]:  59%|█████▉    | 2383/4032 [04:00<02:47,  9.85it/s, Loss=0.012308, Pos=0.012185, Vel=0.00006163]Epoch 2/200 [TRAIN]:  59%|█████▉    | 2383/4032 [04:00<02:47,  9.85it/s, Loss=0.012305, Pos=0.012182, Vel=0.00006162]Epoch 2/200 [TRAIN]:  59%|█████▉    | 2383/4032 [04:00<02:47,  9.85it/s, Loss=0.012302, Pos=0.012178, Vel=0.00006161]Epoch 2/200 [TRAIN]:  59%|█████▉    | 2385/4032 [04:00<02:37, 10.44it/s, Loss=0.012302, Pos=0.012178, Vel=0.00006161]Epoch 2/200 [TRAIN]:  59%|█████▉    | 2385/4032 [04:00<02:37, 10.44it/s, Loss=0.012304, Pos=0.012180, Vel=0.00006161]Epoch 2/200 [TRAIN]:  59%|█████▉    | 2385/4032 [04:01<02:37, 10.44it/s, Loss=0.012300, Pos=0.012177, Vel=0.00006161]Epoch 2/200 [TRAIN]:  59%|█████▉    | 2387/4032 [04:01<02:43, 10.08it/s, Loss=0.012300, Pos=0.012177, Vel=0.00006161]Epoch 2/200 [TRAIN]:  59%|█████▉    | 2387/4032 [04:01<02:43, 10.08it/s, Loss=0.012315, Pos=0.012192, Vel=0.00006164]Epoch 2/200 [TRAIN]:  59%|█████▉    | 2387/4032 [04:01<02:43, 10.08it/s, Loss=0.012315, Pos=0.012192, Vel=0.00006162]Epoch 2/200 [TRAIN]:  59%|█████▉    | 2389/4032 [04:01<02:38, 10.37it/s, Loss=0.012315, Pos=0.012192, Vel=0.00006162]Epoch 2/200 [TRAIN]:  59%|█████▉    | 2389/4032 [04:01<02:38, 10.37it/s, Loss=0.012320, Pos=0.012197, Vel=0.00006163]Epoch 2/200 [TRAIN]:  59%|█████▉    | 2389/4032 [04:01<02:38, 10.37it/s, Loss=0.012319, Pos=0.012195, Vel=0.00006165]Epoch 2/200 [TRAIN]:  59%|█████▉    | 2391/4032 [04:01<02:25, 11.26it/s, Loss=0.012319, Pos=0.012195, Vel=0.00006165]Epoch 2/200 [TRAIN]:  59%|█████▉    | 2391/4032 [04:01<02:25, 11.26it/s, Loss=0.012315, Pos=0.012191, Vel=0.00006163]Epoch 2/200 [TRAIN]:  59%|█████▉    | 2391/4032 [04:01<02:25, 11.26it/s, Loss=0.012311, Pos=0.012188, Vel=0.00006162]Epoch 2/200 [TRAIN]:  59%|█████▉    | 2393/4032 [04:01<02:33, 10.66it/s, Loss=0.012311, Pos=0.012188, Vel=0.00006162]Epoch 2/200 [TRAIN]:  59%|█████▉    | 2393/4032 [04:01<02:33, 10.66it/s, Loss=0.012309, Pos=0.012186, Vel=0.00006161]Epoch 2/200 [TRAIN]:  59%|█████▉    | 2393/4032 [04:01<02:33, 10.66it/s, Loss=0.012309, Pos=0.012186, Vel=0.00006170]Epoch 2/200 [TRAIN]:  59%|█████▉    | 2395/4032 [04:01<02:40, 10.19it/s, Loss=0.012309, Pos=0.012186, Vel=0.00006170]Epoch 2/200 [TRAIN]:  59%|█████▉    | 2395/4032 [04:01<02:40, 10.19it/s, Loss=0.012326, Pos=0.012203, Vel=0.00006171]Epoch 2/200 [TRAIN]:  59%|█████▉    | 2395/4032 [04:01<02:40, 10.19it/s, Loss=0.012323, Pos=0.012199, Vel=0.00006170]Epoch 2/200 [TRAIN]:  59%|█████▉    | 2397/4032 [04:01<02:44,  9.92it/s, Loss=0.012323, Pos=0.012199, Vel=0.00006170]Epoch 2/200 [TRAIN]:  59%|█████▉    | 2397/4032 [04:02<02:44,  9.92it/s, Loss=0.012320, Pos=0.012196, Vel=0.00006169]Epoch 2/200 [TRAIN]:  59%|█████▉    | 2397/4032 [04:02<02:44,  9.92it/s, Loss=0.012323, Pos=0.012200, Vel=0.00006169]Epoch 2/200 [TRAIN]:  59%|█████▉    | 2399/4032 [04:02<02:41, 10.12it/s, Loss=0.012323, Pos=0.012200, Vel=0.00006169]Epoch 2/200 [TRAIN]:  59%|█████▉    | 2399/4032 [04:02<02:41, 10.12it/s, Loss=0.012321, Pos=0.012198, Vel=0.00006166]Epoch 2/200 [TRAIN]:  59%|█████▉    | 2399/4032 [04:02<02:41, 10.12it/s, Loss=0.012319, Pos=0.012195, Vel=0.00006164]Epoch 2/200 [TRAIN]:  60%|█████▉    | 2401/4032 [04:02<02:48,  9.68it/s, Loss=0.012319, Pos=0.012195, Vel=0.00006164]Epoch 2/200 [TRAIN]:  60%|█████▉    | 2401/4032 [04:02<02:48,  9.68it/s, Loss=0.012322, Pos=0.012199, Vel=0.00006166]Epoch 2/200 [TRAIN]:  60%|█████▉    | 2401/4032 [04:02<02:48,  9.68it/s, Loss=0.012320, Pos=0.012196, Vel=0.00006166]Epoch 2/200 [TRAIN]:  60%|█████▉    | 2403/4032 [04:02<02:46,  9.79it/s, Loss=0.012320, Pos=0.012196, Vel=0.00006166]Epoch 2/200 [TRAIN]:  60%|█████▉    | 2403/4032 [04:02<02:46,  9.79it/s, Loss=0.012320, Pos=0.012197, Vel=0.00006167]Epoch 2/200 [TRAIN]:  60%|█████▉    | 2404/4032 [04:02<02:50,  9.55it/s, Loss=0.012320, Pos=0.012197, Vel=0.00006167]Epoch 2/200 [TRAIN]:  60%|█████▉    | 2404/4032 [04:02<02:50,  9.55it/s, Loss=0.012316, Pos=0.012193, Vel=0.00006166]Epoch 2/200 [TRAIN]:  60%|█████▉    | 2404/4032 [04:02<02:50,  9.55it/s, Loss=0.012313, Pos=0.012190, Vel=0.00006164]Epoch 2/200 [TRAIN]:  60%|█████▉    | 2406/4032 [04:02<02:49,  9.58it/s, Loss=0.012313, Pos=0.012190, Vel=0.00006164]Epoch 2/200 [TRAIN]:  60%|█████▉    | 2406/4032 [04:03<02:49,  9.58it/s, Loss=0.012319, Pos=0.012195, Vel=0.00006164]Epoch 2/200 [TRAIN]:  60%|█████▉    | 2407/4032 [04:03<02:50,  9.51it/s, Loss=0.012319, Pos=0.012195, Vel=0.00006164]Epoch 2/200 [TRAIN]:  60%|█████▉    | 2407/4032 [04:03<02:50,  9.51it/s, Loss=0.012318, Pos=0.012195, Vel=0.00006165]Epoch 2/200 [TRAIN]:  60%|█████▉    | 2408/4032 [04:03<02:51,  9.48it/s, Loss=0.012318, Pos=0.012195, Vel=0.00006165]Epoch 2/200 [TRAIN]:  60%|█████▉    | 2408/4032 [04:03<02:51,  9.48it/s, Loss=0.012329, Pos=0.012206, Vel=0.00006181]Epoch 2/200 [TRAIN]:  60%|█████▉    | 2408/4032 [04:03<02:51,  9.48it/s, Loss=0.012332, Pos=0.012208, Vel=0.00006182]Epoch 2/200 [TRAIN]:  60%|█████▉    | 2410/4032 [04:03<02:43,  9.93it/s, Loss=0.012332, Pos=0.012208, Vel=0.00006182]Epoch 2/200 [TRAIN]:  60%|█████▉    | 2410/4032 [04:03<02:43,  9.93it/s, Loss=0.012327, Pos=0.012204, Vel=0.00006180]Epoch 2/200 [TRAIN]:  60%|█████▉    | 2410/4032 [04:03<02:43,  9.93it/s, Loss=0.012327, Pos=0.012203, Vel=0.00006181]Epoch 2/200 [TRAIN]:  60%|█████▉    | 2412/4032 [04:03<02:39, 10.15it/s, Loss=0.012327, Pos=0.012203, Vel=0.00006181]Epoch 2/200 [TRAIN]:  60%|█████▉    | 2412/4032 [04:03<02:39, 10.15it/s, Loss=0.012324, Pos=0.012200, Vel=0.00006180]Epoch 2/200 [TRAIN]:  60%|█████▉    | 2412/4032 [04:03<02:39, 10.15it/s, Loss=0.012324, Pos=0.012200, Vel=0.00006182]Epoch 2/200 [TRAIN]:  60%|█████▉    | 2414/4032 [04:03<02:45,  9.75it/s, Loss=0.012324, Pos=0.012200, Vel=0.00006182]Epoch 2/200 [TRAIN]:  60%|█████▉    | 2414/4032 [04:03<02:45,  9.75it/s, Loss=0.012321, Pos=0.012197, Vel=0.00006180]Epoch 2/200 [TRAIN]:  60%|█████▉    | 2414/4032 [04:03<02:45,  9.75it/s, Loss=0.012317, Pos=0.012193, Vel=0.00006179]Epoch 2/200 [TRAIN]:  60%|█████▉    | 2416/4032 [04:03<02:47,  9.67it/s, Loss=0.012317, Pos=0.012193, Vel=0.00006179]Epoch 2/200 [TRAIN]:  60%|█████▉    | 2416/4032 [04:04<02:47,  9.67it/s, Loss=0.012368, Pos=0.012245, Vel=0.00006184]Epoch 2/200 [TRAIN]:  60%|█████▉    | 2417/4032 [04:04<02:52,  9.37it/s, Loss=0.012368, Pos=0.012245, Vel=0.00006184]Epoch 2/200 [TRAIN]:  60%|█████▉    | 2417/4032 [04:04<02:52,  9.37it/s, Loss=0.012364, Pos=0.012241, Vel=0.00006184]Epoch 2/200 [TRAIN]:  60%|█████▉    | 2418/4032 [04:04<02:51,  9.39it/s, Loss=0.012364, Pos=0.012241, Vel=0.00006184]Epoch 2/200 [TRAIN]:  60%|█████▉    | 2418/4032 [04:04<02:51,  9.39it/s, Loss=0.012362, Pos=0.012239, Vel=0.00006188]Epoch 2/200 [TRAIN]:  60%|█████▉    | 2418/4032 [04:04<02:51,  9.39it/s, Loss=0.012360, Pos=0.012236, Vel=0.00006186]Epoch 2/200 [TRAIN]:  60%|██████    | 2420/4032 [04:04<02:25, 11.05it/s, Loss=0.012360, Pos=0.012236, Vel=0.00006186]Epoch 2/200 [TRAIN]:  60%|██████    | 2420/4032 [04:04<02:25, 11.05it/s, Loss=0.012358, Pos=0.012234, Vel=0.00006186]Epoch 2/200 [TRAIN]:  60%|██████    | 2420/4032 [04:04<02:25, 11.05it/s, Loss=0.012357, Pos=0.012234, Vel=0.00006185]Epoch 2/200 [TRAIN]:  60%|██████    | 2422/4032 [04:04<02:34, 10.43it/s, Loss=0.012357, Pos=0.012234, Vel=0.00006185]Epoch 2/200 [TRAIN]:  60%|██████    | 2422/4032 [04:04<02:34, 10.43it/s, Loss=0.012355, Pos=0.012231, Vel=0.00006183]Epoch 2/200 [TRAIN]:  60%|██████    | 2422/4032 [04:04<02:34, 10.43it/s, Loss=0.012354, Pos=0.012230, Vel=0.00006182]Epoch 2/200 [TRAIN]:  60%|██████    | 2424/4032 [04:04<02:41,  9.98it/s, Loss=0.012354, Pos=0.012230, Vel=0.00006182]Epoch 2/200 [TRAIN]:  60%|██████    | 2424/4032 [04:04<02:41,  9.98it/s, Loss=0.012351, Pos=0.012227, Vel=0.00006180]Epoch 2/200 [TRAIN]:  60%|██████    | 2424/4032 [04:04<02:41,  9.98it/s, Loss=0.012349, Pos=0.012226, Vel=0.00006183]Epoch 2/200 [TRAIN]:  60%|██████    | 2426/4032 [04:04<02:34, 10.41it/s, Loss=0.012349, Pos=0.012226, Vel=0.00006183]Epoch 2/200 [TRAIN]:  60%|██████    | 2426/4032 [04:05<02:34, 10.41it/s, Loss=0.012347, Pos=0.012223, Vel=0.00006182]Epoch 2/200 [TRAIN]:  60%|██████    | 2426/4032 [04:05<02:34, 10.41it/s, Loss=0.012344, Pos=0.012220, Vel=0.00006182]Epoch 2/200 [TRAIN]:  60%|██████    | 2428/4032 [04:05<02:45,  9.68it/s, Loss=0.012344, Pos=0.012220, Vel=0.00006182]Epoch 2/200 [TRAIN]:  60%|██████    | 2428/4032 [04:05<02:45,  9.68it/s, Loss=0.012343, Pos=0.012219, Vel=0.00006182]Epoch 2/200 [TRAIN]:  60%|██████    | 2428/4032 [04:05<02:45,  9.68it/s, Loss=0.012340, Pos=0.012216, Vel=0.00006182]Epoch 2/200 [TRAIN]:  60%|██████    | 2430/4032 [04:05<02:46,  9.63it/s, Loss=0.012340, Pos=0.012216, Vel=0.00006182]Epoch 2/200 [TRAIN]:  60%|██████    | 2430/4032 [04:05<02:46,  9.63it/s, Loss=0.012339, Pos=0.012216, Vel=0.00006181]Epoch 2/200 [TRAIN]:  60%|██████    | 2431/4032 [04:05<02:51,  9.35it/s, Loss=0.012339, Pos=0.012216, Vel=0.00006181]Epoch 2/200 [TRAIN]:  60%|██████    | 2431/4032 [04:05<02:51,  9.35it/s, Loss=0.012336, Pos=0.012213, Vel=0.00006180]Epoch 2/200 [TRAIN]:  60%|██████    | 2431/4032 [04:05<02:51,  9.35it/s, Loss=0.012335, Pos=0.012211, Vel=0.00006179]Epoch 2/200 [TRAIN]:  60%|██████    | 2433/4032 [04:05<02:49,  9.44it/s, Loss=0.012335, Pos=0.012211, Vel=0.00006179]Epoch 2/200 [TRAIN]:  60%|██████    | 2433/4032 [04:05<02:49,  9.44it/s, Loss=0.012337, Pos=0.012214, Vel=0.00006180]Epoch 2/200 [TRAIN]:  60%|██████    | 2434/4032 [04:05<02:51,  9.30it/s, Loss=0.012337, Pos=0.012214, Vel=0.00006180]Epoch 2/200 [TRAIN]:  60%|██████    | 2434/4032 [04:05<02:51,  9.30it/s, Loss=0.012335, Pos=0.012211, Vel=0.00006179]Epoch 2/200 [TRAIN]:  60%|██████    | 2435/4032 [04:05<02:49,  9.41it/s, Loss=0.012335, Pos=0.012211, Vel=0.00006179]Epoch 2/200 [TRAIN]:  60%|██████    | 2435/4032 [04:06<02:49,  9.41it/s, Loss=0.012333, Pos=0.012209, Vel=0.00006181]Epoch 2/200 [TRAIN]:  60%|██████    | 2436/4032 [04:06<02:50,  9.36it/s, Loss=0.012333, Pos=0.012209, Vel=0.00006181]Epoch 2/200 [TRAIN]:  60%|██████    | 2436/4032 [04:06<02:50,  9.36it/s, Loss=0.012330, Pos=0.012206, Vel=0.00006181]Epoch 2/200 [TRAIN]:  60%|██████    | 2437/4032 [04:06<02:51,  9.31it/s, Loss=0.012330, Pos=0.012206, Vel=0.00006181]Epoch 2/200 [TRAIN]:  60%|██████    | 2437/4032 [04:06<02:51,  9.31it/s, Loss=0.012334, Pos=0.012211, Vel=0.00006182]Epoch 2/200 [TRAIN]:  60%|██████    | 2438/4032 [04:06<02:52,  9.24it/s, Loss=0.012334, Pos=0.012211, Vel=0.00006182]Epoch 2/200 [TRAIN]:  60%|██████    | 2438/4032 [04:06<02:52,  9.24it/s, Loss=0.012333, Pos=0.012210, Vel=0.00006183]Epoch 2/200 [TRAIN]:  60%|██████    | 2439/4032 [04:06<02:52,  9.25it/s, Loss=0.012333, Pos=0.012210, Vel=0.00006183]Epoch 2/200 [TRAIN]:  60%|██████    | 2439/4032 [04:06<02:52,  9.25it/s, Loss=0.012331, Pos=0.012208, Vel=0.00006182]Epoch 2/200 [TRAIN]:  61%|██████    | 2440/4032 [04:06<02:53,  9.18it/s, Loss=0.012331, Pos=0.012208, Vel=0.00006182]Epoch 2/200 [TRAIN]:  61%|██████    | 2440/4032 [04:06<02:53,  9.18it/s, Loss=0.012331, Pos=0.012208, Vel=0.00006181]Epoch 2/200 [TRAIN]:  61%|██████    | 2441/4032 [04:06<02:56,  9.01it/s, Loss=0.012331, Pos=0.012208, Vel=0.00006181]Epoch 2/200 [TRAIN]:  61%|██████    | 2441/4032 [04:06<02:56,  9.01it/s, Loss=0.012333, Pos=0.012210, Vel=0.00006180]Epoch 2/200 [TRAIN]:  61%|██████    | 2442/4032 [04:06<02:55,  9.04it/s, Loss=0.012333, Pos=0.012210, Vel=0.00006180]Epoch 2/200 [TRAIN]:  61%|██████    | 2442/4032 [04:06<02:55,  9.04it/s, Loss=0.012330, Pos=0.012207, Vel=0.00006179]Epoch 2/200 [TRAIN]:  61%|██████    | 2443/4032 [04:06<02:56,  8.99it/s, Loss=0.012330, Pos=0.012207, Vel=0.00006179]Epoch 2/200 [TRAIN]:  61%|██████    | 2443/4032 [04:06<02:56,  8.99it/s, Loss=0.012335, Pos=0.012211, Vel=0.00006177]Epoch 2/200 [TRAIN]:  61%|██████    | 2444/4032 [04:06<02:57,  8.95it/s, Loss=0.012335, Pos=0.012211, Vel=0.00006177]Epoch 2/200 [TRAIN]:  61%|██████    | 2444/4032 [04:07<02:57,  8.95it/s, Loss=0.012331, Pos=0.012208, Vel=0.00006176]Epoch 2/200 [TRAIN]:  61%|██████    | 2445/4032 [04:07<02:56,  8.98it/s, Loss=0.012331, Pos=0.012208, Vel=0.00006176]Epoch 2/200 [TRAIN]:  61%|██████    | 2445/4032 [04:07<02:56,  8.98it/s, Loss=0.012331, Pos=0.012208, Vel=0.00006176]Epoch 2/200 [TRAIN]:  61%|██████    | 2446/4032 [04:07<02:55,  9.02it/s, Loss=0.012331, Pos=0.012208, Vel=0.00006176]Epoch 2/200 [TRAIN]:  61%|██████    | 2446/4032 [04:07<02:55,  9.02it/s, Loss=0.012327, Pos=0.012204, Vel=0.00006175]Epoch 2/200 [TRAIN]:  61%|██████    | 2447/4032 [04:07<02:54,  9.10it/s, Loss=0.012327, Pos=0.012204, Vel=0.00006175]Epoch 2/200 [TRAIN]:  61%|██████    | 2447/4032 [04:07<02:54,  9.10it/s, Loss=0.012326, Pos=0.012202, Vel=0.00006174]Epoch 2/200 [TRAIN]:  61%|██████    | 2448/4032 [04:07<02:52,  9.17it/s, Loss=0.012326, Pos=0.012202, Vel=0.00006174]Epoch 2/200 [TRAIN]:  61%|██████    | 2448/4032 [04:07<02:52,  9.17it/s, Loss=0.012327, Pos=0.012203, Vel=0.00006176]Epoch 2/200 [TRAIN]:  61%|██████    | 2449/4032 [04:07<02:52,  9.15it/s, Loss=0.012327, Pos=0.012203, Vel=0.00006176]Epoch 2/200 [TRAIN]:  61%|██████    | 2449/4032 [04:07<02:52,  9.15it/s, Loss=0.012323, Pos=0.012200, Vel=0.00006175]Epoch 2/200 [TRAIN]:  61%|██████    | 2450/4032 [04:07<02:54,  9.08it/s, Loss=0.012323, Pos=0.012200, Vel=0.00006175]Epoch 2/200 [TRAIN]:  61%|██████    | 2450/4032 [04:07<02:54,  9.08it/s, Loss=0.012329, Pos=0.012205, Vel=0.00006178]Epoch 2/200 [TRAIN]:  61%|██████    | 2451/4032 [04:07<02:51,  9.23it/s, Loss=0.012329, Pos=0.012205, Vel=0.00006178]Epoch 2/200 [TRAIN]:  61%|██████    | 2451/4032 [04:07<02:51,  9.23it/s, Loss=0.012335, Pos=0.012211, Vel=0.00006178]Epoch 2/200 [TRAIN]:  61%|██████    | 2452/4032 [04:07<02:50,  9.27it/s, Loss=0.012335, Pos=0.012211, Vel=0.00006178]Epoch 2/200 [TRAIN]:  61%|██████    | 2452/4032 [04:07<02:50,  9.27it/s, Loss=0.012333, Pos=0.012210, Vel=0.00006182]Epoch 2/200 [TRAIN]:  61%|██████    | 2453/4032 [04:07<02:51,  9.18it/s, Loss=0.012333, Pos=0.012210, Vel=0.00006182]Epoch 2/200 [TRAIN]:  61%|██████    | 2453/4032 [04:07<02:51,  9.18it/s, Loss=0.012329, Pos=0.012206, Vel=0.00006182]Epoch 2/200 [TRAIN]:  61%|██████    | 2453/4032 [04:08<02:51,  9.18it/s, Loss=0.012329, Pos=0.012205, Vel=0.00006182]Epoch 2/200 [TRAIN]:  61%|██████    | 2455/4032 [04:08<02:44,  9.60it/s, Loss=0.012329, Pos=0.012205, Vel=0.00006182]Epoch 2/200 [TRAIN]:  61%|██████    | 2455/4032 [04:08<02:44,  9.60it/s, Loss=0.012324, Pos=0.012200, Vel=0.00006180]Epoch 2/200 [TRAIN]:  61%|██████    | 2455/4032 [04:08<02:44,  9.60it/s, Loss=0.012322, Pos=0.012198, Vel=0.00006180]Epoch 2/200 [TRAIN]:  61%|██████    | 2457/4032 [04:08<02:39,  9.88it/s, Loss=0.012322, Pos=0.012198, Vel=0.00006180]Epoch 2/200 [TRAIN]:  61%|██████    | 2457/4032 [04:08<02:39,  9.88it/s, Loss=0.012324, Pos=0.012200, Vel=0.00006187]Epoch 2/200 [TRAIN]:  61%|██████    | 2457/4032 [04:08<02:39,  9.88it/s, Loss=0.012332, Pos=0.012209, Vel=0.00006185]Epoch 2/200 [TRAIN]:  61%|██████    | 2459/4032 [04:08<02:21, 11.10it/s, Loss=0.012332, Pos=0.012209, Vel=0.00006185]Epoch 2/200 [TRAIN]:  61%|██████    | 2459/4032 [04:08<02:21, 11.10it/s, Loss=0.012329, Pos=0.012205, Vel=0.00006184]Epoch 2/200 [TRAIN]:  61%|██████    | 2459/4032 [04:08<02:21, 11.10it/s, Loss=0.012333, Pos=0.012209, Vel=0.00006185]Epoch 2/200 [TRAIN]:  61%|██████    | 2461/4032 [04:08<02:31, 10.39it/s, Loss=0.012333, Pos=0.012209, Vel=0.00006185]Epoch 2/200 [TRAIN]:  61%|██████    | 2461/4032 [04:08<02:31, 10.39it/s, Loss=0.012331, Pos=0.012207, Vel=0.00006184]Epoch 2/200 [TRAIN]:  61%|██████    | 2461/4032 [04:08<02:31, 10.39it/s, Loss=0.012336, Pos=0.012213, Vel=0.00006183]Epoch 2/200 [TRAIN]:  61%|██████    | 2463/4032 [04:08<02:35, 10.06it/s, Loss=0.012336, Pos=0.012213, Vel=0.00006183]Epoch 2/200 [TRAIN]:  61%|██████    | 2463/4032 [04:08<02:35, 10.06it/s, Loss=0.012334, Pos=0.012210, Vel=0.00006181]Epoch 2/200 [TRAIN]:  61%|██████    | 2463/4032 [04:08<02:35, 10.06it/s, Loss=0.012333, Pos=0.012209, Vel=0.00006179]Epoch 2/200 [TRAIN]:  61%|██████    | 2465/4032 [04:08<02:22, 10.97it/s, Loss=0.012333, Pos=0.012209, Vel=0.00006179]Epoch 2/200 [TRAIN]:  61%|██████    | 2465/4032 [04:09<02:22, 10.97it/s, Loss=0.012346, Pos=0.012223, Vel=0.00006179]Epoch 2/200 [TRAIN]:  61%|██████    | 2465/4032 [04:09<02:22, 10.97it/s, Loss=0.012344, Pos=0.012220, Vel=0.00006180]Epoch 2/200 [TRAIN]:  61%|██████    | 2467/4032 [04:09<02:33, 10.19it/s, Loss=0.012344, Pos=0.012220, Vel=0.00006180]Epoch 2/200 [TRAIN]:  61%|██████    | 2467/4032 [04:09<02:33, 10.19it/s, Loss=0.012345, Pos=0.012221, Vel=0.00006182]Epoch 2/200 [TRAIN]:  61%|██████    | 2467/4032 [04:09<02:33, 10.19it/s, Loss=0.012343, Pos=0.012219, Vel=0.00006182]Epoch 2/200 [TRAIN]:  61%|██████    | 2469/4032 [04:09<02:40,  9.75it/s, Loss=0.012343, Pos=0.012219, Vel=0.00006182]Epoch 2/200 [TRAIN]:  61%|██████    | 2469/4032 [04:09<02:40,  9.75it/s, Loss=0.012340, Pos=0.012217, Vel=0.00006180]Epoch 2/200 [TRAIN]:  61%|██████    | 2469/4032 [04:09<02:40,  9.75it/s, Loss=0.012336, Pos=0.012212, Vel=0.00006178]Epoch 2/200 [TRAIN]:  61%|██████▏   | 2471/4032 [04:09<02:47,  9.31it/s, Loss=0.012336, Pos=0.012212, Vel=0.00006178]Epoch 2/200 [TRAIN]:  61%|██████▏   | 2471/4032 [04:09<02:47,  9.31it/s, Loss=0.012332, Pos=0.012208, Vel=0.00006177]Epoch 2/200 [TRAIN]:  61%|██████▏   | 2472/4032 [04:09<02:46,  9.37it/s, Loss=0.012332, Pos=0.012208, Vel=0.00006177]Epoch 2/200 [TRAIN]:  61%|██████▏   | 2472/4032 [04:09<02:46,  9.37it/s, Loss=0.012328, Pos=0.012204, Vel=0.00006175]Epoch 2/200 [TRAIN]:  61%|██████▏   | 2473/4032 [04:09<02:51,  9.09it/s, Loss=0.012328, Pos=0.012204, Vel=0.00006175]Epoch 2/200 [TRAIN]:  61%|██████▏   | 2473/4032 [04:09<02:51,  9.09it/s, Loss=0.012324, Pos=0.012201, Vel=0.00006175]Epoch 2/200 [TRAIN]:  61%|██████▏   | 2474/4032 [04:09<02:48,  9.22it/s, Loss=0.012324, Pos=0.012201, Vel=0.00006175]Epoch 2/200 [TRAIN]:  61%|██████▏   | 2474/4032 [04:10<02:48,  9.22it/s, Loss=0.012325, Pos=0.012201, Vel=0.00006174]Epoch 2/200 [TRAIN]:  61%|██████▏   | 2474/4032 [04:10<02:48,  9.22it/s, Loss=0.012321, Pos=0.012198, Vel=0.00006172]Epoch 2/200 [TRAIN]:  61%|██████▏   | 2476/4032 [04:10<02:34, 10.10it/s, Loss=0.012321, Pos=0.012198, Vel=0.00006172]Epoch 2/200 [TRAIN]:  61%|██████▏   | 2476/4032 [04:10<02:34, 10.10it/s, Loss=0.012319, Pos=0.012196, Vel=0.00006172]Epoch 2/200 [TRAIN]:  61%|██████▏   | 2476/4032 [04:10<02:34, 10.10it/s, Loss=0.012315, Pos=0.012191, Vel=0.00006170]Epoch 2/200 [TRAIN]:  61%|██████▏   | 2478/4032 [04:10<02:34, 10.03it/s, Loss=0.012315, Pos=0.012191, Vel=0.00006170]Epoch 2/200 [TRAIN]:  61%|██████▏   | 2478/4032 [04:10<02:34, 10.03it/s, Loss=0.012312, Pos=0.012188, Vel=0.00006169]Epoch 2/200 [TRAIN]:  61%|██████▏   | 2478/4032 [04:10<02:34, 10.03it/s, Loss=0.012310, Pos=0.012186, Vel=0.00006169]Epoch 2/200 [TRAIN]:  62%|██████▏   | 2480/4032 [04:10<02:39,  9.75it/s, Loss=0.012310, Pos=0.012186, Vel=0.00006169]Epoch 2/200 [TRAIN]:  62%|██████▏   | 2480/4032 [04:10<02:39,  9.75it/s, Loss=0.012306, Pos=0.012183, Vel=0.00006168]Epoch 2/200 [TRAIN]:  62%|██████▏   | 2480/4032 [04:10<02:39,  9.75it/s, Loss=0.012304, Pos=0.012180, Vel=0.00006166]Epoch 2/200 [TRAIN]:  62%|██████▏   | 2482/4032 [04:10<02:16, 11.34it/s, Loss=0.012304, Pos=0.012180, Vel=0.00006166]Epoch 2/200 [TRAIN]:  62%|██████▏   | 2482/4032 [04:10<02:16, 11.34it/s, Loss=0.012301, Pos=0.012178, Vel=0.00006164]Epoch 2/200 [TRAIN]:  62%|██████▏   | 2482/4032 [04:10<02:16, 11.34it/s, Loss=0.012301, Pos=0.012178, Vel=0.00006165]Epoch 2/200 [TRAIN]:  62%|██████▏   | 2484/4032 [04:10<02:27, 10.50it/s, Loss=0.012301, Pos=0.012178, Vel=0.00006165]Epoch 2/200 [TRAIN]:  62%|██████▏   | 2484/4032 [04:11<02:27, 10.50it/s, Loss=0.012297, Pos=0.012174, Vel=0.00006165]Epoch 2/200 [TRAIN]:  62%|██████▏   | 2484/4032 [04:11<02:27, 10.50it/s, Loss=0.012299, Pos=0.012176, Vel=0.00006166]Epoch 2/200 [TRAIN]:  62%|██████▏   | 2486/4032 [04:11<02:30, 10.26it/s, Loss=0.012299, Pos=0.012176, Vel=0.00006166]Epoch 2/200 [TRAIN]:  62%|██████▏   | 2486/4032 [04:11<02:30, 10.26it/s, Loss=0.012297, Pos=0.012173, Vel=0.00006166]Epoch 2/200 [TRAIN]:  62%|██████▏   | 2486/4032 [04:11<02:30, 10.26it/s, Loss=0.012297, Pos=0.012174, Vel=0.00006165]Epoch 2/200 [TRAIN]:  62%|██████▏   | 2488/4032 [04:11<02:25, 10.58it/s, Loss=0.012297, Pos=0.012174, Vel=0.00006165]Epoch 2/200 [TRAIN]:  62%|██████▏   | 2488/4032 [04:11<02:25, 10.58it/s, Loss=0.012295, Pos=0.012172, Vel=0.00006164]Epoch 2/200 [TRAIN]:  62%|██████▏   | 2488/4032 [04:11<02:25, 10.58it/s, Loss=0.012302, Pos=0.012179, Vel=0.00006167]Epoch 2/200 [TRAIN]:  62%|██████▏   | 2490/4032 [04:11<02:29, 10.30it/s, Loss=0.012302, Pos=0.012179, Vel=0.00006167]Epoch 2/200 [TRAIN]:  62%|██████▏   | 2490/4032 [04:11<02:29, 10.30it/s, Loss=0.012302, Pos=0.012179, Vel=0.00006166]Epoch 2/200 [TRAIN]:  62%|██████▏   | 2490/4032 [04:11<02:29, 10.30it/s, Loss=0.012313, Pos=0.012190, Vel=0.00006165]Epoch 2/200 [TRAIN]:  62%|██████▏   | 2492/4032 [04:11<02:32, 10.10it/s, Loss=0.012313, Pos=0.012190, Vel=0.00006165]Epoch 2/200 [TRAIN]:  62%|██████▏   | 2492/4032 [04:11<02:32, 10.10it/s, Loss=0.012316, Pos=0.012193, Vel=0.00006165]Epoch 2/200 [TRAIN]:  62%|██████▏   | 2492/4032 [04:11<02:32, 10.10it/s, Loss=0.012314, Pos=0.012191, Vel=0.00006165]Epoch 2/200 [TRAIN]:  62%|██████▏   | 2494/4032 [04:11<02:34,  9.96it/s, Loss=0.012314, Pos=0.012191, Vel=0.00006165]Epoch 2/200 [TRAIN]:  62%|██████▏   | 2494/4032 [04:12<02:34,  9.96it/s, Loss=0.012314, Pos=0.012191, Vel=0.00006169]Epoch 2/200 [TRAIN]:  62%|██████▏   | 2494/4032 [04:12<02:34,  9.96it/s, Loss=0.012320, Pos=0.012197, Vel=0.00006170]Epoch 2/200 [TRAIN]:  62%|██████▏   | 2496/4032 [04:12<02:36,  9.84it/s, Loss=0.012320, Pos=0.012197, Vel=0.00006170]Epoch 2/200 [TRAIN]:  62%|██████▏   | 2496/4032 [04:12<02:36,  9.84it/s, Loss=0.012318, Pos=0.012194, Vel=0.00006169]Epoch 2/200 [TRAIN]:  62%|██████▏   | 2497/4032 [04:12<02:36,  9.81it/s, Loss=0.012318, Pos=0.012194, Vel=0.00006169]Epoch 2/200 [TRAIN]:  62%|██████▏   | 2497/4032 [04:12<02:36,  9.81it/s, Loss=0.012320, Pos=0.012197, Vel=0.00006170]Epoch 2/200 [TRAIN]:  62%|██████▏   | 2497/4032 [04:12<02:36,  9.81it/s, Loss=0.012329, Pos=0.012206, Vel=0.00006171]Epoch 2/200 [TRAIN]:  62%|██████▏   | 2497/4032 [04:12<02:36,  9.81it/s, Loss=0.012326, Pos=0.012202, Vel=0.00006169]Epoch 2/200 [TRAIN]:  62%|██████▏   | 2500/4032 [04:12<02:09, 11.85it/s, Loss=0.012326, Pos=0.012202, Vel=0.00006169]Epoch 2/200 [TRAIN]:  62%|██████▏   | 2500/4032 [04:12<02:09, 11.85it/s, Loss=0.012327, Pos=0.012203, Vel=0.00006169]Epoch 2/200 [TRAIN]:  62%|██████▏   | 2500/4032 [04:12<02:09, 11.85it/s, Loss=0.012326, Pos=0.012203, Vel=0.00006171]Epoch 2/200 [TRAIN]:  62%|██████▏   | 2502/4032 [04:12<02:19, 10.99it/s, Loss=0.012326, Pos=0.012203, Vel=0.00006171]Epoch 2/200 [TRAIN]:  62%|██████▏   | 2502/4032 [04:12<02:19, 10.99it/s, Loss=0.012322, Pos=0.012199, Vel=0.00006170]Epoch 2/200 [TRAIN]:  62%|██████▏   | 2502/4032 [04:12<02:19, 10.99it/s, Loss=0.012321, Pos=0.012198, Vel=0.00006169]Epoch 2/200 [TRAIN]:  62%|██████▏   | 2504/4032 [04:12<02:24, 10.55it/s, Loss=0.012321, Pos=0.012198, Vel=0.00006169]Epoch 2/200 [TRAIN]:  62%|██████▏   | 2504/4032 [04:12<02:24, 10.55it/s, Loss=0.012316, Pos=0.012193, Vel=0.00006167]Epoch 2/200 [TRAIN]:  62%|██████▏   | 2504/4032 [04:13<02:24, 10.55it/s, Loss=0.012319, Pos=0.012196, Vel=0.00006168]Epoch 2/200 [TRAIN]:  62%|██████▏   | 2506/4032 [04:13<02:33,  9.95it/s, Loss=0.012319, Pos=0.012196, Vel=0.00006168]Epoch 2/200 [TRAIN]:  62%|██████▏   | 2506/4032 [04:13<02:33,  9.95it/s, Loss=0.012317, Pos=0.012194, Vel=0.00006166]Epoch 2/200 [TRAIN]:  62%|██████▏   | 2506/4032 [04:13<02:33,  9.95it/s, Loss=0.012313, Pos=0.012190, Vel=0.00006165]Epoch 2/200 [TRAIN]:  62%|██████▏   | 2508/4032 [04:13<02:36,  9.71it/s, Loss=0.012313, Pos=0.012190, Vel=0.00006165]Epoch 2/200 [TRAIN]:  62%|██████▏   | 2508/4032 [04:13<02:36,  9.71it/s, Loss=0.012312, Pos=0.012189, Vel=0.00006164]Epoch 2/200 [TRAIN]:  62%|██████▏   | 2509/4032 [04:13<02:38,  9.60it/s, Loss=0.012312, Pos=0.012189, Vel=0.00006164]Epoch 2/200 [TRAIN]:  62%|██████▏   | 2509/4032 [04:13<02:38,  9.60it/s, Loss=0.012314, Pos=0.012191, Vel=0.00006163]Epoch 2/200 [TRAIN]:  62%|██████▏   | 2510/4032 [04:13<02:42,  9.35it/s, Loss=0.012314, Pos=0.012191, Vel=0.00006163]Epoch 2/200 [TRAIN]:  62%|██████▏   | 2510/4032 [04:13<02:42,  9.35it/s, Loss=0.012318, Pos=0.012194, Vel=0.00006165]Epoch 2/200 [TRAIN]:  62%|██████▏   | 2511/4032 [04:13<02:44,  9.24it/s, Loss=0.012318, Pos=0.012194, Vel=0.00006165]Epoch 2/200 [TRAIN]:  62%|██████▏   | 2511/4032 [04:13<02:44,  9.24it/s, Loss=0.012318, Pos=0.012194, Vel=0.00006167]Epoch 2/200 [TRAIN]:  62%|██████▏   | 2512/4032 [04:13<02:46,  9.10it/s, Loss=0.012318, Pos=0.012194, Vel=0.00006167]Epoch 2/200 [TRAIN]:  62%|██████▏   | 2512/4032 [04:13<02:46,  9.10it/s, Loss=0.012316, Pos=0.012193, Vel=0.00006165]Epoch 2/200 [TRAIN]:  62%|██████▏   | 2513/4032 [04:13<02:47,  9.05it/s, Loss=0.012316, Pos=0.012193, Vel=0.00006165]Epoch 2/200 [TRAIN]:  62%|██████▏   | 2513/4032 [04:13<02:47,  9.05it/s, Loss=0.012314, Pos=0.012191, Vel=0.00006165]Epoch 2/200 [TRAIN]:  62%|██████▏   | 2513/4032 [04:14<02:47,  9.05it/s, Loss=0.012317, Pos=0.012194, Vel=0.00006164]Epoch 2/200 [TRAIN]:  62%|██████▏   | 2515/4032 [04:14<02:33,  9.91it/s, Loss=0.012317, Pos=0.012194, Vel=0.00006164]Epoch 2/200 [TRAIN]:  62%|██████▏   | 2515/4032 [04:14<02:33,  9.91it/s, Loss=0.012315, Pos=0.012192, Vel=0.00006164]Epoch 2/200 [TRAIN]:  62%|██████▏   | 2515/4032 [04:14<02:33,  9.91it/s, Loss=0.012313, Pos=0.012190, Vel=0.00006163]Epoch 2/200 [TRAIN]:  62%|██████▏   | 2517/4032 [04:14<02:14, 11.27it/s, Loss=0.012313, Pos=0.012190, Vel=0.00006163]Epoch 2/200 [TRAIN]:  62%|██████▏   | 2517/4032 [04:14<02:14, 11.27it/s, Loss=0.012311, Pos=0.012188, Vel=0.00006161]Epoch 2/200 [TRAIN]:  62%|██████▏   | 2517/4032 [04:14<02:14, 11.27it/s, Loss=0.012333, Pos=0.012210, Vel=0.00006175]Epoch 2/200 [TRAIN]:  62%|██████▏   | 2519/4032 [04:14<02:24, 10.46it/s, Loss=0.012333, Pos=0.012210, Vel=0.00006175]Epoch 2/200 [TRAIN]:  62%|██████▏   | 2519/4032 [04:14<02:24, 10.46it/s, Loss=0.012331, Pos=0.012208, Vel=0.00006174]Epoch 2/200 [TRAIN]:  62%|██████▏   | 2519/4032 [04:14<02:24, 10.46it/s, Loss=0.012337, Pos=0.012213, Vel=0.00006174]Epoch 2/200 [TRAIN]:  63%|██████▎   | 2521/4032 [04:14<02:27, 10.27it/s, Loss=0.012337, Pos=0.012213, Vel=0.00006174]Epoch 2/200 [TRAIN]:  63%|██████▎   | 2521/4032 [04:14<02:27, 10.27it/s, Loss=0.012335, Pos=0.012211, Vel=0.00006173]Epoch 2/200 [TRAIN]:  63%|██████▎   | 2521/4032 [04:14<02:27, 10.27it/s, Loss=0.012331, Pos=0.012208, Vel=0.00006172]Epoch 2/200 [TRAIN]:  63%|██████▎   | 2523/4032 [04:14<02:33,  9.80it/s, Loss=0.012331, Pos=0.012208, Vel=0.00006172]Epoch 2/200 [TRAIN]:  63%|██████▎   | 2523/4032 [04:14<02:33,  9.80it/s, Loss=0.012327, Pos=0.012203, Vel=0.00006170]Epoch 2/200 [TRAIN]:  63%|██████▎   | 2524/4032 [04:14<02:36,  9.62it/s, Loss=0.012327, Pos=0.012203, Vel=0.00006170]Epoch 2/200 [TRAIN]:  63%|██████▎   | 2524/4032 [04:15<02:36,  9.62it/s, Loss=0.012327, Pos=0.012204, Vel=0.00006169]Epoch 2/200 [TRAIN]:  63%|██████▎   | 2525/4032 [04:15<02:39,  9.45it/s, Loss=0.012327, Pos=0.012204, Vel=0.00006169]Epoch 2/200 [TRAIN]:  63%|██████▎   | 2525/4032 [04:15<02:39,  9.45it/s, Loss=0.012328, Pos=0.012204, Vel=0.00006168]Epoch 2/200 [TRAIN]:  63%|██████▎   | 2526/4032 [04:15<02:37,  9.54it/s, Loss=0.012328, Pos=0.012204, Vel=0.00006168]Epoch 2/200 [TRAIN]:  63%|██████▎   | 2526/4032 [04:15<02:37,  9.54it/s, Loss=0.012329, Pos=0.012206, Vel=0.00006167]Epoch 2/200 [TRAIN]:  63%|██████▎   | 2527/4032 [04:15<02:45,  9.12it/s, Loss=0.012329, Pos=0.012206, Vel=0.00006167]Epoch 2/200 [TRAIN]:  63%|██████▎   | 2527/4032 [04:15<02:45,  9.12it/s, Loss=0.012330, Pos=0.012207, Vel=0.00006170]Epoch 2/200 [TRAIN]:  63%|██████▎   | 2528/4032 [04:15<02:42,  9.26it/s, Loss=0.012330, Pos=0.012207, Vel=0.00006170]Epoch 2/200 [TRAIN]:  63%|██████▎   | 2528/4032 [04:15<02:42,  9.26it/s, Loss=0.012333, Pos=0.012210, Vel=0.00006172]Epoch 2/200 [TRAIN]:  63%|██████▎   | 2529/4032 [04:15<02:44,  9.13it/s, Loss=0.012333, Pos=0.012210, Vel=0.00006172]Epoch 2/200 [TRAIN]:  63%|██████▎   | 2529/4032 [04:15<02:44,  9.13it/s, Loss=0.012330, Pos=0.012206, Vel=0.00006171]Epoch 2/200 [TRAIN]:  63%|██████▎   | 2530/4032 [04:15<02:45,  9.08it/s, Loss=0.012330, Pos=0.012206, Vel=0.00006171]Epoch 2/200 [TRAIN]:  63%|██████▎   | 2530/4032 [04:15<02:45,  9.08it/s, Loss=0.012327, Pos=0.012203, Vel=0.00006170]Epoch 2/200 [TRAIN]:  63%|██████▎   | 2531/4032 [04:15<02:46,  9.00it/s, Loss=0.012327, Pos=0.012203, Vel=0.00006170]Epoch 2/200 [TRAIN]:  63%|██████▎   | 2531/4032 [04:15<02:46,  9.00it/s, Loss=0.012326, Pos=0.012203, Vel=0.00006169]Epoch 2/200 [TRAIN]:  63%|██████▎   | 2532/4032 [04:15<02:46,  8.98it/s, Loss=0.012326, Pos=0.012203, Vel=0.00006169]Epoch 2/200 [TRAIN]:  63%|██████▎   | 2532/4032 [04:15<02:46,  8.98it/s, Loss=0.012323, Pos=0.012199, Vel=0.00006168]Epoch 2/200 [TRAIN]:  63%|██████▎   | 2533/4032 [04:15<02:50,  8.81it/s, Loss=0.012323, Pos=0.012199, Vel=0.00006168]Epoch 2/200 [TRAIN]:  63%|██████▎   | 2533/4032 [04:15<02:50,  8.81it/s, Loss=0.012319, Pos=0.012196, Vel=0.00006168]Epoch 2/200 [TRAIN]:  63%|██████▎   | 2533/4032 [04:16<02:50,  8.81it/s, Loss=0.012320, Pos=0.012197, Vel=0.00006169]Epoch 2/200 [TRAIN]:  63%|██████▎   | 2535/4032 [04:16<02:20, 10.63it/s, Loss=0.012320, Pos=0.012197, Vel=0.00006169]Epoch 2/200 [TRAIN]:  63%|██████▎   | 2535/4032 [04:16<02:20, 10.63it/s, Loss=0.012319, Pos=0.012195, Vel=0.00006169]Epoch 2/200 [TRAIN]:  63%|██████▎   | 2535/4032 [04:16<02:20, 10.63it/s, Loss=0.012314, Pos=0.012191, Vel=0.00006167]Epoch 2/200 [TRAIN]:  63%|██████▎   | 2537/4032 [04:16<02:32,  9.79it/s, Loss=0.012314, Pos=0.012191, Vel=0.00006167]Epoch 2/200 [TRAIN]:  63%|██████▎   | 2537/4032 [04:16<02:32,  9.79it/s, Loss=0.012315, Pos=0.012192, Vel=0.00006166]Epoch 2/200 [TRAIN]:  63%|██████▎   | 2538/4032 [04:16<02:36,  9.56it/s, Loss=0.012315, Pos=0.012192, Vel=0.00006166]Epoch 2/200 [TRAIN]:  63%|██████▎   | 2538/4032 [04:16<02:36,  9.56it/s, Loss=0.012314, Pos=0.012191, Vel=0.00006165]Epoch 2/200 [TRAIN]:  63%|██████▎   | 2539/4032 [04:16<02:38,  9.44it/s, Loss=0.012314, Pos=0.012191, Vel=0.00006165]Epoch 2/200 [TRAIN]:  63%|██████▎   | 2539/4032 [04:16<02:38,  9.44it/s, Loss=0.012319, Pos=0.012195, Vel=0.00006167]Epoch 2/200 [TRAIN]:  63%|██████▎   | 2540/4032 [04:16<02:41,  9.22it/s, Loss=0.012319, Pos=0.012195, Vel=0.00006167]Epoch 2/200 [TRAIN]:  63%|██████▎   | 2540/4032 [04:16<02:41,  9.22it/s, Loss=0.012316, Pos=0.012192, Vel=0.00006165]Epoch 2/200 [TRAIN]:  63%|██████▎   | 2540/4032 [04:16<02:41,  9.22it/s, Loss=0.012332, Pos=0.012208, Vel=0.00006164]Epoch 2/200 [TRAIN]:  63%|██████▎   | 2542/4032 [04:16<02:20, 10.58it/s, Loss=0.012332, Pos=0.012208, Vel=0.00006164]Epoch 2/200 [TRAIN]:  63%|██████▎   | 2542/4032 [04:16<02:20, 10.58it/s, Loss=0.012329, Pos=0.012206, Vel=0.00006166]Epoch 2/200 [TRAIN]:  63%|██████▎   | 2542/4032 [04:17<02:20, 10.58it/s, Loss=0.012327, Pos=0.012203, Vel=0.00006166]Epoch 2/200 [TRAIN]:  63%|██████▎   | 2544/4032 [04:17<02:27, 10.09it/s, Loss=0.012327, Pos=0.012203, Vel=0.00006166]Epoch 2/200 [TRAIN]:  63%|██████▎   | 2544/4032 [04:17<02:27, 10.09it/s, Loss=0.012329, Pos=0.012206, Vel=0.00006170]Epoch 2/200 [TRAIN]:  63%|██████▎   | 2544/4032 [04:17<02:27, 10.09it/s, Loss=0.012329, Pos=0.012206, Vel=0.00006169]Epoch 2/200 [TRAIN]:  63%|██████▎   | 2546/4032 [04:17<02:35,  9.59it/s, Loss=0.012329, Pos=0.012206, Vel=0.00006169]Epoch 2/200 [TRAIN]:  63%|██████▎   | 2546/4032 [04:17<02:35,  9.59it/s, Loss=0.012335, Pos=0.012212, Vel=0.00006168]Epoch 2/200 [TRAIN]:  63%|██████▎   | 2547/4032 [04:17<02:36,  9.48it/s, Loss=0.012335, Pos=0.012212, Vel=0.00006168]Epoch 2/200 [TRAIN]:  63%|██████▎   | 2547/4032 [04:17<02:36,  9.48it/s, Loss=0.012332, Pos=0.012208, Vel=0.00006168]Epoch 2/200 [TRAIN]:  63%|██████▎   | 2548/4032 [04:17<02:37,  9.40it/s, Loss=0.012332, Pos=0.012208, Vel=0.00006168]Epoch 2/200 [TRAIN]:  63%|██████▎   | 2548/4032 [04:17<02:37,  9.40it/s, Loss=0.012330, Pos=0.012207, Vel=0.00006169]Epoch 2/200 [TRAIN]:  63%|██████▎   | 2548/4032 [04:17<02:37,  9.40it/s, Loss=0.012329, Pos=0.012206, Vel=0.00006168]Epoch 2/200 [TRAIN]:  63%|██████▎   | 2550/4032 [04:17<02:29,  9.91it/s, Loss=0.012329, Pos=0.012206, Vel=0.00006168]Epoch 2/200 [TRAIN]:  63%|██████▎   | 2550/4032 [04:17<02:29,  9.91it/s, Loss=0.012331, Pos=0.012208, Vel=0.00006167]Epoch 2/200 [TRAIN]:  63%|██████▎   | 2550/4032 [04:17<02:29,  9.91it/s, Loss=0.012331, Pos=0.012207, Vel=0.00006167]Epoch 2/200 [TRAIN]:  63%|██████▎   | 2552/4032 [04:17<02:31,  9.80it/s, Loss=0.012331, Pos=0.012207, Vel=0.00006167]Epoch 2/200 [TRAIN]:  63%|██████▎   | 2552/4032 [04:17<02:31,  9.80it/s, Loss=0.012335, Pos=0.012212, Vel=0.00006166]Epoch 2/200 [TRAIN]:  63%|██████▎   | 2553/4032 [04:17<02:36,  9.46it/s, Loss=0.012335, Pos=0.012212, Vel=0.00006166]Epoch 2/200 [TRAIN]:  63%|██████▎   | 2553/4032 [04:18<02:36,  9.46it/s, Loss=0.012339, Pos=0.012216, Vel=0.00006166]Epoch 2/200 [TRAIN]:  63%|██████▎   | 2554/4032 [04:18<02:34,  9.57it/s, Loss=0.012339, Pos=0.012216, Vel=0.00006166]Epoch 2/200 [TRAIN]:  63%|██████▎   | 2554/4032 [04:18<02:34,  9.57it/s, Loss=0.012341, Pos=0.012217, Vel=0.00006166]Epoch 2/200 [TRAIN]:  63%|██████▎   | 2555/4032 [04:18<02:34,  9.54it/s, Loss=0.012341, Pos=0.012217, Vel=0.00006166]Epoch 2/200 [TRAIN]:  63%|██████▎   | 2555/4032 [04:18<02:34,  9.54it/s, Loss=0.012339, Pos=0.012216, Vel=0.00006165]Epoch 2/200 [TRAIN]:  63%|██████▎   | 2556/4032 [04:18<02:38,  9.30it/s, Loss=0.012339, Pos=0.012216, Vel=0.00006165]Epoch 2/200 [TRAIN]:  63%|██████▎   | 2556/4032 [04:18<02:38,  9.30it/s, Loss=0.012339, Pos=0.012216, Vel=0.00006164]Epoch 2/200 [TRAIN]:  63%|██████▎   | 2557/4032 [04:18<02:40,  9.18it/s, Loss=0.012339, Pos=0.012216, Vel=0.00006164]Epoch 2/200 [TRAIN]:  63%|██████▎   | 2557/4032 [04:18<02:40,  9.18it/s, Loss=0.012337, Pos=0.012214, Vel=0.00006163]Epoch 2/200 [TRAIN]:  63%|██████▎   | 2558/4032 [04:18<02:43,  9.03it/s, Loss=0.012337, Pos=0.012214, Vel=0.00006163]Epoch 2/200 [TRAIN]:  63%|██████▎   | 2558/4032 [04:18<02:43,  9.03it/s, Loss=0.012335, Pos=0.012211, Vel=0.00006163]Epoch 2/200 [TRAIN]:  63%|██████▎   | 2558/4032 [04:18<02:43,  9.03it/s, Loss=0.012334, Pos=0.012211, Vel=0.00006162]Epoch 2/200 [TRAIN]:  63%|██████▎   | 2560/4032 [04:18<02:29,  9.86it/s, Loss=0.012334, Pos=0.012211, Vel=0.00006162]Epoch 2/200 [TRAIN]:  63%|██████▎   | 2560/4032 [04:18<02:29,  9.86it/s, Loss=0.012333, Pos=0.012209, Vel=0.00006160]Epoch 2/200 [TRAIN]:  64%|██████▎   | 2561/4032 [04:18<02:29,  9.82it/s, Loss=0.012333, Pos=0.012209, Vel=0.00006160]Epoch 2/200 [TRAIN]:  64%|██████▎   | 2561/4032 [04:18<02:29,  9.82it/s, Loss=0.012329, Pos=0.012206, Vel=0.00006159]Epoch 2/200 [TRAIN]:  64%|██████▎   | 2562/4032 [04:18<02:33,  9.57it/s, Loss=0.012329, Pos=0.012206, Vel=0.00006159]Epoch 2/200 [TRAIN]:  64%|██████▎   | 2562/4032 [04:19<02:33,  9.57it/s, Loss=0.012329, Pos=0.012206, Vel=0.00006161]Epoch 2/200 [TRAIN]:  64%|██████▎   | 2563/4032 [04:19<02:34,  9.50it/s, Loss=0.012329, Pos=0.012206, Vel=0.00006161]Epoch 2/200 [TRAIN]:  64%|██████▎   | 2563/4032 [04:19<02:34,  9.50it/s, Loss=0.012329, Pos=0.012206, Vel=0.00006160]Epoch 2/200 [TRAIN]:  64%|██████▎   | 2564/4032 [04:19<02:39,  9.23it/s, Loss=0.012329, Pos=0.012206, Vel=0.00006160]Epoch 2/200 [TRAIN]:  64%|██████▎   | 2564/4032 [04:19<02:39,  9.23it/s, Loss=0.012330, Pos=0.012207, Vel=0.00006159]Epoch 2/200 [TRAIN]:  64%|██████▎   | 2565/4032 [04:19<02:41,  9.07it/s, Loss=0.012330, Pos=0.012207, Vel=0.00006159]Epoch 2/200 [TRAIN]:  64%|██████▎   | 2565/4032 [04:19<02:41,  9.07it/s, Loss=0.012328, Pos=0.012205, Vel=0.00006158]Epoch 2/200 [TRAIN]:  64%|██████▎   | 2566/4032 [04:19<02:42,  9.04it/s, Loss=0.012328, Pos=0.012205, Vel=0.00006158]Epoch 2/200 [TRAIN]:  64%|██████▎   | 2566/4032 [04:19<02:42,  9.04it/s, Loss=0.012327, Pos=0.012204, Vel=0.00006157]Epoch 2/200 [TRAIN]:  64%|██████▎   | 2566/4032 [04:19<02:42,  9.04it/s, Loss=0.012329, Pos=0.012206, Vel=0.00006159]Epoch 2/200 [TRAIN]:  64%|██████▎   | 2568/4032 [04:19<02:20, 10.44it/s, Loss=0.012329, Pos=0.012206, Vel=0.00006159]Epoch 2/200 [TRAIN]:  64%|██████▎   | 2568/4032 [04:19<02:20, 10.44it/s, Loss=0.012327, Pos=0.012204, Vel=0.00006158]Epoch 2/200 [TRAIN]:  64%|██████▎   | 2568/4032 [04:19<02:20, 10.44it/s, Loss=0.012322, Pos=0.012199, Vel=0.00006156]Epoch 2/200 [TRAIN]:  64%|██████▎   | 2570/4032 [04:19<02:22, 10.27it/s, Loss=0.012322, Pos=0.012199, Vel=0.00006156]Epoch 2/200 [TRAIN]:  64%|██████▎   | 2570/4032 [04:19<02:22, 10.27it/s, Loss=0.012319, Pos=0.012196, Vel=0.00006154]Epoch 2/200 [TRAIN]:  64%|██████▎   | 2570/4032 [04:19<02:22, 10.27it/s, Loss=0.012317, Pos=0.012194, Vel=0.00006152]Epoch 2/200 [TRAIN]:  64%|██████▍   | 2572/4032 [04:19<02:27,  9.89it/s, Loss=0.012317, Pos=0.012194, Vel=0.00006152]Epoch 2/200 [TRAIN]:  64%|██████▍   | 2572/4032 [04:19<02:27,  9.89it/s, Loss=0.012317, Pos=0.012194, Vel=0.00006151]Epoch 2/200 [TRAIN]:  64%|██████▍   | 2572/4032 [04:20<02:27,  9.89it/s, Loss=0.012314, Pos=0.012191, Vel=0.00006150]Epoch 2/200 [TRAIN]:  64%|██████▍   | 2574/4032 [04:20<02:16, 10.71it/s, Loss=0.012314, Pos=0.012191, Vel=0.00006150]Epoch 2/200 [TRAIN]:  64%|██████▍   | 2574/4032 [04:20<02:16, 10.71it/s, Loss=0.012312, Pos=0.012189, Vel=0.00006151]Epoch 2/200 [TRAIN]:  64%|██████▍   | 2574/4032 [04:20<02:16, 10.71it/s, Loss=0.012310, Pos=0.012187, Vel=0.00006151]Epoch 2/200 [TRAIN]:  64%|██████▍   | 2576/4032 [04:20<02:06, 11.50it/s, Loss=0.012310, Pos=0.012187, Vel=0.00006151]Epoch 2/200 [TRAIN]:  64%|██████▍   | 2576/4032 [04:20<02:06, 11.50it/s, Loss=0.012314, Pos=0.012191, Vel=0.00006153]Epoch 2/200 [TRAIN]:  64%|██████▍   | 2576/4032 [04:20<02:06, 11.50it/s, Loss=0.012311, Pos=0.012188, Vel=0.00006153]Epoch 2/200 [TRAIN]:  64%|██████▍   | 2578/4032 [04:20<02:15, 10.70it/s, Loss=0.012311, Pos=0.012188, Vel=0.00006153]Epoch 2/200 [TRAIN]:  64%|██████▍   | 2578/4032 [04:20<02:15, 10.70it/s, Loss=0.012311, Pos=0.012188, Vel=0.00006158]Epoch 2/200 [TRAIN]:  64%|██████▍   | 2578/4032 [04:20<02:15, 10.70it/s, Loss=0.012309, Pos=0.012186, Vel=0.00006157]Epoch 2/200 [TRAIN]:  64%|██████▍   | 2580/4032 [04:20<02:06, 11.52it/s, Loss=0.012309, Pos=0.012186, Vel=0.00006157]Epoch 2/200 [TRAIN]:  64%|██████▍   | 2580/4032 [04:20<02:06, 11.52it/s, Loss=0.012310, Pos=0.012187, Vel=0.00006159]Epoch 2/200 [TRAIN]:  64%|██████▍   | 2580/4032 [04:20<02:06, 11.52it/s, Loss=0.012307, Pos=0.012184, Vel=0.00006159]Epoch 2/200 [TRAIN]:  64%|██████▍   | 2582/4032 [04:20<02:00, 12.02it/s, Loss=0.012307, Pos=0.012184, Vel=0.00006159]Epoch 2/200 [TRAIN]:  64%|██████▍   | 2582/4032 [04:20<02:00, 12.02it/s, Loss=0.012305, Pos=0.012182, Vel=0.00006158]Epoch 2/200 [TRAIN]:  64%|██████▍   | 2582/4032 [04:20<02:00, 12.02it/s, Loss=0.012301, Pos=0.012178, Vel=0.00006158]Epoch 2/200 [TRAIN]:  64%|██████▍   | 2584/4032 [04:20<02:12, 10.92it/s, Loss=0.012301, Pos=0.012178, Vel=0.00006158]Epoch 2/200 [TRAIN]:  64%|██████▍   | 2584/4032 [04:21<02:12, 10.92it/s, Loss=0.012298, Pos=0.012175, Vel=0.00006156]Epoch 2/200 [TRAIN]:  64%|██████▍   | 2584/4032 [04:21<02:12, 10.92it/s, Loss=0.012331, Pos=0.012208, Vel=0.00006157]Epoch 2/200 [TRAIN]:  64%|██████▍   | 2586/4032 [04:21<02:21, 10.24it/s, Loss=0.012331, Pos=0.012208, Vel=0.00006157]Epoch 2/200 [TRAIN]:  64%|██████▍   | 2586/4032 [04:21<02:21, 10.24it/s, Loss=0.012328, Pos=0.012204, Vel=0.00006157]Epoch 2/200 [TRAIN]:  64%|██████▍   | 2586/4032 [04:21<02:21, 10.24it/s, Loss=0.012325, Pos=0.012202, Vel=0.00006156]Epoch 2/200 [TRAIN]:  64%|██████▍   | 2588/4032 [04:21<02:29,  9.63it/s, Loss=0.012325, Pos=0.012202, Vel=0.00006156]Epoch 2/200 [TRAIN]:  64%|██████▍   | 2588/4032 [04:21<02:29,  9.63it/s, Loss=0.012321, Pos=0.012198, Vel=0.00006154]Epoch 2/200 [TRAIN]:  64%|██████▍   | 2588/4032 [04:21<02:29,  9.63it/s, Loss=0.012319, Pos=0.012196, Vel=0.00006153]Epoch 2/200 [TRAIN]:  64%|██████▍   | 2588/4032 [04:21<02:29,  9.63it/s, Loss=0.012315, Pos=0.012192, Vel=0.00006154]Epoch 2/200 [TRAIN]:  64%|██████▍   | 2591/4032 [04:21<02:04, 11.59it/s, Loss=0.012315, Pos=0.012192, Vel=0.00006154]Epoch 2/200 [TRAIN]:  64%|██████▍   | 2591/4032 [04:21<02:04, 11.59it/s, Loss=0.012317, Pos=0.012194, Vel=0.00006153]Epoch 2/200 [TRAIN]:  64%|██████▍   | 2591/4032 [04:21<02:04, 11.59it/s, Loss=0.012316, Pos=0.012193, Vel=0.00006152]Epoch 2/200 [TRAIN]:  64%|██████▍   | 2593/4032 [04:21<01:51, 12.92it/s, Loss=0.012316, Pos=0.012193, Vel=0.00006152]Epoch 2/200 [TRAIN]:  64%|██████▍   | 2593/4032 [04:21<01:51, 12.92it/s, Loss=0.012314, Pos=0.012191, Vel=0.00006151]Epoch 2/200 [TRAIN]:  64%|██████▍   | 2593/4032 [04:21<01:51, 12.92it/s, Loss=0.012313, Pos=0.012190, Vel=0.00006150]Epoch 2/200 [TRAIN]:  64%|██████▍   | 2595/4032 [04:21<02:00, 11.92it/s, Loss=0.012313, Pos=0.012190, Vel=0.00006150]Epoch 2/200 [TRAIN]:  64%|██████▍   | 2595/4032 [04:21<02:00, 11.92it/s, Loss=0.012310, Pos=0.012187, Vel=0.00006150]Epoch 2/200 [TRAIN]:  64%|██████▍   | 2595/4032 [04:22<02:00, 11.92it/s, Loss=0.012308, Pos=0.012185, Vel=0.00006149]Epoch 2/200 [TRAIN]:  64%|██████▍   | 2597/4032 [04:22<01:56, 12.36it/s, Loss=0.012308, Pos=0.012185, Vel=0.00006149]Epoch 2/200 [TRAIN]:  64%|██████▍   | 2597/4032 [04:22<01:56, 12.36it/s, Loss=0.012306, Pos=0.012183, Vel=0.00006148]Epoch 2/200 [TRAIN]:  64%|██████▍   | 2597/4032 [04:22<01:56, 12.36it/s, Loss=0.012303, Pos=0.012180, Vel=0.00006147]Epoch 2/200 [TRAIN]:  64%|██████▍   | 2599/4032 [04:22<02:07, 11.24it/s, Loss=0.012303, Pos=0.012180, Vel=0.00006147]Epoch 2/200 [TRAIN]:  64%|██████▍   | 2599/4032 [04:22<02:07, 11.24it/s, Loss=0.012300, Pos=0.012177, Vel=0.00006149]Epoch 2/200 [TRAIN]:  64%|██████▍   | 2599/4032 [04:22<02:07, 11.24it/s, Loss=0.012302, Pos=0.012179, Vel=0.00006151]Epoch 2/200 [TRAIN]:  65%|██████▍   | 2601/4032 [04:22<02:13, 10.73it/s, Loss=0.012302, Pos=0.012179, Vel=0.00006151]Epoch 2/200 [TRAIN]:  65%|██████▍   | 2601/4032 [04:22<02:13, 10.73it/s, Loss=0.012303, Pos=0.012180, Vel=0.00006151]Epoch 2/200 [TRAIN]:  65%|██████▍   | 2601/4032 [04:22<02:13, 10.73it/s, Loss=0.012300, Pos=0.012177, Vel=0.00006150]Epoch 2/200 [TRAIN]:  65%|██████▍   | 2603/4032 [04:22<02:20, 10.18it/s, Loss=0.012300, Pos=0.012177, Vel=0.00006150]Epoch 2/200 [TRAIN]:  65%|██████▍   | 2603/4032 [04:22<02:20, 10.18it/s, Loss=0.012298, Pos=0.012175, Vel=0.00006149]Epoch 2/200 [TRAIN]:  65%|██████▍   | 2603/4032 [04:22<02:20, 10.18it/s, Loss=0.012297, Pos=0.012174, Vel=0.00006148]Epoch 2/200 [TRAIN]:  65%|██████▍   | 2605/4032 [04:22<02:25,  9.81it/s, Loss=0.012297, Pos=0.012174, Vel=0.00006148]Epoch 2/200 [TRAIN]:  65%|██████▍   | 2605/4032 [04:23<02:25,  9.81it/s, Loss=0.012296, Pos=0.012173, Vel=0.00006150]Epoch 2/200 [TRAIN]:  65%|██████▍   | 2605/4032 [04:23<02:25,  9.81it/s, Loss=0.012293, Pos=0.012170, Vel=0.00006149]Epoch 2/200 [TRAIN]:  65%|██████▍   | 2607/4032 [04:23<02:33,  9.31it/s, Loss=0.012293, Pos=0.012170, Vel=0.00006149]Epoch 2/200 [TRAIN]:  65%|██████▍   | 2607/4032 [04:23<02:33,  9.31it/s, Loss=0.012290, Pos=0.012167, Vel=0.00006148]Epoch 2/200 [TRAIN]:  65%|██████▍   | 2608/4032 [04:23<02:32,  9.33it/s, Loss=0.012290, Pos=0.012167, Vel=0.00006148]Epoch 2/200 [TRAIN]:  65%|██████▍   | 2608/4032 [04:23<02:32,  9.33it/s, Loss=0.012289, Pos=0.012166, Vel=0.00006147]Epoch 2/200 [TRAIN]:  65%|██████▍   | 2609/4032 [04:23<02:30,  9.43it/s, Loss=0.012289, Pos=0.012166, Vel=0.00006147]Epoch 2/200 [TRAIN]:  65%|██████▍   | 2609/4032 [04:23<02:30,  9.43it/s, Loss=0.012286, Pos=0.012163, Vel=0.00006146]Epoch 2/200 [TRAIN]:  65%|██████▍   | 2610/4032 [04:23<02:36,  9.09it/s, Loss=0.012286, Pos=0.012163, Vel=0.00006146]Epoch 2/200 [TRAIN]:  65%|██████▍   | 2610/4032 [04:23<02:36,  9.09it/s, Loss=0.012283, Pos=0.012160, Vel=0.00006145]Epoch 2/200 [TRAIN]:  65%|██████▍   | 2611/4032 [04:23<02:33,  9.24it/s, Loss=0.012283, Pos=0.012160, Vel=0.00006145]Epoch 2/200 [TRAIN]:  65%|██████▍   | 2611/4032 [04:23<02:33,  9.24it/s, Loss=0.012281, Pos=0.012159, Vel=0.00006144]Epoch 2/200 [TRAIN]:  65%|██████▍   | 2611/4032 [04:23<02:33,  9.24it/s, Loss=0.012278, Pos=0.012155, Vel=0.00006145]Epoch 2/200 [TRAIN]:  65%|██████▍   | 2613/4032 [04:23<02:33,  9.26it/s, Loss=0.012278, Pos=0.012155, Vel=0.00006145]Epoch 2/200 [TRAIN]:  65%|██████▍   | 2613/4032 [04:23<02:33,  9.26it/s, Loss=0.012275, Pos=0.012152, Vel=0.00006144]Epoch 2/200 [TRAIN]:  65%|██████▍   | 2614/4032 [04:23<02:31,  9.35it/s, Loss=0.012275, Pos=0.012152, Vel=0.00006144]Epoch 2/200 [TRAIN]:  65%|██████▍   | 2614/4032 [04:24<02:31,  9.35it/s, Loss=0.012274, Pos=0.012151, Vel=0.00006143]Epoch 2/200 [TRAIN]:  65%|██████▍   | 2615/4032 [04:24<02:38,  8.97it/s, Loss=0.012274, Pos=0.012151, Vel=0.00006143]Epoch 2/200 [TRAIN]:  65%|██████▍   | 2615/4032 [04:24<02:38,  8.97it/s, Loss=0.012273, Pos=0.012151, Vel=0.00006142]Epoch 2/200 [TRAIN]:  65%|██████▍   | 2616/4032 [04:24<02:36,  9.07it/s, Loss=0.012273, Pos=0.012151, Vel=0.00006142]Epoch 2/200 [TRAIN]:  65%|██████▍   | 2616/4032 [04:24<02:36,  9.07it/s, Loss=0.012280, Pos=0.012157, Vel=0.00006143]Epoch 2/200 [TRAIN]:  65%|██████▍   | 2616/4032 [04:24<02:36,  9.07it/s, Loss=0.012280, Pos=0.012157, Vel=0.00006143]Epoch 2/200 [TRAIN]:  65%|██████▍   | 2618/4032 [04:24<02:34,  9.17it/s, Loss=0.012280, Pos=0.012157, Vel=0.00006143]Epoch 2/200 [TRAIN]:  65%|██████▍   | 2618/4032 [04:24<02:34,  9.17it/s, Loss=0.012280, Pos=0.012158, Vel=0.00006145]Epoch 2/200 [TRAIN]:  65%|██████▍   | 2618/4032 [04:24<02:34,  9.17it/s, Loss=0.012283, Pos=0.012160, Vel=0.00006145]Epoch 2/200 [TRAIN]:  65%|██████▍   | 2620/4032 [04:24<02:33,  9.17it/s, Loss=0.012283, Pos=0.012160, Vel=0.00006145]Epoch 2/200 [TRAIN]:  65%|██████▍   | 2620/4032 [04:24<02:33,  9.17it/s, Loss=0.012282, Pos=0.012159, Vel=0.00006144]Epoch 2/200 [TRAIN]:  65%|██████▌   | 2621/4032 [04:24<02:31,  9.30it/s, Loss=0.012282, Pos=0.012159, Vel=0.00006144]Epoch 2/200 [TRAIN]:  65%|██████▌   | 2621/4032 [04:24<02:31,  9.30it/s, Loss=0.012279, Pos=0.012157, Vel=0.00006143]Epoch 2/200 [TRAIN]:  65%|██████▌   | 2622/4032 [04:24<02:35,  9.05it/s, Loss=0.012279, Pos=0.012157, Vel=0.00006143]Epoch 2/200 [TRAIN]:  65%|██████▌   | 2622/4032 [04:24<02:35,  9.05it/s, Loss=0.012277, Pos=0.012154, Vel=0.00006141]Epoch 2/200 [TRAIN]:  65%|██████▌   | 2622/4032 [04:25<02:35,  9.05it/s, Loss=0.012278, Pos=0.012155, Vel=0.00006143]Epoch 2/200 [TRAIN]:  65%|██████▌   | 2624/4032 [04:25<02:35,  9.07it/s, Loss=0.012278, Pos=0.012155, Vel=0.00006143]Epoch 2/200 [TRAIN]:  65%|██████▌   | 2624/4032 [04:25<02:35,  9.07it/s, Loss=0.012284, Pos=0.012162, Vel=0.00006141]Epoch 2/200 [TRAIN]:  65%|██████▌   | 2624/4032 [04:25<02:35,  9.07it/s, Loss=0.012281, Pos=0.012158, Vel=0.00006141]Epoch 2/200 [TRAIN]:  65%|██████▌   | 2626/4032 [04:25<02:15, 10.36it/s, Loss=0.012281, Pos=0.012158, Vel=0.00006141]Epoch 2/200 [TRAIN]:  65%|██████▌   | 2626/4032 [04:25<02:15, 10.36it/s, Loss=0.012278, Pos=0.012155, Vel=0.00006141]Epoch 2/200 [TRAIN]:  65%|██████▌   | 2626/4032 [04:25<02:15, 10.36it/s, Loss=0.012281, Pos=0.012158, Vel=0.00006142]Epoch 2/200 [TRAIN]:  65%|██████▌   | 2628/4032 [04:25<02:21,  9.93it/s, Loss=0.012281, Pos=0.012158, Vel=0.00006142]Epoch 2/200 [TRAIN]:  65%|██████▌   | 2628/4032 [04:25<02:21,  9.93it/s, Loss=0.012278, Pos=0.012155, Vel=0.00006141]Epoch 2/200 [TRAIN]:  65%|██████▌   | 2628/4032 [04:25<02:21,  9.93it/s, Loss=0.012276, Pos=0.012153, Vel=0.00006143]Epoch 2/200 [TRAIN]:  65%|██████▌   | 2630/4032 [04:25<02:27,  9.48it/s, Loss=0.012276, Pos=0.012153, Vel=0.00006143]Epoch 2/200 [TRAIN]:  65%|██████▌   | 2630/4032 [04:25<02:27,  9.48it/s, Loss=0.012285, Pos=0.012162, Vel=0.00006141]Epoch 2/200 [TRAIN]:  65%|██████▌   | 2630/4032 [04:25<02:27,  9.48it/s, Loss=0.012282, Pos=0.012160, Vel=0.00006140]Epoch 2/200 [TRAIN]:  65%|██████▌   | 2632/4032 [04:25<02:28,  9.43it/s, Loss=0.012282, Pos=0.012160, Vel=0.00006140]Epoch 2/200 [TRAIN]:  65%|██████▌   | 2632/4032 [04:25<02:28,  9.43it/s, Loss=0.012281, Pos=0.012158, Vel=0.00006140]Epoch 2/200 [TRAIN]:  65%|██████▌   | 2633/4032 [04:25<02:27,  9.49it/s, Loss=0.012281, Pos=0.012158, Vel=0.00006140]Epoch 2/200 [TRAIN]:  65%|██████▌   | 2633/4032 [04:26<02:27,  9.49it/s, Loss=0.012281, Pos=0.012158, Vel=0.00006140]Epoch 2/200 [TRAIN]:  65%|██████▌   | 2634/4032 [04:26<02:32,  9.17it/s, Loss=0.012281, Pos=0.012158, Vel=0.00006140]Epoch 2/200 [TRAIN]:  65%|██████▌   | 2634/4032 [04:26<02:32,  9.17it/s, Loss=0.012277, Pos=0.012154, Vel=0.00006138]Epoch 2/200 [TRAIN]:  65%|██████▌   | 2635/4032 [04:26<02:29,  9.34it/s, Loss=0.012277, Pos=0.012154, Vel=0.00006138]Epoch 2/200 [TRAIN]:  65%|██████▌   | 2635/4032 [04:26<02:29,  9.34it/s, Loss=0.012274, Pos=0.012151, Vel=0.00006137]Epoch 2/200 [TRAIN]:  65%|██████▌   | 2636/4032 [04:26<02:27,  9.47it/s, Loss=0.012274, Pos=0.012151, Vel=0.00006137]Epoch 2/200 [TRAIN]:  65%|██████▌   | 2636/4032 [04:26<02:27,  9.47it/s, Loss=0.012270, Pos=0.012147, Vel=0.00006137]Epoch 2/200 [TRAIN]:  65%|██████▌   | 2637/4032 [04:26<02:32,  9.16it/s, Loss=0.012270, Pos=0.012147, Vel=0.00006137]Epoch 2/200 [TRAIN]:  65%|██████▌   | 2637/4032 [04:26<02:32,  9.16it/s, Loss=0.012268, Pos=0.012145, Vel=0.00006136]Epoch 2/200 [TRAIN]:  65%|██████▌   | 2637/4032 [04:26<02:32,  9.16it/s, Loss=0.012267, Pos=0.012144, Vel=0.00006138]Epoch 2/200 [TRAIN]:  65%|██████▌   | 2639/4032 [04:26<02:26,  9.51it/s, Loss=0.012267, Pos=0.012144, Vel=0.00006138]Epoch 2/200 [TRAIN]:  65%|██████▌   | 2639/4032 [04:26<02:26,  9.51it/s, Loss=0.012266, Pos=0.012144, Vel=0.00006138]Epoch 2/200 [TRAIN]:  65%|██████▌   | 2639/4032 [04:26<02:26,  9.51it/s, Loss=0.012268, Pos=0.012145, Vel=0.00006137]Epoch 2/200 [TRAIN]:  66%|██████▌   | 2641/4032 [04:26<02:27,  9.40it/s, Loss=0.012268, Pos=0.012145, Vel=0.00006137]Epoch 2/200 [TRAIN]:  66%|██████▌   | 2641/4032 [04:26<02:27,  9.40it/s, Loss=0.012266, Pos=0.012143, Vel=0.00006136]Epoch 2/200 [TRAIN]:  66%|██████▌   | 2642/4032 [04:26<02:28,  9.37it/s, Loss=0.012266, Pos=0.012143, Vel=0.00006136]Epoch 2/200 [TRAIN]:  66%|██████▌   | 2642/4032 [04:27<02:28,  9.37it/s, Loss=0.012268, Pos=0.012145, Vel=0.00006135]Epoch 2/200 [TRAIN]:  66%|██████▌   | 2643/4032 [04:27<02:29,  9.29it/s, Loss=0.012268, Pos=0.012145, Vel=0.00006135]Epoch 2/200 [TRAIN]:  66%|██████▌   | 2643/4032 [04:27<02:29,  9.29it/s, Loss=0.012269, Pos=0.012147, Vel=0.00006135]Epoch 2/200 [TRAIN]:  66%|██████▌   | 2644/4032 [04:27<02:28,  9.34it/s, Loss=0.012269, Pos=0.012147, Vel=0.00006135]Epoch 2/200 [TRAIN]:  66%|██████▌   | 2644/4032 [04:27<02:28,  9.34it/s, Loss=0.012266, Pos=0.012143, Vel=0.00006135]Epoch 2/200 [TRAIN]:  66%|██████▌   | 2645/4032 [04:27<02:26,  9.50it/s, Loss=0.012266, Pos=0.012143, Vel=0.00006135]Epoch 2/200 [TRAIN]:  66%|██████▌   | 2645/4032 [04:27<02:26,  9.50it/s, Loss=0.012262, Pos=0.012139, Vel=0.00006134]Epoch 2/200 [TRAIN]:  66%|██████▌   | 2645/4032 [04:27<02:26,  9.50it/s, Loss=0.012261, Pos=0.012138, Vel=0.00006133]Epoch 2/200 [TRAIN]:  66%|██████▌   | 2647/4032 [04:27<02:02, 11.27it/s, Loss=0.012261, Pos=0.012138, Vel=0.00006133]Epoch 2/200 [TRAIN]:  66%|██████▌   | 2647/4032 [04:27<02:02, 11.27it/s, Loss=0.012262, Pos=0.012140, Vel=0.00006134]Epoch 2/200 [TRAIN]:  66%|██████▌   | 2647/4032 [04:27<02:02, 11.27it/s, Loss=0.012261, Pos=0.012139, Vel=0.00006132]Epoch 2/200 [TRAIN]:  66%|██████▌   | 2649/4032 [04:27<02:06, 10.89it/s, Loss=0.012261, Pos=0.012139, Vel=0.00006132]Epoch 2/200 [TRAIN]:  66%|██████▌   | 2649/4032 [04:27<02:06, 10.89it/s, Loss=0.012257, Pos=0.012134, Vel=0.00006131]Epoch 2/200 [TRAIN]:  66%|██████▌   | 2649/4032 [04:27<02:06, 10.89it/s, Loss=0.012260, Pos=0.012138, Vel=0.00006130]Epoch 2/200 [TRAIN]:  66%|██████▌   | 2651/4032 [04:27<02:16, 10.10it/s, Loss=0.012260, Pos=0.012138, Vel=0.00006130]Epoch 2/200 [TRAIN]:  66%|██████▌   | 2651/4032 [04:27<02:16, 10.10it/s, Loss=0.012277, Pos=0.012154, Vel=0.00006130]Epoch 2/200 [TRAIN]:  66%|██████▌   | 2651/4032 [04:27<02:16, 10.10it/s, Loss=0.012276, Pos=0.012154, Vel=0.00006129]Epoch 2/200 [TRAIN]:  66%|██████▌   | 2653/4032 [04:27<02:22,  9.70it/s, Loss=0.012276, Pos=0.012154, Vel=0.00006129]Epoch 2/200 [TRAIN]:  66%|██████▌   | 2653/4032 [04:28<02:22,  9.70it/s, Loss=0.012273, Pos=0.012151, Vel=0.00006128]Epoch 2/200 [TRAIN]:  66%|██████▌   | 2654/4032 [04:28<02:24,  9.56it/s, Loss=0.012273, Pos=0.012151, Vel=0.00006128]Epoch 2/200 [TRAIN]:  66%|██████▌   | 2654/4032 [04:28<02:24,  9.56it/s, Loss=0.012273, Pos=0.012151, Vel=0.00006130]Epoch 2/200 [TRAIN]:  66%|██████▌   | 2655/4032 [04:28<02:25,  9.49it/s, Loss=0.012273, Pos=0.012151, Vel=0.00006130]Epoch 2/200 [TRAIN]:  66%|██████▌   | 2655/4032 [04:28<02:25,  9.49it/s, Loss=0.012272, Pos=0.012149, Vel=0.00006129]Epoch 2/200 [TRAIN]:  66%|██████▌   | 2656/4032 [04:28<02:25,  9.47it/s, Loss=0.012272, Pos=0.012149, Vel=0.00006129]Epoch 2/200 [TRAIN]:  66%|██████▌   | 2656/4032 [04:28<02:25,  9.47it/s, Loss=0.012270, Pos=0.012147, Vel=0.00006128]Epoch 2/200 [TRAIN]:  66%|██████▌   | 2657/4032 [04:28<02:28,  9.28it/s, Loss=0.012270, Pos=0.012147, Vel=0.00006128]Epoch 2/200 [TRAIN]:  66%|██████▌   | 2657/4032 [04:28<02:28,  9.28it/s, Loss=0.012267, Pos=0.012144, Vel=0.00006127]Epoch 2/200 [TRAIN]:  66%|██████▌   | 2658/4032 [04:28<02:27,  9.29it/s, Loss=0.012267, Pos=0.012144, Vel=0.00006127]Epoch 2/200 [TRAIN]:  66%|██████▌   | 2658/4032 [04:28<02:27,  9.29it/s, Loss=0.012269, Pos=0.012146, Vel=0.00006127]Epoch 2/200 [TRAIN]:  66%|██████▌   | 2659/4032 [04:28<02:30,  9.12it/s, Loss=0.012269, Pos=0.012146, Vel=0.00006127]Epoch 2/200 [TRAIN]:  66%|██████▌   | 2659/4032 [04:28<02:30,  9.12it/s, Loss=0.012267, Pos=0.012144, Vel=0.00006126]Epoch 2/200 [TRAIN]:  66%|██████▌   | 2659/4032 [04:28<02:30,  9.12it/s, Loss=0.012264, Pos=0.012141, Vel=0.00006125]Epoch 2/200 [TRAIN]:  66%|██████▌   | 2661/4032 [04:28<02:06, 10.82it/s, Loss=0.012264, Pos=0.012141, Vel=0.00006125]Epoch 2/200 [TRAIN]:  66%|██████▌   | 2661/4032 [04:28<02:06, 10.82it/s, Loss=0.012261, Pos=0.012138, Vel=0.00006127]Epoch 2/200 [TRAIN]:  66%|██████▌   | 2661/4032 [04:28<02:06, 10.82it/s, Loss=0.012270, Pos=0.012148, Vel=0.00006128]Epoch 2/200 [TRAIN]:  66%|██████▌   | 2661/4032 [04:28<02:06, 10.82it/s, Loss=0.012269, Pos=0.012146, Vel=0.00006127]Epoch 2/200 [TRAIN]:  66%|██████▌   | 2664/4032 [04:28<01:43, 13.27it/s, Loss=0.012269, Pos=0.012146, Vel=0.00006127]Epoch 2/200 [TRAIN]:  66%|██████▌   | 2664/4032 [04:29<01:43, 13.27it/s, Loss=0.012289, Pos=0.012166, Vel=0.00006129]Epoch 2/200 [TRAIN]:  66%|██████▌   | 2664/4032 [04:29<01:43, 13.27it/s, Loss=0.012288, Pos=0.012165, Vel=0.00006145]Epoch 2/200 [TRAIN]:  66%|██████▌   | 2666/4032 [04:29<01:53, 12.01it/s, Loss=0.012288, Pos=0.012165, Vel=0.00006145]Epoch 2/200 [TRAIN]:  66%|██████▌   | 2666/4032 [04:29<01:53, 12.01it/s, Loss=0.012287, Pos=0.012164, Vel=0.00006145]Epoch 2/200 [TRAIN]:  66%|██████▌   | 2666/4032 [04:29<01:53, 12.01it/s, Loss=0.012286, Pos=0.012163, Vel=0.00006144]Epoch 2/200 [TRAIN]:  66%|██████▌   | 2668/4032 [04:29<02:02, 11.10it/s, Loss=0.012286, Pos=0.012163, Vel=0.00006144]Epoch 2/200 [TRAIN]:  66%|██████▌   | 2668/4032 [04:29<02:02, 11.10it/s, Loss=0.012289, Pos=0.012166, Vel=0.00006145]Epoch 2/200 [TRAIN]:  66%|██████▌   | 2668/4032 [04:29<02:02, 11.10it/s, Loss=0.012295, Pos=0.012172, Vel=0.00006149]Epoch 2/200 [TRAIN]:  66%|██████▌   | 2670/4032 [04:29<02:09, 10.49it/s, Loss=0.012295, Pos=0.012172, Vel=0.00006149]Epoch 2/200 [TRAIN]:  66%|██████▌   | 2670/4032 [04:29<02:09, 10.49it/s, Loss=0.012319, Pos=0.012195, Vel=0.00006164]Epoch 2/200 [TRAIN]:  66%|██████▌   | 2670/4032 [04:29<02:09, 10.49it/s, Loss=0.012316, Pos=0.012193, Vel=0.00006162]Epoch 2/200 [TRAIN]:  66%|██████▋   | 2672/4032 [04:29<02:15, 10.03it/s, Loss=0.012316, Pos=0.012193, Vel=0.00006162]Epoch 2/200 [TRAIN]:  66%|██████▋   | 2672/4032 [04:29<02:15, 10.03it/s, Loss=0.012314, Pos=0.012190, Vel=0.00006162]Epoch 2/200 [TRAIN]:  66%|██████▋   | 2672/4032 [04:30<02:15, 10.03it/s, Loss=0.012311, Pos=0.012188, Vel=0.00006161]Epoch 2/200 [TRAIN]:  66%|██████▋   | 2674/4032 [04:30<02:13, 10.17it/s, Loss=0.012311, Pos=0.012188, Vel=0.00006161]Epoch 2/200 [TRAIN]:  66%|██████▋   | 2674/4032 [04:30<02:13, 10.17it/s, Loss=0.012311, Pos=0.012188, Vel=0.00006161]Epoch 2/200 [TRAIN]:  66%|██████▋   | 2674/4032 [04:30<02:13, 10.17it/s, Loss=0.012309, Pos=0.012186, Vel=0.00006160]Epoch 2/200 [TRAIN]:  66%|██████▋   | 2676/4032 [04:30<02:09, 10.46it/s, Loss=0.012309, Pos=0.012186, Vel=0.00006160]Epoch 2/200 [TRAIN]:  66%|██████▋   | 2676/4032 [04:30<02:09, 10.46it/s, Loss=0.012307, Pos=0.012184, Vel=0.00006160]Epoch 2/200 [TRAIN]:  66%|██████▋   | 2676/4032 [04:30<02:09, 10.46it/s, Loss=0.012304, Pos=0.012181, Vel=0.00006158]Epoch 2/200 [TRAIN]:  66%|██████▋   | 2678/4032 [04:30<02:14, 10.08it/s, Loss=0.012304, Pos=0.012181, Vel=0.00006158]Epoch 2/200 [TRAIN]:  66%|██████▋   | 2678/4032 [04:30<02:14, 10.08it/s, Loss=0.012304, Pos=0.012181, Vel=0.00006157]Epoch 2/200 [TRAIN]:  66%|██████▋   | 2678/4032 [04:30<02:14, 10.08it/s, Loss=0.012303, Pos=0.012180, Vel=0.00006160]Epoch 2/200 [TRAIN]:  66%|██████▋   | 2680/4032 [04:30<02:19,  9.72it/s, Loss=0.012303, Pos=0.012180, Vel=0.00006160]Epoch 2/200 [TRAIN]:  66%|██████▋   | 2680/4032 [04:30<02:19,  9.72it/s, Loss=0.012300, Pos=0.012177, Vel=0.00006161]Epoch 2/200 [TRAIN]:  66%|██████▋   | 2681/4032 [04:30<02:18,  9.73it/s, Loss=0.012300, Pos=0.012177, Vel=0.00006161]Epoch 2/200 [TRAIN]:  66%|██████▋   | 2681/4032 [04:30<02:18,  9.73it/s, Loss=0.012298, Pos=0.012175, Vel=0.00006160]Epoch 2/200 [TRAIN]:  67%|██████▋   | 2682/4032 [04:30<02:18,  9.74it/s, Loss=0.012298, Pos=0.012175, Vel=0.00006160]Epoch 2/200 [TRAIN]:  67%|██████▋   | 2682/4032 [04:30<02:18,  9.74it/s, Loss=0.012315, Pos=0.012192, Vel=0.00006159]Epoch 2/200 [TRAIN]:  67%|██████▋   | 2683/4032 [04:30<02:20,  9.63it/s, Loss=0.012315, Pos=0.012192, Vel=0.00006159]Epoch 2/200 [TRAIN]:  67%|██████▋   | 2683/4032 [04:31<02:20,  9.63it/s, Loss=0.012313, Pos=0.012190, Vel=0.00006159]Epoch 2/200 [TRAIN]:  67%|██████▋   | 2684/4032 [04:31<02:22,  9.48it/s, Loss=0.012313, Pos=0.012190, Vel=0.00006159]Epoch 2/200 [TRAIN]:  67%|██████▋   | 2684/4032 [04:31<02:22,  9.48it/s, Loss=0.012309, Pos=0.012186, Vel=0.00006158]Epoch 2/200 [TRAIN]:  67%|██████▋   | 2685/4032 [04:31<02:24,  9.35it/s, Loss=0.012309, Pos=0.012186, Vel=0.00006158]Epoch 2/200 [TRAIN]:  67%|██████▋   | 2685/4032 [04:31<02:24,  9.35it/s, Loss=0.012309, Pos=0.012186, Vel=0.00006156]Epoch 2/200 [TRAIN]:  67%|██████▋   | 2686/4032 [04:31<02:23,  9.37it/s, Loss=0.012309, Pos=0.012186, Vel=0.00006156]Epoch 2/200 [TRAIN]:  67%|██████▋   | 2686/4032 [04:31<02:23,  9.37it/s, Loss=0.012307, Pos=0.012184, Vel=0.00006155]Epoch 2/200 [TRAIN]:  67%|██████▋   | 2687/4032 [04:31<02:24,  9.33it/s, Loss=0.012307, Pos=0.012184, Vel=0.00006155]Epoch 2/200 [TRAIN]:  67%|██████▋   | 2687/4032 [04:31<02:24,  9.33it/s, Loss=0.012304, Pos=0.012181, Vel=0.00006155]Epoch 2/200 [TRAIN]:  67%|██████▋   | 2688/4032 [04:31<02:23,  9.37it/s, Loss=0.012304, Pos=0.012181, Vel=0.00006155]Epoch 2/200 [TRAIN]:  67%|██████▋   | 2688/4032 [04:31<02:23,  9.37it/s, Loss=0.012302, Pos=0.012179, Vel=0.00006154]Epoch 2/200 [TRAIN]:  67%|██████▋   | 2689/4032 [04:31<02:26,  9.16it/s, Loss=0.012302, Pos=0.012179, Vel=0.00006154]Epoch 2/200 [TRAIN]:  67%|██████▋   | 2689/4032 [04:31<02:26,  9.16it/s, Loss=0.012298, Pos=0.012175, Vel=0.00006153]Epoch 2/200 [TRAIN]:  67%|██████▋   | 2689/4032 [04:31<02:26,  9.16it/s, Loss=0.012296, Pos=0.012173, Vel=0.00006152]Epoch 2/200 [TRAIN]:  67%|██████▋   | 2691/4032 [04:31<02:19,  9.61it/s, Loss=0.012296, Pos=0.012173, Vel=0.00006152]Epoch 2/200 [TRAIN]:  67%|██████▋   | 2691/4032 [04:31<02:19,  9.61it/s, Loss=0.012292, Pos=0.012169, Vel=0.00006150]Epoch 2/200 [TRAIN]:  67%|██████▋   | 2692/4032 [04:31<02:21,  9.45it/s, Loss=0.012292, Pos=0.012169, Vel=0.00006150]Epoch 2/200 [TRAIN]:  67%|██████▋   | 2692/4032 [04:32<02:21,  9.45it/s, Loss=0.012305, Pos=0.012182, Vel=0.00006151]Epoch 2/200 [TRAIN]:  67%|██████▋   | 2693/4032 [04:32<02:27,  9.08it/s, Loss=0.012305, Pos=0.012182, Vel=0.00006151]Epoch 2/200 [TRAIN]:  67%|██████▋   | 2693/4032 [04:32<02:27,  9.08it/s, Loss=0.012306, Pos=0.012183, Vel=0.00006152]Epoch 2/200 [TRAIN]:  67%|██████▋   | 2693/4032 [04:32<02:27,  9.08it/s, Loss=0.012303, Pos=0.012180, Vel=0.00006150]Epoch 2/200 [TRAIN]:  67%|██████▋   | 2695/4032 [04:32<02:21,  9.42it/s, Loss=0.012303, Pos=0.012180, Vel=0.00006150]Epoch 2/200 [TRAIN]:  67%|██████▋   | 2695/4032 [04:32<02:21,  9.42it/s, Loss=0.012299, Pos=0.012176, Vel=0.00006149]Epoch 2/200 [TRAIN]:  67%|██████▋   | 2696/4032 [04:32<02:22,  9.39it/s, Loss=0.012299, Pos=0.012176, Vel=0.00006149]Epoch 2/200 [TRAIN]:  67%|██████▋   | 2696/4032 [04:32<02:22,  9.39it/s, Loss=0.012302, Pos=0.012179, Vel=0.00006150]Epoch 2/200 [TRAIN]:  67%|██████▋   | 2697/4032 [04:32<02:22,  9.37it/s, Loss=0.012302, Pos=0.012179, Vel=0.00006150]Epoch 2/200 [TRAIN]:  67%|██████▋   | 2697/4032 [04:32<02:22,  9.37it/s, Loss=0.012309, Pos=0.012186, Vel=0.00006154]Epoch 2/200 [TRAIN]:  67%|██████▋   | 2698/4032 [04:32<02:25,  9.16it/s, Loss=0.012309, Pos=0.012186, Vel=0.00006154]Epoch 2/200 [TRAIN]:  67%|██████▋   | 2698/4032 [04:32<02:25,  9.16it/s, Loss=0.012306, Pos=0.012183, Vel=0.00006152]Epoch 2/200 [TRAIN]:  67%|██████▋   | 2699/4032 [04:32<02:28,  8.97it/s, Loss=0.012306, Pos=0.012183, Vel=0.00006152]Epoch 2/200 [TRAIN]:  67%|██████▋   | 2699/4032 [04:32<02:28,  8.97it/s, Loss=0.012311, Pos=0.012188, Vel=0.00006163]Epoch 2/200 [TRAIN]:  67%|██████▋   | 2699/4032 [04:32<02:28,  8.97it/s, Loss=0.012308, Pos=0.012185, Vel=0.00006162]Epoch 2/200 [TRAIN]:  67%|██████▋   | 2701/4032 [04:32<02:03, 10.74it/s, Loss=0.012308, Pos=0.012185, Vel=0.00006162]Epoch 2/200 [TRAIN]:  67%|██████▋   | 2701/4032 [04:32<02:03, 10.74it/s, Loss=0.012306, Pos=0.012182, Vel=0.00006161]Epoch 2/200 [TRAIN]:  67%|██████▋   | 2701/4032 [04:33<02:03, 10.74it/s, Loss=0.012305, Pos=0.012181, Vel=0.00006165]Epoch 2/200 [TRAIN]:  67%|██████▋   | 2703/4032 [04:33<02:11, 10.08it/s, Loss=0.012305, Pos=0.012181, Vel=0.00006165]Epoch 2/200 [TRAIN]:  67%|██████▋   | 2703/4032 [04:33<02:11, 10.08it/s, Loss=0.012301, Pos=0.012178, Vel=0.00006164]Epoch 2/200 [TRAIN]:  67%|██████▋   | 2703/4032 [04:33<02:11, 10.08it/s, Loss=0.012297, Pos=0.012174, Vel=0.00006164]Epoch 2/200 [TRAIN]:  67%|██████▋   | 2705/4032 [04:33<02:16,  9.74it/s, Loss=0.012297, Pos=0.012174, Vel=0.00006164]Epoch 2/200 [TRAIN]:  67%|██████▋   | 2705/4032 [04:33<02:16,  9.74it/s, Loss=0.012294, Pos=0.012171, Vel=0.00006164]Epoch 2/200 [TRAIN]:  67%|██████▋   | 2706/4032 [04:33<02:18,  9.57it/s, Loss=0.012294, Pos=0.012171, Vel=0.00006164]Epoch 2/200 [TRAIN]:  67%|██████▋   | 2706/4032 [04:33<02:18,  9.57it/s, Loss=0.012301, Pos=0.012177, Vel=0.00006178]Epoch 2/200 [TRAIN]:  67%|██████▋   | 2707/4032 [04:33<02:19,  9.48it/s, Loss=0.012301, Pos=0.012177, Vel=0.00006178]Epoch 2/200 [TRAIN]:  67%|██████▋   | 2707/4032 [04:33<02:19,  9.48it/s, Loss=0.012303, Pos=0.012179, Vel=0.00006184]Epoch 2/200 [TRAIN]:  67%|██████▋   | 2708/4032 [04:33<02:20,  9.43it/s, Loss=0.012303, Pos=0.012179, Vel=0.00006184]Epoch 2/200 [TRAIN]:  67%|██████▋   | 2708/4032 [04:33<02:20,  9.43it/s, Loss=0.012309, Pos=0.012186, Vel=0.00006185]Epoch 2/200 [TRAIN]:  67%|██████▋   | 2709/4032 [04:33<02:21,  9.33it/s, Loss=0.012309, Pos=0.012186, Vel=0.00006185]Epoch 2/200 [TRAIN]:  67%|██████▋   | 2709/4032 [04:33<02:21,  9.33it/s, Loss=0.012307, Pos=0.012183, Vel=0.00006184]Epoch 2/200 [TRAIN]:  67%|██████▋   | 2709/4032 [04:33<02:21,  9.33it/s, Loss=0.012311, Pos=0.012187, Vel=0.00006183]Epoch 2/200 [TRAIN]:  67%|██████▋   | 2711/4032 [04:33<02:18,  9.54it/s, Loss=0.012311, Pos=0.012187, Vel=0.00006183]Epoch 2/200 [TRAIN]:  67%|██████▋   | 2711/4032 [04:33<02:18,  9.54it/s, Loss=0.012315, Pos=0.012191, Vel=0.00006186]Epoch 2/200 [TRAIN]:  67%|██████▋   | 2711/4032 [04:34<02:18,  9.54it/s, Loss=0.012315, Pos=0.012191, Vel=0.00006191]Epoch 2/200 [TRAIN]:  67%|██████▋   | 2713/4032 [04:34<01:58, 11.11it/s, Loss=0.012315, Pos=0.012191, Vel=0.00006191]Epoch 2/200 [TRAIN]:  67%|██████▋   | 2713/4032 [04:34<01:58, 11.11it/s, Loss=0.012313, Pos=0.012189, Vel=0.00006189]Epoch 2/200 [TRAIN]:  67%|██████▋   | 2713/4032 [04:34<01:58, 11.11it/s, Loss=0.012313, Pos=0.012189, Vel=0.00006188]Epoch 2/200 [TRAIN]:  67%|██████▋   | 2715/4032 [04:34<02:03, 10.63it/s, Loss=0.012313, Pos=0.012189, Vel=0.00006188]Epoch 2/200 [TRAIN]:  67%|██████▋   | 2715/4032 [04:34<02:03, 10.63it/s, Loss=0.012315, Pos=0.012192, Vel=0.00006187]Epoch 2/200 [TRAIN]:  67%|██████▋   | 2715/4032 [04:34<02:03, 10.63it/s, Loss=0.012313, Pos=0.012189, Vel=0.00006186]Epoch 2/200 [TRAIN]:  67%|██████▋   | 2717/4032 [04:34<02:08, 10.22it/s, Loss=0.012313, Pos=0.012189, Vel=0.00006186]Epoch 2/200 [TRAIN]:  67%|██████▋   | 2717/4032 [04:34<02:08, 10.22it/s, Loss=0.012317, Pos=0.012193, Vel=0.00006188]Epoch 2/200 [TRAIN]:  67%|██████▋   | 2717/4032 [04:34<02:08, 10.22it/s, Loss=0.012316, Pos=0.012192, Vel=0.00006188]Epoch 2/200 [TRAIN]:  67%|██████▋   | 2719/4032 [04:34<02:12,  9.92it/s, Loss=0.012316, Pos=0.012192, Vel=0.00006188]Epoch 2/200 [TRAIN]:  67%|██████▋   | 2719/4032 [04:34<02:12,  9.92it/s, Loss=0.012314, Pos=0.012190, Vel=0.00006189]Epoch 2/200 [TRAIN]:  67%|██████▋   | 2719/4032 [04:34<02:12,  9.92it/s, Loss=0.012317, Pos=0.012193, Vel=0.00006189]Epoch 2/200 [TRAIN]:  67%|██████▋   | 2721/4032 [04:34<02:15,  9.70it/s, Loss=0.012317, Pos=0.012193, Vel=0.00006189]Epoch 2/200 [TRAIN]:  67%|██████▋   | 2721/4032 [04:34<02:15,  9.70it/s, Loss=0.012314, Pos=0.012190, Vel=0.00006188]Epoch 2/200 [TRAIN]:  68%|██████▊   | 2722/4032 [04:34<02:16,  9.63it/s, Loss=0.012314, Pos=0.012190, Vel=0.00006188]Epoch 2/200 [TRAIN]:  68%|██████▊   | 2722/4032 [04:35<02:16,  9.63it/s, Loss=0.012310, Pos=0.012186, Vel=0.00006188]Epoch 2/200 [TRAIN]:  68%|██████▊   | 2723/4032 [04:35<02:17,  9.52it/s, Loss=0.012310, Pos=0.012186, Vel=0.00006188]Epoch 2/200 [TRAIN]:  68%|██████▊   | 2723/4032 [04:35<02:17,  9.52it/s, Loss=0.012311, Pos=0.012188, Vel=0.00006189]Epoch 2/200 [TRAIN]:  68%|██████▊   | 2724/4032 [04:35<02:19,  9.40it/s, Loss=0.012311, Pos=0.012188, Vel=0.00006189]Epoch 2/200 [TRAIN]:  68%|██████▊   | 2724/4032 [04:35<02:19,  9.40it/s, Loss=0.012309, Pos=0.012185, Vel=0.00006189]Epoch 2/200 [TRAIN]:  68%|██████▊   | 2725/4032 [04:35<02:20,  9.28it/s, Loss=0.012309, Pos=0.012185, Vel=0.00006189]Epoch 2/200 [TRAIN]:  68%|██████▊   | 2725/4032 [04:35<02:20,  9.28it/s, Loss=0.012306, Pos=0.012182, Vel=0.00006188]Epoch 2/200 [TRAIN]:  68%|██████▊   | 2725/4032 [04:35<02:20,  9.28it/s, Loss=0.012309, Pos=0.012185, Vel=0.00006191]Epoch 2/200 [TRAIN]:  68%|██████▊   | 2727/4032 [04:35<02:11,  9.95it/s, Loss=0.012309, Pos=0.012185, Vel=0.00006191]Epoch 2/200 [TRAIN]:  68%|██████▊   | 2727/4032 [04:35<02:11,  9.95it/s, Loss=0.012308, Pos=0.012184, Vel=0.00006189]Epoch 2/200 [TRAIN]:  68%|██████▊   | 2728/4032 [04:35<02:13,  9.76it/s, Loss=0.012308, Pos=0.012184, Vel=0.00006189]Epoch 2/200 [TRAIN]:  68%|██████▊   | 2728/4032 [04:35<02:13,  9.76it/s, Loss=0.012308, Pos=0.012184, Vel=0.00006189]Epoch 2/200 [TRAIN]:  68%|██████▊   | 2728/4032 [04:35<02:13,  9.76it/s, Loss=0.012304, Pos=0.012180, Vel=0.00006187]Epoch 2/200 [TRAIN]:  68%|██████▊   | 2730/4032 [04:35<02:13,  9.76it/s, Loss=0.012304, Pos=0.012180, Vel=0.00006187]Epoch 2/200 [TRAIN]:  68%|██████▊   | 2730/4032 [04:35<02:13,  9.76it/s, Loss=0.012301, Pos=0.012177, Vel=0.00006187]Epoch 2/200 [TRAIN]:  68%|██████▊   | 2731/4032 [04:35<02:14,  9.71it/s, Loss=0.012301, Pos=0.012177, Vel=0.00006187]Epoch 2/200 [TRAIN]:  68%|██████▊   | 2731/4032 [04:35<02:14,  9.71it/s, Loss=0.012299, Pos=0.012176, Vel=0.00006185]Epoch 2/200 [TRAIN]:  68%|██████▊   | 2731/4032 [04:35<02:14,  9.71it/s, Loss=0.012297, Pos=0.012173, Vel=0.00006187]Epoch 2/200 [TRAIN]:  68%|██████▊   | 2731/4032 [04:36<02:14,  9.71it/s, Loss=0.012294, Pos=0.012170, Vel=0.00006186]Epoch 2/200 [TRAIN]:  68%|██████▊   | 2734/4032 [04:36<01:53, 11.45it/s, Loss=0.012294, Pos=0.012170, Vel=0.00006186]Epoch 2/200 [TRAIN]:  68%|██████▊   | 2734/4032 [04:36<01:53, 11.45it/s, Loss=0.012299, Pos=0.012175, Vel=0.00006186]Epoch 2/200 [TRAIN]:  68%|██████▊   | 2734/4032 [04:36<01:53, 11.45it/s, Loss=0.012295, Pos=0.012172, Vel=0.00006186]Epoch 2/200 [TRAIN]:  68%|██████▊   | 2736/4032 [04:36<01:53, 11.41it/s, Loss=0.012295, Pos=0.012172, Vel=0.00006186]Epoch 2/200 [TRAIN]:  68%|██████▊   | 2736/4032 [04:36<01:53, 11.41it/s, Loss=0.012293, Pos=0.012169, Vel=0.00006185]Epoch 2/200 [TRAIN]:  68%|██████▊   | 2736/4032 [04:36<01:53, 11.41it/s, Loss=0.012298, Pos=0.012174, Vel=0.00006184]Epoch 2/200 [TRAIN]:  68%|██████▊   | 2738/4032 [04:36<02:04, 10.43it/s, Loss=0.012298, Pos=0.012174, Vel=0.00006184]Epoch 2/200 [TRAIN]:  68%|██████▊   | 2738/4032 [04:36<02:04, 10.43it/s, Loss=0.012296, Pos=0.012172, Vel=0.00006185]Epoch 2/200 [TRAIN]:  68%|██████▊   | 2738/4032 [04:36<02:04, 10.43it/s, Loss=0.012292, Pos=0.012168, Vel=0.00006184]Epoch 2/200 [TRAIN]:  68%|██████▊   | 2740/4032 [04:36<02:09,  9.96it/s, Loss=0.012292, Pos=0.012168, Vel=0.00006184]Epoch 2/200 [TRAIN]:  68%|██████▊   | 2740/4032 [04:36<02:09,  9.96it/s, Loss=0.012290, Pos=0.012166, Vel=0.00006183]Epoch 2/200 [TRAIN]:  68%|██████▊   | 2741/4032 [04:36<02:13,  9.70it/s, Loss=0.012290, Pos=0.012166, Vel=0.00006183]Epoch 2/200 [TRAIN]:  68%|██████▊   | 2741/4032 [04:36<02:13,  9.70it/s, Loss=0.012286, Pos=0.012163, Vel=0.00006181]Epoch 2/200 [TRAIN]:  68%|██████▊   | 2742/4032 [04:36<02:16,  9.43it/s, Loss=0.012286, Pos=0.012163, Vel=0.00006181]Epoch 2/200 [TRAIN]:  68%|██████▊   | 2742/4032 [04:37<02:16,  9.43it/s, Loss=0.012284, Pos=0.012160, Vel=0.00006183]Epoch 2/200 [TRAIN]:  68%|██████▊   | 2742/4032 [04:37<02:16,  9.43it/s, Loss=0.012283, Pos=0.012159, Vel=0.00006183]Epoch 2/200 [TRAIN]:  68%|██████▊   | 2744/4032 [04:37<02:09,  9.94it/s, Loss=0.012283, Pos=0.012159, Vel=0.00006183]Epoch 2/200 [TRAIN]:  68%|██████▊   | 2744/4032 [04:37<02:09,  9.94it/s, Loss=0.012280, Pos=0.012156, Vel=0.00006186]Epoch 2/200 [TRAIN]:  68%|██████▊   | 2745/4032 [04:37<02:11,  9.76it/s, Loss=0.012280, Pos=0.012156, Vel=0.00006186]Epoch 2/200 [TRAIN]:  68%|██████▊   | 2745/4032 [04:37<02:11,  9.76it/s, Loss=0.012279, Pos=0.012155, Vel=0.00006185]Epoch 2/200 [TRAIN]:  68%|██████▊   | 2746/4032 [04:37<02:15,  9.52it/s, Loss=0.012279, Pos=0.012155, Vel=0.00006185]Epoch 2/200 [TRAIN]:  68%|██████▊   | 2746/4032 [04:37<02:15,  9.52it/s, Loss=0.012277, Pos=0.012153, Vel=0.00006186]Epoch 2/200 [TRAIN]:  68%|██████▊   | 2747/4032 [04:37<02:17,  9.33it/s, Loss=0.012277, Pos=0.012153, Vel=0.00006186]Epoch 2/200 [TRAIN]:  68%|██████▊   | 2747/4032 [04:37<02:17,  9.33it/s, Loss=0.012275, Pos=0.012151, Vel=0.00006186]Epoch 2/200 [TRAIN]:  68%|██████▊   | 2748/4032 [04:37<02:18,  9.25it/s, Loss=0.012275, Pos=0.012151, Vel=0.00006186]Epoch 2/200 [TRAIN]:  68%|██████▊   | 2748/4032 [04:37<02:18,  9.25it/s, Loss=0.012275, Pos=0.012151, Vel=0.00006189]Epoch 2/200 [TRAIN]:  68%|██████▊   | 2749/4032 [04:37<02:20,  9.16it/s, Loss=0.012275, Pos=0.012151, Vel=0.00006189]Epoch 2/200 [TRAIN]:  68%|██████▊   | 2749/4032 [04:37<02:20,  9.16it/s, Loss=0.012274, Pos=0.012150, Vel=0.00006192]Epoch 2/200 [TRAIN]:  68%|██████▊   | 2750/4032 [04:37<02:23,  8.93it/s, Loss=0.012274, Pos=0.012150, Vel=0.00006192]Epoch 2/200 [TRAIN]:  68%|██████▊   | 2750/4032 [04:37<02:23,  8.93it/s, Loss=0.012276, Pos=0.012152, Vel=0.00006195]Epoch 2/200 [TRAIN]:  68%|██████▊   | 2750/4032 [04:38<02:23,  8.93it/s, Loss=0.012282, Pos=0.012158, Vel=0.00006194]Epoch 2/200 [TRAIN]:  68%|██████▊   | 2752/4032 [04:38<02:08,  9.96it/s, Loss=0.012282, Pos=0.012158, Vel=0.00006194]Epoch 2/200 [TRAIN]:  68%|██████▊   | 2752/4032 [04:38<02:08,  9.96it/s, Loss=0.012279, Pos=0.012155, Vel=0.00006195]Epoch 2/200 [TRAIN]:  68%|██████▊   | 2752/4032 [04:38<02:08,  9.96it/s, Loss=0.012282, Pos=0.012158, Vel=0.00006193]Epoch 2/200 [TRAIN]:  68%|██████▊   | 2752/4032 [04:38<02:08,  9.96it/s, Loss=0.012280, Pos=0.012156, Vel=0.00006195]Epoch 2/200 [TRAIN]:  68%|██████▊   | 2755/4032 [04:38<01:40, 12.67it/s, Loss=0.012280, Pos=0.012156, Vel=0.00006195]Epoch 2/200 [TRAIN]:  68%|██████▊   | 2755/4032 [04:38<01:40, 12.67it/s, Loss=0.012278, Pos=0.012154, Vel=0.00006194]Epoch 2/200 [TRAIN]:  68%|██████▊   | 2755/4032 [04:38<01:40, 12.67it/s, Loss=0.012275, Pos=0.012152, Vel=0.00006192]Epoch 2/200 [TRAIN]:  68%|██████▊   | 2757/4032 [04:38<01:50, 11.51it/s, Loss=0.012275, Pos=0.012152, Vel=0.00006192]Epoch 2/200 [TRAIN]:  68%|██████▊   | 2757/4032 [04:38<01:50, 11.51it/s, Loss=0.012273, Pos=0.012149, Vel=0.00006192]Epoch 2/200 [TRAIN]:  68%|██████▊   | 2757/4032 [04:38<01:50, 11.51it/s, Loss=0.012273, Pos=0.012149, Vel=0.00006196]Epoch 2/200 [TRAIN]:  68%|██████▊   | 2759/4032 [04:38<02:01, 10.48it/s, Loss=0.012273, Pos=0.012149, Vel=0.00006196]Epoch 2/200 [TRAIN]:  68%|██████▊   | 2759/4032 [04:38<02:01, 10.48it/s, Loss=0.012274, Pos=0.012150, Vel=0.00006195]Epoch 2/200 [TRAIN]:  68%|██████▊   | 2759/4032 [04:38<02:01, 10.48it/s, Loss=0.012277, Pos=0.012153, Vel=0.00006196]Epoch 2/200 [TRAIN]:  68%|██████▊   | 2761/4032 [04:38<02:09,  9.84it/s, Loss=0.012277, Pos=0.012153, Vel=0.00006196]Epoch 2/200 [TRAIN]:  68%|██████▊   | 2761/4032 [04:38<02:09,  9.84it/s, Loss=0.012278, Pos=0.012154, Vel=0.00006200]Epoch 2/200 [TRAIN]:  68%|██████▊   | 2761/4032 [04:39<02:09,  9.84it/s, Loss=0.012276, Pos=0.012152, Vel=0.00006199]Epoch 2/200 [TRAIN]:  69%|██████▊   | 2763/4032 [04:39<02:12,  9.60it/s, Loss=0.012276, Pos=0.012152, Vel=0.00006199]Epoch 2/200 [TRAIN]:  69%|██████▊   | 2763/4032 [04:39<02:12,  9.60it/s, Loss=0.012278, Pos=0.012154, Vel=0.00006198]Epoch 2/200 [TRAIN]:  69%|██████▊   | 2763/4032 [04:39<02:12,  9.60it/s, Loss=0.012276, Pos=0.012152, Vel=0.00006199]Epoch 2/200 [TRAIN]:  69%|██████▊   | 2765/4032 [04:39<02:07,  9.95it/s, Loss=0.012276, Pos=0.012152, Vel=0.00006199]Epoch 2/200 [TRAIN]:  69%|██████▊   | 2765/4032 [04:39<02:07,  9.95it/s, Loss=0.012276, Pos=0.012152, Vel=0.00006199]Epoch 2/200 [TRAIN]:  69%|██████▊   | 2765/4032 [04:39<02:07,  9.95it/s, Loss=0.012273, Pos=0.012149, Vel=0.00006197]Epoch 2/200 [TRAIN]:  69%|██████▊   | 2767/4032 [04:39<02:08,  9.84it/s, Loss=0.012273, Pos=0.012149, Vel=0.00006197]Epoch 2/200 [TRAIN]:  69%|██████▊   | 2767/4032 [04:39<02:08,  9.84it/s, Loss=0.012271, Pos=0.012147, Vel=0.00006197]Epoch 2/200 [TRAIN]:  69%|██████▊   | 2768/4032 [04:39<02:10,  9.68it/s, Loss=0.012271, Pos=0.012147, Vel=0.00006197]Epoch 2/200 [TRAIN]:  69%|██████▊   | 2768/4032 [04:39<02:10,  9.68it/s, Loss=0.012268, Pos=0.012144, Vel=0.00006200]Epoch 2/200 [TRAIN]:  69%|██████▊   | 2769/4032 [04:39<02:12,  9.54it/s, Loss=0.012268, Pos=0.012144, Vel=0.00006200]Epoch 2/200 [TRAIN]:  69%|██████▊   | 2769/4032 [04:39<02:12,  9.54it/s, Loss=0.012285, Pos=0.012161, Vel=0.00006200]Epoch 2/200 [TRAIN]:  69%|██████▊   | 2770/4032 [04:39<02:14,  9.38it/s, Loss=0.012285, Pos=0.012161, Vel=0.00006200]Epoch 2/200 [TRAIN]:  69%|██████▊   | 2770/4032 [04:39<02:14,  9.38it/s, Loss=0.012287, Pos=0.012163, Vel=0.00006202]Epoch 2/200 [TRAIN]:  69%|██████▊   | 2770/4032 [04:39<02:14,  9.38it/s, Loss=0.012285, Pos=0.012161, Vel=0.00006201]Epoch 2/200 [TRAIN]:  69%|██████▉   | 2772/4032 [04:39<02:05, 10.07it/s, Loss=0.012285, Pos=0.012161, Vel=0.00006201]Epoch 2/200 [TRAIN]:  69%|██████▉   | 2772/4032 [04:40<02:05, 10.07it/s, Loss=0.012283, Pos=0.012159, Vel=0.00006200]Epoch 2/200 [TRAIN]:  69%|██████▉   | 2773/4032 [04:40<02:09,  9.71it/s, Loss=0.012283, Pos=0.012159, Vel=0.00006200]Epoch 2/200 [TRAIN]:  69%|██████▉   | 2773/4032 [04:40<02:09,  9.71it/s, Loss=0.012281, Pos=0.012157, Vel=0.00006201]Epoch 2/200 [TRAIN]:  69%|██████▉   | 2774/4032 [04:40<02:12,  9.48it/s, Loss=0.012281, Pos=0.012157, Vel=0.00006201]Epoch 2/200 [TRAIN]:  69%|██████▉   | 2774/4032 [04:40<02:12,  9.48it/s, Loss=0.012282, Pos=0.012158, Vel=0.00006200]Epoch 2/200 [TRAIN]:  69%|██████▉   | 2774/4032 [04:40<02:12,  9.48it/s, Loss=0.012283, Pos=0.012159, Vel=0.00006202]Epoch 2/200 [TRAIN]:  69%|██████▉   | 2776/4032 [04:40<02:09,  9.71it/s, Loss=0.012283, Pos=0.012159, Vel=0.00006202]Epoch 2/200 [TRAIN]:  69%|██████▉   | 2776/4032 [04:40<02:09,  9.71it/s, Loss=0.012290, Pos=0.012166, Vel=0.00006209]Epoch 2/200 [TRAIN]:  69%|██████▉   | 2776/4032 [04:40<02:09,  9.71it/s, Loss=0.012294, Pos=0.012170, Vel=0.00006213]Epoch 2/200 [TRAIN]:  69%|██████▉   | 2778/4032 [04:40<02:07,  9.83it/s, Loss=0.012294, Pos=0.012170, Vel=0.00006213]Epoch 2/200 [TRAIN]:  69%|██████▉   | 2778/4032 [04:40<02:07,  9.83it/s, Loss=0.012292, Pos=0.012168, Vel=0.00006213]Epoch 2/200 [TRAIN]:  69%|██████▉   | 2778/4032 [04:40<02:07,  9.83it/s, Loss=0.012291, Pos=0.012167, Vel=0.00006212]Epoch 2/200 [TRAIN]:  69%|██████▉   | 2780/4032 [04:40<01:56, 10.72it/s, Loss=0.012291, Pos=0.012167, Vel=0.00006212]Epoch 2/200 [TRAIN]:  69%|██████▉   | 2780/4032 [04:40<01:56, 10.72it/s, Loss=0.012288, Pos=0.012164, Vel=0.00006212]Epoch 2/200 [TRAIN]:  69%|██████▉   | 2780/4032 [04:40<01:56, 10.72it/s, Loss=0.012286, Pos=0.012162, Vel=0.00006212]Epoch 2/200 [TRAIN]:  69%|██████▉   | 2782/4032 [04:40<02:06,  9.92it/s, Loss=0.012286, Pos=0.012162, Vel=0.00006212]Epoch 2/200 [TRAIN]:  69%|██████▉   | 2782/4032 [04:41<02:06,  9.92it/s, Loss=0.012284, Pos=0.012160, Vel=0.00006211]Epoch 2/200 [TRAIN]:  69%|██████▉   | 2782/4032 [04:41<02:06,  9.92it/s, Loss=0.012287, Pos=0.012162, Vel=0.00006210]Epoch 2/200 [TRAIN]:  69%|██████▉   | 2784/4032 [04:41<02:06,  9.86it/s, Loss=0.012287, Pos=0.012162, Vel=0.00006210]Epoch 2/200 [TRAIN]:  69%|██████▉   | 2784/4032 [04:41<02:06,  9.86it/s, Loss=0.012290, Pos=0.012165, Vel=0.00006213]Epoch 2/200 [TRAIN]:  69%|██████▉   | 2785/4032 [04:41<02:06,  9.88it/s, Loss=0.012290, Pos=0.012165, Vel=0.00006213]Epoch 2/200 [TRAIN]:  69%|██████▉   | 2785/4032 [04:41<02:06,  9.88it/s, Loss=0.012288, Pos=0.012164, Vel=0.00006213]Epoch 2/200 [TRAIN]:  69%|██████▉   | 2785/4032 [04:41<02:06,  9.88it/s, Loss=0.012286, Pos=0.012161, Vel=0.00006212]Epoch 2/200 [TRAIN]:  69%|██████▉   | 2787/4032 [04:41<02:04, 10.04it/s, Loss=0.012286, Pos=0.012161, Vel=0.00006212]Epoch 2/200 [TRAIN]:  69%|██████▉   | 2787/4032 [04:41<02:04, 10.04it/s, Loss=0.012283, Pos=0.012159, Vel=0.00006212]Epoch 2/200 [TRAIN]:  69%|██████▉   | 2787/4032 [04:41<02:04, 10.04it/s, Loss=0.012289, Pos=0.012165, Vel=0.00006216]Epoch 2/200 [TRAIN]:  69%|██████▉   | 2789/4032 [04:41<01:52, 11.02it/s, Loss=0.012289, Pos=0.012165, Vel=0.00006216]Epoch 2/200 [TRAIN]:  69%|██████▉   | 2789/4032 [04:41<01:52, 11.02it/s, Loss=0.012317, Pos=0.012193, Vel=0.00006218]Epoch 2/200 [TRAIN]:  69%|██████▉   | 2789/4032 [04:41<01:52, 11.02it/s, Loss=0.012314, Pos=0.012190, Vel=0.00006217]Epoch 2/200 [TRAIN]:  69%|██████▉   | 2791/4032 [04:41<02:00, 10.26it/s, Loss=0.012314, Pos=0.012190, Vel=0.00006217]Epoch 2/200 [TRAIN]:  69%|██████▉   | 2791/4032 [04:41<02:00, 10.26it/s, Loss=0.012317, Pos=0.012193, Vel=0.00006216]Epoch 2/200 [TRAIN]:  69%|██████▉   | 2791/4032 [04:42<02:00, 10.26it/s, Loss=0.012321, Pos=0.012196, Vel=0.00006215]Epoch 2/200 [TRAIN]:  69%|██████▉   | 2793/4032 [04:42<02:06,  9.77it/s, Loss=0.012321, Pos=0.012196, Vel=0.00006215]Epoch 2/200 [TRAIN]:  69%|██████▉   | 2793/4032 [04:42<02:06,  9.77it/s, Loss=0.012318, Pos=0.012194, Vel=0.00006214]Epoch 2/200 [TRAIN]:  69%|██████▉   | 2793/4032 [04:42<02:06,  9.77it/s, Loss=0.012318, Pos=0.012193, Vel=0.00006213]Epoch 2/200 [TRAIN]:  69%|██████▉   | 2795/4032 [04:42<02:11,  9.38it/s, Loss=0.012318, Pos=0.012193, Vel=0.00006213]Epoch 2/200 [TRAIN]:  69%|██████▉   | 2795/4032 [04:42<02:11,  9.38it/s, Loss=0.012314, Pos=0.012189, Vel=0.00006211]Epoch 2/200 [TRAIN]:  69%|██████▉   | 2795/4032 [04:42<02:11,  9.38it/s, Loss=0.012315, Pos=0.012190, Vel=0.00006211]Epoch 2/200 [TRAIN]:  69%|██████▉   | 2797/4032 [04:42<01:58, 10.45it/s, Loss=0.012315, Pos=0.012190, Vel=0.00006211]Epoch 2/200 [TRAIN]:  69%|██████▉   | 2797/4032 [04:42<01:58, 10.45it/s, Loss=0.012313, Pos=0.012189, Vel=0.00006211]Epoch 2/200 [TRAIN]:  69%|██████▉   | 2797/4032 [04:42<01:58, 10.45it/s, Loss=0.012315, Pos=0.012191, Vel=0.00006209]Epoch 2/200 [TRAIN]:  69%|██████▉   | 2799/4032 [04:42<02:04,  9.90it/s, Loss=0.012315, Pos=0.012191, Vel=0.00006209]Epoch 2/200 [TRAIN]:  69%|██████▉   | 2799/4032 [04:42<02:04,  9.90it/s, Loss=0.012313, Pos=0.012189, Vel=0.00006207]Epoch 2/200 [TRAIN]:  69%|██████▉   | 2799/4032 [04:42<02:04,  9.90it/s, Loss=0.012309, Pos=0.012185, Vel=0.00006206]Epoch 2/200 [TRAIN]:  69%|██████▉   | 2801/4032 [04:42<02:07,  9.62it/s, Loss=0.012309, Pos=0.012185, Vel=0.00006206]Epoch 2/200 [TRAIN]:  69%|██████▉   | 2801/4032 [04:43<02:07,  9.62it/s, Loss=0.012306, Pos=0.012182, Vel=0.00006206]Epoch 2/200 [TRAIN]:  69%|██████▉   | 2802/4032 [04:43<02:09,  9.47it/s, Loss=0.012306, Pos=0.012182, Vel=0.00006206]Epoch 2/200 [TRAIN]:  69%|██████▉   | 2802/4032 [04:43<02:09,  9.47it/s, Loss=0.012304, Pos=0.012180, Vel=0.00006205]Epoch 2/200 [TRAIN]:  70%|██████▉   | 2803/4032 [04:43<02:08,  9.56it/s, Loss=0.012304, Pos=0.012180, Vel=0.00006205]Epoch 2/200 [TRAIN]:  70%|██████▉   | 2803/4032 [04:43<02:08,  9.56it/s, Loss=0.012303, Pos=0.012179, Vel=0.00006203]Epoch 2/200 [TRAIN]:  70%|██████▉   | 2804/4032 [04:43<02:09,  9.51it/s, Loss=0.012303, Pos=0.012179, Vel=0.00006203]Epoch 2/200 [TRAIN]:  70%|██████▉   | 2804/4032 [04:43<02:09,  9.51it/s, Loss=0.012299, Pos=0.012175, Vel=0.00006202]Epoch 2/200 [TRAIN]:  70%|██████▉   | 2805/4032 [04:43<02:11,  9.32it/s, Loss=0.012299, Pos=0.012175, Vel=0.00006202]Epoch 2/200 [TRAIN]:  70%|██████▉   | 2805/4032 [04:43<02:11,  9.32it/s, Loss=0.012312, Pos=0.012188, Vel=0.00006206]Epoch 2/200 [TRAIN]:  70%|██████▉   | 2806/4032 [04:43<02:14,  9.10it/s, Loss=0.012312, Pos=0.012188, Vel=0.00006206]Epoch 2/200 [TRAIN]:  70%|██████▉   | 2806/4032 [04:43<02:14,  9.10it/s, Loss=0.012317, Pos=0.012193, Vel=0.00006209]Epoch 2/200 [TRAIN]:  70%|██████▉   | 2806/4032 [04:43<02:14,  9.10it/s, Loss=0.012323, Pos=0.012199, Vel=0.00006212]Epoch 2/200 [TRAIN]:  70%|██████▉   | 2808/4032 [04:43<02:00, 10.13it/s, Loss=0.012323, Pos=0.012199, Vel=0.00006212]Epoch 2/200 [TRAIN]:  70%|██████▉   | 2808/4032 [04:43<02:00, 10.13it/s, Loss=0.012320, Pos=0.012196, Vel=0.00006210]Epoch 2/200 [TRAIN]:  70%|██████▉   | 2809/4032 [04:43<02:04,  9.80it/s, Loss=0.012320, Pos=0.012196, Vel=0.00006210]Epoch 2/200 [TRAIN]:  70%|██████▉   | 2809/4032 [04:43<02:04,  9.80it/s, Loss=0.012321, Pos=0.012196, Vel=0.00006209]Epoch 2/200 [TRAIN]:  70%|██████▉   | 2810/4032 [04:43<02:08,  9.50it/s, Loss=0.012321, Pos=0.012196, Vel=0.00006209]Epoch 2/200 [TRAIN]:  70%|██████▉   | 2810/4032 [04:43<02:08,  9.50it/s, Loss=0.012325, Pos=0.012201, Vel=0.00006209]Epoch 2/200 [TRAIN]:  70%|██████▉   | 2811/4032 [04:43<02:11,  9.31it/s, Loss=0.012325, Pos=0.012201, Vel=0.00006209]Epoch 2/200 [TRAIN]:  70%|██████▉   | 2811/4032 [04:44<02:11,  9.31it/s, Loss=0.012324, Pos=0.012199, Vel=0.00006211]Epoch 2/200 [TRAIN]:  70%|██████▉   | 2812/4032 [04:44<02:10,  9.34it/s, Loss=0.012324, Pos=0.012199, Vel=0.00006211]Epoch 2/200 [TRAIN]:  70%|██████▉   | 2812/4032 [04:44<02:10,  9.34it/s, Loss=0.012335, Pos=0.012211, Vel=0.00006211]Epoch 2/200 [TRAIN]:  70%|██████▉   | 2813/4032 [04:44<02:12,  9.17it/s, Loss=0.012335, Pos=0.012211, Vel=0.00006211]Epoch 2/200 [TRAIN]:  70%|██████▉   | 2813/4032 [04:44<02:12,  9.17it/s, Loss=0.012334, Pos=0.012210, Vel=0.00006210]Epoch 2/200 [TRAIN]:  70%|██████▉   | 2814/4032 [04:44<02:13,  9.12it/s, Loss=0.012334, Pos=0.012210, Vel=0.00006210]Epoch 2/200 [TRAIN]:  70%|██████▉   | 2814/4032 [04:44<02:13,  9.12it/s, Loss=0.012332, Pos=0.012207, Vel=0.00006208]Epoch 2/200 [TRAIN]:  70%|██████▉   | 2815/4032 [04:44<02:16,  8.95it/s, Loss=0.012332, Pos=0.012207, Vel=0.00006208]Epoch 2/200 [TRAIN]:  70%|██████▉   | 2815/4032 [04:44<02:16,  8.95it/s, Loss=0.012331, Pos=0.012207, Vel=0.00006210]Epoch 2/200 [TRAIN]:  70%|██████▉   | 2815/4032 [04:44<02:16,  8.95it/s, Loss=0.012332, Pos=0.012208, Vel=0.00006211]Epoch 2/200 [TRAIN]:  70%|██████▉   | 2817/4032 [04:44<02:11,  9.23it/s, Loss=0.012332, Pos=0.012208, Vel=0.00006211]Epoch 2/200 [TRAIN]:  70%|██████▉   | 2817/4032 [04:44<02:11,  9.23it/s, Loss=0.012333, Pos=0.012208, Vel=0.00006212]Epoch 2/200 [TRAIN]:  70%|██████▉   | 2817/4032 [04:44<02:11,  9.23it/s, Loss=0.012335, Pos=0.012211, Vel=0.00006213]Epoch 2/200 [TRAIN]:  70%|██████▉   | 2819/4032 [04:44<02:00, 10.03it/s, Loss=0.012335, Pos=0.012211, Vel=0.00006213]Epoch 2/200 [TRAIN]:  70%|██████▉   | 2819/4032 [04:44<02:00, 10.03it/s, Loss=0.012335, Pos=0.012211, Vel=0.00006212]Epoch 2/200 [TRAIN]:  70%|██████▉   | 2819/4032 [04:44<02:00, 10.03it/s, Loss=0.012334, Pos=0.012209, Vel=0.00006211]Epoch 2/200 [TRAIN]:  70%|██████▉   | 2821/4032 [04:44<02:01,  9.93it/s, Loss=0.012334, Pos=0.012209, Vel=0.00006211]Epoch 2/200 [TRAIN]:  70%|██████▉   | 2821/4032 [04:45<02:01,  9.93it/s, Loss=0.012331, Pos=0.012207, Vel=0.00006210]Epoch 2/200 [TRAIN]:  70%|██████▉   | 2821/4032 [04:45<02:01,  9.93it/s, Loss=0.012332, Pos=0.012208, Vel=0.00006209]Epoch 2/200 [TRAIN]:  70%|███████   | 2823/4032 [04:45<01:50, 10.90it/s, Loss=0.012332, Pos=0.012208, Vel=0.00006209]Epoch 2/200 [TRAIN]:  70%|███████   | 2823/4032 [04:45<01:50, 10.90it/s, Loss=0.012330, Pos=0.012205, Vel=0.00006208]Epoch 2/200 [TRAIN]:  70%|███████   | 2823/4032 [04:45<01:50, 10.90it/s, Loss=0.012328, Pos=0.012204, Vel=0.00006207]Epoch 2/200 [TRAIN]:  70%|███████   | 2825/4032 [04:45<01:57, 10.24it/s, Loss=0.012328, Pos=0.012204, Vel=0.00006207]Epoch 2/200 [TRAIN]:  70%|███████   | 2825/4032 [04:45<01:57, 10.24it/s, Loss=0.012339, Pos=0.012214, Vel=0.00006207]Epoch 2/200 [TRAIN]:  70%|███████   | 2825/4032 [04:45<01:57, 10.24it/s, Loss=0.012338, Pos=0.012214, Vel=0.00006207]Epoch 2/200 [TRAIN]:  70%|███████   | 2827/4032 [04:45<01:57, 10.27it/s, Loss=0.012338, Pos=0.012214, Vel=0.00006207]Epoch 2/200 [TRAIN]:  70%|███████   | 2827/4032 [04:45<01:57, 10.27it/s, Loss=0.012334, Pos=0.012210, Vel=0.00006206]Epoch 2/200 [TRAIN]:  70%|███████   | 2827/4032 [04:45<01:57, 10.27it/s, Loss=0.012342, Pos=0.012218, Vel=0.00006205]Epoch 2/200 [TRAIN]:  70%|███████   | 2829/4032 [04:45<02:02,  9.80it/s, Loss=0.012342, Pos=0.012218, Vel=0.00006205]Epoch 2/200 [TRAIN]:  70%|███████   | 2829/4032 [04:45<02:02,  9.80it/s, Loss=0.012341, Pos=0.012217, Vel=0.00006204]Epoch 2/200 [TRAIN]:  70%|███████   | 2830/4032 [04:45<02:04,  9.63it/s, Loss=0.012341, Pos=0.012217, Vel=0.00006204]Epoch 2/200 [TRAIN]:  70%|███████   | 2830/4032 [04:46<02:04,  9.63it/s, Loss=0.012338, Pos=0.012214, Vel=0.00006203]Epoch 2/200 [TRAIN]:  70%|███████   | 2831/4032 [04:46<02:07,  9.39it/s, Loss=0.012338, Pos=0.012214, Vel=0.00006203]Epoch 2/200 [TRAIN]:  70%|███████   | 2831/4032 [04:46<02:07,  9.39it/s, Loss=0.012337, Pos=0.012213, Vel=0.00006203]Epoch 2/200 [TRAIN]:  70%|███████   | 2831/4032 [04:46<02:07,  9.39it/s, Loss=0.012355, Pos=0.012231, Vel=0.00006205]Epoch 2/200 [TRAIN]:  70%|███████   | 2833/4032 [04:46<02:03,  9.71it/s, Loss=0.012355, Pos=0.012231, Vel=0.00006205]Epoch 2/200 [TRAIN]:  70%|███████   | 2833/4032 [04:46<02:03,  9.71it/s, Loss=0.012353, Pos=0.012229, Vel=0.00006204]Epoch 2/200 [TRAIN]:  70%|███████   | 2833/4032 [04:46<02:03,  9.71it/s, Loss=0.012352, Pos=0.012227, Vel=0.00006204]Epoch 2/200 [TRAIN]:  70%|███████   | 2835/4032 [04:46<01:41, 11.79it/s, Loss=0.012352, Pos=0.012227, Vel=0.00006204]Epoch 2/200 [TRAIN]:  70%|███████   | 2835/4032 [04:46<01:41, 11.79it/s, Loss=0.012355, Pos=0.012230, Vel=0.00006205]Epoch 2/200 [TRAIN]:  70%|███████   | 2835/4032 [04:46<01:41, 11.79it/s, Loss=0.012353, Pos=0.012228, Vel=0.00006206]Epoch 2/200 [TRAIN]:  70%|███████   | 2837/4032 [04:46<01:48, 11.01it/s, Loss=0.012353, Pos=0.012228, Vel=0.00006206]Epoch 2/200 [TRAIN]:  70%|███████   | 2837/4032 [04:46<01:48, 11.01it/s, Loss=0.012358, Pos=0.012234, Vel=0.00006205]Epoch 2/200 [TRAIN]:  70%|███████   | 2837/4032 [04:46<01:48, 11.01it/s, Loss=0.012355, Pos=0.012231, Vel=0.00006204]Epoch 2/200 [TRAIN]:  70%|███████   | 2839/4032 [04:46<01:57, 10.13it/s, Loss=0.012355, Pos=0.012231, Vel=0.00006204]Epoch 2/200 [TRAIN]:  70%|███████   | 2839/4032 [04:46<01:57, 10.13it/s, Loss=0.012357, Pos=0.012233, Vel=0.00006205]Epoch 2/200 [TRAIN]:  70%|███████   | 2839/4032 [04:46<01:57, 10.13it/s, Loss=0.012358, Pos=0.012234, Vel=0.00006206]Epoch 2/200 [TRAIN]:  70%|███████   | 2841/4032 [04:46<01:53, 10.53it/s, Loss=0.012358, Pos=0.012234, Vel=0.00006206]Epoch 2/200 [TRAIN]:  70%|███████   | 2841/4032 [04:47<01:53, 10.53it/s, Loss=0.012355, Pos=0.012231, Vel=0.00006204]Epoch 2/200 [TRAIN]:  70%|███████   | 2841/4032 [04:47<01:53, 10.53it/s, Loss=0.012356, Pos=0.012232, Vel=0.00006204]Epoch 2/200 [TRAIN]:  71%|███████   | 2843/4032 [04:47<01:54, 10.42it/s, Loss=0.012356, Pos=0.012232, Vel=0.00006204]Epoch 2/200 [TRAIN]:  71%|███████   | 2843/4032 [04:47<01:54, 10.42it/s, Loss=0.012357, Pos=0.012233, Vel=0.00006204]Epoch 2/200 [TRAIN]:  71%|███████   | 2843/4032 [04:47<01:54, 10.42it/s, Loss=0.012356, Pos=0.012232, Vel=0.00006205]Epoch 2/200 [TRAIN]:  71%|███████   | 2845/4032 [04:47<01:58, 10.03it/s, Loss=0.012356, Pos=0.012232, Vel=0.00006205]Epoch 2/200 [TRAIN]:  71%|███████   | 2845/4032 [04:47<01:58, 10.03it/s, Loss=0.012384, Pos=0.012259, Vel=0.00006216]Epoch 2/200 [TRAIN]:  71%|███████   | 2845/4032 [04:47<01:58, 10.03it/s, Loss=0.012401, Pos=0.012277, Vel=0.00006217]Epoch 2/200 [TRAIN]:  71%|███████   | 2847/4032 [04:47<02:01,  9.79it/s, Loss=0.012401, Pos=0.012277, Vel=0.00006217]Epoch 2/200 [TRAIN]:  71%|███████   | 2847/4032 [04:47<02:01,  9.79it/s, Loss=0.012437, Pos=0.012312, Vel=0.00006220]Epoch 2/200 [TRAIN]:  71%|███████   | 2847/4032 [04:47<02:01,  9.79it/s, Loss=0.012437, Pos=0.012313, Vel=0.00006222]Epoch 2/200 [TRAIN]:  71%|███████   | 2849/4032 [04:47<02:00,  9.83it/s, Loss=0.012437, Pos=0.012313, Vel=0.00006222]Epoch 2/200 [TRAIN]:  71%|███████   | 2849/4032 [04:47<02:00,  9.83it/s, Loss=0.012444, Pos=0.012320, Vel=0.00006221]Epoch 2/200 [TRAIN]:  71%|███████   | 2850/4032 [04:47<02:02,  9.68it/s, Loss=0.012444, Pos=0.012320, Vel=0.00006221]Epoch 2/200 [TRAIN]:  71%|███████   | 2850/4032 [04:47<02:02,  9.68it/s, Loss=0.012441, Pos=0.012317, Vel=0.00006221]Epoch 2/200 [TRAIN]:  71%|███████   | 2851/4032 [04:47<02:04,  9.48it/s, Loss=0.012441, Pos=0.012317, Vel=0.00006221]Epoch 2/200 [TRAIN]:  71%|███████   | 2851/4032 [04:48<02:04,  9.48it/s, Loss=0.012438, Pos=0.012314, Vel=0.00006219]Epoch 2/200 [TRAIN]:  71%|███████   | 2852/4032 [04:48<02:05,  9.42it/s, Loss=0.012438, Pos=0.012314, Vel=0.00006219]Epoch 2/200 [TRAIN]:  71%|███████   | 2852/4032 [04:48<02:05,  9.42it/s, Loss=0.012438, Pos=0.012314, Vel=0.00006218]Epoch 2/200 [TRAIN]:  71%|███████   | 2853/4032 [04:48<02:06,  9.31it/s, Loss=0.012438, Pos=0.012314, Vel=0.00006218]Epoch 2/200 [TRAIN]:  71%|███████   | 2853/4032 [04:48<02:06,  9.31it/s, Loss=0.012438, Pos=0.012314, Vel=0.00006217]Epoch 2/200 [TRAIN]:  71%|███████   | 2854/4032 [04:48<02:07,  9.23it/s, Loss=0.012438, Pos=0.012314, Vel=0.00006217]Epoch 2/200 [TRAIN]:  71%|███████   | 2854/4032 [04:48<02:07,  9.23it/s, Loss=0.012437, Pos=0.012313, Vel=0.00006218]Epoch 2/200 [TRAIN]:  71%|███████   | 2855/4032 [04:48<02:08,  9.16it/s, Loss=0.012437, Pos=0.012313, Vel=0.00006218]Epoch 2/200 [TRAIN]:  71%|███████   | 2855/4032 [04:48<02:08,  9.16it/s, Loss=0.012435, Pos=0.012310, Vel=0.00006218]Epoch 2/200 [TRAIN]:  71%|███████   | 2856/4032 [04:48<02:10,  9.02it/s, Loss=0.012435, Pos=0.012310, Vel=0.00006218]Epoch 2/200 [TRAIN]:  71%|███████   | 2856/4032 [04:48<02:10,  9.02it/s, Loss=0.012431, Pos=0.012307, Vel=0.00006216]Epoch 2/200 [TRAIN]:  71%|███████   | 2857/4032 [04:48<02:11,  8.96it/s, Loss=0.012431, Pos=0.012307, Vel=0.00006216]Epoch 2/200 [TRAIN]:  71%|███████   | 2857/4032 [04:48<02:11,  8.96it/s, Loss=0.012431, Pos=0.012307, Vel=0.00006215]Epoch 2/200 [TRAIN]:  71%|███████   | 2858/4032 [04:48<02:11,  8.94it/s, Loss=0.012431, Pos=0.012307, Vel=0.00006215]Epoch 2/200 [TRAIN]:  71%|███████   | 2858/4032 [04:48<02:11,  8.94it/s, Loss=0.012431, Pos=0.012306, Vel=0.00006215]Epoch 2/200 [TRAIN]:  71%|███████   | 2858/4032 [04:48<02:11,  8.94it/s, Loss=0.012429, Pos=0.012305, Vel=0.00006213]Epoch 2/200 [TRAIN]:  71%|███████   | 2860/4032 [04:48<01:49, 10.70it/s, Loss=0.012429, Pos=0.012305, Vel=0.00006213]Epoch 2/200 [TRAIN]:  71%|███████   | 2860/4032 [04:49<01:49, 10.70it/s, Loss=0.012427, Pos=0.012303, Vel=0.00006212]Epoch 2/200 [TRAIN]:  71%|███████   | 2860/4032 [04:49<01:49, 10.70it/s, Loss=0.012424, Pos=0.012300, Vel=0.00006212]Epoch 2/200 [TRAIN]:  71%|███████   | 2862/4032 [04:49<01:47, 10.91it/s, Loss=0.012424, Pos=0.012300, Vel=0.00006212]Epoch 2/200 [TRAIN]:  71%|███████   | 2862/4032 [04:49<01:47, 10.91it/s, Loss=0.012420, Pos=0.012296, Vel=0.00006210]Epoch 2/200 [TRAIN]:  71%|███████   | 2862/4032 [04:49<01:47, 10.91it/s, Loss=0.012417, Pos=0.012293, Vel=0.00006209]Epoch 2/200 [TRAIN]:  71%|███████   | 2864/4032 [04:49<01:54, 10.22it/s, Loss=0.012417, Pos=0.012293, Vel=0.00006209]Epoch 2/200 [TRAIN]:  71%|███████   | 2864/4032 [04:49<01:54, 10.22it/s, Loss=0.012417, Pos=0.012293, Vel=0.00006213]Epoch 2/200 [TRAIN]:  71%|███████   | 2864/4032 [04:49<01:54, 10.22it/s, Loss=0.012419, Pos=0.012294, Vel=0.00006214]Epoch 2/200 [TRAIN]:  71%|███████   | 2866/4032 [04:49<01:57,  9.96it/s, Loss=0.012419, Pos=0.012294, Vel=0.00006214]Epoch 2/200 [TRAIN]:  71%|███████   | 2866/4032 [04:49<01:57,  9.96it/s, Loss=0.012416, Pos=0.012292, Vel=0.00006213]Epoch 2/200 [TRAIN]:  71%|███████   | 2866/4032 [04:49<01:57,  9.96it/s, Loss=0.012415, Pos=0.012291, Vel=0.00006211]Epoch 2/200 [TRAIN]:  71%|███████   | 2868/4032 [04:49<01:57,  9.93it/s, Loss=0.012415, Pos=0.012291, Vel=0.00006211]Epoch 2/200 [TRAIN]:  71%|███████   | 2868/4032 [04:49<01:57,  9.93it/s, Loss=0.012417, Pos=0.012292, Vel=0.00006213]Epoch 2/200 [TRAIN]:  71%|███████   | 2869/4032 [04:49<02:00,  9.67it/s, Loss=0.012417, Pos=0.012292, Vel=0.00006213]Epoch 2/200 [TRAIN]:  71%|███████   | 2869/4032 [04:49<02:00,  9.67it/s, Loss=0.012414, Pos=0.012290, Vel=0.00006211]Epoch 2/200 [TRAIN]:  71%|███████   | 2869/4032 [04:50<02:00,  9.67it/s, Loss=0.012425, Pos=0.012301, Vel=0.00006213]Epoch 2/200 [TRAIN]:  71%|███████   | 2871/4032 [04:50<01:59,  9.68it/s, Loss=0.012425, Pos=0.012301, Vel=0.00006213]Epoch 2/200 [TRAIN]:  71%|███████   | 2871/4032 [04:50<01:59,  9.68it/s, Loss=0.012426, Pos=0.012301, Vel=0.00006212]Epoch 2/200 [TRAIN]:  71%|███████   | 2872/4032 [04:50<02:02,  9.50it/s, Loss=0.012426, Pos=0.012301, Vel=0.00006212]Epoch 2/200 [TRAIN]:  71%|███████   | 2872/4032 [04:50<02:02,  9.50it/s, Loss=0.012428, Pos=0.012304, Vel=0.00006213]Epoch 2/200 [TRAIN]:  71%|███████▏  | 2873/4032 [04:50<02:04,  9.34it/s, Loss=0.012428, Pos=0.012304, Vel=0.00006213]Epoch 2/200 [TRAIN]:  71%|███████▏  | 2873/4032 [04:50<02:04,  9.34it/s, Loss=0.012427, Pos=0.012303, Vel=0.00006211]Epoch 2/200 [TRAIN]:  71%|███████▏  | 2873/4032 [04:50<02:04,  9.34it/s, Loss=0.012427, Pos=0.012303, Vel=0.00006210]Epoch 2/200 [TRAIN]:  71%|███████▏  | 2875/4032 [04:50<02:02,  9.44it/s, Loss=0.012427, Pos=0.012303, Vel=0.00006210]Epoch 2/200 [TRAIN]:  71%|███████▏  | 2875/4032 [04:50<02:02,  9.44it/s, Loss=0.012431, Pos=0.012307, Vel=0.00006211]Epoch 2/200 [TRAIN]:  71%|███████▏  | 2876/4032 [04:50<02:03,  9.34it/s, Loss=0.012431, Pos=0.012307, Vel=0.00006211]Epoch 2/200 [TRAIN]:  71%|███████▏  | 2876/4032 [04:50<02:03,  9.34it/s, Loss=0.012435, Pos=0.012311, Vel=0.00006209]Epoch 2/200 [TRAIN]:  71%|███████▏  | 2877/4032 [04:50<02:04,  9.29it/s, Loss=0.012435, Pos=0.012311, Vel=0.00006209]Epoch 2/200 [TRAIN]:  71%|███████▏  | 2877/4032 [04:50<02:04,  9.29it/s, Loss=0.012432, Pos=0.012308, Vel=0.00006211]Epoch 2/200 [TRAIN]:  71%|███████▏  | 2877/4032 [04:50<02:04,  9.29it/s, Loss=0.012429, Pos=0.012305, Vel=0.00006210]Epoch 2/200 [TRAIN]:  71%|███████▏  | 2879/4032 [04:50<02:00,  9.55it/s, Loss=0.012429, Pos=0.012305, Vel=0.00006210]Epoch 2/200 [TRAIN]:  71%|███████▏  | 2879/4032 [04:50<02:00,  9.55it/s, Loss=0.012425, Pos=0.012301, Vel=0.00006209]Epoch 2/200 [TRAIN]:  71%|███████▏  | 2879/4032 [04:51<02:00,  9.55it/s, Loss=0.012438, Pos=0.012314, Vel=0.00006210]Epoch 2/200 [TRAIN]:  71%|███████▏  | 2881/4032 [04:51<02:01,  9.47it/s, Loss=0.012438, Pos=0.012314, Vel=0.00006210]Epoch 2/200 [TRAIN]:  71%|███████▏  | 2881/4032 [04:51<02:01,  9.47it/s, Loss=0.012437, Pos=0.012312, Vel=0.00006210]Epoch 2/200 [TRAIN]:  71%|███████▏  | 2881/4032 [04:51<02:01,  9.47it/s, Loss=0.012437, Pos=0.012313, Vel=0.00006209]Epoch 2/200 [TRAIN]:  72%|███████▏  | 2883/4032 [04:51<02:00,  9.54it/s, Loss=0.012437, Pos=0.012313, Vel=0.00006209]Epoch 2/200 [TRAIN]:  72%|███████▏  | 2883/4032 [04:51<02:00,  9.54it/s, Loss=0.012434, Pos=0.012310, Vel=0.00006208]Epoch 2/200 [TRAIN]:  72%|███████▏  | 2883/4032 [04:51<02:00,  9.54it/s, Loss=0.012434, Pos=0.012309, Vel=0.00006207]Epoch 2/200 [TRAIN]:  72%|███████▏  | 2885/4032 [04:51<01:49, 10.45it/s, Loss=0.012434, Pos=0.012309, Vel=0.00006207]Epoch 2/200 [TRAIN]:  72%|███████▏  | 2885/4032 [04:51<01:49, 10.45it/s, Loss=0.012435, Pos=0.012311, Vel=0.00006206]Epoch 2/200 [TRAIN]:  72%|███████▏  | 2885/4032 [04:51<01:49, 10.45it/s, Loss=0.012431, Pos=0.012307, Vel=0.00006205]Epoch 2/200 [TRAIN]:  72%|███████▏  | 2887/4032 [04:51<01:56,  9.81it/s, Loss=0.012431, Pos=0.012307, Vel=0.00006205]Epoch 2/200 [TRAIN]:  72%|███████▏  | 2887/4032 [04:51<01:56,  9.81it/s, Loss=0.012431, Pos=0.012307, Vel=0.00006205]Epoch 2/200 [TRAIN]:  72%|███████▏  | 2887/4032 [04:51<01:56,  9.81it/s, Loss=0.012434, Pos=0.012310, Vel=0.00006207]Epoch 2/200 [TRAIN]:  72%|███████▏  | 2889/4032 [04:51<01:44, 10.93it/s, Loss=0.012434, Pos=0.012310, Vel=0.00006207]Epoch 2/200 [TRAIN]:  72%|███████▏  | 2889/4032 [04:51<01:44, 10.93it/s, Loss=0.012432, Pos=0.012308, Vel=0.00006209]Epoch 2/200 [TRAIN]:  72%|███████▏  | 2889/4032 [04:52<01:44, 10.93it/s, Loss=0.012431, Pos=0.012307, Vel=0.00006208]Epoch 2/200 [TRAIN]:  72%|███████▏  | 2891/4032 [04:52<01:50, 10.31it/s, Loss=0.012431, Pos=0.012307, Vel=0.00006208]Epoch 2/200 [TRAIN]:  72%|███████▏  | 2891/4032 [04:52<01:50, 10.31it/s, Loss=0.012441, Pos=0.012317, Vel=0.00006209]Epoch 2/200 [TRAIN]:  72%|███████▏  | 2891/4032 [04:52<01:50, 10.31it/s, Loss=0.012440, Pos=0.012316, Vel=0.00006212]Epoch 2/200 [TRAIN]:  72%|███████▏  | 2893/4032 [04:52<01:48, 10.54it/s, Loss=0.012440, Pos=0.012316, Vel=0.00006212]Epoch 2/200 [TRAIN]:  72%|███████▏  | 2893/4032 [04:52<01:48, 10.54it/s, Loss=0.012439, Pos=0.012315, Vel=0.00006212]Epoch 2/200 [TRAIN]:  72%|███████▏  | 2893/4032 [04:52<01:48, 10.54it/s, Loss=0.012439, Pos=0.012315, Vel=0.00006212]Epoch 2/200 [TRAIN]:  72%|███████▏  | 2895/4032 [04:52<01:49, 10.38it/s, Loss=0.012439, Pos=0.012315, Vel=0.00006212]Epoch 2/200 [TRAIN]:  72%|███████▏  | 2895/4032 [04:52<01:49, 10.38it/s, Loss=0.012439, Pos=0.012314, Vel=0.00006212]Epoch 2/200 [TRAIN]:  72%|███████▏  | 2895/4032 [04:52<01:49, 10.38it/s, Loss=0.012435, Pos=0.012311, Vel=0.00006211]Epoch 2/200 [TRAIN]:  72%|███████▏  | 2897/4032 [04:52<01:55,  9.83it/s, Loss=0.012435, Pos=0.012311, Vel=0.00006211]Epoch 2/200 [TRAIN]:  72%|███████▏  | 2897/4032 [04:52<01:55,  9.83it/s, Loss=0.012433, Pos=0.012309, Vel=0.00006209]Epoch 2/200 [TRAIN]:  72%|███████▏  | 2897/4032 [04:52<01:55,  9.83it/s, Loss=0.012434, Pos=0.012310, Vel=0.00006208]Epoch 2/200 [TRAIN]:  72%|███████▏  | 2899/4032 [04:52<01:58,  9.55it/s, Loss=0.012434, Pos=0.012310, Vel=0.00006208]Epoch 2/200 [TRAIN]:  72%|███████▏  | 2899/4032 [04:52<01:58,  9.55it/s, Loss=0.012431, Pos=0.012307, Vel=0.00006206]Epoch 2/200 [TRAIN]:  72%|███████▏  | 2900/4032 [04:52<01:59,  9.43it/s, Loss=0.012431, Pos=0.012307, Vel=0.00006206]Epoch 2/200 [TRAIN]:  72%|███████▏  | 2900/4032 [04:53<01:59,  9.43it/s, Loss=0.012428, Pos=0.012304, Vel=0.00006206]Epoch 2/200 [TRAIN]:  72%|███████▏  | 2900/4032 [04:53<01:59,  9.43it/s, Loss=0.012425, Pos=0.012301, Vel=0.00006206]Epoch 2/200 [TRAIN]:  72%|███████▏  | 2902/4032 [04:53<01:59,  9.46it/s, Loss=0.012425, Pos=0.012301, Vel=0.00006206]Epoch 2/200 [TRAIN]:  72%|███████▏  | 2902/4032 [04:53<01:59,  9.46it/s, Loss=0.012423, Pos=0.012299, Vel=0.00006209]Epoch 2/200 [TRAIN]:  72%|███████▏  | 2903/4032 [04:53<01:59,  9.41it/s, Loss=0.012423, Pos=0.012299, Vel=0.00006209]Epoch 2/200 [TRAIN]:  72%|███████▏  | 2903/4032 [04:53<01:59,  9.41it/s, Loss=0.012424, Pos=0.012299, Vel=0.00006209]Epoch 2/200 [TRAIN]:  72%|███████▏  | 2904/4032 [04:53<01:59,  9.44it/s, Loss=0.012424, Pos=0.012299, Vel=0.00006209]Epoch 2/200 [TRAIN]:  72%|███████▏  | 2904/4032 [04:53<01:59,  9.44it/s, Loss=0.012426, Pos=0.012302, Vel=0.00006208]Epoch 2/200 [TRAIN]:  72%|███████▏  | 2905/4032 [04:53<02:00,  9.38it/s, Loss=0.012426, Pos=0.012302, Vel=0.00006208]Epoch 2/200 [TRAIN]:  72%|███████▏  | 2905/4032 [04:53<02:00,  9.38it/s, Loss=0.012424, Pos=0.012300, Vel=0.00006208]Epoch 2/200 [TRAIN]:  72%|███████▏  | 2905/4032 [04:53<02:00,  9.38it/s, Loss=0.012421, Pos=0.012296, Vel=0.00006206]Epoch 2/200 [TRAIN]:  72%|███████▏  | 2907/4032 [04:53<01:41, 11.09it/s, Loss=0.012421, Pos=0.012296, Vel=0.00006206]Epoch 2/200 [TRAIN]:  72%|███████▏  | 2907/4032 [04:53<01:41, 11.09it/s, Loss=0.012423, Pos=0.012298, Vel=0.00006206]Epoch 2/200 [TRAIN]:  72%|███████▏  | 2907/4032 [04:53<01:41, 11.09it/s, Loss=0.012420, Pos=0.012296, Vel=0.00006205]Epoch 2/200 [TRAIN]:  72%|███████▏  | 2909/4032 [04:53<01:48, 10.39it/s, Loss=0.012420, Pos=0.012296, Vel=0.00006205]Epoch 2/200 [TRAIN]:  72%|███████▏  | 2909/4032 [04:53<01:48, 10.39it/s, Loss=0.012423, Pos=0.012298, Vel=0.00006206]Epoch 2/200 [TRAIN]:  72%|███████▏  | 2909/4032 [04:54<01:48, 10.39it/s, Loss=0.012420, Pos=0.012296, Vel=0.00006207]Epoch 2/200 [TRAIN]:  72%|███████▏  | 2911/4032 [04:54<01:52,  9.94it/s, Loss=0.012420, Pos=0.012296, Vel=0.00006207]Epoch 2/200 [TRAIN]:  72%|███████▏  | 2911/4032 [04:54<01:52,  9.94it/s, Loss=0.012421, Pos=0.012297, Vel=0.00006208]Epoch 2/200 [TRAIN]:  72%|███████▏  | 2911/4032 [04:54<01:52,  9.94it/s, Loss=0.012418, Pos=0.012294, Vel=0.00006206]Epoch 2/200 [TRAIN]:  72%|███████▏  | 2913/4032 [04:54<01:55,  9.65it/s, Loss=0.012418, Pos=0.012294, Vel=0.00006206]Epoch 2/200 [TRAIN]:  72%|███████▏  | 2913/4032 [04:54<01:55,  9.65it/s, Loss=0.012418, Pos=0.012294, Vel=0.00006207]Epoch 2/200 [TRAIN]:  72%|███████▏  | 2914/4032 [04:54<01:57,  9.51it/s, Loss=0.012418, Pos=0.012294, Vel=0.00006207]Epoch 2/200 [TRAIN]:  72%|███████▏  | 2914/4032 [04:54<01:57,  9.51it/s, Loss=0.012416, Pos=0.012292, Vel=0.00006206]Epoch 2/200 [TRAIN]:  72%|███████▏  | 2915/4032 [04:54<01:58,  9.40it/s, Loss=0.012416, Pos=0.012292, Vel=0.00006206]Epoch 2/200 [TRAIN]:  72%|███████▏  | 2915/4032 [04:54<01:58,  9.40it/s, Loss=0.012414, Pos=0.012290, Vel=0.00006205]Epoch 2/200 [TRAIN]:  72%|███████▏  | 2916/4032 [04:54<01:59,  9.35it/s, Loss=0.012414, Pos=0.012290, Vel=0.00006205]Epoch 2/200 [TRAIN]:  72%|███████▏  | 2916/4032 [04:54<01:59,  9.35it/s, Loss=0.012415, Pos=0.012291, Vel=0.00006204]Epoch 2/200 [TRAIN]:  72%|███████▏  | 2917/4032 [04:54<02:01,  9.18it/s, Loss=0.012415, Pos=0.012291, Vel=0.00006204]Epoch 2/200 [TRAIN]:  72%|███████▏  | 2917/4032 [04:54<02:01,  9.18it/s, Loss=0.012413, Pos=0.012289, Vel=0.00006205]Epoch 2/200 [TRAIN]:  72%|███████▏  | 2918/4032 [04:54<02:02,  9.10it/s, Loss=0.012413, Pos=0.012289, Vel=0.00006205]Epoch 2/200 [TRAIN]:  72%|███████▏  | 2918/4032 [04:54<02:02,  9.10it/s, Loss=0.012411, Pos=0.012287, Vel=0.00006205]Epoch 2/200 [TRAIN]:  72%|███████▏  | 2919/4032 [04:54<02:04,  8.94it/s, Loss=0.012411, Pos=0.012287, Vel=0.00006205]Epoch 2/200 [TRAIN]:  72%|███████▏  | 2919/4032 [04:55<02:04,  8.94it/s, Loss=0.012413, Pos=0.012289, Vel=0.00006203]Epoch 2/200 [TRAIN]:  72%|███████▏  | 2919/4032 [04:55<02:04,  8.94it/s, Loss=0.012410, Pos=0.012285, Vel=0.00006202]Epoch 2/200 [TRAIN]:  72%|███████▏  | 2921/4032 [04:55<01:38, 11.33it/s, Loss=0.012410, Pos=0.012285, Vel=0.00006202]Epoch 2/200 [TRAIN]:  72%|███████▏  | 2921/4032 [04:55<01:38, 11.33it/s, Loss=0.012412, Pos=0.012288, Vel=0.00006201]Epoch 2/200 [TRAIN]:  72%|███████▏  | 2921/4032 [04:55<01:38, 11.33it/s, Loss=0.012409, Pos=0.012285, Vel=0.00006200]Epoch 2/200 [TRAIN]:  72%|███████▏  | 2923/4032 [04:55<01:37, 11.36it/s, Loss=0.012409, Pos=0.012285, Vel=0.00006200]Epoch 2/200 [TRAIN]:  72%|███████▏  | 2923/4032 [04:55<01:37, 11.36it/s, Loss=0.012407, Pos=0.012283, Vel=0.00006199]Epoch 2/200 [TRAIN]:  72%|███████▏  | 2923/4032 [04:55<01:37, 11.36it/s, Loss=0.012403, Pos=0.012279, Vel=0.00006198]Epoch 2/200 [TRAIN]:  73%|███████▎  | 2925/4032 [04:55<01:45, 10.50it/s, Loss=0.012403, Pos=0.012279, Vel=0.00006198]Epoch 2/200 [TRAIN]:  73%|███████▎  | 2925/4032 [04:55<01:45, 10.50it/s, Loss=0.012401, Pos=0.012277, Vel=0.00006197]Epoch 2/200 [TRAIN]:  73%|███████▎  | 2925/4032 [04:55<01:45, 10.50it/s, Loss=0.012402, Pos=0.012279, Vel=0.00006195]Epoch 2/200 [TRAIN]:  73%|███████▎  | 2927/4032 [04:55<01:49, 10.11it/s, Loss=0.012402, Pos=0.012279, Vel=0.00006195]Epoch 2/200 [TRAIN]:  73%|███████▎  | 2927/4032 [04:55<01:49, 10.11it/s, Loss=0.012400, Pos=0.012276, Vel=0.00006195]Epoch 2/200 [TRAIN]:  73%|███████▎  | 2927/4032 [04:55<01:49, 10.11it/s, Loss=0.012405, Pos=0.012281, Vel=0.00006198]Epoch 2/200 [TRAIN]:  73%|███████▎  | 2929/4032 [04:55<01:51,  9.89it/s, Loss=0.012405, Pos=0.012281, Vel=0.00006198]Epoch 2/200 [TRAIN]:  73%|███████▎  | 2929/4032 [04:56<01:51,  9.89it/s, Loss=0.012403, Pos=0.012279, Vel=0.00006197]Epoch 2/200 [TRAIN]:  73%|███████▎  | 2929/4032 [04:56<01:51,  9.89it/s, Loss=0.012400, Pos=0.012276, Vel=0.00006197]Epoch 2/200 [TRAIN]:  73%|███████▎  | 2931/4032 [04:56<01:52,  9.77it/s, Loss=0.012400, Pos=0.012276, Vel=0.00006197]Epoch 2/200 [TRAIN]:  73%|███████▎  | 2931/4032 [04:56<01:52,  9.77it/s, Loss=0.012400, Pos=0.012276, Vel=0.00006197]Epoch 2/200 [TRAIN]:  73%|███████▎  | 2931/4032 [04:56<01:52,  9.77it/s, Loss=0.012397, Pos=0.012273, Vel=0.00006195]Epoch 2/200 [TRAIN]:  73%|███████▎  | 2933/4032 [04:56<01:39, 11.07it/s, Loss=0.012397, Pos=0.012273, Vel=0.00006195]Epoch 2/200 [TRAIN]:  73%|███████▎  | 2933/4032 [04:56<01:39, 11.07it/s, Loss=0.012395, Pos=0.012272, Vel=0.00006194]Epoch 2/200 [TRAIN]:  73%|███████▎  | 2933/4032 [04:56<01:39, 11.07it/s, Loss=0.012394, Pos=0.012270, Vel=0.00006194]Epoch 2/200 [TRAIN]:  73%|███████▎  | 2935/4032 [04:56<01:33, 11.74it/s, Loss=0.012394, Pos=0.012270, Vel=0.00006194]Epoch 2/200 [TRAIN]:  73%|███████▎  | 2935/4032 [04:56<01:33, 11.74it/s, Loss=0.012395, Pos=0.012271, Vel=0.00006193]Epoch 2/200 [TRAIN]:  73%|███████▎  | 2935/4032 [04:56<01:33, 11.74it/s, Loss=0.012392, Pos=0.012268, Vel=0.00006193]Epoch 2/200 [TRAIN]:  73%|███████▎  | 2937/4032 [04:56<01:34, 11.58it/s, Loss=0.012392, Pos=0.012268, Vel=0.00006193]Epoch 2/200 [TRAIN]:  73%|███████▎  | 2937/4032 [04:56<01:34, 11.58it/s, Loss=0.012389, Pos=0.012265, Vel=0.00006193]Epoch 2/200 [TRAIN]:  73%|███████▎  | 2937/4032 [04:56<01:34, 11.58it/s, Loss=0.012386, Pos=0.012262, Vel=0.00006191]Epoch 2/200 [TRAIN]:  73%|███████▎  | 2939/4032 [04:56<01:41, 10.82it/s, Loss=0.012386, Pos=0.012262, Vel=0.00006191]Epoch 2/200 [TRAIN]:  73%|███████▎  | 2939/4032 [04:56<01:41, 10.82it/s, Loss=0.012387, Pos=0.012264, Vel=0.00006195]Epoch 2/200 [TRAIN]:  73%|███████▎  | 2939/4032 [04:56<01:41, 10.82it/s, Loss=0.012385, Pos=0.012261, Vel=0.00006195]Epoch 2/200 [TRAIN]:  73%|███████▎  | 2941/4032 [04:56<01:40, 10.82it/s, Loss=0.012385, Pos=0.012261, Vel=0.00006195]Epoch 2/200 [TRAIN]:  73%|███████▎  | 2941/4032 [04:57<01:40, 10.82it/s, Loss=0.012382, Pos=0.012258, Vel=0.00006198]Epoch 2/200 [TRAIN]:  73%|███████▎  | 2941/4032 [04:57<01:40, 10.82it/s, Loss=0.012380, Pos=0.012256, Vel=0.00006199]Epoch 2/200 [TRAIN]:  73%|███████▎  | 2943/4032 [04:57<01:46, 10.22it/s, Loss=0.012380, Pos=0.012256, Vel=0.00006199]Epoch 2/200 [TRAIN]:  73%|███████▎  | 2943/4032 [04:57<01:46, 10.22it/s, Loss=0.012382, Pos=0.012258, Vel=0.00006197]Epoch 2/200 [TRAIN]:  73%|███████▎  | 2943/4032 [04:57<01:46, 10.22it/s, Loss=0.012379, Pos=0.012255, Vel=0.00006197]Epoch 2/200 [TRAIN]:  73%|███████▎  | 2945/4032 [04:57<01:52,  9.70it/s, Loss=0.012379, Pos=0.012255, Vel=0.00006197]Epoch 2/200 [TRAIN]:  73%|███████▎  | 2945/4032 [04:57<01:52,  9.70it/s, Loss=0.012377, Pos=0.012254, Vel=0.00006196]Epoch 2/200 [TRAIN]:  73%|███████▎  | 2946/4032 [04:57<01:53,  9.55it/s, Loss=0.012377, Pos=0.012254, Vel=0.00006196]Epoch 2/200 [TRAIN]:  73%|███████▎  | 2946/4032 [04:57<01:53,  9.55it/s, Loss=0.012377, Pos=0.012253, Vel=0.00006194]Epoch 2/200 [TRAIN]:  73%|███████▎  | 2947/4032 [04:57<01:54,  9.47it/s, Loss=0.012377, Pos=0.012253, Vel=0.00006194]Epoch 2/200 [TRAIN]:  73%|███████▎  | 2947/4032 [04:57<01:54,  9.47it/s, Loss=0.012375, Pos=0.012251, Vel=0.00006193]Epoch 2/200 [TRAIN]:  73%|███████▎  | 2947/4032 [04:57<01:54,  9.47it/s, Loss=0.012372, Pos=0.012248, Vel=0.00006193]Epoch 2/200 [TRAIN]:  73%|███████▎  | 2949/4032 [04:57<01:32, 11.71it/s, Loss=0.012372, Pos=0.012248, Vel=0.00006193]Epoch 2/200 [TRAIN]:  73%|███████▎  | 2949/4032 [04:57<01:32, 11.71it/s, Loss=0.012375, Pos=0.012251, Vel=0.00006194]Epoch 2/200 [TRAIN]:  73%|███████▎  | 2949/4032 [04:57<01:32, 11.71it/s, Loss=0.012376, Pos=0.012252, Vel=0.00006194]Epoch 2/200 [TRAIN]:  73%|███████▎  | 2951/4032 [04:57<01:41, 10.60it/s, Loss=0.012376, Pos=0.012252, Vel=0.00006194]Epoch 2/200 [TRAIN]:  73%|███████▎  | 2951/4032 [04:58<01:41, 10.60it/s, Loss=0.012387, Pos=0.012263, Vel=0.00006192]Epoch 2/200 [TRAIN]:  73%|███████▎  | 2951/4032 [04:58<01:41, 10.60it/s, Loss=0.012384, Pos=0.012260, Vel=0.00006193]Epoch 2/200 [TRAIN]:  73%|███████▎  | 2953/4032 [04:58<01:47, 10.07it/s, Loss=0.012384, Pos=0.012260, Vel=0.00006193]Epoch 2/200 [TRAIN]:  73%|███████▎  | 2953/4032 [04:58<01:47, 10.07it/s, Loss=0.012383, Pos=0.012259, Vel=0.00006193]Epoch 2/200 [TRAIN]:  73%|███████▎  | 2953/4032 [04:58<01:47, 10.07it/s, Loss=0.012383, Pos=0.012259, Vel=0.00006191]Epoch 2/200 [TRAIN]:  73%|███████▎  | 2955/4032 [04:58<01:38, 10.92it/s, Loss=0.012383, Pos=0.012259, Vel=0.00006191]Epoch 2/200 [TRAIN]:  73%|███████▎  | 2955/4032 [04:58<01:38, 10.92it/s, Loss=0.012381, Pos=0.012257, Vel=0.00006190]Epoch 2/200 [TRAIN]:  73%|███████▎  | 2955/4032 [04:58<01:38, 10.92it/s, Loss=0.012380, Pos=0.012256, Vel=0.00006190]Epoch 2/200 [TRAIN]:  73%|███████▎  | 2957/4032 [04:58<01:42, 10.48it/s, Loss=0.012380, Pos=0.012256, Vel=0.00006190]Epoch 2/200 [TRAIN]:  73%|███████▎  | 2957/4032 [04:58<01:42, 10.48it/s, Loss=0.012378, Pos=0.012254, Vel=0.00006189]Epoch 2/200 [TRAIN]:  73%|███████▎  | 2957/4032 [04:58<01:42, 10.48it/s, Loss=0.012378, Pos=0.012254, Vel=0.00006189]Epoch 2/200 [TRAIN]:  73%|███████▎  | 2957/4032 [04:58<01:42, 10.48it/s, Loss=0.012377, Pos=0.012253, Vel=0.00006188]Epoch 2/200 [TRAIN]:  73%|███████▎  | 2960/4032 [04:58<01:30, 11.86it/s, Loss=0.012377, Pos=0.012253, Vel=0.00006188]Epoch 2/200 [TRAIN]:  73%|███████▎  | 2960/4032 [04:58<01:30, 11.86it/s, Loss=0.012376, Pos=0.012252, Vel=0.00006187]Epoch 2/200 [TRAIN]:  73%|███████▎  | 2960/4032 [04:58<01:30, 11.86it/s, Loss=0.012373, Pos=0.012249, Vel=0.00006185]Epoch 2/200 [TRAIN]:  73%|███████▎  | 2962/4032 [04:58<01:35, 11.24it/s, Loss=0.012373, Pos=0.012249, Vel=0.00006185]Epoch 2/200 [TRAIN]:  73%|███████▎  | 2962/4032 [04:59<01:35, 11.24it/s, Loss=0.012371, Pos=0.012247, Vel=0.00006184]Epoch 2/200 [TRAIN]:  73%|███████▎  | 2962/4032 [04:59<01:35, 11.24it/s, Loss=0.012375, Pos=0.012251, Vel=0.00006185]Epoch 2/200 [TRAIN]:  74%|███████▎  | 2964/4032 [04:59<01:41, 10.47it/s, Loss=0.012375, Pos=0.012251, Vel=0.00006185]Epoch 2/200 [TRAIN]:  74%|███████▎  | 2964/4032 [04:59<01:41, 10.47it/s, Loss=0.012401, Pos=0.012277, Vel=0.00006185]Epoch 2/200 [TRAIN]:  74%|███████▎  | 2964/4032 [04:59<01:41, 10.47it/s, Loss=0.012400, Pos=0.012276, Vel=0.00006185]Epoch 2/200 [TRAIN]:  74%|███████▎  | 2966/4032 [04:59<01:46,  9.98it/s, Loss=0.012400, Pos=0.012276, Vel=0.00006185]Epoch 2/200 [TRAIN]:  74%|███████▎  | 2966/4032 [04:59<01:46,  9.98it/s, Loss=0.012412, Pos=0.012288, Vel=0.00006187]Epoch 2/200 [TRAIN]:  74%|███████▎  | 2966/4032 [04:59<01:46,  9.98it/s, Loss=0.012411, Pos=0.012287, Vel=0.00006187]Epoch 2/200 [TRAIN]:  74%|███████▎  | 2968/4032 [04:59<01:47,  9.89it/s, Loss=0.012411, Pos=0.012287, Vel=0.00006187]Epoch 2/200 [TRAIN]:  74%|███████▎  | 2968/4032 [04:59<01:47,  9.89it/s, Loss=0.012412, Pos=0.012288, Vel=0.00006186]Epoch 2/200 [TRAIN]:  74%|███████▎  | 2968/4032 [04:59<01:47,  9.89it/s, Loss=0.012410, Pos=0.012286, Vel=0.00006186]Epoch 2/200 [TRAIN]:  74%|███████▎  | 2970/4032 [04:59<01:35, 11.13it/s, Loss=0.012410, Pos=0.012286, Vel=0.00006186]Epoch 2/200 [TRAIN]:  74%|███████▎  | 2970/4032 [04:59<01:35, 11.13it/s, Loss=0.012410, Pos=0.012286, Vel=0.00006188]Epoch 2/200 [TRAIN]:  74%|███████▎  | 2970/4032 [04:59<01:35, 11.13it/s, Loss=0.012407, Pos=0.012283, Vel=0.00006189]Epoch 2/200 [TRAIN]:  74%|███████▎  | 2972/4032 [04:59<01:41, 10.46it/s, Loss=0.012407, Pos=0.012283, Vel=0.00006189]Epoch 2/200 [TRAIN]:  74%|███████▎  | 2972/4032 [05:00<01:41, 10.46it/s, Loss=0.012405, Pos=0.012281, Vel=0.00006188]Epoch 2/200 [TRAIN]:  74%|███████▎  | 2972/4032 [05:00<01:41, 10.46it/s, Loss=0.012405, Pos=0.012281, Vel=0.00006187]Epoch 2/200 [TRAIN]:  74%|███████▍  | 2974/4032 [05:00<01:45,  9.99it/s, Loss=0.012405, Pos=0.012281, Vel=0.00006187]Epoch 2/200 [TRAIN]:  74%|███████▍  | 2974/4032 [05:00<01:45,  9.99it/s, Loss=0.012402, Pos=0.012278, Vel=0.00006187]Epoch 2/200 [TRAIN]:  74%|███████▍  | 2974/4032 [05:00<01:45,  9.99it/s, Loss=0.012399, Pos=0.012275, Vel=0.00006187]Epoch 2/200 [TRAIN]:  74%|███████▍  | 2976/4032 [05:00<01:39, 10.66it/s, Loss=0.012399, Pos=0.012275, Vel=0.00006187]Epoch 2/200 [TRAIN]:  74%|███████▍  | 2976/4032 [05:00<01:39, 10.66it/s, Loss=0.012399, Pos=0.012276, Vel=0.00006188]Epoch 2/200 [TRAIN]:  74%|███████▍  | 2976/4032 [05:00<01:39, 10.66it/s, Loss=0.012397, Pos=0.012274, Vel=0.00006187]Epoch 2/200 [TRAIN]:  74%|███████▍  | 2978/4032 [05:00<01:44, 10.11it/s, Loss=0.012397, Pos=0.012274, Vel=0.00006187]Epoch 2/200 [TRAIN]:  74%|███████▍  | 2978/4032 [05:00<01:44, 10.11it/s, Loss=0.012395, Pos=0.012271, Vel=0.00006188]Epoch 2/200 [TRAIN]:  74%|███████▍  | 2978/4032 [05:00<01:44, 10.11it/s, Loss=0.012396, Pos=0.012272, Vel=0.00006187]Epoch 2/200 [TRAIN]:  74%|███████▍  | 2980/4032 [05:00<01:45,  9.97it/s, Loss=0.012396, Pos=0.012272, Vel=0.00006187]Epoch 2/200 [TRAIN]:  74%|███████▍  | 2980/4032 [05:00<01:45,  9.97it/s, Loss=0.012394, Pos=0.012270, Vel=0.00006188]Epoch 2/200 [TRAIN]:  74%|███████▍  | 2980/4032 [05:00<01:45,  9.97it/s, Loss=0.012393, Pos=0.012269, Vel=0.00006188]Epoch 2/200 [TRAIN]:  74%|███████▍  | 2982/4032 [05:00<01:48,  9.68it/s, Loss=0.012393, Pos=0.012269, Vel=0.00006188]Epoch 2/200 [TRAIN]:  74%|███████▍  | 2982/4032 [05:01<01:48,  9.68it/s, Loss=0.012390, Pos=0.012266, Vel=0.00006189]Epoch 2/200 [TRAIN]:  74%|███████▍  | 2982/4032 [05:01<01:48,  9.68it/s, Loss=0.012387, Pos=0.012263, Vel=0.00006188]Epoch 2/200 [TRAIN]:  74%|███████▍  | 2984/4032 [05:01<01:45,  9.91it/s, Loss=0.012387, Pos=0.012263, Vel=0.00006188]Epoch 2/200 [TRAIN]:  74%|███████▍  | 2984/4032 [05:01<01:45,  9.91it/s, Loss=0.012385, Pos=0.012261, Vel=0.00006187]Epoch 2/200 [TRAIN]:  74%|███████▍  | 2984/4032 [05:01<01:45,  9.91it/s, Loss=0.012399, Pos=0.012275, Vel=0.00006189]Epoch 2/200 [TRAIN]:  74%|███████▍  | 2986/4032 [05:01<01:38, 10.65it/s, Loss=0.012399, Pos=0.012275, Vel=0.00006189]Epoch 2/200 [TRAIN]:  74%|███████▍  | 2986/4032 [05:01<01:38, 10.65it/s, Loss=0.012395, Pos=0.012272, Vel=0.00006188]Epoch 2/200 [TRAIN]:  74%|███████▍  | 2986/4032 [05:01<01:38, 10.65it/s, Loss=0.012393, Pos=0.012270, Vel=0.00006187]Epoch 2/200 [TRAIN]:  74%|███████▍  | 2988/4032 [05:01<01:36, 10.76it/s, Loss=0.012393, Pos=0.012270, Vel=0.00006187]Epoch 2/200 [TRAIN]:  74%|███████▍  | 2988/4032 [05:01<01:36, 10.76it/s, Loss=0.012396, Pos=0.012273, Vel=0.00006190]Epoch 2/200 [TRAIN]:  74%|███████▍  | 2988/4032 [05:01<01:36, 10.76it/s, Loss=0.012411, Pos=0.012287, Vel=0.00006189]Epoch 2/200 [TRAIN]:  74%|███████▍  | 2990/4032 [05:01<01:27, 11.89it/s, Loss=0.012411, Pos=0.012287, Vel=0.00006189]Epoch 2/200 [TRAIN]:  74%|███████▍  | 2990/4032 [05:01<01:27, 11.89it/s, Loss=0.012410, Pos=0.012286, Vel=0.00006187]Epoch 2/200 [TRAIN]:  74%|███████▍  | 2990/4032 [05:01<01:27, 11.89it/s, Loss=0.012408, Pos=0.012284, Vel=0.00006186]Epoch 2/200 [TRAIN]:  74%|███████▍  | 2992/4032 [05:01<01:31, 11.36it/s, Loss=0.012408, Pos=0.012284, Vel=0.00006186]Epoch 2/200 [TRAIN]:  74%|███████▍  | 2992/4032 [05:01<01:31, 11.36it/s, Loss=0.012410, Pos=0.012286, Vel=0.00006187]Epoch 2/200 [TRAIN]:  74%|███████▍  | 2992/4032 [05:02<01:31, 11.36it/s, Loss=0.012407, Pos=0.012283, Vel=0.00006185]Epoch 2/200 [TRAIN]:  74%|███████▍  | 2994/4032 [05:02<01:34, 11.03it/s, Loss=0.012407, Pos=0.012283, Vel=0.00006185]Epoch 2/200 [TRAIN]:  74%|███████▍  | 2994/4032 [05:02<01:34, 11.03it/s, Loss=0.012404, Pos=0.012281, Vel=0.00006185]Epoch 2/200 [TRAIN]:  74%|███████▍  | 2994/4032 [05:02<01:34, 11.03it/s, Loss=0.012401, Pos=0.012277, Vel=0.00006183]Epoch 2/200 [TRAIN]:  74%|███████▍  | 2996/4032 [05:02<01:28, 11.68it/s, Loss=0.012401, Pos=0.012277, Vel=0.00006183]Epoch 2/200 [TRAIN]:  74%|███████▍  | 2996/4032 [05:02<01:28, 11.68it/s, Loss=0.012397, Pos=0.012273, Vel=0.00006182]Epoch 2/200 [TRAIN]:  74%|███████▍  | 2996/4032 [05:02<01:28, 11.68it/s, Loss=0.012395, Pos=0.012271, Vel=0.00006181]Epoch 2/200 [TRAIN]:  74%|███████▍  | 2998/4032 [05:02<01:32, 11.21it/s, Loss=0.012395, Pos=0.012271, Vel=0.00006181]Epoch 2/200 [TRAIN]:  74%|███████▍  | 2998/4032 [05:02<01:32, 11.21it/s, Loss=0.012393, Pos=0.012269, Vel=0.00006183]Epoch 2/200 [TRAIN]:  74%|███████▍  | 2998/4032 [05:02<01:32, 11.21it/s, Loss=0.012391, Pos=0.012267, Vel=0.00006184]Epoch 2/200 [TRAIN]:  74%|███████▍  | 3000/4032 [05:02<01:30, 11.38it/s, Loss=0.012391, Pos=0.012267, Vel=0.00006184]Epoch 2/200 [TRAIN]:  74%|███████▍  | 3000/4032 [05:02<01:30, 11.38it/s, Loss=0.012392, Pos=0.012268, Vel=0.00006183]Epoch 2/200 [TRAIN]:  74%|███████▍  | 3000/4032 [05:02<01:30, 11.38it/s, Loss=0.012393, Pos=0.012269, Vel=0.00006187]Epoch 2/200 [TRAIN]:  74%|███████▍  | 3002/4032 [05:02<01:32, 11.12it/s, Loss=0.012393, Pos=0.012269, Vel=0.00006187]Epoch 2/200 [TRAIN]:  74%|███████▍  | 3002/4032 [05:02<01:32, 11.12it/s, Loss=0.012398, Pos=0.012274, Vel=0.00006188]Epoch 2/200 [TRAIN]:  74%|███████▍  | 3002/4032 [05:02<01:32, 11.12it/s, Loss=0.012398, Pos=0.012274, Vel=0.00006187]Epoch 2/200 [TRAIN]:  75%|███████▍  | 3004/4032 [05:02<01:34, 10.85it/s, Loss=0.012398, Pos=0.012274, Vel=0.00006187]Epoch 2/200 [TRAIN]:  75%|███████▍  | 3004/4032 [05:03<01:34, 10.85it/s, Loss=0.012396, Pos=0.012272, Vel=0.00006191]Epoch 2/200 [TRAIN]:  75%|███████▍  | 3004/4032 [05:03<01:34, 10.85it/s, Loss=0.012392, Pos=0.012269, Vel=0.00006189]Epoch 2/200 [TRAIN]:  75%|███████▍  | 3006/4032 [05:03<01:37, 10.53it/s, Loss=0.012392, Pos=0.012269, Vel=0.00006189]Epoch 2/200 [TRAIN]:  75%|███████▍  | 3006/4032 [05:03<01:37, 10.53it/s, Loss=0.012391, Pos=0.012268, Vel=0.00006189]Epoch 2/200 [TRAIN]:  75%|███████▍  | 3006/4032 [05:03<01:37, 10.53it/s, Loss=0.012391, Pos=0.012268, Vel=0.00006188]Epoch 2/200 [TRAIN]:  75%|███████▍  | 3008/4032 [05:03<01:38, 10.36it/s, Loss=0.012391, Pos=0.012268, Vel=0.00006188]Epoch 2/200 [TRAIN]:  75%|███████▍  | 3008/4032 [05:03<01:38, 10.36it/s, Loss=0.012389, Pos=0.012265, Vel=0.00006187]Epoch 2/200 [TRAIN]:  75%|███████▍  | 3008/4032 [05:03<01:38, 10.36it/s, Loss=0.012386, Pos=0.012263, Vel=0.00006188]Epoch 2/200 [TRAIN]:  75%|███████▍  | 3010/4032 [05:03<01:40, 10.19it/s, Loss=0.012386, Pos=0.012263, Vel=0.00006188]Epoch 2/200 [TRAIN]:  75%|███████▍  | 3010/4032 [05:03<01:40, 10.19it/s, Loss=0.012388, Pos=0.012264, Vel=0.00006190]Epoch 2/200 [TRAIN]:  75%|███████▍  | 3010/4032 [05:03<01:40, 10.19it/s, Loss=0.012391, Pos=0.012267, Vel=0.00006191]Epoch 2/200 [TRAIN]:  75%|███████▍  | 3012/4032 [05:03<01:35, 10.64it/s, Loss=0.012391, Pos=0.012267, Vel=0.00006191]Epoch 2/200 [TRAIN]:  75%|███████▍  | 3012/4032 [05:03<01:35, 10.64it/s, Loss=0.012389, Pos=0.012265, Vel=0.00006191]Epoch 2/200 [TRAIN]:  75%|███████▍  | 3012/4032 [05:03<01:35, 10.64it/s, Loss=0.012387, Pos=0.012263, Vel=0.00006191]Epoch 2/200 [TRAIN]:  75%|███████▍  | 3014/4032 [05:03<01:38, 10.37it/s, Loss=0.012387, Pos=0.012263, Vel=0.00006191]Epoch 2/200 [TRAIN]:  75%|███████▍  | 3014/4032 [05:03<01:38, 10.37it/s, Loss=0.012385, Pos=0.012261, Vel=0.00006190]Epoch 2/200 [TRAIN]:  75%|███████▍  | 3014/4032 [05:04<01:38, 10.37it/s, Loss=0.012384, Pos=0.012260, Vel=0.00006189]Epoch 2/200 [TRAIN]:  75%|███████▍  | 3016/4032 [05:04<01:33, 10.83it/s, Loss=0.012384, Pos=0.012260, Vel=0.00006189]Epoch 2/200 [TRAIN]:  75%|███████▍  | 3016/4032 [05:04<01:33, 10.83it/s, Loss=0.012381, Pos=0.012258, Vel=0.00006188]Epoch 2/200 [TRAIN]:  75%|███████▍  | 3016/4032 [05:04<01:33, 10.83it/s, Loss=0.012381, Pos=0.012257, Vel=0.00006187]Epoch 2/200 [TRAIN]:  75%|███████▍  | 3018/4032 [05:04<01:29, 11.27it/s, Loss=0.012381, Pos=0.012257, Vel=0.00006187]Epoch 2/200 [TRAIN]:  75%|███████▍  | 3018/4032 [05:04<01:29, 11.27it/s, Loss=0.012378, Pos=0.012254, Vel=0.00006186]Epoch 2/200 [TRAIN]:  75%|███████▍  | 3018/4032 [05:04<01:29, 11.27it/s, Loss=0.012375, Pos=0.012251, Vel=0.00006186]Epoch 2/200 [TRAIN]:  75%|███████▍  | 3020/4032 [05:04<01:31, 11.01it/s, Loss=0.012375, Pos=0.012251, Vel=0.00006186]Epoch 2/200 [TRAIN]:  75%|███████▍  | 3020/4032 [05:04<01:31, 11.01it/s, Loss=0.012372, Pos=0.012248, Vel=0.00006185]Epoch 2/200 [TRAIN]:  75%|███████▍  | 3020/4032 [05:04<01:31, 11.01it/s, Loss=0.012369, Pos=0.012246, Vel=0.00006184]Epoch 2/200 [TRAIN]:  75%|███████▍  | 3022/4032 [05:04<01:33, 10.85it/s, Loss=0.012369, Pos=0.012246, Vel=0.00006184]Epoch 2/200 [TRAIN]:  75%|███████▍  | 3022/4032 [05:04<01:33, 10.85it/s, Loss=0.012373, Pos=0.012250, Vel=0.00006183]Epoch 2/200 [TRAIN]:  75%|███████▍  | 3022/4032 [05:04<01:33, 10.85it/s, Loss=0.012372, Pos=0.012248, Vel=0.00006182]Epoch 2/200 [TRAIN]:  75%|███████▌  | 3024/4032 [05:04<01:33, 10.76it/s, Loss=0.012372, Pos=0.012248, Vel=0.00006182]Epoch 2/200 [TRAIN]:  75%|███████▌  | 3024/4032 [05:04<01:33, 10.76it/s, Loss=0.012369, Pos=0.012246, Vel=0.00006182]Epoch 2/200 [TRAIN]:  75%|███████▌  | 3024/4032 [05:04<01:33, 10.76it/s, Loss=0.012392, Pos=0.012268, Vel=0.00006181]Epoch 2/200 [TRAIN]:  75%|███████▌  | 3026/4032 [05:04<01:34, 10.60it/s, Loss=0.012392, Pos=0.012268, Vel=0.00006181]Epoch 2/200 [TRAIN]:  75%|███████▌  | 3026/4032 [05:05<01:34, 10.60it/s, Loss=0.012388, Pos=0.012264, Vel=0.00006180]Epoch 2/200 [TRAIN]:  75%|███████▌  | 3026/4032 [05:05<01:34, 10.60it/s, Loss=0.012385, Pos=0.012261, Vel=0.00006179]Epoch 2/200 [TRAIN]:  75%|███████▌  | 3028/4032 [05:05<01:35, 10.48it/s, Loss=0.012385, Pos=0.012261, Vel=0.00006179]Epoch 2/200 [TRAIN]:  75%|███████▌  | 3028/4032 [05:05<01:35, 10.48it/s, Loss=0.012383, Pos=0.012260, Vel=0.00006178]Epoch 2/200 [TRAIN]:  75%|███████▌  | 3028/4032 [05:05<01:35, 10.48it/s, Loss=0.012381, Pos=0.012258, Vel=0.00006177]Epoch 2/200 [TRAIN]:  75%|███████▌  | 3030/4032 [05:05<01:35, 10.49it/s, Loss=0.012381, Pos=0.012258, Vel=0.00006177]Epoch 2/200 [TRAIN]:  75%|███████▌  | 3030/4032 [05:05<01:35, 10.49it/s, Loss=0.012380, Pos=0.012256, Vel=0.00006177]Epoch 2/200 [TRAIN]:  75%|███████▌  | 3030/4032 [05:05<01:35, 10.49it/s, Loss=0.012380, Pos=0.012257, Vel=0.00006177]Epoch 2/200 [TRAIN]:  75%|███████▌  | 3032/4032 [05:05<01:35, 10.44it/s, Loss=0.012380, Pos=0.012257, Vel=0.00006177]Epoch 2/200 [TRAIN]:  75%|███████▌  | 3032/4032 [05:05<01:35, 10.44it/s, Loss=0.012378, Pos=0.012254, Vel=0.00006176]Epoch 2/200 [TRAIN]:  75%|███████▌  | 3032/4032 [05:05<01:35, 10.44it/s, Loss=0.012375, Pos=0.012251, Vel=0.00006175]Epoch 2/200 [TRAIN]:  75%|███████▌  | 3034/4032 [05:05<01:25, 11.74it/s, Loss=0.012375, Pos=0.012251, Vel=0.00006175]Epoch 2/200 [TRAIN]:  75%|███████▌  | 3034/4032 [05:05<01:25, 11.74it/s, Loss=0.012377, Pos=0.012253, Vel=0.00006178]Epoch 2/200 [TRAIN]:  75%|███████▌  | 3034/4032 [05:05<01:25, 11.74it/s, Loss=0.012377, Pos=0.012254, Vel=0.00006178]Epoch 2/200 [TRAIN]:  75%|███████▌  | 3036/4032 [05:05<01:28, 11.23it/s, Loss=0.012377, Pos=0.012254, Vel=0.00006178]Epoch 2/200 [TRAIN]:  75%|███████▌  | 3036/4032 [05:05<01:28, 11.23it/s, Loss=0.012375, Pos=0.012251, Vel=0.00006177]Epoch 2/200 [TRAIN]:  75%|███████▌  | 3036/4032 [05:06<01:28, 11.23it/s, Loss=0.012371, Pos=0.012248, Vel=0.00006176]Epoch 2/200 [TRAIN]:  75%|███████▌  | 3038/4032 [05:06<01:27, 11.32it/s, Loss=0.012371, Pos=0.012248, Vel=0.00006176]Epoch 2/200 [TRAIN]:  75%|███████▌  | 3038/4032 [05:06<01:27, 11.32it/s, Loss=0.012369, Pos=0.012245, Vel=0.00006175]Epoch 2/200 [TRAIN]:  75%|███████▌  | 3038/4032 [05:06<01:27, 11.32it/s, Loss=0.012377, Pos=0.012253, Vel=0.00006178]Epoch 2/200 [TRAIN]:  75%|███████▌  | 3040/4032 [05:06<01:18, 12.62it/s, Loss=0.012377, Pos=0.012253, Vel=0.00006178]Epoch 2/200 [TRAIN]:  75%|███████▌  | 3040/4032 [05:06<01:18, 12.62it/s, Loss=0.012375, Pos=0.012251, Vel=0.00006177]Epoch 2/200 [TRAIN]:  75%|███████▌  | 3040/4032 [05:06<01:18, 12.62it/s, Loss=0.012386, Pos=0.012262, Vel=0.00006180]Epoch 2/200 [TRAIN]:  75%|███████▌  | 3042/4032 [05:06<01:23, 11.88it/s, Loss=0.012386, Pos=0.012262, Vel=0.00006180]Epoch 2/200 [TRAIN]:  75%|███████▌  | 3042/4032 [05:06<01:23, 11.88it/s, Loss=0.012384, Pos=0.012260, Vel=0.00006179]Epoch 2/200 [TRAIN]:  75%|███████▌  | 3042/4032 [05:06<01:23, 11.88it/s, Loss=0.012395, Pos=0.012271, Vel=0.00006179]Epoch 2/200 [TRAIN]:  75%|███████▌  | 3044/4032 [05:06<01:27, 11.35it/s, Loss=0.012395, Pos=0.012271, Vel=0.00006179]Epoch 2/200 [TRAIN]:  75%|███████▌  | 3044/4032 [05:06<01:27, 11.35it/s, Loss=0.012398, Pos=0.012274, Vel=0.00006180]Epoch 2/200 [TRAIN]:  75%|███████▌  | 3044/4032 [05:06<01:27, 11.35it/s, Loss=0.012397, Pos=0.012274, Vel=0.00006180]Epoch 2/200 [TRAIN]:  76%|███████▌  | 3046/4032 [05:06<01:31, 10.77it/s, Loss=0.012397, Pos=0.012274, Vel=0.00006180]Epoch 2/200 [TRAIN]:  76%|███████▌  | 3046/4032 [05:06<01:31, 10.77it/s, Loss=0.012396, Pos=0.012273, Vel=0.00006179]Epoch 2/200 [TRAIN]:  76%|███████▌  | 3046/4032 [05:06<01:31, 10.77it/s, Loss=0.012395, Pos=0.012272, Vel=0.00006178]Epoch 2/200 [TRAIN]:  76%|███████▌  | 3048/4032 [05:06<01:33, 10.54it/s, Loss=0.012395, Pos=0.012272, Vel=0.00006178]Epoch 2/200 [TRAIN]:  76%|███████▌  | 3048/4032 [05:07<01:33, 10.54it/s, Loss=0.012395, Pos=0.012271, Vel=0.00006177]Epoch 2/200 [TRAIN]:  76%|███████▌  | 3048/4032 [05:07<01:33, 10.54it/s, Loss=0.012395, Pos=0.012271, Vel=0.00006181]Epoch 2/200 [TRAIN]:  76%|███████▌  | 3050/4032 [05:07<01:34, 10.36it/s, Loss=0.012395, Pos=0.012271, Vel=0.00006181]Epoch 2/200 [TRAIN]:  76%|███████▌  | 3050/4032 [05:07<01:34, 10.36it/s, Loss=0.012397, Pos=0.012273, Vel=0.00006180]Epoch 2/200 [TRAIN]:  76%|███████▌  | 3050/4032 [05:07<01:34, 10.36it/s, Loss=0.012399, Pos=0.012275, Vel=0.00006182]Epoch 2/200 [TRAIN]:  76%|███████▌  | 3052/4032 [05:07<01:25, 11.41it/s, Loss=0.012399, Pos=0.012275, Vel=0.00006182]Epoch 2/200 [TRAIN]:  76%|███████▌  | 3052/4032 [05:07<01:25, 11.41it/s, Loss=0.012397, Pos=0.012274, Vel=0.00006182]Epoch 2/200 [TRAIN]:  76%|███████▌  | 3052/4032 [05:07<01:25, 11.41it/s, Loss=0.012395, Pos=0.012271, Vel=0.00006181]Epoch 2/200 [TRAIN]:  76%|███████▌  | 3054/4032 [05:07<01:29, 10.97it/s, Loss=0.012395, Pos=0.012271, Vel=0.00006181]Epoch 2/200 [TRAIN]:  76%|███████▌  | 3054/4032 [05:07<01:29, 10.97it/s, Loss=0.012396, Pos=0.012272, Vel=0.00006180]Epoch 2/200 [TRAIN]:  76%|███████▌  | 3054/4032 [05:07<01:29, 10.97it/s, Loss=0.012399, Pos=0.012276, Vel=0.00006181]Epoch 2/200 [TRAIN]:  76%|███████▌  | 3056/4032 [05:07<01:31, 10.65it/s, Loss=0.012399, Pos=0.012276, Vel=0.00006181]Epoch 2/200 [TRAIN]:  76%|███████▌  | 3056/4032 [05:07<01:31, 10.65it/s, Loss=0.012402, Pos=0.012279, Vel=0.00006180]Epoch 2/200 [TRAIN]:  76%|███████▌  | 3056/4032 [05:07<01:31, 10.65it/s, Loss=0.012402, Pos=0.012279, Vel=0.00006182]Epoch 2/200 [TRAIN]:  76%|███████▌  | 3058/4032 [05:07<01:32, 10.49it/s, Loss=0.012402, Pos=0.012279, Vel=0.00006182]Epoch 2/200 [TRAIN]:  76%|███████▌  | 3058/4032 [05:07<01:32, 10.49it/s, Loss=0.012400, Pos=0.012276, Vel=0.00006181]Epoch 2/200 [TRAIN]:  76%|███████▌  | 3058/4032 [05:08<01:32, 10.49it/s, Loss=0.012398, Pos=0.012274, Vel=0.00006181]Epoch 2/200 [TRAIN]:  76%|███████▌  | 3060/4032 [05:08<01:32, 10.45it/s, Loss=0.012398, Pos=0.012274, Vel=0.00006181]Epoch 2/200 [TRAIN]:  76%|███████▌  | 3060/4032 [05:08<01:32, 10.45it/s, Loss=0.012396, Pos=0.012272, Vel=0.00006183]Epoch 2/200 [TRAIN]:  76%|███████▌  | 3060/4032 [05:08<01:32, 10.45it/s, Loss=0.012394, Pos=0.012271, Vel=0.00006181]Epoch 2/200 [TRAIN]:  76%|███████▌  | 3062/4032 [05:08<01:33, 10.42it/s, Loss=0.012394, Pos=0.012271, Vel=0.00006181]Epoch 2/200 [TRAIN]:  76%|███████▌  | 3062/4032 [05:08<01:33, 10.42it/s, Loss=0.012393, Pos=0.012270, Vel=0.00006180]Epoch 2/200 [TRAIN]:  76%|███████▌  | 3062/4032 [05:08<01:33, 10.42it/s, Loss=0.012391, Pos=0.012267, Vel=0.00006179]Epoch 2/200 [TRAIN]:  76%|███████▌  | 3064/4032 [05:08<01:35, 10.14it/s, Loss=0.012391, Pos=0.012267, Vel=0.00006179]Epoch 2/200 [TRAIN]:  76%|███████▌  | 3064/4032 [05:08<01:35, 10.14it/s, Loss=0.012390, Pos=0.012267, Vel=0.00006180]Epoch 2/200 [TRAIN]:  76%|███████▌  | 3064/4032 [05:08<01:35, 10.14it/s, Loss=0.012390, Pos=0.012266, Vel=0.00006181]Epoch 2/200 [TRAIN]:  76%|███████▌  | 3066/4032 [05:08<01:39,  9.67it/s, Loss=0.012390, Pos=0.012266, Vel=0.00006181]Epoch 2/200 [TRAIN]:  76%|███████▌  | 3066/4032 [05:08<01:39,  9.67it/s, Loss=0.012387, Pos=0.012263, Vel=0.00006184]Epoch 2/200 [TRAIN]:  76%|███████▌  | 3067/4032 [05:08<01:39,  9.70it/s, Loss=0.012387, Pos=0.012263, Vel=0.00006184]Epoch 2/200 [TRAIN]:  76%|███████▌  | 3067/4032 [05:08<01:39,  9.70it/s, Loss=0.012389, Pos=0.012265, Vel=0.00006186]Epoch 2/200 [TRAIN]:  76%|███████▌  | 3068/4032 [05:08<01:42,  9.44it/s, Loss=0.012389, Pos=0.012265, Vel=0.00006186]Epoch 2/200 [TRAIN]:  76%|███████▌  | 3068/4032 [05:09<01:42,  9.44it/s, Loss=0.012386, Pos=0.012262, Vel=0.00006186]Epoch 2/200 [TRAIN]:  76%|███████▌  | 3068/4032 [05:09<01:42,  9.44it/s, Loss=0.012383, Pos=0.012259, Vel=0.00006186]Epoch 2/200 [TRAIN]:  76%|███████▌  | 3070/4032 [05:09<01:39,  9.63it/s, Loss=0.012383, Pos=0.012259, Vel=0.00006186]Epoch 2/200 [TRAIN]:  76%|███████▌  | 3070/4032 [05:09<01:39,  9.63it/s, Loss=0.012388, Pos=0.012264, Vel=0.00006186]Epoch 2/200 [TRAIN]:  76%|███████▌  | 3071/4032 [05:09<01:41,  9.46it/s, Loss=0.012388, Pos=0.012264, Vel=0.00006186]Epoch 2/200 [TRAIN]:  76%|███████▌  | 3071/4032 [05:09<01:41,  9.46it/s, Loss=0.012385, Pos=0.012261, Vel=0.00006189]Epoch 2/200 [TRAIN]:  76%|███████▌  | 3071/4032 [05:09<01:41,  9.46it/s, Loss=0.012382, Pos=0.012258, Vel=0.00006189]Epoch 2/200 [TRAIN]:  76%|███████▌  | 3073/4032 [05:09<01:29, 10.72it/s, Loss=0.012382, Pos=0.012258, Vel=0.00006189]Epoch 2/200 [TRAIN]:  76%|███████▌  | 3073/4032 [05:09<01:29, 10.72it/s, Loss=0.012380, Pos=0.012256, Vel=0.00006187]Epoch 2/200 [TRAIN]:  76%|███████▌  | 3073/4032 [05:09<01:29, 10.72it/s, Loss=0.012384, Pos=0.012260, Vel=0.00006189]Epoch 2/200 [TRAIN]:  76%|███████▋  | 3075/4032 [05:09<01:36,  9.90it/s, Loss=0.012384, Pos=0.012260, Vel=0.00006189]Epoch 2/200 [TRAIN]:  76%|███████▋  | 3075/4032 [05:09<01:36,  9.90it/s, Loss=0.012381, Pos=0.012257, Vel=0.00006187]Epoch 2/200 [TRAIN]:  76%|███████▋  | 3075/4032 [05:09<01:36,  9.90it/s, Loss=0.012381, Pos=0.012258, Vel=0.00006186]Epoch 2/200 [TRAIN]:  76%|███████▋  | 3077/4032 [05:09<01:39,  9.57it/s, Loss=0.012381, Pos=0.012258, Vel=0.00006186]Epoch 2/200 [TRAIN]:  76%|███████▋  | 3077/4032 [05:09<01:39,  9.57it/s, Loss=0.012382, Pos=0.012258, Vel=0.00006185]Epoch 2/200 [TRAIN]:  76%|███████▋  | 3078/4032 [05:09<01:39,  9.58it/s, Loss=0.012382, Pos=0.012258, Vel=0.00006185]Epoch 2/200 [TRAIN]:  76%|███████▋  | 3078/4032 [05:10<01:39,  9.58it/s, Loss=0.012380, Pos=0.012257, Vel=0.00006186]Epoch 2/200 [TRAIN]:  76%|███████▋  | 3079/4032 [05:10<01:44,  9.16it/s, Loss=0.012380, Pos=0.012257, Vel=0.00006186]Epoch 2/200 [TRAIN]:  76%|███████▋  | 3079/4032 [05:10<01:44,  9.16it/s, Loss=0.012377, Pos=0.012254, Vel=0.00006187]Epoch 2/200 [TRAIN]:  76%|███████▋  | 3079/4032 [05:10<01:44,  9.16it/s, Loss=0.012375, Pos=0.012251, Vel=0.00006186]Epoch 2/200 [TRAIN]:  76%|███████▋  | 3081/4032 [05:10<01:30, 10.54it/s, Loss=0.012375, Pos=0.012251, Vel=0.00006186]Epoch 2/200 [TRAIN]:  76%|███████▋  | 3081/4032 [05:10<01:30, 10.54it/s, Loss=0.012373, Pos=0.012249, Vel=0.00006185]Epoch 2/200 [TRAIN]:  76%|███████▋  | 3081/4032 [05:10<01:30, 10.54it/s, Loss=0.012371, Pos=0.012247, Vel=0.00006184]Epoch 2/200 [TRAIN]:  76%|███████▋  | 3083/4032 [05:10<01:24, 11.28it/s, Loss=0.012371, Pos=0.012247, Vel=0.00006184]Epoch 2/200 [TRAIN]:  76%|███████▋  | 3083/4032 [05:10<01:24, 11.28it/s, Loss=0.012369, Pos=0.012245, Vel=0.00006183]Epoch 2/200 [TRAIN]:  76%|███████▋  | 3083/4032 [05:10<01:24, 11.28it/s, Loss=0.012379, Pos=0.012255, Vel=0.00006191]Epoch 2/200 [TRAIN]:  77%|███████▋  | 3085/4032 [05:10<01:32, 10.23it/s, Loss=0.012379, Pos=0.012255, Vel=0.00006191]Epoch 2/200 [TRAIN]:  77%|███████▋  | 3085/4032 [05:10<01:32, 10.23it/s, Loss=0.012377, Pos=0.012253, Vel=0.00006191]Epoch 2/200 [TRAIN]:  77%|███████▋  | 3085/4032 [05:10<01:32, 10.23it/s, Loss=0.012375, Pos=0.012252, Vel=0.00006192]Epoch 2/200 [TRAIN]:  77%|███████▋  | 3087/4032 [05:10<01:36,  9.83it/s, Loss=0.012375, Pos=0.012252, Vel=0.00006192]Epoch 2/200 [TRAIN]:  77%|███████▋  | 3087/4032 [05:10<01:36,  9.83it/s, Loss=0.012373, Pos=0.012250, Vel=0.00006190]Epoch 2/200 [TRAIN]:  77%|███████▋  | 3087/4032 [05:11<01:36,  9.83it/s, Loss=0.012371, Pos=0.012247, Vel=0.00006189]Epoch 2/200 [TRAIN]:  77%|███████▋  | 3089/4032 [05:11<01:39,  9.48it/s, Loss=0.012371, Pos=0.012247, Vel=0.00006189]Epoch 2/200 [TRAIN]:  77%|███████▋  | 3089/4032 [05:11<01:39,  9.48it/s, Loss=0.012369, Pos=0.012246, Vel=0.00006188]Epoch 2/200 [TRAIN]:  77%|███████▋  | 3089/4032 [05:11<01:39,  9.48it/s, Loss=0.012368, Pos=0.012244, Vel=0.00006188]Epoch 2/200 [TRAIN]:  77%|███████▋  | 3091/4032 [05:11<01:40,  9.36it/s, Loss=0.012368, Pos=0.012244, Vel=0.00006188]Epoch 2/200 [TRAIN]:  77%|███████▋  | 3091/4032 [05:11<01:40,  9.36it/s, Loss=0.012365, Pos=0.012242, Vel=0.00006186]Epoch 2/200 [TRAIN]:  77%|███████▋  | 3091/4032 [05:11<01:40,  9.36it/s, Loss=0.012363, Pos=0.012239, Vel=0.00006185]Epoch 2/200 [TRAIN]:  77%|███████▋  | 3093/4032 [05:11<01:37,  9.66it/s, Loss=0.012363, Pos=0.012239, Vel=0.00006185]Epoch 2/200 [TRAIN]:  77%|███████▋  | 3093/4032 [05:11<01:37,  9.66it/s, Loss=0.012360, Pos=0.012236, Vel=0.00006184]Epoch 2/200 [TRAIN]:  77%|███████▋  | 3094/4032 [05:11<01:39,  9.39it/s, Loss=0.012360, Pos=0.012236, Vel=0.00006184]Epoch 2/200 [TRAIN]:  77%|███████▋  | 3094/4032 [05:11<01:39,  9.39it/s, Loss=0.012367, Pos=0.012243, Vel=0.00006183]Epoch 2/200 [TRAIN]:  77%|███████▋  | 3095/4032 [05:11<01:39,  9.45it/s, Loss=0.012367, Pos=0.012243, Vel=0.00006183]Epoch 2/200 [TRAIN]:  77%|███████▋  | 3095/4032 [05:11<01:39,  9.45it/s, Loss=0.012365, Pos=0.012242, Vel=0.00006181]Epoch 2/200 [TRAIN]:  77%|███████▋  | 3095/4032 [05:11<01:39,  9.45it/s, Loss=0.012364, Pos=0.012241, Vel=0.00006181]Epoch 2/200 [TRAIN]:  77%|███████▋  | 3097/4032 [05:11<01:28, 10.62it/s, Loss=0.012364, Pos=0.012241, Vel=0.00006181]Epoch 2/200 [TRAIN]:  77%|███████▋  | 3097/4032 [05:11<01:28, 10.62it/s, Loss=0.012362, Pos=0.012238, Vel=0.00006179]Epoch 2/200 [TRAIN]:  77%|███████▋  | 3097/4032 [05:12<01:28, 10.62it/s, Loss=0.012363, Pos=0.012240, Vel=0.00006180]Epoch 2/200 [TRAIN]:  77%|███████▋  | 3099/4032 [05:12<01:30, 10.28it/s, Loss=0.012363, Pos=0.012240, Vel=0.00006180]Epoch 2/200 [TRAIN]:  77%|███████▋  | 3099/4032 [05:12<01:30, 10.28it/s, Loss=0.012363, Pos=0.012239, Vel=0.00006179]Epoch 2/200 [TRAIN]:  77%|███████▋  | 3099/4032 [05:12<01:30, 10.28it/s, Loss=0.012363, Pos=0.012239, Vel=0.00006178]Epoch 2/200 [TRAIN]:  77%|███████▋  | 3101/4032 [05:12<01:23, 11.18it/s, Loss=0.012363, Pos=0.012239, Vel=0.00006178]Epoch 2/200 [TRAIN]:  77%|███████▋  | 3101/4032 [05:12<01:23, 11.18it/s, Loss=0.012366, Pos=0.012242, Vel=0.00006178]Epoch 2/200 [TRAIN]:  77%|███████▋  | 3101/4032 [05:12<01:23, 11.18it/s, Loss=0.012363, Pos=0.012239, Vel=0.00006176]Epoch 2/200 [TRAIN]:  77%|███████▋  | 3103/4032 [05:12<01:29, 10.34it/s, Loss=0.012363, Pos=0.012239, Vel=0.00006176]Epoch 2/200 [TRAIN]:  77%|███████▋  | 3103/4032 [05:12<01:29, 10.34it/s, Loss=0.012360, Pos=0.012236, Vel=0.00006175]Epoch 2/200 [TRAIN]:  77%|███████▋  | 3103/4032 [05:12<01:29, 10.34it/s, Loss=0.012358, Pos=0.012234, Vel=0.00006173]Epoch 2/200 [TRAIN]:  77%|███████▋  | 3105/4032 [05:12<01:22, 11.27it/s, Loss=0.012358, Pos=0.012234, Vel=0.00006173]Epoch 2/200 [TRAIN]:  77%|███████▋  | 3105/4032 [05:12<01:22, 11.27it/s, Loss=0.012357, Pos=0.012234, Vel=0.00006172]Epoch 2/200 [TRAIN]:  77%|███████▋  | 3105/4032 [05:12<01:22, 11.27it/s, Loss=0.012354, Pos=0.012231, Vel=0.00006173]Epoch 2/200 [TRAIN]:  77%|███████▋  | 3107/4032 [05:12<01:29, 10.32it/s, Loss=0.012354, Pos=0.012231, Vel=0.00006173]Epoch 2/200 [TRAIN]:  77%|███████▋  | 3107/4032 [05:12<01:29, 10.32it/s, Loss=0.012352, Pos=0.012229, Vel=0.00006173]Epoch 2/200 [TRAIN]:  77%|███████▋  | 3107/4032 [05:13<01:29, 10.32it/s, Loss=0.012356, Pos=0.012233, Vel=0.00006176]Epoch 2/200 [TRAIN]:  77%|███████▋  | 3109/4032 [05:13<01:34,  9.81it/s, Loss=0.012356, Pos=0.012233, Vel=0.00006176]Epoch 2/200 [TRAIN]:  77%|███████▋  | 3109/4032 [05:13<01:34,  9.81it/s, Loss=0.012356, Pos=0.012233, Vel=0.00006175]Epoch 2/200 [TRAIN]:  77%|███████▋  | 3109/4032 [05:13<01:34,  9.81it/s, Loss=0.012357, Pos=0.012234, Vel=0.00006178]Epoch 2/200 [TRAIN]:  77%|███████▋  | 3111/4032 [05:13<01:33,  9.82it/s, Loss=0.012357, Pos=0.012234, Vel=0.00006178]Epoch 2/200 [TRAIN]:  77%|███████▋  | 3111/4032 [05:13<01:33,  9.82it/s, Loss=0.012354, Pos=0.012230, Vel=0.00006176]Epoch 2/200 [TRAIN]:  77%|███████▋  | 3111/4032 [05:13<01:33,  9.82it/s, Loss=0.012353, Pos=0.012230, Vel=0.00006177]Epoch 2/200 [TRAIN]:  77%|███████▋  | 3113/4032 [05:13<01:35,  9.66it/s, Loss=0.012353, Pos=0.012230, Vel=0.00006177]Epoch 2/200 [TRAIN]:  77%|███████▋  | 3113/4032 [05:13<01:35,  9.66it/s, Loss=0.012352, Pos=0.012228, Vel=0.00006177]Epoch 2/200 [TRAIN]:  77%|███████▋  | 3113/4032 [05:13<01:35,  9.66it/s, Loss=0.012350, Pos=0.012226, Vel=0.00006176]Epoch 2/200 [TRAIN]:  77%|███████▋  | 3115/4032 [05:13<01:33,  9.78it/s, Loss=0.012350, Pos=0.012226, Vel=0.00006176]Epoch 2/200 [TRAIN]:  77%|███████▋  | 3115/4032 [05:13<01:33,  9.78it/s, Loss=0.012347, Pos=0.012223, Vel=0.00006175]Epoch 2/200 [TRAIN]:  77%|███████▋  | 3116/4032 [05:13<01:36,  9.48it/s, Loss=0.012347, Pos=0.012223, Vel=0.00006175]Epoch 2/200 [TRAIN]:  77%|███████▋  | 3116/4032 [05:13<01:36,  9.48it/s, Loss=0.012347, Pos=0.012223, Vel=0.00006176]Epoch 2/200 [TRAIN]:  77%|███████▋  | 3117/4032 [05:13<01:35,  9.54it/s, Loss=0.012347, Pos=0.012223, Vel=0.00006176]Epoch 2/200 [TRAIN]:  77%|███████▋  | 3117/4032 [05:13<01:35,  9.54it/s, Loss=0.012343, Pos=0.012220, Vel=0.00006175]Epoch 2/200 [TRAIN]:  77%|███████▋  | 3117/4032 [05:14<01:35,  9.54it/s, Loss=0.012340, Pos=0.012217, Vel=0.00006175]Epoch 2/200 [TRAIN]:  77%|███████▋  | 3119/4032 [05:14<01:37,  9.41it/s, Loss=0.012340, Pos=0.012217, Vel=0.00006175]Epoch 2/200 [TRAIN]:  77%|███████▋  | 3119/4032 [05:14<01:37,  9.41it/s, Loss=0.012337, Pos=0.012214, Vel=0.00006174]Epoch 2/200 [TRAIN]:  77%|███████▋  | 3119/4032 [05:14<01:37,  9.41it/s, Loss=0.012334, Pos=0.012211, Vel=0.00006175]Epoch 2/200 [TRAIN]:  77%|███████▋  | 3121/4032 [05:14<01:22, 10.99it/s, Loss=0.012334, Pos=0.012211, Vel=0.00006175]Epoch 2/200 [TRAIN]:  77%|███████▋  | 3121/4032 [05:14<01:22, 10.99it/s, Loss=0.012332, Pos=0.012208, Vel=0.00006175]Epoch 2/200 [TRAIN]:  77%|███████▋  | 3121/4032 [05:14<01:22, 10.99it/s, Loss=0.012330, Pos=0.012207, Vel=0.00006177]Epoch 2/200 [TRAIN]:  77%|███████▋  | 3123/4032 [05:14<01:25, 10.69it/s, Loss=0.012330, Pos=0.012207, Vel=0.00006177]Epoch 2/200 [TRAIN]:  77%|███████▋  | 3123/4032 [05:14<01:25, 10.69it/s, Loss=0.012328, Pos=0.012204, Vel=0.00006175]Epoch 2/200 [TRAIN]:  77%|███████▋  | 3123/4032 [05:14<01:25, 10.69it/s, Loss=0.012327, Pos=0.012203, Vel=0.00006175]Epoch 2/200 [TRAIN]:  78%|███████▊  | 3125/4032 [05:14<01:30, 10.07it/s, Loss=0.012327, Pos=0.012203, Vel=0.00006175]Epoch 2/200 [TRAIN]:  78%|███████▊  | 3125/4032 [05:14<01:30, 10.07it/s, Loss=0.012323, Pos=0.012200, Vel=0.00006174]Epoch 2/200 [TRAIN]:  78%|███████▊  | 3125/4032 [05:14<01:30, 10.07it/s, Loss=0.012320, Pos=0.012197, Vel=0.00006174]Epoch 2/200 [TRAIN]:  78%|███████▊  | 3127/4032 [05:14<01:34,  9.61it/s, Loss=0.012320, Pos=0.012197, Vel=0.00006174]Epoch 2/200 [TRAIN]:  78%|███████▊  | 3127/4032 [05:14<01:34,  9.61it/s, Loss=0.012318, Pos=0.012194, Vel=0.00006173]Epoch 2/200 [TRAIN]:  78%|███████▊  | 3127/4032 [05:15<01:34,  9.61it/s, Loss=0.012315, Pos=0.012192, Vel=0.00006175]Epoch 2/200 [TRAIN]:  78%|███████▊  | 3129/4032 [05:15<01:30,  9.97it/s, Loss=0.012315, Pos=0.012192, Vel=0.00006175]Epoch 2/200 [TRAIN]:  78%|███████▊  | 3129/4032 [05:15<01:30,  9.97it/s, Loss=0.012314, Pos=0.012190, Vel=0.00006175]Epoch 2/200 [TRAIN]:  78%|███████▊  | 3129/4032 [05:15<01:30,  9.97it/s, Loss=0.012313, Pos=0.012190, Vel=0.00006175]Epoch 2/200 [TRAIN]:  78%|███████▊  | 3131/4032 [05:15<01:29, 10.07it/s, Loss=0.012313, Pos=0.012190, Vel=0.00006175]Epoch 2/200 [TRAIN]:  78%|███████▊  | 3131/4032 [05:15<01:29, 10.07it/s, Loss=0.012311, Pos=0.012188, Vel=0.00006174]Epoch 2/200 [TRAIN]:  78%|███████▊  | 3131/4032 [05:15<01:29, 10.07it/s, Loss=0.012309, Pos=0.012185, Vel=0.00006173]Epoch 2/200 [TRAIN]:  78%|███████▊  | 3133/4032 [05:15<01:33,  9.64it/s, Loss=0.012309, Pos=0.012185, Vel=0.00006173]Epoch 2/200 [TRAIN]:  78%|███████▊  | 3133/4032 [05:15<01:33,  9.64it/s, Loss=0.012312, Pos=0.012188, Vel=0.00006177]Epoch 2/200 [TRAIN]:  78%|███████▊  | 3133/4032 [05:15<01:33,  9.64it/s, Loss=0.012309, Pos=0.012185, Vel=0.00006176]Epoch 2/200 [TRAIN]:  78%|███████▊  | 3135/4032 [05:15<01:24, 10.66it/s, Loss=0.012309, Pos=0.012185, Vel=0.00006176]Epoch 2/200 [TRAIN]:  78%|███████▊  | 3135/4032 [05:15<01:24, 10.66it/s, Loss=0.012306, Pos=0.012183, Vel=0.00006177]Epoch 2/200 [TRAIN]:  78%|███████▊  | 3135/4032 [05:15<01:24, 10.66it/s, Loss=0.012308, Pos=0.012185, Vel=0.00006177]Epoch 2/200 [TRAIN]:  78%|███████▊  | 3137/4032 [05:15<01:29, 10.00it/s, Loss=0.012308, Pos=0.012185, Vel=0.00006177]Epoch 2/200 [TRAIN]:  78%|███████▊  | 3137/4032 [05:15<01:29, 10.00it/s, Loss=0.012306, Pos=0.012183, Vel=0.00006176]Epoch 2/200 [TRAIN]:  78%|███████▊  | 3137/4032 [05:16<01:29, 10.00it/s, Loss=0.012307, Pos=0.012183, Vel=0.00006180]Epoch 2/200 [TRAIN]:  78%|███████▊  | 3139/4032 [05:16<01:30,  9.88it/s, Loss=0.012307, Pos=0.012183, Vel=0.00006180]Epoch 2/200 [TRAIN]:  78%|███████▊  | 3139/4032 [05:16<01:30,  9.88it/s, Loss=0.012313, Pos=0.012189, Vel=0.00006179]Epoch 2/200 [TRAIN]:  78%|███████▊  | 3139/4032 [05:16<01:30,  9.88it/s, Loss=0.012310, Pos=0.012186, Vel=0.00006179]Epoch 2/200 [TRAIN]:  78%|███████▊  | 3141/4032 [05:16<01:33,  9.55it/s, Loss=0.012310, Pos=0.012186, Vel=0.00006179]Epoch 2/200 [TRAIN]:  78%|███████▊  | 3141/4032 [05:16<01:33,  9.55it/s, Loss=0.012313, Pos=0.012189, Vel=0.00006178]Epoch 2/200 [TRAIN]:  78%|███████▊  | 3141/4032 [05:16<01:33,  9.55it/s, Loss=0.012310, Pos=0.012186, Vel=0.00006177]Epoch 2/200 [TRAIN]:  78%|███████▊  | 3143/4032 [05:16<01:32,  9.66it/s, Loss=0.012310, Pos=0.012186, Vel=0.00006177]Epoch 2/200 [TRAIN]:  78%|███████▊  | 3143/4032 [05:16<01:32,  9.66it/s, Loss=0.012308, Pos=0.012184, Vel=0.00006177]Epoch 2/200 [TRAIN]:  78%|███████▊  | 3143/4032 [05:16<01:32,  9.66it/s, Loss=0.012306, Pos=0.012182, Vel=0.00006175]Epoch 2/200 [TRAIN]:  78%|███████▊  | 3145/4032 [05:16<01:28, 10.01it/s, Loss=0.012306, Pos=0.012182, Vel=0.00006175]Epoch 2/200 [TRAIN]:  78%|███████▊  | 3145/4032 [05:16<01:28, 10.01it/s, Loss=0.012307, Pos=0.012184, Vel=0.00006173]Epoch 2/200 [TRAIN]:  78%|███████▊  | 3145/4032 [05:16<01:28, 10.01it/s, Loss=0.012308, Pos=0.012185, Vel=0.00006174]Epoch 2/200 [TRAIN]:  78%|███████▊  | 3147/4032 [05:16<01:27, 10.14it/s, Loss=0.012308, Pos=0.012185, Vel=0.00006174]Epoch 2/200 [TRAIN]:  78%|███████▊  | 3147/4032 [05:16<01:27, 10.14it/s, Loss=0.012308, Pos=0.012184, Vel=0.00006178]Epoch 2/200 [TRAIN]:  78%|███████▊  | 3147/4032 [05:16<01:27, 10.14it/s, Loss=0.012305, Pos=0.012182, Vel=0.00006178]Epoch 2/200 [TRAIN]:  78%|███████▊  | 3149/4032 [05:16<01:21, 10.89it/s, Loss=0.012305, Pos=0.012182, Vel=0.00006178]Epoch 2/200 [TRAIN]:  78%|███████▊  | 3149/4032 [05:17<01:21, 10.89it/s, Loss=0.012306, Pos=0.012182, Vel=0.00006177]Epoch 2/200 [TRAIN]:  78%|███████▊  | 3149/4032 [05:17<01:21, 10.89it/s, Loss=0.012303, Pos=0.012179, Vel=0.00006176]Epoch 2/200 [TRAIN]:  78%|███████▊  | 3151/4032 [05:17<01:24, 10.44it/s, Loss=0.012303, Pos=0.012179, Vel=0.00006176]Epoch 2/200 [TRAIN]:  78%|███████▊  | 3151/4032 [05:17<01:24, 10.44it/s, Loss=0.012300, Pos=0.012177, Vel=0.00006175]Epoch 2/200 [TRAIN]:  78%|███████▊  | 3151/4032 [05:17<01:24, 10.44it/s, Loss=0.012299, Pos=0.012175, Vel=0.00006175]Epoch 2/200 [TRAIN]:  78%|███████▊  | 3153/4032 [05:17<01:19, 11.08it/s, Loss=0.012299, Pos=0.012175, Vel=0.00006175]Epoch 2/200 [TRAIN]:  78%|███████▊  | 3153/4032 [05:17<01:19, 11.08it/s, Loss=0.012297, Pos=0.012174, Vel=0.00006175]Epoch 2/200 [TRAIN]:  78%|███████▊  | 3153/4032 [05:17<01:19, 11.08it/s, Loss=0.012296, Pos=0.012172, Vel=0.00006176]Epoch 2/200 [TRAIN]:  78%|███████▊  | 3155/4032 [05:17<01:15, 11.61it/s, Loss=0.012296, Pos=0.012172, Vel=0.00006176]Epoch 2/200 [TRAIN]:  78%|███████▊  | 3155/4032 [05:17<01:15, 11.61it/s, Loss=0.012296, Pos=0.012172, Vel=0.00006174]Epoch 2/200 [TRAIN]:  78%|███████▊  | 3155/4032 [05:17<01:15, 11.61it/s, Loss=0.012296, Pos=0.012172, Vel=0.00006173]Epoch 2/200 [TRAIN]:  78%|███████▊  | 3157/4032 [05:17<01:21, 10.69it/s, Loss=0.012296, Pos=0.012172, Vel=0.00006173]Epoch 2/200 [TRAIN]:  78%|███████▊  | 3157/4032 [05:17<01:21, 10.69it/s, Loss=0.012293, Pos=0.012170, Vel=0.00006172]Epoch 2/200 [TRAIN]:  78%|███████▊  | 3157/4032 [05:17<01:21, 10.69it/s, Loss=0.012291, Pos=0.012168, Vel=0.00006172]Epoch 2/200 [TRAIN]:  78%|███████▊  | 3159/4032 [05:17<01:18, 11.12it/s, Loss=0.012291, Pos=0.012168, Vel=0.00006172]Epoch 2/200 [TRAIN]:  78%|███████▊  | 3159/4032 [05:17<01:18, 11.12it/s, Loss=0.012292, Pos=0.012169, Vel=0.00006171]Epoch 2/200 [TRAIN]:  78%|███████▊  | 3159/4032 [05:18<01:18, 11.12it/s, Loss=0.012291, Pos=0.012167, Vel=0.00006173]Epoch 2/200 [TRAIN]:  78%|███████▊  | 3161/4032 [05:18<01:22, 10.57it/s, Loss=0.012291, Pos=0.012167, Vel=0.00006173]Epoch 2/200 [TRAIN]:  78%|███████▊  | 3161/4032 [05:18<01:22, 10.57it/s, Loss=0.012288, Pos=0.012165, Vel=0.00006172]Epoch 2/200 [TRAIN]:  78%|███████▊  | 3161/4032 [05:18<01:22, 10.57it/s, Loss=0.012286, Pos=0.012163, Vel=0.00006171]Epoch 2/200 [TRAIN]:  78%|███████▊  | 3163/4032 [05:18<01:23, 10.35it/s, Loss=0.012286, Pos=0.012163, Vel=0.00006171]Epoch 2/200 [TRAIN]:  78%|███████▊  | 3163/4032 [05:18<01:23, 10.35it/s, Loss=0.012310, Pos=0.012187, Vel=0.00006173]Epoch 2/200 [TRAIN]:  78%|███████▊  | 3163/4032 [05:18<01:23, 10.35it/s, Loss=0.012309, Pos=0.012186, Vel=0.00006174]Epoch 2/200 [TRAIN]:  78%|███████▊  | 3165/4032 [05:18<01:24, 10.20it/s, Loss=0.012309, Pos=0.012186, Vel=0.00006174]Epoch 2/200 [TRAIN]:  78%|███████▊  | 3165/4032 [05:18<01:24, 10.20it/s, Loss=0.012307, Pos=0.012183, Vel=0.00006173]Epoch 2/200 [TRAIN]:  78%|███████▊  | 3165/4032 [05:18<01:24, 10.20it/s, Loss=0.012304, Pos=0.012181, Vel=0.00006172]Epoch 2/200 [TRAIN]:  79%|███████▊  | 3167/4032 [05:18<01:28,  9.80it/s, Loss=0.012304, Pos=0.012181, Vel=0.00006172]Epoch 2/200 [TRAIN]:  79%|███████▊  | 3167/4032 [05:18<01:28,  9.80it/s, Loss=0.012305, Pos=0.012181, Vel=0.00006171]Epoch 2/200 [TRAIN]:  79%|███████▊  | 3168/4032 [05:18<01:28,  9.81it/s, Loss=0.012305, Pos=0.012181, Vel=0.00006171]Epoch 2/200 [TRAIN]:  79%|███████▊  | 3168/4032 [05:18<01:28,  9.81it/s, Loss=0.012304, Pos=0.012181, Vel=0.00006170]Epoch 2/200 [TRAIN]:  79%|███████▊  | 3169/4032 [05:18<01:31,  9.43it/s, Loss=0.012304, Pos=0.012181, Vel=0.00006170]Epoch 2/200 [TRAIN]:  79%|███████▊  | 3169/4032 [05:19<01:31,  9.43it/s, Loss=0.012313, Pos=0.012190, Vel=0.00006169]Epoch 2/200 [TRAIN]:  79%|███████▊  | 3169/4032 [05:19<01:31,  9.43it/s, Loss=0.012324, Pos=0.012201, Vel=0.00006169]Epoch 2/200 [TRAIN]:  79%|███████▊  | 3171/4032 [05:19<01:27,  9.81it/s, Loss=0.012324, Pos=0.012201, Vel=0.00006169]Epoch 2/200 [TRAIN]:  79%|███████▊  | 3171/4032 [05:19<01:27,  9.81it/s, Loss=0.012321, Pos=0.012198, Vel=0.00006167]Epoch 2/200 [TRAIN]:  79%|███████▊  | 3172/4032 [05:19<01:30,  9.46it/s, Loss=0.012321, Pos=0.012198, Vel=0.00006167]Epoch 2/200 [TRAIN]:  79%|███████▊  | 3172/4032 [05:19<01:30,  9.46it/s, Loss=0.012321, Pos=0.012198, Vel=0.00006168]Epoch 2/200 [TRAIN]:  79%|███████▊  | 3172/4032 [05:19<01:30,  9.46it/s, Loss=0.012319, Pos=0.012196, Vel=0.00006167]Epoch 2/200 [TRAIN]:  79%|███████▊  | 3174/4032 [05:19<01:31,  9.39it/s, Loss=0.012319, Pos=0.012196, Vel=0.00006167]Epoch 2/200 [TRAIN]:  79%|███████▊  | 3174/4032 [05:19<01:31,  9.39it/s, Loss=0.012319, Pos=0.012195, Vel=0.00006166]Epoch 2/200 [TRAIN]:  79%|███████▊  | 3175/4032 [05:19<01:32,  9.28it/s, Loss=0.012319, Pos=0.012195, Vel=0.00006166]Epoch 2/200 [TRAIN]:  79%|███████▊  | 3175/4032 [05:19<01:32,  9.28it/s, Loss=0.012321, Pos=0.012198, Vel=0.00006169]Epoch 2/200 [TRAIN]:  79%|███████▉  | 3176/4032 [05:19<01:33,  9.16it/s, Loss=0.012321, Pos=0.012198, Vel=0.00006169]Epoch 2/200 [TRAIN]:  79%|███████▉  | 3176/4032 [05:19<01:33,  9.16it/s, Loss=0.012323, Pos=0.012200, Vel=0.00006168]Epoch 2/200 [TRAIN]:  79%|███████▉  | 3177/4032 [05:19<01:34,  9.07it/s, Loss=0.012323, Pos=0.012200, Vel=0.00006168]Epoch 2/200 [TRAIN]:  79%|███████▉  | 3177/4032 [05:19<01:34,  9.07it/s, Loss=0.012321, Pos=0.012198, Vel=0.00006168]Epoch 2/200 [TRAIN]:  79%|███████▉  | 3178/4032 [05:19<01:34,  9.07it/s, Loss=0.012321, Pos=0.012198, Vel=0.00006168]Epoch 2/200 [TRAIN]:  79%|███████▉  | 3178/4032 [05:20<01:34,  9.07it/s, Loss=0.012329, Pos=0.012206, Vel=0.00006168]Epoch 2/200 [TRAIN]:  79%|███████▉  | 3179/4032 [05:20<01:34,  9.00it/s, Loss=0.012329, Pos=0.012206, Vel=0.00006168]Epoch 2/200 [TRAIN]:  79%|███████▉  | 3179/4032 [05:20<01:34,  9.00it/s, Loss=0.012329, Pos=0.012205, Vel=0.00006168]Epoch 2/200 [TRAIN]:  79%|███████▉  | 3180/4032 [05:20<01:36,  8.87it/s, Loss=0.012329, Pos=0.012205, Vel=0.00006168]Epoch 2/200 [TRAIN]:  79%|███████▉  | 3180/4032 [05:20<01:36,  8.87it/s, Loss=0.012327, Pos=0.012203, Vel=0.00006168]Epoch 2/200 [TRAIN]:  79%|███████▉  | 3180/4032 [05:20<01:36,  8.87it/s, Loss=0.012326, Pos=0.012203, Vel=0.00006167]Epoch 2/200 [TRAIN]:  79%|███████▉  | 3182/4032 [05:20<01:31,  9.31it/s, Loss=0.012326, Pos=0.012203, Vel=0.00006167]Epoch 2/200 [TRAIN]:  79%|███████▉  | 3182/4032 [05:20<01:31,  9.31it/s, Loss=0.012325, Pos=0.012202, Vel=0.00006166]Epoch 2/200 [TRAIN]:  79%|███████▉  | 3183/4032 [05:20<01:30,  9.39it/s, Loss=0.012325, Pos=0.012202, Vel=0.00006166]Epoch 2/200 [TRAIN]:  79%|███████▉  | 3183/4032 [05:20<01:30,  9.39it/s, Loss=0.012323, Pos=0.012200, Vel=0.00006165]Epoch 2/200 [TRAIN]:  79%|███████▉  | 3184/4032 [05:20<01:32,  9.18it/s, Loss=0.012323, Pos=0.012200, Vel=0.00006165]Epoch 2/200 [TRAIN]:  79%|███████▉  | 3184/4032 [05:20<01:32,  9.18it/s, Loss=0.012323, Pos=0.012200, Vel=0.00006164]Epoch 2/200 [TRAIN]:  79%|███████▉  | 3184/4032 [05:20<01:32,  9.18it/s, Loss=0.012322, Pos=0.012199, Vel=0.00006163]Epoch 2/200 [TRAIN]:  79%|███████▉  | 3186/4032 [05:20<01:20, 10.57it/s, Loss=0.012322, Pos=0.012199, Vel=0.00006163]Epoch 2/200 [TRAIN]:  79%|███████▉  | 3186/4032 [05:20<01:20, 10.57it/s, Loss=0.012323, Pos=0.012199, Vel=0.00006164]Epoch 2/200 [TRAIN]:  79%|███████▉  | 3186/4032 [05:20<01:20, 10.57it/s, Loss=0.012320, Pos=0.012197, Vel=0.00006164]Epoch 2/200 [TRAIN]:  79%|███████▉  | 3188/4032 [05:20<01:25,  9.84it/s, Loss=0.012320, Pos=0.012197, Vel=0.00006164]Epoch 2/200 [TRAIN]:  79%|███████▉  | 3188/4032 [05:21<01:25,  9.84it/s, Loss=0.012319, Pos=0.012195, Vel=0.00006166]Epoch 2/200 [TRAIN]:  79%|███████▉  | 3188/4032 [05:21<01:25,  9.84it/s, Loss=0.012319, Pos=0.012196, Vel=0.00006165]Epoch 2/200 [TRAIN]:  79%|███████▉  | 3190/4032 [05:21<01:27,  9.63it/s, Loss=0.012319, Pos=0.012196, Vel=0.00006165]Epoch 2/200 [TRAIN]:  79%|███████▉  | 3190/4032 [05:21<01:27,  9.63it/s, Loss=0.012335, Pos=0.012211, Vel=0.00006165]Epoch 2/200 [TRAIN]:  79%|███████▉  | 3191/4032 [05:21<01:28,  9.52it/s, Loss=0.012335, Pos=0.012211, Vel=0.00006165]Epoch 2/200 [TRAIN]:  79%|███████▉  | 3191/4032 [05:21<01:28,  9.52it/s, Loss=0.012333, Pos=0.012210, Vel=0.00006165]Epoch 2/200 [TRAIN]:  79%|███████▉  | 3192/4032 [05:21<01:29,  9.35it/s, Loss=0.012333, Pos=0.012210, Vel=0.00006165]Epoch 2/200 [TRAIN]:  79%|███████▉  | 3192/4032 [05:21<01:29,  9.35it/s, Loss=0.012332, Pos=0.012209, Vel=0.00006164]Epoch 2/200 [TRAIN]:  79%|███████▉  | 3193/4032 [05:21<01:31,  9.17it/s, Loss=0.012332, Pos=0.012209, Vel=0.00006164]Epoch 2/200 [TRAIN]:  79%|███████▉  | 3193/4032 [05:21<01:31,  9.17it/s, Loss=0.012335, Pos=0.012211, Vel=0.00006165]Epoch 2/200 [TRAIN]:  79%|███████▉  | 3194/4032 [05:21<01:32,  9.02it/s, Loss=0.012335, Pos=0.012211, Vel=0.00006165]Epoch 2/200 [TRAIN]:  79%|███████▉  | 3194/4032 [05:21<01:32,  9.02it/s, Loss=0.012334, Pos=0.012210, Vel=0.00006163]Epoch 2/200 [TRAIN]:  79%|███████▉  | 3195/4032 [05:21<01:32,  9.08it/s, Loss=0.012334, Pos=0.012210, Vel=0.00006163]Epoch 2/200 [TRAIN]:  79%|███████▉  | 3195/4032 [05:21<01:32,  9.08it/s, Loss=0.012331, Pos=0.012208, Vel=0.00006164]Epoch 2/200 [TRAIN]:  79%|███████▉  | 3195/4032 [05:21<01:32,  9.08it/s, Loss=0.012340, Pos=0.012216, Vel=0.00006163]Epoch 2/200 [TRAIN]:  79%|███████▉  | 3197/4032 [05:21<01:17, 10.76it/s, Loss=0.012340, Pos=0.012216, Vel=0.00006163]Epoch 2/200 [TRAIN]:  79%|███████▉  | 3197/4032 [05:21<01:17, 10.76it/s, Loss=0.012339, Pos=0.012215, Vel=0.00006164]Epoch 2/200 [TRAIN]:  79%|███████▉  | 3197/4032 [05:22<01:17, 10.76it/s, Loss=0.012336, Pos=0.012213, Vel=0.00006162]Epoch 2/200 [TRAIN]:  79%|███████▉  | 3199/4032 [05:22<01:22, 10.06it/s, Loss=0.012336, Pos=0.012213, Vel=0.00006162]Epoch 2/200 [TRAIN]:  79%|███████▉  | 3199/4032 [05:22<01:22, 10.06it/s, Loss=0.012338, Pos=0.012215, Vel=0.00006163]Epoch 2/200 [TRAIN]:  79%|███████▉  | 3199/4032 [05:22<01:22, 10.06it/s, Loss=0.012335, Pos=0.012212, Vel=0.00006163]Epoch 2/200 [TRAIN]:  79%|███████▉  | 3201/4032 [05:22<01:27,  9.50it/s, Loss=0.012335, Pos=0.012212, Vel=0.00006163]Epoch 2/200 [TRAIN]:  79%|███████▉  | 3201/4032 [05:22<01:27,  9.50it/s, Loss=0.012334, Pos=0.012210, Vel=0.00006163]Epoch 2/200 [TRAIN]:  79%|███████▉  | 3202/4032 [05:22<01:28,  9.37it/s, Loss=0.012334, Pos=0.012210, Vel=0.00006163]Epoch 2/200 [TRAIN]:  79%|███████▉  | 3202/4032 [05:22<01:28,  9.37it/s, Loss=0.012336, Pos=0.012213, Vel=0.00006167]Epoch 2/200 [TRAIN]:  79%|███████▉  | 3203/4032 [05:22<01:30,  9.21it/s, Loss=0.012336, Pos=0.012213, Vel=0.00006167]Epoch 2/200 [TRAIN]:  79%|███████▉  | 3203/4032 [05:22<01:30,  9.21it/s, Loss=0.012335, Pos=0.012212, Vel=0.00006178]Epoch 2/200 [TRAIN]:  79%|███████▉  | 3203/4032 [05:22<01:30,  9.21it/s, Loss=0.012333, Pos=0.012209, Vel=0.00006177]Epoch 2/200 [TRAIN]:  79%|███████▉  | 3205/4032 [05:22<01:23,  9.92it/s, Loss=0.012333, Pos=0.012209, Vel=0.00006177]Epoch 2/200 [TRAIN]:  79%|███████▉  | 3205/4032 [05:22<01:23,  9.92it/s, Loss=0.012331, Pos=0.012207, Vel=0.00006177]Epoch 2/200 [TRAIN]:  80%|███████▉  | 3206/4032 [05:22<01:23,  9.84it/s, Loss=0.012331, Pos=0.012207, Vel=0.00006177]Epoch 2/200 [TRAIN]:  80%|███████▉  | 3206/4032 [05:22<01:23,  9.84it/s, Loss=0.012335, Pos=0.012212, Vel=0.00006176]Epoch 2/200 [TRAIN]:  80%|███████▉  | 3207/4032 [05:22<01:28,  9.33it/s, Loss=0.012335, Pos=0.012212, Vel=0.00006176]Epoch 2/200 [TRAIN]:  80%|███████▉  | 3207/4032 [05:23<01:28,  9.33it/s, Loss=0.012336, Pos=0.012213, Vel=0.00006175]Epoch 2/200 [TRAIN]:  80%|███████▉  | 3208/4032 [05:23<01:27,  9.37it/s, Loss=0.012336, Pos=0.012213, Vel=0.00006175]Epoch 2/200 [TRAIN]:  80%|███████▉  | 3208/4032 [05:23<01:27,  9.37it/s, Loss=0.012336, Pos=0.012213, Vel=0.00006175]Epoch 2/200 [TRAIN]:  80%|███████▉  | 3209/4032 [05:23<01:27,  9.43it/s, Loss=0.012336, Pos=0.012213, Vel=0.00006175]Epoch 2/200 [TRAIN]:  80%|███████▉  | 3209/4032 [05:23<01:27,  9.43it/s, Loss=0.012338, Pos=0.012214, Vel=0.00006176]Epoch 2/200 [TRAIN]:  80%|███████▉  | 3210/4032 [05:23<01:28,  9.24it/s, Loss=0.012338, Pos=0.012214, Vel=0.00006176]Epoch 2/200 [TRAIN]:  80%|███████▉  | 3210/4032 [05:23<01:28,  9.24it/s, Loss=0.012342, Pos=0.012219, Vel=0.00006177]Epoch 2/200 [TRAIN]:  80%|███████▉  | 3211/4032 [05:23<01:30,  9.12it/s, Loss=0.012342, Pos=0.012219, Vel=0.00006177]Epoch 2/200 [TRAIN]:  80%|███████▉  | 3211/4032 [05:23<01:30,  9.12it/s, Loss=0.012339, Pos=0.012215, Vel=0.00006176]Epoch 2/200 [TRAIN]:  80%|███████▉  | 3212/4032 [05:23<01:30,  9.09it/s, Loss=0.012339, Pos=0.012215, Vel=0.00006176]Epoch 2/200 [TRAIN]:  80%|███████▉  | 3212/4032 [05:23<01:30,  9.09it/s, Loss=0.012344, Pos=0.012221, Vel=0.00006177]Epoch 2/200 [TRAIN]:  80%|███████▉  | 3213/4032 [05:23<01:31,  8.96it/s, Loss=0.012344, Pos=0.012221, Vel=0.00006177]Epoch 2/200 [TRAIN]:  80%|███████▉  | 3213/4032 [05:23<01:31,  8.96it/s, Loss=0.012344, Pos=0.012220, Vel=0.00006176]Epoch 2/200 [TRAIN]:  80%|███████▉  | 3214/4032 [05:23<01:33,  8.71it/s, Loss=0.012344, Pos=0.012220, Vel=0.00006176]Epoch 2/200 [TRAIN]:  80%|███████▉  | 3214/4032 [05:23<01:33,  8.71it/s, Loss=0.012349, Pos=0.012225, Vel=0.00006176]Epoch 2/200 [TRAIN]:  80%|███████▉  | 3214/4032 [05:23<01:33,  8.71it/s, Loss=0.012349, Pos=0.012226, Vel=0.00006175]Epoch 2/200 [TRAIN]:  80%|███████▉  | 3216/4032 [05:23<01:29,  9.10it/s, Loss=0.012349, Pos=0.012226, Vel=0.00006175]Epoch 2/200 [TRAIN]:  80%|███████▉  | 3216/4032 [05:24<01:29,  9.10it/s, Loss=0.012347, Pos=0.012223, Vel=0.00006173]Epoch 2/200 [TRAIN]:  80%|███████▉  | 3217/4032 [05:24<01:30,  8.99it/s, Loss=0.012347, Pos=0.012223, Vel=0.00006173]Epoch 2/200 [TRAIN]:  80%|███████▉  | 3217/4032 [05:24<01:30,  8.99it/s, Loss=0.012344, Pos=0.012221, Vel=0.00006174]Epoch 2/200 [TRAIN]:  80%|███████▉  | 3217/4032 [05:24<01:30,  8.99it/s, Loss=0.012350, Pos=0.012227, Vel=0.00006173]Epoch 2/200 [TRAIN]:  80%|███████▉  | 3219/4032 [05:24<01:21,  9.95it/s, Loss=0.012350, Pos=0.012227, Vel=0.00006173]Epoch 2/200 [TRAIN]:  80%|███████▉  | 3219/4032 [05:24<01:21,  9.95it/s, Loss=0.012348, Pos=0.012225, Vel=0.00006174]Epoch 2/200 [TRAIN]:  80%|███████▉  | 3220/4032 [05:24<01:21,  9.93it/s, Loss=0.012348, Pos=0.012225, Vel=0.00006174]Epoch 2/200 [TRAIN]:  80%|███████▉  | 3220/4032 [05:24<01:21,  9.93it/s, Loss=0.012346, Pos=0.012222, Vel=0.00006174]Epoch 2/200 [TRAIN]:  80%|███████▉  | 3221/4032 [05:24<01:24,  9.63it/s, Loss=0.012346, Pos=0.012222, Vel=0.00006174]Epoch 2/200 [TRAIN]:  80%|███████▉  | 3221/4032 [05:24<01:24,  9.63it/s, Loss=0.012344, Pos=0.012220, Vel=0.00006173]Epoch 2/200 [TRAIN]:  80%|███████▉  | 3222/4032 [05:24<01:27,  9.26it/s, Loss=0.012344, Pos=0.012220, Vel=0.00006173]Epoch 2/200 [TRAIN]:  80%|███████▉  | 3222/4032 [05:24<01:27,  9.26it/s, Loss=0.012342, Pos=0.012218, Vel=0.00006173]Epoch 2/200 [TRAIN]:  80%|███████▉  | 3223/4032 [05:24<01:26,  9.34it/s, Loss=0.012342, Pos=0.012218, Vel=0.00006173]Epoch 2/200 [TRAIN]:  80%|███████▉  | 3223/4032 [05:24<01:26,  9.34it/s, Loss=0.012340, Pos=0.012216, Vel=0.00006172]Epoch 2/200 [TRAIN]:  80%|███████▉  | 3223/4032 [05:24<01:26,  9.34it/s, Loss=0.012339, Pos=0.012215, Vel=0.00006173]Epoch 2/200 [TRAIN]:  80%|███████▉  | 3225/4032 [05:24<01:24,  9.52it/s, Loss=0.012339, Pos=0.012215, Vel=0.00006173]Epoch 2/200 [TRAIN]:  80%|███████▉  | 3225/4032 [05:24<01:24,  9.52it/s, Loss=0.012340, Pos=0.012217, Vel=0.00006174]Epoch 2/200 [TRAIN]:  80%|████████  | 3226/4032 [05:24<01:26,  9.35it/s, Loss=0.012340, Pos=0.012217, Vel=0.00006174]Epoch 2/200 [TRAIN]:  80%|████████  | 3226/4032 [05:25<01:26,  9.35it/s, Loss=0.012339, Pos=0.012216, Vel=0.00006175]Epoch 2/200 [TRAIN]:  80%|████████  | 3227/4032 [05:25<01:27,  9.21it/s, Loss=0.012339, Pos=0.012216, Vel=0.00006175]Epoch 2/200 [TRAIN]:  80%|████████  | 3227/4032 [05:25<01:27,  9.21it/s, Loss=0.012339, Pos=0.012215, Vel=0.00006174]Epoch 2/200 [TRAIN]:  80%|████████  | 3228/4032 [05:25<01:27,  9.16it/s, Loss=0.012339, Pos=0.012215, Vel=0.00006174]Epoch 2/200 [TRAIN]:  80%|████████  | 3228/4032 [05:25<01:27,  9.16it/s, Loss=0.012335, Pos=0.012212, Vel=0.00006172]Epoch 2/200 [TRAIN]:  80%|████████  | 3229/4032 [05:25<01:30,  8.89it/s, Loss=0.012335, Pos=0.012212, Vel=0.00006172]Epoch 2/200 [TRAIN]:  80%|████████  | 3229/4032 [05:25<01:30,  8.89it/s, Loss=0.012333, Pos=0.012209, Vel=0.00006171]Epoch 2/200 [TRAIN]:  80%|████████  | 3229/4032 [05:25<01:30,  8.89it/s, Loss=0.012329, Pos=0.012206, Vel=0.00006170]Epoch 2/200 [TRAIN]:  80%|████████  | 3231/4032 [05:25<01:25,  9.40it/s, Loss=0.012329, Pos=0.012206, Vel=0.00006170]Epoch 2/200 [TRAIN]:  80%|████████  | 3231/4032 [05:25<01:25,  9.40it/s, Loss=0.012327, Pos=0.012203, Vel=0.00006169]Epoch 2/200 [TRAIN]:  80%|████████  | 3232/4032 [05:25<01:27,  9.12it/s, Loss=0.012327, Pos=0.012203, Vel=0.00006169]Epoch 2/200 [TRAIN]:  80%|████████  | 3232/4032 [05:25<01:27,  9.12it/s, Loss=0.012332, Pos=0.012208, Vel=0.00006172]Epoch 2/200 [TRAIN]:  80%|████████  | 3233/4032 [05:25<01:26,  9.28it/s, Loss=0.012332, Pos=0.012208, Vel=0.00006172]Epoch 2/200 [TRAIN]:  80%|████████  | 3233/4032 [05:25<01:26,  9.28it/s, Loss=0.012332, Pos=0.012208, Vel=0.00006172]Epoch 2/200 [TRAIN]:  80%|████████  | 3234/4032 [05:25<01:28,  9.00it/s, Loss=0.012332, Pos=0.012208, Vel=0.00006172]Epoch 2/200 [TRAIN]:  80%|████████  | 3234/4032 [05:25<01:28,  9.00it/s, Loss=0.012330, Pos=0.012206, Vel=0.00006170]Epoch 2/200 [TRAIN]:  80%|████████  | 3235/4032 [05:25<01:29,  8.95it/s, Loss=0.012330, Pos=0.012206, Vel=0.00006170]Epoch 2/200 [TRAIN]:  80%|████████  | 3235/4032 [05:26<01:29,  8.95it/s, Loss=0.012330, Pos=0.012207, Vel=0.00006172]Epoch 2/200 [TRAIN]:  80%|████████  | 3236/4032 [05:26<01:29,  8.92it/s, Loss=0.012330, Pos=0.012207, Vel=0.00006172]Epoch 2/200 [TRAIN]:  80%|████████  | 3236/4032 [05:26<01:29,  8.92it/s, Loss=0.012328, Pos=0.012205, Vel=0.00006170]Epoch 2/200 [TRAIN]:  80%|████████  | 3237/4032 [05:26<01:29,  8.88it/s, Loss=0.012328, Pos=0.012205, Vel=0.00006170]Epoch 2/200 [TRAIN]:  80%|████████  | 3237/4032 [05:26<01:29,  8.88it/s, Loss=0.012325, Pos=0.012202, Vel=0.00006170]Epoch 2/200 [TRAIN]:  80%|████████  | 3238/4032 [05:26<01:30,  8.82it/s, Loss=0.012325, Pos=0.012202, Vel=0.00006170]Epoch 2/200 [TRAIN]:  80%|████████  | 3238/4032 [05:26<01:30,  8.82it/s, Loss=0.012322, Pos=0.012199, Vel=0.00006168]Epoch 2/200 [TRAIN]:  80%|████████  | 3239/4032 [05:26<01:30,  8.79it/s, Loss=0.012322, Pos=0.012199, Vel=0.00006168]Epoch 2/200 [TRAIN]:  80%|████████  | 3239/4032 [05:26<01:30,  8.79it/s, Loss=0.012321, Pos=0.012197, Vel=0.00006170]Epoch 2/200 [TRAIN]:  80%|████████  | 3240/4032 [05:26<01:29,  8.82it/s, Loss=0.012321, Pos=0.012197, Vel=0.00006170]Epoch 2/200 [TRAIN]:  80%|████████  | 3240/4032 [05:26<01:29,  8.82it/s, Loss=0.012321, Pos=0.012197, Vel=0.00006171]Epoch 2/200 [TRAIN]:  80%|████████  | 3241/4032 [05:26<01:30,  8.73it/s, Loss=0.012321, Pos=0.012197, Vel=0.00006171]Epoch 2/200 [TRAIN]:  80%|████████  | 3241/4032 [05:26<01:30,  8.73it/s, Loss=0.012322, Pos=0.012199, Vel=0.00006171]Epoch 2/200 [TRAIN]:  80%|████████  | 3242/4032 [05:26<01:28,  8.97it/s, Loss=0.012322, Pos=0.012199, Vel=0.00006171]Epoch 2/200 [TRAIN]:  80%|████████  | 3242/4032 [05:26<01:28,  8.97it/s, Loss=0.012319, Pos=0.012196, Vel=0.00006171]Epoch 2/200 [TRAIN]:  80%|████████  | 3243/4032 [05:26<01:26,  9.17it/s, Loss=0.012319, Pos=0.012196, Vel=0.00006171]Epoch 2/200 [TRAIN]:  80%|████████  | 3243/4032 [05:27<01:26,  9.17it/s, Loss=0.012316, Pos=0.012193, Vel=0.00006171]Epoch 2/200 [TRAIN]:  80%|████████  | 3244/4032 [05:27<01:27,  9.04it/s, Loss=0.012316, Pos=0.012193, Vel=0.00006171]Epoch 2/200 [TRAIN]:  80%|████████  | 3244/4032 [05:27<01:27,  9.04it/s, Loss=0.012314, Pos=0.012191, Vel=0.00006174]Epoch 2/200 [TRAIN]:  80%|████████  | 3245/4032 [05:27<01:27,  9.00it/s, Loss=0.012314, Pos=0.012191, Vel=0.00006174]Epoch 2/200 [TRAIN]:  80%|████████  | 3245/4032 [05:27<01:27,  9.00it/s, Loss=0.012314, Pos=0.012190, Vel=0.00006173]Epoch 2/200 [TRAIN]:  81%|████████  | 3246/4032 [05:27<01:28,  8.87it/s, Loss=0.012314, Pos=0.012190, Vel=0.00006173]Epoch 2/200 [TRAIN]:  81%|████████  | 3246/4032 [05:27<01:28,  8.87it/s, Loss=0.012311, Pos=0.012187, Vel=0.00006173]Epoch 2/200 [TRAIN]:  81%|████████  | 3247/4032 [05:27<01:28,  8.85it/s, Loss=0.012311, Pos=0.012187, Vel=0.00006173]Epoch 2/200 [TRAIN]:  81%|████████  | 3247/4032 [05:27<01:28,  8.85it/s, Loss=0.012309, Pos=0.012186, Vel=0.00006174]Epoch 2/200 [TRAIN]:  81%|████████  | 3248/4032 [05:27<01:28,  8.86it/s, Loss=0.012309, Pos=0.012186, Vel=0.00006174]Epoch 2/200 [TRAIN]:  81%|████████  | 3248/4032 [05:27<01:28,  8.86it/s, Loss=0.012307, Pos=0.012183, Vel=0.00006174]Epoch 2/200 [TRAIN]:  81%|████████  | 3249/4032 [05:27<01:28,  8.82it/s, Loss=0.012307, Pos=0.012183, Vel=0.00006174]Epoch 2/200 [TRAIN]:  81%|████████  | 3249/4032 [05:27<01:28,  8.82it/s, Loss=0.012304, Pos=0.012180, Vel=0.00006172]Epoch 2/200 [TRAIN]:  81%|████████  | 3250/4032 [05:27<01:30,  8.68it/s, Loss=0.012304, Pos=0.012180, Vel=0.00006172]Epoch 2/200 [TRAIN]:  81%|████████  | 3250/4032 [05:27<01:30,  8.68it/s, Loss=0.012305, Pos=0.012181, Vel=0.00006171]Epoch 2/200 [TRAIN]:  81%|████████  | 3250/4032 [05:27<01:30,  8.68it/s, Loss=0.012304, Pos=0.012181, Vel=0.00006170]Epoch 2/200 [TRAIN]:  81%|████████  | 3252/4032 [05:27<01:27,  8.88it/s, Loss=0.012304, Pos=0.012181, Vel=0.00006170]Epoch 2/200 [TRAIN]:  81%|████████  | 3252/4032 [05:28<01:27,  8.88it/s, Loss=0.012301, Pos=0.012177, Vel=0.00006169]Epoch 2/200 [TRAIN]:  81%|████████  | 3253/4032 [05:28<01:25,  9.13it/s, Loss=0.012301, Pos=0.012177, Vel=0.00006169]Epoch 2/200 [TRAIN]:  81%|████████  | 3253/4032 [05:28<01:25,  9.13it/s, Loss=0.012299, Pos=0.012175, Vel=0.00006169]Epoch 2/200 [TRAIN]:  81%|████████  | 3254/4032 [05:28<01:25,  9.10it/s, Loss=0.012299, Pos=0.012175, Vel=0.00006169]Epoch 2/200 [TRAIN]:  81%|████████  | 3254/4032 [05:28<01:25,  9.10it/s, Loss=0.012296, Pos=0.012172, Vel=0.00006169]Epoch 2/200 [TRAIN]:  81%|████████  | 3255/4032 [05:28<01:28,  8.82it/s, Loss=0.012296, Pos=0.012172, Vel=0.00006169]Epoch 2/200 [TRAIN]:  81%|████████  | 3255/4032 [05:28<01:28,  8.82it/s, Loss=0.012296, Pos=0.012172, Vel=0.00006168]Epoch 2/200 [TRAIN]:  81%|████████  | 3255/4032 [05:28<01:28,  8.82it/s, Loss=0.012298, Pos=0.012175, Vel=0.00006168]Epoch 2/200 [TRAIN]:  81%|████████  | 3257/4032 [05:28<01:24,  9.22it/s, Loss=0.012298, Pos=0.012175, Vel=0.00006168]Epoch 2/200 [TRAIN]:  81%|████████  | 3257/4032 [05:28<01:24,  9.22it/s, Loss=0.012301, Pos=0.012178, Vel=0.00006166]Epoch 2/200 [TRAIN]:  81%|████████  | 3258/4032 [05:28<01:26,  8.98it/s, Loss=0.012301, Pos=0.012178, Vel=0.00006166]Epoch 2/200 [TRAIN]:  81%|████████  | 3258/4032 [05:28<01:26,  8.98it/s, Loss=0.012299, Pos=0.012175, Vel=0.00006165]Epoch 2/200 [TRAIN]:  81%|████████  | 3259/4032 [05:28<01:24,  9.17it/s, Loss=0.012299, Pos=0.012175, Vel=0.00006165]Epoch 2/200 [TRAIN]:  81%|████████  | 3259/4032 [05:28<01:24,  9.17it/s, Loss=0.012296, Pos=0.012172, Vel=0.00006165]Epoch 2/200 [TRAIN]:  81%|████████  | 3260/4032 [05:28<01:25,  9.07it/s, Loss=0.012296, Pos=0.012172, Vel=0.00006165]Epoch 2/200 [TRAIN]:  81%|████████  | 3260/4032 [05:28<01:25,  9.07it/s, Loss=0.012294, Pos=0.012171, Vel=0.00006164]Epoch 2/200 [TRAIN]:  81%|████████  | 3261/4032 [05:28<01:26,  8.92it/s, Loss=0.012294, Pos=0.012171, Vel=0.00006164]Epoch 2/200 [TRAIN]:  81%|████████  | 3261/4032 [05:28<01:26,  8.92it/s, Loss=0.012298, Pos=0.012174, Vel=0.00006165]Epoch 2/200 [TRAIN]:  81%|████████  | 3261/4032 [05:28<01:26,  8.92it/s, Loss=0.012297, Pos=0.012174, Vel=0.00006166]Epoch 2/200 [TRAIN]:  81%|████████  | 3261/4032 [05:29<01:26,  8.92it/s, Loss=0.012299, Pos=0.012175, Vel=0.00006168]Epoch 2/200 [TRAIN]:  81%|████████  | 3264/4032 [05:29<01:08, 11.26it/s, Loss=0.012299, Pos=0.012175, Vel=0.00006168]Epoch 2/200 [TRAIN]:  81%|████████  | 3264/4032 [05:29<01:08, 11.26it/s, Loss=0.012300, Pos=0.012177, Vel=0.00006169]Epoch 2/200 [TRAIN]:  81%|████████  | 3264/4032 [05:29<01:08, 11.26it/s, Loss=0.012302, Pos=0.012178, Vel=0.00006168]Epoch 2/200 [TRAIN]:  81%|████████  | 3266/4032 [05:29<01:08, 11.26it/s, Loss=0.012302, Pos=0.012178, Vel=0.00006168]Epoch 2/200 [TRAIN]:  81%|████████  | 3266/4032 [05:29<01:08, 11.26it/s, Loss=0.012301, Pos=0.012178, Vel=0.00006167]Epoch 2/200 [TRAIN]:  81%|████████  | 3266/4032 [05:29<01:08, 11.26it/s, Loss=0.012298, Pos=0.012175, Vel=0.00006167]Epoch 2/200 [TRAIN]:  81%|████████  | 3268/4032 [05:29<01:12, 10.50it/s, Loss=0.012298, Pos=0.012175, Vel=0.00006167]Epoch 2/200 [TRAIN]:  81%|████████  | 3268/4032 [05:29<01:12, 10.50it/s, Loss=0.012295, Pos=0.012172, Vel=0.00006167]Epoch 2/200 [TRAIN]:  81%|████████  | 3268/4032 [05:29<01:12, 10.50it/s, Loss=0.012299, Pos=0.012175, Vel=0.00006167]Epoch 2/200 [TRAIN]:  81%|████████  | 3270/4032 [05:29<01:02, 12.29it/s, Loss=0.012299, Pos=0.012175, Vel=0.00006167]Epoch 2/200 [TRAIN]:  81%|████████  | 3270/4032 [05:29<01:02, 12.29it/s, Loss=0.012297, Pos=0.012174, Vel=0.00006166]Epoch 2/200 [TRAIN]:  81%|████████  | 3270/4032 [05:29<01:02, 12.29it/s, Loss=0.012296, Pos=0.012173, Vel=0.00006166]Epoch 2/200 [TRAIN]:  81%|████████  | 3272/4032 [05:29<01:09, 10.87it/s, Loss=0.012296, Pos=0.012173, Vel=0.00006166]Epoch 2/200 [TRAIN]:  81%|████████  | 3272/4032 [05:29<01:09, 10.87it/s, Loss=0.012294, Pos=0.012170, Vel=0.00006165]Epoch 2/200 [TRAIN]:  81%|████████  | 3272/4032 [05:30<01:09, 10.87it/s, Loss=0.012295, Pos=0.012172, Vel=0.00006164]Epoch 2/200 [TRAIN]:  81%|████████  | 3274/4032 [05:30<01:08, 11.09it/s, Loss=0.012295, Pos=0.012172, Vel=0.00006164]Epoch 2/200 [TRAIN]:  81%|████████  | 3274/4032 [05:30<01:08, 11.09it/s, Loss=0.012297, Pos=0.012174, Vel=0.00006165]Epoch 2/200 [TRAIN]:  81%|████████  | 3274/4032 [05:30<01:08, 11.09it/s, Loss=0.012295, Pos=0.012171, Vel=0.00006165]Epoch 2/200 [TRAIN]:  81%|████████▏ | 3276/4032 [05:30<01:12, 10.43it/s, Loss=0.012295, Pos=0.012171, Vel=0.00006165]Epoch 2/200 [TRAIN]:  81%|████████▏ | 3276/4032 [05:30<01:12, 10.43it/s, Loss=0.012295, Pos=0.012172, Vel=0.00006165]Epoch 2/200 [TRAIN]:  81%|████████▏ | 3276/4032 [05:30<01:12, 10.43it/s, Loss=0.012293, Pos=0.012170, Vel=0.00006165]Epoch 2/200 [TRAIN]:  81%|████████▏ | 3278/4032 [05:30<01:16,  9.87it/s, Loss=0.012293, Pos=0.012170, Vel=0.00006165]Epoch 2/200 [TRAIN]:  81%|████████▏ | 3278/4032 [05:30<01:16,  9.87it/s, Loss=0.012291, Pos=0.012168, Vel=0.00006164]Epoch 2/200 [TRAIN]:  81%|████████▏ | 3278/4032 [05:30<01:16,  9.87it/s, Loss=0.012289, Pos=0.012166, Vel=0.00006165]Epoch 2/200 [TRAIN]:  81%|████████▏ | 3280/4032 [05:30<01:16,  9.80it/s, Loss=0.012289, Pos=0.012166, Vel=0.00006165]Epoch 2/200 [TRAIN]:  81%|████████▏ | 3280/4032 [05:30<01:16,  9.80it/s, Loss=0.012287, Pos=0.012163, Vel=0.00006165]Epoch 2/200 [TRAIN]:  81%|████████▏ | 3280/4032 [05:30<01:16,  9.80it/s, Loss=0.012284, Pos=0.012160, Vel=0.00006164]Epoch 2/200 [TRAIN]:  81%|████████▏ | 3282/4032 [05:30<01:11, 10.55it/s, Loss=0.012284, Pos=0.012160, Vel=0.00006164]Epoch 2/200 [TRAIN]:  81%|████████▏ | 3282/4032 [05:30<01:11, 10.55it/s, Loss=0.012282, Pos=0.012159, Vel=0.00006162]Epoch 2/200 [TRAIN]:  81%|████████▏ | 3282/4032 [05:30<01:11, 10.55it/s, Loss=0.012281, Pos=0.012158, Vel=0.00006161]Epoch 2/200 [TRAIN]:  81%|████████▏ | 3284/4032 [05:30<01:08, 10.92it/s, Loss=0.012281, Pos=0.012158, Vel=0.00006161]Epoch 2/200 [TRAIN]:  81%|████████▏ | 3284/4032 [05:31<01:08, 10.92it/s, Loss=0.012280, Pos=0.012157, Vel=0.00006161]Epoch 2/200 [TRAIN]:  81%|████████▏ | 3284/4032 [05:31<01:08, 10.92it/s, Loss=0.012279, Pos=0.012156, Vel=0.00006160]Epoch 2/200 [TRAIN]:  81%|████████▏ | 3286/4032 [05:31<01:04, 11.56it/s, Loss=0.012279, Pos=0.012156, Vel=0.00006160]Epoch 2/200 [TRAIN]:  81%|████████▏ | 3286/4032 [05:31<01:04, 11.56it/s, Loss=0.012278, Pos=0.012155, Vel=0.00006159]Epoch 2/200 [TRAIN]:  81%|████████▏ | 3286/4032 [05:31<01:04, 11.56it/s, Loss=0.012276, Pos=0.012153, Vel=0.00006158]Epoch 2/200 [TRAIN]:  82%|████████▏ | 3288/4032 [05:31<01:03, 11.77it/s, Loss=0.012276, Pos=0.012153, Vel=0.00006158]Epoch 2/200 [TRAIN]:  82%|████████▏ | 3288/4032 [05:31<01:03, 11.77it/s, Loss=0.012288, Pos=0.012165, Vel=0.00006157]Epoch 2/200 [TRAIN]:  82%|████████▏ | 3288/4032 [05:31<01:03, 11.77it/s, Loss=0.012285, Pos=0.012162, Vel=0.00006155]Epoch 2/200 [TRAIN]:  82%|████████▏ | 3290/4032 [05:31<01:08, 10.76it/s, Loss=0.012285, Pos=0.012162, Vel=0.00006155]Epoch 2/200 [TRAIN]:  82%|████████▏ | 3290/4032 [05:31<01:08, 10.76it/s, Loss=0.012289, Pos=0.012166, Vel=0.00006155]Epoch 2/200 [TRAIN]:  82%|████████▏ | 3290/4032 [05:31<01:08, 10.76it/s, Loss=0.012288, Pos=0.012164, Vel=0.00006155]Epoch 2/200 [TRAIN]:  82%|████████▏ | 3292/4032 [05:31<01:13, 10.06it/s, Loss=0.012288, Pos=0.012164, Vel=0.00006155]Epoch 2/200 [TRAIN]:  82%|████████▏ | 3292/4032 [05:31<01:13, 10.06it/s, Loss=0.012285, Pos=0.012162, Vel=0.00006157]Epoch 2/200 [TRAIN]:  82%|████████▏ | 3292/4032 [05:31<01:13, 10.06it/s, Loss=0.012284, Pos=0.012161, Vel=0.00006158]Epoch 2/200 [TRAIN]:  82%|████████▏ | 3294/4032 [05:31<01:15,  9.75it/s, Loss=0.012284, Pos=0.012161, Vel=0.00006158]Epoch 2/200 [TRAIN]:  82%|████████▏ | 3294/4032 [05:32<01:15,  9.75it/s, Loss=0.012282, Pos=0.012159, Vel=0.00006158]Epoch 2/200 [TRAIN]:  82%|████████▏ | 3295/4032 [05:32<01:17,  9.56it/s, Loss=0.012282, Pos=0.012159, Vel=0.00006158]Epoch 2/200 [TRAIN]:  82%|████████▏ | 3295/4032 [05:32<01:17,  9.56it/s, Loss=0.012282, Pos=0.012159, Vel=0.00006158]Epoch 2/200 [TRAIN]:  82%|████████▏ | 3296/4032 [05:32<01:17,  9.46it/s, Loss=0.012282, Pos=0.012159, Vel=0.00006158]Epoch 2/200 [TRAIN]:  82%|████████▏ | 3296/4032 [05:32<01:17,  9.46it/s, Loss=0.012283, Pos=0.012160, Vel=0.00006157]Epoch 2/200 [TRAIN]:  82%|████████▏ | 3297/4032 [05:32<01:19,  9.24it/s, Loss=0.012283, Pos=0.012160, Vel=0.00006157]Epoch 2/200 [TRAIN]:  82%|████████▏ | 3297/4032 [05:32<01:19,  9.24it/s, Loss=0.012283, Pos=0.012160, Vel=0.00006156]Epoch 2/200 [TRAIN]:  82%|████████▏ | 3298/4032 [05:32<01:18,  9.40it/s, Loss=0.012283, Pos=0.012160, Vel=0.00006156]Epoch 2/200 [TRAIN]:  82%|████████▏ | 3298/4032 [05:32<01:18,  9.40it/s, Loss=0.012286, Pos=0.012163, Vel=0.00006155]Epoch 2/200 [TRAIN]:  82%|████████▏ | 3298/4032 [05:32<01:18,  9.40it/s, Loss=0.012283, Pos=0.012160, Vel=0.00006155]Epoch 2/200 [TRAIN]:  82%|████████▏ | 3300/4032 [05:32<01:18,  9.31it/s, Loss=0.012283, Pos=0.012160, Vel=0.00006155]Epoch 2/200 [TRAIN]:  82%|████████▏ | 3300/4032 [05:32<01:18,  9.31it/s, Loss=0.012281, Pos=0.012158, Vel=0.00006155]Epoch 2/200 [TRAIN]:  82%|████████▏ | 3300/4032 [05:32<01:18,  9.31it/s, Loss=0.012280, Pos=0.012157, Vel=0.00006155]Epoch 2/200 [TRAIN]:  82%|████████▏ | 3302/4032 [05:32<01:17,  9.36it/s, Loss=0.012280, Pos=0.012157, Vel=0.00006155]Epoch 2/200 [TRAIN]:  82%|████████▏ | 3302/4032 [05:32<01:17,  9.36it/s, Loss=0.012281, Pos=0.012158, Vel=0.00006157]Epoch 2/200 [TRAIN]:  82%|████████▏ | 3303/4032 [05:32<01:16,  9.49it/s, Loss=0.012281, Pos=0.012158, Vel=0.00006157]Epoch 2/200 [TRAIN]:  82%|████████▏ | 3303/4032 [05:33<01:16,  9.49it/s, Loss=0.012280, Pos=0.012157, Vel=0.00006157]Epoch 2/200 [TRAIN]:  82%|████████▏ | 3304/4032 [05:33<01:18,  9.31it/s, Loss=0.012280, Pos=0.012157, Vel=0.00006157]Epoch 2/200 [TRAIN]:  82%|████████▏ | 3304/4032 [05:33<01:18,  9.31it/s, Loss=0.012278, Pos=0.012155, Vel=0.00006157]Epoch 2/200 [TRAIN]:  82%|████████▏ | 3305/4032 [05:33<01:19,  9.14it/s, Loss=0.012278, Pos=0.012155, Vel=0.00006157]Epoch 2/200 [TRAIN]:  82%|████████▏ | 3305/4032 [05:33<01:19,  9.14it/s, Loss=0.012279, Pos=0.012156, Vel=0.00006156]Epoch 2/200 [TRAIN]:  82%|████████▏ | 3306/4032 [05:33<01:20,  9.07it/s, Loss=0.012279, Pos=0.012156, Vel=0.00006156]Epoch 2/200 [TRAIN]:  82%|████████▏ | 3306/4032 [05:33<01:20,  9.07it/s, Loss=0.012276, Pos=0.012153, Vel=0.00006155]Epoch 2/200 [TRAIN]:  82%|████████▏ | 3306/4032 [05:33<01:20,  9.07it/s, Loss=0.012274, Pos=0.012151, Vel=0.00006154]Epoch 2/200 [TRAIN]:  82%|████████▏ | 3308/4032 [05:33<01:15,  9.62it/s, Loss=0.012274, Pos=0.012151, Vel=0.00006154]Epoch 2/200 [TRAIN]:  82%|████████▏ | 3308/4032 [05:33<01:15,  9.62it/s, Loss=0.012271, Pos=0.012148, Vel=0.00006154]Epoch 2/200 [TRAIN]:  82%|████████▏ | 3308/4032 [05:33<01:15,  9.62it/s, Loss=0.012271, Pos=0.012148, Vel=0.00006155]Epoch 2/200 [TRAIN]:  82%|████████▏ | 3310/4032 [05:33<01:15,  9.54it/s, Loss=0.012271, Pos=0.012148, Vel=0.00006155]Epoch 2/200 [TRAIN]:  82%|████████▏ | 3310/4032 [05:33<01:15,  9.54it/s, Loss=0.012271, Pos=0.012148, Vel=0.00006154]Epoch 2/200 [TRAIN]:  82%|████████▏ | 3310/4032 [05:33<01:15,  9.54it/s, Loss=0.012277, Pos=0.012154, Vel=0.00006157]Epoch 2/200 [TRAIN]:  82%|████████▏ | 3312/4032 [05:33<01:15,  9.50it/s, Loss=0.012277, Pos=0.012154, Vel=0.00006157]Epoch 2/200 [TRAIN]:  82%|████████▏ | 3312/4032 [05:33<01:15,  9.50it/s, Loss=0.012274, Pos=0.012151, Vel=0.00006155]Epoch 2/200 [TRAIN]:  82%|████████▏ | 3312/4032 [05:34<01:15,  9.50it/s, Loss=0.012272, Pos=0.012149, Vel=0.00006154]Epoch 2/200 [TRAIN]:  82%|████████▏ | 3314/4032 [05:34<01:11, 10.01it/s, Loss=0.012272, Pos=0.012149, Vel=0.00006154]Epoch 2/200 [TRAIN]:  82%|████████▏ | 3314/4032 [05:34<01:11, 10.01it/s, Loss=0.012272, Pos=0.012149, Vel=0.00006158]Epoch 2/200 [TRAIN]:  82%|████████▏ | 3315/4032 [05:34<01:11,  9.98it/s, Loss=0.012272, Pos=0.012149, Vel=0.00006158]Epoch 2/200 [TRAIN]:  82%|████████▏ | 3315/4032 [05:34<01:11,  9.98it/s, Loss=0.012270, Pos=0.012146, Vel=0.00006156]Epoch 2/200 [TRAIN]:  82%|████████▏ | 3316/4032 [05:34<01:14,  9.62it/s, Loss=0.012270, Pos=0.012146, Vel=0.00006156]Epoch 2/200 [TRAIN]:  82%|████████▏ | 3316/4032 [05:34<01:14,  9.62it/s, Loss=0.012269, Pos=0.012146, Vel=0.00006155]Epoch 2/200 [TRAIN]:  82%|████████▏ | 3317/4032 [05:34<01:15,  9.45it/s, Loss=0.012269, Pos=0.012146, Vel=0.00006155]Epoch 2/200 [TRAIN]:  82%|████████▏ | 3317/4032 [05:34<01:15,  9.45it/s, Loss=0.012270, Pos=0.012146, Vel=0.00006156]Epoch 2/200 [TRAIN]:  82%|████████▏ | 3318/4032 [05:34<01:17,  9.25it/s, Loss=0.012270, Pos=0.012146, Vel=0.00006156]Epoch 2/200 [TRAIN]:  82%|████████▏ | 3318/4032 [05:34<01:17,  9.25it/s, Loss=0.012270, Pos=0.012147, Vel=0.00006156]Epoch 2/200 [TRAIN]:  82%|████████▏ | 3318/4032 [05:34<01:17,  9.25it/s, Loss=0.012266, Pos=0.012143, Vel=0.00006155]Epoch 2/200 [TRAIN]:  82%|████████▏ | 3320/4032 [05:34<01:15,  9.37it/s, Loss=0.012266, Pos=0.012143, Vel=0.00006155]Epoch 2/200 [TRAIN]:  82%|████████▏ | 3320/4032 [05:34<01:15,  9.37it/s, Loss=0.012275, Pos=0.012152, Vel=0.00006162]Epoch 2/200 [TRAIN]:  82%|████████▏ | 3321/4032 [05:34<01:18,  9.07it/s, Loss=0.012275, Pos=0.012152, Vel=0.00006162]Epoch 2/200 [TRAIN]:  82%|████████▏ | 3321/4032 [05:34<01:18,  9.07it/s, Loss=0.012274, Pos=0.012151, Vel=0.00006162]Epoch 2/200 [TRAIN]:  82%|████████▏ | 3321/4032 [05:35<01:18,  9.07it/s, Loss=0.012273, Pos=0.012150, Vel=0.00006162]Epoch 2/200 [TRAIN]:  82%|████████▏ | 3323/4032 [05:35<01:17,  9.20it/s, Loss=0.012273, Pos=0.012150, Vel=0.00006162]Epoch 2/200 [TRAIN]:  82%|████████▏ | 3323/4032 [05:35<01:17,  9.20it/s, Loss=0.012270, Pos=0.012147, Vel=0.00006161]Epoch 2/200 [TRAIN]:  82%|████████▏ | 3324/4032 [05:35<01:17,  9.12it/s, Loss=0.012270, Pos=0.012147, Vel=0.00006161]Epoch 2/200 [TRAIN]:  82%|████████▏ | 3324/4032 [05:35<01:17,  9.12it/s, Loss=0.012270, Pos=0.012147, Vel=0.00006161]Epoch 2/200 [TRAIN]:  82%|████████▏ | 3324/4032 [05:35<01:17,  9.12it/s, Loss=0.012286, Pos=0.012162, Vel=0.00006162]Epoch 2/200 [TRAIN]:  82%|████████▏ | 3326/4032 [05:35<01:09, 10.22it/s, Loss=0.012286, Pos=0.012162, Vel=0.00006162]Epoch 2/200 [TRAIN]:  82%|████████▏ | 3326/4032 [05:35<01:09, 10.22it/s, Loss=0.012285, Pos=0.012162, Vel=0.00006162]Epoch 2/200 [TRAIN]:  82%|████████▏ | 3326/4032 [05:35<01:09, 10.22it/s, Loss=0.012282, Pos=0.012159, Vel=0.00006161]Epoch 2/200 [TRAIN]:  83%|████████▎ | 3328/4032 [05:35<01:11,  9.89it/s, Loss=0.012282, Pos=0.012159, Vel=0.00006161]Epoch 2/200 [TRAIN]:  83%|████████▎ | 3328/4032 [05:35<01:11,  9.89it/s, Loss=0.012281, Pos=0.012157, Vel=0.00006160]Epoch 2/200 [TRAIN]:  83%|████████▎ | 3329/4032 [05:35<01:12,  9.64it/s, Loss=0.012281, Pos=0.012157, Vel=0.00006160]Epoch 2/200 [TRAIN]:  83%|████████▎ | 3329/4032 [05:35<01:12,  9.64it/s, Loss=0.012286, Pos=0.012162, Vel=0.00006160]Epoch 2/200 [TRAIN]:  83%|████████▎ | 3330/4032 [05:35<01:14,  9.39it/s, Loss=0.012286, Pos=0.012162, Vel=0.00006160]Epoch 2/200 [TRAIN]:  83%|████████▎ | 3330/4032 [05:35<01:14,  9.39it/s, Loss=0.012284, Pos=0.012161, Vel=0.00006162]Epoch 2/200 [TRAIN]:  83%|████████▎ | 3331/4032 [05:35<01:17,  9.05it/s, Loss=0.012284, Pos=0.012161, Vel=0.00006162]Epoch 2/200 [TRAIN]:  83%|████████▎ | 3331/4032 [05:36<01:17,  9.05it/s, Loss=0.012283, Pos=0.012160, Vel=0.00006162]Epoch 2/200 [TRAIN]:  83%|████████▎ | 3331/4032 [05:36<01:17,  9.05it/s, Loss=0.012281, Pos=0.012158, Vel=0.00006161]Epoch 2/200 [TRAIN]:  83%|████████▎ | 3333/4032 [05:36<01:14,  9.38it/s, Loss=0.012281, Pos=0.012158, Vel=0.00006161]Epoch 2/200 [TRAIN]:  83%|████████▎ | 3333/4032 [05:36<01:14,  9.38it/s, Loss=0.012299, Pos=0.012176, Vel=0.00006160]Epoch 2/200 [TRAIN]:  83%|████████▎ | 3333/4032 [05:36<01:14,  9.38it/s, Loss=0.012299, Pos=0.012176, Vel=0.00006163]Epoch 2/200 [TRAIN]:  83%|████████▎ | 3335/4032 [05:36<01:08, 10.21it/s, Loss=0.012299, Pos=0.012176, Vel=0.00006163]Epoch 2/200 [TRAIN]:  83%|████████▎ | 3335/4032 [05:36<01:08, 10.21it/s, Loss=0.012296, Pos=0.012173, Vel=0.00006163]Epoch 2/200 [TRAIN]:  83%|████████▎ | 3335/4032 [05:36<01:08, 10.21it/s, Loss=0.012298, Pos=0.012174, Vel=0.00006166]Epoch 2/200 [TRAIN]:  83%|████████▎ | 3337/4032 [05:36<01:09,  9.98it/s, Loss=0.012298, Pos=0.012174, Vel=0.00006166]Epoch 2/200 [TRAIN]:  83%|████████▎ | 3337/4032 [05:36<01:09,  9.98it/s, Loss=0.012299, Pos=0.012176, Vel=0.00006166]Epoch 2/200 [TRAIN]:  83%|████████▎ | 3337/4032 [05:36<01:09,  9.98it/s, Loss=0.012300, Pos=0.012177, Vel=0.00006167]Epoch 2/200 [TRAIN]:  83%|████████▎ | 3339/4032 [05:36<01:06, 10.40it/s, Loss=0.012300, Pos=0.012177, Vel=0.00006167]Epoch 2/200 [TRAIN]:  83%|████████▎ | 3339/4032 [05:36<01:06, 10.40it/s, Loss=0.012300, Pos=0.012176, Vel=0.00006166]Epoch 2/200 [TRAIN]:  83%|████████▎ | 3339/4032 [05:36<01:06, 10.40it/s, Loss=0.012303, Pos=0.012180, Vel=0.00006164]Epoch 2/200 [TRAIN]:  83%|████████▎ | 3341/4032 [05:36<01:09,  9.90it/s, Loss=0.012303, Pos=0.012180, Vel=0.00006164]Epoch 2/200 [TRAIN]:  83%|████████▎ | 3341/4032 [05:37<01:09,  9.90it/s, Loss=0.012301, Pos=0.012177, Vel=0.00006164]Epoch 2/200 [TRAIN]:  83%|████████▎ | 3342/4032 [05:37<01:12,  9.58it/s, Loss=0.012301, Pos=0.012177, Vel=0.00006164]Epoch 2/200 [TRAIN]:  83%|████████▎ | 3342/4032 [05:37<01:12,  9.58it/s, Loss=0.012299, Pos=0.012175, Vel=0.00006164]Epoch 2/200 [TRAIN]:  83%|████████▎ | 3342/4032 [05:37<01:12,  9.58it/s, Loss=0.012297, Pos=0.012174, Vel=0.00006163]Epoch 2/200 [TRAIN]:  83%|████████▎ | 3344/4032 [05:37<01:12,  9.50it/s, Loss=0.012297, Pos=0.012174, Vel=0.00006163]Epoch 2/200 [TRAIN]:  83%|████████▎ | 3344/4032 [05:37<01:12,  9.50it/s, Loss=0.012299, Pos=0.012175, Vel=0.00006164]Epoch 2/200 [TRAIN]:  83%|████████▎ | 3345/4032 [05:37<01:13,  9.38it/s, Loss=0.012299, Pos=0.012175, Vel=0.00006164]Epoch 2/200 [TRAIN]:  83%|████████▎ | 3345/4032 [05:37<01:13,  9.38it/s, Loss=0.012295, Pos=0.012172, Vel=0.00006163]Epoch 2/200 [TRAIN]:  83%|████████▎ | 3346/4032 [05:37<01:13,  9.36it/s, Loss=0.012295, Pos=0.012172, Vel=0.00006163]Epoch 2/200 [TRAIN]:  83%|████████▎ | 3346/4032 [05:37<01:13,  9.36it/s, Loss=0.012301, Pos=0.012178, Vel=0.00006162]Epoch 2/200 [TRAIN]:  83%|████████▎ | 3347/4032 [05:37<01:14,  9.19it/s, Loss=0.012301, Pos=0.012178, Vel=0.00006162]Epoch 2/200 [TRAIN]:  83%|████████▎ | 3347/4032 [05:37<01:14,  9.19it/s, Loss=0.012299, Pos=0.012176, Vel=0.00006161]Epoch 2/200 [TRAIN]:  83%|████████▎ | 3348/4032 [05:37<01:16,  9.00it/s, Loss=0.012299, Pos=0.012176, Vel=0.00006161]Epoch 2/200 [TRAIN]:  83%|████████▎ | 3348/4032 [05:37<01:16,  9.00it/s, Loss=0.012296, Pos=0.012173, Vel=0.00006162]Epoch 2/200 [TRAIN]:  83%|████████▎ | 3349/4032 [05:37<01:16,  8.89it/s, Loss=0.012296, Pos=0.012173, Vel=0.00006162]Epoch 2/200 [TRAIN]:  83%|████████▎ | 3349/4032 [05:37<01:16,  8.89it/s, Loss=0.012293, Pos=0.012170, Vel=0.00006161]Epoch 2/200 [TRAIN]:  83%|████████▎ | 3349/4032 [05:37<01:16,  8.89it/s, Loss=0.012291, Pos=0.012168, Vel=0.00006161]Epoch 2/200 [TRAIN]:  83%|████████▎ | 3351/4032 [05:37<01:09,  9.80it/s, Loss=0.012291, Pos=0.012168, Vel=0.00006161]Epoch 2/200 [TRAIN]:  83%|████████▎ | 3351/4032 [05:38<01:09,  9.80it/s, Loss=0.012288, Pos=0.012165, Vel=0.00006160]Epoch 2/200 [TRAIN]:  83%|████████▎ | 3352/4032 [05:38<01:09,  9.84it/s, Loss=0.012288, Pos=0.012165, Vel=0.00006160]Epoch 2/200 [TRAIN]:  83%|████████▎ | 3352/4032 [05:38<01:09,  9.84it/s, Loss=0.012286, Pos=0.012163, Vel=0.00006159]Epoch 2/200 [TRAIN]:  83%|████████▎ | 3353/4032 [05:38<01:12,  9.36it/s, Loss=0.012286, Pos=0.012163, Vel=0.00006159]Epoch 2/200 [TRAIN]:  83%|████████▎ | 3353/4032 [05:38<01:12,  9.36it/s, Loss=0.012290, Pos=0.012167, Vel=0.00006161]Epoch 2/200 [TRAIN]:  83%|████████▎ | 3354/4032 [05:38<01:11,  9.50it/s, Loss=0.012290, Pos=0.012167, Vel=0.00006161]Epoch 2/200 [TRAIN]:  83%|████████▎ | 3354/4032 [05:38<01:11,  9.50it/s, Loss=0.012291, Pos=0.012168, Vel=0.00006161]Epoch 2/200 [TRAIN]:  83%|████████▎ | 3355/4032 [05:38<01:13,  9.15it/s, Loss=0.012291, Pos=0.012168, Vel=0.00006161]Epoch 2/200 [TRAIN]:  83%|████████▎ | 3355/4032 [05:38<01:13,  9.15it/s, Loss=0.012287, Pos=0.012164, Vel=0.00006159]Epoch 2/200 [TRAIN]:  83%|████████▎ | 3356/4032 [05:38<01:16,  8.88it/s, Loss=0.012287, Pos=0.012164, Vel=0.00006159]Epoch 2/200 [TRAIN]:  83%|████████▎ | 3356/4032 [05:38<01:16,  8.88it/s, Loss=0.012290, Pos=0.012167, Vel=0.00006159]Epoch 2/200 [TRAIN]:  83%|████████▎ | 3357/4032 [05:38<01:13,  9.12it/s, Loss=0.012290, Pos=0.012167, Vel=0.00006159]Epoch 2/200 [TRAIN]:  83%|████████▎ | 3357/4032 [05:38<01:13,  9.12it/s, Loss=0.012292, Pos=0.012168, Vel=0.00006161]Epoch 2/200 [TRAIN]:  83%|████████▎ | 3357/4032 [05:38<01:13,  9.12it/s, Loss=0.012291, Pos=0.012168, Vel=0.00006160]Epoch 2/200 [TRAIN]:  83%|████████▎ | 3359/4032 [05:38<01:03, 10.60it/s, Loss=0.012291, Pos=0.012168, Vel=0.00006160]Epoch 2/200 [TRAIN]:  83%|████████▎ | 3359/4032 [05:38<01:03, 10.60it/s, Loss=0.012293, Pos=0.012170, Vel=0.00006160]Epoch 2/200 [TRAIN]:  83%|████████▎ | 3359/4032 [05:38<01:03, 10.60it/s, Loss=0.012290, Pos=0.012167, Vel=0.00006159]Epoch 2/200 [TRAIN]:  83%|████████▎ | 3361/4032 [05:38<01:04, 10.46it/s, Loss=0.012290, Pos=0.012167, Vel=0.00006159]Epoch 2/200 [TRAIN]:  83%|████████▎ | 3361/4032 [05:39<01:04, 10.46it/s, Loss=0.012293, Pos=0.012170, Vel=0.00006159]Epoch 2/200 [TRAIN]:  83%|████████▎ | 3361/4032 [05:39<01:04, 10.46it/s, Loss=0.012290, Pos=0.012167, Vel=0.00006157]Epoch 2/200 [TRAIN]:  83%|████████▎ | 3363/4032 [05:39<01:06, 10.02it/s, Loss=0.012290, Pos=0.012167, Vel=0.00006157]Epoch 2/200 [TRAIN]:  83%|████████▎ | 3363/4032 [05:39<01:06, 10.02it/s, Loss=0.012292, Pos=0.012169, Vel=0.00006158]Epoch 2/200 [TRAIN]:  83%|████████▎ | 3363/4032 [05:39<01:06, 10.02it/s, Loss=0.012295, Pos=0.012172, Vel=0.00006158]Epoch 2/200 [TRAIN]:  83%|████████▎ | 3365/4032 [05:39<01:09,  9.63it/s, Loss=0.012295, Pos=0.012172, Vel=0.00006158]Epoch 2/200 [TRAIN]:  83%|████████▎ | 3365/4032 [05:39<01:09,  9.63it/s, Loss=0.012296, Pos=0.012173, Vel=0.00006158]Epoch 2/200 [TRAIN]:  83%|████████▎ | 3366/4032 [05:39<01:10,  9.47it/s, Loss=0.012296, Pos=0.012173, Vel=0.00006158]Epoch 2/200 [TRAIN]:  83%|████████▎ | 3366/4032 [05:39<01:10,  9.47it/s, Loss=0.012295, Pos=0.012172, Vel=0.00006158]Epoch 2/200 [TRAIN]:  84%|████████▎ | 3367/4032 [05:39<01:11,  9.32it/s, Loss=0.012295, Pos=0.012172, Vel=0.00006158]Epoch 2/200 [TRAIN]:  84%|████████▎ | 3367/4032 [05:39<01:11,  9.32it/s, Loss=0.012295, Pos=0.012172, Vel=0.00006157]Epoch 2/200 [TRAIN]:  84%|████████▎ | 3368/4032 [05:39<01:12,  9.19it/s, Loss=0.012295, Pos=0.012172, Vel=0.00006157]Epoch 2/200 [TRAIN]:  84%|████████▎ | 3368/4032 [05:39<01:12,  9.19it/s, Loss=0.012298, Pos=0.012175, Vel=0.00006156]Epoch 2/200 [TRAIN]:  84%|████████▎ | 3368/4032 [05:39<01:12,  9.19it/s, Loss=0.012303, Pos=0.012180, Vel=0.00006155]Epoch 2/200 [TRAIN]:  84%|████████▎ | 3370/4032 [05:39<01:02, 10.61it/s, Loss=0.012303, Pos=0.012180, Vel=0.00006155]Epoch 2/200 [TRAIN]:  84%|████████▎ | 3370/4032 [05:39<01:02, 10.61it/s, Loss=0.012301, Pos=0.012178, Vel=0.00006154]Epoch 2/200 [TRAIN]:  84%|████████▎ | 3370/4032 [05:40<01:02, 10.61it/s, Loss=0.012299, Pos=0.012176, Vel=0.00006154]Epoch 2/200 [TRAIN]:  84%|████████▎ | 3372/4032 [05:40<01:05, 10.09it/s, Loss=0.012299, Pos=0.012176, Vel=0.00006154]Epoch 2/200 [TRAIN]:  84%|████████▎ | 3372/4032 [05:40<01:05, 10.09it/s, Loss=0.012300, Pos=0.012177, Vel=0.00006153]Epoch 2/200 [TRAIN]:  84%|████████▎ | 3372/4032 [05:40<01:05, 10.09it/s, Loss=0.012297, Pos=0.012174, Vel=0.00006153]Epoch 2/200 [TRAIN]:  84%|████████▎ | 3374/4032 [05:40<01:03, 10.42it/s, Loss=0.012297, Pos=0.012174, Vel=0.00006153]Epoch 2/200 [TRAIN]:  84%|████████▎ | 3374/4032 [05:40<01:03, 10.42it/s, Loss=0.012296, Pos=0.012173, Vel=0.00006152]Epoch 2/200 [TRAIN]:  84%|████████▎ | 3374/4032 [05:40<01:03, 10.42it/s, Loss=0.012294, Pos=0.012171, Vel=0.00006154]Epoch 2/200 [TRAIN]:  84%|████████▎ | 3376/4032 [05:40<01:06,  9.89it/s, Loss=0.012294, Pos=0.012171, Vel=0.00006154]Epoch 2/200 [TRAIN]:  84%|████████▎ | 3376/4032 [05:40<01:06,  9.89it/s, Loss=0.012292, Pos=0.012169, Vel=0.00006153]Epoch 2/200 [TRAIN]:  84%|████████▍ | 3377/4032 [05:40<01:07,  9.66it/s, Loss=0.012292, Pos=0.012169, Vel=0.00006153]Epoch 2/200 [TRAIN]:  84%|████████▍ | 3377/4032 [05:40<01:07,  9.66it/s, Loss=0.012304, Pos=0.012181, Vel=0.00006155]Epoch 2/200 [TRAIN]:  84%|████████▍ | 3378/4032 [05:40<01:08,  9.57it/s, Loss=0.012304, Pos=0.012181, Vel=0.00006155]Epoch 2/200 [TRAIN]:  84%|████████▍ | 3378/4032 [05:40<01:08,  9.57it/s, Loss=0.012304, Pos=0.012181, Vel=0.00006155]Epoch 2/200 [TRAIN]:  84%|████████▍ | 3379/4032 [05:40<01:10,  9.21it/s, Loss=0.012304, Pos=0.012181, Vel=0.00006155]Epoch 2/200 [TRAIN]:  84%|████████▍ | 3379/4032 [05:40<01:10,  9.21it/s, Loss=0.012308, Pos=0.012185, Vel=0.00006155]Epoch 2/200 [TRAIN]:  84%|████████▍ | 3380/4032 [05:40<01:09,  9.32it/s, Loss=0.012308, Pos=0.012185, Vel=0.00006155]Epoch 2/200 [TRAIN]:  84%|████████▍ | 3380/4032 [05:41<01:09,  9.32it/s, Loss=0.012306, Pos=0.012183, Vel=0.00006154]Epoch 2/200 [TRAIN]:  84%|████████▍ | 3381/4032 [05:41<01:11,  9.13it/s, Loss=0.012306, Pos=0.012183, Vel=0.00006154]Epoch 2/200 [TRAIN]:  84%|████████▍ | 3381/4032 [05:41<01:11,  9.13it/s, Loss=0.012304, Pos=0.012181, Vel=0.00006154]Epoch 2/200 [TRAIN]:  84%|████████▍ | 3382/4032 [05:41<01:11,  9.06it/s, Loss=0.012304, Pos=0.012181, Vel=0.00006154]Epoch 2/200 [TRAIN]:  84%|████████▍ | 3382/4032 [05:41<01:11,  9.06it/s, Loss=0.012303, Pos=0.012180, Vel=0.00006153]Epoch 2/200 [TRAIN]:  84%|████████▍ | 3383/4032 [05:41<01:12,  8.94it/s, Loss=0.012303, Pos=0.012180, Vel=0.00006153]Epoch 2/200 [TRAIN]:  84%|████████▍ | 3383/4032 [05:41<01:12,  8.94it/s, Loss=0.012304, Pos=0.012181, Vel=0.00006156]Epoch 2/200 [TRAIN]:  84%|████████▍ | 3384/4032 [05:41<01:12,  8.98it/s, Loss=0.012304, Pos=0.012181, Vel=0.00006156]Epoch 2/200 [TRAIN]:  84%|████████▍ | 3384/4032 [05:41<01:12,  8.98it/s, Loss=0.012302, Pos=0.012179, Vel=0.00006155]Epoch 2/200 [TRAIN]:  84%|████████▍ | 3385/4032 [05:41<01:11,  9.00it/s, Loss=0.012302, Pos=0.012179, Vel=0.00006155]Epoch 2/200 [TRAIN]:  84%|████████▍ | 3385/4032 [05:41<01:11,  9.00it/s, Loss=0.012307, Pos=0.012184, Vel=0.00006156]Epoch 2/200 [TRAIN]:  84%|████████▍ | 3386/4032 [05:41<01:12,  8.86it/s, Loss=0.012307, Pos=0.012184, Vel=0.00006156]Epoch 2/200 [TRAIN]:  84%|████████▍ | 3386/4032 [05:41<01:12,  8.86it/s, Loss=0.012309, Pos=0.012186, Vel=0.00006155]Epoch 2/200 [TRAIN]:  84%|████████▍ | 3387/4032 [05:41<01:13,  8.83it/s, Loss=0.012309, Pos=0.012186, Vel=0.00006155]Epoch 2/200 [TRAIN]:  84%|████████▍ | 3387/4032 [05:41<01:13,  8.83it/s, Loss=0.012309, Pos=0.012186, Vel=0.00006156]Epoch 2/200 [TRAIN]:  84%|████████▍ | 3388/4032 [05:41<01:14,  8.67it/s, Loss=0.012309, Pos=0.012186, Vel=0.00006156]Epoch 2/200 [TRAIN]:  84%|████████▍ | 3388/4032 [05:41<01:14,  8.67it/s, Loss=0.012307, Pos=0.012184, Vel=0.00006155]Epoch 2/200 [TRAIN]:  84%|████████▍ | 3389/4032 [05:41<01:12,  8.92it/s, Loss=0.012307, Pos=0.012184, Vel=0.00006155]Epoch 2/200 [TRAIN]:  84%|████████▍ | 3389/4032 [05:42<01:12,  8.92it/s, Loss=0.012305, Pos=0.012182, Vel=0.00006153]Epoch 2/200 [TRAIN]:  84%|████████▍ | 3390/4032 [05:42<01:11,  8.92it/s, Loss=0.012305, Pos=0.012182, Vel=0.00006153]Epoch 2/200 [TRAIN]:  84%|████████▍ | 3390/4032 [05:42<01:11,  8.92it/s, Loss=0.012303, Pos=0.012180, Vel=0.00006153]Epoch 2/200 [TRAIN]:  84%|████████▍ | 3390/4032 [05:42<01:11,  8.92it/s, Loss=0.012303, Pos=0.012180, Vel=0.00006152]Epoch 2/200 [TRAIN]:  84%|████████▍ | 3392/4032 [05:42<01:03, 10.06it/s, Loss=0.012303, Pos=0.012180, Vel=0.00006152]Epoch 2/200 [TRAIN]:  84%|████████▍ | 3392/4032 [05:42<01:03, 10.06it/s, Loss=0.012312, Pos=0.012189, Vel=0.00006156]Epoch 2/200 [TRAIN]:  84%|████████▍ | 3392/4032 [05:42<01:03, 10.06it/s, Loss=0.012310, Pos=0.012187, Vel=0.00006156]Epoch 2/200 [TRAIN]:  84%|████████▍ | 3394/4032 [05:42<00:56, 11.20it/s, Loss=0.012310, Pos=0.012187, Vel=0.00006156]Epoch 2/200 [TRAIN]:  84%|████████▍ | 3394/4032 [05:42<00:56, 11.20it/s, Loss=0.012307, Pos=0.012184, Vel=0.00006155]Epoch 2/200 [TRAIN]:  84%|████████▍ | 3394/4032 [05:42<00:56, 11.20it/s, Loss=0.012305, Pos=0.012182, Vel=0.00006157]Epoch 2/200 [TRAIN]:  84%|████████▍ | 3396/4032 [05:42<01:03, 10.05it/s, Loss=0.012305, Pos=0.012182, Vel=0.00006157]Epoch 2/200 [TRAIN]:  84%|████████▍ | 3396/4032 [05:42<01:03, 10.05it/s, Loss=0.012303, Pos=0.012180, Vel=0.00006156]Epoch 2/200 [TRAIN]:  84%|████████▍ | 3396/4032 [05:42<01:03, 10.05it/s, Loss=0.012301, Pos=0.012178, Vel=0.00006155]Epoch 2/200 [TRAIN]:  84%|████████▍ | 3398/4032 [05:42<01:05,  9.72it/s, Loss=0.012301, Pos=0.012178, Vel=0.00006155]Epoch 2/200 [TRAIN]:  84%|████████▍ | 3398/4032 [05:42<01:05,  9.72it/s, Loss=0.012300, Pos=0.012177, Vel=0.00006154]Epoch 2/200 [TRAIN]:  84%|████████▍ | 3399/4032 [05:42<01:05,  9.71it/s, Loss=0.012300, Pos=0.012177, Vel=0.00006154]Epoch 2/200 [TRAIN]:  84%|████████▍ | 3399/4032 [05:43<01:05,  9.71it/s, Loss=0.012302, Pos=0.012179, Vel=0.00006156]Epoch 2/200 [TRAIN]:  84%|████████▍ | 3400/4032 [05:43<01:06,  9.56it/s, Loss=0.012302, Pos=0.012179, Vel=0.00006156]Epoch 2/200 [TRAIN]:  84%|████████▍ | 3400/4032 [05:43<01:06,  9.56it/s, Loss=0.012299, Pos=0.012176, Vel=0.00006154]Epoch 2/200 [TRAIN]:  84%|████████▍ | 3401/4032 [05:43<01:07,  9.38it/s, Loss=0.012299, Pos=0.012176, Vel=0.00006154]Epoch 2/200 [TRAIN]:  84%|████████▍ | 3401/4032 [05:43<01:07,  9.38it/s, Loss=0.012297, Pos=0.012174, Vel=0.00006154]Epoch 2/200 [TRAIN]:  84%|████████▍ | 3401/4032 [05:43<01:07,  9.38it/s, Loss=0.012295, Pos=0.012172, Vel=0.00006154]Epoch 2/200 [TRAIN]:  84%|████████▍ | 3403/4032 [05:43<00:58, 10.70it/s, Loss=0.012295, Pos=0.012172, Vel=0.00006154]Epoch 2/200 [TRAIN]:  84%|████████▍ | 3403/4032 [05:43<00:58, 10.70it/s, Loss=0.012297, Pos=0.012174, Vel=0.00006153]Epoch 2/200 [TRAIN]:  84%|████████▍ | 3403/4032 [05:43<00:58, 10.70it/s, Loss=0.012296, Pos=0.012173, Vel=0.00006154]Epoch 2/200 [TRAIN]:  84%|████████▍ | 3405/4032 [05:43<01:03,  9.80it/s, Loss=0.012296, Pos=0.012173, Vel=0.00006154]Epoch 2/200 [TRAIN]:  84%|████████▍ | 3405/4032 [05:43<01:03,  9.80it/s, Loss=0.012294, Pos=0.012171, Vel=0.00006153]Epoch 2/200 [TRAIN]:  84%|████████▍ | 3406/4032 [05:43<01:03,  9.82it/s, Loss=0.012294, Pos=0.012171, Vel=0.00006153]Epoch 2/200 [TRAIN]:  84%|████████▍ | 3406/4032 [05:43<01:03,  9.82it/s, Loss=0.012292, Pos=0.012169, Vel=0.00006153]Epoch 2/200 [TRAIN]:  84%|████████▍ | 3407/4032 [05:43<01:05,  9.52it/s, Loss=0.012292, Pos=0.012169, Vel=0.00006153]Epoch 2/200 [TRAIN]:  84%|████████▍ | 3407/4032 [05:43<01:05,  9.52it/s, Loss=0.012292, Pos=0.012169, Vel=0.00006153]Epoch 2/200 [TRAIN]:  85%|████████▍ | 3408/4032 [05:43<01:07,  9.27it/s, Loss=0.012292, Pos=0.012169, Vel=0.00006153]Epoch 2/200 [TRAIN]:  85%|████████▍ | 3408/4032 [05:44<01:07,  9.27it/s, Loss=0.012290, Pos=0.012167, Vel=0.00006153]Epoch 2/200 [TRAIN]:  85%|████████▍ | 3409/4032 [05:44<01:06,  9.30it/s, Loss=0.012290, Pos=0.012167, Vel=0.00006153]Epoch 2/200 [TRAIN]:  85%|████████▍ | 3409/4032 [05:44<01:06,  9.30it/s, Loss=0.012288, Pos=0.012165, Vel=0.00006152]Epoch 2/200 [TRAIN]:  85%|████████▍ | 3410/4032 [05:44<01:07,  9.22it/s, Loss=0.012288, Pos=0.012165, Vel=0.00006152]Epoch 2/200 [TRAIN]:  85%|████████▍ | 3410/4032 [05:44<01:07,  9.22it/s, Loss=0.012286, Pos=0.012163, Vel=0.00006153]Epoch 2/200 [TRAIN]:  85%|████████▍ | 3411/4032 [05:44<01:08,  9.11it/s, Loss=0.012286, Pos=0.012163, Vel=0.00006153]Epoch 2/200 [TRAIN]:  85%|████████▍ | 3411/4032 [05:44<01:08,  9.11it/s, Loss=0.012284, Pos=0.012161, Vel=0.00006154]Epoch 2/200 [TRAIN]:  85%|████████▍ | 3411/4032 [05:44<01:08,  9.11it/s, Loss=0.012282, Pos=0.012159, Vel=0.00006153]Epoch 2/200 [TRAIN]:  85%|████████▍ | 3413/4032 [05:44<01:01, 10.04it/s, Loss=0.012282, Pos=0.012159, Vel=0.00006153]Epoch 2/200 [TRAIN]:  85%|████████▍ | 3413/4032 [05:44<01:01, 10.04it/s, Loss=0.012280, Pos=0.012157, Vel=0.00006151]Epoch 2/200 [TRAIN]:  85%|████████▍ | 3413/4032 [05:44<01:01, 10.04it/s, Loss=0.012279, Pos=0.012156, Vel=0.00006151]Epoch 2/200 [TRAIN]:  85%|████████▍ | 3415/4032 [05:44<01:01,  9.99it/s, Loss=0.012279, Pos=0.012156, Vel=0.00006151]Epoch 2/200 [TRAIN]:  85%|████████▍ | 3415/4032 [05:44<01:01,  9.99it/s, Loss=0.012278, Pos=0.012155, Vel=0.00006152]Epoch 2/200 [TRAIN]:  85%|████████▍ | 3416/4032 [05:44<01:03,  9.70it/s, Loss=0.012278, Pos=0.012155, Vel=0.00006152]Epoch 2/200 [TRAIN]:  85%|████████▍ | 3416/4032 [05:44<01:03,  9.70it/s, Loss=0.012277, Pos=0.012154, Vel=0.00006151]Epoch 2/200 [TRAIN]:  85%|████████▍ | 3417/4032 [05:44<01:03,  9.70it/s, Loss=0.012277, Pos=0.012154, Vel=0.00006151]Epoch 2/200 [TRAIN]:  85%|████████▍ | 3417/4032 [05:44<01:03,  9.70it/s, Loss=0.012275, Pos=0.012152, Vel=0.00006152]Epoch 2/200 [TRAIN]:  85%|████████▍ | 3418/4032 [05:44<01:04,  9.47it/s, Loss=0.012275, Pos=0.012152, Vel=0.00006152]Epoch 2/200 [TRAIN]:  85%|████████▍ | 3418/4032 [05:45<01:04,  9.47it/s, Loss=0.012275, Pos=0.012152, Vel=0.00006152]Epoch 2/200 [TRAIN]:  85%|████████▍ | 3419/4032 [05:45<01:05,  9.33it/s, Loss=0.012275, Pos=0.012152, Vel=0.00006152]Epoch 2/200 [TRAIN]:  85%|████████▍ | 3419/4032 [05:45<01:05,  9.33it/s, Loss=0.012279, Pos=0.012156, Vel=0.00006154]Epoch 2/200 [TRAIN]:  85%|████████▍ | 3420/4032 [05:45<01:06,  9.21it/s, Loss=0.012279, Pos=0.012156, Vel=0.00006154]Epoch 2/200 [TRAIN]:  85%|████████▍ | 3420/4032 [05:45<01:06,  9.21it/s, Loss=0.012278, Pos=0.012154, Vel=0.00006153]Epoch 2/200 [TRAIN]:  85%|████████▍ | 3421/4032 [05:45<01:09,  8.85it/s, Loss=0.012278, Pos=0.012154, Vel=0.00006153]Epoch 2/200 [TRAIN]:  85%|████████▍ | 3421/4032 [05:45<01:09,  8.85it/s, Loss=0.012275, Pos=0.012152, Vel=0.00006152]Epoch 2/200 [TRAIN]:  85%|████████▍ | 3422/4032 [05:45<01:07,  8.99it/s, Loss=0.012275, Pos=0.012152, Vel=0.00006152]Epoch 2/200 [TRAIN]:  85%|████████▍ | 3422/4032 [05:45<01:07,  8.99it/s, Loss=0.012272, Pos=0.012149, Vel=0.00006151]Epoch 2/200 [TRAIN]:  85%|████████▍ | 3422/4032 [05:45<01:07,  8.99it/s, Loss=0.012270, Pos=0.012147, Vel=0.00006150]Epoch 2/200 [TRAIN]:  85%|████████▍ | 3424/4032 [05:45<01:00, 10.01it/s, Loss=0.012270, Pos=0.012147, Vel=0.00006150]Epoch 2/200 [TRAIN]:  85%|████████▍ | 3424/4032 [05:45<01:00, 10.01it/s, Loss=0.012269, Pos=0.012146, Vel=0.00006149]Epoch 2/200 [TRAIN]:  85%|████████▍ | 3424/4032 [05:45<01:00, 10.01it/s, Loss=0.012270, Pos=0.012147, Vel=0.00006153]Epoch 2/200 [TRAIN]:  85%|████████▍ | 3426/4032 [05:45<01:01,  9.79it/s, Loss=0.012270, Pos=0.012147, Vel=0.00006153]Epoch 2/200 [TRAIN]:  85%|████████▍ | 3426/4032 [05:45<01:01,  9.79it/s, Loss=0.012269, Pos=0.012146, Vel=0.00006152]Epoch 2/200 [TRAIN]:  85%|████████▍ | 3427/4032 [05:45<01:02,  9.68it/s, Loss=0.012269, Pos=0.012146, Vel=0.00006152]Epoch 2/200 [TRAIN]:  85%|████████▍ | 3427/4032 [05:46<01:02,  9.68it/s, Loss=0.012266, Pos=0.012143, Vel=0.00006151]Epoch 2/200 [TRAIN]:  85%|████████▌ | 3428/4032 [05:46<01:04,  9.43it/s, Loss=0.012266, Pos=0.012143, Vel=0.00006151]Epoch 2/200 [TRAIN]:  85%|████████▌ | 3428/4032 [05:46<01:04,  9.43it/s, Loss=0.012267, Pos=0.012144, Vel=0.00006150]Epoch 2/200 [TRAIN]:  85%|████████▌ | 3429/4032 [05:46<01:04,  9.31it/s, Loss=0.012267, Pos=0.012144, Vel=0.00006150]Epoch 2/200 [TRAIN]:  85%|████████▌ | 3429/4032 [05:46<01:04,  9.31it/s, Loss=0.012264, Pos=0.012141, Vel=0.00006148]Epoch 2/200 [TRAIN]:  85%|████████▌ | 3430/4032 [05:46<01:07,  8.96it/s, Loss=0.012264, Pos=0.012141, Vel=0.00006148]Epoch 2/200 [TRAIN]:  85%|████████▌ | 3430/4032 [05:46<01:07,  8.96it/s, Loss=0.012263, Pos=0.012140, Vel=0.00006147]Epoch 2/200 [TRAIN]:  85%|████████▌ | 3430/4032 [05:46<01:07,  8.96it/s, Loss=0.012264, Pos=0.012141, Vel=0.00006146]Epoch 2/200 [TRAIN]:  85%|████████▌ | 3432/4032 [05:46<00:59, 10.10it/s, Loss=0.012264, Pos=0.012141, Vel=0.00006146]Epoch 2/200 [TRAIN]:  85%|████████▌ | 3432/4032 [05:46<00:59, 10.10it/s, Loss=0.012262, Pos=0.012139, Vel=0.00006145]Epoch 2/200 [TRAIN]:  85%|████████▌ | 3433/4032 [05:46<01:00,  9.84it/s, Loss=0.012262, Pos=0.012139, Vel=0.00006145]Epoch 2/200 [TRAIN]:  85%|████████▌ | 3433/4032 [05:46<01:00,  9.84it/s, Loss=0.012261, Pos=0.012138, Vel=0.00006144]Epoch 2/200 [TRAIN]:  85%|████████▌ | 3433/4032 [05:46<01:00,  9.84it/s, Loss=0.012264, Pos=0.012141, Vel=0.00006145]Epoch 2/200 [TRAIN]:  85%|████████▌ | 3435/4032 [05:46<00:49, 11.97it/s, Loss=0.012264, Pos=0.012141, Vel=0.00006145]Epoch 2/200 [TRAIN]:  85%|████████▌ | 3435/4032 [05:46<00:49, 11.97it/s, Loss=0.012263, Pos=0.012140, Vel=0.00006144]Epoch 2/200 [TRAIN]:  85%|████████▌ | 3435/4032 [05:46<00:49, 11.97it/s, Loss=0.012263, Pos=0.012140, Vel=0.00006144]Epoch 2/200 [TRAIN]:  85%|████████▌ | 3437/4032 [05:46<00:55, 10.78it/s, Loss=0.012263, Pos=0.012140, Vel=0.00006144]Epoch 2/200 [TRAIN]:  85%|████████▌ | 3437/4032 [05:46<00:55, 10.78it/s, Loss=0.012269, Pos=0.012146, Vel=0.00006144]Epoch 2/200 [TRAIN]:  85%|████████▌ | 3437/4032 [05:47<00:55, 10.78it/s, Loss=0.012270, Pos=0.012147, Vel=0.00006145]Epoch 2/200 [TRAIN]:  85%|████████▌ | 3439/4032 [05:47<00:52, 11.38it/s, Loss=0.012270, Pos=0.012147, Vel=0.00006145]Epoch 2/200 [TRAIN]:  85%|████████▌ | 3439/4032 [05:47<00:52, 11.38it/s, Loss=0.012267, Pos=0.012145, Vel=0.00006145]Epoch 2/200 [TRAIN]:  85%|████████▌ | 3439/4032 [05:47<00:52, 11.38it/s, Loss=0.012265, Pos=0.012142, Vel=0.00006144]Epoch 2/200 [TRAIN]:  85%|████████▌ | 3441/4032 [05:47<00:49, 11.91it/s, Loss=0.012265, Pos=0.012142, Vel=0.00006144]Epoch 2/200 [TRAIN]:  85%|████████▌ | 3441/4032 [05:47<00:49, 11.91it/s, Loss=0.012263, Pos=0.012140, Vel=0.00006144]Epoch 2/200 [TRAIN]:  85%|████████▌ | 3441/4032 [05:47<00:49, 11.91it/s, Loss=0.012263, Pos=0.012140, Vel=0.00006144]Epoch 2/200 [TRAIN]:  85%|████████▌ | 3443/4032 [05:47<00:53, 10.94it/s, Loss=0.012263, Pos=0.012140, Vel=0.00006144]Epoch 2/200 [TRAIN]:  85%|████████▌ | 3443/4032 [05:47<00:53, 10.94it/s, Loss=0.012261, Pos=0.012138, Vel=0.00006143]Epoch 2/200 [TRAIN]:  85%|████████▌ | 3443/4032 [05:47<00:53, 10.94it/s, Loss=0.012259, Pos=0.012136, Vel=0.00006142]Epoch 2/200 [TRAIN]:  85%|████████▌ | 3445/4032 [05:47<00:57, 10.29it/s, Loss=0.012259, Pos=0.012136, Vel=0.00006142]Epoch 2/200 [TRAIN]:  85%|████████▌ | 3445/4032 [05:47<00:57, 10.29it/s, Loss=0.012258, Pos=0.012135, Vel=0.00006141]Epoch 2/200 [TRAIN]:  85%|████████▌ | 3445/4032 [05:47<00:57, 10.29it/s, Loss=0.012256, Pos=0.012133, Vel=0.00006140]Epoch 2/200 [TRAIN]:  85%|████████▌ | 3447/4032 [05:47<00:52, 11.18it/s, Loss=0.012256, Pos=0.012133, Vel=0.00006140]Epoch 2/200 [TRAIN]:  85%|████████▌ | 3447/4032 [05:47<00:52, 11.18it/s, Loss=0.012258, Pos=0.012136, Vel=0.00006140]Epoch 2/200 [TRAIN]:  85%|████████▌ | 3447/4032 [05:47<00:52, 11.18it/s, Loss=0.012263, Pos=0.012140, Vel=0.00006140]Epoch 2/200 [TRAIN]:  86%|████████▌ | 3449/4032 [05:47<00:55, 10.50it/s, Loss=0.012263, Pos=0.012140, Vel=0.00006140]Epoch 2/200 [TRAIN]:  86%|████████▌ | 3449/4032 [05:48<00:55, 10.50it/s, Loss=0.012270, Pos=0.012147, Vel=0.00006140]Epoch 2/200 [TRAIN]:  86%|████████▌ | 3449/4032 [05:48<00:55, 10.50it/s, Loss=0.012274, Pos=0.012151, Vel=0.00006142]Epoch 2/200 [TRAIN]:  86%|████████▌ | 3451/4032 [05:48<00:57, 10.19it/s, Loss=0.012274, Pos=0.012151, Vel=0.00006142]Epoch 2/200 [TRAIN]:  86%|████████▌ | 3451/4032 [05:48<00:57, 10.19it/s, Loss=0.012271, Pos=0.012148, Vel=0.00006141]Epoch 2/200 [TRAIN]:  86%|████████▌ | 3451/4032 [05:48<00:57, 10.19it/s, Loss=0.012270, Pos=0.012147, Vel=0.00006139]Epoch 2/200 [TRAIN]:  86%|████████▌ | 3453/4032 [05:48<00:58,  9.83it/s, Loss=0.012270, Pos=0.012147, Vel=0.00006139]Epoch 2/200 [TRAIN]:  86%|████████▌ | 3453/4032 [05:48<00:58,  9.83it/s, Loss=0.012268, Pos=0.012145, Vel=0.00006139]Epoch 2/200 [TRAIN]:  86%|████████▌ | 3453/4032 [05:48<00:58,  9.83it/s, Loss=0.012267, Pos=0.012144, Vel=0.00006143]Epoch 2/200 [TRAIN]:  86%|████████▌ | 3455/4032 [05:48<00:57,  9.98it/s, Loss=0.012267, Pos=0.012144, Vel=0.00006143]Epoch 2/200 [TRAIN]:  86%|████████▌ | 3455/4032 [05:48<00:57,  9.98it/s, Loss=0.012266, Pos=0.012143, Vel=0.00006145]Epoch 2/200 [TRAIN]:  86%|████████▌ | 3455/4032 [05:48<00:57,  9.98it/s, Loss=0.012265, Pos=0.012142, Vel=0.00006144]Epoch 2/200 [TRAIN]:  86%|████████▌ | 3457/4032 [05:48<00:58,  9.80it/s, Loss=0.012265, Pos=0.012142, Vel=0.00006144]Epoch 2/200 [TRAIN]:  86%|████████▌ | 3457/4032 [05:48<00:58,  9.80it/s, Loss=0.012262, Pos=0.012139, Vel=0.00006143]Epoch 2/200 [TRAIN]:  86%|████████▌ | 3458/4032 [05:48<01:00,  9.51it/s, Loss=0.012262, Pos=0.012139, Vel=0.00006143]Epoch 2/200 [TRAIN]:  86%|████████▌ | 3458/4032 [05:49<01:00,  9.51it/s, Loss=0.012265, Pos=0.012142, Vel=0.00006145]Epoch 2/200 [TRAIN]:  86%|████████▌ | 3458/4032 [05:49<01:00,  9.51it/s, Loss=0.012263, Pos=0.012140, Vel=0.00006144]Epoch 2/200 [TRAIN]:  86%|████████▌ | 3460/4032 [05:49<01:00,  9.40it/s, Loss=0.012263, Pos=0.012140, Vel=0.00006144]Epoch 2/200 [TRAIN]:  86%|████████▌ | 3460/4032 [05:49<01:00,  9.40it/s, Loss=0.012261, Pos=0.012138, Vel=0.00006143]Epoch 2/200 [TRAIN]:  86%|████████▌ | 3461/4032 [05:49<01:00,  9.42it/s, Loss=0.012261, Pos=0.012138, Vel=0.00006143]Epoch 2/200 [TRAIN]:  86%|████████▌ | 3461/4032 [05:49<01:00,  9.42it/s, Loss=0.012261, Pos=0.012138, Vel=0.00006146]Epoch 2/200 [TRAIN]:  86%|████████▌ | 3462/4032 [05:49<01:02,  9.11it/s, Loss=0.012261, Pos=0.012138, Vel=0.00006146]Epoch 2/200 [TRAIN]:  86%|████████▌ | 3462/4032 [05:49<01:02,  9.11it/s, Loss=0.012260, Pos=0.012137, Vel=0.00006147]Epoch 2/200 [TRAIN]:  86%|████████▌ | 3463/4032 [05:49<01:01,  9.26it/s, Loss=0.012260, Pos=0.012137, Vel=0.00006147]Epoch 2/200 [TRAIN]:  86%|████████▌ | 3463/4032 [05:49<01:01,  9.26it/s, Loss=0.012260, Pos=0.012137, Vel=0.00006146]Epoch 2/200 [TRAIN]:  86%|████████▌ | 3464/4032 [05:49<01:02,  9.02it/s, Loss=0.012260, Pos=0.012137, Vel=0.00006146]Epoch 2/200 [TRAIN]:  86%|████████▌ | 3464/4032 [05:49<01:02,  9.02it/s, Loss=0.012276, Pos=0.012154, Vel=0.00006147]Epoch 2/200 [TRAIN]:  86%|████████▌ | 3464/4032 [05:49<01:02,  9.02it/s, Loss=0.012275, Pos=0.012152, Vel=0.00006146]Epoch 2/200 [TRAIN]:  86%|████████▌ | 3466/4032 [05:49<00:53, 10.55it/s, Loss=0.012275, Pos=0.012152, Vel=0.00006146]Epoch 2/200 [TRAIN]:  86%|████████▌ | 3466/4032 [05:49<00:53, 10.55it/s, Loss=0.012275, Pos=0.012152, Vel=0.00006147]Epoch 2/200 [TRAIN]:  86%|████████▌ | 3466/4032 [05:49<00:53, 10.55it/s, Loss=0.012272, Pos=0.012149, Vel=0.00006146]Epoch 2/200 [TRAIN]:  86%|████████▌ | 3468/4032 [05:49<00:56,  9.95it/s, Loss=0.012272, Pos=0.012149, Vel=0.00006146]Epoch 2/200 [TRAIN]:  86%|████████▌ | 3468/4032 [05:49<00:56,  9.95it/s, Loss=0.012269, Pos=0.012146, Vel=0.00006144]Epoch 2/200 [TRAIN]:  86%|████████▌ | 3468/4032 [05:50<00:56,  9.95it/s, Loss=0.012268, Pos=0.012145, Vel=0.00006143]Epoch 2/200 [TRAIN]:  86%|████████▌ | 3470/4032 [05:50<00:50, 11.14it/s, Loss=0.012268, Pos=0.012145, Vel=0.00006143]Epoch 2/200 [TRAIN]:  86%|████████▌ | 3470/4032 [05:50<00:50, 11.14it/s, Loss=0.012265, Pos=0.012143, Vel=0.00006142]Epoch 2/200 [TRAIN]:  86%|████████▌ | 3470/4032 [05:50<00:50, 11.14it/s, Loss=0.012262, Pos=0.012139, Vel=0.00006140]Epoch 2/200 [TRAIN]:  86%|████████▌ | 3472/4032 [05:50<00:54, 10.26it/s, Loss=0.012262, Pos=0.012139, Vel=0.00006140]Epoch 2/200 [TRAIN]:  86%|████████▌ | 3472/4032 [05:50<00:54, 10.26it/s, Loss=0.012262, Pos=0.012139, Vel=0.00006141]Epoch 2/200 [TRAIN]:  86%|████████▌ | 3472/4032 [05:50<00:54, 10.26it/s, Loss=0.012260, Pos=0.012137, Vel=0.00006142]Epoch 2/200 [TRAIN]:  86%|████████▌ | 3474/4032 [05:50<00:50, 10.98it/s, Loss=0.012260, Pos=0.012137, Vel=0.00006142]Epoch 2/200 [TRAIN]:  86%|████████▌ | 3474/4032 [05:50<00:50, 10.98it/s, Loss=0.012263, Pos=0.012140, Vel=0.00006152]Epoch 2/200 [TRAIN]:  86%|████████▌ | 3474/4032 [05:50<00:50, 10.98it/s, Loss=0.012270, Pos=0.012146, Vel=0.00006161]Epoch 2/200 [TRAIN]:  86%|████████▌ | 3476/4032 [05:50<00:54, 10.28it/s, Loss=0.012270, Pos=0.012146, Vel=0.00006161]Epoch 2/200 [TRAIN]:  86%|████████▌ | 3476/4032 [05:50<00:54, 10.28it/s, Loss=0.012269, Pos=0.012145, Vel=0.00006163]Epoch 2/200 [TRAIN]:  86%|████████▌ | 3476/4032 [05:50<00:54, 10.28it/s, Loss=0.012267, Pos=0.012144, Vel=0.00006162]Epoch 2/200 [TRAIN]:  86%|████████▌ | 3476/4032 [05:50<00:54, 10.28it/s, Loss=0.012265, Pos=0.012142, Vel=0.00006160]Epoch 2/200 [TRAIN]:  86%|████████▋ | 3479/4032 [05:50<00:47, 11.56it/s, Loss=0.012265, Pos=0.012142, Vel=0.00006160]Epoch 2/200 [TRAIN]:  86%|████████▋ | 3479/4032 [05:50<00:47, 11.56it/s, Loss=0.012262, Pos=0.012139, Vel=0.00006160]Epoch 2/200 [TRAIN]:  86%|████████▋ | 3479/4032 [05:51<00:47, 11.56it/s, Loss=0.012265, Pos=0.012142, Vel=0.00006159]Epoch 2/200 [TRAIN]:  86%|████████▋ | 3481/4032 [05:51<00:49, 11.10it/s, Loss=0.012265, Pos=0.012142, Vel=0.00006159]Epoch 2/200 [TRAIN]:  86%|████████▋ | 3481/4032 [05:51<00:49, 11.10it/s, Loss=0.012263, Pos=0.012140, Vel=0.00006166]Epoch 2/200 [TRAIN]:  86%|████████▋ | 3481/4032 [05:51<00:49, 11.10it/s, Loss=0.012262, Pos=0.012138, Vel=0.00006168]Epoch 2/200 [TRAIN]:  86%|████████▋ | 3483/4032 [05:51<00:49, 11.08it/s, Loss=0.012262, Pos=0.012138, Vel=0.00006168]Epoch 2/200 [TRAIN]:  86%|████████▋ | 3483/4032 [05:51<00:49, 11.08it/s, Loss=0.012259, Pos=0.012136, Vel=0.00006167]Epoch 2/200 [TRAIN]:  86%|████████▋ | 3483/4032 [05:51<00:49, 11.08it/s, Loss=0.012257, Pos=0.012134, Vel=0.00006165]Epoch 2/200 [TRAIN]:  86%|████████▋ | 3485/4032 [05:51<00:46, 11.84it/s, Loss=0.012257, Pos=0.012134, Vel=0.00006165]Epoch 2/200 [TRAIN]:  86%|████████▋ | 3485/4032 [05:51<00:46, 11.84it/s, Loss=0.012257, Pos=0.012134, Vel=0.00006165]Epoch 2/200 [TRAIN]:  86%|████████▋ | 3485/4032 [05:51<00:46, 11.84it/s, Loss=0.012257, Pos=0.012134, Vel=0.00006165]Epoch 2/200 [TRAIN]:  86%|████████▋ | 3487/4032 [05:51<00:48, 11.24it/s, Loss=0.012257, Pos=0.012134, Vel=0.00006165]Epoch 2/200 [TRAIN]:  86%|████████▋ | 3487/4032 [05:51<00:48, 11.24it/s, Loss=0.012257, Pos=0.012134, Vel=0.00006165]Epoch 2/200 [TRAIN]:  86%|████████▋ | 3487/4032 [05:51<00:48, 11.24it/s, Loss=0.012255, Pos=0.012132, Vel=0.00006167]Epoch 2/200 [TRAIN]:  87%|████████▋ | 3489/4032 [05:51<00:52, 10.43it/s, Loss=0.012255, Pos=0.012132, Vel=0.00006167]Epoch 2/200 [TRAIN]:  87%|████████▋ | 3489/4032 [05:51<00:52, 10.43it/s, Loss=0.012254, Pos=0.012130, Vel=0.00006165]Epoch 2/200 [TRAIN]:  87%|████████▋ | 3489/4032 [05:52<00:52, 10.43it/s, Loss=0.012254, Pos=0.012130, Vel=0.00006164]Epoch 2/200 [TRAIN]:  87%|████████▋ | 3491/4032 [05:52<00:51, 10.45it/s, Loss=0.012254, Pos=0.012130, Vel=0.00006164]Epoch 2/200 [TRAIN]:  87%|████████▋ | 3491/4032 [05:52<00:51, 10.45it/s, Loss=0.012255, Pos=0.012131, Vel=0.00006168]Epoch 2/200 [TRAIN]:  87%|████████▋ | 3491/4032 [05:52<00:51, 10.45it/s, Loss=0.012254, Pos=0.012130, Vel=0.00006167]Epoch 2/200 [TRAIN]:  87%|████████▋ | 3493/4032 [05:52<00:54,  9.90it/s, Loss=0.012254, Pos=0.012130, Vel=0.00006167]Epoch 2/200 [TRAIN]:  87%|████████▋ | 3493/4032 [05:52<00:54,  9.90it/s, Loss=0.012258, Pos=0.012135, Vel=0.00006170]Epoch 2/200 [TRAIN]:  87%|████████▋ | 3493/4032 [05:52<00:54,  9.90it/s, Loss=0.012263, Pos=0.012139, Vel=0.00006170]Epoch 2/200 [TRAIN]:  87%|████████▋ | 3495/4032 [05:52<00:56,  9.55it/s, Loss=0.012263, Pos=0.012139, Vel=0.00006170]Epoch 2/200 [TRAIN]:  87%|████████▋ | 3495/4032 [05:52<00:56,  9.55it/s, Loss=0.012261, Pos=0.012137, Vel=0.00006169]Epoch 2/200 [TRAIN]:  87%|████████▋ | 3495/4032 [05:52<00:56,  9.55it/s, Loss=0.012260, Pos=0.012137, Vel=0.00006169]Epoch 2/200 [TRAIN]:  87%|████████▋ | 3497/4032 [05:52<00:55,  9.66it/s, Loss=0.012260, Pos=0.012137, Vel=0.00006169]Epoch 2/200 [TRAIN]:  87%|████████▋ | 3497/4032 [05:52<00:55,  9.66it/s, Loss=0.012258, Pos=0.012134, Vel=0.00006169]Epoch 2/200 [TRAIN]:  87%|████████▋ | 3498/4032 [05:52<00:55,  9.67it/s, Loss=0.012258, Pos=0.012134, Vel=0.00006169]Epoch 2/200 [TRAIN]:  87%|████████▋ | 3498/4032 [05:52<00:55,  9.67it/s, Loss=0.012257, Pos=0.012134, Vel=0.00006168]Epoch 2/200 [TRAIN]:  87%|████████▋ | 3499/4032 [05:52<00:56,  9.41it/s, Loss=0.012257, Pos=0.012134, Vel=0.00006168]Epoch 2/200 [TRAIN]:  87%|████████▋ | 3499/4032 [05:53<00:56,  9.41it/s, Loss=0.012258, Pos=0.012134, Vel=0.00006167]Epoch 2/200 [TRAIN]:  87%|████████▋ | 3499/4032 [05:53<00:56,  9.41it/s, Loss=0.012257, Pos=0.012133, Vel=0.00006167]Epoch 2/200 [TRAIN]:  87%|████████▋ | 3501/4032 [05:53<00:55,  9.57it/s, Loss=0.012257, Pos=0.012133, Vel=0.00006167]Epoch 2/200 [TRAIN]:  87%|████████▋ | 3501/4032 [05:53<00:55,  9.57it/s, Loss=0.012255, Pos=0.012132, Vel=0.00006166]Epoch 2/200 [TRAIN]:  87%|████████▋ | 3502/4032 [05:53<00:56,  9.34it/s, Loss=0.012255, Pos=0.012132, Vel=0.00006166]Epoch 2/200 [TRAIN]:  87%|████████▋ | 3502/4032 [05:53<00:56,  9.34it/s, Loss=0.012253, Pos=0.012129, Vel=0.00006165]Epoch 2/200 [TRAIN]:  87%|████████▋ | 3503/4032 [05:53<00:56,  9.40it/s, Loss=0.012253, Pos=0.012129, Vel=0.00006165]Epoch 2/200 [TRAIN]:  87%|████████▋ | 3503/4032 [05:53<00:56,  9.40it/s, Loss=0.012254, Pos=0.012130, Vel=0.00006165]Epoch 2/200 [TRAIN]:  87%|████████▋ | 3503/4032 [05:53<00:56,  9.40it/s, Loss=0.012253, Pos=0.012129, Vel=0.00006164]Epoch 2/200 [TRAIN]:  87%|████████▋ | 3505/4032 [05:53<00:56,  9.41it/s, Loss=0.012253, Pos=0.012129, Vel=0.00006164]Epoch 2/200 [TRAIN]:  87%|████████▋ | 3505/4032 [05:53<00:56,  9.41it/s, Loss=0.012253, Pos=0.012130, Vel=0.00006164]Epoch 2/200 [TRAIN]:  87%|████████▋ | 3505/4032 [05:53<00:56,  9.41it/s, Loss=0.012253, Pos=0.012130, Vel=0.00006163]Epoch 2/200 [TRAIN]:  87%|████████▋ | 3507/4032 [05:53<00:55,  9.54it/s, Loss=0.012253, Pos=0.012130, Vel=0.00006163]Epoch 2/200 [TRAIN]:  87%|████████▋ | 3507/4032 [05:53<00:55,  9.54it/s, Loss=0.012254, Pos=0.012131, Vel=0.00006162]Epoch 2/200 [TRAIN]:  87%|████████▋ | 3508/4032 [05:53<00:55,  9.44it/s, Loss=0.012254, Pos=0.012131, Vel=0.00006162]Epoch 2/200 [TRAIN]:  87%|████████▋ | 3508/4032 [05:53<00:55,  9.44it/s, Loss=0.012253, Pos=0.012129, Vel=0.00006162]Epoch 2/200 [TRAIN]:  87%|████████▋ | 3509/4032 [05:53<00:57,  9.14it/s, Loss=0.012253, Pos=0.012129, Vel=0.00006162]Epoch 2/200 [TRAIN]:  87%|████████▋ | 3509/4032 [05:54<00:57,  9.14it/s, Loss=0.012250, Pos=0.012127, Vel=0.00006162]Epoch 2/200 [TRAIN]:  87%|████████▋ | 3510/4032 [05:54<00:56,  9.20it/s, Loss=0.012250, Pos=0.012127, Vel=0.00006162]Epoch 2/200 [TRAIN]:  87%|████████▋ | 3510/4032 [05:54<00:56,  9.20it/s, Loss=0.012247, Pos=0.012124, Vel=0.00006162]Epoch 2/200 [TRAIN]:  87%|████████▋ | 3511/4032 [05:54<00:55,  9.35it/s, Loss=0.012247, Pos=0.012124, Vel=0.00006162]Epoch 2/200 [TRAIN]:  87%|████████▋ | 3511/4032 [05:54<00:55,  9.35it/s, Loss=0.012247, Pos=0.012123, Vel=0.00006162]Epoch 2/200 [TRAIN]:  87%|████████▋ | 3512/4032 [05:54<00:57,  9.12it/s, Loss=0.012247, Pos=0.012123, Vel=0.00006162]Epoch 2/200 [TRAIN]:  87%|████████▋ | 3512/4032 [05:54<00:57,  9.12it/s, Loss=0.012244, Pos=0.012121, Vel=0.00006162]Epoch 2/200 [TRAIN]:  87%|████████▋ | 3512/4032 [05:54<00:57,  9.12it/s, Loss=0.012245, Pos=0.012122, Vel=0.00006164]Epoch 2/200 [TRAIN]:  87%|████████▋ | 3514/4032 [05:54<00:54,  9.42it/s, Loss=0.012245, Pos=0.012122, Vel=0.00006164]Epoch 2/200 [TRAIN]:  87%|████████▋ | 3514/4032 [05:54<00:54,  9.42it/s, Loss=0.012246, Pos=0.012122, Vel=0.00006164]Epoch 2/200 [TRAIN]:  87%|████████▋ | 3515/4032 [05:54<00:56,  9.19it/s, Loss=0.012246, Pos=0.012122, Vel=0.00006164]Epoch 2/200 [TRAIN]:  87%|████████▋ | 3515/4032 [05:54<00:56,  9.19it/s, Loss=0.012244, Pos=0.012120, Vel=0.00006163]Epoch 2/200 [TRAIN]:  87%|████████▋ | 3515/4032 [05:54<00:56,  9.19it/s, Loss=0.012242, Pos=0.012119, Vel=0.00006168]Epoch 2/200 [TRAIN]:  87%|████████▋ | 3517/4032 [05:54<00:54,  9.46it/s, Loss=0.012242, Pos=0.012119, Vel=0.00006168]Epoch 2/200 [TRAIN]:  87%|████████▋ | 3517/4032 [05:54<00:54,  9.46it/s, Loss=0.012240, Pos=0.012117, Vel=0.00006167]Epoch 2/200 [TRAIN]:  87%|████████▋ | 3518/4032 [05:54<00:55,  9.18it/s, Loss=0.012240, Pos=0.012117, Vel=0.00006167]Epoch 2/200 [TRAIN]:  87%|████████▋ | 3518/4032 [05:55<00:55,  9.18it/s, Loss=0.012238, Pos=0.012115, Vel=0.00006167]Epoch 2/200 [TRAIN]:  87%|████████▋ | 3518/4032 [05:55<00:55,  9.18it/s, Loss=0.012239, Pos=0.012115, Vel=0.00006168]Epoch 2/200 [TRAIN]:  87%|████████▋ | 3520/4032 [05:55<00:53,  9.65it/s, Loss=0.012239, Pos=0.012115, Vel=0.00006168]Epoch 2/200 [TRAIN]:  87%|████████▋ | 3520/4032 [05:55<00:53,  9.65it/s, Loss=0.012238, Pos=0.012115, Vel=0.00006168]Epoch 2/200 [TRAIN]:  87%|████████▋ | 3521/4032 [05:55<00:54,  9.40it/s, Loss=0.012238, Pos=0.012115, Vel=0.00006168]Epoch 2/200 [TRAIN]:  87%|████████▋ | 3521/4032 [05:55<00:54,  9.40it/s, Loss=0.012239, Pos=0.012115, Vel=0.00006168]Epoch 2/200 [TRAIN]:  87%|████████▋ | 3521/4032 [05:55<00:54,  9.40it/s, Loss=0.012237, Pos=0.012113, Vel=0.00006169]Epoch 2/200 [TRAIN]:  87%|████████▋ | 3523/4032 [05:55<00:49, 10.32it/s, Loss=0.012237, Pos=0.012113, Vel=0.00006169]Epoch 2/200 [TRAIN]:  87%|████████▋ | 3523/4032 [05:55<00:49, 10.32it/s, Loss=0.012236, Pos=0.012113, Vel=0.00006167]Epoch 2/200 [TRAIN]:  87%|████████▋ | 3523/4032 [05:55<00:49, 10.32it/s, Loss=0.012235, Pos=0.012112, Vel=0.00006167]Epoch 2/200 [TRAIN]:  87%|████████▋ | 3525/4032 [05:55<00:45, 11.15it/s, Loss=0.012235, Pos=0.012112, Vel=0.00006167]Epoch 2/200 [TRAIN]:  87%|████████▋ | 3525/4032 [05:55<00:45, 11.15it/s, Loss=0.012236, Pos=0.012113, Vel=0.00006168]Epoch 2/200 [TRAIN]:  87%|████████▋ | 3525/4032 [05:55<00:45, 11.15it/s, Loss=0.012235, Pos=0.012111, Vel=0.00006167]Epoch 2/200 [TRAIN]:  87%|████████▋ | 3527/4032 [05:55<00:47, 10.61it/s, Loss=0.012235, Pos=0.012111, Vel=0.00006167]Epoch 2/200 [TRAIN]:  87%|████████▋ | 3527/4032 [05:55<00:47, 10.61it/s, Loss=0.012232, Pos=0.012109, Vel=0.00006165]Epoch 2/200 [TRAIN]:  87%|████████▋ | 3527/4032 [05:56<00:47, 10.61it/s, Loss=0.012230, Pos=0.012107, Vel=0.00006167]Epoch 2/200 [TRAIN]:  88%|████████▊ | 3529/4032 [05:56<00:50,  9.98it/s, Loss=0.012230, Pos=0.012107, Vel=0.00006167]Epoch 2/200 [TRAIN]:  88%|████████▊ | 3529/4032 [05:56<00:50,  9.98it/s, Loss=0.012232, Pos=0.012109, Vel=0.00006167]Epoch 2/200 [TRAIN]:  88%|████████▊ | 3529/4032 [05:56<00:50,  9.98it/s, Loss=0.012231, Pos=0.012108, Vel=0.00006166]Epoch 2/200 [TRAIN]:  88%|████████▊ | 3531/4032 [05:56<00:50,  9.92it/s, Loss=0.012231, Pos=0.012108, Vel=0.00006166]Epoch 2/200 [TRAIN]:  88%|████████▊ | 3531/4032 [05:56<00:50,  9.92it/s, Loss=0.012230, Pos=0.012106, Vel=0.00006166]Epoch 2/200 [TRAIN]:  88%|████████▊ | 3532/4032 [05:56<00:51,  9.73it/s, Loss=0.012230, Pos=0.012106, Vel=0.00006166]Epoch 2/200 [TRAIN]:  88%|████████▊ | 3532/4032 [05:56<00:51,  9.73it/s, Loss=0.012229, Pos=0.012106, Vel=0.00006165]Epoch 2/200 [TRAIN]:  88%|████████▊ | 3533/4032 [05:56<00:51,  9.62it/s, Loss=0.012229, Pos=0.012106, Vel=0.00006165]Epoch 2/200 [TRAIN]:  88%|████████▊ | 3533/4032 [05:56<00:51,  9.62it/s, Loss=0.012228, Pos=0.012105, Vel=0.00006164]Epoch 2/200 [TRAIN]:  88%|████████▊ | 3534/4032 [05:56<00:52,  9.54it/s, Loss=0.012228, Pos=0.012105, Vel=0.00006164]Epoch 2/200 [TRAIN]:  88%|████████▊ | 3534/4032 [05:56<00:52,  9.54it/s, Loss=0.012226, Pos=0.012102, Vel=0.00006164]Epoch 2/200 [TRAIN]:  88%|████████▊ | 3535/4032 [05:56<00:52,  9.42it/s, Loss=0.012226, Pos=0.012102, Vel=0.00006164]Epoch 2/200 [TRAIN]:  88%|████████▊ | 3535/4032 [05:56<00:52,  9.42it/s, Loss=0.012224, Pos=0.012100, Vel=0.00006163]Epoch 2/200 [TRAIN]:  88%|████████▊ | 3536/4032 [05:56<00:54,  9.13it/s, Loss=0.012224, Pos=0.012100, Vel=0.00006163]Epoch 2/200 [TRAIN]:  88%|████████▊ | 3536/4032 [05:56<00:54,  9.13it/s, Loss=0.012226, Pos=0.012103, Vel=0.00006164]Epoch 2/200 [TRAIN]:  88%|████████▊ | 3536/4032 [05:56<00:54,  9.13it/s, Loss=0.012229, Pos=0.012106, Vel=0.00006166]Epoch 2/200 [TRAIN]:  88%|████████▊ | 3538/4032 [05:56<00:52,  9.35it/s, Loss=0.012229, Pos=0.012106, Vel=0.00006166]Epoch 2/200 [TRAIN]:  88%|████████▊ | 3538/4032 [05:57<00:52,  9.35it/s, Loss=0.012228, Pos=0.012104, Vel=0.00006166]Epoch 2/200 [TRAIN]:  88%|████████▊ | 3539/4032 [05:57<00:52,  9.32it/s, Loss=0.012228, Pos=0.012104, Vel=0.00006166]Epoch 2/200 [TRAIN]:  88%|████████▊ | 3539/4032 [05:57<00:52,  9.32it/s, Loss=0.012225, Pos=0.012102, Vel=0.00006165]Epoch 2/200 [TRAIN]:  88%|████████▊ | 3540/4032 [05:57<00:52,  9.30it/s, Loss=0.012225, Pos=0.012102, Vel=0.00006165]Epoch 2/200 [TRAIN]:  88%|████████▊ | 3540/4032 [05:57<00:52,  9.30it/s, Loss=0.012224, Pos=0.012101, Vel=0.00006165]Epoch 2/200 [TRAIN]:  88%|████████▊ | 3540/4032 [05:57<00:52,  9.30it/s, Loss=0.012229, Pos=0.012105, Vel=0.00006165]Epoch 2/200 [TRAIN]:  88%|████████▊ | 3542/4032 [05:57<00:50,  9.66it/s, Loss=0.012229, Pos=0.012105, Vel=0.00006165]Epoch 2/200 [TRAIN]:  88%|████████▊ | 3542/4032 [05:57<00:50,  9.66it/s, Loss=0.012226, Pos=0.012103, Vel=0.00006163]Epoch 2/200 [TRAIN]:  88%|████████▊ | 3542/4032 [05:57<00:50,  9.66it/s, Loss=0.012226, Pos=0.012102, Vel=0.00006165]Epoch 2/200 [TRAIN]:  88%|████████▊ | 3544/4032 [05:57<00:42, 11.48it/s, Loss=0.012226, Pos=0.012102, Vel=0.00006165]Epoch 2/200 [TRAIN]:  88%|████████▊ | 3544/4032 [05:57<00:42, 11.48it/s, Loss=0.012225, Pos=0.012102, Vel=0.00006169]Epoch 2/200 [TRAIN]:  88%|████████▊ | 3544/4032 [05:57<00:42, 11.48it/s, Loss=0.012243, Pos=0.012120, Vel=0.00006171]Epoch 2/200 [TRAIN]:  88%|████████▊ | 3546/4032 [05:57<00:45, 10.65it/s, Loss=0.012243, Pos=0.012120, Vel=0.00006171]Epoch 2/200 [TRAIN]:  88%|████████▊ | 3546/4032 [05:57<00:45, 10.65it/s, Loss=0.012241, Pos=0.012117, Vel=0.00006170]Epoch 2/200 [TRAIN]:  88%|████████▊ | 3546/4032 [05:57<00:45, 10.65it/s, Loss=0.012244, Pos=0.012120, Vel=0.00006169]Epoch 2/200 [TRAIN]:  88%|████████▊ | 3548/4032 [05:57<00:46, 10.39it/s, Loss=0.012244, Pos=0.012120, Vel=0.00006169]Epoch 2/200 [TRAIN]:  88%|████████▊ | 3548/4032 [05:58<00:46, 10.39it/s, Loss=0.012243, Pos=0.012120, Vel=0.00006169]Epoch 2/200 [TRAIN]:  88%|████████▊ | 3548/4032 [05:58<00:46, 10.39it/s, Loss=0.012241, Pos=0.012118, Vel=0.00006171]Epoch 2/200 [TRAIN]:  88%|████████▊ | 3550/4032 [05:58<00:44, 10.80it/s, Loss=0.012241, Pos=0.012118, Vel=0.00006171]Epoch 2/200 [TRAIN]:  88%|████████▊ | 3550/4032 [05:58<00:44, 10.80it/s, Loss=0.012241, Pos=0.012118, Vel=0.00006172]Epoch 2/200 [TRAIN]:  88%|████████▊ | 3550/4032 [05:58<00:44, 10.80it/s, Loss=0.012244, Pos=0.012121, Vel=0.00006171]Epoch 2/200 [TRAIN]:  88%|████████▊ | 3552/4032 [05:58<00:44, 10.71it/s, Loss=0.012244, Pos=0.012121, Vel=0.00006171]Epoch 2/200 [TRAIN]:  88%|████████▊ | 3552/4032 [05:58<00:44, 10.71it/s, Loss=0.012242, Pos=0.012118, Vel=0.00006170]Epoch 2/200 [TRAIN]:  88%|████████▊ | 3552/4032 [05:58<00:44, 10.71it/s, Loss=0.012239, Pos=0.012116, Vel=0.00006170]Epoch 2/200 [TRAIN]:  88%|████████▊ | 3554/4032 [05:58<00:41, 11.51it/s, Loss=0.012239, Pos=0.012116, Vel=0.00006170]Epoch 2/200 [TRAIN]:  88%|████████▊ | 3554/4032 [05:58<00:41, 11.51it/s, Loss=0.012246, Pos=0.012122, Vel=0.00006172]Epoch 2/200 [TRAIN]:  88%|████████▊ | 3554/4032 [05:58<00:41, 11.51it/s, Loss=0.012245, Pos=0.012121, Vel=0.00006171]Epoch 2/200 [TRAIN]:  88%|████████▊ | 3556/4032 [05:58<00:42, 11.09it/s, Loss=0.012245, Pos=0.012121, Vel=0.00006171]Epoch 2/200 [TRAIN]:  88%|████████▊ | 3556/4032 [05:58<00:42, 11.09it/s, Loss=0.012243, Pos=0.012119, Vel=0.00006171]Epoch 2/200 [TRAIN]:  88%|████████▊ | 3556/4032 [05:58<00:42, 11.09it/s, Loss=0.012247, Pos=0.012124, Vel=0.00006169]Epoch 2/200 [TRAIN]:  88%|████████▊ | 3558/4032 [05:58<00:45, 10.46it/s, Loss=0.012247, Pos=0.012124, Vel=0.00006169]Epoch 2/200 [TRAIN]:  88%|████████▊ | 3558/4032 [05:58<00:45, 10.46it/s, Loss=0.012248, Pos=0.012124, Vel=0.00006171]Epoch 2/200 [TRAIN]:  88%|████████▊ | 3558/4032 [05:58<00:45, 10.46it/s, Loss=0.012253, Pos=0.012129, Vel=0.00006176]Epoch 2/200 [TRAIN]:  88%|████████▊ | 3560/4032 [05:58<00:39, 11.88it/s, Loss=0.012253, Pos=0.012129, Vel=0.00006176]Epoch 2/200 [TRAIN]:  88%|████████▊ | 3560/4032 [05:59<00:39, 11.88it/s, Loss=0.012267, Pos=0.012144, Vel=0.00006175]Epoch 2/200 [TRAIN]:  88%|████████▊ | 3560/4032 [05:59<00:39, 11.88it/s, Loss=0.012264, Pos=0.012141, Vel=0.00006173]Epoch 2/200 [TRAIN]:  88%|████████▊ | 3562/4032 [05:59<00:38, 12.20it/s, Loss=0.012264, Pos=0.012141, Vel=0.00006173]Epoch 2/200 [TRAIN]:  88%|████████▊ | 3562/4032 [05:59<00:38, 12.20it/s, Loss=0.012262, Pos=0.012139, Vel=0.00006173]Epoch 2/200 [TRAIN]:  88%|████████▊ | 3562/4032 [05:59<00:38, 12.20it/s, Loss=0.012259, Pos=0.012136, Vel=0.00006171]Epoch 2/200 [TRAIN]:  88%|████████▊ | 3564/4032 [05:59<00:42, 11.13it/s, Loss=0.012259, Pos=0.012136, Vel=0.00006171]Epoch 2/200 [TRAIN]:  88%|████████▊ | 3564/4032 [05:59<00:42, 11.13it/s, Loss=0.012256, Pos=0.012133, Vel=0.00006170]Epoch 2/200 [TRAIN]:  88%|████████▊ | 3564/4032 [05:59<00:42, 11.13it/s, Loss=0.012255, Pos=0.012132, Vel=0.00006169]Epoch 2/200 [TRAIN]:  88%|████████▊ | 3566/4032 [05:59<00:43, 10.70it/s, Loss=0.012255, Pos=0.012132, Vel=0.00006169]Epoch 2/200 [TRAIN]:  88%|████████▊ | 3566/4032 [05:59<00:43, 10.70it/s, Loss=0.012255, Pos=0.012132, Vel=0.00006168]Epoch 2/200 [TRAIN]:  88%|████████▊ | 3566/4032 [05:59<00:43, 10.70it/s, Loss=0.012253, Pos=0.012129, Vel=0.00006168]Epoch 2/200 [TRAIN]:  88%|████████▊ | 3568/4032 [05:59<00:44, 10.35it/s, Loss=0.012253, Pos=0.012129, Vel=0.00006168]Epoch 2/200 [TRAIN]:  88%|████████▊ | 3568/4032 [05:59<00:44, 10.35it/s, Loss=0.012254, Pos=0.012131, Vel=0.00006169]Epoch 2/200 [TRAIN]:  88%|████████▊ | 3568/4032 [05:59<00:44, 10.35it/s, Loss=0.012252, Pos=0.012128, Vel=0.00006169]Epoch 2/200 [TRAIN]:  89%|████████▊ | 3570/4032 [05:59<00:44, 10.32it/s, Loss=0.012252, Pos=0.012128, Vel=0.00006169]Epoch 2/200 [TRAIN]:  89%|████████▊ | 3570/4032 [06:00<00:44, 10.32it/s, Loss=0.012253, Pos=0.012130, Vel=0.00006168]Epoch 2/200 [TRAIN]:  89%|████████▊ | 3570/4032 [06:00<00:44, 10.32it/s, Loss=0.012251, Pos=0.012128, Vel=0.00006169]Epoch 2/200 [TRAIN]:  89%|████████▊ | 3572/4032 [06:00<00:46,  9.99it/s, Loss=0.012251, Pos=0.012128, Vel=0.00006169]Epoch 2/200 [TRAIN]:  89%|████████▊ | 3572/4032 [06:00<00:46,  9.99it/s, Loss=0.012251, Pos=0.012128, Vel=0.00006168]Epoch 2/200 [TRAIN]:  89%|████████▊ | 3572/4032 [06:00<00:46,  9.99it/s, Loss=0.012249, Pos=0.012125, Vel=0.00006167]Epoch 2/200 [TRAIN]:  89%|████████▊ | 3574/4032 [06:00<00:43, 10.50it/s, Loss=0.012249, Pos=0.012125, Vel=0.00006167]Epoch 2/200 [TRAIN]:  89%|████████▊ | 3574/4032 [06:00<00:43, 10.50it/s, Loss=0.012247, Pos=0.012124, Vel=0.00006167]Epoch 2/200 [TRAIN]:  89%|████████▊ | 3574/4032 [06:00<00:43, 10.50it/s, Loss=0.012246, Pos=0.012122, Vel=0.00006167]Epoch 2/200 [TRAIN]:  89%|████████▊ | 3576/4032 [06:00<00:45, 10.06it/s, Loss=0.012246, Pos=0.012122, Vel=0.00006167]Epoch 2/200 [TRAIN]:  89%|████████▊ | 3576/4032 [06:00<00:45, 10.06it/s, Loss=0.012244, Pos=0.012121, Vel=0.00006166]Epoch 2/200 [TRAIN]:  89%|████████▊ | 3576/4032 [06:00<00:45, 10.06it/s, Loss=0.012244, Pos=0.012121, Vel=0.00006165]Epoch 2/200 [TRAIN]:  89%|████████▊ | 3578/4032 [06:00<00:45, 10.00it/s, Loss=0.012244, Pos=0.012121, Vel=0.00006165]Epoch 2/200 [TRAIN]:  89%|████████▊ | 3578/4032 [06:00<00:45, 10.00it/s, Loss=0.012242, Pos=0.012119, Vel=0.00006164]Epoch 2/200 [TRAIN]:  89%|████████▊ | 3578/4032 [06:00<00:45, 10.00it/s, Loss=0.012242, Pos=0.012119, Vel=0.00006163]Epoch 2/200 [TRAIN]:  89%|████████▉ | 3580/4032 [06:00<00:46,  9.79it/s, Loss=0.012242, Pos=0.012119, Vel=0.00006163]Epoch 2/200 [TRAIN]:  89%|████████▉ | 3580/4032 [06:01<00:46,  9.79it/s, Loss=0.012241, Pos=0.012118, Vel=0.00006163]Epoch 2/200 [TRAIN]:  89%|████████▉ | 3581/4032 [06:01<00:47,  9.59it/s, Loss=0.012241, Pos=0.012118, Vel=0.00006163]Epoch 2/200 [TRAIN]:  89%|████████▉ | 3581/4032 [06:01<00:47,  9.59it/s, Loss=0.012240, Pos=0.012117, Vel=0.00006164]Epoch 2/200 [TRAIN]:  89%|████████▉ | 3582/4032 [06:01<00:47,  9.50it/s, Loss=0.012240, Pos=0.012117, Vel=0.00006164]Epoch 2/200 [TRAIN]:  89%|████████▉ | 3582/4032 [06:01<00:47,  9.50it/s, Loss=0.012244, Pos=0.012121, Vel=0.00006169]Epoch 2/200 [TRAIN]:  89%|████████▉ | 3583/4032 [06:01<00:47,  9.46it/s, Loss=0.012244, Pos=0.012121, Vel=0.00006169]Epoch 2/200 [TRAIN]:  89%|████████▉ | 3583/4032 [06:01<00:47,  9.46it/s, Loss=0.012243, Pos=0.012120, Vel=0.00006167]Epoch 2/200 [TRAIN]:  89%|████████▉ | 3584/4032 [06:01<00:47,  9.38it/s, Loss=0.012243, Pos=0.012120, Vel=0.00006167]Epoch 2/200 [TRAIN]:  89%|████████▉ | 3584/4032 [06:01<00:47,  9.38it/s, Loss=0.012244, Pos=0.012121, Vel=0.00006167]Epoch 2/200 [TRAIN]:  89%|████████▉ | 3584/4032 [06:01<00:47,  9.38it/s, Loss=0.012242, Pos=0.012118, Vel=0.00006166]Epoch 2/200 [TRAIN]:  89%|████████▉ | 3586/4032 [06:01<00:41, 10.69it/s, Loss=0.012242, Pos=0.012118, Vel=0.00006166]Epoch 2/200 [TRAIN]:  89%|████████▉ | 3586/4032 [06:01<00:41, 10.69it/s, Loss=0.012239, Pos=0.012116, Vel=0.00006165]Epoch 2/200 [TRAIN]:  89%|████████▉ | 3586/4032 [06:01<00:41, 10.69it/s, Loss=0.012243, Pos=0.012119, Vel=0.00006165]Epoch 2/200 [TRAIN]:  89%|████████▉ | 3588/4032 [06:01<00:36, 12.20it/s, Loss=0.012243, Pos=0.012119, Vel=0.00006165]Epoch 2/200 [TRAIN]:  89%|████████▉ | 3588/4032 [06:01<00:36, 12.20it/s, Loss=0.012241, Pos=0.012118, Vel=0.00006163]Epoch 2/200 [TRAIN]:  89%|████████▉ | 3588/4032 [06:01<00:36, 12.20it/s, Loss=0.012245, Pos=0.012122, Vel=0.00006165]Epoch 2/200 [TRAIN]:  89%|████████▉ | 3590/4032 [06:01<00:40, 10.87it/s, Loss=0.012245, Pos=0.012122, Vel=0.00006165]Epoch 2/200 [TRAIN]:  89%|████████▉ | 3590/4032 [06:01<00:40, 10.87it/s, Loss=0.012243, Pos=0.012120, Vel=0.00006164]Epoch 2/200 [TRAIN]:  89%|████████▉ | 3590/4032 [06:02<00:40, 10.87it/s, Loss=0.012249, Pos=0.012126, Vel=0.00006168]Epoch 2/200 [TRAIN]:  89%|████████▉ | 3592/4032 [06:02<00:41, 10.64it/s, Loss=0.012249, Pos=0.012126, Vel=0.00006168]Epoch 2/200 [TRAIN]:  89%|████████▉ | 3592/4032 [06:02<00:41, 10.64it/s, Loss=0.012248, Pos=0.012125, Vel=0.00006167]Epoch 2/200 [TRAIN]:  89%|████████▉ | 3592/4032 [06:02<00:41, 10.64it/s, Loss=0.012253, Pos=0.012130, Vel=0.00006174]Epoch 2/200 [TRAIN]:  89%|████████▉ | 3594/4032 [06:02<00:42, 10.22it/s, Loss=0.012253, Pos=0.012130, Vel=0.00006174]Epoch 2/200 [TRAIN]:  89%|████████▉ | 3594/4032 [06:02<00:42, 10.22it/s, Loss=0.012257, Pos=0.012133, Vel=0.00006178]Epoch 2/200 [TRAIN]:  89%|████████▉ | 3594/4032 [06:02<00:42, 10.22it/s, Loss=0.012256, Pos=0.012133, Vel=0.00006179]Epoch 2/200 [TRAIN]:  89%|████████▉ | 3596/4032 [06:02<00:38, 11.29it/s, Loss=0.012256, Pos=0.012133, Vel=0.00006179]Epoch 2/200 [TRAIN]:  89%|████████▉ | 3596/4032 [06:02<00:38, 11.29it/s, Loss=0.012278, Pos=0.012154, Vel=0.00006179]Epoch 2/200 [TRAIN]:  89%|████████▉ | 3596/4032 [06:02<00:38, 11.29it/s, Loss=0.012277, Pos=0.012153, Vel=0.00006178]Epoch 2/200 [TRAIN]:  89%|████████▉ | 3598/4032 [06:02<00:40, 10.71it/s, Loss=0.012277, Pos=0.012153, Vel=0.00006178]Epoch 2/200 [TRAIN]:  89%|████████▉ | 3598/4032 [06:02<00:40, 10.71it/s, Loss=0.012280, Pos=0.012157, Vel=0.00006180]Epoch 2/200 [TRAIN]:  89%|████████▉ | 3598/4032 [06:02<00:40, 10.71it/s, Loss=0.012282, Pos=0.012158, Vel=0.00006179]Epoch 2/200 [TRAIN]:  89%|████████▉ | 3600/4032 [06:02<00:42, 10.23it/s, Loss=0.012282, Pos=0.012158, Vel=0.00006179]Epoch 2/200 [TRAIN]:  89%|████████▉ | 3600/4032 [06:02<00:42, 10.23it/s, Loss=0.012280, Pos=0.012156, Vel=0.00006178]Epoch 2/200 [TRAIN]:  89%|████████▉ | 3600/4032 [06:03<00:42, 10.23it/s, Loss=0.012279, Pos=0.012155, Vel=0.00006177]Epoch 2/200 [TRAIN]:  89%|████████▉ | 3602/4032 [06:03<00:43,  9.86it/s, Loss=0.012279, Pos=0.012155, Vel=0.00006177]Epoch 2/200 [TRAIN]:  89%|████████▉ | 3602/4032 [06:03<00:43,  9.86it/s, Loss=0.012277, Pos=0.012153, Vel=0.00006176]Epoch 2/200 [TRAIN]:  89%|████████▉ | 3602/4032 [06:03<00:43,  9.86it/s, Loss=0.012278, Pos=0.012155, Vel=0.00006177]Epoch 2/200 [TRAIN]:  89%|████████▉ | 3604/4032 [06:03<00:39, 10.93it/s, Loss=0.012278, Pos=0.012155, Vel=0.00006177]Epoch 2/200 [TRAIN]:  89%|████████▉ | 3604/4032 [06:03<00:39, 10.93it/s, Loss=0.012277, Pos=0.012154, Vel=0.00006176]Epoch 2/200 [TRAIN]:  89%|████████▉ | 3604/4032 [06:03<00:39, 10.93it/s, Loss=0.012276, Pos=0.012152, Vel=0.00006178]Epoch 2/200 [TRAIN]:  89%|████████▉ | 3606/4032 [06:03<00:40, 10.39it/s, Loss=0.012276, Pos=0.012152, Vel=0.00006178]Epoch 2/200 [TRAIN]:  89%|████████▉ | 3606/4032 [06:03<00:40, 10.39it/s, Loss=0.012274, Pos=0.012150, Vel=0.00006178]Epoch 2/200 [TRAIN]:  89%|████████▉ | 3606/4032 [06:03<00:40, 10.39it/s, Loss=0.012274, Pos=0.012150, Vel=0.00006178]Epoch 2/200 [TRAIN]:  89%|████████▉ | 3608/4032 [06:03<00:40, 10.39it/s, Loss=0.012274, Pos=0.012150, Vel=0.00006178]Epoch 2/200 [TRAIN]:  89%|████████▉ | 3608/4032 [06:03<00:40, 10.39it/s, Loss=0.012272, Pos=0.012149, Vel=0.00006178]Epoch 2/200 [TRAIN]:  89%|████████▉ | 3608/4032 [06:03<00:40, 10.39it/s, Loss=0.012271, Pos=0.012147, Vel=0.00006178]Epoch 2/200 [TRAIN]:  90%|████████▉ | 3610/4032 [06:03<00:42, 10.03it/s, Loss=0.012271, Pos=0.012147, Vel=0.00006178]Epoch 2/200 [TRAIN]:  90%|████████▉ | 3610/4032 [06:03<00:42, 10.03it/s, Loss=0.012268, Pos=0.012144, Vel=0.00006177]Epoch 2/200 [TRAIN]:  90%|████████▉ | 3610/4032 [06:04<00:42, 10.03it/s, Loss=0.012266, Pos=0.012142, Vel=0.00006176]Epoch 2/200 [TRAIN]:  90%|████████▉ | 3612/4032 [06:04<00:42,  9.78it/s, Loss=0.012266, Pos=0.012142, Vel=0.00006176]Epoch 2/200 [TRAIN]:  90%|████████▉ | 3612/4032 [06:04<00:42,  9.78it/s, Loss=0.012265, Pos=0.012141, Vel=0.00006175]Epoch 2/200 [TRAIN]:  90%|████████▉ | 3612/4032 [06:04<00:42,  9.78it/s, Loss=0.012272, Pos=0.012148, Vel=0.00006180]Epoch 2/200 [TRAIN]:  90%|████████▉ | 3614/4032 [06:04<00:43,  9.64it/s, Loss=0.012272, Pos=0.012148, Vel=0.00006180]Epoch 2/200 [TRAIN]:  90%|████████▉ | 3614/4032 [06:04<00:43,  9.64it/s, Loss=0.012269, Pos=0.012145, Vel=0.00006179]Epoch 2/200 [TRAIN]:  90%|████████▉ | 3615/4032 [06:04<00:43,  9.49it/s, Loss=0.012269, Pos=0.012145, Vel=0.00006179]Epoch 2/200 [TRAIN]:  90%|████████▉ | 3615/4032 [06:04<00:43,  9.49it/s, Loss=0.012267, Pos=0.012143, Vel=0.00006179]Epoch 2/200 [TRAIN]:  90%|████████▉ | 3615/4032 [06:04<00:43,  9.49it/s, Loss=0.012265, Pos=0.012141, Vel=0.00006179]Epoch 2/200 [TRAIN]:  90%|████████▉ | 3617/4032 [06:04<00:42,  9.70it/s, Loss=0.012265, Pos=0.012141, Vel=0.00006179]Epoch 2/200 [TRAIN]:  90%|████████▉ | 3617/4032 [06:04<00:42,  9.70it/s, Loss=0.012265, Pos=0.012141, Vel=0.00006181]Epoch 2/200 [TRAIN]:  90%|████████▉ | 3618/4032 [06:04<00:43,  9.52it/s, Loss=0.012265, Pos=0.012141, Vel=0.00006181]Epoch 2/200 [TRAIN]:  90%|████████▉ | 3618/4032 [06:04<00:43,  9.52it/s, Loss=0.012262, Pos=0.012138, Vel=0.00006180]Epoch 2/200 [TRAIN]:  90%|████████▉ | 3618/4032 [06:04<00:43,  9.52it/s, Loss=0.012261, Pos=0.012138, Vel=0.00006181]Epoch 2/200 [TRAIN]:  90%|████████▉ | 3620/4032 [06:04<00:43,  9.41it/s, Loss=0.012261, Pos=0.012138, Vel=0.00006181]Epoch 2/200 [TRAIN]:  90%|████████▉ | 3620/4032 [06:05<00:43,  9.41it/s, Loss=0.012260, Pos=0.012136, Vel=0.00006182]Epoch 2/200 [TRAIN]:  90%|████████▉ | 3621/4032 [06:05<00:44,  9.19it/s, Loss=0.012260, Pos=0.012136, Vel=0.00006182]Epoch 2/200 [TRAIN]:  90%|████████▉ | 3621/4032 [06:05<00:44,  9.19it/s, Loss=0.012260, Pos=0.012137, Vel=0.00006182]Epoch 2/200 [TRAIN]:  90%|████████▉ | 3621/4032 [06:05<00:44,  9.19it/s, Loss=0.012261, Pos=0.012137, Vel=0.00006180]Epoch 2/200 [TRAIN]:  90%|████████▉ | 3623/4032 [06:05<00:40, 10.05it/s, Loss=0.012261, Pos=0.012137, Vel=0.00006180]Epoch 2/200 [TRAIN]:  90%|████████▉ | 3623/4032 [06:05<00:40, 10.05it/s, Loss=0.012259, Pos=0.012135, Vel=0.00006183]Epoch 2/200 [TRAIN]:  90%|████████▉ | 3623/4032 [06:05<00:40, 10.05it/s, Loss=0.012258, Pos=0.012134, Vel=0.00006181]Epoch 2/200 [TRAIN]:  90%|████████▉ | 3625/4032 [06:05<00:36, 11.03it/s, Loss=0.012258, Pos=0.012134, Vel=0.00006181]Epoch 2/200 [TRAIN]:  90%|████████▉ | 3625/4032 [06:05<00:36, 11.03it/s, Loss=0.012259, Pos=0.012135, Vel=0.00006182]Epoch 2/200 [TRAIN]:  90%|████████▉ | 3625/4032 [06:05<00:36, 11.03it/s, Loss=0.012257, Pos=0.012134, Vel=0.00006186]Epoch 2/200 [TRAIN]:  90%|████████▉ | 3627/4032 [06:05<00:38, 10.47it/s, Loss=0.012257, Pos=0.012134, Vel=0.00006186]Epoch 2/200 [TRAIN]:  90%|████████▉ | 3627/4032 [06:05<00:38, 10.47it/s, Loss=0.012260, Pos=0.012136, Vel=0.00006185]Epoch 2/200 [TRAIN]:  90%|████████▉ | 3627/4032 [06:05<00:38, 10.47it/s, Loss=0.012259, Pos=0.012135, Vel=0.00006184]Epoch 2/200 [TRAIN]:  90%|█████████ | 3629/4032 [06:05<00:39, 10.11it/s, Loss=0.012259, Pos=0.012135, Vel=0.00006184]Epoch 2/200 [TRAIN]:  90%|█████████ | 3629/4032 [06:05<00:39, 10.11it/s, Loss=0.012256, Pos=0.012133, Vel=0.00006183]Epoch 2/200 [TRAIN]:  90%|█████████ | 3629/4032 [06:05<00:39, 10.11it/s, Loss=0.012255, Pos=0.012131, Vel=0.00006185]Epoch 2/200 [TRAIN]:  90%|█████████ | 3631/4032 [06:05<00:41,  9.65it/s, Loss=0.012255, Pos=0.012131, Vel=0.00006185]Epoch 2/200 [TRAIN]:  90%|█████████ | 3631/4032 [06:06<00:41,  9.65it/s, Loss=0.012261, Pos=0.012137, Vel=0.00006187]Epoch 2/200 [TRAIN]:  90%|█████████ | 3632/4032 [06:06<00:41,  9.71it/s, Loss=0.012261, Pos=0.012137, Vel=0.00006187]Epoch 2/200 [TRAIN]:  90%|█████████ | 3632/4032 [06:06<00:41,  9.71it/s, Loss=0.012260, Pos=0.012136, Vel=0.00006188]Epoch 2/200 [TRAIN]:  90%|█████████ | 3633/4032 [06:06<00:42,  9.39it/s, Loss=0.012260, Pos=0.012136, Vel=0.00006188]Epoch 2/200 [TRAIN]:  90%|█████████ | 3633/4032 [06:06<00:42,  9.39it/s, Loss=0.012258, Pos=0.012135, Vel=0.00006187]Epoch 2/200 [TRAIN]:  90%|█████████ | 3634/4032 [06:06<00:42,  9.43it/s, Loss=0.012258, Pos=0.012135, Vel=0.00006187]Epoch 2/200 [TRAIN]:  90%|█████████ | 3634/4032 [06:06<00:42,  9.43it/s, Loss=0.012258, Pos=0.012134, Vel=0.00006186]Epoch 2/200 [TRAIN]:  90%|█████████ | 3635/4032 [06:06<00:43,  9.12it/s, Loss=0.012258, Pos=0.012134, Vel=0.00006186]Epoch 2/200 [TRAIN]:  90%|█████████ | 3635/4032 [06:06<00:43,  9.12it/s, Loss=0.012263, Pos=0.012139, Vel=0.00006185]Epoch 2/200 [TRAIN]:  90%|█████████ | 3635/4032 [06:06<00:43,  9.12it/s, Loss=0.012261, Pos=0.012137, Vel=0.00006185]Epoch 2/200 [TRAIN]:  90%|█████████ | 3637/4032 [06:06<00:37, 10.50it/s, Loss=0.012261, Pos=0.012137, Vel=0.00006185]Epoch 2/200 [TRAIN]:  90%|█████████ | 3637/4032 [06:06<00:37, 10.50it/s, Loss=0.012260, Pos=0.012136, Vel=0.00006183]Epoch 2/200 [TRAIN]:  90%|█████████ | 3637/4032 [06:06<00:37, 10.50it/s, Loss=0.012257, Pos=0.012133, Vel=0.00006183]Epoch 2/200 [TRAIN]:  90%|█████████ | 3639/4032 [06:06<00:40,  9.82it/s, Loss=0.012257, Pos=0.012133, Vel=0.00006183]Epoch 2/200 [TRAIN]:  90%|█████████ | 3639/4032 [06:06<00:40,  9.82it/s, Loss=0.012276, Pos=0.012152, Vel=0.00006183]Epoch 2/200 [TRAIN]:  90%|█████████ | 3639/4032 [06:07<00:40,  9.82it/s, Loss=0.012277, Pos=0.012154, Vel=0.00006183]Epoch 2/200 [TRAIN]:  90%|█████████ | 3641/4032 [06:07<00:40,  9.67it/s, Loss=0.012277, Pos=0.012154, Vel=0.00006183]Epoch 2/200 [TRAIN]:  90%|█████████ | 3641/4032 [06:07<00:40,  9.67it/s, Loss=0.012277, Pos=0.012153, Vel=0.00006184]Epoch 2/200 [TRAIN]:  90%|█████████ | 3642/4032 [06:07<00:40,  9.72it/s, Loss=0.012277, Pos=0.012153, Vel=0.00006184]Epoch 2/200 [TRAIN]:  90%|█████████ | 3642/4032 [06:07<00:40,  9.72it/s, Loss=0.012279, Pos=0.012155, Vel=0.00006183]Epoch 2/200 [TRAIN]:  90%|█████████ | 3643/4032 [06:07<00:41,  9.47it/s, Loss=0.012279, Pos=0.012155, Vel=0.00006183]Epoch 2/200 [TRAIN]:  90%|█████████ | 3643/4032 [06:07<00:41,  9.47it/s, Loss=0.012279, Pos=0.012156, Vel=0.00006183]Epoch 2/200 [TRAIN]:  90%|█████████ | 3643/4032 [06:07<00:41,  9.47it/s, Loss=0.012277, Pos=0.012154, Vel=0.00006183]Epoch 2/200 [TRAIN]:  90%|█████████ | 3645/4032 [06:07<00:41,  9.33it/s, Loss=0.012277, Pos=0.012154, Vel=0.00006183]Epoch 2/200 [TRAIN]:  90%|█████████ | 3645/4032 [06:07<00:41,  9.33it/s, Loss=0.012275, Pos=0.012151, Vel=0.00006183]Epoch 2/200 [TRAIN]:  90%|█████████ | 3646/4032 [06:07<00:40,  9.46it/s, Loss=0.012275, Pos=0.012151, Vel=0.00006183]Epoch 2/200 [TRAIN]:  90%|█████████ | 3646/4032 [06:07<00:40,  9.46it/s, Loss=0.012273, Pos=0.012149, Vel=0.00006182]Epoch 2/200 [TRAIN]:  90%|█████████ | 3647/4032 [06:07<00:41,  9.17it/s, Loss=0.012273, Pos=0.012149, Vel=0.00006182]Epoch 2/200 [TRAIN]:  90%|█████████ | 3647/4032 [06:07<00:41,  9.17it/s, Loss=0.012273, Pos=0.012149, Vel=0.00006181]Epoch 2/200 [TRAIN]:  90%|█████████ | 3648/4032 [06:07<00:41,  9.34it/s, Loss=0.012273, Pos=0.012149, Vel=0.00006181]Epoch 2/200 [TRAIN]:  90%|█████████ | 3648/4032 [06:07<00:41,  9.34it/s, Loss=0.012271, Pos=0.012147, Vel=0.00006180]Epoch 2/200 [TRAIN]:  91%|█████████ | 3649/4032 [06:07<00:42,  9.08it/s, Loss=0.012271, Pos=0.012147, Vel=0.00006180]Epoch 2/200 [TRAIN]:  91%|█████████ | 3649/4032 [06:07<00:42,  9.08it/s, Loss=0.012270, Pos=0.012146, Vel=0.00006181]Epoch 2/200 [TRAIN]:  91%|█████████ | 3649/4032 [06:08<00:42,  9.08it/s, Loss=0.012268, Pos=0.012144, Vel=0.00006180]Epoch 2/200 [TRAIN]:  91%|█████████ | 3651/4032 [06:08<00:41,  9.24it/s, Loss=0.012268, Pos=0.012144, Vel=0.00006180]Epoch 2/200 [TRAIN]:  91%|█████████ | 3651/4032 [06:08<00:41,  9.24it/s, Loss=0.012267, Pos=0.012143, Vel=0.00006179]Epoch 2/200 [TRAIN]:  91%|█████████ | 3651/4032 [06:08<00:41,  9.24it/s, Loss=0.012265, Pos=0.012142, Vel=0.00006179]Epoch 2/200 [TRAIN]:  91%|█████████ | 3653/4032 [06:08<00:40,  9.36it/s, Loss=0.012265, Pos=0.012142, Vel=0.00006179]Epoch 2/200 [TRAIN]:  91%|█████████ | 3653/4032 [06:08<00:40,  9.36it/s, Loss=0.012263, Pos=0.012139, Vel=0.00006178]Epoch 2/200 [TRAIN]:  91%|█████████ | 3654/4032 [06:08<00:39,  9.47it/s, Loss=0.012263, Pos=0.012139, Vel=0.00006178]Epoch 2/200 [TRAIN]:  91%|█████████ | 3654/4032 [06:08<00:39,  9.47it/s, Loss=0.012260, Pos=0.012137, Vel=0.00006178]Epoch 2/200 [TRAIN]:  91%|█████████ | 3654/4032 [06:08<00:39,  9.47it/s, Loss=0.012259, Pos=0.012135, Vel=0.00006177]Epoch 2/200 [TRAIN]:  91%|█████████ | 3656/4032 [06:08<00:37, 10.09it/s, Loss=0.012259, Pos=0.012135, Vel=0.00006177]Epoch 2/200 [TRAIN]:  91%|█████████ | 3656/4032 [06:08<00:37, 10.09it/s, Loss=0.012261, Pos=0.012137, Vel=0.00006177]Epoch 2/200 [TRAIN]:  91%|█████████ | 3656/4032 [06:08<00:37, 10.09it/s, Loss=0.012259, Pos=0.012136, Vel=0.00006176]Epoch 2/200 [TRAIN]:  91%|█████████ | 3658/4032 [06:08<00:37, 10.06it/s, Loss=0.012259, Pos=0.012136, Vel=0.00006176]Epoch 2/200 [TRAIN]:  91%|█████████ | 3658/4032 [06:08<00:37, 10.06it/s, Loss=0.012258, Pos=0.012134, Vel=0.00006175]Epoch 2/200 [TRAIN]:  91%|█████████ | 3658/4032 [06:09<00:37, 10.06it/s, Loss=0.012256, Pos=0.012133, Vel=0.00006174]Epoch 2/200 [TRAIN]:  91%|█████████ | 3660/4032 [06:09<00:38,  9.69it/s, Loss=0.012256, Pos=0.012133, Vel=0.00006174]Epoch 2/200 [TRAIN]:  91%|█████████ | 3660/4032 [06:09<00:38,  9.69it/s, Loss=0.012253, Pos=0.012130, Vel=0.00006174]Epoch 2/200 [TRAIN]:  91%|█████████ | 3660/4032 [06:09<00:38,  9.69it/s, Loss=0.012251, Pos=0.012127, Vel=0.00006173]Epoch 2/200 [TRAIN]:  91%|█████████ | 3662/4032 [06:09<00:38,  9.66it/s, Loss=0.012251, Pos=0.012127, Vel=0.00006173]Epoch 2/200 [TRAIN]:  91%|█████████ | 3662/4032 [06:09<00:38,  9.66it/s, Loss=0.012249, Pos=0.012126, Vel=0.00006172]Epoch 2/200 [TRAIN]:  91%|█████████ | 3662/4032 [06:09<00:38,  9.66it/s, Loss=0.012249, Pos=0.012125, Vel=0.00006173]Epoch 2/200 [TRAIN]:  91%|█████████ | 3664/4032 [06:09<00:37,  9.88it/s, Loss=0.012249, Pos=0.012125, Vel=0.00006173]Epoch 2/200 [TRAIN]:  91%|█████████ | 3664/4032 [06:09<00:37,  9.88it/s, Loss=0.012253, Pos=0.012129, Vel=0.00006176]Epoch 2/200 [TRAIN]:  91%|█████████ | 3665/4032 [06:09<00:37,  9.82it/s, Loss=0.012253, Pos=0.012129, Vel=0.00006176]Epoch 2/200 [TRAIN]:  91%|█████████ | 3665/4032 [06:09<00:37,  9.82it/s, Loss=0.012257, Pos=0.012133, Vel=0.00006175]Epoch 2/200 [TRAIN]:  91%|█████████ | 3665/4032 [06:09<00:37,  9.82it/s, Loss=0.012254, Pos=0.012131, Vel=0.00006174]Epoch 2/200 [TRAIN]:  91%|█████████ | 3667/4032 [06:09<00:37,  9.79it/s, Loss=0.012254, Pos=0.012131, Vel=0.00006174]Epoch 2/200 [TRAIN]:  91%|█████████ | 3667/4032 [06:09<00:37,  9.79it/s, Loss=0.012254, Pos=0.012130, Vel=0.00006174]Epoch 2/200 [TRAIN]:  91%|█████████ | 3668/4032 [06:09<00:37,  9.67it/s, Loss=0.012254, Pos=0.012130, Vel=0.00006174]Epoch 2/200 [TRAIN]:  91%|█████████ | 3668/4032 [06:09<00:37,  9.67it/s, Loss=0.012251, Pos=0.012128, Vel=0.00006173]Epoch 2/200 [TRAIN]:  91%|█████████ | 3668/4032 [06:10<00:37,  9.67it/s, Loss=0.012251, Pos=0.012128, Vel=0.00006172]Epoch 2/200 [TRAIN]:  91%|█████████ | 3670/4032 [06:10<00:36,  9.92it/s, Loss=0.012251, Pos=0.012128, Vel=0.00006172]Epoch 2/200 [TRAIN]:  91%|█████████ | 3670/4032 [06:10<00:36,  9.92it/s, Loss=0.012249, Pos=0.012125, Vel=0.00006172]Epoch 2/200 [TRAIN]:  91%|█████████ | 3670/4032 [06:10<00:36,  9.92it/s, Loss=0.012254, Pos=0.012131, Vel=0.00006171]Epoch 2/200 [TRAIN]:  91%|█████████ | 3672/4032 [06:10<00:36,  9.88it/s, Loss=0.012254, Pos=0.012131, Vel=0.00006171]Epoch 2/200 [TRAIN]:  91%|█████████ | 3672/4032 [06:10<00:36,  9.88it/s, Loss=0.012252, Pos=0.012129, Vel=0.00006171]Epoch 2/200 [TRAIN]:  91%|█████████ | 3672/4032 [06:10<00:36,  9.88it/s, Loss=0.012254, Pos=0.012131, Vel=0.00006170]Epoch 2/200 [TRAIN]:  91%|█████████ | 3674/4032 [06:10<00:36,  9.86it/s, Loss=0.012254, Pos=0.012131, Vel=0.00006170]Epoch 2/200 [TRAIN]:  91%|█████████ | 3674/4032 [06:10<00:36,  9.86it/s, Loss=0.012256, Pos=0.012132, Vel=0.00006169]Epoch 2/200 [TRAIN]:  91%|█████████ | 3674/4032 [06:10<00:36,  9.86it/s, Loss=0.012259, Pos=0.012135, Vel=0.00006171]Epoch 2/200 [TRAIN]:  91%|█████████ | 3676/4032 [06:10<00:35,  9.98it/s, Loss=0.012259, Pos=0.012135, Vel=0.00006171]Epoch 2/200 [TRAIN]:  91%|█████████ | 3676/4032 [06:10<00:35,  9.98it/s, Loss=0.012259, Pos=0.012136, Vel=0.00006170]Epoch 2/200 [TRAIN]:  91%|█████████ | 3676/4032 [06:10<00:35,  9.98it/s, Loss=0.012259, Pos=0.012135, Vel=0.00006169]Epoch 2/200 [TRAIN]:  91%|█████████ | 3678/4032 [06:10<00:32, 10.74it/s, Loss=0.012259, Pos=0.012135, Vel=0.00006169]Epoch 2/200 [TRAIN]:  91%|█████████ | 3678/4032 [06:10<00:32, 10.74it/s, Loss=0.012258, Pos=0.012135, Vel=0.00006168]Epoch 2/200 [TRAIN]:  91%|█████████ | 3678/4032 [06:10<00:32, 10.74it/s, Loss=0.012261, Pos=0.012138, Vel=0.00006167]Epoch 2/200 [TRAIN]:  91%|█████████▏| 3680/4032 [06:10<00:33, 10.43it/s, Loss=0.012261, Pos=0.012138, Vel=0.00006167]Epoch 2/200 [TRAIN]:  91%|█████████▏| 3680/4032 [06:11<00:33, 10.43it/s, Loss=0.012259, Pos=0.012135, Vel=0.00006166]Epoch 2/200 [TRAIN]:  91%|█████████▏| 3680/4032 [06:11<00:33, 10.43it/s, Loss=0.012259, Pos=0.012135, Vel=0.00006167]Epoch 2/200 [TRAIN]:  91%|█████████▏| 3682/4032 [06:11<00:32, 10.69it/s, Loss=0.012259, Pos=0.012135, Vel=0.00006167]Epoch 2/200 [TRAIN]:  91%|█████████▏| 3682/4032 [06:11<00:32, 10.69it/s, Loss=0.012256, Pos=0.012133, Vel=0.00006166]Epoch 2/200 [TRAIN]:  91%|█████████▏| 3682/4032 [06:11<00:32, 10.69it/s, Loss=0.012254, Pos=0.012130, Vel=0.00006166]Epoch 2/200 [TRAIN]:  91%|█████████▏| 3684/4032 [06:11<00:33, 10.26it/s, Loss=0.012254, Pos=0.012130, Vel=0.00006166]Epoch 2/200 [TRAIN]:  91%|█████████▏| 3684/4032 [06:11<00:33, 10.26it/s, Loss=0.012256, Pos=0.012133, Vel=0.00006167]Epoch 2/200 [TRAIN]:  91%|█████████▏| 3684/4032 [06:11<00:33, 10.26it/s, Loss=0.012254, Pos=0.012130, Vel=0.00006166]Epoch 2/200 [TRAIN]:  91%|█████████▏| 3686/4032 [06:11<00:34, 10.02it/s, Loss=0.012254, Pos=0.012130, Vel=0.00006166]Epoch 2/200 [TRAIN]:  91%|█████████▏| 3686/4032 [06:11<00:34, 10.02it/s, Loss=0.012252, Pos=0.012129, Vel=0.00006165]Epoch 2/200 [TRAIN]:  91%|█████████▏| 3686/4032 [06:11<00:34, 10.02it/s, Loss=0.012252, Pos=0.012129, Vel=0.00006166]Epoch 2/200 [TRAIN]:  91%|█████████▏| 3688/4032 [06:11<00:34, 10.02it/s, Loss=0.012252, Pos=0.012129, Vel=0.00006166]Epoch 2/200 [TRAIN]:  91%|█████████▏| 3688/4032 [06:11<00:34, 10.02it/s, Loss=0.012253, Pos=0.012130, Vel=0.00006165]Epoch 2/200 [TRAIN]:  91%|█████████▏| 3688/4032 [06:12<00:34, 10.02it/s, Loss=0.012259, Pos=0.012135, Vel=0.00006169]Epoch 2/200 [TRAIN]:  92%|█████████▏| 3690/4032 [06:12<00:35,  9.74it/s, Loss=0.012259, Pos=0.012135, Vel=0.00006169]Epoch 2/200 [TRAIN]:  92%|█████████▏| 3690/4032 [06:12<00:35,  9.74it/s, Loss=0.012256, Pos=0.012133, Vel=0.00006168]Epoch 2/200 [TRAIN]:  92%|█████████▏| 3690/4032 [06:12<00:35,  9.74it/s, Loss=0.012255, Pos=0.012131, Vel=0.00006170]Epoch 2/200 [TRAIN]:  92%|█████████▏| 3692/4032 [06:12<00:34,  9.89it/s, Loss=0.012255, Pos=0.012131, Vel=0.00006170]Epoch 2/200 [TRAIN]:  92%|█████████▏| 3692/4032 [06:12<00:34,  9.89it/s, Loss=0.012256, Pos=0.012133, Vel=0.00006169]Epoch 2/200 [TRAIN]:  92%|█████████▏| 3693/4032 [06:12<00:35,  9.66it/s, Loss=0.012256, Pos=0.012133, Vel=0.00006169]Epoch 2/200 [TRAIN]:  92%|█████████▏| 3693/4032 [06:12<00:35,  9.66it/s, Loss=0.012255, Pos=0.012132, Vel=0.00006169]Epoch 2/200 [TRAIN]:  92%|█████████▏| 3693/4032 [06:12<00:35,  9.66it/s, Loss=0.012254, Pos=0.012131, Vel=0.00006169]Epoch 2/200 [TRAIN]:  92%|█████████▏| 3695/4032 [06:12<00:33, 10.13it/s, Loss=0.012254, Pos=0.012131, Vel=0.00006169]Epoch 2/200 [TRAIN]:  92%|█████████▏| 3695/4032 [06:12<00:33, 10.13it/s, Loss=0.012253, Pos=0.012129, Vel=0.00006169]Epoch 2/200 [TRAIN]:  92%|█████████▏| 3695/4032 [06:12<00:33, 10.13it/s, Loss=0.012265, Pos=0.012141, Vel=0.00006174]Epoch 2/200 [TRAIN]:  92%|█████████▏| 3697/4032 [06:12<00:34,  9.82it/s, Loss=0.012265, Pos=0.012141, Vel=0.00006174]Epoch 2/200 [TRAIN]:  92%|█████████▏| 3697/4032 [06:12<00:34,  9.82it/s, Loss=0.012264, Pos=0.012140, Vel=0.00006173]Epoch 2/200 [TRAIN]:  92%|█████████▏| 3698/4032 [06:12<00:35,  9.53it/s, Loss=0.012264, Pos=0.012140, Vel=0.00006173]Epoch 2/200 [TRAIN]:  92%|█████████▏| 3698/4032 [06:12<00:35,  9.53it/s, Loss=0.012261, Pos=0.012137, Vel=0.00006172]Epoch 2/200 [TRAIN]:  92%|█████████▏| 3698/4032 [06:13<00:35,  9.53it/s, Loss=0.012262, Pos=0.012139, Vel=0.00006173]Epoch 2/200 [TRAIN]:  92%|█████████▏| 3700/4032 [06:13<00:33,  9.77it/s, Loss=0.012262, Pos=0.012139, Vel=0.00006173]Epoch 2/200 [TRAIN]:  92%|█████████▏| 3700/4032 [06:13<00:33,  9.77it/s, Loss=0.012260, Pos=0.012136, Vel=0.00006172]Epoch 2/200 [TRAIN]:  92%|█████████▏| 3701/4032 [06:13<00:34,  9.49it/s, Loss=0.012260, Pos=0.012136, Vel=0.00006172]Epoch 2/200 [TRAIN]:  92%|█████████▏| 3701/4032 [06:13<00:34,  9.49it/s, Loss=0.012257, Pos=0.012133, Vel=0.00006171]Epoch 2/200 [TRAIN]:  92%|█████████▏| 3702/4032 [06:13<00:34,  9.56it/s, Loss=0.012257, Pos=0.012133, Vel=0.00006171]Epoch 2/200 [TRAIN]:  92%|█████████▏| 3702/4032 [06:13<00:34,  9.56it/s, Loss=0.012256, Pos=0.012133, Vel=0.00006172]Epoch 2/200 [TRAIN]:  92%|█████████▏| 3702/4032 [06:13<00:34,  9.56it/s, Loss=0.012253, Pos=0.012130, Vel=0.00006171]Epoch 2/200 [TRAIN]:  92%|█████████▏| 3704/4032 [06:13<00:34,  9.47it/s, Loss=0.012253, Pos=0.012130, Vel=0.00006171]Epoch 2/200 [TRAIN]:  92%|█████████▏| 3704/4032 [06:13<00:34,  9.47it/s, Loss=0.012251, Pos=0.012128, Vel=0.00006170]Epoch 2/200 [TRAIN]:  92%|█████████▏| 3704/4032 [06:13<00:34,  9.47it/s, Loss=0.012249, Pos=0.012126, Vel=0.00006169]Epoch 2/200 [TRAIN]:  92%|█████████▏| 3706/4032 [06:13<00:32,  9.99it/s, Loss=0.012249, Pos=0.012126, Vel=0.00006169]Epoch 2/200 [TRAIN]:  92%|█████████▏| 3706/4032 [06:13<00:32,  9.99it/s, Loss=0.012250, Pos=0.012127, Vel=0.00006170]Epoch 2/200 [TRAIN]:  92%|█████████▏| 3707/4032 [06:13<00:34,  9.54it/s, Loss=0.012250, Pos=0.012127, Vel=0.00006170]Epoch 2/200 [TRAIN]:  92%|█████████▏| 3707/4032 [06:13<00:34,  9.54it/s, Loss=0.012247, Pos=0.012124, Vel=0.00006169]Epoch 2/200 [TRAIN]:  92%|█████████▏| 3708/4032 [06:13<00:33,  9.60it/s, Loss=0.012247, Pos=0.012124, Vel=0.00006169]Epoch 2/200 [TRAIN]:  92%|█████████▏| 3708/4032 [06:13<00:33,  9.60it/s, Loss=0.012245, Pos=0.012122, Vel=0.00006168]Epoch 2/200 [TRAIN]:  92%|█████████▏| 3709/4032 [06:13<00:35,  9.22it/s, Loss=0.012245, Pos=0.012122, Vel=0.00006168]Epoch 2/200 [TRAIN]:  92%|█████████▏| 3709/4032 [06:14<00:35,  9.22it/s, Loss=0.012243, Pos=0.012120, Vel=0.00006168]Epoch 2/200 [TRAIN]:  92%|█████████▏| 3709/4032 [06:14<00:35,  9.22it/s, Loss=0.012241, Pos=0.012118, Vel=0.00006167]Epoch 2/200 [TRAIN]:  92%|█████████▏| 3711/4032 [06:14<00:33,  9.54it/s, Loss=0.012241, Pos=0.012118, Vel=0.00006167]Epoch 2/200 [TRAIN]:  92%|█████████▏| 3711/4032 [06:14<00:33,  9.54it/s, Loss=0.012240, Pos=0.012116, Vel=0.00006166]Epoch 2/200 [TRAIN]:  92%|█████████▏| 3712/4032 [06:14<00:34,  9.33it/s, Loss=0.012240, Pos=0.012116, Vel=0.00006166]Epoch 2/200 [TRAIN]:  92%|█████████▏| 3712/4032 [06:14<00:34,  9.33it/s, Loss=0.012240, Pos=0.012117, Vel=0.00006165]Epoch 2/200 [TRAIN]:  92%|█████████▏| 3712/4032 [06:14<00:34,  9.33it/s, Loss=0.012238, Pos=0.012115, Vel=0.00006164]Epoch 2/200 [TRAIN]:  92%|█████████▏| 3714/4032 [06:14<00:33,  9.51it/s, Loss=0.012238, Pos=0.012115, Vel=0.00006164]Epoch 2/200 [TRAIN]:  92%|█████████▏| 3714/4032 [06:14<00:33,  9.51it/s, Loss=0.012236, Pos=0.012113, Vel=0.00006163]Epoch 2/200 [TRAIN]:  92%|█████████▏| 3715/4032 [06:14<00:34,  9.25it/s, Loss=0.012236, Pos=0.012113, Vel=0.00006163]Epoch 2/200 [TRAIN]:  92%|█████████▏| 3715/4032 [06:14<00:34,  9.25it/s, Loss=0.012236, Pos=0.012112, Vel=0.00006162]Epoch 2/200 [TRAIN]:  92%|█████████▏| 3715/4032 [06:14<00:34,  9.25it/s, Loss=0.012236, Pos=0.012113, Vel=0.00006162]Epoch 2/200 [TRAIN]:  92%|█████████▏| 3717/4032 [06:14<00:31,  9.96it/s, Loss=0.012236, Pos=0.012113, Vel=0.00006162]Epoch 2/200 [TRAIN]:  92%|█████████▏| 3717/4032 [06:14<00:31,  9.96it/s, Loss=0.012236, Pos=0.012113, Vel=0.00006161]Epoch 2/200 [TRAIN]:  92%|█████████▏| 3718/4032 [06:14<00:32,  9.55it/s, Loss=0.012236, Pos=0.012113, Vel=0.00006161]Epoch 2/200 [TRAIN]:  92%|█████████▏| 3718/4032 [06:14<00:32,  9.55it/s, Loss=0.012235, Pos=0.012112, Vel=0.00006159]Epoch 2/200 [TRAIN]:  92%|█████████▏| 3718/4032 [06:15<00:32,  9.55it/s, Loss=0.012232, Pos=0.012109, Vel=0.00006158]Epoch 2/200 [TRAIN]:  92%|█████████▏| 3720/4032 [06:15<00:28, 11.03it/s, Loss=0.012232, Pos=0.012109, Vel=0.00006158]Epoch 2/200 [TRAIN]:  92%|█████████▏| 3720/4032 [06:15<00:28, 11.03it/s, Loss=0.012231, Pos=0.012108, Vel=0.00006162]Epoch 2/200 [TRAIN]:  92%|█████████▏| 3720/4032 [06:15<00:28, 11.03it/s, Loss=0.012234, Pos=0.012110, Vel=0.00006163]Epoch 2/200 [TRAIN]:  92%|█████████▏| 3722/4032 [06:15<00:30, 10.04it/s, Loss=0.012234, Pos=0.012110, Vel=0.00006163]Epoch 2/200 [TRAIN]:  92%|█████████▏| 3722/4032 [06:15<00:30, 10.04it/s, Loss=0.012233, Pos=0.012110, Vel=0.00006163]Epoch 2/200 [TRAIN]:  92%|█████████▏| 3722/4032 [06:15<00:30, 10.04it/s, Loss=0.012237, Pos=0.012114, Vel=0.00006165]Epoch 2/200 [TRAIN]:  92%|█████████▏| 3724/4032 [06:15<00:28, 10.85it/s, Loss=0.012237, Pos=0.012114, Vel=0.00006165]Epoch 2/200 [TRAIN]:  92%|█████████▏| 3724/4032 [06:15<00:28, 10.85it/s, Loss=0.012237, Pos=0.012114, Vel=0.00006165]Epoch 2/200 [TRAIN]:  92%|█████████▏| 3724/4032 [06:15<00:28, 10.85it/s, Loss=0.012235, Pos=0.012111, Vel=0.00006164]Epoch 2/200 [TRAIN]:  92%|█████████▏| 3726/4032 [06:15<00:30, 10.07it/s, Loss=0.012235, Pos=0.012111, Vel=0.00006164]Epoch 2/200 [TRAIN]:  92%|█████████▏| 3726/4032 [06:15<00:30, 10.07it/s, Loss=0.012236, Pos=0.012113, Vel=0.00006166]Epoch 2/200 [TRAIN]:  92%|█████████▏| 3726/4032 [06:15<00:30, 10.07it/s, Loss=0.012234, Pos=0.012111, Vel=0.00006167]Epoch 2/200 [TRAIN]:  92%|█████████▏| 3728/4032 [06:15<00:30,  9.81it/s, Loss=0.012234, Pos=0.012111, Vel=0.00006167]Epoch 2/200 [TRAIN]:  92%|█████████▏| 3728/4032 [06:15<00:30,  9.81it/s, Loss=0.012232, Pos=0.012108, Vel=0.00006166]Epoch 2/200 [TRAIN]:  92%|█████████▏| 3728/4032 [06:16<00:30,  9.81it/s, Loss=0.012229, Pos=0.012106, Vel=0.00006166]Epoch 2/200 [TRAIN]:  93%|█████████▎| 3730/4032 [06:16<00:31,  9.45it/s, Loss=0.012229, Pos=0.012106, Vel=0.00006166]Epoch 2/200 [TRAIN]:  93%|█████████▎| 3730/4032 [06:16<00:31,  9.45it/s, Loss=0.012228, Pos=0.012104, Vel=0.00006165]Epoch 2/200 [TRAIN]:  93%|█████████▎| 3731/4032 [06:16<00:31,  9.53it/s, Loss=0.012228, Pos=0.012104, Vel=0.00006165]Epoch 2/200 [TRAIN]:  93%|█████████▎| 3731/4032 [06:16<00:31,  9.53it/s, Loss=0.012226, Pos=0.012102, Vel=0.00006167]Epoch 2/200 [TRAIN]:  93%|█████████▎| 3732/4032 [06:16<00:32,  9.28it/s, Loss=0.012226, Pos=0.012102, Vel=0.00006167]Epoch 2/200 [TRAIN]:  93%|█████████▎| 3732/4032 [06:16<00:32,  9.28it/s, Loss=0.012225, Pos=0.012101, Vel=0.00006166]Epoch 2/200 [TRAIN]:  93%|█████████▎| 3732/4032 [06:16<00:32,  9.28it/s, Loss=0.012222, Pos=0.012099, Vel=0.00006165]Epoch 2/200 [TRAIN]:  93%|█████████▎| 3734/4032 [06:16<00:28, 10.51it/s, Loss=0.012222, Pos=0.012099, Vel=0.00006165]Epoch 2/200 [TRAIN]:  93%|█████████▎| 3734/4032 [06:16<00:28, 10.51it/s, Loss=0.012225, Pos=0.012102, Vel=0.00006167]Epoch 2/200 [TRAIN]:  93%|█████████▎| 3734/4032 [06:16<00:28, 10.51it/s, Loss=0.012224, Pos=0.012101, Vel=0.00006166]Epoch 2/200 [TRAIN]:  93%|█████████▎| 3736/4032 [06:16<00:28, 10.26it/s, Loss=0.012224, Pos=0.012101, Vel=0.00006166]Epoch 2/200 [TRAIN]:  93%|█████████▎| 3736/4032 [06:16<00:28, 10.26it/s, Loss=0.012222, Pos=0.012099, Vel=0.00006166]Epoch 2/200 [TRAIN]:  93%|█████████▎| 3736/4032 [06:16<00:28, 10.26it/s, Loss=0.012224, Pos=0.012101, Vel=0.00006167]Epoch 2/200 [TRAIN]:  93%|█████████▎| 3738/4032 [06:16<00:27, 10.69it/s, Loss=0.012224, Pos=0.012101, Vel=0.00006167]Epoch 2/200 [TRAIN]:  93%|█████████▎| 3738/4032 [06:16<00:27, 10.69it/s, Loss=0.012225, Pos=0.012102, Vel=0.00006167]Epoch 2/200 [TRAIN]:  93%|█████████▎| 3738/4032 [06:17<00:27, 10.69it/s, Loss=0.012223, Pos=0.012100, Vel=0.00006166]Epoch 2/200 [TRAIN]:  93%|█████████▎| 3740/4032 [06:17<00:28, 10.18it/s, Loss=0.012223, Pos=0.012100, Vel=0.00006166]Epoch 2/200 [TRAIN]:  93%|█████████▎| 3740/4032 [06:17<00:28, 10.18it/s, Loss=0.012222, Pos=0.012099, Vel=0.00006168]Epoch 2/200 [TRAIN]:  93%|█████████▎| 3740/4032 [06:17<00:28, 10.18it/s, Loss=0.012221, Pos=0.012097, Vel=0.00006167]Epoch 2/200 [TRAIN]:  93%|█████████▎| 3742/4032 [06:17<00:29,  9.68it/s, Loss=0.012221, Pos=0.012097, Vel=0.00006167]Epoch 2/200 [TRAIN]:  93%|█████████▎| 3742/4032 [06:17<00:29,  9.68it/s, Loss=0.012220, Pos=0.012096, Vel=0.00006166]Epoch 2/200 [TRAIN]:  93%|█████████▎| 3742/4032 [06:17<00:29,  9.68it/s, Loss=0.012217, Pos=0.012093, Vel=0.00006165]Epoch 2/200 [TRAIN]:  93%|█████████▎| 3744/4032 [06:17<00:27, 10.66it/s, Loss=0.012217, Pos=0.012093, Vel=0.00006165]Epoch 2/200 [TRAIN]:  93%|█████████▎| 3744/4032 [06:17<00:27, 10.66it/s, Loss=0.012223, Pos=0.012099, Vel=0.00006167]Epoch 2/200 [TRAIN]:  93%|█████████▎| 3744/4032 [06:17<00:27, 10.66it/s, Loss=0.012227, Pos=0.012103, Vel=0.00006169]Epoch 2/200 [TRAIN]:  93%|█████████▎| 3746/4032 [06:17<00:28, 10.13it/s, Loss=0.012227, Pos=0.012103, Vel=0.00006169]Epoch 2/200 [TRAIN]:  93%|█████████▎| 3746/4032 [06:17<00:28, 10.13it/s, Loss=0.012226, Pos=0.012103, Vel=0.00006170]Epoch 2/200 [TRAIN]:  93%|█████████▎| 3746/4032 [06:17<00:28, 10.13it/s, Loss=0.012226, Pos=0.012103, Vel=0.00006169]Epoch 2/200 [TRAIN]:  93%|█████████▎| 3748/4032 [06:17<00:29,  9.71it/s, Loss=0.012226, Pos=0.012103, Vel=0.00006169]Epoch 2/200 [TRAIN]:  93%|█████████▎| 3748/4032 [06:17<00:29,  9.71it/s, Loss=0.012227, Pos=0.012103, Vel=0.00006168]Epoch 2/200 [TRAIN]:  93%|█████████▎| 3749/4032 [06:17<00:29,  9.62it/s, Loss=0.012227, Pos=0.012103, Vel=0.00006168]Epoch 2/200 [TRAIN]:  93%|█████████▎| 3749/4032 [06:18<00:29,  9.62it/s, Loss=0.012230, Pos=0.012106, Vel=0.00006168]Epoch 2/200 [TRAIN]:  93%|█████████▎| 3750/4032 [06:18<00:29,  9.48it/s, Loss=0.012230, Pos=0.012106, Vel=0.00006168]Epoch 2/200 [TRAIN]:  93%|█████████▎| 3750/4032 [06:18<00:29,  9.48it/s, Loss=0.012228, Pos=0.012105, Vel=0.00006167]Epoch 2/200 [TRAIN]:  93%|█████████▎| 3751/4032 [06:18<00:30,  9.35it/s, Loss=0.012228, Pos=0.012105, Vel=0.00006167]Epoch 2/200 [TRAIN]:  93%|█████████▎| 3751/4032 [06:18<00:30,  9.35it/s, Loss=0.012226, Pos=0.012103, Vel=0.00006166]Epoch 2/200 [TRAIN]:  93%|█████████▎| 3752/4032 [06:18<00:30,  9.31it/s, Loss=0.012226, Pos=0.012103, Vel=0.00006166]Epoch 2/200 [TRAIN]:  93%|█████████▎| 3752/4032 [06:18<00:30,  9.31it/s, Loss=0.012224, Pos=0.012101, Vel=0.00006165]Epoch 2/200 [TRAIN]:  93%|█████████▎| 3753/4032 [06:18<00:29,  9.34it/s, Loss=0.012224, Pos=0.012101, Vel=0.00006165]Epoch 2/200 [TRAIN]:  93%|█████████▎| 3753/4032 [06:18<00:29,  9.34it/s, Loss=0.012226, Pos=0.012102, Vel=0.00006164]Epoch 2/200 [TRAIN]:  93%|█████████▎| 3754/4032 [06:18<00:29,  9.49it/s, Loss=0.012226, Pos=0.012102, Vel=0.00006164]Epoch 2/200 [TRAIN]:  93%|█████████▎| 3754/4032 [06:18<00:29,  9.49it/s, Loss=0.012225, Pos=0.012102, Vel=0.00006165]Epoch 2/200 [TRAIN]:  93%|█████████▎| 3755/4032 [06:18<00:29,  9.35it/s, Loss=0.012225, Pos=0.012102, Vel=0.00006165]Epoch 2/200 [TRAIN]:  93%|█████████▎| 3755/4032 [06:18<00:29,  9.35it/s, Loss=0.012223, Pos=0.012100, Vel=0.00006164]Epoch 2/200 [TRAIN]:  93%|█████████▎| 3755/4032 [06:18<00:29,  9.35it/s, Loss=0.012222, Pos=0.012098, Vel=0.00006164]Epoch 2/200 [TRAIN]:  93%|█████████▎| 3757/4032 [06:18<00:24, 11.32it/s, Loss=0.012222, Pos=0.012098, Vel=0.00006164]Epoch 2/200 [TRAIN]:  93%|█████████▎| 3757/4032 [06:18<00:24, 11.32it/s, Loss=0.012224, Pos=0.012101, Vel=0.00006164]Epoch 2/200 [TRAIN]:  93%|█████████▎| 3757/4032 [06:18<00:24, 11.32it/s, Loss=0.012222, Pos=0.012099, Vel=0.00006163]Epoch 2/200 [TRAIN]:  93%|█████████▎| 3759/4032 [06:18<00:26, 10.34it/s, Loss=0.012222, Pos=0.012099, Vel=0.00006163]Epoch 2/200 [TRAIN]:  93%|█████████▎| 3759/4032 [06:19<00:26, 10.34it/s, Loss=0.012240, Pos=0.012117, Vel=0.00006163]Epoch 2/200 [TRAIN]:  93%|█████████▎| 3759/4032 [06:19<00:26, 10.34it/s, Loss=0.012239, Pos=0.012115, Vel=0.00006162]Epoch 2/200 [TRAIN]:  93%|█████████▎| 3761/4032 [06:19<00:27, 10.03it/s, Loss=0.012239, Pos=0.012115, Vel=0.00006162]Epoch 2/200 [TRAIN]:  93%|█████████▎| 3761/4032 [06:19<00:27, 10.03it/s, Loss=0.012237, Pos=0.012114, Vel=0.00006161]Epoch 2/200 [TRAIN]:  93%|█████████▎| 3761/4032 [06:19<00:27, 10.03it/s, Loss=0.012234, Pos=0.012111, Vel=0.00006160]Epoch 2/200 [TRAIN]:  93%|█████████▎| 3763/4032 [06:19<00:23, 11.23it/s, Loss=0.012234, Pos=0.012111, Vel=0.00006160]Epoch 2/200 [TRAIN]:  93%|█████████▎| 3763/4032 [06:19<00:23, 11.23it/s, Loss=0.012232, Pos=0.012109, Vel=0.00006160]Epoch 2/200 [TRAIN]:  93%|█████████▎| 3763/4032 [06:19<00:23, 11.23it/s, Loss=0.012236, Pos=0.012113, Vel=0.00006160]Epoch 2/200 [TRAIN]:  93%|█████████▎| 3765/4032 [06:19<00:25, 10.39it/s, Loss=0.012236, Pos=0.012113, Vel=0.00006160]Epoch 2/200 [TRAIN]:  93%|█████████▎| 3765/4032 [06:19<00:25, 10.39it/s, Loss=0.012238, Pos=0.012115, Vel=0.00006162]Epoch 2/200 [TRAIN]:  93%|█████████▎| 3765/4032 [06:19<00:25, 10.39it/s, Loss=0.012238, Pos=0.012115, Vel=0.00006163]Epoch 2/200 [TRAIN]:  93%|█████████▎| 3767/4032 [06:19<00:26,  9.90it/s, Loss=0.012238, Pos=0.012115, Vel=0.00006163]Epoch 2/200 [TRAIN]:  93%|█████████▎| 3767/4032 [06:19<00:26,  9.90it/s, Loss=0.012237, Pos=0.012113, Vel=0.00006163]Epoch 2/200 [TRAIN]:  93%|█████████▎| 3767/4032 [06:19<00:26,  9.90it/s, Loss=0.012235, Pos=0.012112, Vel=0.00006162]Epoch 2/200 [TRAIN]:  93%|█████████▎| 3769/4032 [06:19<00:26,  9.91it/s, Loss=0.012235, Pos=0.012112, Vel=0.00006162]Epoch 2/200 [TRAIN]:  93%|█████████▎| 3769/4032 [06:20<00:26,  9.91it/s, Loss=0.012234, Pos=0.012110, Vel=0.00006162]Epoch 2/200 [TRAIN]:  93%|█████████▎| 3769/4032 [06:20<00:26,  9.91it/s, Loss=0.012232, Pos=0.012109, Vel=0.00006162]Epoch 2/200 [TRAIN]:  94%|█████████▎| 3771/4032 [06:20<00:27,  9.61it/s, Loss=0.012232, Pos=0.012109, Vel=0.00006162]Epoch 2/200 [TRAIN]:  94%|█████████▎| 3771/4032 [06:20<00:27,  9.61it/s, Loss=0.012230, Pos=0.012107, Vel=0.00006160]Epoch 2/200 [TRAIN]:  94%|█████████▎| 3771/4032 [06:20<00:27,  9.61it/s, Loss=0.012233, Pos=0.012110, Vel=0.00006160]Epoch 2/200 [TRAIN]:  94%|█████████▎| 3773/4032 [06:20<00:27,  9.42it/s, Loss=0.012233, Pos=0.012110, Vel=0.00006160]Epoch 2/200 [TRAIN]:  94%|█████████▎| 3773/4032 [06:20<00:27,  9.42it/s, Loss=0.012237, Pos=0.012114, Vel=0.00006159]Epoch 2/200 [TRAIN]:  94%|█████████▎| 3773/4032 [06:20<00:27,  9.42it/s, Loss=0.012238, Pos=0.012115, Vel=0.00006159]Epoch 2/200 [TRAIN]:  94%|█████████▎| 3775/4032 [06:20<00:26,  9.66it/s, Loss=0.012238, Pos=0.012115, Vel=0.00006159]Epoch 2/200 [TRAIN]:  94%|█████████▎| 3775/4032 [06:20<00:26,  9.66it/s, Loss=0.012237, Pos=0.012114, Vel=0.00006157]Epoch 2/200 [TRAIN]:  94%|█████████▎| 3776/4032 [06:20<00:27,  9.41it/s, Loss=0.012237, Pos=0.012114, Vel=0.00006157]Epoch 2/200 [TRAIN]:  94%|█████████▎| 3776/4032 [06:20<00:27,  9.41it/s, Loss=0.012235, Pos=0.012112, Vel=0.00006157]Epoch 2/200 [TRAIN]:  94%|█████████▎| 3777/4032 [06:20<00:27,  9.21it/s, Loss=0.012235, Pos=0.012112, Vel=0.00006157]Epoch 2/200 [TRAIN]:  94%|█████████▎| 3777/4032 [06:20<00:27,  9.21it/s, Loss=0.012243, Pos=0.012120, Vel=0.00006160]Epoch 2/200 [TRAIN]:  94%|█████████▎| 3778/4032 [06:20<00:27,  9.30it/s, Loss=0.012243, Pos=0.012120, Vel=0.00006160]Epoch 2/200 [TRAIN]:  94%|█████████▎| 3778/4032 [06:21<00:27,  9.30it/s, Loss=0.012244, Pos=0.012121, Vel=0.00006164]Epoch 2/200 [TRAIN]:  94%|█████████▎| 3779/4032 [06:21<00:28,  8.98it/s, Loss=0.012244, Pos=0.012121, Vel=0.00006164]Epoch 2/200 [TRAIN]:  94%|█████████▎| 3779/4032 [06:21<00:28,  8.98it/s, Loss=0.012242, Pos=0.012119, Vel=0.00006162]Epoch 2/200 [TRAIN]:  94%|█████████▍| 3780/4032 [06:21<00:27,  9.18it/s, Loss=0.012242, Pos=0.012119, Vel=0.00006162]Epoch 2/200 [TRAIN]:  94%|█████████▍| 3780/4032 [06:21<00:27,  9.18it/s, Loss=0.012242, Pos=0.012118, Vel=0.00006163]Epoch 2/200 [TRAIN]:  94%|█████████▍| 3781/4032 [06:21<00:27,  9.06it/s, Loss=0.012242, Pos=0.012118, Vel=0.00006163]Epoch 2/200 [TRAIN]:  94%|█████████▍| 3781/4032 [06:21<00:27,  9.06it/s, Loss=0.012239, Pos=0.012116, Vel=0.00006164]Epoch 2/200 [TRAIN]:  94%|█████████▍| 3782/4032 [06:21<00:27,  9.11it/s, Loss=0.012239, Pos=0.012116, Vel=0.00006164]Epoch 2/200 [TRAIN]:  94%|█████████▍| 3782/4032 [06:21<00:27,  9.11it/s, Loss=0.012238, Pos=0.012115, Vel=0.00006163]Epoch 2/200 [TRAIN]:  94%|█████████▍| 3783/4032 [06:21<00:27,  8.92it/s, Loss=0.012238, Pos=0.012115, Vel=0.00006163]Epoch 2/200 [TRAIN]:  94%|█████████▍| 3783/4032 [06:21<00:27,  8.92it/s, Loss=0.012239, Pos=0.012115, Vel=0.00006162]Epoch 2/200 [TRAIN]:  94%|█████████▍| 3784/4032 [06:21<00:27,  9.17it/s, Loss=0.012239, Pos=0.012115, Vel=0.00006162]Epoch 2/200 [TRAIN]:  94%|█████████▍| 3784/4032 [06:21<00:27,  9.17it/s, Loss=0.012236, Pos=0.012113, Vel=0.00006161]Epoch 2/200 [TRAIN]:  94%|█████████▍| 3784/4032 [06:21<00:27,  9.17it/s, Loss=0.012234, Pos=0.012110, Vel=0.00006160]Epoch 2/200 [TRAIN]:  94%|█████████▍| 3786/4032 [06:21<00:24, 10.01it/s, Loss=0.012234, Pos=0.012110, Vel=0.00006160]Epoch 2/200 [TRAIN]:  94%|█████████▍| 3786/4032 [06:21<00:24, 10.01it/s, Loss=0.012232, Pos=0.012108, Vel=0.00006160]Epoch 2/200 [TRAIN]:  94%|█████████▍| 3787/4032 [06:21<00:24,  9.89it/s, Loss=0.012232, Pos=0.012108, Vel=0.00006160]Epoch 2/200 [TRAIN]:  94%|█████████▍| 3787/4032 [06:22<00:24,  9.89it/s, Loss=0.012229, Pos=0.012105, Vel=0.00006159]Epoch 2/200 [TRAIN]:  94%|█████████▍| 3788/4032 [06:22<00:25,  9.45it/s, Loss=0.012229, Pos=0.012105, Vel=0.00006159]Epoch 2/200 [TRAIN]:  94%|█████████▍| 3788/4032 [06:22<00:25,  9.45it/s, Loss=0.012226, Pos=0.012103, Vel=0.00006157]Epoch 2/200 [TRAIN]:  94%|█████████▍| 3789/4032 [06:22<00:25,  9.52it/s, Loss=0.012226, Pos=0.012103, Vel=0.00006157]Epoch 2/200 [TRAIN]:  94%|█████████▍| 3789/4032 [06:22<00:25,  9.52it/s, Loss=0.012224, Pos=0.012101, Vel=0.00006157]Epoch 2/200 [TRAIN]:  94%|█████████▍| 3790/4032 [06:22<00:26,  9.10it/s, Loss=0.012224, Pos=0.012101, Vel=0.00006157]Epoch 2/200 [TRAIN]:  94%|█████████▍| 3790/4032 [06:22<00:26,  9.10it/s, Loss=0.012222, Pos=0.012099, Vel=0.00006156]Epoch 2/200 [TRAIN]:  94%|█████████▍| 3790/4032 [06:22<00:26,  9.10it/s, Loss=0.012222, Pos=0.012099, Vel=0.00006157]Epoch 2/200 [TRAIN]:  94%|█████████▍| 3792/4032 [06:22<00:25,  9.41it/s, Loss=0.012222, Pos=0.012099, Vel=0.00006157]Epoch 2/200 [TRAIN]:  94%|█████████▍| 3792/4032 [06:22<00:25,  9.41it/s, Loss=0.012220, Pos=0.012097, Vel=0.00006156]Epoch 2/200 [TRAIN]:  94%|█████████▍| 3792/4032 [06:22<00:25,  9.41it/s, Loss=0.012218, Pos=0.012095, Vel=0.00006155]Epoch 2/200 [TRAIN]:  94%|█████████▍| 3794/4032 [06:22<00:21, 11.12it/s, Loss=0.012218, Pos=0.012095, Vel=0.00006155]Epoch 2/200 [TRAIN]:  94%|█████████▍| 3794/4032 [06:22<00:21, 11.12it/s, Loss=0.012249, Pos=0.012126, Vel=0.00006156]Epoch 2/200 [TRAIN]:  94%|█████████▍| 3794/4032 [06:22<00:21, 11.12it/s, Loss=0.012249, Pos=0.012126, Vel=0.00006157]Epoch 2/200 [TRAIN]:  94%|█████████▍| 3796/4032 [06:22<00:23,  9.99it/s, Loss=0.012249, Pos=0.012126, Vel=0.00006157]Epoch 2/200 [TRAIN]:  94%|█████████▍| 3796/4032 [06:22<00:23,  9.99it/s, Loss=0.012248, Pos=0.012125, Vel=0.00006157]Epoch 2/200 [TRAIN]:  94%|█████████▍| 3796/4032 [06:23<00:23,  9.99it/s, Loss=0.012245, Pos=0.012122, Vel=0.00006156]Epoch 2/200 [TRAIN]:  94%|█████████▍| 3798/4032 [06:23<00:24,  9.57it/s, Loss=0.012245, Pos=0.012122, Vel=0.00006156]Epoch 2/200 [TRAIN]:  94%|█████████▍| 3798/4032 [06:23<00:24,  9.57it/s, Loss=0.012247, Pos=0.012124, Vel=0.00006155]Epoch 2/200 [TRAIN]:  94%|█████████▍| 3799/4032 [06:23<00:24,  9.56it/s, Loss=0.012247, Pos=0.012124, Vel=0.00006155]Epoch 2/200 [TRAIN]:  94%|█████████▍| 3799/4032 [06:23<00:24,  9.56it/s, Loss=0.012246, Pos=0.012123, Vel=0.00006155]Epoch 2/200 [TRAIN]:  94%|█████████▍| 3800/4032 [06:23<00:24,  9.62it/s, Loss=0.012246, Pos=0.012123, Vel=0.00006155]Epoch 2/200 [TRAIN]:  94%|█████████▍| 3800/4032 [06:23<00:24,  9.62it/s, Loss=0.012245, Pos=0.012122, Vel=0.00006154]Epoch 2/200 [TRAIN]:  94%|█████████▍| 3800/4032 [06:23<00:24,  9.62it/s, Loss=0.012246, Pos=0.012122, Vel=0.00006155]Epoch 2/200 [TRAIN]:  94%|█████████▍| 3802/4032 [06:23<00:22, 10.25it/s, Loss=0.012246, Pos=0.012122, Vel=0.00006155]Epoch 2/200 [TRAIN]:  94%|█████████▍| 3802/4032 [06:23<00:22, 10.25it/s, Loss=0.012244, Pos=0.012121, Vel=0.00006154]Epoch 2/200 [TRAIN]:  94%|█████████▍| 3802/4032 [06:23<00:22, 10.25it/s, Loss=0.012244, Pos=0.012121, Vel=0.00006154]Epoch 2/200 [TRAIN]:  94%|█████████▍| 3804/4032 [06:23<00:22, 10.05it/s, Loss=0.012244, Pos=0.012121, Vel=0.00006154]Epoch 2/200 [TRAIN]:  94%|█████████▍| 3804/4032 [06:23<00:22, 10.05it/s, Loss=0.012245, Pos=0.012122, Vel=0.00006153]Epoch 2/200 [TRAIN]:  94%|█████████▍| 3804/4032 [06:23<00:22, 10.05it/s, Loss=0.012244, Pos=0.012121, Vel=0.00006152]Epoch 2/200 [TRAIN]:  94%|█████████▍| 3806/4032 [06:23<00:20, 10.96it/s, Loss=0.012244, Pos=0.012121, Vel=0.00006152]Epoch 2/200 [TRAIN]:  94%|█████████▍| 3806/4032 [06:23<00:20, 10.96it/s, Loss=0.012243, Pos=0.012120, Vel=0.00006151]Epoch 2/200 [TRAIN]:  94%|█████████▍| 3806/4032 [06:24<00:20, 10.96it/s, Loss=0.012246, Pos=0.012123, Vel=0.00006153]Epoch 2/200 [TRAIN]:  94%|█████████▍| 3808/4032 [06:24<00:21, 10.52it/s, Loss=0.012246, Pos=0.012123, Vel=0.00006153]Epoch 2/200 [TRAIN]:  94%|█████████▍| 3808/4032 [06:24<00:21, 10.52it/s, Loss=0.012245, Pos=0.012122, Vel=0.00006154]Epoch 2/200 [TRAIN]:  94%|█████████▍| 3808/4032 [06:24<00:21, 10.52it/s, Loss=0.012243, Pos=0.012120, Vel=0.00006153]Epoch 2/200 [TRAIN]:  94%|█████████▍| 3810/4032 [06:24<00:22, 10.08it/s, Loss=0.012243, Pos=0.012120, Vel=0.00006153]Epoch 2/200 [TRAIN]:  94%|█████████▍| 3810/4032 [06:24<00:22, 10.08it/s, Loss=0.012241, Pos=0.012118, Vel=0.00006152]Epoch 2/200 [TRAIN]:  94%|█████████▍| 3810/4032 [06:24<00:22, 10.08it/s, Loss=0.012240, Pos=0.012117, Vel=0.00006152]Epoch 2/200 [TRAIN]:  95%|█████████▍| 3812/4032 [06:24<00:21, 10.11it/s, Loss=0.012240, Pos=0.012117, Vel=0.00006152]Epoch 2/200 [TRAIN]:  95%|█████████▍| 3812/4032 [06:24<00:21, 10.11it/s, Loss=0.012239, Pos=0.012116, Vel=0.00006153]Epoch 2/200 [TRAIN]:  95%|█████████▍| 3812/4032 [06:24<00:21, 10.11it/s, Loss=0.012237, Pos=0.012114, Vel=0.00006152]Epoch 2/200 [TRAIN]:  95%|█████████▍| 3814/4032 [06:24<00:22,  9.75it/s, Loss=0.012237, Pos=0.012114, Vel=0.00006152]Epoch 2/200 [TRAIN]:  95%|█████████▍| 3814/4032 [06:24<00:22,  9.75it/s, Loss=0.012234, Pos=0.012111, Vel=0.00006151]Epoch 2/200 [TRAIN]:  95%|█████████▍| 3815/4032 [06:24<00:22,  9.71it/s, Loss=0.012234, Pos=0.012111, Vel=0.00006151]Epoch 2/200 [TRAIN]:  95%|█████████▍| 3815/4032 [06:24<00:22,  9.71it/s, Loss=0.012240, Pos=0.012117, Vel=0.00006152]Epoch 2/200 [TRAIN]:  95%|█████████▍| 3816/4032 [06:24<00:22,  9.73it/s, Loss=0.012240, Pos=0.012117, Vel=0.00006152]Epoch 2/200 [TRAIN]:  95%|█████████▍| 3816/4032 [06:24<00:22,  9.73it/s, Loss=0.012239, Pos=0.012115, Vel=0.00006152]Epoch 2/200 [TRAIN]:  95%|█████████▍| 3816/4032 [06:24<00:22,  9.73it/s, Loss=0.012236, Pos=0.012113, Vel=0.00006151]Epoch 2/200 [TRAIN]:  95%|█████████▍| 3818/4032 [06:24<00:18, 11.27it/s, Loss=0.012236, Pos=0.012113, Vel=0.00006151]Epoch 2/200 [TRAIN]:  95%|█████████▍| 3818/4032 [06:25<00:18, 11.27it/s, Loss=0.012236, Pos=0.012113, Vel=0.00006155]Epoch 2/200 [TRAIN]:  95%|█████████▍| 3818/4032 [06:25<00:18, 11.27it/s, Loss=0.012240, Pos=0.012117, Vel=0.00006158]Epoch 2/200 [TRAIN]:  95%|█████████▍| 3820/4032 [06:25<00:19, 10.82it/s, Loss=0.012240, Pos=0.012117, Vel=0.00006158]Epoch 2/200 [TRAIN]:  95%|█████████▍| 3820/4032 [06:25<00:19, 10.82it/s, Loss=0.012241, Pos=0.012118, Vel=0.00006157]Epoch 2/200 [TRAIN]:  95%|█████████▍| 3820/4032 [06:25<00:19, 10.82it/s, Loss=0.012247, Pos=0.012124, Vel=0.00006158]Epoch 2/200 [TRAIN]:  95%|█████████▍| 3822/4032 [06:25<00:17, 11.84it/s, Loss=0.012247, Pos=0.012124, Vel=0.00006158]Epoch 2/200 [TRAIN]:  95%|█████████▍| 3822/4032 [06:25<00:17, 11.84it/s, Loss=0.012245, Pos=0.012122, Vel=0.00006157]Epoch 2/200 [TRAIN]:  95%|█████████▍| 3822/4032 [06:25<00:17, 11.84it/s, Loss=0.012243, Pos=0.012120, Vel=0.00006157]Epoch 2/200 [TRAIN]:  95%|█████████▍| 3824/4032 [06:25<00:19, 10.53it/s, Loss=0.012243, Pos=0.012120, Vel=0.00006157]Epoch 2/200 [TRAIN]:  95%|█████████▍| 3824/4032 [06:25<00:19, 10.53it/s, Loss=0.012269, Pos=0.012146, Vel=0.00006156]Epoch 2/200 [TRAIN]:  95%|█████████▍| 3824/4032 [06:25<00:19, 10.53it/s, Loss=0.012266, Pos=0.012143, Vel=0.00006155]Epoch 2/200 [TRAIN]:  95%|█████████▍| 3826/4032 [06:25<00:20,  9.97it/s, Loss=0.012266, Pos=0.012143, Vel=0.00006155]Epoch 2/200 [TRAIN]:  95%|█████████▍| 3826/4032 [06:25<00:20,  9.97it/s, Loss=0.012264, Pos=0.012141, Vel=0.00006154]Epoch 2/200 [TRAIN]:  95%|█████████▍| 3826/4032 [06:25<00:20,  9.97it/s, Loss=0.012264, Pos=0.012141, Vel=0.00006155]Epoch 2/200 [TRAIN]:  95%|█████████▍| 3828/4032 [06:25<00:21,  9.56it/s, Loss=0.012264, Pos=0.012141, Vel=0.00006155]Epoch 2/200 [TRAIN]:  95%|█████████▍| 3828/4032 [06:26<00:21,  9.56it/s, Loss=0.012262, Pos=0.012139, Vel=0.00006154]Epoch 2/200 [TRAIN]:  95%|█████████▍| 3828/4032 [06:26<00:21,  9.56it/s, Loss=0.012261, Pos=0.012137, Vel=0.00006153]Epoch 2/200 [TRAIN]:  95%|█████████▍| 3830/4032 [06:26<00:19, 10.63it/s, Loss=0.012261, Pos=0.012137, Vel=0.00006153]Epoch 2/200 [TRAIN]:  95%|█████████▍| 3830/4032 [06:26<00:19, 10.63it/s, Loss=0.012258, Pos=0.012135, Vel=0.00006152]Epoch 2/200 [TRAIN]:  95%|█████████▍| 3830/4032 [06:26<00:19, 10.63it/s, Loss=0.012265, Pos=0.012142, Vel=0.00006151]Epoch 2/200 [TRAIN]:  95%|█████████▌| 3832/4032 [06:26<00:19, 10.38it/s, Loss=0.012265, Pos=0.012142, Vel=0.00006151]Epoch 2/200 [TRAIN]:  95%|█████████▌| 3832/4032 [06:26<00:19, 10.38it/s, Loss=0.012264, Pos=0.012141, Vel=0.00006150]Epoch 2/200 [TRAIN]:  95%|█████████▌| 3832/4032 [06:26<00:19, 10.38it/s, Loss=0.012262, Pos=0.012139, Vel=0.00006151]Epoch 2/200 [TRAIN]:  95%|█████████▌| 3834/4032 [06:26<00:19, 10.24it/s, Loss=0.012262, Pos=0.012139, Vel=0.00006151]Epoch 2/200 [TRAIN]:  95%|█████████▌| 3834/4032 [06:26<00:19, 10.24it/s, Loss=0.012261, Pos=0.012138, Vel=0.00006150]Epoch 2/200 [TRAIN]:  95%|█████████▌| 3834/4032 [06:26<00:19, 10.24it/s, Loss=0.012259, Pos=0.012136, Vel=0.00006149]Epoch 2/200 [TRAIN]:  95%|█████████▌| 3836/4032 [06:26<00:20,  9.77it/s, Loss=0.012259, Pos=0.012136, Vel=0.00006149]Epoch 2/200 [TRAIN]:  95%|█████████▌| 3836/4032 [06:26<00:20,  9.77it/s, Loss=0.012258, Pos=0.012135, Vel=0.00006148]Epoch 2/200 [TRAIN]:  95%|█████████▌| 3836/4032 [06:26<00:20,  9.77it/s, Loss=0.012259, Pos=0.012136, Vel=0.00006151]Epoch 2/200 [TRAIN]:  95%|█████████▌| 3838/4032 [06:26<00:20,  9.52it/s, Loss=0.012259, Pos=0.012136, Vel=0.00006151]Epoch 2/200 [TRAIN]:  95%|█████████▌| 3838/4032 [06:27<00:20,  9.52it/s, Loss=0.012260, Pos=0.012137, Vel=0.00006151]Epoch 2/200 [TRAIN]:  95%|█████████▌| 3839/4032 [06:27<00:20,  9.38it/s, Loss=0.012260, Pos=0.012137, Vel=0.00006151]Epoch 2/200 [TRAIN]:  95%|█████████▌| 3839/4032 [06:27<00:20,  9.38it/s, Loss=0.012258, Pos=0.012135, Vel=0.00006150]Epoch 2/200 [TRAIN]:  95%|█████████▌| 3840/4032 [06:27<00:20,  9.35it/s, Loss=0.012258, Pos=0.012135, Vel=0.00006150]Epoch 2/200 [TRAIN]:  95%|█████████▌| 3840/4032 [06:27<00:20,  9.35it/s, Loss=0.012258, Pos=0.012135, Vel=0.00006149]Epoch 2/200 [TRAIN]:  95%|█████████▌| 3840/4032 [06:27<00:20,  9.35it/s, Loss=0.012256, Pos=0.012133, Vel=0.00006149]Epoch 2/200 [TRAIN]:  95%|█████████▌| 3842/4032 [06:27<00:18, 10.29it/s, Loss=0.012256, Pos=0.012133, Vel=0.00006149]Epoch 2/200 [TRAIN]:  95%|█████████▌| 3842/4032 [06:27<00:18, 10.29it/s, Loss=0.012254, Pos=0.012132, Vel=0.00006148]Epoch 2/200 [TRAIN]:  95%|█████████▌| 3842/4032 [06:27<00:18, 10.29it/s, Loss=0.012252, Pos=0.012129, Vel=0.00006147]Epoch 2/200 [TRAIN]:  95%|█████████▌| 3844/4032 [06:27<00:15, 12.04it/s, Loss=0.012252, Pos=0.012129, Vel=0.00006147]Epoch 2/200 [TRAIN]:  95%|█████████▌| 3844/4032 [06:27<00:15, 12.04it/s, Loss=0.012252, Pos=0.012129, Vel=0.00006146]Epoch 2/200 [TRAIN]:  95%|█████████▌| 3844/4032 [06:27<00:15, 12.04it/s, Loss=0.012252, Pos=0.012129, Vel=0.00006146]Epoch 2/200 [TRAIN]:  95%|█████████▌| 3846/4032 [06:27<00:17, 10.83it/s, Loss=0.012252, Pos=0.012129, Vel=0.00006146]Epoch 2/200 [TRAIN]:  95%|█████████▌| 3846/4032 [06:27<00:17, 10.83it/s, Loss=0.012250, Pos=0.012127, Vel=0.00006145]Epoch 2/200 [TRAIN]:  95%|█████████▌| 3846/4032 [06:27<00:17, 10.83it/s, Loss=0.012247, Pos=0.012124, Vel=0.00006145]Epoch 2/200 [TRAIN]:  95%|█████████▌| 3848/4032 [06:27<00:18, 10.20it/s, Loss=0.012247, Pos=0.012124, Vel=0.00006145]Epoch 2/200 [TRAIN]:  95%|█████████▌| 3848/4032 [06:27<00:18, 10.20it/s, Loss=0.012266, Pos=0.012143, Vel=0.00006144]Epoch 2/200 [TRAIN]:  95%|█████████▌| 3848/4032 [06:28<00:18, 10.20it/s, Loss=0.012263, Pos=0.012140, Vel=0.00006143]Epoch 2/200 [TRAIN]:  95%|█████████▌| 3850/4032 [06:28<00:16, 11.14it/s, Loss=0.012263, Pos=0.012140, Vel=0.00006143]Epoch 2/200 [TRAIN]:  95%|█████████▌| 3850/4032 [06:28<00:16, 11.14it/s, Loss=0.012265, Pos=0.012142, Vel=0.00006145]Epoch 2/200 [TRAIN]:  95%|█████████▌| 3850/4032 [06:28<00:16, 11.14it/s, Loss=0.012263, Pos=0.012141, Vel=0.00006144]Epoch 2/200 [TRAIN]:  96%|█████████▌| 3852/4032 [06:28<00:16, 10.97it/s, Loss=0.012263, Pos=0.012141, Vel=0.00006144]Epoch 2/200 [TRAIN]:  96%|█████████▌| 3852/4032 [06:28<00:16, 10.97it/s, Loss=0.012261, Pos=0.012138, Vel=0.00006144]Epoch 2/200 [TRAIN]:  96%|█████████▌| 3852/4032 [06:28<00:16, 10.97it/s, Loss=0.012260, Pos=0.012137, Vel=0.00006143]Epoch 2/200 [TRAIN]:  96%|█████████▌| 3854/4032 [06:28<00:17, 10.22it/s, Loss=0.012260, Pos=0.012137, Vel=0.00006143]Epoch 2/200 [TRAIN]:  96%|█████████▌| 3854/4032 [06:28<00:17, 10.22it/s, Loss=0.012259, Pos=0.012136, Vel=0.00006142]Epoch 2/200 [TRAIN]:  96%|█████████▌| 3854/4032 [06:28<00:17, 10.22it/s, Loss=0.012257, Pos=0.012135, Vel=0.00006142]Epoch 2/200 [TRAIN]:  96%|█████████▌| 3856/4032 [06:28<00:17, 10.05it/s, Loss=0.012257, Pos=0.012135, Vel=0.00006142]Epoch 2/200 [TRAIN]:  96%|█████████▌| 3856/4032 [06:28<00:17, 10.05it/s, Loss=0.012257, Pos=0.012135, Vel=0.00006141]Epoch 2/200 [TRAIN]:  96%|█████████▌| 3856/4032 [06:28<00:17, 10.05it/s, Loss=0.012257, Pos=0.012134, Vel=0.00006141]Epoch 2/200 [TRAIN]:  96%|█████████▌| 3858/4032 [06:28<00:17,  9.74it/s, Loss=0.012257, Pos=0.012134, Vel=0.00006141]Epoch 2/200 [TRAIN]:  96%|█████████▌| 3858/4032 [06:29<00:17,  9.74it/s, Loss=0.012256, Pos=0.012133, Vel=0.00006141]Epoch 2/200 [TRAIN]:  96%|█████████▌| 3859/4032 [06:29<00:18,  9.50it/s, Loss=0.012256, Pos=0.012133, Vel=0.00006141]Epoch 2/200 [TRAIN]:  96%|█████████▌| 3859/4032 [06:29<00:18,  9.50it/s, Loss=0.012254, Pos=0.012131, Vel=0.00006140]Epoch 2/200 [TRAIN]:  96%|█████████▌| 3860/4032 [06:29<00:17,  9.57it/s, Loss=0.012254, Pos=0.012131, Vel=0.00006140]Epoch 2/200 [TRAIN]:  96%|█████████▌| 3860/4032 [06:29<00:17,  9.57it/s, Loss=0.012252, Pos=0.012129, Vel=0.00006139]Epoch 2/200 [TRAIN]:  96%|█████████▌| 3861/4032 [06:29<00:18,  9.49it/s, Loss=0.012252, Pos=0.012129, Vel=0.00006139]Epoch 2/200 [TRAIN]:  96%|█████████▌| 3861/4032 [06:29<00:18,  9.49it/s, Loss=0.012276, Pos=0.012153, Vel=0.00006141]Epoch 2/200 [TRAIN]:  96%|█████████▌| 3862/4032 [06:29<00:18,  9.21it/s, Loss=0.012276, Pos=0.012153, Vel=0.00006141]Epoch 2/200 [TRAIN]:  96%|█████████▌| 3862/4032 [06:29<00:18,  9.21it/s, Loss=0.012274, Pos=0.012151, Vel=0.00006140]Epoch 2/200 [TRAIN]:  96%|█████████▌| 3862/4032 [06:29<00:18,  9.21it/s, Loss=0.012281, Pos=0.012159, Vel=0.00006144]Epoch 2/200 [TRAIN]:  96%|█████████▌| 3864/4032 [06:29<00:18,  9.23it/s, Loss=0.012281, Pos=0.012159, Vel=0.00006144]Epoch 2/200 [TRAIN]:  96%|█████████▌| 3864/4032 [06:29<00:18,  9.23it/s, Loss=0.012281, Pos=0.012158, Vel=0.00006144]Epoch 2/200 [TRAIN]:  96%|█████████▌| 3865/4032 [06:29<00:17,  9.36it/s, Loss=0.012281, Pos=0.012158, Vel=0.00006144]Epoch 2/200 [TRAIN]:  96%|█████████▌| 3865/4032 [06:29<00:17,  9.36it/s, Loss=0.012278, Pos=0.012156, Vel=0.00006143]Epoch 2/200 [TRAIN]:  96%|█████████▌| 3865/4032 [06:29<00:17,  9.36it/s, Loss=0.012277, Pos=0.012154, Vel=0.00006142]Epoch 2/200 [TRAIN]:  96%|█████████▌| 3867/4032 [06:29<00:17,  9.27it/s, Loss=0.012277, Pos=0.012154, Vel=0.00006142]Epoch 2/200 [TRAIN]:  96%|█████████▌| 3867/4032 [06:29<00:17,  9.27it/s, Loss=0.012274, Pos=0.012152, Vel=0.00006142]Epoch 2/200 [TRAIN]:  96%|█████████▌| 3868/4032 [06:29<00:17,  9.38it/s, Loss=0.012274, Pos=0.012152, Vel=0.00006142]Epoch 2/200 [TRAIN]:  96%|█████████▌| 3868/4032 [06:30<00:17,  9.38it/s, Loss=0.012272, Pos=0.012149, Vel=0.00006141]Epoch 2/200 [TRAIN]:  96%|█████████▌| 3869/4032 [06:30<00:17,  9.20it/s, Loss=0.012272, Pos=0.012149, Vel=0.00006141]Epoch 2/200 [TRAIN]:  96%|█████████▌| 3869/4032 [06:30<00:17,  9.20it/s, Loss=0.012271, Pos=0.012149, Vel=0.00006140]Epoch 2/200 [TRAIN]:  96%|█████████▌| 3870/4032 [06:30<00:17,  9.34it/s, Loss=0.012271, Pos=0.012149, Vel=0.00006140]Epoch 2/200 [TRAIN]:  96%|█████████▌| 3870/4032 [06:30<00:17,  9.34it/s, Loss=0.012271, Pos=0.012148, Vel=0.00006140]Epoch 2/200 [TRAIN]:  96%|█████████▌| 3871/4032 [06:30<00:17,  9.19it/s, Loss=0.012271, Pos=0.012148, Vel=0.00006140]Epoch 2/200 [TRAIN]:  96%|█████████▌| 3871/4032 [06:30<00:17,  9.19it/s, Loss=0.012269, Pos=0.012146, Vel=0.00006141]Epoch 2/200 [TRAIN]:  96%|█████████▌| 3872/4032 [06:30<00:17,  9.08it/s, Loss=0.012269, Pos=0.012146, Vel=0.00006141]Epoch 2/200 [TRAIN]:  96%|█████████▌| 3872/4032 [06:30<00:17,  9.08it/s, Loss=0.012268, Pos=0.012145, Vel=0.00006140]Epoch 2/200 [TRAIN]:  96%|█████████▌| 3872/4032 [06:30<00:17,  9.08it/s, Loss=0.012266, Pos=0.012143, Vel=0.00006139]Epoch 2/200 [TRAIN]:  96%|█████████▌| 3874/4032 [06:30<00:16,  9.59it/s, Loss=0.012266, Pos=0.012143, Vel=0.00006139]Epoch 2/200 [TRAIN]:  96%|█████████▌| 3874/4032 [06:30<00:16,  9.59it/s, Loss=0.012264, Pos=0.012141, Vel=0.00006138]Epoch 2/200 [TRAIN]:  96%|█████████▌| 3875/4032 [06:30<00:16,  9.30it/s, Loss=0.012264, Pos=0.012141, Vel=0.00006138]Epoch 2/200 [TRAIN]:  96%|█████████▌| 3875/4032 [06:30<00:16,  9.30it/s, Loss=0.012261, Pos=0.012138, Vel=0.00006137]Epoch 2/200 [TRAIN]:  96%|█████████▌| 3875/4032 [06:30<00:16,  9.30it/s, Loss=0.012262, Pos=0.012139, Vel=0.00006138]Epoch 2/200 [TRAIN]:  96%|█████████▌| 3877/4032 [06:30<00:14, 10.88it/s, Loss=0.012262, Pos=0.012139, Vel=0.00006138]Epoch 2/200 [TRAIN]:  96%|█████████▌| 3877/4032 [06:30<00:14, 10.88it/s, Loss=0.012263, Pos=0.012140, Vel=0.00006138]Epoch 2/200 [TRAIN]:  96%|█████████▌| 3877/4032 [06:31<00:14, 10.88it/s, Loss=0.012261, Pos=0.012138, Vel=0.00006138]Epoch 2/200 [TRAIN]:  96%|█████████▌| 3879/4032 [06:31<00:15, 10.17it/s, Loss=0.012261, Pos=0.012138, Vel=0.00006138]Epoch 2/200 [TRAIN]:  96%|█████████▌| 3879/4032 [06:31<00:15, 10.17it/s, Loss=0.012264, Pos=0.012141, Vel=0.00006137]Epoch 2/200 [TRAIN]:  96%|█████████▌| 3879/4032 [06:31<00:15, 10.17it/s, Loss=0.012262, Pos=0.012140, Vel=0.00006136]Epoch 2/200 [TRAIN]:  96%|█████████▋| 3881/4032 [06:31<00:15,  9.85it/s, Loss=0.012262, Pos=0.012140, Vel=0.00006136]Epoch 2/200 [TRAIN]:  96%|█████████▋| 3881/4032 [06:31<00:15,  9.85it/s, Loss=0.012261, Pos=0.012138, Vel=0.00006136]Epoch 2/200 [TRAIN]:  96%|█████████▋| 3881/4032 [06:31<00:15,  9.85it/s, Loss=0.012261, Pos=0.012138, Vel=0.00006139]Epoch 2/200 [TRAIN]:  96%|█████████▋| 3883/4032 [06:31<00:13, 11.17it/s, Loss=0.012261, Pos=0.012138, Vel=0.00006139]Epoch 2/200 [TRAIN]:  96%|█████████▋| 3883/4032 [06:31<00:13, 11.17it/s, Loss=0.012260, Pos=0.012137, Vel=0.00006140]Epoch 2/200 [TRAIN]:  96%|█████████▋| 3883/4032 [06:31<00:13, 11.17it/s, Loss=0.012273, Pos=0.012150, Vel=0.00006139]Epoch 2/200 [TRAIN]:  96%|█████████▋| 3885/4032 [06:31<00:14, 10.21it/s, Loss=0.012273, Pos=0.012150, Vel=0.00006139]Epoch 2/200 [TRAIN]:  96%|█████████▋| 3885/4032 [06:31<00:14, 10.21it/s, Loss=0.012271, Pos=0.012148, Vel=0.00006138]Epoch 2/200 [TRAIN]:  96%|█████████▋| 3885/4032 [06:31<00:14, 10.21it/s, Loss=0.012270, Pos=0.012147, Vel=0.00006137]Epoch 2/200 [TRAIN]:  96%|█████████▋| 3887/4032 [06:31<00:14,  9.99it/s, Loss=0.012270, Pos=0.012147, Vel=0.00006137]Epoch 2/200 [TRAIN]:  96%|█████████▋| 3887/4032 [06:31<00:14,  9.99it/s, Loss=0.012272, Pos=0.012149, Vel=0.00006139]Epoch 2/200 [TRAIN]:  96%|█████████▋| 3887/4032 [06:32<00:14,  9.99it/s, Loss=0.012271, Pos=0.012148, Vel=0.00006139]Epoch 2/200 [TRAIN]:  96%|█████████▋| 3889/4032 [06:32<00:14,  9.72it/s, Loss=0.012271, Pos=0.012148, Vel=0.00006139]Epoch 2/200 [TRAIN]:  96%|█████████▋| 3889/4032 [06:32<00:14,  9.72it/s, Loss=0.012272, Pos=0.012149, Vel=0.00006139]Epoch 2/200 [TRAIN]:  96%|█████████▋| 3889/4032 [06:32<00:14,  9.72it/s, Loss=0.012272, Pos=0.012149, Vel=0.00006138]Epoch 2/200 [TRAIN]:  97%|█████████▋| 3891/4032 [06:32<00:13, 10.16it/s, Loss=0.012272, Pos=0.012149, Vel=0.00006138]Epoch 2/200 [TRAIN]:  97%|█████████▋| 3891/4032 [06:32<00:13, 10.16it/s, Loss=0.012270, Pos=0.012147, Vel=0.00006137]Epoch 2/200 [TRAIN]:  97%|█████████▋| 3891/4032 [06:32<00:13, 10.16it/s, Loss=0.012268, Pos=0.012145, Vel=0.00006136]Epoch 2/200 [TRAIN]:  97%|█████████▋| 3893/4032 [06:32<00:12, 11.25it/s, Loss=0.012268, Pos=0.012145, Vel=0.00006136]Epoch 2/200 [TRAIN]:  97%|█████████▋| 3893/4032 [06:32<00:12, 11.25it/s, Loss=0.012268, Pos=0.012145, Vel=0.00006136]Epoch 2/200 [TRAIN]:  97%|█████████▋| 3893/4032 [06:32<00:12, 11.25it/s, Loss=0.012265, Pos=0.012142, Vel=0.00006136]Epoch 2/200 [TRAIN]:  97%|█████████▋| 3895/4032 [06:32<00:12, 10.56it/s, Loss=0.012265, Pos=0.012142, Vel=0.00006136]Epoch 2/200 [TRAIN]:  97%|█████████▋| 3895/4032 [06:32<00:12, 10.56it/s, Loss=0.012274, Pos=0.012151, Vel=0.00006136]Epoch 2/200 [TRAIN]:  97%|█████████▋| 3895/4032 [06:32<00:12, 10.56it/s, Loss=0.012273, Pos=0.012150, Vel=0.00006135]Epoch 2/200 [TRAIN]:  97%|█████████▋| 3897/4032 [06:32<00:12, 11.19it/s, Loss=0.012273, Pos=0.012150, Vel=0.00006135]Epoch 2/200 [TRAIN]:  97%|█████████▋| 3897/4032 [06:32<00:12, 11.19it/s, Loss=0.012279, Pos=0.012156, Vel=0.00006141]Epoch 2/200 [TRAIN]:  97%|█████████▋| 3897/4032 [06:32<00:12, 11.19it/s, Loss=0.012295, Pos=0.012172, Vel=0.00006141]Epoch 2/200 [TRAIN]:  97%|█████████▋| 3899/4032 [06:32<00:12, 10.78it/s, Loss=0.012295, Pos=0.012172, Vel=0.00006141]Epoch 2/200 [TRAIN]:  97%|█████████▋| 3899/4032 [06:33<00:12, 10.78it/s, Loss=0.012294, Pos=0.012171, Vel=0.00006140]Epoch 2/200 [TRAIN]:  97%|█████████▋| 3899/4032 [06:33<00:12, 10.78it/s, Loss=0.012291, Pos=0.012168, Vel=0.00006139]Epoch 2/200 [TRAIN]:  97%|█████████▋| 3901/4032 [06:33<00:12, 10.35it/s, Loss=0.012291, Pos=0.012168, Vel=0.00006139]Epoch 2/200 [TRAIN]:  97%|█████████▋| 3901/4032 [06:33<00:12, 10.35it/s, Loss=0.012296, Pos=0.012173, Vel=0.00006139]Epoch 2/200 [TRAIN]:  97%|█████████▋| 3901/4032 [06:33<00:12, 10.35it/s, Loss=0.012301, Pos=0.012179, Vel=0.00006138]Epoch 2/200 [TRAIN]:  97%|█████████▋| 3903/4032 [06:33<00:10, 11.81it/s, Loss=0.012301, Pos=0.012179, Vel=0.00006138]Epoch 2/200 [TRAIN]:  97%|█████████▋| 3903/4032 [06:33<00:10, 11.81it/s, Loss=0.012299, Pos=0.012176, Vel=0.00006137]Epoch 2/200 [TRAIN]:  97%|█████████▋| 3903/4032 [06:33<00:10, 11.81it/s, Loss=0.012296, Pos=0.012174, Vel=0.00006137]Epoch 2/200 [TRAIN]:  97%|█████████▋| 3905/4032 [06:33<00:11, 10.89it/s, Loss=0.012296, Pos=0.012174, Vel=0.00006137]Epoch 2/200 [TRAIN]:  97%|█████████▋| 3905/4032 [06:33<00:11, 10.89it/s, Loss=0.012297, Pos=0.012174, Vel=0.00006137]Epoch 2/200 [TRAIN]:  97%|█████████▋| 3905/4032 [06:33<00:11, 10.89it/s, Loss=0.012297, Pos=0.012174, Vel=0.00006136]Epoch 2/200 [TRAIN]:  97%|█████████▋| 3907/4032 [06:33<00:12, 10.27it/s, Loss=0.012297, Pos=0.012174, Vel=0.00006136]Epoch 2/200 [TRAIN]:  97%|█████████▋| 3907/4032 [06:33<00:12, 10.27it/s, Loss=0.012298, Pos=0.012175, Vel=0.00006136]Epoch 2/200 [TRAIN]:  97%|█████████▋| 3907/4032 [06:33<00:12, 10.27it/s, Loss=0.012295, Pos=0.012173, Vel=0.00006136]Epoch 2/200 [TRAIN]:  97%|█████████▋| 3909/4032 [06:33<00:12,  9.95it/s, Loss=0.012295, Pos=0.012173, Vel=0.00006136]Epoch 2/200 [TRAIN]:  97%|█████████▋| 3909/4032 [06:34<00:12,  9.95it/s, Loss=0.012297, Pos=0.012174, Vel=0.00006136]Epoch 2/200 [TRAIN]:  97%|█████████▋| 3909/4032 [06:34<00:12,  9.95it/s, Loss=0.012297, Pos=0.012174, Vel=0.00006138]Epoch 2/200 [TRAIN]:  97%|█████████▋| 3911/4032 [06:34<00:11, 10.31it/s, Loss=0.012297, Pos=0.012174, Vel=0.00006138]Epoch 2/200 [TRAIN]:  97%|█████████▋| 3911/4032 [06:34<00:11, 10.31it/s, Loss=0.012295, Pos=0.012172, Vel=0.00006137]Epoch 2/200 [TRAIN]:  97%|█████████▋| 3911/4032 [06:34<00:11, 10.31it/s, Loss=0.012293, Pos=0.012170, Vel=0.00006139]Epoch 2/200 [TRAIN]:  97%|█████████▋| 3913/4032 [06:34<00:11, 10.07it/s, Loss=0.012293, Pos=0.012170, Vel=0.00006139]Epoch 2/200 [TRAIN]:  97%|█████████▋| 3913/4032 [06:34<00:11, 10.07it/s, Loss=0.012291, Pos=0.012169, Vel=0.00006137]Epoch 2/200 [TRAIN]:  97%|█████████▋| 3913/4032 [06:34<00:11, 10.07it/s, Loss=0.012288, Pos=0.012166, Vel=0.00006137]Epoch 2/200 [TRAIN]:  97%|█████████▋| 3915/4032 [06:34<00:11,  9.86it/s, Loss=0.012288, Pos=0.012166, Vel=0.00006137]Epoch 2/200 [TRAIN]:  97%|█████████▋| 3915/4032 [06:34<00:11,  9.86it/s, Loss=0.012287, Pos=0.012165, Vel=0.00006137]Epoch 2/200 [TRAIN]:  97%|█████████▋| 3915/4032 [06:34<00:11,  9.86it/s, Loss=0.012286, Pos=0.012163, Vel=0.00006137]Epoch 2/200 [TRAIN]:  97%|█████████▋| 3917/4032 [06:34<00:10, 10.53it/s, Loss=0.012286, Pos=0.012163, Vel=0.00006137]Epoch 2/200 [TRAIN]:  97%|█████████▋| 3917/4032 [06:34<00:10, 10.53it/s, Loss=0.012285, Pos=0.012162, Vel=0.00006138]Epoch 2/200 [TRAIN]:  97%|█████████▋| 3917/4032 [06:34<00:10, 10.53it/s, Loss=0.012282, Pos=0.012160, Vel=0.00006137]Epoch 2/200 [TRAIN]:  97%|█████████▋| 3919/4032 [06:34<00:09, 12.01it/s, Loss=0.012282, Pos=0.012160, Vel=0.00006137]Epoch 2/200 [TRAIN]:  97%|█████████▋| 3919/4032 [06:34<00:09, 12.01it/s, Loss=0.012280, Pos=0.012157, Vel=0.00006136]Epoch 2/200 [TRAIN]:  97%|█████████▋| 3919/4032 [06:35<00:09, 12.01it/s, Loss=0.012280, Pos=0.012157, Vel=0.00006135]Epoch 2/200 [TRAIN]:  97%|█████████▋| 3921/4032 [06:35<00:10, 10.95it/s, Loss=0.012280, Pos=0.012157, Vel=0.00006135]Epoch 2/200 [TRAIN]:  97%|█████████▋| 3921/4032 [06:35<00:10, 10.95it/s, Loss=0.012279, Pos=0.012156, Vel=0.00006134]Epoch 2/200 [TRAIN]:  97%|█████████▋| 3921/4032 [06:35<00:10, 10.95it/s, Loss=0.012278, Pos=0.012156, Vel=0.00006133]Epoch 2/200 [TRAIN]:  97%|█████████▋| 3923/4032 [06:35<00:10, 10.45it/s, Loss=0.012278, Pos=0.012156, Vel=0.00006133]Epoch 2/200 [TRAIN]:  97%|█████████▋| 3923/4032 [06:35<00:10, 10.45it/s, Loss=0.012277, Pos=0.012155, Vel=0.00006134]Epoch 2/200 [TRAIN]:  97%|█████████▋| 3923/4032 [06:35<00:10, 10.45it/s, Loss=0.012277, Pos=0.012154, Vel=0.00006135]Epoch 2/200 [TRAIN]:  97%|█████████▋| 3925/4032 [06:35<00:10, 10.16it/s, Loss=0.012277, Pos=0.012154, Vel=0.00006135]Epoch 2/200 [TRAIN]:  97%|█████████▋| 3925/4032 [06:35<00:10, 10.16it/s, Loss=0.012276, Pos=0.012153, Vel=0.00006134]Epoch 2/200 [TRAIN]:  97%|█████████▋| 3925/4032 [06:35<00:10, 10.16it/s, Loss=0.012273, Pos=0.012151, Vel=0.00006133]Epoch 2/200 [TRAIN]:  97%|█████████▋| 3927/4032 [06:35<00:09, 11.28it/s, Loss=0.012273, Pos=0.012151, Vel=0.00006133]Epoch 2/200 [TRAIN]:  97%|█████████▋| 3927/4032 [06:35<00:09, 11.28it/s, Loss=0.012275, Pos=0.012152, Vel=0.00006133]Epoch 2/200 [TRAIN]:  97%|█████████▋| 3927/4032 [06:35<00:09, 11.28it/s, Loss=0.012275, Pos=0.012152, Vel=0.00006132]Epoch 2/200 [TRAIN]:  97%|█████████▋| 3929/4032 [06:35<00:09, 10.48it/s, Loss=0.012275, Pos=0.012152, Vel=0.00006132]Epoch 2/200 [TRAIN]:  97%|█████████▋| 3929/4032 [06:35<00:09, 10.48it/s, Loss=0.012273, Pos=0.012151, Vel=0.00006132]Epoch 2/200 [TRAIN]:  97%|█████████▋| 3929/4032 [06:36<00:09, 10.48it/s, Loss=0.012271, Pos=0.012149, Vel=0.00006132]Epoch 2/200 [TRAIN]:  97%|█████████▋| 3931/4032 [06:36<00:09, 10.14it/s, Loss=0.012271, Pos=0.012149, Vel=0.00006132]Epoch 2/200 [TRAIN]:  97%|█████████▋| 3931/4032 [06:36<00:09, 10.14it/s, Loss=0.012271, Pos=0.012148, Vel=0.00006132]Epoch 2/200 [TRAIN]:  97%|█████████▋| 3931/4032 [06:36<00:09, 10.14it/s, Loss=0.012272, Pos=0.012149, Vel=0.00006132]Epoch 2/200 [TRAIN]:  98%|█████████▊| 3933/4032 [06:36<00:09, 10.75it/s, Loss=0.012272, Pos=0.012149, Vel=0.00006132]Epoch 2/200 [TRAIN]:  98%|█████████▊| 3933/4032 [06:36<00:09, 10.75it/s, Loss=0.012270, Pos=0.012148, Vel=0.00006131]Epoch 2/200 [TRAIN]:  98%|█████████▊| 3933/4032 [06:36<00:09, 10.75it/s, Loss=0.012268, Pos=0.012146, Vel=0.00006130]Epoch 2/200 [TRAIN]:  98%|█████████▊| 3935/4032 [06:36<00:09, 10.39it/s, Loss=0.012268, Pos=0.012146, Vel=0.00006130]Epoch 2/200 [TRAIN]:  98%|█████████▊| 3935/4032 [06:36<00:09, 10.39it/s, Loss=0.012266, Pos=0.012144, Vel=0.00006129]Epoch 2/200 [TRAIN]:  98%|█████████▊| 3935/4032 [06:36<00:09, 10.39it/s, Loss=0.012265, Pos=0.012142, Vel=0.00006129]Epoch 2/200 [TRAIN]:  98%|█████████▊| 3937/4032 [06:36<00:08, 11.03it/s, Loss=0.012265, Pos=0.012142, Vel=0.00006129]Epoch 2/200 [TRAIN]:  98%|█████████▊| 3937/4032 [06:36<00:08, 11.03it/s, Loss=0.012263, Pos=0.012140, Vel=0.00006128]Epoch 2/200 [TRAIN]:  98%|█████████▊| 3937/4032 [06:36<00:08, 11.03it/s, Loss=0.012260, Pos=0.012137, Vel=0.00006127]Epoch 2/200 [TRAIN]:  98%|█████████▊| 3939/4032 [06:36<00:08, 10.49it/s, Loss=0.012260, Pos=0.012137, Vel=0.00006127]Epoch 2/200 [TRAIN]:  98%|█████████▊| 3939/4032 [06:36<00:08, 10.49it/s, Loss=0.012260, Pos=0.012138, Vel=0.00006127]Epoch 2/200 [TRAIN]:  98%|█████████▊| 3939/4032 [06:36<00:08, 10.49it/s, Loss=0.012266, Pos=0.012144, Vel=0.00006126]Epoch 2/200 [TRAIN]:  98%|█████████▊| 3941/4032 [06:36<00:08, 10.79it/s, Loss=0.012266, Pos=0.012144, Vel=0.00006126]Epoch 2/200 [TRAIN]:  98%|█████████▊| 3941/4032 [06:37<00:08, 10.79it/s, Loss=0.012264, Pos=0.012141, Vel=0.00006125]Epoch 2/200 [TRAIN]:  98%|█████████▊| 3941/4032 [06:37<00:08, 10.79it/s, Loss=0.012264, Pos=0.012142, Vel=0.00006124]Epoch 2/200 [TRAIN]:  98%|█████████▊| 3943/4032 [06:37<00:08, 10.29it/s, Loss=0.012264, Pos=0.012142, Vel=0.00006124]Epoch 2/200 [TRAIN]:  98%|█████████▊| 3943/4032 [06:37<00:08, 10.29it/s, Loss=0.012262, Pos=0.012139, Vel=0.00006123]Epoch 2/200 [TRAIN]:  98%|█████████▊| 3943/4032 [06:37<00:08, 10.29it/s, Loss=0.012260, Pos=0.012138, Vel=0.00006125]Epoch 2/200 [TRAIN]:  98%|█████████▊| 3945/4032 [06:37<00:08,  9.94it/s, Loss=0.012260, Pos=0.012138, Vel=0.00006125]Epoch 2/200 [TRAIN]:  98%|█████████▊| 3945/4032 [06:37<00:08,  9.94it/s, Loss=0.012259, Pos=0.012136, Vel=0.00006124]Epoch 2/200 [TRAIN]:  98%|█████████▊| 3945/4032 [06:37<00:08,  9.94it/s, Loss=0.012257, Pos=0.012135, Vel=0.00006123]Epoch 2/200 [TRAIN]:  98%|█████████▊| 3947/4032 [06:37<00:08,  9.66it/s, Loss=0.012257, Pos=0.012135, Vel=0.00006123]Epoch 2/200 [TRAIN]:  98%|█████████▊| 3947/4032 [06:37<00:08,  9.66it/s, Loss=0.012254, Pos=0.012132, Vel=0.00006123]Epoch 2/200 [TRAIN]:  98%|█████████▊| 3947/4032 [06:37<00:08,  9.66it/s, Loss=0.012254, Pos=0.012132, Vel=0.00006122]Epoch 2/200 [TRAIN]:  98%|█████████▊| 3949/4032 [06:37<00:07, 10.99it/s, Loss=0.012254, Pos=0.012132, Vel=0.00006122]Epoch 2/200 [TRAIN]:  98%|█████████▊| 3949/4032 [06:37<00:07, 10.99it/s, Loss=0.012252, Pos=0.012129, Vel=0.00006121]Epoch 2/200 [TRAIN]:  98%|█████████▊| 3949/4032 [06:37<00:07, 10.99it/s, Loss=0.012256, Pos=0.012134, Vel=0.00006123]Epoch 2/200 [TRAIN]:  98%|█████████▊| 3951/4032 [06:37<00:07, 10.16it/s, Loss=0.012256, Pos=0.012134, Vel=0.00006123]Epoch 2/200 [TRAIN]:  98%|█████████▊| 3951/4032 [06:38<00:07, 10.16it/s, Loss=0.012253, Pos=0.012131, Vel=0.00006122]Epoch 2/200 [TRAIN]:  98%|█████████▊| 3951/4032 [06:38<00:07, 10.16it/s, Loss=0.012256, Pos=0.012134, Vel=0.00006121]Epoch 2/200 [TRAIN]:  98%|█████████▊| 3953/4032 [06:38<00:07,  9.91it/s, Loss=0.012256, Pos=0.012134, Vel=0.00006121]Epoch 2/200 [TRAIN]:  98%|█████████▊| 3953/4032 [06:38<00:07,  9.91it/s, Loss=0.012255, Pos=0.012132, Vel=0.00006123]Epoch 2/200 [TRAIN]:  98%|█████████▊| 3953/4032 [06:38<00:07,  9.91it/s, Loss=0.012252, Pos=0.012130, Vel=0.00006122]Epoch 2/200 [TRAIN]:  98%|█████████▊| 3955/4032 [06:38<00:06, 11.02it/s, Loss=0.012252, Pos=0.012130, Vel=0.00006122]Epoch 2/200 [TRAIN]:  98%|█████████▊| 3955/4032 [06:38<00:06, 11.02it/s, Loss=0.012253, Pos=0.012130, Vel=0.00006123]Epoch 2/200 [TRAIN]:  98%|█████████▊| 3955/4032 [06:38<00:06, 11.02it/s, Loss=0.012251, Pos=0.012129, Vel=0.00006122]Epoch 2/200 [TRAIN]:  98%|█████████▊| 3957/4032 [06:38<00:07, 10.55it/s, Loss=0.012251, Pos=0.012129, Vel=0.00006122]Epoch 2/200 [TRAIN]:  98%|█████████▊| 3957/4032 [06:38<00:07, 10.55it/s, Loss=0.012254, Pos=0.012131, Vel=0.00006122]Epoch 2/200 [TRAIN]:  98%|█████████▊| 3957/4032 [06:38<00:07, 10.55it/s, Loss=0.012260, Pos=0.012137, Vel=0.00006122]Epoch 2/200 [TRAIN]:  98%|█████████▊| 3959/4032 [06:38<00:07, 10.34it/s, Loss=0.012260, Pos=0.012137, Vel=0.00006122]Epoch 2/200 [TRAIN]:  98%|█████████▊| 3959/4032 [06:38<00:07, 10.34it/s, Loss=0.012258, Pos=0.012136, Vel=0.00006121]Epoch 2/200 [TRAIN]:  98%|█████████▊| 3959/4032 [06:38<00:07, 10.34it/s, Loss=0.012256, Pos=0.012134, Vel=0.00006120]Epoch 2/200 [TRAIN]:  98%|█████████▊| 3961/4032 [06:38<00:07, 10.01it/s, Loss=0.012256, Pos=0.012134, Vel=0.00006120]Epoch 2/200 [TRAIN]:  98%|█████████▊| 3961/4032 [06:39<00:07, 10.01it/s, Loss=0.012262, Pos=0.012140, Vel=0.00006120]Epoch 2/200 [TRAIN]:  98%|█████████▊| 3961/4032 [06:39<00:07, 10.01it/s, Loss=0.012262, Pos=0.012139, Vel=0.00006121]Epoch 2/200 [TRAIN]:  98%|█████████▊| 3963/4032 [06:39<00:07,  9.76it/s, Loss=0.012262, Pos=0.012139, Vel=0.00006121]Epoch 2/200 [TRAIN]:  98%|█████████▊| 3963/4032 [06:39<00:07,  9.76it/s, Loss=0.012261, Pos=0.012139, Vel=0.00006120]Epoch 2/200 [TRAIN]:  98%|█████████▊| 3964/4032 [06:39<00:07,  9.50it/s, Loss=0.012261, Pos=0.012139, Vel=0.00006120]Epoch 2/200 [TRAIN]:  98%|█████████▊| 3964/4032 [06:39<00:07,  9.50it/s, Loss=0.012259, Pos=0.012137, Vel=0.00006119]Epoch 2/200 [TRAIN]:  98%|█████████▊| 3965/4032 [06:39<00:06,  9.59it/s, Loss=0.012259, Pos=0.012137, Vel=0.00006119]Epoch 2/200 [TRAIN]:  98%|█████████▊| 3965/4032 [06:39<00:06,  9.59it/s, Loss=0.012257, Pos=0.012135, Vel=0.00006118]Epoch 2/200 [TRAIN]:  98%|█████████▊| 3966/4032 [06:39<00:07,  9.34it/s, Loss=0.012257, Pos=0.012135, Vel=0.00006118]Epoch 2/200 [TRAIN]:  98%|█████████▊| 3966/4032 [06:39<00:07,  9.34it/s, Loss=0.012260, Pos=0.012138, Vel=0.00006120]Epoch 2/200 [TRAIN]:  98%|█████████▊| 3966/4032 [06:39<00:07,  9.34it/s, Loss=0.012258, Pos=0.012136, Vel=0.00006122]Epoch 2/200 [TRAIN]:  98%|█████████▊| 3968/4032 [06:39<00:06,  9.97it/s, Loss=0.012258, Pos=0.012136, Vel=0.00006122]Epoch 2/200 [TRAIN]:  98%|█████████▊| 3968/4032 [06:39<00:06,  9.97it/s, Loss=0.012261, Pos=0.012139, Vel=0.00006126]Epoch 2/200 [TRAIN]:  98%|█████████▊| 3969/4032 [06:39<00:06,  9.74it/s, Loss=0.012261, Pos=0.012139, Vel=0.00006126]Epoch 2/200 [TRAIN]:  98%|█████████▊| 3969/4032 [06:39<00:06,  9.74it/s, Loss=0.012260, Pos=0.012137, Vel=0.00006125]Epoch 2/200 [TRAIN]:  98%|█████████▊| 3970/4032 [06:39<00:06,  9.56it/s, Loss=0.012260, Pos=0.012137, Vel=0.00006125]Epoch 2/200 [TRAIN]:  98%|█████████▊| 3970/4032 [06:40<00:06,  9.56it/s, Loss=0.012262, Pos=0.012140, Vel=0.00006126]Epoch 2/200 [TRAIN]:  98%|█████████▊| 3971/4032 [06:40<00:06,  9.41it/s, Loss=0.012262, Pos=0.012140, Vel=0.00006126]Epoch 2/200 [TRAIN]:  98%|█████████▊| 3971/4032 [06:40<00:06,  9.41it/s, Loss=0.012259, Pos=0.012137, Vel=0.00006125]Epoch 2/200 [TRAIN]:  99%|█████████▊| 3972/4032 [06:40<00:06,  9.30it/s, Loss=0.012259, Pos=0.012137, Vel=0.00006125]Epoch 2/200 [TRAIN]:  99%|█████████▊| 3972/4032 [06:40<00:06,  9.30it/s, Loss=0.012259, Pos=0.012136, Vel=0.00006124]Epoch 2/200 [TRAIN]:  99%|█████████▊| 3973/4032 [06:40<00:06,  9.36it/s, Loss=0.012259, Pos=0.012136, Vel=0.00006124]Epoch 2/200 [TRAIN]:  99%|█████████▊| 3973/4032 [06:40<00:06,  9.36it/s, Loss=0.012257, Pos=0.012135, Vel=0.00006125]Epoch 2/200 [TRAIN]:  99%|█████████▊| 3974/4032 [06:40<00:06,  9.32it/s, Loss=0.012257, Pos=0.012135, Vel=0.00006125]Epoch 2/200 [TRAIN]:  99%|█████████▊| 3974/4032 [06:40<00:06,  9.32it/s, Loss=0.012261, Pos=0.012138, Vel=0.00006126]Epoch 2/200 [TRAIN]:  99%|█████████▊| 3975/4032 [06:40<00:06,  9.09it/s, Loss=0.012261, Pos=0.012138, Vel=0.00006126]Epoch 2/200 [TRAIN]:  99%|█████████▊| 3975/4032 [06:40<00:06,  9.09it/s, Loss=0.012266, Pos=0.012143, Vel=0.00006125]Epoch 2/200 [TRAIN]:  99%|█████████▊| 3975/4032 [06:40<00:06,  9.09it/s, Loss=0.012265, Pos=0.012142, Vel=0.00006124]Epoch 2/200 [TRAIN]:  99%|█████████▊| 3977/4032 [06:40<00:05,  9.32it/s, Loss=0.012265, Pos=0.012142, Vel=0.00006124]Epoch 2/200 [TRAIN]:  99%|█████████▊| 3977/4032 [06:40<00:05,  9.32it/s, Loss=0.012264, Pos=0.012142, Vel=0.00006124]Epoch 2/200 [TRAIN]:  99%|█████████▊| 3978/4032 [06:40<00:05,  9.28it/s, Loss=0.012264, Pos=0.012142, Vel=0.00006124]Epoch 2/200 [TRAIN]:  99%|█████████▊| 3978/4032 [06:40<00:05,  9.28it/s, Loss=0.012263, Pos=0.012140, Vel=0.00006123]Epoch 2/200 [TRAIN]:  99%|█████████▊| 3979/4032 [06:40<00:05,  9.20it/s, Loss=0.012263, Pos=0.012140, Vel=0.00006123]Epoch 2/200 [TRAIN]:  99%|█████████▊| 3979/4032 [06:40<00:05,  9.20it/s, Loss=0.012263, Pos=0.012140, Vel=0.00006125]Epoch 2/200 [TRAIN]:  99%|█████████▊| 3980/4032 [06:40<00:05,  9.20it/s, Loss=0.012263, Pos=0.012140, Vel=0.00006125]Epoch 2/200 [TRAIN]:  99%|█████████▊| 3980/4032 [06:41<00:05,  9.20it/s, Loss=0.012263, Pos=0.012141, Vel=0.00006125]Epoch 2/200 [TRAIN]:  99%|█████████▊| 3981/4032 [06:41<00:05,  8.99it/s, Loss=0.012263, Pos=0.012141, Vel=0.00006125]Epoch 2/200 [TRAIN]:  99%|█████████▊| 3981/4032 [06:41<00:05,  8.99it/s, Loss=0.012262, Pos=0.012139, Vel=0.00006124]Epoch 2/200 [TRAIN]:  99%|█████████▊| 3981/4032 [06:41<00:05,  8.99it/s, Loss=0.012260, Pos=0.012137, Vel=0.00006124]Epoch 2/200 [TRAIN]:  99%|█████████▉| 3983/4032 [06:41<00:05,  9.31it/s, Loss=0.012260, Pos=0.012137, Vel=0.00006124]Epoch 2/200 [TRAIN]:  99%|█████████▉| 3983/4032 [06:41<00:05,  9.31it/s, Loss=0.012258, Pos=0.012135, Vel=0.00006125]Epoch 2/200 [TRAIN]:  99%|█████████▉| 3984/4032 [06:41<00:05,  9.25it/s, Loss=0.012258, Pos=0.012135, Vel=0.00006125]Epoch 2/200 [TRAIN]:  99%|█████████▉| 3984/4032 [06:41<00:05,  9.25it/s, Loss=0.012260, Pos=0.012138, Vel=0.00006125]Epoch 2/200 [TRAIN]:  99%|█████████▉| 3984/4032 [06:41<00:05,  9.25it/s, Loss=0.012261, Pos=0.012139, Vel=0.00006125]Epoch 2/200 [TRAIN]:  99%|█████████▉| 3986/4032 [06:41<00:04, 10.04it/s, Loss=0.012261, Pos=0.012139, Vel=0.00006125]Epoch 2/200 [TRAIN]:  99%|█████████▉| 3986/4032 [06:41<00:04, 10.04it/s, Loss=0.012259, Pos=0.012136, Vel=0.00006124]Epoch 2/200 [TRAIN]:  99%|█████████▉| 3986/4032 [06:41<00:04, 10.04it/s, Loss=0.012256, Pos=0.012134, Vel=0.00006124]Epoch 2/200 [TRAIN]:  99%|█████████▉| 3988/4032 [06:41<00:04, 10.44it/s, Loss=0.012256, Pos=0.012134, Vel=0.00006124]Epoch 2/200 [TRAIN]:  99%|█████████▉| 3988/4032 [06:41<00:04, 10.44it/s, Loss=0.012257, Pos=0.012135, Vel=0.00006123]Epoch 2/200 [TRAIN]:  99%|█████████▉| 3988/4032 [06:41<00:04, 10.44it/s, Loss=0.012256, Pos=0.012133, Vel=0.00006123]Epoch 2/200 [TRAIN]:  99%|█████████▉| 3990/4032 [06:41<00:04,  9.95it/s, Loss=0.012256, Pos=0.012133, Vel=0.00006123]Epoch 2/200 [TRAIN]:  99%|█████████▉| 3990/4032 [06:42<00:04,  9.95it/s, Loss=0.012265, Pos=0.012142, Vel=0.00006128]Epoch 2/200 [TRAIN]:  99%|█████████▉| 3990/4032 [06:42<00:04,  9.95it/s, Loss=0.012265, Pos=0.012143, Vel=0.00006128]Epoch 2/200 [TRAIN]:  99%|█████████▉| 3992/4032 [06:42<00:03, 10.05it/s, Loss=0.012265, Pos=0.012143, Vel=0.00006128]Epoch 2/200 [TRAIN]:  99%|█████████▉| 3992/4032 [06:42<00:03, 10.05it/s, Loss=0.012264, Pos=0.012142, Vel=0.00006129]Epoch 2/200 [TRAIN]:  99%|█████████▉| 3992/4032 [06:42<00:03, 10.05it/s, Loss=0.012262, Pos=0.012139, Vel=0.00006128]Epoch 2/200 [TRAIN]:  99%|█████████▉| 3994/4032 [06:42<00:03, 10.15it/s, Loss=0.012262, Pos=0.012139, Vel=0.00006128]Epoch 2/200 [TRAIN]:  99%|█████████▉| 3994/4032 [06:42<00:03, 10.15it/s, Loss=0.012265, Pos=0.012142, Vel=0.00006129]Epoch 2/200 [TRAIN]:  99%|█████████▉| 3994/4032 [06:42<00:03, 10.15it/s, Loss=0.012262, Pos=0.012140, Vel=0.00006128]Epoch 2/200 [TRAIN]:  99%|█████████▉| 3996/4032 [06:42<00:03,  9.83it/s, Loss=0.012262, Pos=0.012140, Vel=0.00006128]Epoch 2/200 [TRAIN]:  99%|█████████▉| 3996/4032 [06:42<00:03,  9.83it/s, Loss=0.012260, Pos=0.012137, Vel=0.00006128]Epoch 2/200 [TRAIN]:  99%|█████████▉| 3996/4032 [06:42<00:03,  9.83it/s, Loss=0.012260, Pos=0.012137, Vel=0.00006128]Epoch 2/200 [TRAIN]:  99%|█████████▉| 3996/4032 [06:42<00:03,  9.83it/s, Loss=0.012260, Pos=0.012137, Vel=0.00006129]Epoch 2/200 [TRAIN]:  99%|█████████▉| 3999/4032 [06:42<00:02, 11.67it/s, Loss=0.012260, Pos=0.012137, Vel=0.00006129]Epoch 2/200 [TRAIN]:  99%|█████████▉| 3999/4032 [06:42<00:02, 11.67it/s, Loss=0.012258, Pos=0.012136, Vel=0.00006130]Epoch 2/200 [TRAIN]:  99%|█████████▉| 3999/4032 [06:42<00:02, 11.67it/s, Loss=0.012258, Pos=0.012135, Vel=0.00006130]Epoch 2/200 [TRAIN]:  99%|█████████▉| 4001/4032 [06:42<00:02, 10.89it/s, Loss=0.012258, Pos=0.012135, Vel=0.00006130]Epoch 2/200 [TRAIN]:  99%|█████████▉| 4001/4032 [06:43<00:02, 10.89it/s, Loss=0.012259, Pos=0.012136, Vel=0.00006131]Epoch 2/200 [TRAIN]:  99%|█████████▉| 4001/4032 [06:43<00:02, 10.89it/s, Loss=0.012259, Pos=0.012136, Vel=0.00006130]Epoch 2/200 [TRAIN]:  99%|█████████▉| 4003/4032 [06:43<00:02, 10.41it/s, Loss=0.012259, Pos=0.012136, Vel=0.00006130]Epoch 2/200 [TRAIN]:  99%|█████████▉| 4003/4032 [06:43<00:02, 10.41it/s, Loss=0.012259, Pos=0.012136, Vel=0.00006130]Epoch 2/200 [TRAIN]:  99%|█████████▉| 4003/4032 [06:43<00:02, 10.41it/s, Loss=0.012256, Pos=0.012133, Vel=0.00006128]Epoch 2/200 [TRAIN]:  99%|█████████▉| 4005/4032 [06:43<00:02, 10.00it/s, Loss=0.012256, Pos=0.012133, Vel=0.00006128]Epoch 2/200 [TRAIN]:  99%|█████████▉| 4005/4032 [06:43<00:02, 10.00it/s, Loss=0.012254, Pos=0.012131, Vel=0.00006129]Epoch 2/200 [TRAIN]:  99%|█████████▉| 4005/4032 [06:43<00:02, 10.00it/s, Loss=0.012255, Pos=0.012132, Vel=0.00006128]Epoch 2/200 [TRAIN]:  99%|█████████▉| 4007/4032 [06:43<00:02,  9.73it/s, Loss=0.012255, Pos=0.012132, Vel=0.00006128]Epoch 2/200 [TRAIN]:  99%|█████████▉| 4007/4032 [06:43<00:02,  9.73it/s, Loss=0.012253, Pos=0.012131, Vel=0.00006128]Epoch 2/200 [TRAIN]:  99%|█████████▉| 4007/4032 [06:43<00:02,  9.73it/s, Loss=0.012254, Pos=0.012131, Vel=0.00006127]Epoch 2/200 [TRAIN]:  99%|█████████▉| 4009/4032 [06:43<00:02,  9.88it/s, Loss=0.012254, Pos=0.012131, Vel=0.00006127]Epoch 2/200 [TRAIN]:  99%|█████████▉| 4009/4032 [06:43<00:02,  9.88it/s, Loss=0.012252, Pos=0.012130, Vel=0.00006126]Epoch 2/200 [TRAIN]:  99%|█████████▉| 4010/4032 [06:43<00:02,  9.78it/s, Loss=0.012252, Pos=0.012130, Vel=0.00006126]Epoch 2/200 [TRAIN]:  99%|█████████▉| 4010/4032 [06:44<00:02,  9.78it/s, Loss=0.012264, Pos=0.012141, Vel=0.00006127]Epoch 2/200 [TRAIN]:  99%|█████████▉| 4011/4032 [06:44<00:02,  9.67it/s, Loss=0.012264, Pos=0.012141, Vel=0.00006127]Epoch 2/200 [TRAIN]:  99%|█████████▉| 4011/4032 [06:44<00:02,  9.67it/s, Loss=0.012265, Pos=0.012143, Vel=0.00006128]Epoch 2/200 [TRAIN]: 100%|█████████▉| 4012/4032 [06:44<00:02,  9.43it/s, Loss=0.012265, Pos=0.012143, Vel=0.00006128]Epoch 2/200 [TRAIN]: 100%|█████████▉| 4012/4032 [06:44<00:02,  9.43it/s, Loss=0.012264, Pos=0.012141, Vel=0.00006127]Epoch 2/200 [TRAIN]: 100%|█████████▉| 4012/4032 [06:44<00:02,  9.43it/s, Loss=0.012262, Pos=0.012139, Vel=0.00006126]Epoch 2/200 [TRAIN]: 100%|█████████▉| 4014/4032 [06:44<00:01, 11.40it/s, Loss=0.012262, Pos=0.012139, Vel=0.00006126]Epoch 2/200 [TRAIN]: 100%|█████████▉| 4014/4032 [06:44<00:01, 11.40it/s, Loss=0.012260, Pos=0.012138, Vel=0.00006125]Epoch 2/200 [TRAIN]: 100%|█████████▉| 4014/4032 [06:44<00:01, 11.40it/s, Loss=0.012258, Pos=0.012136, Vel=0.00006126]Epoch 2/200 [TRAIN]: 100%|█████████▉| 4016/4032 [06:44<00:01, 10.66it/s, Loss=0.012258, Pos=0.012136, Vel=0.00006126]Epoch 2/200 [TRAIN]: 100%|█████████▉| 4016/4032 [06:44<00:01, 10.66it/s, Loss=0.012258, Pos=0.012136, Vel=0.00006129]Epoch 2/200 [TRAIN]: 100%|█████████▉| 4016/4032 [06:44<00:01, 10.66it/s, Loss=0.012258, Pos=0.012135, Vel=0.00006128]Epoch 2/200 [TRAIN]: 100%|█████████▉| 4018/4032 [06:44<00:01, 10.39it/s, Loss=0.012258, Pos=0.012135, Vel=0.00006128]Epoch 2/200 [TRAIN]: 100%|█████████▉| 4018/4032 [06:44<00:01, 10.39it/s, Loss=0.012257, Pos=0.012134, Vel=0.00006128]Epoch 2/200 [TRAIN]: 100%|█████████▉| 4018/4032 [06:44<00:01, 10.39it/s, Loss=0.012260, Pos=0.012138, Vel=0.00006130]Epoch 2/200 [TRAIN]: 100%|█████████▉| 4020/4032 [06:44<00:01, 11.32it/s, Loss=0.012260, Pos=0.012138, Vel=0.00006130]Epoch 2/200 [TRAIN]: 100%|█████████▉| 4020/4032 [06:44<00:01, 11.32it/s, Loss=0.012260, Pos=0.012137, Vel=0.00006129]Epoch 2/200 [TRAIN]: 100%|█████████▉| 4020/4032 [06:45<00:01, 11.32it/s, Loss=0.012258, Pos=0.012135, Vel=0.00006127]Epoch 2/200 [TRAIN]: 100%|█████████▉| 4022/4032 [06:45<00:00, 10.49it/s, Loss=0.012258, Pos=0.012135, Vel=0.00006127]Epoch 2/200 [TRAIN]: 100%|█████████▉| 4022/4032 [06:45<00:00, 10.49it/s, Loss=0.012256, Pos=0.012134, Vel=0.00006126]Epoch 2/200 [TRAIN]: 100%|█████████▉| 4022/4032 [06:45<00:00, 10.49it/s, Loss=0.012256, Pos=0.012133, Vel=0.00006126]Epoch 2/200 [TRAIN]: 100%|█████████▉| 4024/4032 [06:45<00:00, 10.05it/s, Loss=0.012256, Pos=0.012133, Vel=0.00006126]Epoch 2/200 [TRAIN]: 100%|█████████▉| 4024/4032 [06:45<00:00, 10.05it/s, Loss=0.012256, Pos=0.012133, Vel=0.00006125]Epoch 2/200 [TRAIN]: 100%|█████████▉| 4024/4032 [06:45<00:00, 10.05it/s, Loss=0.012259, Pos=0.012136, Vel=0.00006124]Epoch 2/200 [TRAIN]: 100%|█████████▉| 4026/4032 [06:45<00:00,  9.80it/s, Loss=0.012259, Pos=0.012136, Vel=0.00006124]Epoch 2/200 [TRAIN]: 100%|█████████▉| 4026/4032 [06:45<00:00,  9.80it/s, Loss=0.012258, Pos=0.012135, Vel=0.00006123]Epoch 2/200 [TRAIN]: 100%|█████████▉| 4026/4032 [06:45<00:00,  9.80it/s, Loss=0.012258, Pos=0.012136, Vel=0.00006123]Epoch 2/200 [TRAIN]: 100%|█████████▉| 4028/4032 [06:45<00:00,  9.60it/s, Loss=0.012258, Pos=0.012136, Vel=0.00006123]Epoch 2/200 [TRAIN]: 100%|█████████▉| 4028/4032 [06:45<00:00,  9.60it/s, Loss=0.012257, Pos=0.012135, Vel=0.00006122]Epoch 2/200 [TRAIN]: 100%|█████████▉| 4029/4032 [06:45<00:00,  9.45it/s, Loss=0.012257, Pos=0.012135, Vel=0.00006122]Epoch 2/200 [TRAIN]: 100%|█████████▉| 4029/4032 [06:45<00:00,  9.45it/s, Loss=0.012259, Pos=0.012136, Vel=0.00006122]Epoch 2/200 [TRAIN]: 100%|█████████▉| 4030/4032 [06:45<00:00,  9.55it/s, Loss=0.012259, Pos=0.012136, Vel=0.00006122]Epoch 2/200 [TRAIN]: 100%|█████████▉| 4030/4032 [06:46<00:00,  9.55it/s, Loss=0.012259, Pos=0.012137, Vel=0.00006122]Epoch 2/200 [TRAIN]: 100%|█████████▉| 4031/4032 [06:46<00:00,  9.33it/s, Loss=0.012259, Pos=0.012137, Vel=0.00006122]Epoch 2/200 [TRAIN]: 100%|█████████▉| 4031/4032 [06:46<00:00,  9.33it/s, Loss=0.012257, Pos=0.012134, Vel=0.00006121]Epoch 2/200 [TRAIN]: 100%|██████████| 4032/4032 [06:46<00:00,  9.93it/s, Loss=0.012257, Pos=0.012134, Vel=0.00006121]
  Epoca 2/200 | Train: 0.012257 (Pos: 0.012134 | Vel: 0.00006121) | Val: 0.010544 (Pos: 0.010437 | Vel: 0.00005337) | LR: 1.00e-04 | Patience: 0/200 ★ BEST
Epoch 3/200 [TRAIN]:   0%|          | 0/4032 [00:00<?, ?it/s]Epoch 3/200 [TRAIN]:   0%|          | 0/4032 [00:00<?, ?it/s, Loss=0.022265, Pos=0.022131, Vel=0.00006694]Epoch 3/200 [TRAIN]:   0%|          | 1/4032 [00:00<08:47,  7.64it/s, Loss=0.022265, Pos=0.022131, Vel=0.00006694]Epoch 3/200 [TRAIN]:   0%|          | 1/4032 [00:00<08:47,  7.64it/s, Loss=0.014174, Pos=0.014095, Vel=0.00003985]Epoch 3/200 [TRAIN]:   0%|          | 2/4032 [00:00<08:37,  7.79it/s, Loss=0.014174, Pos=0.014095, Vel=0.00003985]Epoch 3/200 [TRAIN]:   0%|          | 2/4032 [00:00<08:37,  7.79it/s, Loss=0.012928, Pos=0.012836, Vel=0.00004607]Epoch 3/200 [TRAIN]:   0%|          | 2/4032 [00:00<08:37,  7.79it/s, Loss=0.013097, Pos=0.013014, Vel=0.00004153]Epoch 3/200 [TRAIN]:   0%|          | 4/4032 [00:00<07:03,  9.52it/s, Loss=0.013097, Pos=0.013014, Vel=0.00004153]Epoch 3/200 [TRAIN]:   0%|          | 4/4032 [00:00<07:03,  9.52it/s, Loss=0.014915, Pos=0.014814, Vel=0.00005013]Epoch 3/200 [TRAIN]:   0%|          | 4/4032 [00:00<07:03,  9.52it/s, Loss=0.014961, Pos=0.014841, Vel=0.00005970]Epoch 3/200 [TRAIN]:   0%|          | 6/4032 [00:00<06:22, 10.53it/s, Loss=0.014961, Pos=0.014841, Vel=0.00005970]Epoch 3/200 [TRAIN]:   0%|          | 6/4032 [00:00<06:22, 10.53it/s, Loss=0.013623, Pos=0.013516, Vel=0.00005366]Epoch 3/200 [TRAIN]:   0%|          | 6/4032 [00:00<06:22, 10.53it/s, Loss=0.016866, Pos=0.016762, Vel=0.00005208]Epoch 3/200 [TRAIN]:   0%|          | 8/4032 [00:00<06:41, 10.02it/s, Loss=0.016866, Pos=0.016762, Vel=0.00005208]Epoch 3/200 [TRAIN]:   0%|          | 8/4032 [00:00<06:41, 10.02it/s, Loss=0.015275, Pos=0.015170, Vel=0.00005268]Epoch 3/200 [TRAIN]:   0%|          | 9/4032 [00:00<06:51,  9.78it/s, Loss=0.015275, Pos=0.015170, Vel=0.00005268]Epoch 3/200 [TRAIN]:   0%|          | 9/4032 [00:00<06:51,  9.78it/s, Loss=0.014699, Pos=0.014594, Vel=0.00005227]Epoch 3/200 [TRAIN]:   0%|          | 9/4032 [00:01<06:51,  9.78it/s, Loss=0.013731, Pos=0.013631, Vel=0.00005010]Epoch 3/200 [TRAIN]:   0%|          | 11/4032 [00:01<06:30, 10.29it/s, Loss=0.013731, Pos=0.013631, Vel=0.00005010]Epoch 3/200 [TRAIN]:   0%|          | 11/4032 [00:01<06:30, 10.29it/s, Loss=0.013842, Pos=0.013685, Vel=0.00007816]Epoch 3/200 [TRAIN]:   0%|          | 11/4032 [00:01<06:30, 10.29it/s, Loss=0.014041, Pos=0.013891, Vel=0.00007526]Epoch 3/200 [TRAIN]:   0%|          | 13/4032 [00:01<06:19, 10.58it/s, Loss=0.014041, Pos=0.013891, Vel=0.00007526]Epoch 3/200 [TRAIN]:   0%|          | 13/4032 [00:01<06:19, 10.58it/s, Loss=0.013346, Pos=0.013203, Vel=0.00007143]Epoch 3/200 [TRAIN]:   0%|          | 13/4032 [00:01<06:19, 10.58it/s, Loss=0.015326, Pos=0.015188, Vel=0.00006915]Epoch 3/200 [TRAIN]:   0%|          | 15/4032 [00:01<06:23, 10.46it/s, Loss=0.015326, Pos=0.015188, Vel=0.00006915]Epoch 3/200 [TRAIN]:   0%|          | 15/4032 [00:01<06:23, 10.46it/s, Loss=0.014706, Pos=0.014573, Vel=0.00006617]Epoch 3/200 [TRAIN]:   0%|          | 15/4032 [00:01<06:23, 10.46it/s, Loss=0.015560, Pos=0.015421, Vel=0.00006985]Epoch 3/200 [TRAIN]:   0%|          | 17/4032 [00:01<06:24, 10.44it/s, Loss=0.015560, Pos=0.015421, Vel=0.00006985]Epoch 3/200 [TRAIN]:   0%|          | 17/4032 [00:01<06:24, 10.44it/s, Loss=0.015435, Pos=0.015298, Vel=0.00006852]Epoch 3/200 [TRAIN]:   0%|          | 17/4032 [00:01<06:24, 10.44it/s, Loss=0.017252, Pos=0.017096, Vel=0.00007815]Epoch 3/200 [TRAIN]:   0%|          | 19/4032 [00:01<06:29, 10.30it/s, Loss=0.017252, Pos=0.017096, Vel=0.00007815]Epoch 3/200 [TRAIN]:   0%|          | 19/4032 [00:01<06:29, 10.30it/s, Loss=0.016678, Pos=0.016524, Vel=0.00007734]Epoch 3/200 [TRAIN]:   0%|          | 19/4032 [00:02<06:29, 10.30it/s, Loss=0.018137, Pos=0.017982, Vel=0.00007735]Epoch 3/200 [TRAIN]:   1%|          | 21/4032 [00:02<06:36, 10.12it/s, Loss=0.018137, Pos=0.017982, Vel=0.00007735]Epoch 3/200 [TRAIN]:   1%|          | 21/4032 [00:02<06:36, 10.12it/s, Loss=0.017485, Pos=0.017336, Vel=0.00007460]Epoch 3/200 [TRAIN]:   1%|          | 21/4032 [00:02<06:36, 10.12it/s, Loss=0.017071, Pos=0.016926, Vel=0.00007281]Epoch 3/200 [TRAIN]:   1%|          | 23/4032 [00:02<06:53,  9.71it/s, Loss=0.017071, Pos=0.016926, Vel=0.00007281]Epoch 3/200 [TRAIN]:   1%|          | 23/4032 [00:02<06:53,  9.71it/s, Loss=0.016434, Pos=0.016294, Vel=0.00007022]Epoch 3/200 [TRAIN]:   1%|          | 23/4032 [00:02<06:53,  9.71it/s, Loss=0.016553, Pos=0.016412, Vel=0.00007064]Epoch 3/200 [TRAIN]:   1%|          | 25/4032 [00:02<06:19, 10.55it/s, Loss=0.016553, Pos=0.016412, Vel=0.00007064]Epoch 3/200 [TRAIN]:   1%|          | 25/4032 [00:02<06:19, 10.55it/s, Loss=0.016445, Pos=0.016304, Vel=0.00007071]Epoch 3/200 [TRAIN]:   1%|          | 25/4032 [00:02<06:19, 10.55it/s, Loss=0.016071, Pos=0.015934, Vel=0.00006851]Epoch 3/200 [TRAIN]:   1%|          | 27/4032 [00:02<06:22, 10.48it/s, Loss=0.016071, Pos=0.015934, Vel=0.00006851]Epoch 3/200 [TRAIN]:   1%|          | 27/4032 [00:02<06:22, 10.48it/s, Loss=0.016705, Pos=0.016569, Vel=0.00006795]Epoch 3/200 [TRAIN]:   1%|          | 27/4032 [00:02<06:22, 10.48it/s, Loss=0.016343, Pos=0.016210, Vel=0.00006648]Epoch 3/200 [TRAIN]:   1%|          | 29/4032 [00:02<06:37, 10.08it/s, Loss=0.016343, Pos=0.016210, Vel=0.00006648]Epoch 3/200 [TRAIN]:   1%|          | 29/4032 [00:02<06:37, 10.08it/s, Loss=0.016234, Pos=0.016102, Vel=0.00006590]Epoch 3/200 [TRAIN]:   1%|          | 29/4032 [00:03<06:37, 10.08it/s, Loss=0.016265, Pos=0.016136, Vel=0.00006438]Epoch 3/200 [TRAIN]:   1%|          | 31/4032 [00:03<06:44,  9.88it/s, Loss=0.016265, Pos=0.016136, Vel=0.00006438]Epoch 3/200 [TRAIN]:   1%|          | 31/4032 [00:03<06:44,  9.88it/s, Loss=0.016027, Pos=0.015899, Vel=0.00006439]Epoch 3/200 [TRAIN]:   1%|          | 32/4032 [00:03<06:57,  9.59it/s, Loss=0.016027, Pos=0.015899, Vel=0.00006439]Epoch 3/200 [TRAIN]:   1%|          | 32/4032 [00:03<06:57,  9.59it/s, Loss=0.015778, Pos=0.015651, Vel=0.00006369]Epoch 3/200 [TRAIN]:   1%|          | 32/4032 [00:03<06:57,  9.59it/s, Loss=0.015687, Pos=0.015556, Vel=0.00006544]Epoch 3/200 [TRAIN]:   1%|          | 34/4032 [00:03<06:48,  9.79it/s, Loss=0.015687, Pos=0.015556, Vel=0.00006544]Epoch 3/200 [TRAIN]:   1%|          | 34/4032 [00:03<06:48,  9.79it/s, Loss=0.015435, Pos=0.015305, Vel=0.00006505]Epoch 3/200 [TRAIN]:   1%|          | 34/4032 [00:03<06:48,  9.79it/s, Loss=0.015069, Pos=0.014941, Vel=0.00006363]Epoch 3/200 [TRAIN]:   1%|          | 36/4032 [00:03<06:24, 10.39it/s, Loss=0.015069, Pos=0.014941, Vel=0.00006363]Epoch 3/200 [TRAIN]:   1%|          | 36/4032 [00:03<06:24, 10.39it/s, Loss=0.014875, Pos=0.014748, Vel=0.00006331]Epoch 3/200 [TRAIN]:   1%|          | 36/4032 [00:03<06:24, 10.39it/s, Loss=0.014645, Pos=0.014519, Vel=0.00006266]Epoch 3/200 [TRAIN]:   1%|          | 38/4032 [00:03<06:39,  9.99it/s, Loss=0.014645, Pos=0.014519, Vel=0.00006266]Epoch 3/200 [TRAIN]:   1%|          | 38/4032 [00:03<06:39,  9.99it/s, Loss=0.014481, Pos=0.014358, Vel=0.00006152]Epoch 3/200 [TRAIN]:   1%|          | 38/4032 [00:03<06:39,  9.99it/s, Loss=0.014371, Pos=0.014250, Vel=0.00006084]Epoch 3/200 [TRAIN]:   1%|          | 40/4032 [00:03<06:21, 10.45it/s, Loss=0.014371, Pos=0.014250, Vel=0.00006084]Epoch 3/200 [TRAIN]:   1%|          | 40/4032 [00:04<06:21, 10.45it/s, Loss=0.014246, Pos=0.014126, Vel=0.00006025]Epoch 3/200 [TRAIN]:   1%|          | 40/4032 [00:04<06:21, 10.45it/s, Loss=0.014055, Pos=0.013932, Vel=0.00006147]Epoch 3/200 [TRAIN]:   1%|          | 42/4032 [00:04<06:28, 10.28it/s, Loss=0.014055, Pos=0.013932, Vel=0.00006147]Epoch 3/200 [TRAIN]:   1%|          | 42/4032 [00:04<06:28, 10.28it/s, Loss=0.014138, Pos=0.014016, Vel=0.00006066]Epoch 3/200 [TRAIN]:   1%|          | 42/4032 [00:04<06:28, 10.28it/s, Loss=0.013945, Pos=0.013824, Vel=0.00006032]Epoch 3/200 [TRAIN]:   1%|          | 44/4032 [00:04<06:44,  9.85it/s, Loss=0.013945, Pos=0.013824, Vel=0.00006032]Epoch 3/200 [TRAIN]:   1%|          | 44/4032 [00:04<06:44,  9.85it/s, Loss=0.013970, Pos=0.013851, Vel=0.00005957]Epoch 3/200 [TRAIN]:   1%|          | 45/4032 [00:04<06:50,  9.71it/s, Loss=0.013970, Pos=0.013851, Vel=0.00005957]Epoch 3/200 [TRAIN]:   1%|          | 45/4032 [00:04<06:50,  9.71it/s, Loss=0.013762, Pos=0.013644, Vel=0.00005867]Epoch 3/200 [TRAIN]:   1%|          | 46/4032 [00:04<06:58,  9.53it/s, Loss=0.013762, Pos=0.013644, Vel=0.00005867]Epoch 3/200 [TRAIN]:   1%|          | 46/4032 [00:04<06:58,  9.53it/s, Loss=0.014169, Pos=0.014046, Vel=0.00006186]Epoch 3/200 [TRAIN]:   1%|          | 46/4032 [00:04<06:58,  9.53it/s, Loss=0.014080, Pos=0.013956, Vel=0.00006185]Epoch 3/200 [TRAIN]:   1%|          | 48/4032 [00:04<06:54,  9.60it/s, Loss=0.014080, Pos=0.013956, Vel=0.00006185]Epoch 3/200 [TRAIN]:   1%|          | 48/4032 [00:04<06:54,  9.60it/s, Loss=0.014073, Pos=0.013948, Vel=0.00006235]Epoch 3/200 [TRAIN]:   1%|          | 49/4032 [00:04<06:57,  9.55it/s, Loss=0.014073, Pos=0.013948, Vel=0.00006235]Epoch 3/200 [TRAIN]:   1%|          | 49/4032 [00:05<06:57,  9.55it/s, Loss=0.013852, Pos=0.013729, Vel=0.00006151]Epoch 3/200 [TRAIN]:   1%|          | 50/4032 [00:05<07:02,  9.41it/s, Loss=0.013852, Pos=0.013729, Vel=0.00006151]Epoch 3/200 [TRAIN]:   1%|          | 50/4032 [00:05<07:02,  9.41it/s, Loss=0.013673, Pos=0.013550, Vel=0.00006167]Epoch 3/200 [TRAIN]:   1%|▏         | 51/4032 [00:05<07:10,  9.24it/s, Loss=0.013673, Pos=0.013550, Vel=0.00006167]Epoch 3/200 [TRAIN]:   1%|▏         | 51/4032 [00:05<07:10,  9.24it/s, Loss=0.013503, Pos=0.013381, Vel=0.00006092]Epoch 3/200 [TRAIN]:   1%|▏         | 52/4032 [00:05<07:08,  9.29it/s, Loss=0.013503, Pos=0.013381, Vel=0.00006092]Epoch 3/200 [TRAIN]:   1%|▏         | 52/4032 [00:05<07:08,  9.29it/s, Loss=0.013550, Pos=0.013429, Vel=0.00006020]Epoch 3/200 [TRAIN]:   1%|▏         | 53/4032 [00:05<07:15,  9.13it/s, Loss=0.013550, Pos=0.013429, Vel=0.00006020]Epoch 3/200 [TRAIN]:   1%|▏         | 53/4032 [00:05<07:15,  9.13it/s, Loss=0.013394, Pos=0.013275, Vel=0.00005956]Epoch 3/200 [TRAIN]:   1%|▏         | 54/4032 [00:05<07:17,  9.09it/s, Loss=0.013394, Pos=0.013275, Vel=0.00005956]Epoch 3/200 [TRAIN]:   1%|▏         | 54/4032 [00:05<07:17,  9.09it/s, Loss=0.013611, Pos=0.013490, Vel=0.00006056]Epoch 3/200 [TRAIN]:   1%|▏         | 55/4032 [00:05<07:19,  9.05it/s, Loss=0.013611, Pos=0.013490, Vel=0.00006056]Epoch 3/200 [TRAIN]:   1%|▏         | 55/4032 [00:05<07:19,  9.05it/s, Loss=0.013517, Pos=0.013396, Vel=0.00006048]Epoch 3/200 [TRAIN]:   1%|▏         | 56/4032 [00:05<07:17,  9.09it/s, Loss=0.013517, Pos=0.013396, Vel=0.00006048]Epoch 3/200 [TRAIN]:   1%|▏         | 56/4032 [00:05<07:17,  9.09it/s, Loss=0.013481, Pos=0.013359, Vel=0.00006124]Epoch 3/200 [TRAIN]:   1%|▏         | 57/4032 [00:05<07:15,  9.12it/s, Loss=0.013481, Pos=0.013359, Vel=0.00006124]Epoch 3/200 [TRAIN]:   1%|▏         | 57/4032 [00:05<07:15,  9.12it/s, Loss=0.013468, Pos=0.013344, Vel=0.00006192]Epoch 3/200 [TRAIN]:   1%|▏         | 57/4032 [00:05<07:15,  9.12it/s, Loss=0.013352, Pos=0.013227, Vel=0.00006201]Epoch 3/200 [TRAIN]:   1%|▏         | 57/4032 [00:05<07:15,  9.12it/s, Loss=0.013356, Pos=0.013232, Vel=0.00006179]Epoch 3/200 [TRAIN]:   1%|▏         | 60/4032 [00:05<05:42, 11.61it/s, Loss=0.013356, Pos=0.013232, Vel=0.00006179]Epoch 3/200 [TRAIN]:   1%|▏         | 60/4032 [00:06<05:42, 11.61it/s, Loss=0.013440, Pos=0.013317, Vel=0.00006161]Epoch 3/200 [TRAIN]:   1%|▏         | 60/4032 [00:06<05:42, 11.61it/s, Loss=0.013311, Pos=0.013189, Vel=0.00006095]Epoch 3/200 [TRAIN]:   2%|▏         | 62/4032 [00:06<06:05, 10.85it/s, Loss=0.013311, Pos=0.013189, Vel=0.00006095]Epoch 3/200 [TRAIN]:   2%|▏         | 62/4032 [00:06<06:05, 10.85it/s, Loss=0.013144, Pos=0.013023, Vel=0.00006043]Epoch 3/200 [TRAIN]:   2%|▏         | 62/4032 [00:06<06:05, 10.85it/s, Loss=0.012989, Pos=0.012869, Vel=0.00005982]Epoch 3/200 [TRAIN]:   2%|▏         | 64/4032 [00:06<06:33, 10.08it/s, Loss=0.012989, Pos=0.012869, Vel=0.00005982]Epoch 3/200 [TRAIN]:   2%|▏         | 64/4032 [00:06<06:33, 10.08it/s, Loss=0.012828, Pos=0.012710, Vel=0.00005915]Epoch 3/200 [TRAIN]:   2%|▏         | 65/4032 [00:06<06:35, 10.02it/s, Loss=0.012828, Pos=0.012710, Vel=0.00005915]Epoch 3/200 [TRAIN]:   2%|▏         | 65/4032 [00:06<06:35, 10.02it/s, Loss=0.012804, Pos=0.012686, Vel=0.00005901]Epoch 3/200 [TRAIN]:   2%|▏         | 66/4032 [00:06<06:53,  9.59it/s, Loss=0.012804, Pos=0.012686, Vel=0.00005901]Epoch 3/200 [TRAIN]:   2%|▏         | 66/4032 [00:06<06:53,  9.59it/s, Loss=0.012721, Pos=0.012604, Vel=0.00005836]Epoch 3/200 [TRAIN]:   2%|▏         | 67/4032 [00:06<06:50,  9.65it/s, Loss=0.012721, Pos=0.012604, Vel=0.00005836]Epoch 3/200 [TRAIN]:   2%|▏         | 67/4032 [00:06<06:50,  9.65it/s, Loss=0.012637, Pos=0.012521, Vel=0.00005777]Epoch 3/200 [TRAIN]:   2%|▏         | 67/4032 [00:06<06:50,  9.65it/s, Loss=0.012503, Pos=0.012388, Vel=0.00005756]Epoch 3/200 [TRAIN]:   2%|▏         | 69/4032 [00:06<06:11, 10.68it/s, Loss=0.012503, Pos=0.012388, Vel=0.00005756]Epoch 3/200 [TRAIN]:   2%|▏         | 69/4032 [00:07<06:11, 10.68it/s, Loss=0.012449, Pos=0.012334, Vel=0.00005761]Epoch 3/200 [TRAIN]:   2%|▏         | 69/4032 [00:07<06:11, 10.68it/s, Loss=0.012352, Pos=0.012237, Vel=0.00005766]Epoch 3/200 [TRAIN]:   2%|▏         | 71/4032 [00:07<06:27, 10.21it/s, Loss=0.012352, Pos=0.012237, Vel=0.00005766]Epoch 3/200 [TRAIN]:   2%|▏         | 71/4032 [00:07<06:27, 10.21it/s, Loss=0.012218, Pos=0.012104, Vel=0.00005714]Epoch 3/200 [TRAIN]:   2%|▏         | 71/4032 [00:07<06:27, 10.21it/s, Loss=0.012163, Pos=0.012048, Vel=0.00005729]Epoch 3/200 [TRAIN]:   2%|▏         | 73/4032 [00:07<06:43,  9.81it/s, Loss=0.012163, Pos=0.012048, Vel=0.00005729]Epoch 3/200 [TRAIN]:   2%|▏         | 73/4032 [00:07<06:43,  9.81it/s, Loss=0.012084, Pos=0.011970, Vel=0.00005677]Epoch 3/200 [TRAIN]:   2%|▏         | 74/4032 [00:07<06:48,  9.70it/s, Loss=0.012084, Pos=0.011970, Vel=0.00005677]Epoch 3/200 [TRAIN]:   2%|▏         | 74/4032 [00:07<06:48,  9.70it/s, Loss=0.012050, Pos=0.011937, Vel=0.00005650]Epoch 3/200 [TRAIN]:   2%|▏         | 75/4032 [00:07<06:57,  9.48it/s, Loss=0.012050, Pos=0.011937, Vel=0.00005650]Epoch 3/200 [TRAIN]:   2%|▏         | 75/4032 [00:07<06:57,  9.48it/s, Loss=0.011938, Pos=0.011826, Vel=0.00005610]Epoch 3/200 [TRAIN]:   2%|▏         | 75/4032 [00:07<06:57,  9.48it/s, Loss=0.011901, Pos=0.011789, Vel=0.00005594]Epoch 3/200 [TRAIN]:   2%|▏         | 77/4032 [00:07<05:57, 11.06it/s, Loss=0.011901, Pos=0.011789, Vel=0.00005594]Epoch 3/200 [TRAIN]:   2%|▏         | 77/4032 [00:07<05:57, 11.06it/s, Loss=0.011867, Pos=0.011754, Vel=0.00005645]Epoch 3/200 [TRAIN]:   2%|▏         | 77/4032 [00:07<05:57, 11.06it/s, Loss=0.011802, Pos=0.011690, Vel=0.00005610]Epoch 3/200 [TRAIN]:   2%|▏         | 79/4032 [00:07<06:23, 10.30it/s, Loss=0.011802, Pos=0.011690, Vel=0.00005610]Epoch 3/200 [TRAIN]:   2%|▏         | 79/4032 [00:08<06:23, 10.30it/s, Loss=0.011908, Pos=0.011795, Vel=0.00005658]Epoch 3/200 [TRAIN]:   2%|▏         | 79/4032 [00:08<06:23, 10.30it/s, Loss=0.011917, Pos=0.011802, Vel=0.00005779]Epoch 3/200 [TRAIN]:   2%|▏         | 81/4032 [00:08<06:33, 10.03it/s, Loss=0.011917, Pos=0.011802, Vel=0.00005779]Epoch 3/200 [TRAIN]:   2%|▏         | 81/4032 [00:08<06:33, 10.03it/s, Loss=0.011845, Pos=0.011730, Vel=0.00005755]Epoch 3/200 [TRAIN]:   2%|▏         | 81/4032 [00:08<06:33, 10.03it/s, Loss=0.011757, Pos=0.011643, Vel=0.00005721]Epoch 3/200 [TRAIN]:   2%|▏         | 83/4032 [00:08<06:49,  9.64it/s, Loss=0.011757, Pos=0.011643, Vel=0.00005721]Epoch 3/200 [TRAIN]:   2%|▏         | 83/4032 [00:08<06:49,  9.64it/s, Loss=0.011707, Pos=0.011592, Vel=0.00005749]Epoch 3/200 [TRAIN]:   2%|▏         | 84/4032 [00:08<06:50,  9.61it/s, Loss=0.011707, Pos=0.011592, Vel=0.00005749]Epoch 3/200 [TRAIN]:   2%|▏         | 84/4032 [00:08<06:50,  9.61it/s, Loss=0.011645, Pos=0.011531, Vel=0.00005718]Epoch 3/200 [TRAIN]:   2%|▏         | 85/4032 [00:08<06:56,  9.48it/s, Loss=0.011645, Pos=0.011531, Vel=0.00005718]Epoch 3/200 [TRAIN]:   2%|▏         | 85/4032 [00:08<06:56,  9.48it/s, Loss=0.011580, Pos=0.011465, Vel=0.00005757]Epoch 3/200 [TRAIN]:   2%|▏         | 86/4032 [00:08<07:04,  9.30it/s, Loss=0.011580, Pos=0.011465, Vel=0.00005757]Epoch 3/200 [TRAIN]:   2%|▏         | 86/4032 [00:08<07:04,  9.30it/s, Loss=0.011561, Pos=0.011445, Vel=0.00005824]Epoch 3/200 [TRAIN]:   2%|▏         | 87/4032 [00:08<07:05,  9.27it/s, Loss=0.011561, Pos=0.011445, Vel=0.00005824]Epoch 3/200 [TRAIN]:   2%|▏         | 87/4032 [00:08<07:05,  9.27it/s, Loss=0.011473, Pos=0.011357, Vel=0.00005766]Epoch 3/200 [TRAIN]:   2%|▏         | 87/4032 [00:08<07:05,  9.27it/s, Loss=0.011404, Pos=0.011290, Vel=0.00005711]Epoch 3/200 [TRAIN]:   2%|▏         | 89/4032 [00:08<06:06, 10.77it/s, Loss=0.011404, Pos=0.011290, Vel=0.00005711]Epoch 3/200 [TRAIN]:   2%|▏         | 89/4032 [00:09<06:06, 10.77it/s, Loss=0.011395, Pos=0.011280, Vel=0.00005711]Epoch 3/200 [TRAIN]:   2%|▏         | 89/4032 [00:09<06:06, 10.77it/s, Loss=0.011692, Pos=0.011577, Vel=0.00005726]Epoch 3/200 [TRAIN]:   2%|▏         | 91/4032 [00:09<06:24, 10.25it/s, Loss=0.011692, Pos=0.011577, Vel=0.00005726]Epoch 3/200 [TRAIN]:   2%|▏         | 91/4032 [00:09<06:24, 10.25it/s, Loss=0.011899, Pos=0.011785, Vel=0.00005701]Epoch 3/200 [TRAIN]:   2%|▏         | 91/4032 [00:09<06:24, 10.25it/s, Loss=0.011845, Pos=0.011732, Vel=0.00005647]Epoch 3/200 [TRAIN]:   2%|▏         | 93/4032 [00:09<06:52,  9.56it/s, Loss=0.011845, Pos=0.011732, Vel=0.00005647]Epoch 3/200 [TRAIN]:   2%|▏         | 93/4032 [00:09<06:52,  9.56it/s, Loss=0.012010, Pos=0.011896, Vel=0.00005710]Epoch 3/200 [TRAIN]:   2%|▏         | 93/4032 [00:09<06:52,  9.56it/s, Loss=0.012340, Pos=0.012225, Vel=0.00005754]Epoch 3/200 [TRAIN]:   2%|▏         | 95/4032 [00:09<06:45,  9.71it/s, Loss=0.012340, Pos=0.012225, Vel=0.00005754]Epoch 3/200 [TRAIN]:   2%|▏         | 95/4032 [00:09<06:45,  9.71it/s, Loss=0.012292, Pos=0.012178, Vel=0.00005709]Epoch 3/200 [TRAIN]:   2%|▏         | 96/4032 [00:09<06:48,  9.63it/s, Loss=0.012292, Pos=0.012178, Vel=0.00005709]Epoch 3/200 [TRAIN]:   2%|▏         | 96/4032 [00:09<06:48,  9.63it/s, Loss=0.012495, Pos=0.012381, Vel=0.00005687]Epoch 3/200 [TRAIN]:   2%|▏         | 97/4032 [00:09<06:58,  9.41it/s, Loss=0.012495, Pos=0.012381, Vel=0.00005687]Epoch 3/200 [TRAIN]:   2%|▏         | 97/4032 [00:09<06:58,  9.41it/s, Loss=0.012398, Pos=0.012285, Vel=0.00005641]Epoch 3/200 [TRAIN]:   2%|▏         | 98/4032 [00:09<07:05,  9.24it/s, Loss=0.012398, Pos=0.012285, Vel=0.00005641]Epoch 3/200 [TRAIN]:   2%|▏         | 98/4032 [00:10<07:05,  9.24it/s, Loss=0.012392, Pos=0.012278, Vel=0.00005704]Epoch 3/200 [TRAIN]:   2%|▏         | 99/4032 [00:10<07:16,  9.00it/s, Loss=0.012392, Pos=0.012278, Vel=0.00005704]Epoch 3/200 [TRAIN]:   2%|▏         | 99/4032 [00:10<07:16,  9.00it/s, Loss=0.012353, Pos=0.012239, Vel=0.00005699]Epoch 3/200 [TRAIN]:   2%|▏         | 100/4032 [00:10<07:09,  9.15it/s, Loss=0.012353, Pos=0.012239, Vel=0.00005699]Epoch 3/200 [TRAIN]:   2%|▏         | 100/4032 [00:10<07:09,  9.15it/s, Loss=0.012241, Pos=0.012127, Vel=0.00005677]Epoch 3/200 [TRAIN]:   3%|▎         | 101/4032 [00:10<07:14,  9.04it/s, Loss=0.012241, Pos=0.012127, Vel=0.00005677]Epoch 3/200 [TRAIN]:   3%|▎         | 101/4032 [00:10<07:14,  9.04it/s, Loss=0.012155, Pos=0.012042, Vel=0.00005649]Epoch 3/200 [TRAIN]:   3%|▎         | 102/4032 [00:10<07:15,  9.03it/s, Loss=0.012155, Pos=0.012042, Vel=0.00005649]Epoch 3/200 [TRAIN]:   3%|▎         | 102/4032 [00:10<07:15,  9.03it/s, Loss=0.012089, Pos=0.011976, Vel=0.00005629]Epoch 3/200 [TRAIN]:   3%|▎         | 103/4032 [00:10<07:13,  9.06it/s, Loss=0.012089, Pos=0.011976, Vel=0.00005629]Epoch 3/200 [TRAIN]:   3%|▎         | 103/4032 [00:10<07:13,  9.06it/s, Loss=0.012070, Pos=0.011958, Vel=0.00005612]Epoch 3/200 [TRAIN]:   3%|▎         | 104/4032 [00:10<07:14,  9.04it/s, Loss=0.012070, Pos=0.011958, Vel=0.00005612]Epoch 3/200 [TRAIN]:   3%|▎         | 104/4032 [00:10<07:14,  9.04it/s, Loss=0.012025, Pos=0.011914, Vel=0.00005589]Epoch 3/200 [TRAIN]:   3%|▎         | 104/4032 [00:10<07:14,  9.04it/s, Loss=0.012020, Pos=0.011908, Vel=0.00005594]Epoch 3/200 [TRAIN]:   3%|▎         | 106/4032 [00:10<06:52,  9.52it/s, Loss=0.012020, Pos=0.011908, Vel=0.00005594]Epoch 3/200 [TRAIN]:   3%|▎         | 106/4032 [00:10<06:52,  9.52it/s, Loss=0.011921, Pos=0.011810, Vel=0.00005558]Epoch 3/200 [TRAIN]:   3%|▎         | 107/4032 [00:10<06:57,  9.40it/s, Loss=0.011921, Pos=0.011810, Vel=0.00005558]Epoch 3/200 [TRAIN]:   3%|▎         | 107/4032 [00:10<06:57,  9.40it/s, Loss=0.011876, Pos=0.011765, Vel=0.00005543]Epoch 3/200 [TRAIN]:   3%|▎         | 107/4032 [00:11<06:57,  9.40it/s, Loss=0.011836, Pos=0.011726, Vel=0.00005514]Epoch 3/200 [TRAIN]:   3%|▎         | 109/4032 [00:11<05:45, 11.35it/s, Loss=0.011836, Pos=0.011726, Vel=0.00005514]Epoch 3/200 [TRAIN]:   3%|▎         | 109/4032 [00:11<05:45, 11.35it/s, Loss=0.011787, Pos=0.011678, Vel=0.00005493]Epoch 3/200 [TRAIN]:   3%|▎         | 109/4032 [00:11<05:45, 11.35it/s, Loss=0.011742, Pos=0.011633, Vel=0.00005478]Epoch 3/200 [TRAIN]:   3%|▎         | 111/4032 [00:11<06:16, 10.41it/s, Loss=0.011742, Pos=0.011633, Vel=0.00005478]Epoch 3/200 [TRAIN]:   3%|▎         | 111/4032 [00:11<06:16, 10.41it/s, Loss=0.011749, Pos=0.011637, Vel=0.00005575]Epoch 3/200 [TRAIN]:   3%|▎         | 111/4032 [00:11<06:16, 10.41it/s, Loss=0.012369, Pos=0.012258, Vel=0.00005559]Epoch 3/200 [TRAIN]:   3%|▎         | 113/4032 [00:11<05:48, 11.26it/s, Loss=0.012369, Pos=0.012258, Vel=0.00005559]Epoch 3/200 [TRAIN]:   3%|▎         | 113/4032 [00:11<05:48, 11.26it/s, Loss=0.012310, Pos=0.012199, Vel=0.00005533]Epoch 3/200 [TRAIN]:   3%|▎         | 113/4032 [00:11<05:48, 11.26it/s, Loss=0.012323, Pos=0.012212, Vel=0.00005517]Epoch 3/200 [TRAIN]:   3%|▎         | 115/4032 [00:11<06:18, 10.36it/s, Loss=0.012323, Pos=0.012212, Vel=0.00005517]Epoch 3/200 [TRAIN]:   3%|▎         | 115/4032 [00:11<06:18, 10.36it/s, Loss=0.012280, Pos=0.012169, Vel=0.00005545]Epoch 3/200 [TRAIN]:   3%|▎         | 115/4032 [00:11<06:18, 10.36it/s, Loss=0.012246, Pos=0.012134, Vel=0.00005601]Epoch 3/200 [TRAIN]:   3%|▎         | 117/4032 [00:11<06:35,  9.90it/s, Loss=0.012246, Pos=0.012134, Vel=0.00005601]Epoch 3/200 [TRAIN]:   3%|▎         | 117/4032 [00:11<06:35,  9.90it/s, Loss=0.012186, Pos=0.012074, Vel=0.00005573]Epoch 3/200 [TRAIN]:   3%|▎         | 117/4032 [00:12<06:35,  9.90it/s, Loss=0.012235, Pos=0.012124, Vel=0.00005557]Epoch 3/200 [TRAIN]:   3%|▎         | 119/4032 [00:12<06:21, 10.25it/s, Loss=0.012235, Pos=0.012124, Vel=0.00005557]Epoch 3/200 [TRAIN]:   3%|▎         | 119/4032 [00:12<06:21, 10.25it/s, Loss=0.012182, Pos=0.012071, Vel=0.00005543]Epoch 3/200 [TRAIN]:   3%|▎         | 119/4032 [00:12<06:21, 10.25it/s, Loss=0.012131, Pos=0.012020, Vel=0.00005539]Epoch 3/200 [TRAIN]:   3%|▎         | 121/4032 [00:12<06:38,  9.82it/s, Loss=0.012131, Pos=0.012020, Vel=0.00005539]Epoch 3/200 [TRAIN]:   3%|▎         | 121/4032 [00:12<06:38,  9.82it/s, Loss=0.012044, Pos=0.011934, Vel=0.00005506]Epoch 3/200 [TRAIN]:   3%|▎         | 121/4032 [00:12<06:38,  9.82it/s, Loss=0.011986, Pos=0.011876, Vel=0.00005489]Epoch 3/200 [TRAIN]:   3%|▎         | 123/4032 [00:12<06:43,  9.69it/s, Loss=0.011986, Pos=0.011876, Vel=0.00005489]Epoch 3/200 [TRAIN]:   3%|▎         | 123/4032 [00:12<06:43,  9.69it/s, Loss=0.011909, Pos=0.011800, Vel=0.00005450]Epoch 3/200 [TRAIN]:   3%|▎         | 124/4032 [00:12<06:45,  9.63it/s, Loss=0.011909, Pos=0.011800, Vel=0.00005450]Epoch 3/200 [TRAIN]:   3%|▎         | 124/4032 [00:12<06:45,  9.63it/s, Loss=0.011858, Pos=0.011749, Vel=0.00005449]Epoch 3/200 [TRAIN]:   3%|▎         | 125/4032 [00:12<06:49,  9.54it/s, Loss=0.011858, Pos=0.011749, Vel=0.00005449]Epoch 3/200 [TRAIN]:   3%|▎         | 125/4032 [00:12<06:49,  9.54it/s, Loss=0.011879, Pos=0.011770, Vel=0.00005466]Epoch 3/200 [TRAIN]:   3%|▎         | 126/4032 [00:12<06:54,  9.43it/s, Loss=0.011879, Pos=0.011770, Vel=0.00005466]Epoch 3/200 [TRAIN]:   3%|▎         | 126/4032 [00:12<06:54,  9.43it/s, Loss=0.011869, Pos=0.011759, Vel=0.00005493]Epoch 3/200 [TRAIN]:   3%|▎         | 127/4032 [00:12<07:02,  9.24it/s, Loss=0.011869, Pos=0.011759, Vel=0.00005493]Epoch 3/200 [TRAIN]:   3%|▎         | 127/4032 [00:12<07:02,  9.24it/s, Loss=0.012104, Pos=0.011994, Vel=0.00005523]Epoch 3/200 [TRAIN]:   3%|▎         | 128/4032 [00:12<07:02,  9.23it/s, Loss=0.012104, Pos=0.011994, Vel=0.00005523]Epoch 3/200 [TRAIN]:   3%|▎         | 128/4032 [00:13<07:02,  9.23it/s, Loss=0.012054, Pos=0.011944, Vel=0.00005507]Epoch 3/200 [TRAIN]:   3%|▎         | 129/4032 [00:13<07:05,  9.17it/s, Loss=0.012054, Pos=0.011944, Vel=0.00005507]Epoch 3/200 [TRAIN]:   3%|▎         | 129/4032 [00:13<07:05,  9.17it/s, Loss=0.012083, Pos=0.011974, Vel=0.00005498]Epoch 3/200 [TRAIN]:   3%|▎         | 130/4032 [00:13<07:07,  9.13it/s, Loss=0.012083, Pos=0.011974, Vel=0.00005498]Epoch 3/200 [TRAIN]:   3%|▎         | 130/4032 [00:13<07:07,  9.13it/s, Loss=0.012068, Pos=0.011958, Vel=0.00005483]Epoch 3/200 [TRAIN]:   3%|▎         | 131/4032 [00:13<07:06,  9.15it/s, Loss=0.012068, Pos=0.011958, Vel=0.00005483]Epoch 3/200 [TRAIN]:   3%|▎         | 131/4032 [00:13<07:06,  9.15it/s, Loss=0.012038, Pos=0.011929, Vel=0.00005461]Epoch 3/200 [TRAIN]:   3%|▎         | 132/4032 [00:13<07:08,  9.10it/s, Loss=0.012038, Pos=0.011929, Vel=0.00005461]Epoch 3/200 [TRAIN]:   3%|▎         | 132/4032 [00:13<07:08,  9.10it/s, Loss=0.012032, Pos=0.011923, Vel=0.00005449]Epoch 3/200 [TRAIN]:   3%|▎         | 133/4032 [00:13<07:14,  8.98it/s, Loss=0.012032, Pos=0.011923, Vel=0.00005449]Epoch 3/200 [TRAIN]:   3%|▎         | 133/4032 [00:13<07:14,  8.98it/s, Loss=0.011964, Pos=0.011855, Vel=0.00005438]Epoch 3/200 [TRAIN]:   3%|▎         | 134/4032 [00:13<07:03,  9.20it/s, Loss=0.011964, Pos=0.011855, Vel=0.00005438]Epoch 3/200 [TRAIN]:   3%|▎         | 134/4032 [00:13<07:03,  9.20it/s, Loss=0.011997, Pos=0.011887, Vel=0.00005473]Epoch 3/200 [TRAIN]:   3%|▎         | 135/4032 [00:13<07:13,  9.00it/s, Loss=0.011997, Pos=0.011887, Vel=0.00005473]Epoch 3/200 [TRAIN]:   3%|▎         | 135/4032 [00:13<07:13,  9.00it/s, Loss=0.011988, Pos=0.011878, Vel=0.00005470]Epoch 3/200 [TRAIN]:   3%|▎         | 135/4032 [00:13<07:13,  9.00it/s, Loss=0.011976, Pos=0.011866, Vel=0.00005492]Epoch 3/200 [TRAIN]:   3%|▎         | 137/4032 [00:13<07:08,  9.10it/s, Loss=0.011976, Pos=0.011866, Vel=0.00005492]Epoch 3/200 [TRAIN]:   3%|▎         | 137/4032 [00:14<07:08,  9.10it/s, Loss=0.011971, Pos=0.011862, Vel=0.00005469]Epoch 3/200 [TRAIN]:   3%|▎         | 138/4032 [00:14<06:59,  9.28it/s, Loss=0.011971, Pos=0.011862, Vel=0.00005469]Epoch 3/200 [TRAIN]:   3%|▎         | 138/4032 [00:14<06:59,  9.28it/s, Loss=0.012415, Pos=0.012306, Vel=0.00005446]Epoch 3/200 [TRAIN]:   3%|▎         | 139/4032 [00:14<07:04,  9.17it/s, Loss=0.012415, Pos=0.012306, Vel=0.00005446]Epoch 3/200 [TRAIN]:   3%|▎         | 139/4032 [00:14<07:04,  9.17it/s, Loss=0.012365, Pos=0.012256, Vel=0.00005434]Epoch 3/200 [TRAIN]:   3%|▎         | 140/4032 [00:14<07:07,  9.10it/s, Loss=0.012365, Pos=0.012256, Vel=0.00005434]Epoch 3/200 [TRAIN]:   3%|▎         | 140/4032 [00:14<07:07,  9.10it/s, Loss=0.012314, Pos=0.012206, Vel=0.00005423]Epoch 3/200 [TRAIN]:   3%|▎         | 140/4032 [00:14<07:07,  9.10it/s, Loss=0.012361, Pos=0.012253, Vel=0.00005434]Epoch 3/200 [TRAIN]:   4%|▎         | 142/4032 [00:14<06:46,  9.56it/s, Loss=0.012361, Pos=0.012253, Vel=0.00005434]Epoch 3/200 [TRAIN]:   4%|▎         | 142/4032 [00:14<06:46,  9.56it/s, Loss=0.012367, Pos=0.012258, Vel=0.00005454]Epoch 3/200 [TRAIN]:   4%|▎         | 143/4032 [00:14<06:58,  9.29it/s, Loss=0.012367, Pos=0.012258, Vel=0.00005454]Epoch 3/200 [TRAIN]:   4%|▎         | 143/4032 [00:14<06:58,  9.29it/s, Loss=0.012402, Pos=0.012293, Vel=0.00005437]Epoch 3/200 [TRAIN]:   4%|▎         | 144/4032 [00:14<07:05,  9.15it/s, Loss=0.012402, Pos=0.012293, Vel=0.00005437]Epoch 3/200 [TRAIN]:   4%|▎         | 144/4032 [00:14<07:05,  9.15it/s, Loss=0.012366, Pos=0.012257, Vel=0.00005457]Epoch 3/200 [TRAIN]:   4%|▎         | 144/4032 [00:14<07:05,  9.15it/s, Loss=0.012319, Pos=0.012211, Vel=0.00005446]Epoch 3/200 [TRAIN]:   4%|▎         | 146/4032 [00:14<06:44,  9.61it/s, Loss=0.012319, Pos=0.012211, Vel=0.00005446]Epoch 3/200 [TRAIN]:   4%|▎         | 146/4032 [00:15<06:44,  9.61it/s, Loss=0.012386, Pos=0.012277, Vel=0.00005451]Epoch 3/200 [TRAIN]:   4%|▎         | 146/4032 [00:15<06:44,  9.61it/s, Loss=0.012409, Pos=0.012300, Vel=0.00005429]Epoch 3/200 [TRAIN]:   4%|▎         | 148/4032 [00:15<06:45,  9.57it/s, Loss=0.012409, Pos=0.012300, Vel=0.00005429]Epoch 3/200 [TRAIN]:   4%|▎         | 148/4032 [00:15<06:45,  9.57it/s, Loss=0.012492, Pos=0.012383, Vel=0.00005407]Epoch 3/200 [TRAIN]:   4%|▎         | 149/4032 [00:15<06:43,  9.63it/s, Loss=0.012492, Pos=0.012383, Vel=0.00005407]Epoch 3/200 [TRAIN]:   4%|▎         | 149/4032 [00:15<06:43,  9.63it/s, Loss=0.012478, Pos=0.012370, Vel=0.00005401]Epoch 3/200 [TRAIN]:   4%|▎         | 150/4032 [00:15<06:40,  9.68it/s, Loss=0.012478, Pos=0.012370, Vel=0.00005401]Epoch 3/200 [TRAIN]:   4%|▎         | 150/4032 [00:15<06:40,  9.68it/s, Loss=0.012440, Pos=0.012331, Vel=0.00005422]Epoch 3/200 [TRAIN]:   4%|▎         | 150/4032 [00:15<06:40,  9.68it/s, Loss=0.012406, Pos=0.012298, Vel=0.00005403]Epoch 3/200 [TRAIN]:   4%|▍         | 152/4032 [00:15<05:34, 11.59it/s, Loss=0.012406, Pos=0.012298, Vel=0.00005403]Epoch 3/200 [TRAIN]:   4%|▍         | 152/4032 [00:15<05:34, 11.59it/s, Loss=0.012394, Pos=0.012285, Vel=0.00005401]Epoch 3/200 [TRAIN]:   4%|▍         | 152/4032 [00:15<05:34, 11.59it/s, Loss=0.012356, Pos=0.012249, Vel=0.00005385]Epoch 3/200 [TRAIN]:   4%|▍         | 154/4032 [00:15<05:59, 10.78it/s, Loss=0.012356, Pos=0.012249, Vel=0.00005385]Epoch 3/200 [TRAIN]:   4%|▍         | 154/4032 [00:15<05:59, 10.78it/s, Loss=0.012294, Pos=0.012186, Vel=0.00005375]Epoch 3/200 [TRAIN]:   4%|▍         | 154/4032 [00:15<05:59, 10.78it/s, Loss=0.012259, Pos=0.012150, Vel=0.00005434]Epoch 3/200 [TRAIN]:   4%|▍         | 156/4032 [00:15<05:14, 12.31it/s, Loss=0.012259, Pos=0.012150, Vel=0.00005434]Epoch 3/200 [TRAIN]:   4%|▍         | 156/4032 [00:15<05:14, 12.31it/s, Loss=0.012623, Pos=0.012515, Vel=0.00005414]Epoch 3/200 [TRAIN]:   4%|▍         | 156/4032 [00:16<05:14, 12.31it/s, Loss=0.012677, Pos=0.012569, Vel=0.00005416]Epoch 3/200 [TRAIN]:   4%|▍         | 158/4032 [00:16<05:48, 11.12it/s, Loss=0.012677, Pos=0.012569, Vel=0.00005416]Epoch 3/200 [TRAIN]:   4%|▍         | 158/4032 [00:16<05:48, 11.12it/s, Loss=0.012724, Pos=0.012615, Vel=0.00005430]Epoch 3/200 [TRAIN]:   4%|▍         | 158/4032 [00:16<05:48, 11.12it/s, Loss=0.012679, Pos=0.012571, Vel=0.00005426]Epoch 3/200 [TRAIN]:   4%|▍         | 160/4032 [00:16<05:32, 11.64it/s, Loss=0.012679, Pos=0.012571, Vel=0.00005426]Epoch 3/200 [TRAIN]:   4%|▍         | 160/4032 [00:16<05:32, 11.64it/s, Loss=0.012653, Pos=0.012545, Vel=0.00005429]Epoch 3/200 [TRAIN]:   4%|▍         | 160/4032 [00:16<05:32, 11.64it/s, Loss=0.012609, Pos=0.012500, Vel=0.00005421]Epoch 3/200 [TRAIN]:   4%|▍         | 162/4032 [00:16<05:09, 12.49it/s, Loss=0.012609, Pos=0.012500, Vel=0.00005421]Epoch 3/200 [TRAIN]:   4%|▍         | 162/4032 [00:16<05:09, 12.49it/s, Loss=0.012621, Pos=0.012512, Vel=0.00005467]Epoch 3/200 [TRAIN]:   4%|▍         | 162/4032 [00:16<05:09, 12.49it/s, Loss=0.012569, Pos=0.012461, Vel=0.00005446]Epoch 3/200 [TRAIN]:   4%|▍         | 164/4032 [00:16<05:34, 11.56it/s, Loss=0.012569, Pos=0.012461, Vel=0.00005446]Epoch 3/200 [TRAIN]:   4%|▍         | 164/4032 [00:16<05:34, 11.56it/s, Loss=0.012541, Pos=0.012432, Vel=0.00005426]Epoch 3/200 [TRAIN]:   4%|▍         | 164/4032 [00:16<05:34, 11.56it/s, Loss=0.012480, Pos=0.012372, Vel=0.00005416]Epoch 3/200 [TRAIN]:   4%|▍         | 166/4032 [00:16<05:57, 10.81it/s, Loss=0.012480, Pos=0.012372, Vel=0.00005416]Epoch 3/200 [TRAIN]:   4%|▍         | 166/4032 [00:16<05:57, 10.81it/s, Loss=0.012456, Pos=0.012347, Vel=0.00005420]Epoch 3/200 [TRAIN]:   4%|▍         | 166/4032 [00:16<05:57, 10.81it/s, Loss=0.012548, Pos=0.012439, Vel=0.00005470]Epoch 3/200 [TRAIN]:   4%|▍         | 168/4032 [00:16<05:31, 11.65it/s, Loss=0.012548, Pos=0.012439, Vel=0.00005470]Epoch 3/200 [TRAIN]:   4%|▍         | 168/4032 [00:16<05:31, 11.65it/s, Loss=0.012490, Pos=0.012381, Vel=0.00005457]Epoch 3/200 [TRAIN]:   4%|▍         | 168/4032 [00:17<05:31, 11.65it/s, Loss=0.012442, Pos=0.012333, Vel=0.00005447]Epoch 3/200 [TRAIN]:   4%|▍         | 170/4032 [00:17<05:16, 12.20it/s, Loss=0.012442, Pos=0.012333, Vel=0.00005447]Epoch 3/200 [TRAIN]:   4%|▍         | 170/4032 [00:17<05:16, 12.20it/s, Loss=0.012477, Pos=0.012366, Vel=0.00005534]Epoch 3/200 [TRAIN]:   4%|▍         | 170/4032 [00:17<05:16, 12.20it/s, Loss=0.012439, Pos=0.012329, Vel=0.00005520]Epoch 3/200 [TRAIN]:   4%|▍         | 172/4032 [00:17<05:49, 11.05it/s, Loss=0.012439, Pos=0.012329, Vel=0.00005520]Epoch 3/200 [TRAIN]:   4%|▍         | 172/4032 [00:17<05:49, 11.05it/s, Loss=0.012606, Pos=0.012494, Vel=0.00005609]Epoch 3/200 [TRAIN]:   4%|▍         | 172/4032 [00:17<05:49, 11.05it/s, Loss=0.012575, Pos=0.012462, Vel=0.00005618]Epoch 3/200 [TRAIN]:   4%|▍         | 172/4032 [00:17<05:49, 11.05it/s, Loss=0.012564, Pos=0.012452, Vel=0.00005635]Epoch 3/200 [TRAIN]:   4%|▍         | 175/4032 [00:17<04:53, 13.16it/s, Loss=0.012564, Pos=0.012452, Vel=0.00005635]Epoch 3/200 [TRAIN]:   4%|▍         | 175/4032 [00:17<04:53, 13.16it/s, Loss=0.012544, Pos=0.012431, Vel=0.00005631]Epoch 3/200 [TRAIN]:   4%|▍         | 175/4032 [00:17<04:53, 13.16it/s, Loss=0.012650, Pos=0.012535, Vel=0.00005732]Epoch 3/200 [TRAIN]:   4%|▍         | 177/4032 [00:17<05:26, 11.82it/s, Loss=0.012650, Pos=0.012535, Vel=0.00005732]Epoch 3/200 [TRAIN]:   4%|▍         | 177/4032 [00:17<05:26, 11.82it/s, Loss=0.012624, Pos=0.012509, Vel=0.00005760]Epoch 3/200 [TRAIN]:   4%|▍         | 177/4032 [00:17<05:26, 11.82it/s, Loss=0.012569, Pos=0.012454, Vel=0.00005744]Epoch 3/200 [TRAIN]:   4%|▍         | 179/4032 [00:17<05:50, 10.98it/s, Loss=0.012569, Pos=0.012454, Vel=0.00005744]Epoch 3/200 [TRAIN]:   4%|▍         | 179/4032 [00:17<05:50, 10.98it/s, Loss=0.012544, Pos=0.012429, Vel=0.00005729]Epoch 3/200 [TRAIN]:   4%|▍         | 179/4032 [00:18<05:50, 10.98it/s, Loss=0.012542, Pos=0.012428, Vel=0.00005718]Epoch 3/200 [TRAIN]:   4%|▍         | 181/4032 [00:18<06:07, 10.47it/s, Loss=0.012542, Pos=0.012428, Vel=0.00005718]Epoch 3/200 [TRAIN]:   4%|▍         | 181/4032 [00:18<06:07, 10.47it/s, Loss=0.012507, Pos=0.012393, Vel=0.00005700]Epoch 3/200 [TRAIN]:   4%|▍         | 181/4032 [00:18<06:07, 10.47it/s, Loss=0.012462, Pos=0.012348, Vel=0.00005703]Epoch 3/200 [TRAIN]:   5%|▍         | 183/4032 [00:18<06:18, 10.17it/s, Loss=0.012462, Pos=0.012348, Vel=0.00005703]Epoch 3/200 [TRAIN]:   5%|▍         | 183/4032 [00:18<06:18, 10.17it/s, Loss=0.012765, Pos=0.012651, Vel=0.00005718]Epoch 3/200 [TRAIN]:   5%|▍         | 183/4032 [00:18<06:18, 10.17it/s, Loss=0.012772, Pos=0.012658, Vel=0.00005704]Epoch 3/200 [TRAIN]:   5%|▍         | 185/4032 [00:18<06:26,  9.96it/s, Loss=0.012772, Pos=0.012658, Vel=0.00005704]Epoch 3/200 [TRAIN]:   5%|▍         | 185/4032 [00:18<06:26,  9.96it/s, Loss=0.012758, Pos=0.012644, Vel=0.00005705]Epoch 3/200 [TRAIN]:   5%|▍         | 185/4032 [00:18<06:26,  9.96it/s, Loss=0.012702, Pos=0.012588, Vel=0.00005684]Epoch 3/200 [TRAIN]:   5%|▍         | 187/4032 [00:18<06:34,  9.75it/s, Loss=0.012702, Pos=0.012588, Vel=0.00005684]Epoch 3/200 [TRAIN]:   5%|▍         | 187/4032 [00:18<06:34,  9.75it/s, Loss=0.012698, Pos=0.012584, Vel=0.00005686]Epoch 3/200 [TRAIN]:   5%|▍         | 187/4032 [00:18<06:34,  9.75it/s, Loss=0.012655, Pos=0.012541, Vel=0.00005684]Epoch 3/200 [TRAIN]:   5%|▍         | 189/4032 [00:18<06:14, 10.27it/s, Loss=0.012655, Pos=0.012541, Vel=0.00005684]Epoch 3/200 [TRAIN]:   5%|▍         | 189/4032 [00:18<06:14, 10.27it/s, Loss=0.012615, Pos=0.012501, Vel=0.00005689]Epoch 3/200 [TRAIN]:   5%|▍         | 189/4032 [00:19<06:14, 10.27it/s, Loss=0.012600, Pos=0.012486, Vel=0.00005683]Epoch 3/200 [TRAIN]:   5%|▍         | 191/4032 [00:19<06:26,  9.93it/s, Loss=0.012600, Pos=0.012486, Vel=0.00005683]Epoch 3/200 [TRAIN]:   5%|▍         | 191/4032 [00:19<06:26,  9.93it/s, Loss=0.012679, Pos=0.012566, Vel=0.00005663]Epoch 3/200 [TRAIN]:   5%|▍         | 191/4032 [00:19<06:26,  9.93it/s, Loss=0.012640, Pos=0.012527, Vel=0.00005642]Epoch 3/200 [TRAIN]:   5%|▍         | 193/4032 [00:19<06:28,  9.89it/s, Loss=0.012640, Pos=0.012527, Vel=0.00005642]Epoch 3/200 [TRAIN]:   5%|▍         | 193/4032 [00:19<06:28,  9.89it/s, Loss=0.012680, Pos=0.012567, Vel=0.00005630]Epoch 3/200 [TRAIN]:   5%|▍         | 194/4032 [00:19<06:40,  9.59it/s, Loss=0.012680, Pos=0.012567, Vel=0.00005630]Epoch 3/200 [TRAIN]:   5%|▍         | 194/4032 [00:19<06:40,  9.59it/s, Loss=0.012784, Pos=0.012672, Vel=0.00005621]Epoch 3/200 [TRAIN]:   5%|▍         | 194/4032 [00:19<06:40,  9.59it/s, Loss=0.012741, Pos=0.012629, Vel=0.00005602]Epoch 3/200 [TRAIN]:   5%|▍         | 196/4032 [00:19<06:15, 10.22it/s, Loss=0.012741, Pos=0.012629, Vel=0.00005602]Epoch 3/200 [TRAIN]:   5%|▍         | 196/4032 [00:19<06:15, 10.22it/s, Loss=0.012746, Pos=0.012634, Vel=0.00005607]Epoch 3/200 [TRAIN]:   5%|▍         | 196/4032 [00:19<06:15, 10.22it/s, Loss=0.012718, Pos=0.012606, Vel=0.00005590]Epoch 3/200 [TRAIN]:   5%|▍         | 198/4032 [00:19<05:52, 10.89it/s, Loss=0.012718, Pos=0.012606, Vel=0.00005590]Epoch 3/200 [TRAIN]:   5%|▍         | 198/4032 [00:19<05:52, 10.89it/s, Loss=0.012708, Pos=0.012596, Vel=0.00005579]Epoch 3/200 [TRAIN]:   5%|▍         | 198/4032 [00:19<05:52, 10.89it/s, Loss=0.012679, Pos=0.012567, Vel=0.00005607]Epoch 3/200 [TRAIN]:   5%|▍         | 200/4032 [00:19<06:14, 10.23it/s, Loss=0.012679, Pos=0.012567, Vel=0.00005607]Epoch 3/200 [TRAIN]:   5%|▍         | 200/4032 [00:20<06:14, 10.23it/s, Loss=0.012648, Pos=0.012537, Vel=0.00005588]Epoch 3/200 [TRAIN]:   5%|▍         | 200/4032 [00:20<06:14, 10.23it/s, Loss=0.012658, Pos=0.012545, Vel=0.00005636]Epoch 3/200 [TRAIN]:   5%|▌         | 202/4032 [00:20<06:26,  9.90it/s, Loss=0.012658, Pos=0.012545, Vel=0.00005636]Epoch 3/200 [TRAIN]:   5%|▌         | 202/4032 [00:20<06:26,  9.90it/s, Loss=0.012625, Pos=0.012512, Vel=0.00005660]Epoch 3/200 [TRAIN]:   5%|▌         | 202/4032 [00:20<06:26,  9.90it/s, Loss=0.012596, Pos=0.012483, Vel=0.00005664]Epoch 3/200 [TRAIN]:   5%|▌         | 204/4032 [00:20<06:27,  9.88it/s, Loss=0.012596, Pos=0.012483, Vel=0.00005664]Epoch 3/200 [TRAIN]:   5%|▌         | 204/4032 [00:20<06:27,  9.88it/s, Loss=0.012709, Pos=0.012596, Vel=0.00005665]Epoch 3/200 [TRAIN]:   5%|▌         | 204/4032 [00:20<06:27,  9.88it/s, Loss=0.012670, Pos=0.012557, Vel=0.00005646]Epoch 3/200 [TRAIN]:   5%|▌         | 206/4032 [00:20<06:32,  9.74it/s, Loss=0.012670, Pos=0.012557, Vel=0.00005646]Epoch 3/200 [TRAIN]:   5%|▌         | 206/4032 [00:20<06:32,  9.74it/s, Loss=0.012630, Pos=0.012517, Vel=0.00005630]Epoch 3/200 [TRAIN]:   5%|▌         | 206/4032 [00:20<06:32,  9.74it/s, Loss=0.012593, Pos=0.012480, Vel=0.00005645]Epoch 3/200 [TRAIN]:   5%|▌         | 208/4032 [00:20<06:38,  9.61it/s, Loss=0.012593, Pos=0.012480, Vel=0.00005645]Epoch 3/200 [TRAIN]:   5%|▌         | 208/4032 [00:20<06:38,  9.61it/s, Loss=0.012552, Pos=0.012439, Vel=0.00005650]Epoch 3/200 [TRAIN]:   5%|▌         | 208/4032 [00:20<06:38,  9.61it/s, Loss=0.012561, Pos=0.012448, Vel=0.00005631]Epoch 3/200 [TRAIN]:   5%|▌         | 210/4032 [00:20<06:29,  9.81it/s, Loss=0.012561, Pos=0.012448, Vel=0.00005631]Epoch 3/200 [TRAIN]:   5%|▌         | 210/4032 [00:21<06:29,  9.81it/s, Loss=0.012543, Pos=0.012430, Vel=0.00005613]Epoch 3/200 [TRAIN]:   5%|▌         | 210/4032 [00:21<06:29,  9.81it/s, Loss=0.012522, Pos=0.012408, Vel=0.00005663]Epoch 3/200 [TRAIN]:   5%|▌         | 212/4032 [00:21<06:34,  9.69it/s, Loss=0.012522, Pos=0.012408, Vel=0.00005663]Epoch 3/200 [TRAIN]:   5%|▌         | 212/4032 [00:21<06:34,  9.69it/s, Loss=0.012485, Pos=0.012372, Vel=0.00005639]Epoch 3/200 [TRAIN]:   5%|▌         | 213/4032 [00:21<06:35,  9.67it/s, Loss=0.012485, Pos=0.012372, Vel=0.00005639]Epoch 3/200 [TRAIN]:   5%|▌         | 213/4032 [00:21<06:35,  9.67it/s, Loss=0.012513, Pos=0.012400, Vel=0.00005652]Epoch 3/200 [TRAIN]:   5%|▌         | 213/4032 [00:21<06:35,  9.67it/s, Loss=0.012548, Pos=0.012435, Vel=0.00005662]Epoch 3/200 [TRAIN]:   5%|▌         | 215/4032 [00:21<06:21, 10.00it/s, Loss=0.012548, Pos=0.012435, Vel=0.00005662]Epoch 3/200 [TRAIN]:   5%|▌         | 215/4032 [00:21<06:21, 10.00it/s, Loss=0.012595, Pos=0.012481, Vel=0.00005687]Epoch 3/200 [TRAIN]:   5%|▌         | 216/4032 [00:21<06:21, 10.00it/s, Loss=0.012595, Pos=0.012481, Vel=0.00005687]Epoch 3/200 [TRAIN]:   5%|▌         | 216/4032 [00:21<06:21, 10.00it/s, Loss=0.012556, Pos=0.012442, Vel=0.00005673]Epoch 3/200 [TRAIN]:   5%|▌         | 217/4032 [00:21<06:36,  9.63it/s, Loss=0.012556, Pos=0.012442, Vel=0.00005673]Epoch 3/200 [TRAIN]:   5%|▌         | 217/4032 [00:21<06:36,  9.63it/s, Loss=0.012537, Pos=0.012424, Vel=0.00005680]Epoch 3/200 [TRAIN]:   5%|▌         | 217/4032 [00:21<06:36,  9.63it/s, Loss=0.012759, Pos=0.012645, Vel=0.00005701]Epoch 3/200 [TRAIN]:   5%|▌         | 219/4032 [00:21<06:30,  9.76it/s, Loss=0.012759, Pos=0.012645, Vel=0.00005701]Epoch 3/200 [TRAIN]:   5%|▌         | 219/4032 [00:22<06:30,  9.76it/s, Loss=0.012760, Pos=0.012646, Vel=0.00005691]Epoch 3/200 [TRAIN]:   5%|▌         | 220/4032 [00:22<06:40,  9.53it/s, Loss=0.012760, Pos=0.012646, Vel=0.00005691]Epoch 3/200 [TRAIN]:   5%|▌         | 220/4032 [00:22<06:40,  9.53it/s, Loss=0.012709, Pos=0.012596, Vel=0.00005670]Epoch 3/200 [TRAIN]:   5%|▌         | 221/4032 [00:22<06:39,  9.54it/s, Loss=0.012709, Pos=0.012596, Vel=0.00005670]Epoch 3/200 [TRAIN]:   5%|▌         | 221/4032 [00:22<06:39,  9.54it/s, Loss=0.012657, Pos=0.012544, Vel=0.00005652]Epoch 3/200 [TRAIN]:   6%|▌         | 222/4032 [00:22<06:58,  9.11it/s, Loss=0.012657, Pos=0.012544, Vel=0.00005652]Epoch 3/200 [TRAIN]:   6%|▌         | 222/4032 [00:22<06:58,  9.11it/s, Loss=0.012626, Pos=0.012513, Vel=0.00005634]Epoch 3/200 [TRAIN]:   6%|▌         | 222/4032 [00:22<06:58,  9.11it/s, Loss=0.012762, Pos=0.012649, Vel=0.00005616]Epoch 3/200 [TRAIN]:   6%|▌         | 224/4032 [00:22<06:02, 10.50it/s, Loss=0.012762, Pos=0.012649, Vel=0.00005616]Epoch 3/200 [TRAIN]:   6%|▌         | 224/4032 [00:22<06:02, 10.50it/s, Loss=0.012729, Pos=0.012616, Vel=0.00005630]Epoch 3/200 [TRAIN]:   6%|▌         | 224/4032 [00:22<06:02, 10.50it/s, Loss=0.012723, Pos=0.012611, Vel=0.00005615]Epoch 3/200 [TRAIN]:   6%|▌         | 226/4032 [00:22<06:16, 10.10it/s, Loss=0.012723, Pos=0.012611, Vel=0.00005615]Epoch 3/200 [TRAIN]:   6%|▌         | 226/4032 [00:22<06:16, 10.10it/s, Loss=0.012684, Pos=0.012572, Vel=0.00005597]Epoch 3/200 [TRAIN]:   6%|▌         | 226/4032 [00:22<06:16, 10.10it/s, Loss=0.012651, Pos=0.012539, Vel=0.00005581]Epoch 3/200 [TRAIN]:   6%|▌         | 228/4032 [00:22<06:25,  9.88it/s, Loss=0.012651, Pos=0.012539, Vel=0.00005581]Epoch 3/200 [TRAIN]:   6%|▌         | 228/4032 [00:22<06:25,  9.88it/s, Loss=0.012670, Pos=0.012559, Vel=0.00005570]Epoch 3/200 [TRAIN]:   6%|▌         | 229/4032 [00:22<06:36,  9.60it/s, Loss=0.012670, Pos=0.012559, Vel=0.00005570]Epoch 3/200 [TRAIN]:   6%|▌         | 229/4032 [00:23<06:36,  9.60it/s, Loss=0.012671, Pos=0.012560, Vel=0.00005558]Epoch 3/200 [TRAIN]:   6%|▌         | 229/4032 [00:23<06:36,  9.60it/s, Loss=0.012641, Pos=0.012529, Vel=0.00005559]Epoch 3/200 [TRAIN]:   6%|▌         | 231/4032 [00:23<05:39, 11.21it/s, Loss=0.012641, Pos=0.012529, Vel=0.00005559]Epoch 3/200 [TRAIN]:   6%|▌         | 231/4032 [00:23<05:39, 11.21it/s, Loss=0.012633, Pos=0.012522, Vel=0.00005544]Epoch 3/200 [TRAIN]:   6%|▌         | 231/4032 [00:23<05:39, 11.21it/s, Loss=0.012636, Pos=0.012524, Vel=0.00005568]Epoch 3/200 [TRAIN]:   6%|▌         | 233/4032 [00:23<06:00, 10.53it/s, Loss=0.012636, Pos=0.012524, Vel=0.00005568]Epoch 3/200 [TRAIN]:   6%|▌         | 233/4032 [00:23<06:00, 10.53it/s, Loss=0.012602, Pos=0.012491, Vel=0.00005556]Epoch 3/200 [TRAIN]:   6%|▌         | 233/4032 [00:23<06:00, 10.53it/s, Loss=0.012570, Pos=0.012459, Vel=0.00005546]Epoch 3/200 [TRAIN]:   6%|▌         | 235/4032 [00:23<06:11, 10.23it/s, Loss=0.012570, Pos=0.012459, Vel=0.00005546]Epoch 3/200 [TRAIN]:   6%|▌         | 235/4032 [00:23<06:11, 10.23it/s, Loss=0.012540, Pos=0.012429, Vel=0.00005547]Epoch 3/200 [TRAIN]:   6%|▌         | 235/4032 [00:23<06:11, 10.23it/s, Loss=0.012527, Pos=0.012416, Vel=0.00005563]Epoch 3/200 [TRAIN]:   6%|▌         | 237/4032 [00:23<05:54, 10.69it/s, Loss=0.012527, Pos=0.012416, Vel=0.00005563]Epoch 3/200 [TRAIN]:   6%|▌         | 237/4032 [00:23<05:54, 10.69it/s, Loss=0.012630, Pos=0.012518, Vel=0.00005575]Epoch 3/200 [TRAIN]:   6%|▌         | 237/4032 [00:23<05:54, 10.69it/s, Loss=0.012697, Pos=0.012586, Vel=0.00005568]Epoch 3/200 [TRAIN]:   6%|▌         | 239/4032 [00:23<05:20, 11.83it/s, Loss=0.012697, Pos=0.012586, Vel=0.00005568]Epoch 3/200 [TRAIN]:   6%|▌         | 239/4032 [00:23<05:20, 11.83it/s, Loss=0.012678, Pos=0.012566, Vel=0.00005576]Epoch 3/200 [TRAIN]:   6%|▌         | 239/4032 [00:23<05:20, 11.83it/s, Loss=0.012686, Pos=0.012573, Vel=0.00005665]Epoch 3/200 [TRAIN]:   6%|▌         | 241/4032 [00:23<05:42, 11.07it/s, Loss=0.012686, Pos=0.012573, Vel=0.00005665]Epoch 3/200 [TRAIN]:   6%|▌         | 241/4032 [00:24<05:42, 11.07it/s, Loss=0.012814, Pos=0.012700, Vel=0.00005659]Epoch 3/200 [TRAIN]:   6%|▌         | 241/4032 [00:24<05:42, 11.07it/s, Loss=0.012777, Pos=0.012665, Vel=0.00005640]Epoch 3/200 [TRAIN]:   6%|▌         | 243/4032 [00:24<06:02, 10.44it/s, Loss=0.012777, Pos=0.012665, Vel=0.00005640]Epoch 3/200 [TRAIN]:   6%|▌         | 243/4032 [00:24<06:02, 10.44it/s, Loss=0.012786, Pos=0.012673, Vel=0.00005634]Epoch 3/200 [TRAIN]:   6%|▌         | 243/4032 [00:24<06:02, 10.44it/s, Loss=0.012751, Pos=0.012638, Vel=0.00005617]Epoch 3/200 [TRAIN]:   6%|▌         | 245/4032 [00:24<05:36, 11.27it/s, Loss=0.012751, Pos=0.012638, Vel=0.00005617]Epoch 3/200 [TRAIN]:   6%|▌         | 245/4032 [00:24<05:36, 11.27it/s, Loss=0.012937, Pos=0.012824, Vel=0.00005633]Epoch 3/200 [TRAIN]:   6%|▌         | 245/4032 [00:24<05:36, 11.27it/s, Loss=0.012920, Pos=0.012807, Vel=0.00005650]Epoch 3/200 [TRAIN]:   6%|▌         | 247/4032 [00:24<05:51, 10.77it/s, Loss=0.012920, Pos=0.012807, Vel=0.00005650]Epoch 3/200 [TRAIN]:   6%|▌         | 247/4032 [00:24<05:51, 10.77it/s, Loss=0.012908, Pos=0.012795, Vel=0.00005633]Epoch 3/200 [TRAIN]:   6%|▌         | 247/4032 [00:24<05:51, 10.77it/s, Loss=0.012960, Pos=0.012847, Vel=0.00005619]Epoch 3/200 [TRAIN]:   6%|▌         | 249/4032 [00:24<06:10, 10.21it/s, Loss=0.012960, Pos=0.012847, Vel=0.00005619]Epoch 3/200 [TRAIN]:   6%|▌         | 249/4032 [00:24<06:10, 10.21it/s, Loss=0.012963, Pos=0.012850, Vel=0.00005644]Epoch 3/200 [TRAIN]:   6%|▌         | 249/4032 [00:24<06:10, 10.21it/s, Loss=0.012973, Pos=0.012860, Vel=0.00005633]Epoch 3/200 [TRAIN]:   6%|▌         | 251/4032 [00:24<06:16, 10.05it/s, Loss=0.012973, Pos=0.012860, Vel=0.00005633]Epoch 3/200 [TRAIN]:   6%|▌         | 251/4032 [00:25<06:16, 10.05it/s, Loss=0.013037, Pos=0.012925, Vel=0.00005633]Epoch 3/200 [TRAIN]:   6%|▌         | 251/4032 [00:25<06:16, 10.05it/s, Loss=0.013030, Pos=0.012918, Vel=0.00005634]Epoch 3/200 [TRAIN]:   6%|▋         | 253/4032 [00:25<06:07, 10.29it/s, Loss=0.013030, Pos=0.012918, Vel=0.00005634]Epoch 3/200 [TRAIN]:   6%|▋         | 253/4032 [00:25<06:07, 10.29it/s, Loss=0.013006, Pos=0.012894, Vel=0.00005627]Epoch 3/200 [TRAIN]:   6%|▋         | 253/4032 [00:25<06:07, 10.29it/s, Loss=0.013215, Pos=0.013102, Vel=0.00005644]Epoch 3/200 [TRAIN]:   6%|▋         | 255/4032 [00:25<05:34, 11.31it/s, Loss=0.013215, Pos=0.013102, Vel=0.00005644]Epoch 3/200 [TRAIN]:   6%|▋         | 255/4032 [00:25<05:34, 11.31it/s, Loss=0.013195, Pos=0.013082, Vel=0.00005637]Epoch 3/200 [TRAIN]:   6%|▋         | 255/4032 [00:25<05:34, 11.31it/s, Loss=0.013181, Pos=0.013068, Vel=0.00005632]Epoch 3/200 [TRAIN]:   6%|▋         | 257/4032 [00:25<05:57, 10.55it/s, Loss=0.013181, Pos=0.013068, Vel=0.00005632]Epoch 3/200 [TRAIN]:   6%|▋         | 257/4032 [00:25<05:57, 10.55it/s, Loss=0.013210, Pos=0.013097, Vel=0.00005633]Epoch 3/200 [TRAIN]:   6%|▋         | 257/4032 [00:25<05:57, 10.55it/s, Loss=0.013199, Pos=0.013086, Vel=0.00005644]Epoch 3/200 [TRAIN]:   6%|▋         | 259/4032 [00:25<06:11, 10.16it/s, Loss=0.013199, Pos=0.013086, Vel=0.00005644]Epoch 3/200 [TRAIN]:   6%|▋         | 259/4032 [00:25<06:11, 10.16it/s, Loss=0.013171, Pos=0.013058, Vel=0.00005629]Epoch 3/200 [TRAIN]:   6%|▋         | 259/4032 [00:25<06:11, 10.16it/s, Loss=0.013130, Pos=0.013018, Vel=0.00005624]Epoch 3/200 [TRAIN]:   6%|▋         | 261/4032 [00:25<06:15, 10.04it/s, Loss=0.013130, Pos=0.013018, Vel=0.00005624]Epoch 3/200 [TRAIN]:   6%|▋         | 261/4032 [00:26<06:15, 10.04it/s, Loss=0.013228, Pos=0.013115, Vel=0.00005653]Epoch 3/200 [TRAIN]:   6%|▋         | 261/4032 [00:26<06:15, 10.04it/s, Loss=0.013199, Pos=0.013086, Vel=0.00005642]Epoch 3/200 [TRAIN]:   7%|▋         | 263/4032 [00:26<06:22,  9.85it/s, Loss=0.013199, Pos=0.013086, Vel=0.00005642]Epoch 3/200 [TRAIN]:   7%|▋         | 263/4032 [00:26<06:22,  9.85it/s, Loss=0.013170, Pos=0.013058, Vel=0.00005632]Epoch 3/200 [TRAIN]:   7%|▋         | 263/4032 [00:26<06:22,  9.85it/s, Loss=0.013155, Pos=0.013043, Vel=0.00005632]Epoch 3/200 [TRAIN]:   7%|▋         | 265/4032 [00:26<06:32,  9.60it/s, Loss=0.013155, Pos=0.013043, Vel=0.00005632]Epoch 3/200 [TRAIN]:   7%|▋         | 265/4032 [00:26<06:32,  9.60it/s, Loss=0.013171, Pos=0.013059, Vel=0.00005624]Epoch 3/200 [TRAIN]:   7%|▋         | 265/4032 [00:26<06:32,  9.60it/s, Loss=0.013128, Pos=0.013016, Vel=0.00005606]Epoch 3/200 [TRAIN]:   7%|▋         | 267/4032 [00:26<06:32,  9.59it/s, Loss=0.013128, Pos=0.013016, Vel=0.00005606]Epoch 3/200 [TRAIN]:   7%|▋         | 267/4032 [00:26<06:32,  9.59it/s, Loss=0.013101, Pos=0.012988, Vel=0.00005610]Epoch 3/200 [TRAIN]:   7%|▋         | 268/4032 [00:26<06:37,  9.46it/s, Loss=0.013101, Pos=0.012988, Vel=0.00005610]Epoch 3/200 [TRAIN]:   7%|▋         | 268/4032 [00:26<06:37,  9.46it/s, Loss=0.013068, Pos=0.012956, Vel=0.00005603]Epoch 3/200 [TRAIN]:   7%|▋         | 269/4032 [00:26<06:41,  9.38it/s, Loss=0.013068, Pos=0.012956, Vel=0.00005603]Epoch 3/200 [TRAIN]:   7%|▋         | 269/4032 [00:26<06:41,  9.38it/s, Loss=0.013042, Pos=0.012930, Vel=0.00005586]Epoch 3/200 [TRAIN]:   7%|▋         | 269/4032 [00:26<06:41,  9.38it/s, Loss=0.013069, Pos=0.012957, Vel=0.00005579]Epoch 3/200 [TRAIN]:   7%|▋         | 271/4032 [00:26<05:41, 11.01it/s, Loss=0.013069, Pos=0.012957, Vel=0.00005579]Epoch 3/200 [TRAIN]:   7%|▋         | 271/4032 [00:26<05:41, 11.01it/s, Loss=0.013046, Pos=0.012935, Vel=0.00005573]Epoch 3/200 [TRAIN]:   7%|▋         | 271/4032 [00:27<05:41, 11.01it/s, Loss=0.013029, Pos=0.012918, Vel=0.00005564]Epoch 3/200 [TRAIN]:   7%|▋         | 273/4032 [00:27<05:26, 11.53it/s, Loss=0.013029, Pos=0.012918, Vel=0.00005564]Epoch 3/200 [TRAIN]:   7%|▋         | 273/4032 [00:27<05:26, 11.53it/s, Loss=0.013044, Pos=0.012933, Vel=0.00005573]Epoch 3/200 [TRAIN]:   7%|▋         | 273/4032 [00:27<05:26, 11.53it/s, Loss=0.013049, Pos=0.012938, Vel=0.00005569]Epoch 3/200 [TRAIN]:   7%|▋         | 275/4032 [00:27<05:21, 11.67it/s, Loss=0.013049, Pos=0.012938, Vel=0.00005569]Epoch 3/200 [TRAIN]:   7%|▋         | 275/4032 [00:27<05:21, 11.67it/s, Loss=0.013017, Pos=0.012906, Vel=0.00005566]Epoch 3/200 [TRAIN]:   7%|▋         | 275/4032 [00:27<05:21, 11.67it/s, Loss=0.013007, Pos=0.012896, Vel=0.00005559]Epoch 3/200 [TRAIN]:   7%|▋         | 277/4032 [00:27<05:48, 10.79it/s, Loss=0.013007, Pos=0.012896, Vel=0.00005559]Epoch 3/200 [TRAIN]:   7%|▋         | 277/4032 [00:27<05:48, 10.79it/s, Loss=0.013014, Pos=0.012903, Vel=0.00005569]Epoch 3/200 [TRAIN]:   7%|▋         | 277/4032 [00:27<05:48, 10.79it/s, Loss=0.013004, Pos=0.012892, Vel=0.00005578]Epoch 3/200 [TRAIN]:   7%|▋         | 279/4032 [00:27<06:04, 10.30it/s, Loss=0.013004, Pos=0.012892, Vel=0.00005578]Epoch 3/200 [TRAIN]:   7%|▋         | 279/4032 [00:27<06:04, 10.30it/s, Loss=0.013072, Pos=0.012961, Vel=0.00005570]Epoch 3/200 [TRAIN]:   7%|▋         | 279/4032 [00:27<06:04, 10.30it/s, Loss=0.013045, Pos=0.012934, Vel=0.00005573]Epoch 3/200 [TRAIN]:   7%|▋         | 281/4032 [00:27<06:02, 10.34it/s, Loss=0.013045, Pos=0.012934, Vel=0.00005573]Epoch 3/200 [TRAIN]:   7%|▋         | 281/4032 [00:27<06:02, 10.34it/s, Loss=0.013015, Pos=0.012904, Vel=0.00005572]Epoch 3/200 [TRAIN]:   7%|▋         | 281/4032 [00:28<06:02, 10.34it/s, Loss=0.012985, Pos=0.012874, Vel=0.00005559]Epoch 3/200 [TRAIN]:   7%|▋         | 283/4032 [00:28<06:12, 10.06it/s, Loss=0.012985, Pos=0.012874, Vel=0.00005559]Epoch 3/200 [TRAIN]:   7%|▋         | 283/4032 [00:28<06:12, 10.06it/s, Loss=0.012957, Pos=0.012846, Vel=0.00005551]Epoch 3/200 [TRAIN]:   7%|▋         | 283/4032 [00:28<06:12, 10.06it/s, Loss=0.012965, Pos=0.012854, Vel=0.00005557]Epoch 3/200 [TRAIN]:   7%|▋         | 285/4032 [00:28<06:15,  9.98it/s, Loss=0.012965, Pos=0.012854, Vel=0.00005557]Epoch 3/200 [TRAIN]:   7%|▋         | 285/4032 [00:28<06:15,  9.98it/s, Loss=0.012968, Pos=0.012857, Vel=0.00005554]Epoch 3/200 [TRAIN]:   7%|▋         | 285/4032 [00:28<06:15,  9.98it/s, Loss=0.012941, Pos=0.012830, Vel=0.00005551]Epoch 3/200 [TRAIN]:   7%|▋         | 287/4032 [00:28<06:24,  9.73it/s, Loss=0.012941, Pos=0.012830, Vel=0.00005551]Epoch 3/200 [TRAIN]:   7%|▋         | 287/4032 [00:28<06:24,  9.73it/s, Loss=0.012914, Pos=0.012803, Vel=0.00005560]Epoch 3/200 [TRAIN]:   7%|▋         | 287/4032 [00:28<06:24,  9.73it/s, Loss=0.012953, Pos=0.012841, Vel=0.00005583]Epoch 3/200 [TRAIN]:   7%|▋         | 289/4032 [00:28<06:06, 10.21it/s, Loss=0.012953, Pos=0.012841, Vel=0.00005583]Epoch 3/200 [TRAIN]:   7%|▋         | 289/4032 [00:28<06:06, 10.21it/s, Loss=0.013084, Pos=0.012971, Vel=0.00005659]Epoch 3/200 [TRAIN]:   7%|▋         | 289/4032 [00:28<06:06, 10.21it/s, Loss=0.013058, Pos=0.012944, Vel=0.00005688]Epoch 3/200 [TRAIN]:   7%|▋         | 291/4032 [00:28<05:43, 10.88it/s, Loss=0.013058, Pos=0.012944, Vel=0.00005688]Epoch 3/200 [TRAIN]:   7%|▋         | 291/4032 [00:28<05:43, 10.88it/s, Loss=0.013039, Pos=0.012925, Vel=0.00005727]Epoch 3/200 [TRAIN]:   7%|▋         | 291/4032 [00:29<05:43, 10.88it/s, Loss=0.013038, Pos=0.012924, Vel=0.00005722]Epoch 3/200 [TRAIN]:   7%|▋         | 293/4032 [00:29<05:57, 10.46it/s, Loss=0.013038, Pos=0.012924, Vel=0.00005722]Epoch 3/200 [TRAIN]:   7%|▋         | 293/4032 [00:29<05:57, 10.46it/s, Loss=0.013013, Pos=0.012899, Vel=0.00005716]Epoch 3/200 [TRAIN]:   7%|▋         | 293/4032 [00:29<05:57, 10.46it/s, Loss=0.012977, Pos=0.012863, Vel=0.00005702]Epoch 3/200 [TRAIN]:   7%|▋         | 295/4032 [00:29<06:07, 10.17it/s, Loss=0.012977, Pos=0.012863, Vel=0.00005702]Epoch 3/200 [TRAIN]:   7%|▋         | 295/4032 [00:29<06:07, 10.17it/s, Loss=0.012958, Pos=0.012844, Vel=0.00005711]Epoch 3/200 [TRAIN]:   7%|▋         | 295/4032 [00:29<06:07, 10.17it/s, Loss=0.012921, Pos=0.012807, Vel=0.00005715]Epoch 3/200 [TRAIN]:   7%|▋         | 297/4032 [00:29<05:26, 11.43it/s, Loss=0.012921, Pos=0.012807, Vel=0.00005715]Epoch 3/200 [TRAIN]:   7%|▋         | 297/4032 [00:29<05:26, 11.43it/s, Loss=0.012891, Pos=0.012777, Vel=0.00005704]Epoch 3/200 [TRAIN]:   7%|▋         | 297/4032 [00:29<05:26, 11.43it/s, Loss=0.012863, Pos=0.012750, Vel=0.00005692]Epoch 3/200 [TRAIN]:   7%|▋         | 299/4032 [00:29<05:46, 10.78it/s, Loss=0.012863, Pos=0.012750, Vel=0.00005692]Epoch 3/200 [TRAIN]:   7%|▋         | 299/4032 [00:29<05:46, 10.78it/s, Loss=0.012837, Pos=0.012724, Vel=0.00005685]Epoch 3/200 [TRAIN]:   7%|▋         | 299/4032 [00:29<05:46, 10.78it/s, Loss=0.012812, Pos=0.012698, Vel=0.00005669]Epoch 3/200 [TRAIN]:   7%|▋         | 301/4032 [00:29<05:17, 11.75it/s, Loss=0.012812, Pos=0.012698, Vel=0.00005669]Epoch 3/200 [TRAIN]:   7%|▋         | 301/4032 [00:29<05:17, 11.75it/s, Loss=0.012786, Pos=0.012673, Vel=0.00005661]Epoch 3/200 [TRAIN]:   7%|▋         | 301/4032 [00:29<05:17, 11.75it/s, Loss=0.012750, Pos=0.012637, Vel=0.00005649]Epoch 3/200 [TRAIN]:   8%|▊         | 303/4032 [00:29<05:39, 10.98it/s, Loss=0.012750, Pos=0.012637, Vel=0.00005649]Epoch 3/200 [TRAIN]:   8%|▊         | 303/4032 [00:30<05:39, 10.98it/s, Loss=0.012758, Pos=0.012645, Vel=0.00005640]Epoch 3/200 [TRAIN]:   8%|▊         | 303/4032 [00:30<05:39, 10.98it/s, Loss=0.012770, Pos=0.012657, Vel=0.00005644]Epoch 3/200 [TRAIN]:   8%|▊         | 305/4032 [00:30<05:59, 10.38it/s, Loss=0.012770, Pos=0.012657, Vel=0.00005644]Epoch 3/200 [TRAIN]:   8%|▊         | 305/4032 [00:30<05:59, 10.38it/s, Loss=0.012735, Pos=0.012623, Vel=0.00005627]Epoch 3/200 [TRAIN]:   8%|▊         | 305/4032 [00:30<05:59, 10.38it/s, Loss=0.012806, Pos=0.012693, Vel=0.00005637]Epoch 3/200 [TRAIN]:   8%|▊         | 307/4032 [00:30<06:10, 10.04it/s, Loss=0.012806, Pos=0.012693, Vel=0.00005637]Epoch 3/200 [TRAIN]:   8%|▊         | 307/4032 [00:30<06:10, 10.04it/s, Loss=0.012788, Pos=0.012676, Vel=0.00005624]Epoch 3/200 [TRAIN]:   8%|▊         | 307/4032 [00:30<06:10, 10.04it/s, Loss=0.012804, Pos=0.012691, Vel=0.00005641]Epoch 3/200 [TRAIN]:   8%|▊         | 309/4032 [00:30<06:20,  9.79it/s, Loss=0.012804, Pos=0.012691, Vel=0.00005641]Epoch 3/200 [TRAIN]:   8%|▊         | 309/4032 [00:30<06:20,  9.79it/s, Loss=0.012815, Pos=0.012702, Vel=0.00005644]Epoch 3/200 [TRAIN]:   8%|▊         | 309/4032 [00:30<06:20,  9.79it/s, Loss=0.012795, Pos=0.012683, Vel=0.00005643]Epoch 3/200 [TRAIN]:   8%|▊         | 311/4032 [00:30<06:23,  9.69it/s, Loss=0.012795, Pos=0.012683, Vel=0.00005643]Epoch 3/200 [TRAIN]:   8%|▊         | 311/4032 [00:30<06:23,  9.69it/s, Loss=0.012781, Pos=0.012668, Vel=0.00005656]Epoch 3/200 [TRAIN]:   8%|▊         | 312/4032 [00:30<06:34,  9.42it/s, Loss=0.012781, Pos=0.012668, Vel=0.00005656]Epoch 3/200 [TRAIN]:   8%|▊         | 312/4032 [00:30<06:34,  9.42it/s, Loss=0.012757, Pos=0.012644, Vel=0.00005664]Epoch 3/200 [TRAIN]:   8%|▊         | 312/4032 [00:31<06:34,  9.42it/s, Loss=0.012745, Pos=0.012632, Vel=0.00005656]Epoch 3/200 [TRAIN]:   8%|▊         | 314/4032 [00:31<06:37,  9.36it/s, Loss=0.012745, Pos=0.012632, Vel=0.00005656]Epoch 3/200 [TRAIN]:   8%|▊         | 314/4032 [00:31<06:37,  9.36it/s, Loss=0.012717, Pos=0.012604, Vel=0.00005650]Epoch 3/200 [TRAIN]:   8%|▊         | 314/4032 [00:31<06:37,  9.36it/s, Loss=0.012695, Pos=0.012582, Vel=0.00005634]Epoch 3/200 [TRAIN]:   8%|▊         | 316/4032 [00:31<06:37,  9.34it/s, Loss=0.012695, Pos=0.012582, Vel=0.00005634]Epoch 3/200 [TRAIN]:   8%|▊         | 316/4032 [00:31<06:37,  9.34it/s, Loss=0.012689, Pos=0.012577, Vel=0.00005623]Epoch 3/200 [TRAIN]:   8%|▊         | 316/4032 [00:31<06:37,  9.34it/s, Loss=0.012672, Pos=0.012560, Vel=0.00005617]Epoch 3/200 [TRAIN]:   8%|▊         | 318/4032 [00:31<06:40,  9.27it/s, Loss=0.012672, Pos=0.012560, Vel=0.00005617]Epoch 3/200 [TRAIN]:   8%|▊         | 318/4032 [00:31<06:40,  9.27it/s, Loss=0.012685, Pos=0.012573, Vel=0.00005620]Epoch 3/200 [TRAIN]:   8%|▊         | 319/4032 [00:31<06:35,  9.39it/s, Loss=0.012685, Pos=0.012573, Vel=0.00005620]Epoch 3/200 [TRAIN]:   8%|▊         | 319/4032 [00:31<06:35,  9.39it/s, Loss=0.012846, Pos=0.012733, Vel=0.00005636]Epoch 3/200 [TRAIN]:   8%|▊         | 320/4032 [00:31<06:42,  9.21it/s, Loss=0.012846, Pos=0.012733, Vel=0.00005636]Epoch 3/200 [TRAIN]:   8%|▊         | 320/4032 [00:31<06:42,  9.21it/s, Loss=0.012839, Pos=0.012726, Vel=0.00005629]Epoch 3/200 [TRAIN]:   8%|▊         | 320/4032 [00:31<06:42,  9.21it/s, Loss=0.012803, Pos=0.012690, Vel=0.00005619]Epoch 3/200 [TRAIN]:   8%|▊         | 322/4032 [00:31<06:39,  9.29it/s, Loss=0.012803, Pos=0.012690, Vel=0.00005619]Epoch 3/200 [TRAIN]:   8%|▊         | 322/4032 [00:32<06:39,  9.29it/s, Loss=0.012787, Pos=0.012674, Vel=0.00005615]Epoch 3/200 [TRAIN]:   8%|▊         | 323/4032 [00:32<06:34,  9.41it/s, Loss=0.012787, Pos=0.012674, Vel=0.00005615]Epoch 3/200 [TRAIN]:   8%|▊         | 323/4032 [00:32<06:34,  9.41it/s, Loss=0.012780, Pos=0.012668, Vel=0.00005613]Epoch 3/200 [TRAIN]:   8%|▊         | 324/4032 [00:32<06:42,  9.22it/s, Loss=0.012780, Pos=0.012668, Vel=0.00005613]Epoch 3/200 [TRAIN]:   8%|▊         | 324/4032 [00:32<06:42,  9.22it/s, Loss=0.012764, Pos=0.012652, Vel=0.00005626]Epoch 3/200 [TRAIN]:   8%|▊         | 324/4032 [00:32<06:42,  9.22it/s, Loss=0.012748, Pos=0.012635, Vel=0.00005615]Epoch 3/200 [TRAIN]:   8%|▊         | 326/4032 [00:32<06:20,  9.75it/s, Loss=0.012748, Pos=0.012635, Vel=0.00005615]Epoch 3/200 [TRAIN]:   8%|▊         | 326/4032 [00:32<06:20,  9.75it/s, Loss=0.012775, Pos=0.012663, Vel=0.00005607]Epoch 3/200 [TRAIN]:   8%|▊         | 326/4032 [00:32<06:20,  9.75it/s, Loss=0.012792, Pos=0.012679, Vel=0.00005608]Epoch 3/200 [TRAIN]:   8%|▊         | 328/4032 [00:32<06:12,  9.94it/s, Loss=0.012792, Pos=0.012679, Vel=0.00005608]Epoch 3/200 [TRAIN]:   8%|▊         | 328/4032 [00:32<06:12,  9.94it/s, Loss=0.012764, Pos=0.012651, Vel=0.00005609]Epoch 3/200 [TRAIN]:   8%|▊         | 329/4032 [00:32<06:24,  9.64it/s, Loss=0.012764, Pos=0.012651, Vel=0.00005609]Epoch 3/200 [TRAIN]:   8%|▊         | 329/4032 [00:32<06:24,  9.64it/s, Loss=0.012779, Pos=0.012667, Vel=0.00005614]Epoch 3/200 [TRAIN]:   8%|▊         | 329/4032 [00:32<06:24,  9.64it/s, Loss=0.012766, Pos=0.012654, Vel=0.00005602]Epoch 3/200 [TRAIN]:   8%|▊         | 331/4032 [00:32<06:22,  9.68it/s, Loss=0.012766, Pos=0.012654, Vel=0.00005602]Epoch 3/200 [TRAIN]:   8%|▊         | 331/4032 [00:33<06:22,  9.68it/s, Loss=0.012731, Pos=0.012619, Vel=0.00005596]Epoch 3/200 [TRAIN]:   8%|▊         | 332/4032 [00:33<06:32,  9.42it/s, Loss=0.012731, Pos=0.012619, Vel=0.00005596]Epoch 3/200 [TRAIN]:   8%|▊         | 332/4032 [00:33<06:32,  9.42it/s, Loss=0.012740, Pos=0.012628, Vel=0.00005594]Epoch 3/200 [TRAIN]:   8%|▊         | 332/4032 [00:33<06:32,  9.42it/s, Loss=0.012706, Pos=0.012595, Vel=0.00005580]Epoch 3/200 [TRAIN]:   8%|▊         | 334/4032 [00:33<05:39, 10.90it/s, Loss=0.012706, Pos=0.012595, Vel=0.00005580]Epoch 3/200 [TRAIN]:   8%|▊         | 334/4032 [00:33<05:39, 10.90it/s, Loss=0.012682, Pos=0.012571, Vel=0.00005590]Epoch 3/200 [TRAIN]:   8%|▊         | 334/4032 [00:33<05:39, 10.90it/s, Loss=0.012647, Pos=0.012535, Vel=0.00005578]Epoch 3/200 [TRAIN]:   8%|▊         | 336/4032 [00:33<05:52, 10.49it/s, Loss=0.012647, Pos=0.012535, Vel=0.00005578]Epoch 3/200 [TRAIN]:   8%|▊         | 336/4032 [00:33<05:52, 10.49it/s, Loss=0.012662, Pos=0.012551, Vel=0.00005567]Epoch 3/200 [TRAIN]:   8%|▊         | 336/4032 [00:33<05:52, 10.49it/s, Loss=0.012653, Pos=0.012542, Vel=0.00005577]Epoch 3/200 [TRAIN]:   8%|▊         | 338/4032 [00:33<05:25, 11.33it/s, Loss=0.012653, Pos=0.012542, Vel=0.00005577]Epoch 3/200 [TRAIN]:   8%|▊         | 338/4032 [00:33<05:25, 11.33it/s, Loss=0.012643, Pos=0.012532, Vel=0.00005576]Epoch 3/200 [TRAIN]:   8%|▊         | 338/4032 [00:33<05:25, 11.33it/s, Loss=0.012629, Pos=0.012517, Vel=0.00005600]Epoch 3/200 [TRAIN]:   8%|▊         | 340/4032 [00:33<05:43, 10.74it/s, Loss=0.012629, Pos=0.012517, Vel=0.00005600]Epoch 3/200 [TRAIN]:   8%|▊         | 340/4032 [00:33<05:43, 10.74it/s, Loss=0.012617, Pos=0.012505, Vel=0.00005603]Epoch 3/200 [TRAIN]:   8%|▊         | 340/4032 [00:33<05:43, 10.74it/s, Loss=0.012588, Pos=0.012476, Vel=0.00005595]Epoch 3/200 [TRAIN]:   8%|▊         | 342/4032 [00:33<05:39, 10.87it/s, Loss=0.012588, Pos=0.012476, Vel=0.00005595]Epoch 3/200 [TRAIN]:   8%|▊         | 342/4032 [00:33<05:39, 10.87it/s, Loss=0.012571, Pos=0.012460, Vel=0.00005581]Epoch 3/200 [TRAIN]:   8%|▊         | 342/4032 [00:34<05:39, 10.87it/s, Loss=0.012552, Pos=0.012441, Vel=0.00005570]Epoch 3/200 [TRAIN]:   9%|▊         | 344/4032 [00:34<05:44, 10.70it/s, Loss=0.012552, Pos=0.012441, Vel=0.00005570]Epoch 3/200 [TRAIN]:   9%|▊         | 344/4032 [00:34<05:44, 10.70it/s, Loss=0.012607, Pos=0.012495, Vel=0.00005594]Epoch 3/200 [TRAIN]:   9%|▊         | 344/4032 [00:34<05:44, 10.70it/s, Loss=0.012660, Pos=0.012547, Vel=0.00005635]Epoch 3/200 [TRAIN]:   9%|▊         | 346/4032 [00:34<05:25, 11.31it/s, Loss=0.012660, Pos=0.012547, Vel=0.00005635]Epoch 3/200 [TRAIN]:   9%|▊         | 346/4032 [00:34<05:25, 11.31it/s, Loss=0.012639, Pos=0.012526, Vel=0.00005642]Epoch 3/200 [TRAIN]:   9%|▊         | 346/4032 [00:34<05:25, 11.31it/s, Loss=0.012631, Pos=0.012519, Vel=0.00005637]Epoch 3/200 [TRAIN]:   9%|▊         | 348/4032 [00:34<05:50, 10.51it/s, Loss=0.012631, Pos=0.012519, Vel=0.00005637]Epoch 3/200 [TRAIN]:   9%|▊         | 348/4032 [00:34<05:50, 10.51it/s, Loss=0.012607, Pos=0.012494, Vel=0.00005631]Epoch 3/200 [TRAIN]:   9%|▊         | 348/4032 [00:34<05:50, 10.51it/s, Loss=0.012573, Pos=0.012461, Vel=0.00005618]Epoch 3/200 [TRAIN]:   9%|▊         | 350/4032 [00:34<05:54, 10.39it/s, Loss=0.012573, Pos=0.012461, Vel=0.00005618]Epoch 3/200 [TRAIN]:   9%|▊         | 350/4032 [00:34<05:54, 10.39it/s, Loss=0.012545, Pos=0.012432, Vel=0.00005608]Epoch 3/200 [TRAIN]:   9%|▊         | 350/4032 [00:34<05:54, 10.39it/s, Loss=0.012537, Pos=0.012425, Vel=0.00005618]Epoch 3/200 [TRAIN]:   9%|▊         | 352/4032 [00:34<06:08, 10.00it/s, Loss=0.012537, Pos=0.012425, Vel=0.00005618]Epoch 3/200 [TRAIN]:   9%|▊         | 352/4032 [00:34<06:08, 10.00it/s, Loss=0.012526, Pos=0.012414, Vel=0.00005610]Epoch 3/200 [TRAIN]:   9%|▊         | 352/4032 [00:35<06:08, 10.00it/s, Loss=0.012525, Pos=0.012413, Vel=0.00005601]Epoch 3/200 [TRAIN]:   9%|▉         | 354/4032 [00:35<06:14,  9.83it/s, Loss=0.012525, Pos=0.012413, Vel=0.00005601]Epoch 3/200 [TRAIN]:   9%|▉         | 354/4032 [00:35<06:14,  9.83it/s, Loss=0.012507, Pos=0.012395, Vel=0.00005590]Epoch 3/200 [TRAIN]:   9%|▉         | 355/4032 [00:35<06:25,  9.54it/s, Loss=0.012507, Pos=0.012395, Vel=0.00005590]Epoch 3/200 [TRAIN]:   9%|▉         | 355/4032 [00:35<06:25,  9.54it/s, Loss=0.012492, Pos=0.012380, Vel=0.00005581]Epoch 3/200 [TRAIN]:   9%|▉         | 356/4032 [00:35<06:23,  9.58it/s, Loss=0.012492, Pos=0.012380, Vel=0.00005581]Epoch 3/200 [TRAIN]:   9%|▉         | 356/4032 [00:35<06:23,  9.58it/s, Loss=0.012476, Pos=0.012365, Vel=0.00005587]Epoch 3/200 [TRAIN]:   9%|▉         | 356/4032 [00:35<06:23,  9.58it/s, Loss=0.012444, Pos=0.012333, Vel=0.00005574]Epoch 3/200 [TRAIN]:   9%|▉         | 358/4032 [00:35<05:43, 10.70it/s, Loss=0.012444, Pos=0.012333, Vel=0.00005574]Epoch 3/200 [TRAIN]:   9%|▉         | 358/4032 [00:35<05:43, 10.70it/s, Loss=0.012468, Pos=0.012356, Vel=0.00005590]Epoch 3/200 [TRAIN]:   9%|▉         | 358/4032 [00:35<05:43, 10.70it/s, Loss=0.012480, Pos=0.012368, Vel=0.00005594]Epoch 3/200 [TRAIN]:   9%|▉         | 360/4032 [00:35<05:16, 11.62it/s, Loss=0.012480, Pos=0.012368, Vel=0.00005594]Epoch 3/200 [TRAIN]:   9%|▉         | 360/4032 [00:35<05:16, 11.62it/s, Loss=0.012510, Pos=0.012397, Vel=0.00005632]Epoch 3/200 [TRAIN]:   9%|▉         | 360/4032 [00:35<05:16, 11.62it/s, Loss=0.012490, Pos=0.012377, Vel=0.00005627]Epoch 3/200 [TRAIN]:   9%|▉         | 362/4032 [00:35<05:52, 10.42it/s, Loss=0.012490, Pos=0.012377, Vel=0.00005627]Epoch 3/200 [TRAIN]:   9%|▉         | 362/4032 [00:35<05:52, 10.42it/s, Loss=0.012480, Pos=0.012368, Vel=0.00005635]Epoch 3/200 [TRAIN]:   9%|▉         | 362/4032 [00:36<05:52, 10.42it/s, Loss=0.012454, Pos=0.012341, Vel=0.00005623]Epoch 3/200 [TRAIN]:   9%|▉         | 364/4032 [00:36<06:08,  9.95it/s, Loss=0.012454, Pos=0.012341, Vel=0.00005623]Epoch 3/200 [TRAIN]:   9%|▉         | 364/4032 [00:36<06:08,  9.95it/s, Loss=0.012470, Pos=0.012357, Vel=0.00005649]Epoch 3/200 [TRAIN]:   9%|▉         | 364/4032 [00:36<06:08,  9.95it/s, Loss=0.012447, Pos=0.012334, Vel=0.00005642]Epoch 3/200 [TRAIN]:   9%|▉         | 366/4032 [00:36<06:13,  9.82it/s, Loss=0.012447, Pos=0.012334, Vel=0.00005642]Epoch 3/200 [TRAIN]:   9%|▉         | 366/4032 [00:36<06:13,  9.82it/s, Loss=0.012422, Pos=0.012309, Vel=0.00005636]Epoch 3/200 [TRAIN]:   9%|▉         | 366/4032 [00:36<06:13,  9.82it/s, Loss=0.012612, Pos=0.012499, Vel=0.00005654]Epoch 3/200 [TRAIN]:   9%|▉         | 368/4032 [00:36<06:19,  9.66it/s, Loss=0.012612, Pos=0.012499, Vel=0.00005654]Epoch 3/200 [TRAIN]:   9%|▉         | 368/4032 [00:36<06:19,  9.66it/s, Loss=0.012619, Pos=0.012506, Vel=0.00005651]Epoch 3/200 [TRAIN]:   9%|▉         | 369/4032 [00:36<06:18,  9.69it/s, Loss=0.012619, Pos=0.012506, Vel=0.00005651]Epoch 3/200 [TRAIN]:   9%|▉         | 369/4032 [00:36<06:18,  9.69it/s, Loss=0.012601, Pos=0.012488, Vel=0.00005654]Epoch 3/200 [TRAIN]:   9%|▉         | 369/4032 [00:36<06:18,  9.69it/s, Loss=0.012602, Pos=0.012489, Vel=0.00005649]Epoch 3/200 [TRAIN]:   9%|▉         | 371/4032 [00:36<06:02, 10.10it/s, Loss=0.012602, Pos=0.012489, Vel=0.00005649]Epoch 3/200 [TRAIN]:   9%|▉         | 371/4032 [00:36<06:02, 10.10it/s, Loss=0.012581, Pos=0.012468, Vel=0.00005647]Epoch 3/200 [TRAIN]:   9%|▉         | 371/4032 [00:36<06:02, 10.10it/s, Loss=0.012579, Pos=0.012466, Vel=0.00005654]Epoch 3/200 [TRAIN]:   9%|▉         | 373/4032 [00:36<06:08,  9.93it/s, Loss=0.012579, Pos=0.012466, Vel=0.00005654]Epoch 3/200 [TRAIN]:   9%|▉         | 373/4032 [00:37<06:08,  9.93it/s, Loss=0.012571, Pos=0.012458, Vel=0.00005657]Epoch 3/200 [TRAIN]:   9%|▉         | 373/4032 [00:37<06:08,  9.93it/s, Loss=0.012552, Pos=0.012439, Vel=0.00005649]Epoch 3/200 [TRAIN]:   9%|▉         | 375/4032 [00:37<06:14,  9.76it/s, Loss=0.012552, Pos=0.012439, Vel=0.00005649]Epoch 3/200 [TRAIN]:   9%|▉         | 375/4032 [00:37<06:14,  9.76it/s, Loss=0.012548, Pos=0.012435, Vel=0.00005641]Epoch 3/200 [TRAIN]:   9%|▉         | 376/4032 [00:37<06:19,  9.64it/s, Loss=0.012548, Pos=0.012435, Vel=0.00005641]Epoch 3/200 [TRAIN]:   9%|▉         | 376/4032 [00:37<06:19,  9.64it/s, Loss=0.012622, Pos=0.012509, Vel=0.00005638]Epoch 3/200 [TRAIN]:   9%|▉         | 377/4032 [00:37<06:19,  9.64it/s, Loss=0.012622, Pos=0.012509, Vel=0.00005638]Epoch 3/200 [TRAIN]:   9%|▉         | 377/4032 [00:37<06:19,  9.64it/s, Loss=0.012624, Pos=0.012512, Vel=0.00005645]Epoch 3/200 [TRAIN]:   9%|▉         | 378/4032 [00:37<06:29,  9.38it/s, Loss=0.012624, Pos=0.012512, Vel=0.00005645]Epoch 3/200 [TRAIN]:   9%|▉         | 378/4032 [00:37<06:29,  9.38it/s, Loss=0.012619, Pos=0.012506, Vel=0.00005652]Epoch 3/200 [TRAIN]:   9%|▉         | 378/4032 [00:37<06:29,  9.38it/s, Loss=0.012604, Pos=0.012491, Vel=0.00005652]Epoch 3/200 [TRAIN]:   9%|▉         | 380/4032 [00:37<06:25,  9.47it/s, Loss=0.012604, Pos=0.012491, Vel=0.00005652]Epoch 3/200 [TRAIN]:   9%|▉         | 380/4032 [00:37<06:25,  9.47it/s, Loss=0.012614, Pos=0.012501, Vel=0.00005660]Epoch 3/200 [TRAIN]:   9%|▉         | 380/4032 [00:37<06:25,  9.47it/s, Loss=0.012606, Pos=0.012493, Vel=0.00005654]Epoch 3/200 [TRAIN]:   9%|▉         | 382/4032 [00:37<06:32,  9.30it/s, Loss=0.012606, Pos=0.012493, Vel=0.00005654]Epoch 3/200 [TRAIN]:   9%|▉         | 382/4032 [00:38<06:32,  9.30it/s, Loss=0.012611, Pos=0.012498, Vel=0.00005646]Epoch 3/200 [TRAIN]:   9%|▉         | 383/4032 [00:38<06:26,  9.44it/s, Loss=0.012611, Pos=0.012498, Vel=0.00005646]Epoch 3/200 [TRAIN]:   9%|▉         | 383/4032 [00:38<06:26,  9.44it/s, Loss=0.012608, Pos=0.012495, Vel=0.00005638]Epoch 3/200 [TRAIN]:  10%|▉         | 384/4032 [00:38<06:37,  9.17it/s, Loss=0.012608, Pos=0.012495, Vel=0.00005638]Epoch 3/200 [TRAIN]:  10%|▉         | 384/4032 [00:38<06:37,  9.17it/s, Loss=0.012586, Pos=0.012473, Vel=0.00005647]Epoch 3/200 [TRAIN]:  10%|▉         | 385/4032 [00:38<06:31,  9.32it/s, Loss=0.012586, Pos=0.012473, Vel=0.00005647]Epoch 3/200 [TRAIN]:  10%|▉         | 385/4032 [00:38<06:31,  9.32it/s, Loss=0.012569, Pos=0.012456, Vel=0.00005644]Epoch 3/200 [TRAIN]:  10%|▉         | 385/4032 [00:38<06:31,  9.32it/s, Loss=0.012549, Pos=0.012436, Vel=0.00005636]Epoch 3/200 [TRAIN]:  10%|▉         | 387/4032 [00:38<05:40, 10.71it/s, Loss=0.012549, Pos=0.012436, Vel=0.00005636]Epoch 3/200 [TRAIN]:  10%|▉         | 387/4032 [00:38<05:40, 10.71it/s, Loss=0.012534, Pos=0.012421, Vel=0.00005626]Epoch 3/200 [TRAIN]:  10%|▉         | 387/4032 [00:38<05:40, 10.71it/s, Loss=0.012528, Pos=0.012415, Vel=0.00005626]Epoch 3/200 [TRAIN]:  10%|▉         | 389/4032 [00:38<05:48, 10.44it/s, Loss=0.012528, Pos=0.012415, Vel=0.00005626]Epoch 3/200 [TRAIN]:  10%|▉         | 389/4032 [00:38<05:48, 10.44it/s, Loss=0.012505, Pos=0.012393, Vel=0.00005626]Epoch 3/200 [TRAIN]:  10%|▉         | 389/4032 [00:38<05:48, 10.44it/s, Loss=0.012508, Pos=0.012395, Vel=0.00005624]Epoch 3/200 [TRAIN]:  10%|▉         | 391/4032 [00:38<06:05,  9.96it/s, Loss=0.012508, Pos=0.012395, Vel=0.00005624]Epoch 3/200 [TRAIN]:  10%|▉         | 391/4032 [00:38<06:05,  9.96it/s, Loss=0.012505, Pos=0.012393, Vel=0.00005615]Epoch 3/200 [TRAIN]:  10%|▉         | 391/4032 [00:39<06:05,  9.96it/s, Loss=0.012484, Pos=0.012372, Vel=0.00005613]Epoch 3/200 [TRAIN]:  10%|▉         | 393/4032 [00:39<06:16,  9.65it/s, Loss=0.012484, Pos=0.012372, Vel=0.00005613]Epoch 3/200 [TRAIN]:  10%|▉         | 393/4032 [00:39<06:16,  9.65it/s, Loss=0.012504, Pos=0.012392, Vel=0.00005606]Epoch 3/200 [TRAIN]:  10%|▉         | 393/4032 [00:39<06:16,  9.65it/s, Loss=0.012488, Pos=0.012376, Vel=0.00005601]Epoch 3/200 [TRAIN]:  10%|▉         | 395/4032 [00:39<05:38, 10.75it/s, Loss=0.012488, Pos=0.012376, Vel=0.00005601]Epoch 3/200 [TRAIN]:  10%|▉         | 395/4032 [00:39<05:38, 10.75it/s, Loss=0.012490, Pos=0.012378, Vel=0.00005623]Epoch 3/200 [TRAIN]:  10%|▉         | 395/4032 [00:39<05:38, 10.75it/s, Loss=0.012467, Pos=0.012355, Vel=0.00005613]Epoch 3/200 [TRAIN]:  10%|▉         | 397/4032 [00:39<05:49, 10.39it/s, Loss=0.012467, Pos=0.012355, Vel=0.00005613]Epoch 3/200 [TRAIN]:  10%|▉         | 397/4032 [00:39<05:49, 10.39it/s, Loss=0.012469, Pos=0.012357, Vel=0.00005605]Epoch 3/200 [TRAIN]:  10%|▉         | 397/4032 [00:39<05:49, 10.39it/s, Loss=0.012458, Pos=0.012346, Vel=0.00005604]Epoch 3/200 [TRAIN]:  10%|▉         | 399/4032 [00:39<06:02, 10.01it/s, Loss=0.012458, Pos=0.012346, Vel=0.00005604]Epoch 3/200 [TRAIN]:  10%|▉         | 399/4032 [00:39<06:02, 10.01it/s, Loss=0.012433, Pos=0.012321, Vel=0.00005599]Epoch 3/200 [TRAIN]:  10%|▉         | 399/4032 [00:39<06:02, 10.01it/s, Loss=0.012460, Pos=0.012348, Vel=0.00005609]Epoch 3/200 [TRAIN]:  10%|▉         | 401/4032 [00:39<05:57, 10.15it/s, Loss=0.012460, Pos=0.012348, Vel=0.00005609]Epoch 3/200 [TRAIN]:  10%|▉         | 401/4032 [00:39<05:57, 10.15it/s, Loss=0.012459, Pos=0.012347, Vel=0.00005602]Epoch 3/200 [TRAIN]:  10%|▉         | 401/4032 [00:39<05:57, 10.15it/s, Loss=0.012469, Pos=0.012357, Vel=0.00005604]Epoch 3/200 [TRAIN]:  10%|▉         | 403/4032 [00:39<05:37, 10.75it/s, Loss=0.012469, Pos=0.012357, Vel=0.00005604]Epoch 3/200 [TRAIN]:  10%|▉         | 403/4032 [00:40<05:37, 10.75it/s, Loss=0.012470, Pos=0.012358, Vel=0.00005601]Epoch 3/200 [TRAIN]:  10%|▉         | 403/4032 [00:40<05:37, 10.75it/s, Loss=0.012472, Pos=0.012360, Vel=0.00005594]Epoch 3/200 [TRAIN]:  10%|█         | 405/4032 [00:40<05:38, 10.72it/s, Loss=0.012472, Pos=0.012360, Vel=0.00005594]Epoch 3/200 [TRAIN]:  10%|█         | 405/4032 [00:40<05:38, 10.72it/s, Loss=0.012452, Pos=0.012340, Vel=0.00005601]Epoch 3/200 [TRAIN]:  10%|█         | 405/4032 [00:40<05:38, 10.72it/s, Loss=0.012431, Pos=0.012319, Vel=0.00005591]Epoch 3/200 [TRAIN]:  10%|█         | 407/4032 [00:40<05:53, 10.25it/s, Loss=0.012431, Pos=0.012319, Vel=0.00005591]Epoch 3/200 [TRAIN]:  10%|█         | 407/4032 [00:40<05:53, 10.25it/s, Loss=0.012414, Pos=0.012302, Vel=0.00005592]Epoch 3/200 [TRAIN]:  10%|█         | 407/4032 [00:40<05:53, 10.25it/s, Loss=0.012426, Pos=0.012314, Vel=0.00005591]Epoch 3/200 [TRAIN]:  10%|█         | 409/4032 [00:40<06:04,  9.94it/s, Loss=0.012426, Pos=0.012314, Vel=0.00005591]Epoch 3/200 [TRAIN]:  10%|█         | 409/4032 [00:40<06:04,  9.94it/s, Loss=0.012422, Pos=0.012310, Vel=0.00005582]Epoch 3/200 [TRAIN]:  10%|█         | 409/4032 [00:40<06:04,  9.94it/s, Loss=0.012464, Pos=0.012353, Vel=0.00005575]Epoch 3/200 [TRAIN]:  10%|█         | 411/4032 [00:40<05:26, 11.11it/s, Loss=0.012464, Pos=0.012353, Vel=0.00005575]Epoch 3/200 [TRAIN]:  10%|█         | 411/4032 [00:40<05:26, 11.11it/s, Loss=0.012454, Pos=0.012342, Vel=0.00005572]Epoch 3/200 [TRAIN]:  10%|█         | 411/4032 [00:40<05:26, 11.11it/s, Loss=0.012443, Pos=0.012331, Vel=0.00005567]Epoch 3/200 [TRAIN]:  10%|█         | 413/4032 [00:40<05:41, 10.61it/s, Loss=0.012443, Pos=0.012331, Vel=0.00005567]Epoch 3/200 [TRAIN]:  10%|█         | 413/4032 [00:41<05:41, 10.61it/s, Loss=0.012448, Pos=0.012337, Vel=0.00005561]Epoch 3/200 [TRAIN]:  10%|█         | 413/4032 [00:41<05:41, 10.61it/s, Loss=0.012456, Pos=0.012344, Vel=0.00005566]Epoch 3/200 [TRAIN]:  10%|█         | 415/4032 [00:41<05:44, 10.51it/s, Loss=0.012456, Pos=0.012344, Vel=0.00005566]Epoch 3/200 [TRAIN]:  10%|█         | 415/4032 [00:41<05:44, 10.51it/s, Loss=0.012438, Pos=0.012327, Vel=0.00005562]Epoch 3/200 [TRAIN]:  10%|█         | 415/4032 [00:41<05:44, 10.51it/s, Loss=0.012457, Pos=0.012346, Vel=0.00005561]Epoch 3/200 [TRAIN]:  10%|█         | 417/4032 [00:41<05:55, 10.18it/s, Loss=0.012457, Pos=0.012346, Vel=0.00005561]Epoch 3/200 [TRAIN]:  10%|█         | 417/4032 [00:41<05:55, 10.18it/s, Loss=0.012441, Pos=0.012330, Vel=0.00005554]Epoch 3/200 [TRAIN]:  10%|█         | 417/4032 [00:41<05:55, 10.18it/s, Loss=0.012455, Pos=0.012344, Vel=0.00005579]Epoch 3/200 [TRAIN]:  10%|█         | 419/4032 [00:41<06:05,  9.89it/s, Loss=0.012455, Pos=0.012344, Vel=0.00005579]Epoch 3/200 [TRAIN]:  10%|█         | 419/4032 [00:41<06:05,  9.89it/s, Loss=0.012429, Pos=0.012317, Vel=0.00005572]Epoch 3/200 [TRAIN]:  10%|█         | 419/4032 [00:41<06:05,  9.89it/s, Loss=0.012421, Pos=0.012310, Vel=0.00005574]Epoch 3/200 [TRAIN]:  10%|█         | 421/4032 [00:41<06:09,  9.77it/s, Loss=0.012421, Pos=0.012310, Vel=0.00005574]Epoch 3/200 [TRAIN]:  10%|█         | 421/4032 [00:41<06:09,  9.77it/s, Loss=0.012449, Pos=0.012337, Vel=0.00005574]Epoch 3/200 [TRAIN]:  10%|█         | 421/4032 [00:41<06:09,  9.77it/s, Loss=0.012442, Pos=0.012330, Vel=0.00005611]Epoch 3/200 [TRAIN]:  10%|█         | 423/4032 [00:41<05:44, 10.48it/s, Loss=0.012442, Pos=0.012330, Vel=0.00005611]Epoch 3/200 [TRAIN]:  10%|█         | 423/4032 [00:42<05:44, 10.48it/s, Loss=0.012421, Pos=0.012309, Vel=0.00005609]Epoch 3/200 [TRAIN]:  10%|█         | 423/4032 [00:42<05:44, 10.48it/s, Loss=0.012401, Pos=0.012289, Vel=0.00005599]Epoch 3/200 [TRAIN]:  11%|█         | 425/4032 [00:42<05:59, 10.02it/s, Loss=0.012401, Pos=0.012289, Vel=0.00005599]Epoch 3/200 [TRAIN]:  11%|█         | 425/4032 [00:42<05:59, 10.02it/s, Loss=0.012407, Pos=0.012295, Vel=0.00005613]Epoch 3/200 [TRAIN]:  11%|█         | 425/4032 [00:42<05:59, 10.02it/s, Loss=0.012390, Pos=0.012278, Vel=0.00005612]Epoch 3/200 [TRAIN]:  11%|█         | 427/4032 [00:42<06:06,  9.85it/s, Loss=0.012390, Pos=0.012278, Vel=0.00005612]Epoch 3/200 [TRAIN]:  11%|█         | 427/4032 [00:42<06:06,  9.85it/s, Loss=0.012391, Pos=0.012279, Vel=0.00005617]Epoch 3/200 [TRAIN]:  11%|█         | 427/4032 [00:42<06:06,  9.85it/s, Loss=0.012410, Pos=0.012298, Vel=0.00005622]Epoch 3/200 [TRAIN]:  11%|█         | 429/4032 [00:42<06:14,  9.63it/s, Loss=0.012410, Pos=0.012298, Vel=0.00005622]Epoch 3/200 [TRAIN]:  11%|█         | 429/4032 [00:42<06:14,  9.63it/s, Loss=0.012391, Pos=0.012278, Vel=0.00005612]Epoch 3/200 [TRAIN]:  11%|█         | 430/4032 [00:42<06:12,  9.68it/s, Loss=0.012391, Pos=0.012278, Vel=0.00005612]Epoch 3/200 [TRAIN]:  11%|█         | 430/4032 [00:42<06:12,  9.68it/s, Loss=0.012379, Pos=0.012267, Vel=0.00005610]Epoch 3/200 [TRAIN]:  11%|█         | 431/4032 [00:42<06:23,  9.40it/s, Loss=0.012379, Pos=0.012267, Vel=0.00005610]Epoch 3/200 [TRAIN]:  11%|█         | 431/4032 [00:42<06:23,  9.40it/s, Loss=0.012368, Pos=0.012256, Vel=0.00005609]Epoch 3/200 [TRAIN]:  11%|█         | 431/4032 [00:42<06:23,  9.40it/s, Loss=0.012351, Pos=0.012239, Vel=0.00005600]Epoch 3/200 [TRAIN]:  11%|█         | 433/4032 [00:42<06:24,  9.36it/s, Loss=0.012351, Pos=0.012239, Vel=0.00005600]Epoch 3/200 [TRAIN]:  11%|█         | 433/4032 [00:43<06:24,  9.36it/s, Loss=0.012517, Pos=0.012405, Vel=0.00005606]Epoch 3/200 [TRAIN]:  11%|█         | 433/4032 [00:43<06:24,  9.36it/s, Loss=0.012578, Pos=0.012466, Vel=0.00005618]Epoch 3/200 [TRAIN]:  11%|█         | 435/4032 [00:43<05:57, 10.07it/s, Loss=0.012578, Pos=0.012466, Vel=0.00005618]Epoch 3/200 [TRAIN]:  11%|█         | 435/4032 [00:43<05:57, 10.07it/s, Loss=0.012724, Pos=0.012612, Vel=0.00005613]Epoch 3/200 [TRAIN]:  11%|█         | 435/4032 [00:43<05:57, 10.07it/s, Loss=0.012723, Pos=0.012611, Vel=0.00005610]Epoch 3/200 [TRAIN]:  11%|█         | 437/4032 [00:43<05:33, 10.79it/s, Loss=0.012723, Pos=0.012611, Vel=0.00005610]Epoch 3/200 [TRAIN]:  11%|█         | 437/4032 [00:43<05:33, 10.79it/s, Loss=0.012780, Pos=0.012668, Vel=0.00005610]Epoch 3/200 [TRAIN]:  11%|█         | 437/4032 [00:43<05:33, 10.79it/s, Loss=0.012780, Pos=0.012668, Vel=0.00005610]Epoch 3/200 [TRAIN]:  11%|█         | 439/4032 [00:43<05:14, 11.41it/s, Loss=0.012780, Pos=0.012668, Vel=0.00005610]Epoch 3/200 [TRAIN]:  11%|█         | 439/4032 [00:43<05:14, 11.41it/s, Loss=0.012754, Pos=0.012642, Vel=0.00005605]Epoch 3/200 [TRAIN]:  11%|█         | 439/4032 [00:43<05:14, 11.41it/s, Loss=0.012742, Pos=0.012630, Vel=0.00005602]Epoch 3/200 [TRAIN]:  11%|█         | 441/4032 [00:43<05:26, 11.00it/s, Loss=0.012742, Pos=0.012630, Vel=0.00005602]Epoch 3/200 [TRAIN]:  11%|█         | 441/4032 [00:43<05:26, 11.00it/s, Loss=0.012769, Pos=0.012657, Vel=0.00005592]Epoch 3/200 [TRAIN]:  11%|█         | 441/4032 [00:43<05:26, 11.00it/s, Loss=0.012787, Pos=0.012675, Vel=0.00005607]Epoch 3/200 [TRAIN]:  11%|█         | 443/4032 [00:43<05:41, 10.52it/s, Loss=0.012787, Pos=0.012675, Vel=0.00005607]Epoch 3/200 [TRAIN]:  11%|█         | 443/4032 [00:43<05:41, 10.52it/s, Loss=0.012771, Pos=0.012659, Vel=0.00005599]Epoch 3/200 [TRAIN]:  11%|█         | 443/4032 [00:44<05:41, 10.52it/s, Loss=0.012759, Pos=0.012647, Vel=0.00005592]Epoch 3/200 [TRAIN]:  11%|█         | 445/4032 [00:44<05:58, 10.01it/s, Loss=0.012759, Pos=0.012647, Vel=0.00005592]Epoch 3/200 [TRAIN]:  11%|█         | 445/4032 [00:44<05:58, 10.01it/s, Loss=0.012739, Pos=0.012627, Vel=0.00005612]Epoch 3/200 [TRAIN]:  11%|█         | 445/4032 [00:44<05:58, 10.01it/s, Loss=0.012719, Pos=0.012607, Vel=0.00005602]Epoch 3/200 [TRAIN]:  11%|█         | 447/4032 [00:44<05:16, 11.33it/s, Loss=0.012719, Pos=0.012607, Vel=0.00005602]Epoch 3/200 [TRAIN]:  11%|█         | 447/4032 [00:44<05:16, 11.33it/s, Loss=0.012712, Pos=0.012600, Vel=0.00005606]Epoch 3/200 [TRAIN]:  11%|█         | 447/4032 [00:44<05:16, 11.33it/s, Loss=0.012698, Pos=0.012586, Vel=0.00005601]Epoch 3/200 [TRAIN]:  11%|█         | 449/4032 [00:44<05:42, 10.46it/s, Loss=0.012698, Pos=0.012586, Vel=0.00005601]Epoch 3/200 [TRAIN]:  11%|█         | 449/4032 [00:44<05:42, 10.46it/s, Loss=0.012696, Pos=0.012584, Vel=0.00005607]Epoch 3/200 [TRAIN]:  11%|█         | 449/4032 [00:44<05:42, 10.46it/s, Loss=0.012741, Pos=0.012628, Vel=0.00005623]Epoch 3/200 [TRAIN]:  11%|█         | 451/4032 [00:44<05:14, 11.40it/s, Loss=0.012741, Pos=0.012628, Vel=0.00005623]Epoch 3/200 [TRAIN]:  11%|█         | 451/4032 [00:44<05:14, 11.40it/s, Loss=0.012724, Pos=0.012611, Vel=0.00005615]Epoch 3/200 [TRAIN]:  11%|█         | 451/4032 [00:44<05:14, 11.40it/s, Loss=0.012717, Pos=0.012605, Vel=0.00005616]Epoch 3/200 [TRAIN]:  11%|█         | 453/4032 [00:44<05:33, 10.75it/s, Loss=0.012717, Pos=0.012605, Vel=0.00005616]Epoch 3/200 [TRAIN]:  11%|█         | 453/4032 [00:44<05:33, 10.75it/s, Loss=0.012703, Pos=0.012591, Vel=0.00005618]Epoch 3/200 [TRAIN]:  11%|█         | 453/4032 [00:44<05:33, 10.75it/s, Loss=0.012678, Pos=0.012566, Vel=0.00005607]Epoch 3/200 [TRAIN]:  11%|█▏        | 455/4032 [00:44<05:08, 11.61it/s, Loss=0.012678, Pos=0.012566, Vel=0.00005607]Epoch 3/200 [TRAIN]:  11%|█▏        | 455/4032 [00:45<05:08, 11.61it/s, Loss=0.012672, Pos=0.012560, Vel=0.00005601]Epoch 3/200 [TRAIN]:  11%|█▏        | 455/4032 [00:45<05:08, 11.61it/s, Loss=0.012651, Pos=0.012539, Vel=0.00005594]Epoch 3/200 [TRAIN]:  11%|█▏        | 457/4032 [00:45<05:20, 11.15it/s, Loss=0.012651, Pos=0.012539, Vel=0.00005594]Epoch 3/200 [TRAIN]:  11%|█▏        | 457/4032 [00:45<05:20, 11.15it/s, Loss=0.012628, Pos=0.012516, Vel=0.00005587]Epoch 3/200 [TRAIN]:  11%|█▏        | 457/4032 [00:45<05:20, 11.15it/s, Loss=0.012661, Pos=0.012549, Vel=0.00005595]Epoch 3/200 [TRAIN]:  11%|█▏        | 459/4032 [00:45<05:04, 11.74it/s, Loss=0.012661, Pos=0.012549, Vel=0.00005595]Epoch 3/200 [TRAIN]:  11%|█▏        | 459/4032 [00:45<05:04, 11.74it/s, Loss=0.012659, Pos=0.012546, Vel=0.00005604]Epoch 3/200 [TRAIN]:  11%|█▏        | 459/4032 [00:45<05:04, 11.74it/s, Loss=0.012713, Pos=0.012600, Vel=0.00005622]Epoch 3/200 [TRAIN]:  11%|█▏        | 461/4032 [00:45<05:15, 11.32it/s, Loss=0.012713, Pos=0.012600, Vel=0.00005622]Epoch 3/200 [TRAIN]:  11%|█▏        | 461/4032 [00:45<05:15, 11.32it/s, Loss=0.012702, Pos=0.012588, Vel=0.00005675]Epoch 3/200 [TRAIN]:  11%|█▏        | 461/4032 [00:45<05:15, 11.32it/s, Loss=0.012694, Pos=0.012580, Vel=0.00005686]Epoch 3/200 [TRAIN]:  11%|█▏        | 463/4032 [00:45<05:21, 11.11it/s, Loss=0.012694, Pos=0.012580, Vel=0.00005686]Epoch 3/200 [TRAIN]:  11%|█▏        | 463/4032 [00:45<05:21, 11.11it/s, Loss=0.012692, Pos=0.012578, Vel=0.00005692]Epoch 3/200 [TRAIN]:  11%|█▏        | 463/4032 [00:45<05:21, 11.11it/s, Loss=0.012704, Pos=0.012590, Vel=0.00005700]Epoch 3/200 [TRAIN]:  12%|█▏        | 465/4032 [00:45<05:29, 10.83it/s, Loss=0.012704, Pos=0.012590, Vel=0.00005700]Epoch 3/200 [TRAIN]:  12%|█▏        | 465/4032 [00:45<05:29, 10.83it/s, Loss=0.012693, Pos=0.012579, Vel=0.00005702]Epoch 3/200 [TRAIN]:  12%|█▏        | 465/4032 [00:46<05:29, 10.83it/s, Loss=0.012700, Pos=0.012586, Vel=0.00005710]Epoch 3/200 [TRAIN]:  12%|█▏        | 467/4032 [00:46<05:35, 10.62it/s, Loss=0.012700, Pos=0.012586, Vel=0.00005710]Epoch 3/200 [TRAIN]:  12%|█▏        | 467/4032 [00:46<05:35, 10.62it/s, Loss=0.012686, Pos=0.012572, Vel=0.00005706]Epoch 3/200 [TRAIN]:  12%|█▏        | 467/4032 [00:46<05:35, 10.62it/s, Loss=0.012692, Pos=0.012578, Vel=0.00005722]Epoch 3/200 [TRAIN]:  12%|█▏        | 469/4032 [00:46<05:44, 10.36it/s, Loss=0.012692, Pos=0.012578, Vel=0.00005722]Epoch 3/200 [TRAIN]:  12%|█▏        | 469/4032 [00:46<05:44, 10.36it/s, Loss=0.012698, Pos=0.012584, Vel=0.00005721]Epoch 3/200 [TRAIN]:  12%|█▏        | 469/4032 [00:46<05:44, 10.36it/s, Loss=0.012684, Pos=0.012569, Vel=0.00005717]Epoch 3/200 [TRAIN]:  12%|█▏        | 471/4032 [00:46<05:45, 10.32it/s, Loss=0.012684, Pos=0.012569, Vel=0.00005717]Epoch 3/200 [TRAIN]:  12%|█▏        | 471/4032 [00:46<05:45, 10.32it/s, Loss=0.012670, Pos=0.012556, Vel=0.00005711]Epoch 3/200 [TRAIN]:  12%|█▏        | 471/4032 [00:46<05:45, 10.32it/s, Loss=0.012686, Pos=0.012572, Vel=0.00005704]Epoch 3/200 [TRAIN]:  12%|█▏        | 473/4032 [00:46<05:55, 10.01it/s, Loss=0.012686, Pos=0.012572, Vel=0.00005704]Epoch 3/200 [TRAIN]:  12%|█▏        | 473/4032 [00:46<05:55, 10.01it/s, Loss=0.012846, Pos=0.012732, Vel=0.00005705]Epoch 3/200 [TRAIN]:  12%|█▏        | 473/4032 [00:46<05:55, 10.01it/s, Loss=0.012829, Pos=0.012715, Vel=0.00005699]Epoch 3/200 [TRAIN]:  12%|█▏        | 475/4032 [00:46<06:03,  9.78it/s, Loss=0.012829, Pos=0.012715, Vel=0.00005699]Epoch 3/200 [TRAIN]:  12%|█▏        | 475/4032 [00:46<06:03,  9.78it/s, Loss=0.012863, Pos=0.012749, Vel=0.00005710]Epoch 3/200 [TRAIN]:  12%|█▏        | 475/4032 [00:47<06:03,  9.78it/s, Loss=0.012851, Pos=0.012737, Vel=0.00005716]Epoch 3/200 [TRAIN]:  12%|█▏        | 477/4032 [00:47<05:59,  9.89it/s, Loss=0.012851, Pos=0.012737, Vel=0.00005716]Epoch 3/200 [TRAIN]:  12%|█▏        | 477/4032 [00:47<05:59,  9.89it/s, Loss=0.012835, Pos=0.012720, Vel=0.00005722]Epoch 3/200 [TRAIN]:  12%|█▏        | 477/4032 [00:47<05:59,  9.89it/s, Loss=0.012822, Pos=0.012708, Vel=0.00005716]Epoch 3/200 [TRAIN]:  12%|█▏        | 479/4032 [00:47<05:55,  9.98it/s, Loss=0.012822, Pos=0.012708, Vel=0.00005716]Epoch 3/200 [TRAIN]:  12%|█▏        | 479/4032 [00:47<05:55,  9.98it/s, Loss=0.012807, Pos=0.012693, Vel=0.00005715]Epoch 3/200 [TRAIN]:  12%|█▏        | 479/4032 [00:47<05:55,  9.98it/s, Loss=0.012876, Pos=0.012762, Vel=0.00005728]Epoch 3/200 [TRAIN]:  12%|█▏        | 481/4032 [00:47<05:59,  9.88it/s, Loss=0.012876, Pos=0.012762, Vel=0.00005728]Epoch 3/200 [TRAIN]:  12%|█▏        | 481/4032 [00:47<05:59,  9.88it/s, Loss=0.012864, Pos=0.012749, Vel=0.00005726]Epoch 3/200 [TRAIN]:  12%|█▏        | 482/4032 [00:47<05:59,  9.88it/s, Loss=0.012864, Pos=0.012749, Vel=0.00005726]Epoch 3/200 [TRAIN]:  12%|█▏        | 482/4032 [00:47<05:59,  9.88it/s, Loss=0.012852, Pos=0.012738, Vel=0.00005722]Epoch 3/200 [TRAIN]:  12%|█▏        | 482/4032 [00:47<05:59,  9.88it/s, Loss=0.012849, Pos=0.012735, Vel=0.00005719]Epoch 3/200 [TRAIN]:  12%|█▏        | 484/4032 [00:47<05:18, 11.15it/s, Loss=0.012849, Pos=0.012735, Vel=0.00005719]Epoch 3/200 [TRAIN]:  12%|█▏        | 484/4032 [00:47<05:18, 11.15it/s, Loss=0.012833, Pos=0.012719, Vel=0.00005711]Epoch 3/200 [TRAIN]:  12%|█▏        | 484/4032 [00:47<05:18, 11.15it/s, Loss=0.012834, Pos=0.012719, Vel=0.00005725]Epoch 3/200 [TRAIN]:  12%|█▏        | 486/4032 [00:47<04:54, 12.02it/s, Loss=0.012834, Pos=0.012719, Vel=0.00005725]Epoch 3/200 [TRAIN]:  12%|█▏        | 486/4032 [00:47<04:54, 12.02it/s, Loss=0.012848, Pos=0.012733, Vel=0.00005743]Epoch 3/200 [TRAIN]:  12%|█▏        | 486/4032 [00:48<04:54, 12.02it/s, Loss=0.012836, Pos=0.012722, Vel=0.00005740]Epoch 3/200 [TRAIN]:  12%|█▏        | 488/4032 [00:48<05:08, 11.48it/s, Loss=0.012836, Pos=0.012722, Vel=0.00005740]Epoch 3/200 [TRAIN]:  12%|█▏        | 488/4032 [00:48<05:08, 11.48it/s, Loss=0.012822, Pos=0.012707, Vel=0.00005747]Epoch 3/200 [TRAIN]:  12%|█▏        | 488/4032 [00:48<05:08, 11.48it/s, Loss=0.012808, Pos=0.012693, Vel=0.00005741]Epoch 3/200 [TRAIN]:  12%|█▏        | 490/4032 [00:48<04:48, 12.27it/s, Loss=0.012808, Pos=0.012693, Vel=0.00005741]Epoch 3/200 [TRAIN]:  12%|█▏        | 490/4032 [00:48<04:48, 12.27it/s, Loss=0.012846, Pos=0.012731, Vel=0.00005741]Epoch 3/200 [TRAIN]:  12%|█▏        | 490/4032 [00:48<04:48, 12.27it/s, Loss=0.012833, Pos=0.012718, Vel=0.00005735]Epoch 3/200 [TRAIN]:  12%|█▏        | 492/4032 [00:48<05:14, 11.25it/s, Loss=0.012833, Pos=0.012718, Vel=0.00005735]Epoch 3/200 [TRAIN]:  12%|█▏        | 492/4032 [00:48<05:14, 11.25it/s, Loss=0.012829, Pos=0.012714, Vel=0.00005754]Epoch 3/200 [TRAIN]:  12%|█▏        | 492/4032 [00:48<05:14, 11.25it/s, Loss=0.012813, Pos=0.012698, Vel=0.00005752]Epoch 3/200 [TRAIN]:  12%|█▏        | 494/4032 [00:48<05:36, 10.50it/s, Loss=0.012813, Pos=0.012698, Vel=0.00005752]Epoch 3/200 [TRAIN]:  12%|█▏        | 494/4032 [00:48<05:36, 10.50it/s, Loss=0.012790, Pos=0.012675, Vel=0.00005746]Epoch 3/200 [TRAIN]:  12%|█▏        | 494/4032 [00:48<05:36, 10.50it/s, Loss=0.012936, Pos=0.012821, Vel=0.00005754]Epoch 3/200 [TRAIN]:  12%|█▏        | 496/4032 [00:48<05:48, 10.15it/s, Loss=0.012936, Pos=0.012821, Vel=0.00005754]Epoch 3/200 [TRAIN]:  12%|█▏        | 496/4032 [00:48<05:48, 10.15it/s, Loss=0.012921, Pos=0.012806, Vel=0.00005748]Epoch 3/200 [TRAIN]:  12%|█▏        | 496/4032 [00:49<05:48, 10.15it/s, Loss=0.012908, Pos=0.012793, Vel=0.00005744]Epoch 3/200 [TRAIN]:  12%|█▏        | 498/4032 [00:49<06:01,  9.77it/s, Loss=0.012908, Pos=0.012793, Vel=0.00005744]Epoch 3/200 [TRAIN]:  12%|█▏        | 498/4032 [00:49<06:01,  9.77it/s, Loss=0.012923, Pos=0.012808, Vel=0.00005753]Epoch 3/200 [TRAIN]:  12%|█▏        | 498/4032 [00:49<06:01,  9.77it/s, Loss=0.012904, Pos=0.012789, Vel=0.00005755]Epoch 3/200 [TRAIN]:  12%|█▏        | 500/4032 [00:49<06:14,  9.43it/s, Loss=0.012904, Pos=0.012789, Vel=0.00005755]Epoch 3/200 [TRAIN]:  12%|█▏        | 500/4032 [00:49<06:14,  9.43it/s, Loss=0.012911, Pos=0.012796, Vel=0.00005752]Epoch 3/200 [TRAIN]:  12%|█▏        | 501/4032 [00:49<06:13,  9.45it/s, Loss=0.012911, Pos=0.012796, Vel=0.00005752]Epoch 3/200 [TRAIN]:  12%|█▏        | 501/4032 [00:49<06:13,  9.45it/s, Loss=0.012897, Pos=0.012782, Vel=0.00005747]Epoch 3/200 [TRAIN]:  12%|█▏        | 501/4032 [00:49<06:13,  9.45it/s, Loss=0.012911, Pos=0.012796, Vel=0.00005756]Epoch 3/200 [TRAIN]:  12%|█▏        | 503/4032 [00:49<05:38, 10.43it/s, Loss=0.012911, Pos=0.012796, Vel=0.00005756]Epoch 3/200 [TRAIN]:  12%|█▏        | 503/4032 [00:49<05:38, 10.43it/s, Loss=0.012888, Pos=0.012773, Vel=0.00005747]Epoch 3/200 [TRAIN]:  12%|█▏        | 503/4032 [00:49<05:38, 10.43it/s, Loss=0.012867, Pos=0.012752, Vel=0.00005737]Epoch 3/200 [TRAIN]:  13%|█▎        | 505/4032 [00:49<05:43, 10.28it/s, Loss=0.012867, Pos=0.012752, Vel=0.00005737]Epoch 3/200 [TRAIN]:  13%|█▎        | 505/4032 [00:49<05:43, 10.28it/s, Loss=0.012961, Pos=0.012846, Vel=0.00005762]Epoch 3/200 [TRAIN]:  13%|█▎        | 505/4032 [00:49<05:43, 10.28it/s, Loss=0.012989, Pos=0.012874, Vel=0.00005785]Epoch 3/200 [TRAIN]:  13%|█▎        | 507/4032 [00:49<05:59,  9.80it/s, Loss=0.012989, Pos=0.012874, Vel=0.00005785]Epoch 3/200 [TRAIN]:  13%|█▎        | 507/4032 [00:50<05:59,  9.80it/s, Loss=0.013010, Pos=0.012894, Vel=0.00005783]Epoch 3/200 [TRAIN]:  13%|█▎        | 508/4032 [00:50<06:05,  9.64it/s, Loss=0.013010, Pos=0.012894, Vel=0.00005783]Epoch 3/200 [TRAIN]:  13%|█▎        | 508/4032 [00:50<06:05,  9.64it/s, Loss=0.013007, Pos=0.012892, Vel=0.00005777]Epoch 3/200 [TRAIN]:  13%|█▎        | 509/4032 [00:50<06:16,  9.35it/s, Loss=0.013007, Pos=0.012892, Vel=0.00005777]Epoch 3/200 [TRAIN]:  13%|█▎        | 509/4032 [00:50<06:16,  9.35it/s, Loss=0.012985, Pos=0.012870, Vel=0.00005773]Epoch 3/200 [TRAIN]:  13%|█▎        | 510/4032 [00:50<06:11,  9.48it/s, Loss=0.012985, Pos=0.012870, Vel=0.00005773]Epoch 3/200 [TRAIN]:  13%|█▎        | 510/4032 [00:50<06:11,  9.48it/s, Loss=0.012969, Pos=0.012853, Vel=0.00005779]Epoch 3/200 [TRAIN]:  13%|█▎        | 511/4032 [00:50<06:12,  9.45it/s, Loss=0.012969, Pos=0.012853, Vel=0.00005779]Epoch 3/200 [TRAIN]:  13%|█▎        | 511/4032 [00:50<06:12,  9.45it/s, Loss=0.012984, Pos=0.012868, Vel=0.00005796]Epoch 3/200 [TRAIN]:  13%|█▎        | 512/4032 [00:50<06:13,  9.42it/s, Loss=0.012984, Pos=0.012868, Vel=0.00005796]Epoch 3/200 [TRAIN]:  13%|█▎        | 512/4032 [00:50<06:13,  9.42it/s, Loss=0.012967, Pos=0.012851, Vel=0.00005787]Epoch 3/200 [TRAIN]:  13%|█▎        | 513/4032 [00:50<06:19,  9.27it/s, Loss=0.012967, Pos=0.012851, Vel=0.00005787]Epoch 3/200 [TRAIN]:  13%|█▎        | 513/4032 [00:50<06:19,  9.27it/s, Loss=0.012951, Pos=0.012836, Vel=0.00005780]Epoch 3/200 [TRAIN]:  13%|█▎        | 514/4032 [00:50<06:12,  9.45it/s, Loss=0.012951, Pos=0.012836, Vel=0.00005780]Epoch 3/200 [TRAIN]:  13%|█▎        | 514/4032 [00:50<06:12,  9.45it/s, Loss=0.012988, Pos=0.012872, Vel=0.00005796]Epoch 3/200 [TRAIN]:  13%|█▎        | 515/4032 [00:50<06:17,  9.32it/s, Loss=0.012988, Pos=0.012872, Vel=0.00005796]Epoch 3/200 [TRAIN]:  13%|█▎        | 515/4032 [00:50<06:17,  9.32it/s, Loss=0.012993, Pos=0.012877, Vel=0.00005799]Epoch 3/200 [TRAIN]:  13%|█▎        | 516/4032 [00:50<06:24,  9.14it/s, Loss=0.012993, Pos=0.012877, Vel=0.00005799]Epoch 3/200 [TRAIN]:  13%|█▎        | 516/4032 [00:51<06:24,  9.14it/s, Loss=0.012986, Pos=0.012870, Vel=0.00005795]Epoch 3/200 [TRAIN]:  13%|█▎        | 517/4032 [00:51<06:15,  9.35it/s, Loss=0.012986, Pos=0.012870, Vel=0.00005795]Epoch 3/200 [TRAIN]:  13%|█▎        | 517/4032 [00:51<06:15,  9.35it/s, Loss=0.012982, Pos=0.012865, Vel=0.00005813]Epoch 3/200 [TRAIN]:  13%|█▎        | 518/4032 [00:51<06:15,  9.37it/s, Loss=0.012982, Pos=0.012865, Vel=0.00005813]Epoch 3/200 [TRAIN]:  13%|█▎        | 518/4032 [00:51<06:15,  9.37it/s, Loss=0.012990, Pos=0.012874, Vel=0.00005823]Epoch 3/200 [TRAIN]:  13%|█▎        | 519/4032 [00:51<06:14,  9.39it/s, Loss=0.012990, Pos=0.012874, Vel=0.00005823]Epoch 3/200 [TRAIN]:  13%|█▎        | 519/4032 [00:51<06:14,  9.39it/s, Loss=0.012999, Pos=0.012882, Vel=0.00005824]Epoch 3/200 [TRAIN]:  13%|█▎        | 520/4032 [00:51<06:16,  9.32it/s, Loss=0.012999, Pos=0.012882, Vel=0.00005824]Epoch 3/200 [TRAIN]:  13%|█▎        | 520/4032 [00:51<06:16,  9.32it/s, Loss=0.012982, Pos=0.012865, Vel=0.00005822]Epoch 3/200 [TRAIN]:  13%|█▎        | 521/4032 [00:51<06:27,  9.07it/s, Loss=0.012982, Pos=0.012865, Vel=0.00005822]Epoch 3/200 [TRAIN]:  13%|█▎        | 521/4032 [00:51<06:27,  9.07it/s, Loss=0.012977, Pos=0.012861, Vel=0.00005814]Epoch 3/200 [TRAIN]:  13%|█▎        | 521/4032 [00:51<06:27,  9.07it/s, Loss=0.012967, Pos=0.012851, Vel=0.00005811]Epoch 3/200 [TRAIN]:  13%|█▎        | 523/4032 [00:51<06:14,  9.37it/s, Loss=0.012967, Pos=0.012851, Vel=0.00005811]Epoch 3/200 [TRAIN]:  13%|█▎        | 523/4032 [00:51<06:14,  9.37it/s, Loss=0.012949, Pos=0.012833, Vel=0.00005804]Epoch 3/200 [TRAIN]:  13%|█▎        | 524/4032 [00:51<06:16,  9.32it/s, Loss=0.012949, Pos=0.012833, Vel=0.00005804]Epoch 3/200 [TRAIN]:  13%|█▎        | 524/4032 [00:51<06:16,  9.32it/s, Loss=0.012960, Pos=0.012844, Vel=0.00005800]Epoch 3/200 [TRAIN]:  13%|█▎        | 525/4032 [00:51<06:19,  9.24it/s, Loss=0.012960, Pos=0.012844, Vel=0.00005800]Epoch 3/200 [TRAIN]:  13%|█▎        | 525/4032 [00:52<06:19,  9.24it/s, Loss=0.012961, Pos=0.012845, Vel=0.00005796]Epoch 3/200 [TRAIN]:  13%|█▎        | 526/4032 [00:52<06:19,  9.25it/s, Loss=0.012961, Pos=0.012845, Vel=0.00005796]Epoch 3/200 [TRAIN]:  13%|█▎        | 526/4032 [00:52<06:19,  9.25it/s, Loss=0.012947, Pos=0.012831, Vel=0.00005798]Epoch 3/200 [TRAIN]:  13%|█▎        | 526/4032 [00:52<06:19,  9.25it/s, Loss=0.012931, Pos=0.012815, Vel=0.00005795]Epoch 3/200 [TRAIN]:  13%|█▎        | 528/4032 [00:52<05:53,  9.92it/s, Loss=0.012931, Pos=0.012815, Vel=0.00005795]Epoch 3/200 [TRAIN]:  13%|█▎        | 528/4032 [00:52<05:53,  9.92it/s, Loss=0.012923, Pos=0.012807, Vel=0.00005792]Epoch 3/200 [TRAIN]:  13%|█▎        | 529/4032 [00:52<06:00,  9.71it/s, Loss=0.012923, Pos=0.012807, Vel=0.00005792]Epoch 3/200 [TRAIN]:  13%|█▎        | 529/4032 [00:52<06:00,  9.71it/s, Loss=0.012918, Pos=0.012802, Vel=0.00005796]Epoch 3/200 [TRAIN]:  13%|█▎        | 529/4032 [00:52<06:00,  9.71it/s, Loss=0.012918, Pos=0.012802, Vel=0.00005794]Epoch 3/200 [TRAIN]:  13%|█▎        | 531/4032 [00:52<06:01,  9.68it/s, Loss=0.012918, Pos=0.012802, Vel=0.00005794]Epoch 3/200 [TRAIN]:  13%|█▎        | 531/4032 [00:52<06:01,  9.68it/s, Loss=0.012912, Pos=0.012796, Vel=0.00005785]Epoch 3/200 [TRAIN]:  13%|█▎        | 532/4032 [00:52<06:05,  9.58it/s, Loss=0.012912, Pos=0.012796, Vel=0.00005785]Epoch 3/200 [TRAIN]:  13%|█▎        | 532/4032 [00:52<06:05,  9.58it/s, Loss=0.012916, Pos=0.012801, Vel=0.00005792]Epoch 3/200 [TRAIN]:  13%|█▎        | 533/4032 [00:52<06:11,  9.43it/s, Loss=0.012916, Pos=0.012801, Vel=0.00005792]Epoch 3/200 [TRAIN]:  13%|█▎        | 533/4032 [00:52<06:11,  9.43it/s, Loss=0.012916, Pos=0.012800, Vel=0.00005805]Epoch 3/200 [TRAIN]:  13%|█▎        | 533/4032 [00:52<06:11,  9.43it/s, Loss=0.012912, Pos=0.012796, Vel=0.00005796]Epoch 3/200 [TRAIN]:  13%|█▎        | 535/4032 [00:52<05:22, 10.83it/s, Loss=0.012912, Pos=0.012796, Vel=0.00005796]Epoch 3/200 [TRAIN]:  13%|█▎        | 535/4032 [00:52<05:22, 10.83it/s, Loss=0.012899, Pos=0.012783, Vel=0.00005790]Epoch 3/200 [TRAIN]:  13%|█▎        | 535/4032 [00:53<05:22, 10.83it/s, Loss=0.012899, Pos=0.012783, Vel=0.00005799]Epoch 3/200 [TRAIN]:  13%|█▎        | 537/4032 [00:53<05:35, 10.41it/s, Loss=0.012899, Pos=0.012783, Vel=0.00005799]Epoch 3/200 [TRAIN]:  13%|█▎        | 537/4032 [00:53<05:35, 10.41it/s, Loss=0.012883, Pos=0.012767, Vel=0.00005799]Epoch 3/200 [TRAIN]:  13%|█▎        | 537/4032 [00:53<05:35, 10.41it/s, Loss=0.012887, Pos=0.012771, Vel=0.00005804]Epoch 3/200 [TRAIN]:  13%|█▎        | 539/4032 [00:53<05:14, 11.12it/s, Loss=0.012887, Pos=0.012771, Vel=0.00005804]Epoch 3/200 [TRAIN]:  13%|█▎        | 539/4032 [00:53<05:14, 11.12it/s, Loss=0.012897, Pos=0.012781, Vel=0.00005806]Epoch 3/200 [TRAIN]:  13%|█▎        | 539/4032 [00:53<05:14, 11.12it/s, Loss=0.012893, Pos=0.012776, Vel=0.00005814]Epoch 3/200 [TRAIN]:  13%|█▎        | 541/4032 [00:53<05:28, 10.64it/s, Loss=0.012893, Pos=0.012776, Vel=0.00005814]Epoch 3/200 [TRAIN]:  13%|█▎        | 541/4032 [00:53<05:28, 10.64it/s, Loss=0.012879, Pos=0.012763, Vel=0.00005809]Epoch 3/200 [TRAIN]:  13%|█▎        | 541/4032 [00:53<05:28, 10.64it/s, Loss=0.012867, Pos=0.012751, Vel=0.00005801]Epoch 3/200 [TRAIN]:  13%|█▎        | 543/4032 [00:53<05:49,  9.98it/s, Loss=0.012867, Pos=0.012751, Vel=0.00005801]Epoch 3/200 [TRAIN]:  13%|█▎        | 543/4032 [00:53<05:49,  9.98it/s, Loss=0.012856, Pos=0.012740, Vel=0.00005805]Epoch 3/200 [TRAIN]:  13%|█▎        | 543/4032 [00:53<05:49,  9.98it/s, Loss=0.012841, Pos=0.012725, Vel=0.00005800]Epoch 3/200 [TRAIN]:  14%|█▎        | 545/4032 [00:53<05:39, 10.28it/s, Loss=0.012841, Pos=0.012725, Vel=0.00005800]Epoch 3/200 [TRAIN]:  14%|█▎        | 545/4032 [00:53<05:39, 10.28it/s, Loss=0.012826, Pos=0.012711, Vel=0.00005799]Epoch 3/200 [TRAIN]:  14%|█▎        | 545/4032 [00:54<05:39, 10.28it/s, Loss=0.012847, Pos=0.012731, Vel=0.00005800]Epoch 3/200 [TRAIN]:  14%|█▎        | 547/4032 [00:54<05:48, 10.01it/s, Loss=0.012847, Pos=0.012731, Vel=0.00005800]Epoch 3/200 [TRAIN]:  14%|█▎        | 547/4032 [00:54<05:48, 10.01it/s, Loss=0.012845, Pos=0.012729, Vel=0.00005794]Epoch 3/200 [TRAIN]:  14%|█▎        | 547/4032 [00:54<05:48, 10.01it/s, Loss=0.012831, Pos=0.012715, Vel=0.00005787]Epoch 3/200 [TRAIN]:  14%|█▎        | 549/4032 [00:54<05:19, 10.91it/s, Loss=0.012831, Pos=0.012715, Vel=0.00005787]Epoch 3/200 [TRAIN]:  14%|█▎        | 549/4032 [00:54<05:19, 10.91it/s, Loss=0.012860, Pos=0.012745, Vel=0.00005782]Epoch 3/200 [TRAIN]:  14%|█▎        | 549/4032 [00:54<05:19, 10.91it/s, Loss=0.012842, Pos=0.012727, Vel=0.00005777]Epoch 3/200 [TRAIN]:  14%|█▎        | 551/4032 [00:54<05:22, 10.80it/s, Loss=0.012842, Pos=0.012727, Vel=0.00005777]Epoch 3/200 [TRAIN]:  14%|█▎        | 551/4032 [00:54<05:22, 10.80it/s, Loss=0.012869, Pos=0.012754, Vel=0.00005773]Epoch 3/200 [TRAIN]:  14%|█▎        | 551/4032 [00:54<05:22, 10.80it/s, Loss=0.012861, Pos=0.012745, Vel=0.00005767]Epoch 3/200 [TRAIN]:  14%|█▎        | 553/4032 [00:54<04:47, 12.09it/s, Loss=0.012861, Pos=0.012745, Vel=0.00005767]Epoch 3/200 [TRAIN]:  14%|█▎        | 553/4032 [00:54<04:47, 12.09it/s, Loss=0.012866, Pos=0.012751, Vel=0.00005767]Epoch 3/200 [TRAIN]:  14%|█▎        | 553/4032 [00:54<04:47, 12.09it/s, Loss=0.012874, Pos=0.012759, Vel=0.00005763]Epoch 3/200 [TRAIN]:  14%|█▍        | 555/4032 [00:54<05:14, 11.04it/s, Loss=0.012874, Pos=0.012759, Vel=0.00005763]Epoch 3/200 [TRAIN]:  14%|█▍        | 555/4032 [00:54<05:14, 11.04it/s, Loss=0.012956, Pos=0.012841, Vel=0.00005768]Epoch 3/200 [TRAIN]:  14%|█▍        | 555/4032 [00:54<05:14, 11.04it/s, Loss=0.012940, Pos=0.012825, Vel=0.00005771]Epoch 3/200 [TRAIN]:  14%|█▍        | 557/4032 [00:54<05:32, 10.46it/s, Loss=0.012940, Pos=0.012825, Vel=0.00005771]Epoch 3/200 [TRAIN]:  14%|█▍        | 557/4032 [00:55<05:32, 10.46it/s, Loss=0.012927, Pos=0.012812, Vel=0.00005765]Epoch 3/200 [TRAIN]:  14%|█▍        | 557/4032 [00:55<05:32, 10.46it/s, Loss=0.012907, Pos=0.012792, Vel=0.00005760]Epoch 3/200 [TRAIN]:  14%|█▍        | 559/4032 [00:55<05:45, 10.04it/s, Loss=0.012907, Pos=0.012792, Vel=0.00005760]Epoch 3/200 [TRAIN]:  14%|█▍        | 559/4032 [00:55<05:45, 10.04it/s, Loss=0.012911, Pos=0.012796, Vel=0.00005755]Epoch 3/200 [TRAIN]:  14%|█▍        | 559/4032 [00:55<05:45, 10.04it/s, Loss=0.012902, Pos=0.012787, Vel=0.00005751]Epoch 3/200 [TRAIN]:  14%|█▍        | 561/4032 [00:55<05:09, 11.22it/s, Loss=0.012902, Pos=0.012787, Vel=0.00005751]Epoch 3/200 [TRAIN]:  14%|█▍        | 561/4032 [00:55<05:09, 11.22it/s, Loss=0.012902, Pos=0.012787, Vel=0.00005761]Epoch 3/200 [TRAIN]:  14%|█▍        | 561/4032 [00:55<05:09, 11.22it/s, Loss=0.012903, Pos=0.012787, Vel=0.00005770]Epoch 3/200 [TRAIN]:  14%|█▍        | 563/4032 [00:55<05:33, 10.41it/s, Loss=0.012903, Pos=0.012787, Vel=0.00005770]Epoch 3/200 [TRAIN]:  14%|█▍        | 563/4032 [00:55<05:33, 10.41it/s, Loss=0.012908, Pos=0.012792, Vel=0.00005782]Epoch 3/200 [TRAIN]:  14%|█▍        | 563/4032 [00:55<05:33, 10.41it/s, Loss=0.012949, Pos=0.012832, Vel=0.00005828]Epoch 3/200 [TRAIN]:  14%|█▍        | 565/4032 [00:55<05:46, 10.00it/s, Loss=0.012949, Pos=0.012832, Vel=0.00005828]Epoch 3/200 [TRAIN]:  14%|█▍        | 565/4032 [00:55<05:46, 10.00it/s, Loss=0.012955, Pos=0.012838, Vel=0.00005829]Epoch 3/200 [TRAIN]:  14%|█▍        | 565/4032 [00:55<05:46, 10.00it/s, Loss=0.012945, Pos=0.012828, Vel=0.00005823]Epoch 3/200 [TRAIN]:  14%|█▍        | 567/4032 [00:55<06:00,  9.61it/s, Loss=0.012945, Pos=0.012828, Vel=0.00005823]Epoch 3/200 [TRAIN]:  14%|█▍        | 567/4032 [00:56<06:00,  9.61it/s, Loss=0.012933, Pos=0.012816, Vel=0.00005822]Epoch 3/200 [TRAIN]:  14%|█▍        | 568/4032 [00:56<06:03,  9.52it/s, Loss=0.012933, Pos=0.012816, Vel=0.00005822]Epoch 3/200 [TRAIN]:  14%|█▍        | 568/4032 [00:56<06:03,  9.52it/s, Loss=0.012917, Pos=0.012801, Vel=0.00005814]Epoch 3/200 [TRAIN]:  14%|█▍        | 569/4032 [00:56<06:11,  9.33it/s, Loss=0.012917, Pos=0.012801, Vel=0.00005814]Epoch 3/200 [TRAIN]:  14%|█▍        | 569/4032 [00:56<06:11,  9.33it/s, Loss=0.012915, Pos=0.012799, Vel=0.00005823]Epoch 3/200 [TRAIN]:  14%|█▍        | 570/4032 [00:56<06:13,  9.28it/s, Loss=0.012915, Pos=0.012799, Vel=0.00005823]Epoch 3/200 [TRAIN]:  14%|█▍        | 570/4032 [00:56<06:13,  9.28it/s, Loss=0.012897, Pos=0.012781, Vel=0.00005819]Epoch 3/200 [TRAIN]:  14%|█▍        | 571/4032 [00:56<06:16,  9.19it/s, Loss=0.012897, Pos=0.012781, Vel=0.00005819]Epoch 3/200 [TRAIN]:  14%|█▍        | 571/4032 [00:56<06:16,  9.19it/s, Loss=0.012889, Pos=0.012773, Vel=0.00005828]Epoch 3/200 [TRAIN]:  14%|█▍        | 572/4032 [00:56<06:16,  9.19it/s, Loss=0.012889, Pos=0.012773, Vel=0.00005828]Epoch 3/200 [TRAIN]:  14%|█▍        | 572/4032 [00:56<06:16,  9.19it/s, Loss=0.012902, Pos=0.012785, Vel=0.00005833]Epoch 3/200 [TRAIN]:  14%|█▍        | 572/4032 [00:56<06:16,  9.19it/s, Loss=0.012889, Pos=0.012772, Vel=0.00005827]Epoch 3/200 [TRAIN]:  14%|█▍        | 574/4032 [00:56<05:38, 10.22it/s, Loss=0.012889, Pos=0.012772, Vel=0.00005827]Epoch 3/200 [TRAIN]:  14%|█▍        | 574/4032 [00:56<05:38, 10.22it/s, Loss=0.012877, Pos=0.012760, Vel=0.00005828]Epoch 3/200 [TRAIN]:  14%|█▍        | 574/4032 [00:56<05:38, 10.22it/s, Loss=0.012898, Pos=0.012782, Vel=0.00005841]Epoch 3/200 [TRAIN]:  14%|█▍        | 576/4032 [00:56<05:58,  9.65it/s, Loss=0.012898, Pos=0.012782, Vel=0.00005841]Epoch 3/200 [TRAIN]:  14%|█▍        | 576/4032 [00:57<05:58,  9.65it/s, Loss=0.012901, Pos=0.012784, Vel=0.00005841]Epoch 3/200 [TRAIN]:  14%|█▍        | 577/4032 [00:57<05:58,  9.63it/s, Loss=0.012901, Pos=0.012784, Vel=0.00005841]Epoch 3/200 [TRAIN]:  14%|█▍        | 577/4032 [00:57<05:58,  9.63it/s, Loss=0.012909, Pos=0.012792, Vel=0.00005852]Epoch 3/200 [TRAIN]:  14%|█▍        | 578/4032 [00:57<05:56,  9.68it/s, Loss=0.012909, Pos=0.012792, Vel=0.00005852]Epoch 3/200 [TRAIN]:  14%|█▍        | 578/4032 [00:57<05:56,  9.68it/s, Loss=0.012894, Pos=0.012777, Vel=0.00005847]Epoch 3/200 [TRAIN]:  14%|█▍        | 579/4032 [00:57<06:11,  9.30it/s, Loss=0.012894, Pos=0.012777, Vel=0.00005847]Epoch 3/200 [TRAIN]:  14%|█▍        | 579/4032 [00:57<06:11,  9.30it/s, Loss=0.012874, Pos=0.012757, Vel=0.00005839]Epoch 3/200 [TRAIN]:  14%|█▍        | 579/4032 [00:57<06:11,  9.30it/s, Loss=0.012863, Pos=0.012746, Vel=0.00005842]Epoch 3/200 [TRAIN]:  14%|█▍        | 581/4032 [00:57<06:02,  9.52it/s, Loss=0.012863, Pos=0.012746, Vel=0.00005842]Epoch 3/200 [TRAIN]:  14%|█▍        | 581/4032 [00:57<06:02,  9.52it/s, Loss=0.012847, Pos=0.012730, Vel=0.00005840]Epoch 3/200 [TRAIN]:  14%|█▍        | 582/4032 [00:57<06:11,  9.29it/s, Loss=0.012847, Pos=0.012730, Vel=0.00005840]Epoch 3/200 [TRAIN]:  14%|█▍        | 582/4032 [00:57<06:11,  9.29it/s, Loss=0.012839, Pos=0.012722, Vel=0.00005834]Epoch 3/200 [TRAIN]:  14%|█▍        | 583/4032 [00:57<06:05,  9.43it/s, Loss=0.012839, Pos=0.012722, Vel=0.00005834]Epoch 3/200 [TRAIN]:  14%|█▍        | 583/4032 [00:57<06:05,  9.43it/s, Loss=0.012840, Pos=0.012723, Vel=0.00005830]Epoch 3/200 [TRAIN]:  14%|█▍        | 584/4032 [00:57<06:08,  9.36it/s, Loss=0.012840, Pos=0.012723, Vel=0.00005830]Epoch 3/200 [TRAIN]:  14%|█▍        | 584/4032 [00:57<06:08,  9.36it/s, Loss=0.012837, Pos=0.012720, Vel=0.00005825]Epoch 3/200 [TRAIN]:  14%|█▍        | 584/4032 [00:57<06:08,  9.36it/s, Loss=0.012847, Pos=0.012730, Vel=0.00005821]Epoch 3/200 [TRAIN]:  15%|█▍        | 586/4032 [00:57<05:25, 10.59it/s, Loss=0.012847, Pos=0.012730, Vel=0.00005821]Epoch 3/200 [TRAIN]:  15%|█▍        | 586/4032 [00:57<05:25, 10.59it/s, Loss=0.012915, Pos=0.012799, Vel=0.00005825]Epoch 3/200 [TRAIN]:  15%|█▍        | 586/4032 [00:58<05:25, 10.59it/s, Loss=0.012901, Pos=0.012784, Vel=0.00005829]Epoch 3/200 [TRAIN]:  15%|█▍        | 588/4032 [00:58<04:52, 11.77it/s, Loss=0.012901, Pos=0.012784, Vel=0.00005829]Epoch 3/200 [TRAIN]:  15%|█▍        | 588/4032 [00:58<04:52, 11.77it/s, Loss=0.012888, Pos=0.012771, Vel=0.00005838]Epoch 3/200 [TRAIN]:  15%|█▍        | 588/4032 [00:58<04:52, 11.77it/s, Loss=0.012873, Pos=0.012757, Vel=0.00005830]Epoch 3/200 [TRAIN]:  15%|█▍        | 590/4032 [00:58<05:23, 10.63it/s, Loss=0.012873, Pos=0.012757, Vel=0.00005830]Epoch 3/200 [TRAIN]:  15%|█▍        | 590/4032 [00:58<05:23, 10.63it/s, Loss=0.012870, Pos=0.012753, Vel=0.00005826]Epoch 3/200 [TRAIN]:  15%|█▍        | 590/4032 [00:58<05:23, 10.63it/s, Loss=0.012881, Pos=0.012764, Vel=0.00005830]Epoch 3/200 [TRAIN]:  15%|█▍        | 592/4032 [00:58<05:08, 11.16it/s, Loss=0.012881, Pos=0.012764, Vel=0.00005830]Epoch 3/200 [TRAIN]:  15%|█▍        | 592/4032 [00:58<05:08, 11.16it/s, Loss=0.012866, Pos=0.012749, Vel=0.00005827]Epoch 3/200 [TRAIN]:  15%|█▍        | 592/4032 [00:58<05:08, 11.16it/s, Loss=0.012851, Pos=0.012735, Vel=0.00005822]Epoch 3/200 [TRAIN]:  15%|█▍        | 594/4032 [00:58<05:33, 10.30it/s, Loss=0.012851, Pos=0.012735, Vel=0.00005822]Epoch 3/200 [TRAIN]:  15%|█▍        | 594/4032 [00:58<05:33, 10.30it/s, Loss=0.012839, Pos=0.012722, Vel=0.00005814]Epoch 3/200 [TRAIN]:  15%|█▍        | 594/4032 [00:58<05:33, 10.30it/s, Loss=0.012823, Pos=0.012707, Vel=0.00005811]Epoch 3/200 [TRAIN]:  15%|█▍        | 596/4032 [00:58<05:12, 11.01it/s, Loss=0.012823, Pos=0.012707, Vel=0.00005811]Epoch 3/200 [TRAIN]:  15%|█▍        | 596/4032 [00:58<05:12, 11.01it/s, Loss=0.012817, Pos=0.012701, Vel=0.00005815]Epoch 3/200 [TRAIN]:  15%|█▍        | 596/4032 [00:59<05:12, 11.01it/s, Loss=0.012810, Pos=0.012694, Vel=0.00005814]Epoch 3/200 [TRAIN]:  15%|█▍        | 598/4032 [00:59<05:33, 10.29it/s, Loss=0.012810, Pos=0.012694, Vel=0.00005814]Epoch 3/200 [TRAIN]:  15%|█▍        | 598/4032 [00:59<05:33, 10.29it/s, Loss=0.012800, Pos=0.012684, Vel=0.00005822]Epoch 3/200 [TRAIN]:  15%|█▍        | 598/4032 [00:59<05:33, 10.29it/s, Loss=0.012783, Pos=0.012666, Vel=0.00005816]Epoch 3/200 [TRAIN]:  15%|█▍        | 600/4032 [00:59<05:23, 10.61it/s, Loss=0.012783, Pos=0.012666, Vel=0.00005816]Epoch 3/200 [TRAIN]:  15%|█▍        | 600/4032 [00:59<05:23, 10.61it/s, Loss=0.012767, Pos=0.012651, Vel=0.00005813]Epoch 3/200 [TRAIN]:  15%|█▍        | 600/4032 [00:59<05:23, 10.61it/s, Loss=0.012766, Pos=0.012650, Vel=0.00005821]Epoch 3/200 [TRAIN]:  15%|█▍        | 602/4032 [00:59<05:22, 10.64it/s, Loss=0.012766, Pos=0.012650, Vel=0.00005821]Epoch 3/200 [TRAIN]:  15%|█▍        | 602/4032 [00:59<05:22, 10.64it/s, Loss=0.012756, Pos=0.012640, Vel=0.00005813]Epoch 3/200 [TRAIN]:  15%|█▍        | 602/4032 [00:59<05:22, 10.64it/s, Loss=0.012746, Pos=0.012630, Vel=0.00005807]Epoch 3/200 [TRAIN]:  15%|█▍        | 604/4032 [00:59<05:26, 10.48it/s, Loss=0.012746, Pos=0.012630, Vel=0.00005807]Epoch 3/200 [TRAIN]:  15%|█▍        | 604/4032 [00:59<05:26, 10.48it/s, Loss=0.012747, Pos=0.012630, Vel=0.00005809]Epoch 3/200 [TRAIN]:  15%|█▍        | 604/4032 [00:59<05:26, 10.48it/s, Loss=0.012807, Pos=0.012691, Vel=0.00005801]Epoch 3/200 [TRAIN]:  15%|█▌        | 606/4032 [00:59<05:00, 11.40it/s, Loss=0.012807, Pos=0.012691, Vel=0.00005801]Epoch 3/200 [TRAIN]:  15%|█▌        | 606/4032 [00:59<05:00, 11.40it/s, Loss=0.012821, Pos=0.012704, Vel=0.00005809]Epoch 3/200 [TRAIN]:  15%|█▌        | 606/4032 [00:59<05:00, 11.40it/s, Loss=0.012853, Pos=0.012737, Vel=0.00005804]Epoch 3/200 [TRAIN]:  15%|█▌        | 608/4032 [00:59<05:30, 10.37it/s, Loss=0.012853, Pos=0.012737, Vel=0.00005804]Epoch 3/200 [TRAIN]:  15%|█▌        | 608/4032 [01:00<05:30, 10.37it/s, Loss=0.012836, Pos=0.012720, Vel=0.00005798]Epoch 3/200 [TRAIN]:  15%|█▌        | 608/4032 [01:00<05:30, 10.37it/s, Loss=0.012837, Pos=0.012721, Vel=0.00005801]Epoch 3/200 [TRAIN]:  15%|█▌        | 610/4032 [01:00<05:34, 10.24it/s, Loss=0.012837, Pos=0.012721, Vel=0.00005801]Epoch 3/200 [TRAIN]:  15%|█▌        | 610/4032 [01:00<05:34, 10.24it/s, Loss=0.012860, Pos=0.012744, Vel=0.00005807]Epoch 3/200 [TRAIN]:  15%|█▌        | 610/4032 [01:00<05:34, 10.24it/s, Loss=0.012846, Pos=0.012730, Vel=0.00005806]Epoch 3/200 [TRAIN]:  15%|█▌        | 612/4032 [01:00<05:43,  9.97it/s, Loss=0.012846, Pos=0.012730, Vel=0.00005806]Epoch 3/200 [TRAIN]:  15%|█▌        | 612/4032 [01:00<05:43,  9.97it/s, Loss=0.012831, Pos=0.012715, Vel=0.00005806]Epoch 3/200 [TRAIN]:  15%|█▌        | 612/4032 [01:00<05:43,  9.97it/s, Loss=0.012864, Pos=0.012748, Vel=0.00005824]Epoch 3/200 [TRAIN]:  15%|█▌        | 614/4032 [01:00<05:49,  9.79it/s, Loss=0.012864, Pos=0.012748, Vel=0.00005824]Epoch 3/200 [TRAIN]:  15%|█▌        | 614/4032 [01:00<05:49,  9.79it/s, Loss=0.012993, Pos=0.012877, Vel=0.00005826]Epoch 3/200 [TRAIN]:  15%|█▌        | 615/4032 [01:00<05:55,  9.62it/s, Loss=0.012993, Pos=0.012877, Vel=0.00005826]Epoch 3/200 [TRAIN]:  15%|█▌        | 615/4032 [01:00<05:55,  9.62it/s, Loss=0.012975, Pos=0.012859, Vel=0.00005818]Epoch 3/200 [TRAIN]:  15%|█▌        | 615/4032 [01:00<05:55,  9.62it/s, Loss=0.012983, Pos=0.012866, Vel=0.00005818]Epoch 3/200 [TRAIN]:  15%|█▌        | 617/4032 [01:00<05:57,  9.54it/s, Loss=0.012983, Pos=0.012866, Vel=0.00005818]Epoch 3/200 [TRAIN]:  15%|█▌        | 617/4032 [01:01<05:57,  9.54it/s, Loss=0.012988, Pos=0.012872, Vel=0.00005823]Epoch 3/200 [TRAIN]:  15%|█▌        | 618/4032 [01:01<05:55,  9.62it/s, Loss=0.012988, Pos=0.012872, Vel=0.00005823]Epoch 3/200 [TRAIN]:  15%|█▌        | 618/4032 [01:01<05:55,  9.62it/s, Loss=0.012975, Pos=0.012858, Vel=0.00005822]Epoch 3/200 [TRAIN]:  15%|█▌        | 619/4032 [01:01<06:07,  9.28it/s, Loss=0.012975, Pos=0.012858, Vel=0.00005822]Epoch 3/200 [TRAIN]:  15%|█▌        | 619/4032 [01:01<06:07,  9.28it/s, Loss=0.012958, Pos=0.012841, Vel=0.00005815]Epoch 3/200 [TRAIN]:  15%|█▌        | 619/4032 [01:01<06:07,  9.28it/s, Loss=0.012940, Pos=0.012824, Vel=0.00005809]Epoch 3/200 [TRAIN]:  15%|█▌        | 621/4032 [01:01<05:58,  9.52it/s, Loss=0.012940, Pos=0.012824, Vel=0.00005809]Epoch 3/200 [TRAIN]:  15%|█▌        | 621/4032 [01:01<05:58,  9.52it/s, Loss=0.012942, Pos=0.012826, Vel=0.00005807]Epoch 3/200 [TRAIN]:  15%|█▌        | 621/4032 [01:01<05:58,  9.52it/s, Loss=0.012961, Pos=0.012845, Vel=0.00005813]Epoch 3/200 [TRAIN]:  15%|█▌        | 623/4032 [01:01<05:41,  9.99it/s, Loss=0.012961, Pos=0.012845, Vel=0.00005813]Epoch 3/200 [TRAIN]:  15%|█▌        | 623/4032 [01:01<05:41,  9.99it/s, Loss=0.012949, Pos=0.012832, Vel=0.00005812]Epoch 3/200 [TRAIN]:  15%|█▌        | 624/4032 [01:01<05:48,  9.79it/s, Loss=0.012949, Pos=0.012832, Vel=0.00005812]Epoch 3/200 [TRAIN]:  15%|█▌        | 624/4032 [01:01<05:48,  9.79it/s, Loss=0.012931, Pos=0.012815, Vel=0.00005806]Epoch 3/200 [TRAIN]:  16%|█▌        | 625/4032 [01:01<06:00,  9.45it/s, Loss=0.012931, Pos=0.012815, Vel=0.00005806]Epoch 3/200 [TRAIN]:  16%|█▌        | 625/4032 [01:01<06:00,  9.45it/s, Loss=0.012961, Pos=0.012845, Vel=0.00005819]Epoch 3/200 [TRAIN]:  16%|█▌        | 626/4032 [01:01<06:02,  9.40it/s, Loss=0.012961, Pos=0.012845, Vel=0.00005819]Epoch 3/200 [TRAIN]:  16%|█▌        | 626/4032 [01:01<06:02,  9.40it/s, Loss=0.012949, Pos=0.012833, Vel=0.00005812]Epoch 3/200 [TRAIN]:  16%|█▌        | 627/4032 [01:01<05:59,  9.47it/s, Loss=0.012949, Pos=0.012833, Vel=0.00005812]Epoch 3/200 [TRAIN]:  16%|█▌        | 627/4032 [01:02<05:59,  9.47it/s, Loss=0.012943, Pos=0.012827, Vel=0.00005807]Epoch 3/200 [TRAIN]:  16%|█▌        | 627/4032 [01:02<05:59,  9.47it/s, Loss=0.012952, Pos=0.012836, Vel=0.00005810]Epoch 3/200 [TRAIN]:  16%|█▌        | 629/4032 [01:02<06:05,  9.31it/s, Loss=0.012952, Pos=0.012836, Vel=0.00005810]Epoch 3/200 [TRAIN]:  16%|█▌        | 629/4032 [01:02<06:05,  9.31it/s, Loss=0.012941, Pos=0.012824, Vel=0.00005811]Epoch 3/200 [TRAIN]:  16%|█▌        | 629/4032 [01:02<06:05,  9.31it/s, Loss=0.012928, Pos=0.012812, Vel=0.00005814]Epoch 3/200 [TRAIN]:  16%|█▌        | 631/4032 [01:02<05:42,  9.94it/s, Loss=0.012928, Pos=0.012812, Vel=0.00005814]Epoch 3/200 [TRAIN]:  16%|█▌        | 631/4032 [01:02<05:42,  9.94it/s, Loss=0.012920, Pos=0.012804, Vel=0.00005807]Epoch 3/200 [TRAIN]:  16%|█▌        | 632/4032 [01:02<05:43,  9.90it/s, Loss=0.012920, Pos=0.012804, Vel=0.00005807]Epoch 3/200 [TRAIN]:  16%|█▌        | 632/4032 [01:02<05:43,  9.90it/s, Loss=0.012925, Pos=0.012809, Vel=0.00005816]Epoch 3/200 [TRAIN]:  16%|█▌        | 633/4032 [01:02<05:58,  9.48it/s, Loss=0.012925, Pos=0.012809, Vel=0.00005816]Epoch 3/200 [TRAIN]:  16%|█▌        | 633/4032 [01:02<05:58,  9.48it/s, Loss=0.012916, Pos=0.012799, Vel=0.00005817]Epoch 3/200 [TRAIN]:  16%|█▌        | 634/4032 [01:02<05:56,  9.52it/s, Loss=0.012916, Pos=0.012799, Vel=0.00005817]Epoch 3/200 [TRAIN]:  16%|█▌        | 634/4032 [01:02<05:56,  9.52it/s, Loss=0.012924, Pos=0.012808, Vel=0.00005840]Epoch 3/200 [TRAIN]:  16%|█▌        | 635/4032 [01:02<06:02,  9.38it/s, Loss=0.012924, Pos=0.012808, Vel=0.00005840]Epoch 3/200 [TRAIN]:  16%|█▌        | 635/4032 [01:02<06:02,  9.38it/s, Loss=0.012962, Pos=0.012845, Vel=0.00005843]Epoch 3/200 [TRAIN]:  16%|█▌        | 636/4032 [01:02<05:57,  9.50it/s, Loss=0.012962, Pos=0.012845, Vel=0.00005843]Epoch 3/200 [TRAIN]:  16%|█▌        | 636/4032 [01:03<05:57,  9.50it/s, Loss=0.012961, Pos=0.012844, Vel=0.00005837]Epoch 3/200 [TRAIN]:  16%|█▌        | 637/4032 [01:03<05:57,  9.50it/s, Loss=0.012961, Pos=0.012844, Vel=0.00005837]Epoch 3/200 [TRAIN]:  16%|█▌        | 637/4032 [01:03<05:57,  9.50it/s, Loss=0.012966, Pos=0.012849, Vel=0.00005834]Epoch 3/200 [TRAIN]:  16%|█▌        | 638/4032 [01:03<06:02,  9.37it/s, Loss=0.012966, Pos=0.012849, Vel=0.00005834]Epoch 3/200 [TRAIN]:  16%|█▌        | 638/4032 [01:03<06:02,  9.37it/s, Loss=0.012955, Pos=0.012838, Vel=0.00005827]Epoch 3/200 [TRAIN]:  16%|█▌        | 639/4032 [01:03<06:04,  9.31it/s, Loss=0.012955, Pos=0.012838, Vel=0.00005827]Epoch 3/200 [TRAIN]:  16%|█▌        | 639/4032 [01:03<06:04,  9.31it/s, Loss=0.012944, Pos=0.012827, Vel=0.00005832]Epoch 3/200 [TRAIN]:  16%|█▌        | 640/4032 [01:03<06:16,  9.02it/s, Loss=0.012944, Pos=0.012827, Vel=0.00005832]Epoch 3/200 [TRAIN]:  16%|█▌        | 640/4032 [01:03<06:16,  9.02it/s, Loss=0.012932, Pos=0.012815, Vel=0.00005828]Epoch 3/200 [TRAIN]:  16%|█▌        | 641/4032 [01:03<06:05,  9.28it/s, Loss=0.012932, Pos=0.012815, Vel=0.00005828]Epoch 3/200 [TRAIN]:  16%|█▌        | 641/4032 [01:03<06:05,  9.28it/s, Loss=0.012914, Pos=0.012798, Vel=0.00005821]Epoch 3/200 [TRAIN]:  16%|█▌        | 642/4032 [01:03<06:01,  9.39it/s, Loss=0.012914, Pos=0.012798, Vel=0.00005821]Epoch 3/200 [TRAIN]:  16%|█▌        | 642/4032 [01:03<06:01,  9.39it/s, Loss=0.012915, Pos=0.012799, Vel=0.00005817]Epoch 3/200 [TRAIN]:  16%|█▌        | 643/4032 [01:03<06:14,  9.05it/s, Loss=0.012915, Pos=0.012799, Vel=0.00005817]Epoch 3/200 [TRAIN]:  16%|█▌        | 643/4032 [01:03<06:14,  9.05it/s, Loss=0.012904, Pos=0.012788, Vel=0.00005811]Epoch 3/200 [TRAIN]:  16%|█▌        | 644/4032 [01:03<06:08,  9.19it/s, Loss=0.012904, Pos=0.012788, Vel=0.00005811]Epoch 3/200 [TRAIN]:  16%|█▌        | 644/4032 [01:03<06:08,  9.19it/s, Loss=0.012894, Pos=0.012778, Vel=0.00005806]Epoch 3/200 [TRAIN]:  16%|█▌        | 644/4032 [01:03<06:08,  9.19it/s, Loss=0.012895, Pos=0.012779, Vel=0.00005810]Epoch 3/200 [TRAIN]:  16%|█▌        | 646/4032 [01:03<05:50,  9.65it/s, Loss=0.012895, Pos=0.012779, Vel=0.00005810]Epoch 3/200 [TRAIN]:  16%|█▌        | 646/4032 [01:04<05:50,  9.65it/s, Loss=0.012938, Pos=0.012821, Vel=0.00005832]Epoch 3/200 [TRAIN]:  16%|█▌        | 647/4032 [01:04<05:53,  9.57it/s, Loss=0.012938, Pos=0.012821, Vel=0.00005832]Epoch 3/200 [TRAIN]:  16%|█▌        | 647/4032 [01:04<05:53,  9.57it/s, Loss=0.012933, Pos=0.012816, Vel=0.00005826]Epoch 3/200 [TRAIN]:  16%|█▌        | 647/4032 [01:04<05:53,  9.57it/s, Loss=0.012922, Pos=0.012805, Vel=0.00005819]Epoch 3/200 [TRAIN]:  16%|█▌        | 649/4032 [01:04<05:26, 10.35it/s, Loss=0.012922, Pos=0.012805, Vel=0.00005819]Epoch 3/200 [TRAIN]:  16%|█▌        | 649/4032 [01:04<05:26, 10.35it/s, Loss=0.012923, Pos=0.012807, Vel=0.00005816]Epoch 3/200 [TRAIN]:  16%|█▌        | 649/4032 [01:04<05:26, 10.35it/s, Loss=0.012905, Pos=0.012789, Vel=0.00005810]Epoch 3/200 [TRAIN]:  16%|█▌        | 651/4032 [01:04<05:02, 11.17it/s, Loss=0.012905, Pos=0.012789, Vel=0.00005810]Epoch 3/200 [TRAIN]:  16%|█▌        | 651/4032 [01:04<05:02, 11.17it/s, Loss=0.012888, Pos=0.012772, Vel=0.00005809]Epoch 3/200 [TRAIN]:  16%|█▌        | 651/4032 [01:04<05:02, 11.17it/s, Loss=0.012918, Pos=0.012801, Vel=0.00005848]Epoch 3/200 [TRAIN]:  16%|█▌        | 653/4032 [01:04<05:31, 10.18it/s, Loss=0.012918, Pos=0.012801, Vel=0.00005848]Epoch 3/200 [TRAIN]:  16%|█▌        | 653/4032 [01:04<05:31, 10.18it/s, Loss=0.012927, Pos=0.012810, Vel=0.00005841]Epoch 3/200 [TRAIN]:  16%|█▌        | 653/4032 [01:04<05:31, 10.18it/s, Loss=0.012926, Pos=0.012809, Vel=0.00005838]Epoch 3/200 [TRAIN]:  16%|█▌        | 655/4032 [01:04<05:08, 10.96it/s, Loss=0.012926, Pos=0.012809, Vel=0.00005838]Epoch 3/200 [TRAIN]:  16%|█▌        | 655/4032 [01:04<05:08, 10.96it/s, Loss=0.012908, Pos=0.012792, Vel=0.00005834]Epoch 3/200 [TRAIN]:  16%|█▌        | 655/4032 [01:04<05:08, 10.96it/s, Loss=0.012915, Pos=0.012798, Vel=0.00005830]Epoch 3/200 [TRAIN]:  16%|█▋        | 657/4032 [01:04<04:34, 12.30it/s, Loss=0.012915, Pos=0.012798, Vel=0.00005830]Epoch 3/200 [TRAIN]:  16%|█▋        | 657/4032 [01:05<04:34, 12.30it/s, Loss=0.012919, Pos=0.012803, Vel=0.00005825]Epoch 3/200 [TRAIN]:  16%|█▋        | 657/4032 [01:05<04:34, 12.30it/s, Loss=0.012904, Pos=0.012788, Vel=0.00005820]Epoch 3/200 [TRAIN]:  16%|█▋        | 659/4032 [01:05<04:33, 12.33it/s, Loss=0.012904, Pos=0.012788, Vel=0.00005820]Epoch 3/200 [TRAIN]:  16%|█▋        | 659/4032 [01:05<04:33, 12.33it/s, Loss=0.012891, Pos=0.012775, Vel=0.00005825]Epoch 3/200 [TRAIN]:  16%|█▋        | 659/4032 [01:05<04:33, 12.33it/s, Loss=0.012876, Pos=0.012760, Vel=0.00005821]Epoch 3/200 [TRAIN]:  16%|█▋        | 661/4032 [01:05<05:01, 11.19it/s, Loss=0.012876, Pos=0.012760, Vel=0.00005821]Epoch 3/200 [TRAIN]:  16%|█▋        | 661/4032 [01:05<05:01, 11.19it/s, Loss=0.012881, Pos=0.012764, Vel=0.00005831]Epoch 3/200 [TRAIN]:  16%|█▋        | 661/4032 [01:05<05:01, 11.19it/s, Loss=0.012871, Pos=0.012755, Vel=0.00005825]Epoch 3/200 [TRAIN]:  16%|█▋        | 663/4032 [01:05<05:19, 10.56it/s, Loss=0.012871, Pos=0.012755, Vel=0.00005825]Epoch 3/200 [TRAIN]:  16%|█▋        | 663/4032 [01:05<05:19, 10.56it/s, Loss=0.012876, Pos=0.012759, Vel=0.00005842]Epoch 3/200 [TRAIN]:  16%|█▋        | 663/4032 [01:05<05:19, 10.56it/s, Loss=0.012864, Pos=0.012748, Vel=0.00005839]Epoch 3/200 [TRAIN]:  16%|█▋        | 665/4032 [01:05<05:35, 10.04it/s, Loss=0.012864, Pos=0.012748, Vel=0.00005839]Epoch 3/200 [TRAIN]:  16%|█▋        | 665/4032 [01:05<05:35, 10.04it/s, Loss=0.012852, Pos=0.012735, Vel=0.00005836]Epoch 3/200 [TRAIN]:  16%|█▋        | 665/4032 [01:05<05:35, 10.04it/s, Loss=0.012839, Pos=0.012722, Vel=0.00005829]Epoch 3/200 [TRAIN]:  17%|█▋        | 667/4032 [01:05<05:51,  9.57it/s, Loss=0.012839, Pos=0.012722, Vel=0.00005829]Epoch 3/200 [TRAIN]:  17%|█▋        | 667/4032 [01:06<05:51,  9.57it/s, Loss=0.012826, Pos=0.012709, Vel=0.00005826]Epoch 3/200 [TRAIN]:  17%|█▋        | 668/4032 [01:06<06:01,  9.32it/s, Loss=0.012826, Pos=0.012709, Vel=0.00005826]Epoch 3/200 [TRAIN]:  17%|█▋        | 668/4032 [01:06<06:01,  9.32it/s, Loss=0.012858, Pos=0.012742, Vel=0.00005819]Epoch 3/200 [TRAIN]:  17%|█▋        | 669/4032 [01:06<06:05,  9.19it/s, Loss=0.012858, Pos=0.012742, Vel=0.00005819]Epoch 3/200 [TRAIN]:  17%|█▋        | 669/4032 [01:06<06:05,  9.19it/s, Loss=0.012850, Pos=0.012734, Vel=0.00005814]Epoch 3/200 [TRAIN]:  17%|█▋        | 670/4032 [01:06<06:08,  9.12it/s, Loss=0.012850, Pos=0.012734, Vel=0.00005814]Epoch 3/200 [TRAIN]:  17%|█▋        | 670/4032 [01:06<06:08,  9.12it/s, Loss=0.012848, Pos=0.012732, Vel=0.00005809]Epoch 3/200 [TRAIN]:  17%|█▋        | 671/4032 [01:06<06:06,  9.18it/s, Loss=0.012848, Pos=0.012732, Vel=0.00005809]Epoch 3/200 [TRAIN]:  17%|█▋        | 671/4032 [01:06<06:06,  9.18it/s, Loss=0.012885, Pos=0.012769, Vel=0.00005827]Epoch 3/200 [TRAIN]:  17%|█▋        | 672/4032 [01:06<06:10,  9.06it/s, Loss=0.012885, Pos=0.012769, Vel=0.00005827]Epoch 3/200 [TRAIN]:  17%|█▋        | 672/4032 [01:06<06:10,  9.06it/s, Loss=0.012872, Pos=0.012756, Vel=0.00005825]Epoch 3/200 [TRAIN]:  17%|█▋        | 673/4032 [01:06<06:11,  9.03it/s, Loss=0.012872, Pos=0.012756, Vel=0.00005825]Epoch 3/200 [TRAIN]:  17%|█▋        | 673/4032 [01:06<06:11,  9.03it/s, Loss=0.012922, Pos=0.012806, Vel=0.00005825]Epoch 3/200 [TRAIN]:  17%|█▋        | 674/4032 [01:06<06:10,  9.06it/s, Loss=0.012922, Pos=0.012806, Vel=0.00005825]Epoch 3/200 [TRAIN]:  17%|█▋        | 674/4032 [01:06<06:10,  9.06it/s, Loss=0.012922, Pos=0.012805, Vel=0.00005841]Epoch 3/200 [TRAIN]:  17%|█▋        | 675/4032 [01:06<06:25,  8.72it/s, Loss=0.012922, Pos=0.012805, Vel=0.00005841]Epoch 3/200 [TRAIN]:  17%|█▋        | 675/4032 [01:06<06:25,  8.72it/s, Loss=0.012913, Pos=0.012796, Vel=0.00005841]Epoch 3/200 [TRAIN]:  17%|█▋        | 675/4032 [01:07<06:25,  8.72it/s, Loss=0.012904, Pos=0.012787, Vel=0.00005837]Epoch 3/200 [TRAIN]:  17%|█▋        | 677/4032 [01:07<05:42,  9.80it/s, Loss=0.012904, Pos=0.012787, Vel=0.00005837]Epoch 3/200 [TRAIN]:  17%|█▋        | 677/4032 [01:07<05:42,  9.80it/s, Loss=0.012906, Pos=0.012789, Vel=0.00005832]Epoch 3/200 [TRAIN]:  17%|█▋        | 678/4032 [01:07<05:55,  9.43it/s, Loss=0.012906, Pos=0.012789, Vel=0.00005832]Epoch 3/200 [TRAIN]:  17%|█▋        | 678/4032 [01:07<05:55,  9.43it/s, Loss=0.012891, Pos=0.012774, Vel=0.00005826]Epoch 3/200 [TRAIN]:  17%|█▋        | 679/4032 [01:07<05:51,  9.54it/s, Loss=0.012891, Pos=0.012774, Vel=0.00005826]Epoch 3/200 [TRAIN]:  17%|█▋        | 679/4032 [01:07<05:51,  9.54it/s, Loss=0.012886, Pos=0.012770, Vel=0.00005823]Epoch 3/200 [TRAIN]:  17%|█▋        | 680/4032 [01:07<06:03,  9.22it/s, Loss=0.012886, Pos=0.012770, Vel=0.00005823]Epoch 3/200 [TRAIN]:  17%|█▋        | 680/4032 [01:07<06:03,  9.22it/s, Loss=0.012892, Pos=0.012775, Vel=0.00005818]Epoch 3/200 [TRAIN]:  17%|█▋        | 681/4032 [01:07<05:56,  9.41it/s, Loss=0.012892, Pos=0.012775, Vel=0.00005818]Epoch 3/200 [TRAIN]:  17%|█▋        | 681/4032 [01:07<05:56,  9.41it/s, Loss=0.012877, Pos=0.012761, Vel=0.00005810]Epoch 3/200 [TRAIN]:  17%|█▋        | 682/4032 [01:07<05:56,  9.40it/s, Loss=0.012877, Pos=0.012761, Vel=0.00005810]Epoch 3/200 [TRAIN]:  17%|█▋        | 682/4032 [01:07<05:56,  9.40it/s, Loss=0.012873, Pos=0.012757, Vel=0.00005812]Epoch 3/200 [TRAIN]:  17%|█▋        | 683/4032 [01:07<05:54,  9.45it/s, Loss=0.012873, Pos=0.012757, Vel=0.00005812]Epoch 3/200 [TRAIN]:  17%|█▋        | 683/4032 [01:07<05:54,  9.45it/s, Loss=0.012878, Pos=0.012761, Vel=0.00005806]Epoch 3/200 [TRAIN]:  17%|█▋        | 684/4032 [01:07<05:51,  9.51it/s, Loss=0.012878, Pos=0.012761, Vel=0.00005806]Epoch 3/200 [TRAIN]:  17%|█▋        | 684/4032 [01:07<05:51,  9.51it/s, Loss=0.012861, Pos=0.012744, Vel=0.00005802]Epoch 3/200 [TRAIN]:  17%|█▋        | 685/4032 [01:07<06:15,  8.91it/s, Loss=0.012861, Pos=0.012744, Vel=0.00005802]Epoch 3/200 [TRAIN]:  17%|█▋        | 685/4032 [01:08<06:15,  8.91it/s, Loss=0.012854, Pos=0.012737, Vel=0.00005803]Epoch 3/200 [TRAIN]:  17%|█▋        | 686/4032 [01:08<06:06,  9.13it/s, Loss=0.012854, Pos=0.012737, Vel=0.00005803]Epoch 3/200 [TRAIN]:  17%|█▋        | 686/4032 [01:08<06:06,  9.13it/s, Loss=0.012846, Pos=0.012730, Vel=0.00005801]Epoch 3/200 [TRAIN]:  17%|█▋        | 687/4032 [01:08<06:06,  9.13it/s, Loss=0.012846, Pos=0.012730, Vel=0.00005801]Epoch 3/200 [TRAIN]:  17%|█▋        | 687/4032 [01:08<06:06,  9.13it/s, Loss=0.012851, Pos=0.012735, Vel=0.00005795]Epoch 3/200 [TRAIN]:  17%|█▋        | 688/4032 [01:08<06:09,  9.05it/s, Loss=0.012851, Pos=0.012735, Vel=0.00005795]Epoch 3/200 [TRAIN]:  17%|█▋        | 688/4032 [01:08<06:09,  9.05it/s, Loss=0.012845, Pos=0.012729, Vel=0.00005801]Epoch 3/200 [TRAIN]:  17%|█▋        | 689/4032 [01:08<06:13,  8.95it/s, Loss=0.012845, Pos=0.012729, Vel=0.00005801]Epoch 3/200 [TRAIN]:  17%|█▋        | 689/4032 [01:08<06:13,  8.95it/s, Loss=0.012830, Pos=0.012714, Vel=0.00005803]Epoch 3/200 [TRAIN]:  17%|█▋        | 690/4032 [01:08<06:14,  8.93it/s, Loss=0.012830, Pos=0.012714, Vel=0.00005803]Epoch 3/200 [TRAIN]:  17%|█▋        | 690/4032 [01:08<06:14,  8.93it/s, Loss=0.012898, Pos=0.012782, Vel=0.00005800]Epoch 3/200 [TRAIN]:  17%|█▋        | 691/4032 [01:08<06:15,  8.90it/s, Loss=0.012898, Pos=0.012782, Vel=0.00005800]Epoch 3/200 [TRAIN]:  17%|█▋        | 691/4032 [01:08<06:15,  8.90it/s, Loss=0.012889, Pos=0.012773, Vel=0.00005799]Epoch 3/200 [TRAIN]:  17%|█▋        | 692/4032 [01:08<06:07,  9.08it/s, Loss=0.012889, Pos=0.012773, Vel=0.00005799]Epoch 3/200 [TRAIN]:  17%|█▋        | 692/4032 [01:08<06:07,  9.08it/s, Loss=0.012897, Pos=0.012781, Vel=0.00005805]Epoch 3/200 [TRAIN]:  17%|█▋        | 693/4032 [01:08<06:19,  8.81it/s, Loss=0.012897, Pos=0.012781, Vel=0.00005805]Epoch 3/200 [TRAIN]:  17%|█▋        | 693/4032 [01:08<06:19,  8.81it/s, Loss=0.012892, Pos=0.012776, Vel=0.00005805]Epoch 3/200 [TRAIN]:  17%|█▋        | 694/4032 [01:08<06:05,  9.13it/s, Loss=0.012892, Pos=0.012776, Vel=0.00005805]Epoch 3/200 [TRAIN]:  17%|█▋        | 694/4032 [01:09<06:05,  9.13it/s, Loss=0.012876, Pos=0.012759, Vel=0.00005802]Epoch 3/200 [TRAIN]:  17%|█▋        | 695/4032 [01:09<06:12,  8.96it/s, Loss=0.012876, Pos=0.012759, Vel=0.00005802]Epoch 3/200 [TRAIN]:  17%|█▋        | 695/4032 [01:09<06:12,  8.96it/s, Loss=0.012881, Pos=0.012765, Vel=0.00005803]Epoch 3/200 [TRAIN]:  17%|█▋        | 695/4032 [01:09<06:12,  8.96it/s, Loss=0.012908, Pos=0.012792, Vel=0.00005809]Epoch 3/200 [TRAIN]:  17%|█▋        | 697/4032 [01:09<05:28, 10.16it/s, Loss=0.012908, Pos=0.012792, Vel=0.00005809]Epoch 3/200 [TRAIN]:  17%|█▋        | 697/4032 [01:09<05:28, 10.16it/s, Loss=0.012900, Pos=0.012784, Vel=0.00005806]Epoch 3/200 [TRAIN]:  17%|█▋        | 697/4032 [01:09<05:28, 10.16it/s, Loss=0.012887, Pos=0.012771, Vel=0.00005800]Epoch 3/200 [TRAIN]:  17%|█▋        | 699/4032 [01:09<05:37,  9.89it/s, Loss=0.012887, Pos=0.012771, Vel=0.00005800]Epoch 3/200 [TRAIN]:  17%|█▋        | 699/4032 [01:09<05:37,  9.89it/s, Loss=0.012876, Pos=0.012760, Vel=0.00005797]Epoch 3/200 [TRAIN]:  17%|█▋        | 700/4032 [01:09<05:45,  9.63it/s, Loss=0.012876, Pos=0.012760, Vel=0.00005797]Epoch 3/200 [TRAIN]:  17%|█▋        | 700/4032 [01:09<05:45,  9.63it/s, Loss=0.012865, Pos=0.012749, Vel=0.00005796]Epoch 3/200 [TRAIN]:  17%|█▋        | 701/4032 [01:09<05:50,  9.50it/s, Loss=0.012865, Pos=0.012749, Vel=0.00005796]Epoch 3/200 [TRAIN]:  17%|█▋        | 701/4032 [01:09<05:50,  9.50it/s, Loss=0.012855, Pos=0.012739, Vel=0.00005792]Epoch 3/200 [TRAIN]:  17%|█▋        | 702/4032 [01:09<05:59,  9.27it/s, Loss=0.012855, Pos=0.012739, Vel=0.00005792]Epoch 3/200 [TRAIN]:  17%|█▋        | 702/4032 [01:09<05:59,  9.27it/s, Loss=0.012844, Pos=0.012728, Vel=0.00005788]Epoch 3/200 [TRAIN]:  17%|█▋        | 703/4032 [01:09<06:10,  8.98it/s, Loss=0.012844, Pos=0.012728, Vel=0.00005788]Epoch 3/200 [TRAIN]:  17%|█▋        | 703/4032 [01:09<06:10,  8.98it/s, Loss=0.012834, Pos=0.012718, Vel=0.00005783]Epoch 3/200 [TRAIN]:  17%|█▋        | 704/4032 [01:09<06:05,  9.11it/s, Loss=0.012834, Pos=0.012718, Vel=0.00005783]Epoch 3/200 [TRAIN]:  17%|█▋        | 704/4032 [01:10<06:05,  9.11it/s, Loss=0.012823, Pos=0.012708, Vel=0.00005780]Epoch 3/200 [TRAIN]:  17%|█▋        | 705/4032 [01:10<06:05,  9.11it/s, Loss=0.012823, Pos=0.012708, Vel=0.00005780]Epoch 3/200 [TRAIN]:  17%|█▋        | 705/4032 [01:10<06:05,  9.11it/s, Loss=0.012824, Pos=0.012709, Vel=0.00005780]Epoch 3/200 [TRAIN]:  18%|█▊        | 706/4032 [01:10<06:14,  8.87it/s, Loss=0.012824, Pos=0.012709, Vel=0.00005780]Epoch 3/200 [TRAIN]:  18%|█▊        | 706/4032 [01:10<06:14,  8.87it/s, Loss=0.012817, Pos=0.012702, Vel=0.00005778]Epoch 3/200 [TRAIN]:  18%|█▊        | 707/4032 [01:10<06:06,  9.07it/s, Loss=0.012817, Pos=0.012702, Vel=0.00005778]Epoch 3/200 [TRAIN]:  18%|█▊        | 707/4032 [01:10<06:06,  9.07it/s, Loss=0.012810, Pos=0.012694, Vel=0.00005772]Epoch 3/200 [TRAIN]:  18%|█▊        | 708/4032 [01:10<06:14,  8.88it/s, Loss=0.012810, Pos=0.012694, Vel=0.00005772]Epoch 3/200 [TRAIN]:  18%|█▊        | 708/4032 [01:10<06:14,  8.88it/s, Loss=0.012816, Pos=0.012700, Vel=0.00005782]Epoch 3/200 [TRAIN]:  18%|█▊        | 709/4032 [01:10<06:03,  9.15it/s, Loss=0.012816, Pos=0.012700, Vel=0.00005782]Epoch 3/200 [TRAIN]:  18%|█▊        | 709/4032 [01:10<06:03,  9.15it/s, Loss=0.012802, Pos=0.012687, Vel=0.00005774]Epoch 3/200 [TRAIN]:  18%|█▊        | 710/4032 [01:10<06:15,  8.86it/s, Loss=0.012802, Pos=0.012687, Vel=0.00005774]Epoch 3/200 [TRAIN]:  18%|█▊        | 710/4032 [01:10<06:15,  8.86it/s, Loss=0.012789, Pos=0.012674, Vel=0.00005768]Epoch 3/200 [TRAIN]:  18%|█▊        | 711/4032 [01:10<06:05,  9.09it/s, Loss=0.012789, Pos=0.012674, Vel=0.00005768]Epoch 3/200 [TRAIN]:  18%|█▊        | 711/4032 [01:10<06:05,  9.09it/s, Loss=0.012776, Pos=0.012660, Vel=0.00005763]Epoch 3/200 [TRAIN]:  18%|█▊        | 712/4032 [01:10<06:17,  8.79it/s, Loss=0.012776, Pos=0.012660, Vel=0.00005763]Epoch 3/200 [TRAIN]:  18%|█▊        | 712/4032 [01:10<06:17,  8.79it/s, Loss=0.012761, Pos=0.012646, Vel=0.00005764]Epoch 3/200 [TRAIN]:  18%|█▊        | 713/4032 [01:10<06:04,  9.10it/s, Loss=0.012761, Pos=0.012646, Vel=0.00005764]Epoch 3/200 [TRAIN]:  18%|█▊        | 713/4032 [01:11<06:04,  9.10it/s, Loss=0.012763, Pos=0.012648, Vel=0.00005757]Epoch 3/200 [TRAIN]:  18%|█▊        | 714/4032 [01:11<06:10,  8.96it/s, Loss=0.012763, Pos=0.012648, Vel=0.00005757]Epoch 3/200 [TRAIN]:  18%|█▊        | 714/4032 [01:11<06:10,  8.96it/s, Loss=0.012753, Pos=0.012638, Vel=0.00005754]Epoch 3/200 [TRAIN]:  18%|█▊        | 715/4032 [01:11<06:13,  8.88it/s, Loss=0.012753, Pos=0.012638, Vel=0.00005754]Epoch 3/200 [TRAIN]:  18%|█▊        | 715/4032 [01:11<06:13,  8.88it/s, Loss=0.012768, Pos=0.012652, Vel=0.00005771]Epoch 3/200 [TRAIN]:  18%|█▊        | 715/4032 [01:11<06:13,  8.88it/s, Loss=0.012784, Pos=0.012669, Vel=0.00005778]Epoch 3/200 [TRAIN]:  18%|█▊        | 717/4032 [01:11<06:02,  9.14it/s, Loss=0.012784, Pos=0.012669, Vel=0.00005778]Epoch 3/200 [TRAIN]:  18%|█▊        | 717/4032 [01:11<06:02,  9.14it/s, Loss=0.012781, Pos=0.012666, Vel=0.00005780]Epoch 3/200 [TRAIN]:  18%|█▊        | 718/4032 [01:11<06:03,  9.11it/s, Loss=0.012781, Pos=0.012666, Vel=0.00005780]Epoch 3/200 [TRAIN]:  18%|█▊        | 718/4032 [01:11<06:03,  9.11it/s, Loss=0.012784, Pos=0.012668, Vel=0.00005797]Epoch 3/200 [TRAIN]:  18%|█▊        | 719/4032 [01:11<06:03,  9.12it/s, Loss=0.012784, Pos=0.012668, Vel=0.00005797]Epoch 3/200 [TRAIN]:  18%|█▊        | 719/4032 [01:11<06:03,  9.12it/s, Loss=0.012784, Pos=0.012668, Vel=0.00005792]Epoch 3/200 [TRAIN]:  18%|█▊        | 719/4032 [01:11<06:03,  9.12it/s, Loss=0.012780, Pos=0.012664, Vel=0.00005793]Epoch 3/200 [TRAIN]:  18%|█▊        | 721/4032 [01:11<05:52,  9.39it/s, Loss=0.012780, Pos=0.012664, Vel=0.00005793]Epoch 3/200 [TRAIN]:  18%|█▊        | 721/4032 [01:11<05:52,  9.39it/s, Loss=0.012769, Pos=0.012653, Vel=0.00005788]Epoch 3/200 [TRAIN]:  18%|█▊        | 721/4032 [01:12<05:52,  9.39it/s, Loss=0.012776, Pos=0.012660, Vel=0.00005797]Epoch 3/200 [TRAIN]:  18%|█▊        | 723/4032 [01:12<05:37,  9.81it/s, Loss=0.012776, Pos=0.012660, Vel=0.00005797]Epoch 3/200 [TRAIN]:  18%|█▊        | 723/4032 [01:12<05:37,  9.81it/s, Loss=0.012768, Pos=0.012652, Vel=0.00005792]Epoch 3/200 [TRAIN]:  18%|█▊        | 724/4032 [01:12<05:49,  9.46it/s, Loss=0.012768, Pos=0.012652, Vel=0.00005792]Epoch 3/200 [TRAIN]:  18%|█▊        | 724/4032 [01:12<05:49,  9.46it/s, Loss=0.012822, Pos=0.012706, Vel=0.00005790]Epoch 3/200 [TRAIN]:  18%|█▊        | 724/4032 [01:12<05:49,  9.46it/s, Loss=0.012817, Pos=0.012701, Vel=0.00005786]Epoch 3/200 [TRAIN]:  18%|█▊        | 726/4032 [01:12<04:39, 11.81it/s, Loss=0.012817, Pos=0.012701, Vel=0.00005786]Epoch 3/200 [TRAIN]:  18%|█▊        | 726/4032 [01:12<04:39, 11.81it/s, Loss=0.012833, Pos=0.012717, Vel=0.00005795]Epoch 3/200 [TRAIN]:  18%|█▊        | 726/4032 [01:12<04:39, 11.81it/s, Loss=0.012827, Pos=0.012711, Vel=0.00005791]Epoch 3/200 [TRAIN]:  18%|█▊        | 728/4032 [01:12<05:14, 10.50it/s, Loss=0.012827, Pos=0.012711, Vel=0.00005791]Epoch 3/200 [TRAIN]:  18%|█▊        | 728/4032 [01:12<05:14, 10.50it/s, Loss=0.012824, Pos=0.012708, Vel=0.00005793]Epoch 3/200 [TRAIN]:  18%|█▊        | 728/4032 [01:12<05:14, 10.50it/s, Loss=0.012816, Pos=0.012700, Vel=0.00005791]Epoch 3/200 [TRAIN]:  18%|█▊        | 730/4032 [01:12<05:28, 10.05it/s, Loss=0.012816, Pos=0.012700, Vel=0.00005791]Epoch 3/200 [TRAIN]:  18%|█▊        | 730/4032 [01:12<05:28, 10.05it/s, Loss=0.012801, Pos=0.012685, Vel=0.00005787]Epoch 3/200 [TRAIN]:  18%|█▊        | 730/4032 [01:12<05:28, 10.05it/s, Loss=0.012786, Pos=0.012671, Vel=0.00005783]Epoch 3/200 [TRAIN]:  18%|█▊        | 732/4032 [01:12<05:43,  9.60it/s, Loss=0.012786, Pos=0.012671, Vel=0.00005783]Epoch 3/200 [TRAIN]:  18%|█▊        | 732/4032 [01:13<05:43,  9.60it/s, Loss=0.012773, Pos=0.012658, Vel=0.00005784]Epoch 3/200 [TRAIN]:  18%|█▊        | 732/4032 [01:13<05:43,  9.60it/s, Loss=0.012846, Pos=0.012730, Vel=0.00005780]Epoch 3/200 [TRAIN]:  18%|█▊        | 734/4032 [01:13<05:54,  9.30it/s, Loss=0.012846, Pos=0.012730, Vel=0.00005780]Epoch 3/200 [TRAIN]:  18%|█▊        | 734/4032 [01:13<05:54,  9.30it/s, Loss=0.012835, Pos=0.012719, Vel=0.00005775]Epoch 3/200 [TRAIN]:  18%|█▊        | 735/4032 [01:13<05:57,  9.21it/s, Loss=0.012835, Pos=0.012719, Vel=0.00005775]Epoch 3/200 [TRAIN]:  18%|█▊        | 735/4032 [01:13<05:57,  9.21it/s, Loss=0.012825, Pos=0.012710, Vel=0.00005770]Epoch 3/200 [TRAIN]:  18%|█▊        | 736/4032 [01:13<05:58,  9.19it/s, Loss=0.012825, Pos=0.012710, Vel=0.00005770]Epoch 3/200 [TRAIN]:  18%|█▊        | 736/4032 [01:13<05:58,  9.19it/s, Loss=0.012819, Pos=0.012703, Vel=0.00005771]Epoch 3/200 [TRAIN]:  18%|█▊        | 737/4032 [01:13<06:05,  9.02it/s, Loss=0.012819, Pos=0.012703, Vel=0.00005771]Epoch 3/200 [TRAIN]:  18%|█▊        | 737/4032 [01:13<06:05,  9.02it/s, Loss=0.012821, Pos=0.012706, Vel=0.00005772]Epoch 3/200 [TRAIN]:  18%|█▊        | 738/4032 [01:13<06:17,  8.72it/s, Loss=0.012821, Pos=0.012706, Vel=0.00005772]Epoch 3/200 [TRAIN]:  18%|█▊        | 738/4032 [01:13<06:17,  8.72it/s, Loss=0.012826, Pos=0.012711, Vel=0.00005776]Epoch 3/200 [TRAIN]:  18%|█▊        | 738/4032 [01:13<06:17,  8.72it/s, Loss=0.012846, Pos=0.012731, Vel=0.00005785]Epoch 3/200 [TRAIN]:  18%|█▊        | 740/4032 [01:13<05:54,  9.28it/s, Loss=0.012846, Pos=0.012731, Vel=0.00005785]Epoch 3/200 [TRAIN]:  18%|█▊        | 740/4032 [01:13<05:54,  9.28it/s, Loss=0.012842, Pos=0.012726, Vel=0.00005787]Epoch 3/200 [TRAIN]:  18%|█▊        | 741/4032 [01:13<06:03,  9.06it/s, Loss=0.012842, Pos=0.012726, Vel=0.00005787]Epoch 3/200 [TRAIN]:  18%|█▊        | 741/4032 [01:14<06:03,  9.06it/s, Loss=0.012829, Pos=0.012713, Vel=0.00005785]Epoch 3/200 [TRAIN]:  18%|█▊        | 741/4032 [01:14<06:03,  9.06it/s, Loss=0.012821, Pos=0.012706, Vel=0.00005779]Epoch 3/200 [TRAIN]:  18%|█▊        | 743/4032 [01:14<05:50,  9.39it/s, Loss=0.012821, Pos=0.012706, Vel=0.00005779]Epoch 3/200 [TRAIN]:  18%|█▊        | 743/4032 [01:14<05:50,  9.39it/s, Loss=0.012839, Pos=0.012723, Vel=0.00005798]Epoch 3/200 [TRAIN]:  18%|█▊        | 744/4032 [01:14<06:00,  9.11it/s, Loss=0.012839, Pos=0.012723, Vel=0.00005798]Epoch 3/200 [TRAIN]:  18%|█▊        | 744/4032 [01:14<06:00,  9.11it/s, Loss=0.012828, Pos=0.012712, Vel=0.00005791]Epoch 3/200 [TRAIN]:  18%|█▊        | 744/4032 [01:14<06:00,  9.11it/s, Loss=0.012816, Pos=0.012700, Vel=0.00005786]Epoch 3/200 [TRAIN]:  19%|█▊        | 746/4032 [01:14<05:52,  9.31it/s, Loss=0.012816, Pos=0.012700, Vel=0.00005786]Epoch 3/200 [TRAIN]:  19%|█▊        | 746/4032 [01:14<05:52,  9.31it/s, Loss=0.012805, Pos=0.012689, Vel=0.00005783]Epoch 3/200 [TRAIN]:  19%|█▊        | 746/4032 [01:14<05:52,  9.31it/s, Loss=0.012790, Pos=0.012674, Vel=0.00005781]Epoch 3/200 [TRAIN]:  19%|█▊        | 748/4032 [01:14<05:12, 10.52it/s, Loss=0.012790, Pos=0.012674, Vel=0.00005781]Epoch 3/200 [TRAIN]:  19%|█▊        | 748/4032 [01:14<05:12, 10.52it/s, Loss=0.012776, Pos=0.012661, Vel=0.00005775]Epoch 3/200 [TRAIN]:  19%|█▊        | 748/4032 [01:14<05:12, 10.52it/s, Loss=0.012767, Pos=0.012651, Vel=0.00005768]Epoch 3/200 [TRAIN]:  19%|█▊        | 750/4032 [01:14<05:28,  9.98it/s, Loss=0.012767, Pos=0.012651, Vel=0.00005768]Epoch 3/200 [TRAIN]:  19%|█▊        | 750/4032 [01:14<05:28,  9.98it/s, Loss=0.012795, Pos=0.012679, Vel=0.00005794]Epoch 3/200 [TRAIN]:  19%|█▊        | 750/4032 [01:15<05:28,  9.98it/s, Loss=0.012785, Pos=0.012670, Vel=0.00005797]Epoch 3/200 [TRAIN]:  19%|█▊        | 752/4032 [01:15<05:37,  9.72it/s, Loss=0.012785, Pos=0.012670, Vel=0.00005797]Epoch 3/200 [TRAIN]:  19%|█▊        | 752/4032 [01:15<05:37,  9.72it/s, Loss=0.012783, Pos=0.012667, Vel=0.00005793]Epoch 3/200 [TRAIN]:  19%|█▊        | 752/4032 [01:15<05:37,  9.72it/s, Loss=0.012771, Pos=0.012655, Vel=0.00005792]Epoch 3/200 [TRAIN]:  19%|█▊        | 754/4032 [01:15<05:28,  9.97it/s, Loss=0.012771, Pos=0.012655, Vel=0.00005792]Epoch 3/200 [TRAIN]:  19%|█▊        | 754/4032 [01:15<05:28,  9.97it/s, Loss=0.012758, Pos=0.012642, Vel=0.00005792]Epoch 3/200 [TRAIN]:  19%|█▊        | 754/4032 [01:15<05:28,  9.97it/s, Loss=0.012749, Pos=0.012634, Vel=0.00005788]Epoch 3/200 [TRAIN]:  19%|█▉        | 756/4032 [01:15<05:41,  9.60it/s, Loss=0.012749, Pos=0.012634, Vel=0.00005788]Epoch 3/200 [TRAIN]:  19%|█▉        | 756/4032 [01:15<05:41,  9.60it/s, Loss=0.012753, Pos=0.012637, Vel=0.00005805]Epoch 3/200 [TRAIN]:  19%|█▉        | 757/4032 [01:15<05:39,  9.66it/s, Loss=0.012753, Pos=0.012637, Vel=0.00005805]Epoch 3/200 [TRAIN]:  19%|█▉        | 757/4032 [01:15<05:39,  9.66it/s, Loss=0.012742, Pos=0.012626, Vel=0.00005801]Epoch 3/200 [TRAIN]:  19%|█▉        | 758/4032 [01:15<05:42,  9.56it/s, Loss=0.012742, Pos=0.012626, Vel=0.00005801]Epoch 3/200 [TRAIN]:  19%|█▉        | 758/4032 [01:15<05:42,  9.56it/s, Loss=0.012741, Pos=0.012625, Vel=0.00005799]Epoch 3/200 [TRAIN]:  19%|█▉        | 759/4032 [01:15<05:44,  9.50it/s, Loss=0.012741, Pos=0.012625, Vel=0.00005799]Epoch 3/200 [TRAIN]:  19%|█▉        | 759/4032 [01:15<05:44,  9.50it/s, Loss=0.012730, Pos=0.012614, Vel=0.00005793]Epoch 3/200 [TRAIN]:  19%|█▉        | 760/4032 [01:15<05:47,  9.41it/s, Loss=0.012730, Pos=0.012614, Vel=0.00005793]Epoch 3/200 [TRAIN]:  19%|█▉        | 760/4032 [01:16<05:47,  9.41it/s, Loss=0.012715, Pos=0.012599, Vel=0.00005787]Epoch 3/200 [TRAIN]:  19%|█▉        | 761/4032 [01:16<05:48,  9.37it/s, Loss=0.012715, Pos=0.012599, Vel=0.00005787]Epoch 3/200 [TRAIN]:  19%|█▉        | 761/4032 [01:16<05:48,  9.37it/s, Loss=0.012700, Pos=0.012585, Vel=0.00005781]Epoch 3/200 [TRAIN]:  19%|█▉        | 762/4032 [01:16<05:45,  9.46it/s, Loss=0.012700, Pos=0.012585, Vel=0.00005781]Epoch 3/200 [TRAIN]:  19%|█▉        | 762/4032 [01:16<05:45,  9.46it/s, Loss=0.012717, Pos=0.012601, Vel=0.00005783]Epoch 3/200 [TRAIN]:  19%|█▉        | 763/4032 [01:16<05:44,  9.50it/s, Loss=0.012717, Pos=0.012601, Vel=0.00005783]Epoch 3/200 [TRAIN]:  19%|█▉        | 763/4032 [01:16<05:44,  9.50it/s, Loss=0.012710, Pos=0.012594, Vel=0.00005787]Epoch 3/200 [TRAIN]:  19%|█▉        | 764/4032 [01:16<05:58,  9.12it/s, Loss=0.012710, Pos=0.012594, Vel=0.00005787]Epoch 3/200 [TRAIN]:  19%|█▉        | 764/4032 [01:16<05:58,  9.12it/s, Loss=0.012702, Pos=0.012587, Vel=0.00005782]Epoch 3/200 [TRAIN]:  19%|█▉        | 764/4032 [01:16<05:58,  9.12it/s, Loss=0.012694, Pos=0.012579, Vel=0.00005777]Epoch 3/200 [TRAIN]:  19%|█▉        | 766/4032 [01:16<05:44,  9.47it/s, Loss=0.012694, Pos=0.012579, Vel=0.00005777]Epoch 3/200 [TRAIN]:  19%|█▉        | 766/4032 [01:16<05:44,  9.47it/s, Loss=0.012686, Pos=0.012571, Vel=0.00005776]Epoch 3/200 [TRAIN]:  19%|█▉        | 767/4032 [01:16<05:49,  9.35it/s, Loss=0.012686, Pos=0.012571, Vel=0.00005776]Epoch 3/200 [TRAIN]:  19%|█▉        | 767/4032 [01:16<05:49,  9.35it/s, Loss=0.012685, Pos=0.012570, Vel=0.00005772]Epoch 3/200 [TRAIN]:  19%|█▉        | 768/4032 [01:16<05:52,  9.27it/s, Loss=0.012685, Pos=0.012570, Vel=0.00005772]Epoch 3/200 [TRAIN]:  19%|█▉        | 768/4032 [01:16<05:52,  9.27it/s, Loss=0.012686, Pos=0.012571, Vel=0.00005766]Epoch 3/200 [TRAIN]:  19%|█▉        | 769/4032 [01:16<05:54,  9.20it/s, Loss=0.012686, Pos=0.012571, Vel=0.00005766]Epoch 3/200 [TRAIN]:  19%|█▉        | 769/4032 [01:16<05:54,  9.20it/s, Loss=0.012681, Pos=0.012566, Vel=0.00005762]Epoch 3/200 [TRAIN]:  19%|█▉        | 770/4032 [01:16<05:55,  9.19it/s, Loss=0.012681, Pos=0.012566, Vel=0.00005762]Epoch 3/200 [TRAIN]:  19%|█▉        | 770/4032 [01:17<05:55,  9.19it/s, Loss=0.012683, Pos=0.012568, Vel=0.00005759]Epoch 3/200 [TRAIN]:  19%|█▉        | 771/4032 [01:17<06:00,  9.05it/s, Loss=0.012683, Pos=0.012568, Vel=0.00005759]Epoch 3/200 [TRAIN]:  19%|█▉        | 771/4032 [01:17<06:00,  9.05it/s, Loss=0.012684, Pos=0.012569, Vel=0.00005761]Epoch 3/200 [TRAIN]:  19%|█▉        | 771/4032 [01:17<06:00,  9.05it/s, Loss=0.012677, Pos=0.012562, Vel=0.00005758]Epoch 3/200 [TRAIN]:  19%|█▉        | 773/4032 [01:17<05:49,  9.32it/s, Loss=0.012677, Pos=0.012562, Vel=0.00005758]Epoch 3/200 [TRAIN]:  19%|█▉        | 773/4032 [01:17<05:49,  9.32it/s, Loss=0.012666, Pos=0.012551, Vel=0.00005752]Epoch 3/200 [TRAIN]:  19%|█▉        | 774/4032 [01:17<05:59,  9.06it/s, Loss=0.012666, Pos=0.012551, Vel=0.00005752]Epoch 3/200 [TRAIN]:  19%|█▉        | 774/4032 [01:17<05:59,  9.06it/s, Loss=0.012657, Pos=0.012542, Vel=0.00005750]Epoch 3/200 [TRAIN]:  19%|█▉        | 774/4032 [01:17<05:59,  9.06it/s, Loss=0.012668, Pos=0.012553, Vel=0.00005746]Epoch 3/200 [TRAIN]:  19%|█▉        | 776/4032 [01:17<06:00,  9.04it/s, Loss=0.012668, Pos=0.012553, Vel=0.00005746]Epoch 3/200 [TRAIN]:  19%|█▉        | 776/4032 [01:17<06:00,  9.04it/s, Loss=0.012656, Pos=0.012541, Vel=0.00005744]Epoch 3/200 [TRAIN]:  19%|█▉        | 777/4032 [01:17<05:53,  9.20it/s, Loss=0.012656, Pos=0.012541, Vel=0.00005744]Epoch 3/200 [TRAIN]:  19%|█▉        | 777/4032 [01:17<05:53,  9.20it/s, Loss=0.012644, Pos=0.012529, Vel=0.00005746]Epoch 3/200 [TRAIN]:  19%|█▉        | 778/4032 [01:17<06:02,  8.97it/s, Loss=0.012644, Pos=0.012529, Vel=0.00005746]Epoch 3/200 [TRAIN]:  19%|█▉        | 778/4032 [01:17<06:02,  8.97it/s, Loss=0.012635, Pos=0.012520, Vel=0.00005751]Epoch 3/200 [TRAIN]:  19%|█▉        | 778/4032 [01:18<06:02,  8.97it/s, Loss=0.012643, Pos=0.012528, Vel=0.00005753]Epoch 3/200 [TRAIN]:  19%|█▉        | 780/4032 [01:18<05:33,  9.74it/s, Loss=0.012643, Pos=0.012528, Vel=0.00005753]Epoch 3/200 [TRAIN]:  19%|█▉        | 780/4032 [01:18<05:33,  9.74it/s, Loss=0.012639, Pos=0.012524, Vel=0.00005750]Epoch 3/200 [TRAIN]:  19%|█▉        | 780/4032 [01:18<05:33,  9.74it/s, Loss=0.012641, Pos=0.012526, Vel=0.00005750]Epoch 3/200 [TRAIN]:  19%|█▉        | 782/4032 [01:18<05:16, 10.27it/s, Loss=0.012641, Pos=0.012526, Vel=0.00005750]Epoch 3/200 [TRAIN]:  19%|█▉        | 782/4032 [01:18<05:16, 10.27it/s, Loss=0.012651, Pos=0.012536, Vel=0.00005754]Epoch 3/200 [TRAIN]:  19%|█▉        | 782/4032 [01:18<05:16, 10.27it/s, Loss=0.012647, Pos=0.012532, Vel=0.00005748]Epoch 3/200 [TRAIN]:  19%|█▉        | 784/4032 [01:18<05:26,  9.95it/s, Loss=0.012647, Pos=0.012532, Vel=0.00005748]Epoch 3/200 [TRAIN]:  19%|█▉        | 784/4032 [01:18<05:26,  9.95it/s, Loss=0.012637, Pos=0.012522, Vel=0.00005744]Epoch 3/200 [TRAIN]:  19%|█▉        | 785/4032 [01:18<05:28,  9.90it/s, Loss=0.012637, Pos=0.012522, Vel=0.00005744]Epoch 3/200 [TRAIN]:  19%|█▉        | 785/4032 [01:18<05:28,  9.90it/s, Loss=0.012628, Pos=0.012513, Vel=0.00005739]Epoch 3/200 [TRAIN]:  19%|█▉        | 786/4032 [01:18<05:39,  9.58it/s, Loss=0.012628, Pos=0.012513, Vel=0.00005739]Epoch 3/200 [TRAIN]:  19%|█▉        | 786/4032 [01:18<05:39,  9.58it/s, Loss=0.012630, Pos=0.012515, Vel=0.00005736]Epoch 3/200 [TRAIN]:  19%|█▉        | 786/4032 [01:18<05:39,  9.58it/s, Loss=0.012615, Pos=0.012501, Vel=0.00005733]Epoch 3/200 [TRAIN]:  20%|█▉        | 788/4032 [01:18<05:25,  9.97it/s, Loss=0.012615, Pos=0.012501, Vel=0.00005733]Epoch 3/200 [TRAIN]:  20%|█▉        | 788/4032 [01:18<05:25,  9.97it/s, Loss=0.012605, Pos=0.012491, Vel=0.00005734]Epoch 3/200 [TRAIN]:  20%|█▉        | 789/4032 [01:18<05:39,  9.56it/s, Loss=0.012605, Pos=0.012491, Vel=0.00005734]Epoch 3/200 [TRAIN]:  20%|█▉        | 789/4032 [01:19<05:39,  9.56it/s, Loss=0.012606, Pos=0.012491, Vel=0.00005731]Epoch 3/200 [TRAIN]:  20%|█▉        | 789/4032 [01:19<05:39,  9.56it/s, Loss=0.012606, Pos=0.012491, Vel=0.00005728]Epoch 3/200 [TRAIN]:  20%|█▉        | 791/4032 [01:19<05:43,  9.43it/s, Loss=0.012606, Pos=0.012491, Vel=0.00005728]Epoch 3/200 [TRAIN]:  20%|█▉        | 791/4032 [01:19<05:43,  9.43it/s, Loss=0.012604, Pos=0.012489, Vel=0.00005735]Epoch 3/200 [TRAIN]:  20%|█▉        | 792/4032 [01:19<05:39,  9.53it/s, Loss=0.012604, Pos=0.012489, Vel=0.00005735]Epoch 3/200 [TRAIN]:  20%|█▉        | 792/4032 [01:19<05:39,  9.53it/s, Loss=0.012593, Pos=0.012479, Vel=0.00005733]Epoch 3/200 [TRAIN]:  20%|█▉        | 793/4032 [01:19<05:40,  9.52it/s, Loss=0.012593, Pos=0.012479, Vel=0.00005733]Epoch 3/200 [TRAIN]:  20%|█▉        | 793/4032 [01:19<05:40,  9.52it/s, Loss=0.012589, Pos=0.012474, Vel=0.00005729]Epoch 3/200 [TRAIN]:  20%|█▉        | 793/4032 [01:19<05:40,  9.52it/s, Loss=0.012579, Pos=0.012464, Vel=0.00005726]Epoch 3/200 [TRAIN]:  20%|█▉        | 795/4032 [01:19<05:07, 10.53it/s, Loss=0.012579, Pos=0.012464, Vel=0.00005726]Epoch 3/200 [TRAIN]:  20%|█▉        | 795/4032 [01:19<05:07, 10.53it/s, Loss=0.012708, Pos=0.012593, Vel=0.00005738]Epoch 3/200 [TRAIN]:  20%|█▉        | 795/4032 [01:19<05:07, 10.53it/s, Loss=0.012718, Pos=0.012603, Vel=0.00005735]Epoch 3/200 [TRAIN]:  20%|█▉        | 797/4032 [01:19<05:07, 10.52it/s, Loss=0.012718, Pos=0.012603, Vel=0.00005735]Epoch 3/200 [TRAIN]:  20%|█▉        | 797/4032 [01:19<05:07, 10.52it/s, Loss=0.012731, Pos=0.012615, Vel=0.00005781]Epoch 3/200 [TRAIN]:  20%|█▉        | 797/4032 [01:19<05:07, 10.52it/s, Loss=0.012717, Pos=0.012601, Vel=0.00005780]Epoch 3/200 [TRAIN]:  20%|█▉        | 799/4032 [01:19<05:24,  9.97it/s, Loss=0.012717, Pos=0.012601, Vel=0.00005780]Epoch 3/200 [TRAIN]:  20%|█▉        | 799/4032 [01:20<05:24,  9.97it/s, Loss=0.012718, Pos=0.012602, Vel=0.00005782]Epoch 3/200 [TRAIN]:  20%|█▉        | 799/4032 [01:20<05:24,  9.97it/s, Loss=0.012704, Pos=0.012589, Vel=0.00005781]Epoch 3/200 [TRAIN]:  20%|█▉        | 801/4032 [01:20<05:33,  9.70it/s, Loss=0.012704, Pos=0.012589, Vel=0.00005781]Epoch 3/200 [TRAIN]:  20%|█▉        | 801/4032 [01:20<05:33,  9.70it/s, Loss=0.012694, Pos=0.012579, Vel=0.00005787]Epoch 3/200 [TRAIN]:  20%|█▉        | 802/4032 [01:20<05:43,  9.41it/s, Loss=0.012694, Pos=0.012579, Vel=0.00005787]Epoch 3/200 [TRAIN]:  20%|█▉        | 802/4032 [01:20<05:43,  9.41it/s, Loss=0.012683, Pos=0.012567, Vel=0.00005784]Epoch 3/200 [TRAIN]:  20%|█▉        | 802/4032 [01:20<05:43,  9.41it/s, Loss=0.012692, Pos=0.012576, Vel=0.00005786]Epoch 3/200 [TRAIN]:  20%|█▉        | 804/4032 [01:20<05:40,  9.49it/s, Loss=0.012692, Pos=0.012576, Vel=0.00005786]Epoch 3/200 [TRAIN]:  20%|█▉        | 804/4032 [01:20<05:40,  9.49it/s, Loss=0.012692, Pos=0.012576, Vel=0.00005784]Epoch 3/200 [TRAIN]:  20%|█▉        | 805/4032 [01:20<05:41,  9.44it/s, Loss=0.012692, Pos=0.012576, Vel=0.00005784]Epoch 3/200 [TRAIN]:  20%|█▉        | 805/4032 [01:20<05:41,  9.44it/s, Loss=0.012812, Pos=0.012696, Vel=0.00005801]Epoch 3/200 [TRAIN]:  20%|█▉        | 806/4032 [01:20<05:46,  9.30it/s, Loss=0.012812, Pos=0.012696, Vel=0.00005801]Epoch 3/200 [TRAIN]:  20%|█▉        | 806/4032 [01:20<05:46,  9.30it/s, Loss=0.012816, Pos=0.012700, Vel=0.00005795]Epoch 3/200 [TRAIN]:  20%|██        | 807/4032 [01:20<05:48,  9.24it/s, Loss=0.012816, Pos=0.012700, Vel=0.00005795]Epoch 3/200 [TRAIN]:  20%|██        | 807/4032 [01:20<05:48,  9.24it/s, Loss=0.012812, Pos=0.012696, Vel=0.00005790]Epoch 3/200 [TRAIN]:  20%|██        | 808/4032 [01:20<05:55,  9.06it/s, Loss=0.012812, Pos=0.012696, Vel=0.00005790]Epoch 3/200 [TRAIN]:  20%|██        | 808/4032 [01:21<05:55,  9.06it/s, Loss=0.012800, Pos=0.012684, Vel=0.00005788]Epoch 3/200 [TRAIN]:  20%|██        | 808/4032 [01:21<05:55,  9.06it/s, Loss=0.012791, Pos=0.012675, Vel=0.00005784]Epoch 3/200 [TRAIN]:  20%|██        | 810/4032 [01:21<05:45,  9.32it/s, Loss=0.012791, Pos=0.012675, Vel=0.00005784]Epoch 3/200 [TRAIN]:  20%|██        | 810/4032 [01:21<05:45,  9.32it/s, Loss=0.012781, Pos=0.012665, Vel=0.00005779]Epoch 3/200 [TRAIN]:  20%|██        | 811/4032 [01:21<05:48,  9.25it/s, Loss=0.012781, Pos=0.012665, Vel=0.00005779]Epoch 3/200 [TRAIN]:  20%|██        | 811/4032 [01:21<05:48,  9.25it/s, Loss=0.012784, Pos=0.012669, Vel=0.00005780]Epoch 3/200 [TRAIN]:  20%|██        | 812/4032 [01:21<05:52,  9.13it/s, Loss=0.012784, Pos=0.012669, Vel=0.00005780]Epoch 3/200 [TRAIN]:  20%|██        | 812/4032 [01:21<05:52,  9.13it/s, Loss=0.012776, Pos=0.012661, Vel=0.00005774]Epoch 3/200 [TRAIN]:  20%|██        | 813/4032 [01:21<05:57,  9.01it/s, Loss=0.012776, Pos=0.012661, Vel=0.00005774]Epoch 3/200 [TRAIN]:  20%|██        | 813/4032 [01:21<05:57,  9.01it/s, Loss=0.012776, Pos=0.012661, Vel=0.00005772]Epoch 3/200 [TRAIN]:  20%|██        | 814/4032 [01:21<06:02,  8.87it/s, Loss=0.012776, Pos=0.012661, Vel=0.00005772]Epoch 3/200 [TRAIN]:  20%|██        | 814/4032 [01:21<06:02,  8.87it/s, Loss=0.012783, Pos=0.012667, Vel=0.00005771]Epoch 3/200 [TRAIN]:  20%|██        | 814/4032 [01:21<06:02,  8.87it/s, Loss=0.012776, Pos=0.012660, Vel=0.00005770]Epoch 3/200 [TRAIN]:  20%|██        | 816/4032 [01:21<05:55,  9.05it/s, Loss=0.012776, Pos=0.012660, Vel=0.00005770]Epoch 3/200 [TRAIN]:  20%|██        | 816/4032 [01:21<05:55,  9.05it/s, Loss=0.012778, Pos=0.012663, Vel=0.00005765]Epoch 3/200 [TRAIN]:  20%|██        | 816/4032 [01:22<05:55,  9.05it/s, Loss=0.012769, Pos=0.012654, Vel=0.00005761]Epoch 3/200 [TRAIN]:  20%|██        | 818/4032 [01:22<05:46,  9.27it/s, Loss=0.012769, Pos=0.012654, Vel=0.00005761]Epoch 3/200 [TRAIN]:  20%|██        | 818/4032 [01:22<05:46,  9.27it/s, Loss=0.012768, Pos=0.012653, Vel=0.00005757]Epoch 3/200 [TRAIN]:  20%|██        | 819/4032 [01:22<05:49,  9.20it/s, Loss=0.012768, Pos=0.012653, Vel=0.00005757]Epoch 3/200 [TRAIN]:  20%|██        | 819/4032 [01:22<05:49,  9.20it/s, Loss=0.012761, Pos=0.012646, Vel=0.00005755]Epoch 3/200 [TRAIN]:  20%|██        | 820/4032 [01:22<05:55,  9.02it/s, Loss=0.012761, Pos=0.012646, Vel=0.00005755]Epoch 3/200 [TRAIN]:  20%|██        | 820/4032 [01:22<05:55,  9.02it/s, Loss=0.012750, Pos=0.012635, Vel=0.00005755]Epoch 3/200 [TRAIN]:  20%|██        | 820/4032 [01:22<05:55,  9.02it/s, Loss=0.012745, Pos=0.012630, Vel=0.00005753]Epoch 3/200 [TRAIN]:  20%|██        | 822/4032 [01:22<05:47,  9.25it/s, Loss=0.012745, Pos=0.012630, Vel=0.00005753]Epoch 3/200 [TRAIN]:  20%|██        | 822/4032 [01:22<05:47,  9.25it/s, Loss=0.012737, Pos=0.012622, Vel=0.00005754]Epoch 3/200 [TRAIN]:  20%|██        | 823/4032 [01:22<05:45,  9.28it/s, Loss=0.012737, Pos=0.012622, Vel=0.00005754]Epoch 3/200 [TRAIN]:  20%|██        | 823/4032 [01:22<05:45,  9.28it/s, Loss=0.012724, Pos=0.012609, Vel=0.00005752]Epoch 3/200 [TRAIN]:  20%|██        | 824/4032 [01:22<05:50,  9.16it/s, Loss=0.012724, Pos=0.012609, Vel=0.00005752]Epoch 3/200 [TRAIN]:  20%|██        | 824/4032 [01:22<05:50,  9.16it/s, Loss=0.012717, Pos=0.012602, Vel=0.00005750]Epoch 3/200 [TRAIN]:  20%|██        | 825/4032 [01:22<05:54,  9.05it/s, Loss=0.012717, Pos=0.012602, Vel=0.00005750]Epoch 3/200 [TRAIN]:  20%|██        | 825/4032 [01:22<05:54,  9.05it/s, Loss=0.012711, Pos=0.012597, Vel=0.00005747]Epoch 3/200 [TRAIN]:  20%|██        | 826/4032 [01:22<05:59,  8.92it/s, Loss=0.012711, Pos=0.012597, Vel=0.00005747]Epoch 3/200 [TRAIN]:  20%|██        | 826/4032 [01:23<05:59,  8.92it/s, Loss=0.012714, Pos=0.012599, Vel=0.00005746]Epoch 3/200 [TRAIN]:  21%|██        | 827/4032 [01:23<05:49,  9.17it/s, Loss=0.012714, Pos=0.012599, Vel=0.00005746]Epoch 3/200 [TRAIN]:  21%|██        | 827/4032 [01:23<05:49,  9.17it/s, Loss=0.012705, Pos=0.012590, Vel=0.00005754]Epoch 3/200 [TRAIN]:  21%|██        | 828/4032 [01:23<06:00,  8.88it/s, Loss=0.012705, Pos=0.012590, Vel=0.00005754]Epoch 3/200 [TRAIN]:  21%|██        | 828/4032 [01:23<06:00,  8.88it/s, Loss=0.012710, Pos=0.012595, Vel=0.00005761]Epoch 3/200 [TRAIN]:  21%|██        | 828/4032 [01:23<06:00,  8.88it/s, Loss=0.012704, Pos=0.012589, Vel=0.00005762]Epoch 3/200 [TRAIN]:  21%|██        | 830/4032 [01:23<05:55,  9.01it/s, Loss=0.012704, Pos=0.012589, Vel=0.00005762]Epoch 3/200 [TRAIN]:  21%|██        | 830/4032 [01:23<05:55,  9.01it/s, Loss=0.012705, Pos=0.012590, Vel=0.00005761]Epoch 3/200 [TRAIN]:  21%|██        | 830/4032 [01:23<05:55,  9.01it/s, Loss=0.012702, Pos=0.012586, Vel=0.00005762]Epoch 3/200 [TRAIN]:  21%|██        | 832/4032 [01:23<05:49,  9.16it/s, Loss=0.012702, Pos=0.012586, Vel=0.00005762]Epoch 3/200 [TRAIN]:  21%|██        | 832/4032 [01:23<05:49,  9.16it/s, Loss=0.012710, Pos=0.012595, Vel=0.00005765]Epoch 3/200 [TRAIN]:  21%|██        | 833/4032 [01:23<05:55,  8.99it/s, Loss=0.012710, Pos=0.012595, Vel=0.00005765]Epoch 3/200 [TRAIN]:  21%|██        | 833/4032 [01:23<05:55,  8.99it/s, Loss=0.012699, Pos=0.012584, Vel=0.00005764]Epoch 3/200 [TRAIN]:  21%|██        | 833/4032 [01:23<05:55,  8.99it/s, Loss=0.012688, Pos=0.012573, Vel=0.00005764]Epoch 3/200 [TRAIN]:  21%|██        | 835/4032 [01:23<05:46,  9.21it/s, Loss=0.012688, Pos=0.012573, Vel=0.00005764]Epoch 3/200 [TRAIN]:  21%|██        | 835/4032 [01:24<05:46,  9.21it/s, Loss=0.012675, Pos=0.012559, Vel=0.00005761]Epoch 3/200 [TRAIN]:  21%|██        | 836/4032 [01:24<05:50,  9.12it/s, Loss=0.012675, Pos=0.012559, Vel=0.00005761]Epoch 3/200 [TRAIN]:  21%|██        | 836/4032 [01:24<05:50,  9.12it/s, Loss=0.012670, Pos=0.012555, Vel=0.00005755]Epoch 3/200 [TRAIN]:  21%|██        | 836/4032 [01:24<05:50,  9.12it/s, Loss=0.012662, Pos=0.012547, Vel=0.00005751]Epoch 3/200 [TRAIN]:  21%|██        | 838/4032 [01:24<05:08, 10.34it/s, Loss=0.012662, Pos=0.012547, Vel=0.00005751]Epoch 3/200 [TRAIN]:  21%|██        | 838/4032 [01:24<05:08, 10.34it/s, Loss=0.012663, Pos=0.012548, Vel=0.00005753]Epoch 3/200 [TRAIN]:  21%|██        | 838/4032 [01:24<05:08, 10.34it/s, Loss=0.012660, Pos=0.012545, Vel=0.00005761]Epoch 3/200 [TRAIN]:  21%|██        | 840/4032 [01:24<05:16, 10.09it/s, Loss=0.012660, Pos=0.012545, Vel=0.00005761]Epoch 3/200 [TRAIN]:  21%|██        | 840/4032 [01:24<05:16, 10.09it/s, Loss=0.012649, Pos=0.012534, Vel=0.00005757]Epoch 3/200 [TRAIN]:  21%|██        | 840/4032 [01:24<05:16, 10.09it/s, Loss=0.012644, Pos=0.012529, Vel=0.00005752]Epoch 3/200 [TRAIN]:  21%|██        | 842/4032 [01:24<05:27,  9.74it/s, Loss=0.012644, Pos=0.012529, Vel=0.00005752]Epoch 3/200 [TRAIN]:  21%|██        | 842/4032 [01:24<05:27,  9.74it/s, Loss=0.012635, Pos=0.012520, Vel=0.00005750]Epoch 3/200 [TRAIN]:  21%|██        | 843/4032 [01:24<05:41,  9.34it/s, Loss=0.012635, Pos=0.012520, Vel=0.00005750]Epoch 3/200 [TRAIN]:  21%|██        | 843/4032 [01:24<05:41,  9.34it/s, Loss=0.012650, Pos=0.012535, Vel=0.00005752]Epoch 3/200 [TRAIN]:  21%|██        | 843/4032 [01:24<05:41,  9.34it/s, Loss=0.012643, Pos=0.012528, Vel=0.00005748]Epoch 3/200 [TRAIN]:  21%|██        | 845/4032 [01:24<05:40,  9.35it/s, Loss=0.012643, Pos=0.012528, Vel=0.00005748]Epoch 3/200 [TRAIN]:  21%|██        | 845/4032 [01:25<05:40,  9.35it/s, Loss=0.012635, Pos=0.012520, Vel=0.00005744]Epoch 3/200 [TRAIN]:  21%|██        | 845/4032 [01:25<05:40,  9.35it/s, Loss=0.012629, Pos=0.012514, Vel=0.00005743]Epoch 3/200 [TRAIN]:  21%|██        | 847/4032 [01:25<05:26,  9.75it/s, Loss=0.012629, Pos=0.012514, Vel=0.00005743]Epoch 3/200 [TRAIN]:  21%|██        | 847/4032 [01:25<05:26,  9.75it/s, Loss=0.012641, Pos=0.012526, Vel=0.00005745]Epoch 3/200 [TRAIN]:  21%|██        | 848/4032 [01:25<05:35,  9.48it/s, Loss=0.012641, Pos=0.012526, Vel=0.00005745]Epoch 3/200 [TRAIN]:  21%|██        | 848/4032 [01:25<05:35,  9.48it/s, Loss=0.012630, Pos=0.012515, Vel=0.00005749]Epoch 3/200 [TRAIN]:  21%|██        | 848/4032 [01:25<05:35,  9.48it/s, Loss=0.012622, Pos=0.012507, Vel=0.00005747]Epoch 3/200 [TRAIN]:  21%|██        | 850/4032 [01:25<05:31,  9.60it/s, Loss=0.012622, Pos=0.012507, Vel=0.00005747]Epoch 3/200 [TRAIN]:  21%|██        | 850/4032 [01:25<05:31,  9.60it/s, Loss=0.012613, Pos=0.012498, Vel=0.00005743]Epoch 3/200 [TRAIN]:  21%|██        | 851/4032 [01:25<05:35,  9.47it/s, Loss=0.012613, Pos=0.012498, Vel=0.00005743]Epoch 3/200 [TRAIN]:  21%|██        | 851/4032 [01:25<05:35,  9.47it/s, Loss=0.012611, Pos=0.012496, Vel=0.00005740]Epoch 3/200 [TRAIN]:  21%|██        | 852/4032 [01:25<05:32,  9.57it/s, Loss=0.012611, Pos=0.012496, Vel=0.00005740]Epoch 3/200 [TRAIN]:  21%|██        | 852/4032 [01:25<05:32,  9.57it/s, Loss=0.012622, Pos=0.012507, Vel=0.00005737]Epoch 3/200 [TRAIN]:  21%|██        | 852/4032 [01:25<05:32,  9.57it/s, Loss=0.012609, Pos=0.012495, Vel=0.00005736]Epoch 3/200 [TRAIN]:  21%|██        | 854/4032 [01:25<05:30,  9.60it/s, Loss=0.012609, Pos=0.012495, Vel=0.00005736]Epoch 3/200 [TRAIN]:  21%|██        | 854/4032 [01:25<05:30,  9.60it/s, Loss=0.012613, Pos=0.012498, Vel=0.00005731]Epoch 3/200 [TRAIN]:  21%|██        | 854/4032 [01:25<05:30,  9.60it/s, Loss=0.012603, Pos=0.012489, Vel=0.00005736]Epoch 3/200 [TRAIN]:  21%|██        | 856/4032 [01:25<04:43, 11.21it/s, Loss=0.012603, Pos=0.012489, Vel=0.00005736]Epoch 3/200 [TRAIN]:  21%|██        | 856/4032 [01:26<04:43, 11.21it/s, Loss=0.012629, Pos=0.012514, Vel=0.00005736]Epoch 3/200 [TRAIN]:  21%|██        | 856/4032 [01:26<04:43, 11.21it/s, Loss=0.012615, Pos=0.012500, Vel=0.00005731]Epoch 3/200 [TRAIN]:  21%|██▏       | 858/4032 [01:26<04:59, 10.61it/s, Loss=0.012615, Pos=0.012500, Vel=0.00005731]Epoch 3/200 [TRAIN]:  21%|██▏       | 858/4032 [01:26<04:59, 10.61it/s, Loss=0.012607, Pos=0.012493, Vel=0.00005730]Epoch 3/200 [TRAIN]:  21%|██▏       | 858/4032 [01:26<04:59, 10.61it/s, Loss=0.012601, Pos=0.012486, Vel=0.00005733]Epoch 3/200 [TRAIN]:  21%|██▏       | 860/4032 [01:26<04:32, 11.64it/s, Loss=0.012601, Pos=0.012486, Vel=0.00005733]Epoch 3/200 [TRAIN]:  21%|██▏       | 860/4032 [01:26<04:32, 11.64it/s, Loss=0.012588, Pos=0.012474, Vel=0.00005728]Epoch 3/200 [TRAIN]:  21%|██▏       | 860/4032 [01:26<04:32, 11.64it/s, Loss=0.012579, Pos=0.012465, Vel=0.00005725]Epoch 3/200 [TRAIN]:  21%|██▏       | 862/4032 [01:26<04:51, 10.88it/s, Loss=0.012579, Pos=0.012465, Vel=0.00005725]Epoch 3/200 [TRAIN]:  21%|██▏       | 862/4032 [01:26<04:51, 10.88it/s, Loss=0.012570, Pos=0.012456, Vel=0.00005722]Epoch 3/200 [TRAIN]:  21%|██▏       | 862/4032 [01:26<04:51, 10.88it/s, Loss=0.012564, Pos=0.012450, Vel=0.00005727]Epoch 3/200 [TRAIN]:  21%|██▏       | 864/4032 [01:26<05:10, 10.19it/s, Loss=0.012564, Pos=0.012450, Vel=0.00005727]Epoch 3/200 [TRAIN]:  21%|██▏       | 864/4032 [01:26<05:10, 10.19it/s, Loss=0.012556, Pos=0.012441, Vel=0.00005725]Epoch 3/200 [TRAIN]:  21%|██▏       | 864/4032 [01:26<05:10, 10.19it/s, Loss=0.012552, Pos=0.012437, Vel=0.00005724]Epoch 3/200 [TRAIN]:  21%|██▏       | 866/4032 [01:26<05:21,  9.83it/s, Loss=0.012552, Pos=0.012437, Vel=0.00005724]Epoch 3/200 [TRAIN]:  21%|██▏       | 866/4032 [01:27<05:21,  9.83it/s, Loss=0.012541, Pos=0.012426, Vel=0.00005723]Epoch 3/200 [TRAIN]:  21%|██▏       | 866/4032 [01:27<05:21,  9.83it/s, Loss=0.012536, Pos=0.012422, Vel=0.00005721]Epoch 3/200 [TRAIN]:  22%|██▏       | 868/4032 [01:27<05:28,  9.64it/s, Loss=0.012536, Pos=0.012422, Vel=0.00005721]Epoch 3/200 [TRAIN]:  22%|██▏       | 868/4032 [01:27<05:28,  9.64it/s, Loss=0.012538, Pos=0.012424, Vel=0.00005731]Epoch 3/200 [TRAIN]:  22%|██▏       | 868/4032 [01:27<05:28,  9.64it/s, Loss=0.012535, Pos=0.012421, Vel=0.00005732]Epoch 3/200 [TRAIN]:  22%|██▏       | 870/4032 [01:27<05:31,  9.55it/s, Loss=0.012535, Pos=0.012421, Vel=0.00005732]Epoch 3/200 [TRAIN]:  22%|██▏       | 870/4032 [01:27<05:31,  9.55it/s, Loss=0.012535, Pos=0.012420, Vel=0.00005740]Epoch 3/200 [TRAIN]:  22%|██▏       | 870/4032 [01:27<05:31,  9.55it/s, Loss=0.012529, Pos=0.012415, Vel=0.00005737]Epoch 3/200 [TRAIN]:  22%|██▏       | 872/4032 [01:27<05:32,  9.51it/s, Loss=0.012529, Pos=0.012415, Vel=0.00005737]Epoch 3/200 [TRAIN]:  22%|██▏       | 872/4032 [01:27<05:32,  9.51it/s, Loss=0.012523, Pos=0.012408, Vel=0.00005734]Epoch 3/200 [TRAIN]:  22%|██▏       | 872/4032 [01:27<05:32,  9.51it/s, Loss=0.012513, Pos=0.012399, Vel=0.00005729]Epoch 3/200 [TRAIN]:  22%|██▏       | 874/4032 [01:27<05:37,  9.36it/s, Loss=0.012513, Pos=0.012399, Vel=0.00005729]Epoch 3/200 [TRAIN]:  22%|██▏       | 874/4032 [01:27<05:37,  9.36it/s, Loss=0.012507, Pos=0.012392, Vel=0.00005726]Epoch 3/200 [TRAIN]:  22%|██▏       | 875/4032 [01:27<05:36,  9.39it/s, Loss=0.012507, Pos=0.012392, Vel=0.00005726]Epoch 3/200 [TRAIN]:  22%|██▏       | 875/4032 [01:28<05:36,  9.39it/s, Loss=0.012498, Pos=0.012383, Vel=0.00005723]Epoch 3/200 [TRAIN]:  22%|██▏       | 875/4032 [01:28<05:36,  9.39it/s, Loss=0.012503, Pos=0.012388, Vel=0.00005733]Epoch 3/200 [TRAIN]:  22%|██▏       | 877/4032 [01:28<05:39,  9.29it/s, Loss=0.012503, Pos=0.012388, Vel=0.00005733]Epoch 3/200 [TRAIN]:  22%|██▏       | 877/4032 [01:28<05:39,  9.29it/s, Loss=0.012492, Pos=0.012378, Vel=0.00005729]Epoch 3/200 [TRAIN]:  22%|██▏       | 878/4032 [01:28<05:35,  9.40it/s, Loss=0.012492, Pos=0.012378, Vel=0.00005729]Epoch 3/200 [TRAIN]:  22%|██▏       | 878/4032 [01:28<05:35,  9.40it/s, Loss=0.012492, Pos=0.012378, Vel=0.00005730]Epoch 3/200 [TRAIN]:  22%|██▏       | 879/4032 [01:28<05:41,  9.24it/s, Loss=0.012492, Pos=0.012378, Vel=0.00005730]Epoch 3/200 [TRAIN]:  22%|██▏       | 879/4032 [01:28<05:41,  9.24it/s, Loss=0.012483, Pos=0.012368, Vel=0.00005732]Epoch 3/200 [TRAIN]:  22%|██▏       | 879/4032 [01:28<05:41,  9.24it/s, Loss=0.012489, Pos=0.012374, Vel=0.00005729]Epoch 3/200 [TRAIN]:  22%|██▏       | 881/4032 [01:28<05:40,  9.24it/s, Loss=0.012489, Pos=0.012374, Vel=0.00005729]Epoch 3/200 [TRAIN]:  22%|██▏       | 881/4032 [01:28<05:40,  9.24it/s, Loss=0.012475, Pos=0.012361, Vel=0.00005725]Epoch 3/200 [TRAIN]:  22%|██▏       | 881/4032 [01:28<05:40,  9.24it/s, Loss=0.012469, Pos=0.012355, Vel=0.00005723]Epoch 3/200 [TRAIN]:  22%|██▏       | 883/4032 [01:28<05:24,  9.71it/s, Loss=0.012469, Pos=0.012355, Vel=0.00005723]Epoch 3/200 [TRAIN]:  22%|██▏       | 883/4032 [01:28<05:24,  9.71it/s, Loss=0.012463, Pos=0.012349, Vel=0.00005721]Epoch 3/200 [TRAIN]:  22%|██▏       | 884/4032 [01:28<05:35,  9.38it/s, Loss=0.012463, Pos=0.012349, Vel=0.00005721]Epoch 3/200 [TRAIN]:  22%|██▏       | 884/4032 [01:29<05:35,  9.38it/s, Loss=0.012457, Pos=0.012343, Vel=0.00005716]Epoch 3/200 [TRAIN]:  22%|██▏       | 885/4032 [01:29<05:32,  9.46it/s, Loss=0.012457, Pos=0.012343, Vel=0.00005716]Epoch 3/200 [TRAIN]:  22%|██▏       | 885/4032 [01:29<05:32,  9.46it/s, Loss=0.012447, Pos=0.012333, Vel=0.00005714]Epoch 3/200 [TRAIN]:  22%|██▏       | 886/4032 [01:29<05:32,  9.45it/s, Loss=0.012447, Pos=0.012333, Vel=0.00005714]Epoch 3/200 [TRAIN]:  22%|██▏       | 886/4032 [01:29<05:32,  9.45it/s, Loss=0.012443, Pos=0.012329, Vel=0.00005711]Epoch 3/200 [TRAIN]:  22%|██▏       | 887/4032 [01:29<05:39,  9.27it/s, Loss=0.012443, Pos=0.012329, Vel=0.00005711]Epoch 3/200 [TRAIN]:  22%|██▏       | 887/4032 [01:29<05:39,  9.27it/s, Loss=0.012434, Pos=0.012319, Vel=0.00005714]Epoch 3/200 [TRAIN]:  22%|██▏       | 887/4032 [01:29<05:39,  9.27it/s, Loss=0.012422, Pos=0.012308, Vel=0.00005708]Epoch 3/200 [TRAIN]:  22%|██▏       | 889/4032 [01:29<05:21,  9.77it/s, Loss=0.012422, Pos=0.012308, Vel=0.00005708]Epoch 3/200 [TRAIN]:  22%|██▏       | 889/4032 [01:29<05:21,  9.77it/s, Loss=0.012419, Pos=0.012305, Vel=0.00005707]Epoch 3/200 [TRAIN]:  22%|██▏       | 889/4032 [01:29<05:21,  9.77it/s, Loss=0.012424, Pos=0.012310, Vel=0.00005708]Epoch 3/200 [TRAIN]:  22%|██▏       | 891/4032 [01:29<05:26,  9.62it/s, Loss=0.012424, Pos=0.012310, Vel=0.00005708]Epoch 3/200 [TRAIN]:  22%|██▏       | 891/4032 [01:29<05:26,  9.62it/s, Loss=0.012419, Pos=0.012305, Vel=0.00005703]Epoch 3/200 [TRAIN]:  22%|██▏       | 891/4032 [01:29<05:26,  9.62it/s, Loss=0.012412, Pos=0.012298, Vel=0.00005704]Epoch 3/200 [TRAIN]:  22%|██▏       | 893/4032 [01:29<05:19,  9.83it/s, Loss=0.012412, Pos=0.012298, Vel=0.00005704]Epoch 3/200 [TRAIN]:  22%|██▏       | 893/4032 [01:29<05:19,  9.83it/s, Loss=0.012408, Pos=0.012294, Vel=0.00005701]Epoch 3/200 [TRAIN]:  22%|██▏       | 894/4032 [01:29<05:29,  9.53it/s, Loss=0.012408, Pos=0.012294, Vel=0.00005701]Epoch 3/200 [TRAIN]:  22%|██▏       | 894/4032 [01:30<05:29,  9.53it/s, Loss=0.012407, Pos=0.012293, Vel=0.00005698]Epoch 3/200 [TRAIN]:  22%|██▏       | 894/4032 [01:30<05:29,  9.53it/s, Loss=0.012398, Pos=0.012284, Vel=0.00005694]Epoch 3/200 [TRAIN]:  22%|██▏       | 896/4032 [01:30<05:31,  9.46it/s, Loss=0.012398, Pos=0.012284, Vel=0.00005694]Epoch 3/200 [TRAIN]:  22%|██▏       | 896/4032 [01:30<05:31,  9.46it/s, Loss=0.012392, Pos=0.012278, Vel=0.00005697]Epoch 3/200 [TRAIN]:  22%|██▏       | 896/4032 [01:30<05:31,  9.46it/s, Loss=0.012383, Pos=0.012269, Vel=0.00005691]Epoch 3/200 [TRAIN]:  22%|██▏       | 896/4032 [01:30<05:31,  9.46it/s, Loss=0.012459, Pos=0.012345, Vel=0.00005699]Epoch 3/200 [TRAIN]:  22%|██▏       | 899/4032 [01:30<04:32, 11.51it/s, Loss=0.012459, Pos=0.012345, Vel=0.00005699]Epoch 3/200 [TRAIN]:  22%|██▏       | 899/4032 [01:30<04:32, 11.51it/s, Loss=0.012453, Pos=0.012339, Vel=0.00005695]Epoch 3/200 [TRAIN]:  22%|██▏       | 899/4032 [01:30<04:32, 11.51it/s, Loss=0.012489, Pos=0.012375, Vel=0.00005692]Epoch 3/200 [TRAIN]:  22%|██▏       | 901/4032 [01:30<04:50, 10.76it/s, Loss=0.012489, Pos=0.012375, Vel=0.00005692]Epoch 3/200 [TRAIN]:  22%|██▏       | 901/4032 [01:30<04:50, 10.76it/s, Loss=0.012485, Pos=0.012372, Vel=0.00005688]Epoch 3/200 [TRAIN]:  22%|██▏       | 901/4032 [01:30<04:50, 10.76it/s, Loss=0.012486, Pos=0.012372, Vel=0.00005694]Epoch 3/200 [TRAIN]:  22%|██▏       | 903/4032 [01:30<04:42, 11.09it/s, Loss=0.012486, Pos=0.012372, Vel=0.00005694]Epoch 3/200 [TRAIN]:  22%|██▏       | 903/4032 [01:30<04:42, 11.09it/s, Loss=0.012478, Pos=0.012365, Vel=0.00005694]Epoch 3/200 [TRAIN]:  22%|██▏       | 903/4032 [01:30<04:42, 11.09it/s, Loss=0.012467, Pos=0.012353, Vel=0.00005689]Epoch 3/200 [TRAIN]:  22%|██▏       | 905/4032 [01:30<04:39, 11.20it/s, Loss=0.012467, Pos=0.012353, Vel=0.00005689]Epoch 3/200 [TRAIN]:  22%|██▏       | 905/4032 [01:31<04:39, 11.20it/s, Loss=0.012473, Pos=0.012360, Vel=0.00005692]Epoch 3/200 [TRAIN]:  22%|██▏       | 905/4032 [01:31<04:39, 11.20it/s, Loss=0.012474, Pos=0.012360, Vel=0.00005698]Epoch 3/200 [TRAIN]:  22%|██▏       | 907/4032 [01:31<04:53, 10.64it/s, Loss=0.012474, Pos=0.012360, Vel=0.00005698]Epoch 3/200 [TRAIN]:  22%|██▏       | 907/4032 [01:31<04:53, 10.64it/s, Loss=0.012464, Pos=0.012350, Vel=0.00005694]Epoch 3/200 [TRAIN]:  22%|██▏       | 907/4032 [01:31<04:53, 10.64it/s, Loss=0.012459, Pos=0.012345, Vel=0.00005689]Epoch 3/200 [TRAIN]:  23%|██▎       | 909/4032 [01:31<05:07, 10.17it/s, Loss=0.012459, Pos=0.012345, Vel=0.00005689]Epoch 3/200 [TRAIN]:  23%|██▎       | 909/4032 [01:31<05:07, 10.17it/s, Loss=0.012457, Pos=0.012343, Vel=0.00005692]Epoch 3/200 [TRAIN]:  23%|██▎       | 909/4032 [01:31<05:07, 10.17it/s, Loss=0.012455, Pos=0.012341, Vel=0.00005695]Epoch 3/200 [TRAIN]:  23%|██▎       | 911/4032 [01:31<05:15,  9.88it/s, Loss=0.012455, Pos=0.012341, Vel=0.00005695]Epoch 3/200 [TRAIN]:  23%|██▎       | 911/4032 [01:31<05:15,  9.88it/s, Loss=0.012453, Pos=0.012339, Vel=0.00005698]Epoch 3/200 [TRAIN]:  23%|██▎       | 912/4032 [01:31<05:24,  9.60it/s, Loss=0.012453, Pos=0.012339, Vel=0.00005698]Epoch 3/200 [TRAIN]:  23%|██▎       | 912/4032 [01:31<05:24,  9.60it/s, Loss=0.012443, Pos=0.012329, Vel=0.00005694]Epoch 3/200 [TRAIN]:  23%|██▎       | 912/4032 [01:31<05:24,  9.60it/s, Loss=0.012442, Pos=0.012328, Vel=0.00005697]Epoch 3/200 [TRAIN]:  23%|██▎       | 914/4032 [01:31<05:23,  9.64it/s, Loss=0.012442, Pos=0.012328, Vel=0.00005697]Epoch 3/200 [TRAIN]:  23%|██▎       | 914/4032 [01:31<05:23,  9.64it/s, Loss=0.012446, Pos=0.012332, Vel=0.00005704]Epoch 3/200 [TRAIN]:  23%|██▎       | 915/4032 [01:31<05:27,  9.50it/s, Loss=0.012446, Pos=0.012332, Vel=0.00005704]Epoch 3/200 [TRAIN]:  23%|██▎       | 915/4032 [01:32<05:27,  9.50it/s, Loss=0.012448, Pos=0.012333, Vel=0.00005715]Epoch 3/200 [TRAIN]:  23%|██▎       | 915/4032 [01:32<05:27,  9.50it/s, Loss=0.012446, Pos=0.012331, Vel=0.00005721]Epoch 3/200 [TRAIN]:  23%|██▎       | 917/4032 [01:32<04:59, 10.39it/s, Loss=0.012446, Pos=0.012331, Vel=0.00005721]Epoch 3/200 [TRAIN]:  23%|██▎       | 917/4032 [01:32<04:59, 10.39it/s, Loss=0.012439, Pos=0.012325, Vel=0.00005717]Epoch 3/200 [TRAIN]:  23%|██▎       | 917/4032 [01:32<04:59, 10.39it/s, Loss=0.012437, Pos=0.012323, Vel=0.00005715]Epoch 3/200 [TRAIN]:  23%|██▎       | 919/4032 [01:32<05:07, 10.12it/s, Loss=0.012437, Pos=0.012323, Vel=0.00005715]Epoch 3/200 [TRAIN]:  23%|██▎       | 919/4032 [01:32<05:07, 10.12it/s, Loss=0.012442, Pos=0.012327, Vel=0.00005719]Epoch 3/200 [TRAIN]:  23%|██▎       | 919/4032 [01:32<05:07, 10.12it/s, Loss=0.012445, Pos=0.012331, Vel=0.00005714]Epoch 3/200 [TRAIN]:  23%|██▎       | 921/4032 [01:32<05:14,  9.91it/s, Loss=0.012445, Pos=0.012331, Vel=0.00005714]Epoch 3/200 [TRAIN]:  23%|██▎       | 921/4032 [01:32<05:14,  9.91it/s, Loss=0.012448, Pos=0.012334, Vel=0.00005711]Epoch 3/200 [TRAIN]:  23%|██▎       | 922/4032 [01:32<05:19,  9.73it/s, Loss=0.012448, Pos=0.012334, Vel=0.00005711]Epoch 3/200 [TRAIN]:  23%|██▎       | 922/4032 [01:32<05:19,  9.73it/s, Loss=0.012451, Pos=0.012336, Vel=0.00005707]Epoch 3/200 [TRAIN]:  23%|██▎       | 923/4032 [01:32<05:27,  9.49it/s, Loss=0.012451, Pos=0.012336, Vel=0.00005707]Epoch 3/200 [TRAIN]:  23%|██▎       | 923/4032 [01:32<05:27,  9.49it/s, Loss=0.012446, Pos=0.012332, Vel=0.00005712]Epoch 3/200 [TRAIN]:  23%|██▎       | 924/4032 [01:32<05:24,  9.59it/s, Loss=0.012446, Pos=0.012332, Vel=0.00005712]Epoch 3/200 [TRAIN]:  23%|██▎       | 924/4032 [01:33<05:24,  9.59it/s, Loss=0.012437, Pos=0.012323, Vel=0.00005714]Epoch 3/200 [TRAIN]:  23%|██▎       | 925/4032 [01:33<05:35,  9.25it/s, Loss=0.012437, Pos=0.012323, Vel=0.00005714]Epoch 3/200 [TRAIN]:  23%|██▎       | 925/4032 [01:33<05:35,  9.25it/s, Loss=0.012433, Pos=0.012319, Vel=0.00005712]Epoch 3/200 [TRAIN]:  23%|██▎       | 925/4032 [01:33<05:35,  9.25it/s, Loss=0.012428, Pos=0.012314, Vel=0.00005709]Epoch 3/200 [TRAIN]:  23%|██▎       | 927/4032 [01:33<05:38,  9.17it/s, Loss=0.012428, Pos=0.012314, Vel=0.00005709]Epoch 3/200 [TRAIN]:  23%|██▎       | 927/4032 [01:33<05:38,  9.17it/s, Loss=0.012442, Pos=0.012328, Vel=0.00005704]Epoch 3/200 [TRAIN]:  23%|██▎       | 927/4032 [01:33<05:38,  9.17it/s, Loss=0.012434, Pos=0.012320, Vel=0.00005700]Epoch 3/200 [TRAIN]:  23%|██▎       | 929/4032 [01:33<05:34,  9.28it/s, Loss=0.012434, Pos=0.012320, Vel=0.00005700]Epoch 3/200 [TRAIN]:  23%|██▎       | 929/4032 [01:33<05:34,  9.28it/s, Loss=0.012426, Pos=0.012312, Vel=0.00005699]Epoch 3/200 [TRAIN]:  23%|██▎       | 930/4032 [01:33<05:42,  9.07it/s, Loss=0.012426, Pos=0.012312, Vel=0.00005699]Epoch 3/200 [TRAIN]:  23%|██▎       | 930/4032 [01:33<05:42,  9.07it/s, Loss=0.012418, Pos=0.012304, Vel=0.00005694]Epoch 3/200 [TRAIN]:  23%|██▎       | 930/4032 [01:33<05:42,  9.07it/s, Loss=0.012419, Pos=0.012305, Vel=0.00005691]Epoch 3/200 [TRAIN]:  23%|██▎       | 932/4032 [01:33<05:33,  9.29it/s, Loss=0.012419, Pos=0.012305, Vel=0.00005691]Epoch 3/200 [TRAIN]:  23%|██▎       | 932/4032 [01:33<05:33,  9.29it/s, Loss=0.012412, Pos=0.012298, Vel=0.00005699]Epoch 3/200 [TRAIN]:  23%|██▎       | 933/4032 [01:33<05:40,  9.09it/s, Loss=0.012412, Pos=0.012298, Vel=0.00005699]Epoch 3/200 [TRAIN]:  23%|██▎       | 933/4032 [01:33<05:40,  9.09it/s, Loss=0.012416, Pos=0.012302, Vel=0.00005695]Epoch 3/200 [TRAIN]:  23%|██▎       | 933/4032 [01:34<05:40,  9.09it/s, Loss=0.012416, Pos=0.012302, Vel=0.00005692]Epoch 3/200 [TRAIN]:  23%|██▎       | 935/4032 [01:34<05:37,  9.17it/s, Loss=0.012416, Pos=0.012302, Vel=0.00005692]Epoch 3/200 [TRAIN]:  23%|██▎       | 935/4032 [01:34<05:37,  9.17it/s, Loss=0.012409, Pos=0.012295, Vel=0.00005694]Epoch 3/200 [TRAIN]:  23%|██▎       | 935/4032 [01:34<05:37,  9.17it/s, Loss=0.012401, Pos=0.012287, Vel=0.00005691]Epoch 3/200 [TRAIN]:  23%|██▎       | 937/4032 [01:34<05:23,  9.56it/s, Loss=0.012401, Pos=0.012287, Vel=0.00005691]Epoch 3/200 [TRAIN]:  23%|██▎       | 937/4032 [01:34<05:23,  9.56it/s, Loss=0.012401, Pos=0.012287, Vel=0.00005694]Epoch 3/200 [TRAIN]:  23%|██▎       | 938/4032 [01:34<05:33,  9.29it/s, Loss=0.012401, Pos=0.012287, Vel=0.00005694]Epoch 3/200 [TRAIN]:  23%|██▎       | 938/4032 [01:34<05:33,  9.29it/s, Loss=0.012395, Pos=0.012281, Vel=0.00005693]Epoch 3/200 [TRAIN]:  23%|██▎       | 938/4032 [01:34<05:33,  9.29it/s, Loss=0.012511, Pos=0.012397, Vel=0.00005708]Epoch 3/200 [TRAIN]:  23%|██▎       | 940/4032 [01:34<05:32,  9.31it/s, Loss=0.012511, Pos=0.012397, Vel=0.00005708]Epoch 3/200 [TRAIN]:  23%|██▎       | 940/4032 [01:34<05:32,  9.31it/s, Loss=0.012513, Pos=0.012399, Vel=0.00005704]Epoch 3/200 [TRAIN]:  23%|██▎       | 940/4032 [01:34<05:32,  9.31it/s, Loss=0.012502, Pos=0.012388, Vel=0.00005705]Epoch 3/200 [TRAIN]:  23%|██▎       | 942/4032 [01:34<05:33,  9.27it/s, Loss=0.012502, Pos=0.012388, Vel=0.00005705]Epoch 3/200 [TRAIN]:  23%|██▎       | 942/4032 [01:34<05:33,  9.27it/s, Loss=0.012495, Pos=0.012381, Vel=0.00005702]Epoch 3/200 [TRAIN]:  23%|██▎       | 943/4032 [01:34<05:36,  9.17it/s, Loss=0.012495, Pos=0.012381, Vel=0.00005702]Epoch 3/200 [TRAIN]:  23%|██▎       | 943/4032 [01:35<05:36,  9.17it/s, Loss=0.012485, Pos=0.012371, Vel=0.00005697]Epoch 3/200 [TRAIN]:  23%|██▎       | 944/4032 [01:35<05:44,  8.97it/s, Loss=0.012485, Pos=0.012371, Vel=0.00005697]Epoch 3/200 [TRAIN]:  23%|██▎       | 944/4032 [01:35<05:44,  8.97it/s, Loss=0.012487, Pos=0.012373, Vel=0.00005698]Epoch 3/200 [TRAIN]:  23%|██▎       | 945/4032 [01:35<05:36,  9.16it/s, Loss=0.012487, Pos=0.012373, Vel=0.00005698]Epoch 3/200 [TRAIN]:  23%|██▎       | 945/4032 [01:35<05:36,  9.16it/s, Loss=0.012481, Pos=0.012367, Vel=0.00005702]Epoch 3/200 [TRAIN]:  23%|██▎       | 945/4032 [01:35<05:36,  9.16it/s, Loss=0.012472, Pos=0.012358, Vel=0.00005697]Epoch 3/200 [TRAIN]:  23%|██▎       | 947/4032 [01:35<04:55, 10.43it/s, Loss=0.012472, Pos=0.012358, Vel=0.00005697]Epoch 3/200 [TRAIN]:  23%|██▎       | 947/4032 [01:35<04:55, 10.43it/s, Loss=0.012462, Pos=0.012348, Vel=0.00005695]Epoch 3/200 [TRAIN]:  23%|██▎       | 947/4032 [01:35<04:55, 10.43it/s, Loss=0.012479, Pos=0.012366, Vel=0.00005695]Epoch 3/200 [TRAIN]:  24%|██▎       | 949/4032 [01:35<05:05, 10.11it/s, Loss=0.012479, Pos=0.012366, Vel=0.00005695]Epoch 3/200 [TRAIN]:  24%|██▎       | 949/4032 [01:35<05:05, 10.11it/s, Loss=0.012497, Pos=0.012383, Vel=0.00005700]Epoch 3/200 [TRAIN]:  24%|██▎       | 949/4032 [01:35<05:05, 10.11it/s, Loss=0.012497, Pos=0.012383, Vel=0.00005699]Epoch 3/200 [TRAIN]:  24%|██▎       | 951/4032 [01:35<05:18,  9.68it/s, Loss=0.012497, Pos=0.012383, Vel=0.00005699]Epoch 3/200 [TRAIN]:  24%|██▎       | 951/4032 [01:35<05:18,  9.68it/s, Loss=0.012491, Pos=0.012377, Vel=0.00005700]Epoch 3/200 [TRAIN]:  24%|██▎       | 952/4032 [01:35<05:23,  9.53it/s, Loss=0.012491, Pos=0.012377, Vel=0.00005700]Epoch 3/200 [TRAIN]:  24%|██▎       | 952/4032 [01:36<05:23,  9.53it/s, Loss=0.012492, Pos=0.012378, Vel=0.00005696]Epoch 3/200 [TRAIN]:  24%|██▎       | 953/4032 [01:36<05:27,  9.41it/s, Loss=0.012492, Pos=0.012378, Vel=0.00005696]Epoch 3/200 [TRAIN]:  24%|██▎       | 953/4032 [01:36<05:27,  9.41it/s, Loss=0.012481, Pos=0.012368, Vel=0.00005692]Epoch 3/200 [TRAIN]:  24%|██▎       | 953/4032 [01:36<05:27,  9.41it/s, Loss=0.012474, Pos=0.012360, Vel=0.00005690]Epoch 3/200 [TRAIN]:  24%|██▎       | 955/4032 [01:36<05:24,  9.47it/s, Loss=0.012474, Pos=0.012360, Vel=0.00005690]Epoch 3/200 [TRAIN]:  24%|██▎       | 955/4032 [01:36<05:24,  9.47it/s, Loss=0.012476, Pos=0.012362, Vel=0.00005699]Epoch 3/200 [TRAIN]:  24%|██▎       | 956/4032 [01:36<05:27,  9.40it/s, Loss=0.012476, Pos=0.012362, Vel=0.00005699]Epoch 3/200 [TRAIN]:  24%|██▎       | 956/4032 [01:36<05:27,  9.40it/s, Loss=0.012470, Pos=0.012356, Vel=0.00005699]Epoch 3/200 [TRAIN]:  24%|██▎       | 957/4032 [01:36<05:37,  9.11it/s, Loss=0.012470, Pos=0.012356, Vel=0.00005699]Epoch 3/200 [TRAIN]:  24%|██▎       | 957/4032 [01:36<05:37,  9.11it/s, Loss=0.012527, Pos=0.012413, Vel=0.00005700]Epoch 3/200 [TRAIN]:  24%|██▎       | 957/4032 [01:36<05:37,  9.11it/s, Loss=0.012519, Pos=0.012405, Vel=0.00005700]Epoch 3/200 [TRAIN]:  24%|██▍       | 959/4032 [01:36<05:33,  9.21it/s, Loss=0.012519, Pos=0.012405, Vel=0.00005700]Epoch 3/200 [TRAIN]:  24%|██▍       | 959/4032 [01:36<05:33,  9.21it/s, Loss=0.012509, Pos=0.012395, Vel=0.00005699]Epoch 3/200 [TRAIN]:  24%|██▍       | 960/4032 [01:36<05:41,  8.99it/s, Loss=0.012509, Pos=0.012395, Vel=0.00005699]Epoch 3/200 [TRAIN]:  24%|██▍       | 960/4032 [01:36<05:41,  8.99it/s, Loss=0.012514, Pos=0.012399, Vel=0.00005746]Epoch 3/200 [TRAIN]:  24%|██▍       | 961/4032 [01:36<05:33,  9.21it/s, Loss=0.012514, Pos=0.012399, Vel=0.00005746]Epoch 3/200 [TRAIN]:  24%|██▍       | 961/4032 [01:36<05:33,  9.21it/s, Loss=0.012514, Pos=0.012399, Vel=0.00005742]Epoch 3/200 [TRAIN]:  24%|██▍       | 962/4032 [01:36<05:33,  9.20it/s, Loss=0.012514, Pos=0.012399, Vel=0.00005742]Epoch 3/200 [TRAIN]:  24%|██▍       | 962/4032 [01:37<05:33,  9.20it/s, Loss=0.012507, Pos=0.012393, Vel=0.00005738]Epoch 3/200 [TRAIN]:  24%|██▍       | 963/4032 [01:37<05:38,  9.07it/s, Loss=0.012507, Pos=0.012393, Vel=0.00005738]Epoch 3/200 [TRAIN]:  24%|██▍       | 963/4032 [01:37<05:38,  9.07it/s, Loss=0.012504, Pos=0.012389, Vel=0.00005734]Epoch 3/200 [TRAIN]:  24%|██▍       | 963/4032 [01:37<05:38,  9.07it/s, Loss=0.012495, Pos=0.012380, Vel=0.00005740]Epoch 3/200 [TRAIN]:  24%|██▍       | 965/4032 [01:37<04:49, 10.58it/s, Loss=0.012495, Pos=0.012380, Vel=0.00005740]Epoch 3/200 [TRAIN]:  24%|██▍       | 965/4032 [01:37<04:49, 10.58it/s, Loss=0.012498, Pos=0.012383, Vel=0.00005755]Epoch 3/200 [TRAIN]:  24%|██▍       | 965/4032 [01:37<04:49, 10.58it/s, Loss=0.012489, Pos=0.012374, Vel=0.00005761]Epoch 3/200 [TRAIN]:  24%|██▍       | 967/4032 [01:37<04:51, 10.53it/s, Loss=0.012489, Pos=0.012374, Vel=0.00005761]Epoch 3/200 [TRAIN]:  24%|██▍       | 967/4032 [01:37<04:51, 10.53it/s, Loss=0.012497, Pos=0.012382, Vel=0.00005760]Epoch 3/200 [TRAIN]:  24%|██▍       | 967/4032 [01:37<04:51, 10.53it/s, Loss=0.012488, Pos=0.012373, Vel=0.00005759]Epoch 3/200 [TRAIN]:  24%|██▍       | 969/4032 [01:37<05:07,  9.97it/s, Loss=0.012488, Pos=0.012373, Vel=0.00005759]Epoch 3/200 [TRAIN]:  24%|██▍       | 969/4032 [01:37<05:07,  9.97it/s, Loss=0.012500, Pos=0.012385, Vel=0.00005760]Epoch 3/200 [TRAIN]:  24%|██▍       | 969/4032 [01:37<05:07,  9.97it/s, Loss=0.012489, Pos=0.012374, Vel=0.00005765]Epoch 3/200 [TRAIN]:  24%|██▍       | 971/4032 [01:37<04:23, 11.63it/s, Loss=0.012489, Pos=0.012374, Vel=0.00005765]Epoch 3/200 [TRAIN]:  24%|██▍       | 971/4032 [01:37<04:23, 11.63it/s, Loss=0.012496, Pos=0.012380, Vel=0.00005762]Epoch 3/200 [TRAIN]:  24%|██▍       | 971/4032 [01:37<04:23, 11.63it/s, Loss=0.012493, Pos=0.012377, Vel=0.00005764]Epoch 3/200 [TRAIN]:  24%|██▍       | 973/4032 [01:37<04:49, 10.58it/s, Loss=0.012493, Pos=0.012377, Vel=0.00005764]Epoch 3/200 [TRAIN]:  24%|██▍       | 973/4032 [01:38<04:49, 10.58it/s, Loss=0.012489, Pos=0.012374, Vel=0.00005761]Epoch 3/200 [TRAIN]:  24%|██▍       | 973/4032 [01:38<04:49, 10.58it/s, Loss=0.012480, Pos=0.012365, Vel=0.00005758]Epoch 3/200 [TRAIN]:  24%|██▍       | 975/4032 [01:38<04:49, 10.56it/s, Loss=0.012480, Pos=0.012365, Vel=0.00005758]Epoch 3/200 [TRAIN]:  24%|██▍       | 975/4032 [01:38<04:49, 10.56it/s, Loss=0.012472, Pos=0.012356, Vel=0.00005756]Epoch 3/200 [TRAIN]:  24%|██▍       | 975/4032 [01:38<04:49, 10.56it/s, Loss=0.012464, Pos=0.012349, Vel=0.00005751]Epoch 3/200 [TRAIN]:  24%|██▍       | 977/4032 [01:38<05:06,  9.96it/s, Loss=0.012464, Pos=0.012349, Vel=0.00005751]Epoch 3/200 [TRAIN]:  24%|██▍       | 977/4032 [01:38<05:06,  9.96it/s, Loss=0.012455, Pos=0.012340, Vel=0.00005751]Epoch 3/200 [TRAIN]:  24%|██▍       | 977/4032 [01:38<05:06,  9.96it/s, Loss=0.012446, Pos=0.012331, Vel=0.00005751]Epoch 3/200 [TRAIN]:  24%|██▍       | 979/4032 [01:38<05:09,  9.87it/s, Loss=0.012446, Pos=0.012331, Vel=0.00005751]Epoch 3/200 [TRAIN]:  24%|██▍       | 979/4032 [01:38<05:09,  9.87it/s, Loss=0.012439, Pos=0.012324, Vel=0.00005750]Epoch 3/200 [TRAIN]:  24%|██▍       | 979/4032 [01:38<05:09,  9.87it/s, Loss=0.012439, Pos=0.012324, Vel=0.00005764]Epoch 3/200 [TRAIN]:  24%|██▍       | 981/4032 [01:38<04:51, 10.45it/s, Loss=0.012439, Pos=0.012324, Vel=0.00005764]Epoch 3/200 [TRAIN]:  24%|██▍       | 981/4032 [01:38<04:51, 10.45it/s, Loss=0.012430, Pos=0.012315, Vel=0.00005763]Epoch 3/200 [TRAIN]:  24%|██▍       | 981/4032 [01:39<04:51, 10.45it/s, Loss=0.012428, Pos=0.012312, Vel=0.00005761]Epoch 3/200 [TRAIN]:  24%|██▍       | 983/4032 [01:39<05:06,  9.94it/s, Loss=0.012428, Pos=0.012312, Vel=0.00005761]Epoch 3/200 [TRAIN]:  24%|██▍       | 983/4032 [01:39<05:06,  9.94it/s, Loss=0.012442, Pos=0.012326, Vel=0.00005773]Epoch 3/200 [TRAIN]:  24%|██▍       | 983/4032 [01:39<05:06,  9.94it/s, Loss=0.012436, Pos=0.012320, Vel=0.00005774]Epoch 3/200 [TRAIN]:  24%|██▍       | 985/4032 [01:39<05:00, 10.15it/s, Loss=0.012436, Pos=0.012320, Vel=0.00005774]Epoch 3/200 [TRAIN]:  24%|██▍       | 985/4032 [01:39<05:00, 10.15it/s, Loss=0.012430, Pos=0.012315, Vel=0.00005770]Epoch 3/200 [TRAIN]:  24%|██▍       | 985/4032 [01:39<05:00, 10.15it/s, Loss=0.012436, Pos=0.012320, Vel=0.00005773]Epoch 3/200 [TRAIN]:  24%|██▍       | 987/4032 [01:39<05:12,  9.74it/s, Loss=0.012436, Pos=0.012320, Vel=0.00005773]Epoch 3/200 [TRAIN]:  24%|██▍       | 987/4032 [01:39<05:12,  9.74it/s, Loss=0.012425, Pos=0.012310, Vel=0.00005773]Epoch 3/200 [TRAIN]:  25%|██▍       | 988/4032 [01:39<05:23,  9.41it/s, Loss=0.012425, Pos=0.012310, Vel=0.00005773]Epoch 3/200 [TRAIN]:  25%|██▍       | 988/4032 [01:39<05:23,  9.41it/s, Loss=0.012436, Pos=0.012320, Vel=0.00005780]Epoch 3/200 [TRAIN]:  25%|██▍       | 988/4032 [01:39<05:23,  9.41it/s, Loss=0.012428, Pos=0.012312, Vel=0.00005776]Epoch 3/200 [TRAIN]:  25%|██▍       | 990/4032 [01:39<05:24,  9.37it/s, Loss=0.012428, Pos=0.012312, Vel=0.00005776]Epoch 3/200 [TRAIN]:  25%|██▍       | 990/4032 [01:39<05:24,  9.37it/s, Loss=0.012418, Pos=0.012303, Vel=0.00005776]Epoch 3/200 [TRAIN]:  25%|██▍       | 991/4032 [01:39<05:25,  9.33it/s, Loss=0.012418, Pos=0.012303, Vel=0.00005776]Epoch 3/200 [TRAIN]:  25%|██▍       | 991/4032 [01:39<05:25,  9.33it/s, Loss=0.012411, Pos=0.012296, Vel=0.00005773]Epoch 3/200 [TRAIN]:  25%|██▍       | 991/4032 [01:40<05:25,  9.33it/s, Loss=0.012408, Pos=0.012293, Vel=0.00005772]Epoch 3/200 [TRAIN]:  25%|██▍       | 993/4032 [01:40<05:10,  9.77it/s, Loss=0.012408, Pos=0.012293, Vel=0.00005772]Epoch 3/200 [TRAIN]:  25%|██▍       | 993/4032 [01:40<05:10,  9.77it/s, Loss=0.012410, Pos=0.012295, Vel=0.00005776]Epoch 3/200 [TRAIN]:  25%|██▍       | 993/4032 [01:40<05:10,  9.77it/s, Loss=0.012409, Pos=0.012293, Vel=0.00005775]Epoch 3/200 [TRAIN]:  25%|██▍       | 995/4032 [01:40<05:07,  9.86it/s, Loss=0.012409, Pos=0.012293, Vel=0.00005775]Epoch 3/200 [TRAIN]:  25%|██▍       | 995/4032 [01:40<05:07,  9.86it/s, Loss=0.012404, Pos=0.012288, Vel=0.00005780]Epoch 3/200 [TRAIN]:  25%|██▍       | 996/4032 [01:40<05:19,  9.50it/s, Loss=0.012404, Pos=0.012288, Vel=0.00005780]Epoch 3/200 [TRAIN]:  25%|██▍       | 996/4032 [01:40<05:19,  9.50it/s, Loss=0.012437, Pos=0.012321, Vel=0.00005809]Epoch 3/200 [TRAIN]:  25%|██▍       | 997/4032 [01:40<05:16,  9.58it/s, Loss=0.012437, Pos=0.012321, Vel=0.00005809]Epoch 3/200 [TRAIN]:  25%|██▍       | 997/4032 [01:40<05:16,  9.58it/s, Loss=0.012427, Pos=0.012311, Vel=0.00005807]Epoch 3/200 [TRAIN]:  25%|██▍       | 998/4032 [01:40<05:25,  9.33it/s, Loss=0.012427, Pos=0.012311, Vel=0.00005807]Epoch 3/200 [TRAIN]:  25%|██▍       | 998/4032 [01:40<05:25,  9.33it/s, Loss=0.012435, Pos=0.012319, Vel=0.00005807]Epoch 3/200 [TRAIN]:  25%|██▍       | 998/4032 [01:40<05:25,  9.33it/s, Loss=0.012432, Pos=0.012316, Vel=0.00005812]Epoch 3/200 [TRAIN]:  25%|██▍       | 1000/4032 [01:40<05:28,  9.23it/s, Loss=0.012432, Pos=0.012316, Vel=0.00005812]Epoch 3/200 [TRAIN]:  25%|██▍       | 1000/4032 [01:40<05:28,  9.23it/s, Loss=0.012421, Pos=0.012305, Vel=0.00005809]Epoch 3/200 [TRAIN]:  25%|██▍       | 1000/4032 [01:41<05:28,  9.23it/s, Loss=0.012418, Pos=0.012302, Vel=0.00005805]Epoch 3/200 [TRAIN]:  25%|██▍       | 1002/4032 [01:41<05:24,  9.34it/s, Loss=0.012418, Pos=0.012302, Vel=0.00005805]Epoch 3/200 [TRAIN]:  25%|██▍       | 1002/4032 [01:41<05:24,  9.34it/s, Loss=0.012410, Pos=0.012293, Vel=0.00005813]Epoch 3/200 [TRAIN]:  25%|██▍       | 1003/4032 [01:41<05:23,  9.35it/s, Loss=0.012410, Pos=0.012293, Vel=0.00005813]Epoch 3/200 [TRAIN]:  25%|██▍       | 1003/4032 [01:41<05:23,  9.35it/s, Loss=0.012400, Pos=0.012284, Vel=0.00005807]Epoch 3/200 [TRAIN]:  25%|██▍       | 1004/4032 [01:41<05:29,  9.20it/s, Loss=0.012400, Pos=0.012284, Vel=0.00005807]Epoch 3/200 [TRAIN]:  25%|██▍       | 1004/4032 [01:41<05:29,  9.20it/s, Loss=0.012390, Pos=0.012274, Vel=0.00005806]Epoch 3/200 [TRAIN]:  25%|██▍       | 1005/4032 [01:41<05:24,  9.33it/s, Loss=0.012390, Pos=0.012274, Vel=0.00005806]Epoch 3/200 [TRAIN]:  25%|██▍       | 1005/4032 [01:41<05:24,  9.33it/s, Loss=0.012384, Pos=0.012268, Vel=0.00005802]Epoch 3/200 [TRAIN]:  25%|██▍       | 1006/4032 [01:41<05:31,  9.12it/s, Loss=0.012384, Pos=0.012268, Vel=0.00005802]Epoch 3/200 [TRAIN]:  25%|██▍       | 1006/4032 [01:41<05:31,  9.12it/s, Loss=0.012374, Pos=0.012258, Vel=0.00005798]Epoch 3/200 [TRAIN]:  25%|██▍       | 1006/4032 [01:41<05:31,  9.12it/s, Loss=0.012367, Pos=0.012251, Vel=0.00005795]Epoch 3/200 [TRAIN]:  25%|██▌       | 1008/4032 [01:41<05:34,  9.04it/s, Loss=0.012367, Pos=0.012251, Vel=0.00005795]Epoch 3/200 [TRAIN]:  25%|██▌       | 1008/4032 [01:41<05:34,  9.04it/s, Loss=0.012357, Pos=0.012241, Vel=0.00005792]Epoch 3/200 [TRAIN]:  25%|██▌       | 1009/4032 [01:41<05:27,  9.22it/s, Loss=0.012357, Pos=0.012241, Vel=0.00005792]Epoch 3/200 [TRAIN]:  25%|██▌       | 1009/4032 [01:41<05:27,  9.22it/s, Loss=0.012357, Pos=0.012241, Vel=0.00005802]Epoch 3/200 [TRAIN]:  25%|██▌       | 1010/4032 [01:41<05:30,  9.15it/s, Loss=0.012357, Pos=0.012241, Vel=0.00005802]Epoch 3/200 [TRAIN]:  25%|██▌       | 1010/4032 [01:42<05:30,  9.15it/s, Loss=0.012406, Pos=0.012290, Vel=0.00005810]Epoch 3/200 [TRAIN]:  25%|██▌       | 1011/4032 [01:42<05:35,  9.01it/s, Loss=0.012406, Pos=0.012290, Vel=0.00005810]Epoch 3/200 [TRAIN]:  25%|██▌       | 1011/4032 [01:42<05:35,  9.01it/s, Loss=0.012396, Pos=0.012280, Vel=0.00005811]Epoch 3/200 [TRAIN]:  25%|██▌       | 1012/4032 [01:42<05:26,  9.25it/s, Loss=0.012396, Pos=0.012280, Vel=0.00005811]Epoch 3/200 [TRAIN]:  25%|██▌       | 1012/4032 [01:42<05:26,  9.25it/s, Loss=0.012409, Pos=0.012292, Vel=0.00005817]Epoch 3/200 [TRAIN]:  25%|██▌       | 1012/4032 [01:42<05:26,  9.25it/s, Loss=0.012403, Pos=0.012287, Vel=0.00005816]Epoch 3/200 [TRAIN]:  25%|██▌       | 1014/4032 [01:42<05:24,  9.29it/s, Loss=0.012403, Pos=0.012287, Vel=0.00005816]Epoch 3/200 [TRAIN]:  25%|██▌       | 1014/4032 [01:42<05:24,  9.29it/s, Loss=0.012398, Pos=0.012282, Vel=0.00005811]Epoch 3/200 [TRAIN]:  25%|██▌       | 1014/4032 [01:42<05:24,  9.29it/s, Loss=0.012395, Pos=0.012279, Vel=0.00005813]Epoch 3/200 [TRAIN]:  25%|██▌       | 1016/4032 [01:42<04:48, 10.44it/s, Loss=0.012395, Pos=0.012279, Vel=0.00005813]Epoch 3/200 [TRAIN]:  25%|██▌       | 1016/4032 [01:42<04:48, 10.44it/s, Loss=0.012390, Pos=0.012274, Vel=0.00005813]Epoch 3/200 [TRAIN]:  25%|██▌       | 1016/4032 [01:42<04:48, 10.44it/s, Loss=0.012389, Pos=0.012273, Vel=0.00005810]Epoch 3/200 [TRAIN]:  25%|██▌       | 1018/4032 [01:42<04:59, 10.06it/s, Loss=0.012389, Pos=0.012273, Vel=0.00005810]Epoch 3/200 [TRAIN]:  25%|██▌       | 1018/4032 [01:42<04:59, 10.06it/s, Loss=0.012386, Pos=0.012270, Vel=0.00005808]Epoch 3/200 [TRAIN]:  25%|██▌       | 1018/4032 [01:42<04:59, 10.06it/s, Loss=0.012382, Pos=0.012266, Vel=0.00005807]Epoch 3/200 [TRAIN]:  25%|██▌       | 1020/4032 [01:42<05:03,  9.92it/s, Loss=0.012382, Pos=0.012266, Vel=0.00005807]Epoch 3/200 [TRAIN]:  25%|██▌       | 1020/4032 [01:42<05:03,  9.92it/s, Loss=0.012375, Pos=0.012259, Vel=0.00005802]Epoch 3/200 [TRAIN]:  25%|██▌       | 1020/4032 [01:43<05:03,  9.92it/s, Loss=0.012370, Pos=0.012254, Vel=0.00005798]Epoch 3/200 [TRAIN]:  25%|██▌       | 1022/4032 [01:43<04:31, 11.09it/s, Loss=0.012370, Pos=0.012254, Vel=0.00005798]Epoch 3/200 [TRAIN]:  25%|██▌       | 1022/4032 [01:43<04:31, 11.09it/s, Loss=0.012363, Pos=0.012247, Vel=0.00005795]Epoch 3/200 [TRAIN]:  25%|██▌       | 1022/4032 [01:43<04:31, 11.09it/s, Loss=0.012358, Pos=0.012242, Vel=0.00005791]Epoch 3/200 [TRAIN]:  25%|██▌       | 1024/4032 [01:43<04:48, 10.43it/s, Loss=0.012358, Pos=0.012242, Vel=0.00005791]Epoch 3/200 [TRAIN]:  25%|██▌       | 1024/4032 [01:43<04:48, 10.43it/s, Loss=0.012352, Pos=0.012236, Vel=0.00005789]Epoch 3/200 [TRAIN]:  25%|██▌       | 1024/4032 [01:43<04:48, 10.43it/s, Loss=0.012353, Pos=0.012237, Vel=0.00005788]Epoch 3/200 [TRAIN]:  25%|██▌       | 1026/4032 [01:43<05:01,  9.96it/s, Loss=0.012353, Pos=0.012237, Vel=0.00005788]Epoch 3/200 [TRAIN]:  25%|██▌       | 1026/4032 [01:43<05:01,  9.96it/s, Loss=0.012361, Pos=0.012245, Vel=0.00005797]Epoch 3/200 [TRAIN]:  25%|██▌       | 1026/4032 [01:43<05:01,  9.96it/s, Loss=0.012361, Pos=0.012246, Vel=0.00005794]Epoch 3/200 [TRAIN]:  25%|██▌       | 1028/4032 [01:43<04:31, 11.06it/s, Loss=0.012361, Pos=0.012246, Vel=0.00005794]Epoch 3/200 [TRAIN]:  25%|██▌       | 1028/4032 [01:43<04:31, 11.06it/s, Loss=0.012354, Pos=0.012239, Vel=0.00005795]Epoch 3/200 [TRAIN]:  25%|██▌       | 1028/4032 [01:43<04:31, 11.06it/s, Loss=0.012346, Pos=0.012231, Vel=0.00005792]Epoch 3/200 [TRAIN]:  26%|██▌       | 1030/4032 [01:43<04:13, 11.83it/s, Loss=0.012346, Pos=0.012231, Vel=0.00005792]Epoch 3/200 [TRAIN]:  26%|██▌       | 1030/4032 [01:43<04:13, 11.83it/s, Loss=0.012343, Pos=0.012227, Vel=0.00005791]Epoch 3/200 [TRAIN]:  26%|██▌       | 1030/4032 [01:43<04:13, 11.83it/s, Loss=0.012333, Pos=0.012217, Vel=0.00005787]Epoch 3/200 [TRAIN]:  26%|██▌       | 1032/4032 [01:43<03:59, 12.52it/s, Loss=0.012333, Pos=0.012217, Vel=0.00005787]Epoch 3/200 [TRAIN]:  26%|██▌       | 1032/4032 [01:44<03:59, 12.52it/s, Loss=0.012325, Pos=0.012209, Vel=0.00005783]Epoch 3/200 [TRAIN]:  26%|██▌       | 1032/4032 [01:44<03:59, 12.52it/s, Loss=0.012363, Pos=0.012247, Vel=0.00005784]Epoch 3/200 [TRAIN]:  26%|██▌       | 1034/4032 [01:44<04:23, 11.36it/s, Loss=0.012363, Pos=0.012247, Vel=0.00005784]Epoch 3/200 [TRAIN]:  26%|██▌       | 1034/4032 [01:44<04:23, 11.36it/s, Loss=0.012353, Pos=0.012237, Vel=0.00005780]Epoch 3/200 [TRAIN]:  26%|██▌       | 1034/4032 [01:44<04:23, 11.36it/s, Loss=0.012347, Pos=0.012232, Vel=0.00005777]Epoch 3/200 [TRAIN]:  26%|██▌       | 1036/4032 [01:44<04:47, 10.43it/s, Loss=0.012347, Pos=0.012232, Vel=0.00005777]Epoch 3/200 [TRAIN]:  26%|██▌       | 1036/4032 [01:44<04:47, 10.43it/s, Loss=0.012339, Pos=0.012224, Vel=0.00005774]Epoch 3/200 [TRAIN]:  26%|██▌       | 1036/4032 [01:44<04:47, 10.43it/s, Loss=0.012335, Pos=0.012220, Vel=0.00005773]Epoch 3/200 [TRAIN]:  26%|██▌       | 1038/4032 [01:44<04:49, 10.35it/s, Loss=0.012335, Pos=0.012220, Vel=0.00005773]Epoch 3/200 [TRAIN]:  26%|██▌       | 1038/4032 [01:44<04:49, 10.35it/s, Loss=0.012329, Pos=0.012213, Vel=0.00005781]Epoch 3/200 [TRAIN]:  26%|██▌       | 1038/4032 [01:44<04:49, 10.35it/s, Loss=0.012321, Pos=0.012206, Vel=0.00005779]Epoch 3/200 [TRAIN]:  26%|██▌       | 1040/4032 [01:44<04:58, 10.03it/s, Loss=0.012321, Pos=0.012206, Vel=0.00005779]Epoch 3/200 [TRAIN]:  26%|██▌       | 1040/4032 [01:44<04:58, 10.03it/s, Loss=0.012316, Pos=0.012201, Vel=0.00005781]Epoch 3/200 [TRAIN]:  26%|██▌       | 1040/4032 [01:44<04:58, 10.03it/s, Loss=0.012311, Pos=0.012195, Vel=0.00005782]Epoch 3/200 [TRAIN]:  26%|██▌       | 1042/4032 [01:44<04:56, 10.07it/s, Loss=0.012311, Pos=0.012195, Vel=0.00005782]Epoch 3/200 [TRAIN]:  26%|██▌       | 1042/4032 [01:45<04:56, 10.07it/s, Loss=0.012304, Pos=0.012188, Vel=0.00005779]Epoch 3/200 [TRAIN]:  26%|██▌       | 1042/4032 [01:45<04:56, 10.07it/s, Loss=0.012314, Pos=0.012199, Vel=0.00005778]Epoch 3/200 [TRAIN]:  26%|██▌       | 1044/4032 [01:45<04:58, 10.00it/s, Loss=0.012314, Pos=0.012199, Vel=0.00005778]Epoch 3/200 [TRAIN]:  26%|██▌       | 1044/4032 [01:45<04:58, 10.00it/s, Loss=0.012312, Pos=0.012197, Vel=0.00005780]Epoch 3/200 [TRAIN]:  26%|██▌       | 1044/4032 [01:45<04:58, 10.00it/s, Loss=0.012308, Pos=0.012193, Vel=0.00005788]Epoch 3/200 [TRAIN]:  26%|██▌       | 1046/4032 [01:45<04:52, 10.21it/s, Loss=0.012308, Pos=0.012193, Vel=0.00005788]Epoch 3/200 [TRAIN]:  26%|██▌       | 1046/4032 [01:45<04:52, 10.21it/s, Loss=0.012307, Pos=0.012191, Vel=0.00005793]Epoch 3/200 [TRAIN]:  26%|██▌       | 1046/4032 [01:45<04:52, 10.21it/s, Loss=0.012312, Pos=0.012196, Vel=0.00005797]Epoch 3/200 [TRAIN]:  26%|██▌       | 1048/4032 [01:45<05:00,  9.92it/s, Loss=0.012312, Pos=0.012196, Vel=0.00005797]Epoch 3/200 [TRAIN]:  26%|██▌       | 1048/4032 [01:45<05:00,  9.92it/s, Loss=0.012307, Pos=0.012192, Vel=0.00005794]Epoch 3/200 [TRAIN]:  26%|██▌       | 1048/4032 [01:45<05:00,  9.92it/s, Loss=0.012303, Pos=0.012187, Vel=0.00005794]Epoch 3/200 [TRAIN]:  26%|██▌       | 1050/4032 [01:45<04:48, 10.33it/s, Loss=0.012303, Pos=0.012187, Vel=0.00005794]Epoch 3/200 [TRAIN]:  26%|██▌       | 1050/4032 [01:45<04:48, 10.33it/s, Loss=0.012307, Pos=0.012191, Vel=0.00005794]Epoch 3/200 [TRAIN]:  26%|██▌       | 1050/4032 [01:45<04:48, 10.33it/s, Loss=0.012299, Pos=0.012183, Vel=0.00005792]Epoch 3/200 [TRAIN]:  26%|██▌       | 1052/4032 [01:45<05:00,  9.92it/s, Loss=0.012299, Pos=0.012183, Vel=0.00005792]Epoch 3/200 [TRAIN]:  26%|██▌       | 1052/4032 [01:46<05:00,  9.92it/s, Loss=0.012293, Pos=0.012177, Vel=0.00005788]Epoch 3/200 [TRAIN]:  26%|██▌       | 1052/4032 [01:46<05:00,  9.92it/s, Loss=0.012287, Pos=0.012171, Vel=0.00005790]Epoch 3/200 [TRAIN]:  26%|██▌       | 1054/4032 [01:46<05:10,  9.58it/s, Loss=0.012287, Pos=0.012171, Vel=0.00005790]Epoch 3/200 [TRAIN]:  26%|██▌       | 1054/4032 [01:46<05:10,  9.58it/s, Loss=0.012292, Pos=0.012176, Vel=0.00005787]Epoch 3/200 [TRAIN]:  26%|██▌       | 1054/4032 [01:46<05:10,  9.58it/s, Loss=0.012285, Pos=0.012169, Vel=0.00005785]Epoch 3/200 [TRAIN]:  26%|██▌       | 1056/4032 [01:46<05:00,  9.91it/s, Loss=0.012285, Pos=0.012169, Vel=0.00005785]Epoch 3/200 [TRAIN]:  26%|██▌       | 1056/4032 [01:46<05:00,  9.91it/s, Loss=0.012278, Pos=0.012162, Vel=0.00005783]Epoch 3/200 [TRAIN]:  26%|██▌       | 1056/4032 [01:46<05:00,  9.91it/s, Loss=0.012270, Pos=0.012155, Vel=0.00005779]Epoch 3/200 [TRAIN]:  26%|██▌       | 1058/4032 [01:46<04:50, 10.25it/s, Loss=0.012270, Pos=0.012155, Vel=0.00005779]Epoch 3/200 [TRAIN]:  26%|██▌       | 1058/4032 [01:46<04:50, 10.25it/s, Loss=0.012266, Pos=0.012151, Vel=0.00005781]Epoch 3/200 [TRAIN]:  26%|██▌       | 1058/4032 [01:46<04:50, 10.25it/s, Loss=0.012261, Pos=0.012145, Vel=0.00005788]Epoch 3/200 [TRAIN]:  26%|██▋       | 1060/4032 [01:46<05:02,  9.83it/s, Loss=0.012261, Pos=0.012145, Vel=0.00005788]Epoch 3/200 [TRAIN]:  26%|██▋       | 1060/4032 [01:46<05:02,  9.83it/s, Loss=0.012252, Pos=0.012137, Vel=0.00005787]Epoch 3/200 [TRAIN]:  26%|██▋       | 1060/4032 [01:46<05:02,  9.83it/s, Loss=0.012253, Pos=0.012138, Vel=0.00005785]Epoch 3/200 [TRAIN]:  26%|██▋       | 1062/4032 [01:46<05:06,  9.69it/s, Loss=0.012253, Pos=0.012138, Vel=0.00005785]Epoch 3/200 [TRAIN]:  26%|██▋       | 1062/4032 [01:47<05:06,  9.69it/s, Loss=0.012246, Pos=0.012130, Vel=0.00005781]Epoch 3/200 [TRAIN]:  26%|██▋       | 1062/4032 [01:47<05:06,  9.69it/s, Loss=0.012244, Pos=0.012128, Vel=0.00005779]Epoch 3/200 [TRAIN]:  26%|██▋       | 1064/4032 [01:47<05:10,  9.55it/s, Loss=0.012244, Pos=0.012128, Vel=0.00005779]Epoch 3/200 [TRAIN]:  26%|██▋       | 1064/4032 [01:47<05:10,  9.55it/s, Loss=0.012238, Pos=0.012123, Vel=0.00005775]Epoch 3/200 [TRAIN]:  26%|██▋       | 1065/4032 [01:47<05:09,  9.58it/s, Loss=0.012238, Pos=0.012123, Vel=0.00005775]Epoch 3/200 [TRAIN]:  26%|██▋       | 1065/4032 [01:47<05:09,  9.58it/s, Loss=0.012236, Pos=0.012121, Vel=0.00005789]Epoch 3/200 [TRAIN]:  26%|██▋       | 1065/4032 [01:47<05:09,  9.58it/s, Loss=0.012227, Pos=0.012112, Vel=0.00005787]Epoch 3/200 [TRAIN]:  26%|██▋       | 1067/4032 [01:47<05:10,  9.53it/s, Loss=0.012227, Pos=0.012112, Vel=0.00005787]Epoch 3/200 [TRAIN]:  26%|██▋       | 1067/4032 [01:47<05:10,  9.53it/s, Loss=0.012221, Pos=0.012105, Vel=0.00005794]Epoch 3/200 [TRAIN]:  26%|██▋       | 1067/4032 [01:47<05:10,  9.53it/s, Loss=0.012222, Pos=0.012106, Vel=0.00005791]Epoch 3/200 [TRAIN]:  27%|██▋       | 1069/4032 [01:47<05:12,  9.47it/s, Loss=0.012222, Pos=0.012106, Vel=0.00005791]Epoch 3/200 [TRAIN]:  27%|██▋       | 1069/4032 [01:47<05:12,  9.47it/s, Loss=0.012225, Pos=0.012108, Vel=0.00005805]Epoch 3/200 [TRAIN]:  27%|██▋       | 1069/4032 [01:47<05:12,  9.47it/s, Loss=0.012227, Pos=0.012111, Vel=0.00005809]Epoch 3/200 [TRAIN]:  27%|██▋       | 1071/4032 [01:47<05:12,  9.49it/s, Loss=0.012227, Pos=0.012111, Vel=0.00005809]Epoch 3/200 [TRAIN]:  27%|██▋       | 1071/4032 [01:48<05:12,  9.49it/s, Loss=0.012235, Pos=0.012119, Vel=0.00005809]Epoch 3/200 [TRAIN]:  27%|██▋       | 1071/4032 [01:48<05:12,  9.49it/s, Loss=0.012244, Pos=0.012128, Vel=0.00005813]Epoch 3/200 [TRAIN]:  27%|██▋       | 1073/4032 [01:48<05:02,  9.78it/s, Loss=0.012244, Pos=0.012128, Vel=0.00005813]Epoch 3/200 [TRAIN]:  27%|██▋       | 1073/4032 [01:48<05:02,  9.78it/s, Loss=0.012239, Pos=0.012123, Vel=0.00005809]Epoch 3/200 [TRAIN]:  27%|██▋       | 1073/4032 [01:48<05:02,  9.78it/s, Loss=0.012231, Pos=0.012114, Vel=0.00005808]Epoch 3/200 [TRAIN]:  27%|██▋       | 1075/4032 [01:48<05:01,  9.80it/s, Loss=0.012231, Pos=0.012114, Vel=0.00005808]Epoch 3/200 [TRAIN]:  27%|██▋       | 1075/4032 [01:48<05:01,  9.80it/s, Loss=0.012231, Pos=0.012115, Vel=0.00005811]Epoch 3/200 [TRAIN]:  27%|██▋       | 1076/4032 [01:48<05:06,  9.63it/s, Loss=0.012231, Pos=0.012115, Vel=0.00005811]Epoch 3/200 [TRAIN]:  27%|██▋       | 1076/4032 [01:48<05:06,  9.63it/s, Loss=0.012221, Pos=0.012105, Vel=0.00005809]Epoch 3/200 [TRAIN]:  27%|██▋       | 1077/4032 [01:48<05:04,  9.70it/s, Loss=0.012221, Pos=0.012105, Vel=0.00005809]Epoch 3/200 [TRAIN]:  27%|██▋       | 1077/4032 [01:48<05:04,  9.70it/s, Loss=0.012224, Pos=0.012108, Vel=0.00005810]Epoch 3/200 [TRAIN]:  27%|██▋       | 1078/4032 [01:48<05:12,  9.45it/s, Loss=0.012224, Pos=0.012108, Vel=0.00005810]Epoch 3/200 [TRAIN]:  27%|██▋       | 1078/4032 [01:48<05:12,  9.45it/s, Loss=0.012220, Pos=0.012103, Vel=0.00005813]Epoch 3/200 [TRAIN]:  27%|██▋       | 1078/4032 [01:48<05:12,  9.45it/s, Loss=0.012225, Pos=0.012108, Vel=0.00005814]Epoch 3/200 [TRAIN]:  27%|██▋       | 1080/4032 [01:48<05:11,  9.47it/s, Loss=0.012225, Pos=0.012108, Vel=0.00005814]Epoch 3/200 [TRAIN]:  27%|██▋       | 1080/4032 [01:48<05:11,  9.47it/s, Loss=0.012223, Pos=0.012107, Vel=0.00005817]Epoch 3/200 [TRAIN]:  27%|██▋       | 1080/4032 [01:49<05:11,  9.47it/s, Loss=0.012217, Pos=0.012101, Vel=0.00005813]Epoch 3/200 [TRAIN]:  27%|██▋       | 1082/4032 [01:49<05:14,  9.39it/s, Loss=0.012217, Pos=0.012101, Vel=0.00005813]Epoch 3/200 [TRAIN]:  27%|██▋       | 1082/4032 [01:49<05:14,  9.39it/s, Loss=0.012216, Pos=0.012100, Vel=0.00005816]Epoch 3/200 [TRAIN]:  27%|██▋       | 1082/4032 [01:49<05:14,  9.39it/s, Loss=0.012208, Pos=0.012091, Vel=0.00005816]Epoch 3/200 [TRAIN]:  27%|██▋       | 1084/4032 [01:49<05:14,  9.37it/s, Loss=0.012208, Pos=0.012091, Vel=0.00005816]Epoch 3/200 [TRAIN]:  27%|██▋       | 1084/4032 [01:49<05:14,  9.37it/s, Loss=0.012205, Pos=0.012089, Vel=0.00005816]Epoch 3/200 [TRAIN]:  27%|██▋       | 1085/4032 [01:49<05:12,  9.43it/s, Loss=0.012205, Pos=0.012089, Vel=0.00005816]Epoch 3/200 [TRAIN]:  27%|██▋       | 1085/4032 [01:49<05:12,  9.43it/s, Loss=0.012207, Pos=0.012091, Vel=0.00005814]Epoch 3/200 [TRAIN]:  27%|██▋       | 1086/4032 [01:49<05:15,  9.33it/s, Loss=0.012207, Pos=0.012091, Vel=0.00005814]Epoch 3/200 [TRAIN]:  27%|██▋       | 1086/4032 [01:49<05:15,  9.33it/s, Loss=0.012210, Pos=0.012094, Vel=0.00005815]Epoch 3/200 [TRAIN]:  27%|██▋       | 1087/4032 [01:49<05:12,  9.44it/s, Loss=0.012210, Pos=0.012094, Vel=0.00005815]Epoch 3/200 [TRAIN]:  27%|██▋       | 1087/4032 [01:49<05:12,  9.44it/s, Loss=0.012230, Pos=0.012113, Vel=0.00005835]Epoch 3/200 [TRAIN]:  27%|██▋       | 1088/4032 [01:49<05:12,  9.43it/s, Loss=0.012230, Pos=0.012113, Vel=0.00005835]Epoch 3/200 [TRAIN]:  27%|██▋       | 1088/4032 [01:49<05:12,  9.43it/s, Loss=0.012227, Pos=0.012110, Vel=0.00005839]Epoch 3/200 [TRAIN]:  27%|██▋       | 1089/4032 [01:49<05:19,  9.22it/s, Loss=0.012227, Pos=0.012110, Vel=0.00005839]Epoch 3/200 [TRAIN]:  27%|██▋       | 1089/4032 [01:49<05:19,  9.22it/s, Loss=0.012224, Pos=0.012108, Vel=0.00005840]Epoch 3/200 [TRAIN]:  27%|██▋       | 1089/4032 [01:50<05:19,  9.22it/s, Loss=0.012219, Pos=0.012102, Vel=0.00005839]Epoch 3/200 [TRAIN]:  27%|██▋       | 1091/4032 [01:50<05:18,  9.25it/s, Loss=0.012219, Pos=0.012102, Vel=0.00005839]Epoch 3/200 [TRAIN]:  27%|██▋       | 1091/4032 [01:50<05:18,  9.25it/s, Loss=0.012216, Pos=0.012099, Vel=0.00005842]Epoch 3/200 [TRAIN]:  27%|██▋       | 1092/4032 [01:50<05:25,  9.02it/s, Loss=0.012216, Pos=0.012099, Vel=0.00005842]Epoch 3/200 [TRAIN]:  27%|██▋       | 1092/4032 [01:50<05:25,  9.02it/s, Loss=0.012207, Pos=0.012090, Vel=0.00005839]Epoch 3/200 [TRAIN]:  27%|██▋       | 1092/4032 [01:50<05:25,  9.02it/s, Loss=0.012224, Pos=0.012107, Vel=0.00005854]Epoch 3/200 [TRAIN]:  27%|██▋       | 1094/4032 [01:50<05:19,  9.18it/s, Loss=0.012224, Pos=0.012107, Vel=0.00005854]Epoch 3/200 [TRAIN]:  27%|██▋       | 1094/4032 [01:50<05:19,  9.18it/s, Loss=0.012226, Pos=0.012109, Vel=0.00005853]Epoch 3/200 [TRAIN]:  27%|██▋       | 1095/4032 [01:50<05:20,  9.17it/s, Loss=0.012226, Pos=0.012109, Vel=0.00005853]Epoch 3/200 [TRAIN]:  27%|██▋       | 1095/4032 [01:50<05:20,  9.17it/s, Loss=0.012217, Pos=0.012100, Vel=0.00005850]Epoch 3/200 [TRAIN]:  27%|██▋       | 1096/4032 [01:50<05:25,  9.01it/s, Loss=0.012217, Pos=0.012100, Vel=0.00005850]Epoch 3/200 [TRAIN]:  27%|██▋       | 1096/4032 [01:50<05:25,  9.01it/s, Loss=0.012225, Pos=0.012108, Vel=0.00005854]Epoch 3/200 [TRAIN]:  27%|██▋       | 1096/4032 [01:50<05:25,  9.01it/s, Loss=0.012225, Pos=0.012108, Vel=0.00005851]Epoch 3/200 [TRAIN]:  27%|██▋       | 1098/4032 [01:50<05:19,  9.18it/s, Loss=0.012225, Pos=0.012108, Vel=0.00005851]Epoch 3/200 [TRAIN]:  27%|██▋       | 1098/4032 [01:50<05:19,  9.18it/s, Loss=0.012216, Pos=0.012099, Vel=0.00005850]Epoch 3/200 [TRAIN]:  27%|██▋       | 1099/4032 [01:50<05:25,  9.01it/s, Loss=0.012216, Pos=0.012099, Vel=0.00005850]Epoch 3/200 [TRAIN]:  27%|██▋       | 1099/4032 [01:50<05:25,  9.01it/s, Loss=0.012282, Pos=0.012165, Vel=0.00005847]Epoch 3/200 [TRAIN]:  27%|██▋       | 1099/4032 [01:51<05:25,  9.01it/s, Loss=0.012283, Pos=0.012166, Vel=0.00005843]Epoch 3/200 [TRAIN]:  27%|██▋       | 1099/4032 [01:51<05:25,  9.01it/s, Loss=0.012354, Pos=0.012237, Vel=0.00005845]Epoch 3/200 [TRAIN]:  27%|██▋       | 1102/4032 [01:51<04:21, 11.21it/s, Loss=0.012354, Pos=0.012237, Vel=0.00005845]Epoch 3/200 [TRAIN]:  27%|██▋       | 1102/4032 [01:51<04:21, 11.21it/s, Loss=0.012358, Pos=0.012241, Vel=0.00005848]Epoch 3/200 [TRAIN]:  27%|██▋       | 1102/4032 [01:51<04:21, 11.21it/s, Loss=0.012354, Pos=0.012238, Vel=0.00005843]Epoch 3/200 [TRAIN]:  27%|██▋       | 1104/4032 [01:51<04:35, 10.63it/s, Loss=0.012354, Pos=0.012238, Vel=0.00005843]Epoch 3/200 [TRAIN]:  27%|██▋       | 1104/4032 [01:51<04:35, 10.63it/s, Loss=0.012347, Pos=0.012230, Vel=0.00005840]Epoch 3/200 [TRAIN]:  27%|██▋       | 1104/4032 [01:51<04:35, 10.63it/s, Loss=0.012338, Pos=0.012221, Vel=0.00005836]Epoch 3/200 [TRAIN]:  27%|██▋       | 1106/4032 [01:51<04:53,  9.97it/s, Loss=0.012338, Pos=0.012221, Vel=0.00005836]Epoch 3/200 [TRAIN]:  27%|██▋       | 1106/4032 [01:51<04:53,  9.97it/s, Loss=0.012328, Pos=0.012211, Vel=0.00005833]Epoch 3/200 [TRAIN]:  27%|██▋       | 1107/4032 [01:51<04:54,  9.95it/s, Loss=0.012328, Pos=0.012211, Vel=0.00005833]Epoch 3/200 [TRAIN]:  27%|██▋       | 1107/4032 [01:51<04:54,  9.95it/s, Loss=0.012320, Pos=0.012203, Vel=0.00005832]Epoch 3/200 [TRAIN]:  27%|██▋       | 1108/4032 [01:51<05:02,  9.68it/s, Loss=0.012320, Pos=0.012203, Vel=0.00005832]Epoch 3/200 [TRAIN]:  27%|██▋       | 1108/4032 [01:51<05:02,  9.68it/s, Loss=0.012312, Pos=0.012195, Vel=0.00005831]Epoch 3/200 [TRAIN]:  28%|██▊       | 1109/4032 [01:51<05:10,  9.40it/s, Loss=0.012312, Pos=0.012195, Vel=0.00005831]Epoch 3/200 [TRAIN]:  28%|██▊       | 1109/4032 [01:52<05:10,  9.40it/s, Loss=0.012306, Pos=0.012189, Vel=0.00005835]Epoch 3/200 [TRAIN]:  28%|██▊       | 1110/4032 [01:52<05:16,  9.24it/s, Loss=0.012306, Pos=0.012189, Vel=0.00005835]Epoch 3/200 [TRAIN]:  28%|██▊       | 1110/4032 [01:52<05:16,  9.24it/s, Loss=0.012312, Pos=0.012195, Vel=0.00005833]Epoch 3/200 [TRAIN]:  28%|██▊       | 1111/4032 [01:52<05:10,  9.42it/s, Loss=0.012312, Pos=0.012195, Vel=0.00005833]Epoch 3/200 [TRAIN]:  28%|██▊       | 1111/4032 [01:52<05:10,  9.42it/s, Loss=0.012302, Pos=0.012186, Vel=0.00005829]Epoch 3/200 [TRAIN]:  28%|██▊       | 1112/4032 [01:52<05:05,  9.56it/s, Loss=0.012302, Pos=0.012186, Vel=0.00005829]Epoch 3/200 [TRAIN]:  28%|██▊       | 1112/4032 [01:52<05:05,  9.56it/s, Loss=0.012307, Pos=0.012190, Vel=0.00005829]Epoch 3/200 [TRAIN]:  28%|██▊       | 1113/4032 [01:52<05:10,  9.39it/s, Loss=0.012307, Pos=0.012190, Vel=0.00005829]Epoch 3/200 [TRAIN]:  28%|██▊       | 1113/4032 [01:52<05:10,  9.39it/s, Loss=0.012329, Pos=0.012212, Vel=0.00005863]Epoch 3/200 [TRAIN]:  28%|██▊       | 1113/4032 [01:52<05:10,  9.39it/s, Loss=0.012322, Pos=0.012204, Vel=0.00005860]Epoch 3/200 [TRAIN]:  28%|██▊       | 1115/4032 [01:52<04:52,  9.98it/s, Loss=0.012322, Pos=0.012204, Vel=0.00005860]Epoch 3/200 [TRAIN]:  28%|██▊       | 1115/4032 [01:52<04:52,  9.98it/s, Loss=0.012311, Pos=0.012194, Vel=0.00005856]Epoch 3/200 [TRAIN]:  28%|██▊       | 1116/4032 [01:52<04:52,  9.97it/s, Loss=0.012311, Pos=0.012194, Vel=0.00005856]Epoch 3/200 [TRAIN]:  28%|██▊       | 1116/4032 [01:52<04:52,  9.97it/s, Loss=0.012314, Pos=0.012197, Vel=0.00005854]Epoch 3/200 [TRAIN]:  28%|██▊       | 1117/4032 [01:52<05:07,  9.48it/s, Loss=0.012314, Pos=0.012197, Vel=0.00005854]Epoch 3/200 [TRAIN]:  28%|██▊       | 1117/4032 [01:52<05:07,  9.48it/s, Loss=0.012309, Pos=0.012192, Vel=0.00005852]Epoch 3/200 [TRAIN]:  28%|██▊       | 1117/4032 [01:52<05:07,  9.48it/s, Loss=0.012301, Pos=0.012184, Vel=0.00005849]Epoch 3/200 [TRAIN]:  28%|██▊       | 1119/4032 [01:52<05:01,  9.65it/s, Loss=0.012301, Pos=0.012184, Vel=0.00005849]Epoch 3/200 [TRAIN]:  28%|██▊       | 1119/4032 [01:53<05:01,  9.65it/s, Loss=0.012295, Pos=0.012178, Vel=0.00005845]Epoch 3/200 [TRAIN]:  28%|██▊       | 1120/4032 [01:53<05:04,  9.55it/s, Loss=0.012295, Pos=0.012178, Vel=0.00005845]Epoch 3/200 [TRAIN]:  28%|██▊       | 1120/4032 [01:53<05:04,  9.55it/s, Loss=0.012297, Pos=0.012180, Vel=0.00005844]Epoch 3/200 [TRAIN]:  28%|██▊       | 1121/4032 [01:53<05:13,  9.29it/s, Loss=0.012297, Pos=0.012180, Vel=0.00005844]Epoch 3/200 [TRAIN]:  28%|██▊       | 1121/4032 [01:53<05:13,  9.29it/s, Loss=0.012304, Pos=0.012187, Vel=0.00005856]Epoch 3/200 [TRAIN]:  28%|██▊       | 1121/4032 [01:53<05:13,  9.29it/s, Loss=0.012302, Pos=0.012185, Vel=0.00005853]Epoch 3/200 [TRAIN]:  28%|██▊       | 1123/4032 [01:53<04:06, 11.82it/s, Loss=0.012302, Pos=0.012185, Vel=0.00005853]Epoch 3/200 [TRAIN]:  28%|██▊       | 1123/4032 [01:53<04:06, 11.82it/s, Loss=0.012293, Pos=0.012176, Vel=0.00005850]